[2026-01-24 15:04:18,890] - [root] - [INFO] - leaf_correlation_mw.py
[2026-01-24 15:04:18,891] - [root] - [INFO] - model_type       : ResNet
[2026-01-24 15:04:18,891] - [root] - [INFO] - pretrained       : True
[2026-01-24 15:04:18,891] - [root] - [INFO] - loading_epoch    : 59
[2026-01-24 15:04:18,891] - [root] - [INFO] - timestamp        : Feb14_15-53-04_2024
[2026-01-24 15:04:18,892] - [root] - [INFO] - outdim           : 2
[2026-01-24 15:04:18,892] - [root] - [INFO] - dual_head        : False
[2026-01-24 15:04:18,892] - [root] - [INFO] - model_path       : ../..
[2026-01-24 15:04:18,892] - [root] - [INFO] - step_size        : 224
[2026-01-24 15:04:18,892] - [root] - [INFO] - means            : [0.541, 0.6371, 0.4188]
[2026-01-24 15:04:18,892] - [root] - [INFO] - stds             : [0.1764, 0.165, 0.2326]
[2026-01-24 15:04:18,893] - [root] - [INFO] - target_class     : 1
[2026-01-24 15:04:18,893] - [root] - [INFO] - contam_control   : False
[2026-01-24 15:04:18,893] - [root] - [INFO] - spor_th          : None
[2026-01-24 15:04:18,893] - [root] - [INFO] - inf_gate         : None
[2026-01-24 15:04:18,893] - [root] - [INFO] - pm               : HPM-1269
[2026-01-24 15:04:18,893] - [root] - [INFO] - mps              : False
[2026-01-24 15:04:18,893] - [root] - [INFO] - cuda             : True
[2026-01-24 15:04:18,893] - [root] - [INFO] - cuda_id          : 0
[2026-01-24 15:04:18,893] - [root] - [INFO] - sal_threshold    : 0.5
[2026-01-24 15:04:18,893] - [root] - [INFO] - up_threshold     : 0.8
[2026-01-24 15:04:18,893] - [root] - [INFO] - down_threshold   : 0.1
[2026-01-24 15:04:18,893] - [root] - [INFO] - dataset_path     : C:/Users/Intel User/Desktop/blackbird_scripts/data/human_disk_assessments
[2026-01-24 15:04:18,893] - [root] - [INFO] - img_folder       : 1-22-2026
[2026-01-24 15:04:18,894] - [root] - [INFO] - platform         : BlackBird
[2026-01-24 15:04:18,894] - [root] - [INFO] - threshold        : ['0.7']
[2026-01-24 15:04:18,894] - [root] - [INFO] - log              : ../../results/logs/random.log
[2026-01-24 15:04:18,894] - [root] - [INFO] - dpi              : 5
[2026-01-24 15:04:18,894] - [root] - [INFO] - group            : baseline
[2026-01-24 15:04:18,894] - [root] - [INFO] - trays            : ['5dpi']
[2026-01-24 15:04:18,894] - [root] - [INFO] - sal_gradcam      : False
[2026-01-24 15:04:18,894] - [root] - [INFO] - sal_gradient     : True
[2026-01-24 15:04:18,894] - [root] - [INFO] - sal_smoothgrad   : False
[2026-01-24 15:04:18,894] - [root] - [INFO] - sal_deeplift     : False
[2026-01-24 15:04:18,894] - [root] - [INFO] - sal_thresh_method : fixed
[2026-01-24 15:04:18,894] - [root] - [INFO] - sal_thresh_p     : 95.0
[2026-01-24 15:04:20,371] - [root] - [INFO] - -------------------------------------------
[2026-01-24 15:04:20,371] - [root] - [INFO] - Processing 1-22-2026 5dpi 005-W2021011-592_R2.png
[2026-01-24 15:04:42,223] - [root] - [INFO] - Finished loading mask: 0m 21s
[2026-01-24 15:04:54,669] - [root] - [INFO] - Finished crop and inference: 0m 34s
[2026-01-24 15:04:58,006] - [root] - [INFO] - Analysis finished: 0m 37s
[2026-01-24 15:04:58,007] - [root] - [INFO] - -------------------------------------------
[2026-01-24 15:04:58,007] - [root] - [INFO] - -------------------------------------------
[2026-01-24 15:04:58,007] - [root] - [INFO] - Processing 1-22-2026 5dpi 022-W2021009-198_R2.png
[2026-01-24 15:05:19,670] - [root] - [INFO] - Finished loading mask: 0m 21s
[2026-01-24 15:05:32,852] - [root] - [INFO] - Finished crop and inference: 0m 34s
[2026-01-24 15:05:35,006] - [root] - [INFO] - Analysis finished: 0m 36s
[2026-01-24 15:05:35,006] - [root] - [INFO] - -------------------------------------------
[2026-01-24 15:05:35,006] - [root] - [INFO] - -------------------------------------------
[2026-01-24 15:05:35,006] - [root] - [INFO] - Processing 1-22-2026 5dpi 047-W2021011-482_R1.png
[2026-01-24 15:05:57,176] - [root] - [INFO] - Finished loading mask: 0m 22s
[2026-01-24 15:06:15,499] - [root] - [INFO] - Finished crop and inference: 0m 40s
[2026-01-24 15:06:17,308] - [root] - [INFO] - Analysis finished: 0m 42s
[2026-01-24 15:06:17,309] - [root] - [INFO] - -------------------------------------------
[2026-01-24 15:06:17,309] - [root] - [INFO] - -------------------------------------------
[2026-01-24 15:06:17,309] - [root] - [INFO] - Processing 1-22-2026 5dpi 055-W2021010-397_R2.png
[2026-01-24 15:06:39,127] - [root] - [INFO] - Finished loading mask: 0m 21s
[2026-01-24 15:06:52,996] - [root] - [INFO] - Finished crop and inference: 0m 35s
[2026-01-24 15:06:54,535] - [root] - [INFO] - Analysis finished: 0m 37s
[2026-01-24 15:06:54,536] - [root] - [INFO] - -------------------------------------------
[2026-01-24 15:06:54,536] - [root] - [INFO] - -------------------------------------------
[2026-01-24 15:06:54,536] - [root] - [INFO] - Processing 1-22-2026 5dpi 121-W2021009-185_R1.png
[2026-01-24 15:07:17,012] - [root] - [INFO] - Finished loading mask: 0m 22s
[2026-01-24 15:07:28,115] - [root] - [INFO] - Finished crop and inference: 0m 33s
[2026-01-24 15:07:29,499] - [root] - [INFO] - Analysis finished: 0m 34s
[2026-01-24 15:07:29,500] - [root] - [INFO] - -------------------------------------------
[2026-01-24 15:07:29,500] - [root] - [INFO] - -------------------------------------------
[2026-01-24 15:07:29,500] - [root] - [INFO] - Processing 1-22-2026 5dpi 128-W2021006-013_R1.png
[2026-01-24 15:07:52,094] - [root] - [INFO] - Finished loading mask: 0m 22s
[2026-01-24 15:08:15,191] - [root] - [INFO] - Finished crop and inference: 0m 45s
[2026-01-24 15:08:16,589] - [root] - [INFO] - Analysis finished: 0m 47s
[2026-01-24 15:08:16,589] - [root] - [INFO] - -------------------------------------------
[2026-01-24 15:08:16,589] - [root] - [INFO] - -------------------------------------------
[2026-01-24 15:08:16,590] - [root] - [INFO] - Processing 1-22-2026 5dpi 149-W2021010-417_R1.png
[2026-01-24 15:08:39,167] - [root] - [INFO] - Finished loading mask: 0m 22s
[2026-01-24 15:08:52,763] - [root] - [INFO] - Finished crop and inference: 0m 36s
[2026-01-24 15:08:54,172] - [root] - [INFO] - Analysis finished: 0m 37s
[2026-01-24 15:08:54,172] - [root] - [INFO] - -------------------------------------------
[2026-01-24 15:08:54,173] - [root] - [INFO] - -------------------------------------------
[2026-01-24 15:08:54,173] - [root] - [INFO] - Processing 1-22-2026 5dpi 156-W2021009-276_R2.png
[2026-01-24 15:09:16,351] - [root] - [INFO] - Finished loading mask: 0m 22s
[2026-01-24 15:09:30,307] - [root] - [INFO] - Finished crop and inference: 0m 36s
[2026-01-24 15:09:31,682] - [root] - [INFO] - Analysis finished: 0m 37s
[2026-01-24 15:09:31,682] - [root] - [INFO] - -------------------------------------------
[2026-01-24 15:09:31,682] - [root] - [INFO] - -------------------------------------------
[2026-01-24 15:09:31,682] - [root] - [INFO] - Processing 1-22-2026 5dpi 172-W2021011-557_R2.png
[2026-01-24 15:09:54,067] - [root] - [INFO] - Finished loading mask: 0m 22s
[2026-01-24 15:10:07,480] - [root] - [INFO] - Finished crop and inference: 0m 35s
[2026-01-24 15:10:08,854] - [root] - [INFO] - Analysis finished: 0m 37s
[2026-01-24 15:10:08,854] - [root] - [INFO] - -------------------------------------------
[2026-01-24 15:10:08,854] - [root] - [INFO] - -------------------------------------------
[2026-01-24 15:10:08,854] - [root] - [INFO] - Processing 1-22-2026 5dpi 180-W2021011-476_R2.png
[2026-01-24 15:10:31,311] - [root] - [INFO] - Finished loading mask: 0m 22s
[2026-01-24 15:10:48,943] - [root] - [INFO] - Finished crop and inference: 0m 40s
[2026-01-24 15:10:50,373] - [root] - [INFO] - Analysis finished: 0m 41s
[2026-01-24 15:10:50,373] - [root] - [INFO] - -------------------------------------------
[2026-01-24 15:10:50,373] - [root] - [INFO] - -------------------------------------------
[2026-01-24 15:10:50,375] - [root] - [INFO] - Processing 1-22-2026 5dpi 183-W2021009-295_R1.png
[2026-01-24 15:11:12,564] - [root] - [INFO] - Finished loading mask: 0m 22s
[2026-01-24 15:11:22,465] - [root] - [INFO] - Finished crop and inference: 0m 32s
[2026-01-24 15:11:23,832] - [root] - [INFO] - Analysis finished: 0m 33s
[2026-01-24 15:11:23,833] - [root] - [INFO] - -------------------------------------------
[2026-01-24 15:11:23,833] - [root] - [INFO] - -------------------------------------------
[2026-01-24 15:11:23,833] - [root] - [INFO] - Processing 1-22-2026 5dpi 187-W2021010-348_R2.png
[2026-01-24 15:11:46,535] - [root] - [INFO] - Finished loading mask: 0m 22s
[2026-01-24 15:12:06,087] - [root] - [INFO] - Finished crop and inference: 0m 42s
[2026-01-24 15:12:07,421] - [root] - [INFO] - Analysis finished: 0m 43s
[2026-01-24 15:12:07,422] - [root] - [INFO] - -------------------------------------------
[2026-01-24 15:12:07,422] - [root] - [INFO] - -------------------------------------------
[2026-01-24 15:12:07,422] - [root] - [INFO] - Processing 1-22-2026 5dpi 206-W2021010-344_R1.png
[2026-01-24 15:12:30,263] - [root] - [INFO] - Finished loading mask: 0m 22s
[2026-01-24 15:12:39,599] - [root] - [INFO] - Finished crop and inference: 0m 32s
[2026-01-24 15:12:40,895] - [root] - [INFO] - Analysis finished: 0m 33s
[2026-01-24 15:12:40,895] - [root] - [INFO] - -------------------------------------------
[2026-01-24 15:12:40,895] - [root] - [INFO] - -------------------------------------------
[2026-01-24 15:12:40,895] - [root] - [INFO] - Processing 1-22-2026 5dpi 208-W2021009-268_R2.png
[2026-01-24 15:13:03,531] - [root] - [INFO] - Finished loading mask: 0m 22s
[2026-01-24 15:13:18,410] - [root] - [INFO] - Finished crop and inference: 0m 37s
[2026-01-24 15:13:19,814] - [root] - [INFO] - Analysis finished: 0m 38s
[2026-01-24 15:13:19,815] - [root] - [INFO] - -------------------------------------------
[2026-01-24 15:13:19,815] - [root] - [INFO] - -------------------------------------------
[2026-01-24 15:13:19,815] - [root] - [INFO] - Processing 1-22-2026 5dpi 254-W2021010-352_R2.png
[2026-01-24 15:13:42,231] - [root] - [INFO] - Finished loading mask: 0m 22s
[2026-01-24 15:13:50,137] - [root] - [INFO] - Finished crop and inference: 0m 30s
[2026-01-24 15:13:51,293] - [root] - [INFO] - Analysis finished: 0m 31s
[2026-01-24 15:13:51,293] - [root] - [INFO] - -------------------------------------------
[2026-01-24 15:13:51,317] - [root] - [INFO] - Saved C:\Users\Intel User\Desktop\blackbird_scripts\data\Results\ResNet_upth0.8_downth0.1_Feb14_15-53-04_2024\1-22-2026\th_0.7\severity_rate_tray_5dpi_u0.8_d0.1_ig0.1_sp0.8_20260124_151319.csv
WARNING: outdim>=2 but dual_head flag not set. If you're using a dual-head model, please set --dual_head.
             timestamp time_elapsed  ... severity_rate_patch Gradient_sr2
0  2026-01-24 15:04:20       0m 37s  ...                0.87         0.02

[1 rows x 22 columns]
             timestamp time_elapsed  ... severity_rate_patch Gradient_sr2
0  2026-01-24 15:04:20       0m 37s  ...                0.87         0.02
1  2026-01-24 15:04:58       0m 36s  ...                1.60         0.03

[2 rows x 22 columns]
             timestamp time_elapsed  ... severity_rate_patch Gradient_sr2
0  2026-01-24 15:04:20       0m 37s  ...                0.87         0.02
1  2026-01-24 15:04:58       0m 36s  ...                1.60         0.03
2  2026-01-24 15:05:35       0m 42s  ...               36.05         0.83

[3 rows x 22 columns]
             timestamp time_elapsed  ... severity_rate_patch Gradient_sr2
0  2026-01-24 15:04:20       0m 37s  ...                0.87         0.02
1  2026-01-24 15:04:58       0m 36s  ...                1.60         0.03
2  2026-01-24 15:05:35       0m 42s  ...               36.05         0.83
3  2026-01-24 15:06:17       0m 37s  ...                5.26         0.12

[4 rows x 22 columns]
             timestamp time_elapsed  ... severity_rate_patch Gradient_sr2
0  2026-01-24 15:04:20       0m 37s  ...                0.87         0.02
1  2026-01-24 15:04:58       0m 36s  ...                1.60         0.03
2  2026-01-24 15:05:35       0m 42s  ...               36.05         0.83
3  2026-01-24 15:06:17       0m 37s  ...                5.26         0.12
4  2026-01-24 15:06:54       0m 34s  ...                0.17         0.00

[5 rows x 22 columns]
             timestamp time_elapsed  ... severity_rate_patch Gradient_sr2
0  2026-01-24 15:04:20       0m 37s  ...                0.87         0.02
1  2026-01-24 15:04:58       0m 36s  ...                1.60         0.03
2  2026-01-24 15:05:35       0m 42s  ...               36.05         0.83
3  2026-01-24 15:06:17       0m 37s  ...                5.26         0.12
4  2026-01-24 15:06:54       0m 34s  ...                0.17         0.00
5  2026-01-24 15:07:29       0m 47s  ...               75.68         1.65

[6 rows x 22 columns]
             timestamp time_elapsed  ... severity_rate_patch Gradient_sr2
0  2026-01-24 15:04:20       0m 37s  ...                0.87         0.02
1  2026-01-24 15:04:58       0m 36s  ...                1.60         0.03
2  2026-01-24 15:05:35       0m 42s  ...               36.05         0.83
3  2026-01-24 15:06:17       0m 37s  ...                5.26         0.12
4  2026-01-24 15:06:54       0m 34s  ...                0.17         0.00
5  2026-01-24 15:07:29       0m 47s  ...               75.68         1.65
6  2026-01-24 15:08:16       0m 37s  ...                8.46         0.22

[7 rows x 22 columns]
             timestamp time_elapsed  ... severity_rate_patch Gradient_sr2
0  2026-01-24 15:04:20       0m 37s  ...                0.87         0.02
1  2026-01-24 15:04:58       0m 36s  ...                1.60         0.03
2  2026-01-24 15:05:35       0m 42s  ...               36.05         0.83
3  2026-01-24 15:06:17       0m 37s  ...                5.26         0.12
4  2026-01-24 15:06:54       0m 34s  ...                0.17         0.00
5  2026-01-24 15:07:29       0m 47s  ...               75.68         1.65
6  2026-01-24 15:08:16       0m 37s  ...                8.46         0.22
7  2026-01-24 15:08:54       0m 37s  ...                6.59         0.13

[8 rows x 22 columns]
             timestamp time_elapsed  ... severity_rate_patch Gradient_sr2
0  2026-01-24 15:04:20       0m 37s  ...                0.87         0.02
1  2026-01-24 15:04:58       0m 36s  ...                1.60         0.03
2  2026-01-24 15:05:35       0m 42s  ...               36.05         0.83
3  2026-01-24 15:06:17       0m 37s  ...                5.26         0.12
4  2026-01-24 15:06:54       0m 34s  ...                0.17         0.00
5  2026-01-24 15:07:29       0m 47s  ...               75.68         1.65
6  2026-01-24 15:08:16       0m 37s  ...                8.46         0.22
7  2026-01-24 15:08:54       0m 37s  ...                6.59         0.13
8  2026-01-24 15:09:31       0m 37s  ...                7.34         0.19

[9 rows x 22 columns]
             timestamp time_elapsed  ... severity_rate_patch Gradient_sr2
0  2026-01-24 15:04:20       0m 37s  ...                0.87         0.02
1  2026-01-24 15:04:58       0m 36s  ...                1.60         0.03
2  2026-01-24 15:05:35       0m 42s  ...               36.05         0.83
3  2026-01-24 15:06:17       0m 37s  ...                5.26         0.12
4  2026-01-24 15:06:54       0m 34s  ...                0.17         0.00
5  2026-01-24 15:07:29       0m 47s  ...               75.68         1.65
6  2026-01-24 15:08:16       0m 37s  ...                8.46         0.22
7  2026-01-24 15:08:54       0m 37s  ...                6.59         0.13
8  2026-01-24 15:09:31       0m 37s  ...                7.34         0.19
9  2026-01-24 15:10:08       0m 41s  ...               49.53         1.16

[10 rows x 22 columns]
              timestamp time_elapsed  ... severity_rate_patch Gradient_sr2
0   2026-01-24 15:04:20       0m 37s  ...                0.87         0.02
1   2026-01-24 15:04:58       0m 36s  ...                1.60         0.03
2   2026-01-24 15:05:35       0m 42s  ...               36.05         0.83
3   2026-01-24 15:06:17       0m 37s  ...                5.26         0.12
4   2026-01-24 15:06:54       0m 34s  ...                0.17         0.00
5   2026-01-24 15:07:29       0m 47s  ...               75.68         1.65
6   2026-01-24 15:08:16       0m 37s  ...                8.46         0.22
7   2026-01-24 15:08:54       0m 37s  ...                6.59         0.13
8   2026-01-24 15:09:31       0m 37s  ...                7.34         0.19
9   2026-01-24 15:10:08       0m 41s  ...               49.53         1.16
10  2026-01-24 15:10:50       0m 33s  ...                3.82         0.08

[11 rows x 22 columns]
              timestamp time_elapsed  ... severity_rate_patch Gradient_sr2
0   2026-01-24 15:04:20       0m 37s  ...                0.87         0.02
1   2026-01-24 15:04:58       0m 36s  ...                1.60         0.03
2   2026-01-24 15:05:35       0m 42s  ...               36.05         0.83
3   2026-01-24 15:06:17       0m 37s  ...                5.26         0.12
4   2026-01-24 15:06:54       0m 34s  ...                0.17         0.00
5   2026-01-24 15:07:29       0m 47s  ...               75.68         1.65
6   2026-01-24 15:08:16       0m 37s  ...                8.46         0.22
7   2026-01-24 15:08:54       0m 37s  ...                6.59         0.13
8   2026-01-24 15:09:31       0m 37s  ...                7.34         0.19
9   2026-01-24 15:10:08       0m 41s  ...               49.53         1.16
10  2026-01-24 15:10:50       0m 33s  ...                3.82         0.08
11  2026-01-24 15:11:23       0m 43s  ...               76.03         1.58

[12 rows x 22 columns]
              timestamp time_elapsed  ... severity_rate_patch Gradient_sr2
0   2026-01-24 15:04:20       0m 37s  ...                0.87         0.02
1   2026-01-24 15:04:58       0m 36s  ...                1.60         0.03
2   2026-01-24 15:05:35       0m 42s  ...               36.05         0.83
3   2026-01-24 15:06:17       0m 37s  ...                5.26         0.12
4   2026-01-24 15:06:54       0m 34s  ...                0.17         0.00
5   2026-01-24 15:07:29       0m 47s  ...               75.68         1.65
6   2026-01-24 15:08:16       0m 37s  ...                8.46         0.22
7   2026-01-24 15:08:54       0m 37s  ...                6.59         0.13
8   2026-01-24 15:09:31       0m 37s  ...                7.34         0.19
9   2026-01-24 15:10:08       0m 41s  ...               49.53         1.16
10  2026-01-24 15:10:50       0m 33s  ...                3.82         0.08
11  2026-01-24 15:11:23       0m 43s  ...               76.03         1.58
12  2026-01-24 15:12:07       0m 33s  ...                0.36         0.01

[13 rows x 22 columns]
              timestamp time_elapsed  ... severity_rate_patch Gradient_sr2
0   2026-01-24 15:04:20       0m 37s  ...                0.87         0.02
1   2026-01-24 15:04:58       0m 36s  ...                1.60         0.03
2   2026-01-24 15:05:35       0m 42s  ...               36.05         0.83
3   2026-01-24 15:06:17       0m 37s  ...                5.26         0.12
4   2026-01-24 15:06:54       0m 34s  ...                0.17         0.00
5   2026-01-24 15:07:29       0m 47s  ...               75.68         1.65
6   2026-01-24 15:08:16       0m 37s  ...                8.46         0.22
7   2026-01-24 15:08:54       0m 37s  ...                6.59         0.13
8   2026-01-24 15:09:31       0m 37s  ...                7.34         0.19
9   2026-01-24 15:10:08       0m 41s  ...               49.53         1.16
10  2026-01-24 15:10:50       0m 33s  ...                3.82         0.08
11  2026-01-24 15:11:23       0m 43s  ...               76.03         1.58
12  2026-01-24 15:12:07       0m 33s  ...                0.36         0.01
13  2026-01-24 15:12:40       0m 38s  ...               30.80         0.58

[14 rows x 22 columns]
              timestamp time_elapsed  ... severity_rate_patch Gradient_sr2
0   2026-01-24 15:04:20       0m 37s  ...                0.87         0.02
1   2026-01-24 15:04:58       0m 36s  ...                1.60         0.03
2   2026-01-24 15:05:35       0m 42s  ...               36.05         0.83
3   2026-01-24 15:06:17       0m 37s  ...                5.26         0.12
4   2026-01-24 15:06:54       0m 34s  ...                0.17         0.00
5   2026-01-24 15:07:29       0m 47s  ...               75.68         1.65
6   2026-01-24 15:08:16       0m 37s  ...                8.46         0.22
7   2026-01-24 15:08:54       0m 37s  ...                6.59         0.13
8   2026-01-24 15:09:31       0m 37s  ...                7.34         0.19
9   2026-01-24 15:10:08       0m 41s  ...               49.53         1.16
10  2026-01-24 15:10:50       0m 33s  ...                3.82         0.08
11  2026-01-24 15:11:23       0m 43s  ...               76.03         1.58
12  2026-01-24 15:12:07       0m 33s  ...                0.36         0.01
13  2026-01-24 15:12:40       0m 38s  ...               30.80         0.58
14  2026-01-24 15:13:19       0m 31s  ...                0.20         0.00

[15 rows x 22 columns]

real	9m39.129s
user	0m0.031s
sys	0m0.000s
