[2026-01-23 19:58:49,140] - [root] - [INFO] - leaf_correlation_mw.py
[2026-01-23 19:58:49,141] - [root] - [INFO] - model_type       : ResNet
[2026-01-23 19:58:49,141] - [root] - [INFO] - pretrained       : True
[2026-01-23 19:58:49,141] - [root] - [INFO] - loading_epoch    : 65
[2026-01-23 19:58:49,141] - [root] - [INFO] - timestamp        : Jan22_10-21-00_2026
[2026-01-23 19:58:49,141] - [root] - [INFO] - outdim           : 2
[2026-01-23 19:58:49,141] - [root] - [INFO] - dual_head        : True
[2026-01-23 19:58:49,142] - [root] - [INFO] - model_path       : ../..
[2026-01-23 19:58:49,142] - [root] - [INFO] - step_size        : 224
[2026-01-23 19:58:49,142] - [root] - [INFO] - means            : [0.541, 0.6371, 0.4188]
[2026-01-23 19:58:49,143] - [root] - [INFO] - stds             : [0.1764, 0.165, 0.2326]
[2026-01-23 19:58:49,143] - [root] - [INFO] - target_class     : 1
[2026-01-23 19:58:49,143] - [root] - [INFO] - contam_control   : False
[2026-01-23 19:58:49,143] - [root] - [INFO] - spor_th          : 0.9
[2026-01-23 19:58:49,143] - [root] - [INFO] - inf_gate         : 0.6
[2026-01-23 19:58:49,143] - [root] - [INFO] - pm               : HPM-1269
[2026-01-23 19:58:49,143] - [root] - [INFO] - mps              : False
[2026-01-23 19:58:49,143] - [root] - [INFO] - cuda             : True
[2026-01-23 19:58:49,143] - [root] - [INFO] - cuda_id          : 0
[2026-01-23 19:58:49,143] - [root] - [INFO] - sal_threshold    : 0.5
[2026-01-23 19:58:49,143] - [root] - [INFO] - up_threshold     : 0.9
[2026-01-23 19:58:49,143] - [root] - [INFO] - down_threshold   : 0.3
[2026-01-23 19:58:49,143] - [root] - [INFO] - dataset_path     : C:/Users/Intel User/Desktop/blackbird_scripts/data/human_disk_assessments
[2026-01-23 19:58:49,143] - [root] - [INFO] - img_folder       : 1-22-2026
[2026-01-23 19:58:49,143] - [root] - [INFO] - platform         : BlackBird
[2026-01-23 19:58:49,143] - [root] - [INFO] - threshold        : ['0.7']
[2026-01-23 19:58:49,143] - [root] - [INFO] - log              : ../../results/logs/random.log
[2026-01-23 19:58:49,143] - [root] - [INFO] - dpi              : 5
[2026-01-23 19:58:49,143] - [root] - [INFO] - group            : baseline
[2026-01-23 19:58:49,143] - [root] - [INFO] - trays            : ['5dpi']
[2026-01-23 19:58:49,143] - [root] - [INFO] - sal_gradcam      : False
[2026-01-23 19:58:49,143] - [root] - [INFO] - sal_gradient     : True
[2026-01-23 19:58:49,144] - [root] - [INFO] - sal_smoothgrad   : False
[2026-01-23 19:58:49,144] - [root] - [INFO] - sal_deeplift     : False
[2026-01-23 19:58:49,144] - [root] - [INFO] - sal_thresh_method : fixed
[2026-01-23 19:58:49,144] - [root] - [INFO] - sal_thresh_p     : 95.0
[2026-01-23 19:58:49,960] - [root] - [INFO] - -------------------------------------------
[2026-01-23 19:58:49,960] - [root] - [INFO] - Processing 1-22-2026 5dpi 015-W2021009-160_R1.png
[2026-01-23 19:59:05,806] - [root] - [INFO] - Finished loading mask: 0m 15s
[2026-01-23 19:59:18,950] - [root] - [INFO] - Finished crop and inference: 0m 28s
[2026-01-23 19:59:20,520] - [root] - [INFO] - Analysis finished: 0m 30s
[2026-01-23 19:59:20,520] - [root] - [INFO] - -------------------------------------------
[2026-01-23 19:59:20,520] - [root] - [INFO] - -------------------------------------------
[2026-01-23 19:59:20,520] - [root] - [INFO] - Processing 1-22-2026 5dpi 015-W2021011-633_R1.png
[2026-01-23 19:59:42,940] - [root] - [INFO] - Finished loading mask: 0m 22s
[2026-01-23 19:59:54,912] - [root] - [INFO] - Finished crop and inference: 0m 34s
[2026-01-23 19:59:56,531] - [root] - [INFO] - Analysis finished: 0m 36s
[2026-01-23 19:59:56,531] - [root] - [INFO] - -------------------------------------------
[2026-01-23 19:59:56,531] - [root] - [INFO] - -------------------------------------------
[2026-01-23 19:59:56,531] - [root] - [INFO] - Processing 1-22-2026 5dpi 019-W2021010-428_R2.png
[2026-01-23 20:00:13,378] - [root] - [INFO] - Finished loading mask: 0m 16s
[2026-01-23 20:00:22,008] - [root] - [INFO] - Finished crop and inference: 0m 25s
[2026-01-23 20:00:23,630] - [root] - [INFO] - Analysis finished: 0m 27s
[2026-01-23 20:00:23,630] - [root] - [INFO] - -------------------------------------------
[2026-01-23 20:00:23,630] - [root] - [INFO] - -------------------------------------------
[2026-01-23 20:00:23,631] - [root] - [INFO] - Processing 1-22-2026 5dpi 021-W2021009-175_R1.png
[2026-01-23 20:00:40,915] - [root] - [INFO] - Finished loading mask: 0m 17s
[2026-01-23 20:00:49,691] - [root] - [INFO] - Finished crop and inference: 0m 26s
[2026-01-23 20:00:51,250] - [root] - [INFO] - Analysis finished: 0m 27s
[2026-01-23 20:00:51,250] - [root] - [INFO] - -------------------------------------------
[2026-01-23 20:00:51,250] - [root] - [INFO] - -------------------------------------------
[2026-01-23 20:00:51,251] - [root] - [INFO] - Processing 1-22-2026 5dpi 022-W2021009-198_R2.png
[2026-01-23 20:01:08,353] - [root] - [INFO] - Finished loading mask: 0m 17s
[2026-01-23 20:01:18,210] - [root] - [INFO] - Finished crop and inference: 0m 26s
[2026-01-23 20:01:19,692] - [root] - [INFO] - Analysis finished: 0m 28s
[2026-01-23 20:01:19,692] - [root] - [INFO] - -------------------------------------------
[2026-01-23 20:01:19,692] - [root] - [INFO] - -------------------------------------------
[2026-01-23 20:01:19,692] - [root] - [INFO] - Processing 1-22-2026 5dpi 036-W2021006-047_R2.png
[2026-01-23 20:01:37,023] - [root] - [INFO] - Finished loading mask: 0m 17s
[2026-01-23 20:01:45,274] - [root] - [INFO] - Finished crop and inference: 0m 25s
[2026-01-23 20:01:46,852] - [root] - [INFO] - Analysis finished: 0m 27s
[2026-01-23 20:01:46,852] - [root] - [INFO] - -------------------------------------------
[2026-01-23 20:01:46,852] - [root] - [INFO] - -------------------------------------------
[2026-01-23 20:01:46,852] - [root] - [INFO] - Processing 1-22-2026 5dpi 060-W2021010-324_R2.png
[2026-01-23 20:02:04,016] - [root] - [INFO] - Finished loading mask: 0m 17s
[2026-01-23 20:02:12,276] - [root] - [INFO] - Finished crop and inference: 0m 25s
[2026-01-23 20:02:13,766] - [root] - [INFO] - Analysis finished: 0m 26s
[2026-01-23 20:02:13,766] - [root] - [INFO] - -------------------------------------------
[2026-01-23 20:02:13,766] - [root] - [INFO] - -------------------------------------------
[2026-01-23 20:02:13,766] - [root] - [INFO] - Processing 1-22-2026 5dpi 099-W2021006-611_R2.png
[2026-01-23 20:02:31,852] - [root] - [INFO] - Finished loading mask: 0m 18s
[2026-01-23 20:02:44,898] - [root] - [INFO] - Finished crop and inference: 0m 31s
[2026-01-23 20:02:46,332] - [root] - [INFO] - Analysis finished: 0m 32s
[2026-01-23 20:02:46,332] - [root] - [INFO] - -------------------------------------------
[2026-01-23 20:02:46,332] - [root] - [INFO] - -------------------------------------------
[2026-01-23 20:02:46,332] - [root] - [INFO] - Processing 1-22-2026 5dpi 123-W2021009-255_R2.png
[2026-01-23 20:03:04,433] - [root] - [INFO] - Finished loading mask: 0m 18s
[2026-01-23 20:03:13,525] - [root] - [INFO] - Finished crop and inference: 0m 27s
[2026-01-23 20:03:14,918] - [root] - [INFO] - Analysis finished: 0m 28s
[2026-01-23 20:03:14,918] - [root] - [INFO] - -------------------------------------------
[2026-01-23 20:03:14,918] - [root] - [INFO] - -------------------------------------------
[2026-01-23 20:03:14,918] - [root] - [INFO] - Processing 1-22-2026 5dpi 141-W2021009-274_R1.png
[2026-01-23 20:03:32,465] - [root] - [INFO] - Finished loading mask: 0m 17s
[2026-01-23 20:03:53,383] - [root] - [INFO] - Finished crop and inference: 0m 38s
[2026-01-23 20:03:54,813] - [root] - [INFO] - Analysis finished: 0m 39s
[2026-01-23 20:03:54,813] - [root] - [INFO] - -------------------------------------------
[2026-01-23 20:03:54,813] - [root] - [INFO] - -------------------------------------------
[2026-01-23 20:03:54,813] - [root] - [INFO] - Processing 1-22-2026 5dpi 173-W2021006-127_R2.png
[2026-01-23 20:04:13,620] - [root] - [INFO] - Finished loading mask: 0m 18s
[2026-01-23 20:04:22,281] - [root] - [INFO] - Finished crop and inference: 0m 27s
[2026-01-23 20:04:23,644] - [root] - [INFO] - Analysis finished: 0m 28s
[2026-01-23 20:04:23,644] - [root] - [INFO] - -------------------------------------------
[2026-01-23 20:04:23,644] - [root] - [INFO] - -------------------------------------------
[2026-01-23 20:04:23,644] - [root] - [INFO] - Processing 1-22-2026 5dpi 191-W2021010-449_R1.png
[2026-01-23 20:04:40,975] - [root] - [INFO] - Finished loading mask: 0m 17s
[2026-01-23 20:04:51,861] - [root] - [INFO] - Finished crop and inference: 0m 28s
[2026-01-23 20:04:53,318] - [root] - [INFO] - Analysis finished: 0m 29s
[2026-01-23 20:04:53,318] - [root] - [INFO] - -------------------------------------------
[2026-01-23 20:04:53,318] - [root] - [INFO] - -------------------------------------------
[2026-01-23 20:04:53,318] - [root] - [INFO] - Processing 1-22-2026 5dpi 254-W2021010-352_R2.png
[2026-01-23 20:05:10,323] - [root] - [INFO] - Finished loading mask: 0m 17s
[2026-01-23 20:05:17,245] - [root] - [INFO] - Finished crop and inference: 0m 23s
[2026-01-23 20:05:18,752] - [root] - [INFO] - Analysis finished: 0m 25s
[2026-01-23 20:05:18,753] - [root] - [INFO] - -------------------------------------------
[2026-01-23 20:05:18,753] - [root] - [INFO] - -------------------------------------------
[2026-01-23 20:05:18,753] - [root] - [INFO] - Processing 1-22-2026 5dpi 266-W2021009-193_R1.png
[2026-01-23 20:05:35,830] - [root] - [INFO] - Finished loading mask: 0m 17s
[2026-01-23 20:05:44,289] - [root] - [INFO] - Finished crop and inference: 0m 25s
[2026-01-23 20:05:45,743] - [root] - [INFO] - Analysis finished: 0m 26s
[2026-01-23 20:05:45,743] - [root] - [INFO] - -------------------------------------------
[2026-01-23 20:05:45,743] - [root] - [INFO] - -------------------------------------------
[2026-01-23 20:05:45,743] - [root] - [INFO] - Processing 1-22-2026 5dpi 336-W2021011-506_R2.png
[2026-01-23 20:06:02,742] - [root] - [INFO] - Finished loading mask: 0m 16s
[2026-01-23 20:06:17,317] - [root] - [INFO] - Finished crop and inference: 0m 31s
[2026-01-23 20:06:18,828] - [root] - [INFO] - Analysis finished: 0m 33s
[2026-01-23 20:06:18,829] - [root] - [INFO] - -------------------------------------------
[2026-01-23 20:06:18,835] - [root] - [INFO] - Saved C:\Users\Intel User\Desktop\blackbird_scripts\data\Results\ResNet_upth0.9_downth0.3_Jan22_10-21-00_2026\1-22-2026\th_0.7\severity_rate_tray_5dpi_u0.9_d0.3_ig0.6_sp0.9.csv
             timestamp time_elapsed  ... severity_rate_patch Gradient_sr2
0  2026-01-23 19:58:49       0m 30s  ...               29.07         0.68

[1 rows x 24 columns]
             timestamp time_elapsed  ... severity_rate_patch Gradient_sr2
0  2026-01-23 19:58:49       0m 30s  ...               29.07         0.68
1  2026-01-23 19:59:20       0m 35s  ...               16.86         0.47

[2 rows x 24 columns]
             timestamp time_elapsed  ... severity_rate_patch Gradient_sr2
0  2026-01-23 19:58:49       0m 30s  ...               29.07         0.68
1  2026-01-23 19:59:20       0m 35s  ...               16.86         0.47
2  2026-01-23 19:59:56       0m 27s  ...                0.48         0.01

[3 rows x 24 columns]
             timestamp time_elapsed  ... severity_rate_patch Gradient_sr2
0  2026-01-23 19:58:49       0m 30s  ...               29.07         0.68
1  2026-01-23 19:59:20       0m 35s  ...               16.86         0.47
2  2026-01-23 19:59:56       0m 27s  ...                0.48         0.01
3  2026-01-23 20:00:23       0m 27s  ...                1.89         0.05

[4 rows x 24 columns]
             timestamp time_elapsed  ... severity_rate_patch Gradient_sr2
0  2026-01-23 19:58:49       0m 30s  ...               29.07         0.68
1  2026-01-23 19:59:20       0m 35s  ...               16.86         0.47
2  2026-01-23 19:59:56       0m 27s  ...                0.48         0.01
3  2026-01-23 20:00:23       0m 27s  ...                1.89         0.05
4  2026-01-23 20:00:51       0m 28s  ...                9.98         0.24

[5 rows x 24 columns]
             timestamp time_elapsed  ... severity_rate_patch Gradient_sr2
0  2026-01-23 19:58:49       0m 30s  ...               29.07         0.68
1  2026-01-23 19:59:20       0m 35s  ...               16.86         0.47
2  2026-01-23 19:59:56       0m 27s  ...                0.48         0.01
3  2026-01-23 20:00:23       0m 27s  ...                1.89         0.05
4  2026-01-23 20:00:51       0m 28s  ...                9.98         0.24
5  2026-01-23 20:01:19       0m 27s  ...                0.60         0.02

[6 rows x 24 columns]
             timestamp time_elapsed  ... severity_rate_patch Gradient_sr2
0  2026-01-23 19:58:49       0m 30s  ...               29.07         0.68
1  2026-01-23 19:59:20       0m 35s  ...               16.86         0.47
2  2026-01-23 19:59:56       0m 27s  ...                0.48         0.01
3  2026-01-23 20:00:23       0m 27s  ...                1.89         0.05
4  2026-01-23 20:00:51       0m 28s  ...                9.98         0.24
5  2026-01-23 20:01:19       0m 27s  ...                0.60         0.02
6  2026-01-23 20:01:46       0m 26s  ...                1.67         0.04

[7 rows x 24 columns]
             timestamp time_elapsed  ... severity_rate_patch Gradient_sr2
0  2026-01-23 19:58:49       0m 30s  ...               29.07         0.68
1  2026-01-23 19:59:20       0m 35s  ...               16.86         0.47
2  2026-01-23 19:59:56       0m 27s  ...                0.48         0.01
3  2026-01-23 20:00:23       0m 27s  ...                1.89         0.05
4  2026-01-23 20:00:51       0m 28s  ...                9.98         0.24
5  2026-01-23 20:01:19       0m 27s  ...                0.60         0.02
6  2026-01-23 20:01:46       0m 26s  ...                1.67         0.04
7  2026-01-23 20:02:13       0m 32s  ...               37.38         0.95

[8 rows x 24 columns]
             timestamp time_elapsed  ... severity_rate_patch Gradient_sr2
0  2026-01-23 19:58:49       0m 30s  ...               29.07         0.68
1  2026-01-23 19:59:20       0m 35s  ...               16.86         0.47
2  2026-01-23 19:59:56       0m 27s  ...                0.48         0.01
3  2026-01-23 20:00:23       0m 27s  ...                1.89         0.05
4  2026-01-23 20:00:51       0m 28s  ...                9.98         0.24
5  2026-01-23 20:01:19       0m 27s  ...                0.60         0.02
6  2026-01-23 20:01:46       0m 26s  ...                1.67         0.04
7  2026-01-23 20:02:13       0m 32s  ...               37.38         0.95
8  2026-01-23 20:02:46       0m 28s  ...                6.32         0.15

[9 rows x 24 columns]
             timestamp time_elapsed  ... severity_rate_patch Gradient_sr2
0  2026-01-23 19:58:49       0m 30s  ...               29.07         0.68
1  2026-01-23 19:59:20       0m 35s  ...               16.86         0.47
2  2026-01-23 19:59:56       0m 27s  ...                0.48         0.01
3  2026-01-23 20:00:23       0m 27s  ...                1.89         0.05
4  2026-01-23 20:00:51       0m 28s  ...                9.98         0.24
5  2026-01-23 20:01:19       0m 27s  ...                0.60         0.02
6  2026-01-23 20:01:46       0m 26s  ...                1.67         0.04
7  2026-01-23 20:02:13       0m 32s  ...               37.38         0.95
8  2026-01-23 20:02:46       0m 28s  ...                6.32         0.15
9  2026-01-23 20:03:14       0m 39s  ...               84.14         2.52

[10 rows x 24 columns]
              timestamp time_elapsed  ... severity_rate_patch Gradient_sr2
0   2026-01-23 19:58:49       0m 30s  ...               29.07         0.68
1   2026-01-23 19:59:20       0m 35s  ...               16.86         0.47
2   2026-01-23 19:59:56       0m 27s  ...                0.48         0.01
3   2026-01-23 20:00:23       0m 27s  ...                1.89         0.05
4   2026-01-23 20:00:51       0m 28s  ...                9.98         0.24
5   2026-01-23 20:01:19       0m 27s  ...                0.60         0.02
6   2026-01-23 20:01:46       0m 26s  ...                1.67         0.04
7   2026-01-23 20:02:13       0m 32s  ...               37.38         0.95
8   2026-01-23 20:02:46       0m 28s  ...                6.32         0.15
9   2026-01-23 20:03:14       0m 39s  ...               84.14         2.52
10  2026-01-23 20:03:54       0m 28s  ...                1.04         0.03

[11 rows x 24 columns]
              timestamp time_elapsed  ... severity_rate_patch Gradient_sr2
0   2026-01-23 19:58:49       0m 30s  ...               29.07         0.68
1   2026-01-23 19:59:20       0m 35s  ...               16.86         0.47
2   2026-01-23 19:59:56       0m 27s  ...                0.48         0.01
3   2026-01-23 20:00:23       0m 27s  ...                1.89         0.05
4   2026-01-23 20:00:51       0m 28s  ...                9.98         0.24
5   2026-01-23 20:01:19       0m 27s  ...                0.60         0.02
6   2026-01-23 20:01:46       0m 26s  ...                1.67         0.04
7   2026-01-23 20:02:13       0m 32s  ...               37.38         0.95
8   2026-01-23 20:02:46       0m 28s  ...                6.32         0.15
9   2026-01-23 20:03:14       0m 39s  ...               84.14         2.52
10  2026-01-23 20:03:54       0m 28s  ...                1.04         0.03
11  2026-01-23 20:04:23       0m 29s  ...               17.45         0.48

[12 rows x 24 columns]
              timestamp time_elapsed  ... severity_rate_patch Gradient_sr2
0   2026-01-23 19:58:49       0m 30s  ...               29.07         0.68
1   2026-01-23 19:59:20       0m 35s  ...               16.86         0.47
2   2026-01-23 19:59:56       0m 27s  ...                0.48         0.01
3   2026-01-23 20:00:23       0m 27s  ...                1.89         0.05
4   2026-01-23 20:00:51       0m 28s  ...                9.98         0.24
5   2026-01-23 20:01:19       0m 27s  ...                0.60         0.02
6   2026-01-23 20:01:46       0m 26s  ...                1.67         0.04
7   2026-01-23 20:02:13       0m 32s  ...               37.38         0.95
8   2026-01-23 20:02:46       0m 28s  ...                6.32         0.15
9   2026-01-23 20:03:14       0m 39s  ...               84.14         2.52
10  2026-01-23 20:03:54       0m 28s  ...                1.04         0.03
11  2026-01-23 20:04:23       0m 29s  ...               17.45         0.48
12  2026-01-23 20:04:53       0m 25s  ...                0.91         0.02

[13 rows x 24 columns]
              timestamp time_elapsed  ... severity_rate_patch Gradient_sr2
0   2026-01-23 19:58:49       0m 30s  ...               29.07         0.68
1   2026-01-23 19:59:20       0m 35s  ...               16.86         0.47
2   2026-01-23 19:59:56       0m 27s  ...                0.48         0.01
3   2026-01-23 20:00:23       0m 27s  ...                1.89         0.05
4   2026-01-23 20:00:51       0m 28s  ...                9.98         0.24
5   2026-01-23 20:01:19       0m 27s  ...                0.60         0.02
6   2026-01-23 20:01:46       0m 26s  ...                1.67         0.04
7   2026-01-23 20:02:13       0m 32s  ...               37.38         0.95
8   2026-01-23 20:02:46       0m 28s  ...                6.32         0.15
9   2026-01-23 20:03:14       0m 39s  ...               84.14         2.52
10  2026-01-23 20:03:54       0m 28s  ...                1.04         0.03
11  2026-01-23 20:04:23       0m 29s  ...               17.45         0.48
12  2026-01-23 20:04:53       0m 25s  ...                0.91         0.02
13  2026-01-23 20:05:18       0m 26s  ...                6.09         0.17

[14 rows x 24 columns]
              timestamp time_elapsed  ... severity_rate_patch Gradient_sr2
0   2026-01-23 19:58:49       0m 30s  ...               29.07         0.68
1   2026-01-23 19:59:20       0m 35s  ...               16.86         0.47
2   2026-01-23 19:59:56       0m 27s  ...                0.48         0.01
3   2026-01-23 20:00:23       0m 27s  ...                1.89         0.05
4   2026-01-23 20:00:51       0m 28s  ...                9.98         0.24
5   2026-01-23 20:01:19       0m 27s  ...                0.60         0.02
6   2026-01-23 20:01:46       0m 26s  ...                1.67         0.04
7   2026-01-23 20:02:13       0m 32s  ...               37.38         0.95
8   2026-01-23 20:02:46       0m 28s  ...                6.32         0.15
9   2026-01-23 20:03:14       0m 39s  ...               84.14         2.52
10  2026-01-23 20:03:54       0m 28s  ...                1.04         0.03
11  2026-01-23 20:04:23       0m 29s  ...               17.45         0.48
12  2026-01-23 20:04:53       0m 25s  ...                0.91         0.02
13  2026-01-23 20:05:18       0m 26s  ...                6.09         0.17
14  2026-01-23 20:05:45       0m 33s  ...               42.27         1.15

[15 rows x 24 columns]

real	7m35.680s
user	0m0.015s
sys	0m0.015s
