[2026-01-24 16:36:23,755] - [root] - [INFO] - leaf_correlation_mw.py
[2026-01-24 16:36:23,755] - [root] - [INFO] - model_type       : ResNet
[2026-01-24 16:36:23,755] - [root] - [INFO] - pretrained       : True
[2026-01-24 16:36:23,755] - [root] - [INFO] - loading_epoch    : 65
[2026-01-24 16:36:23,755] - [root] - [INFO] - timestamp        : Jan22_10-21-00_2026
[2026-01-24 16:36:23,755] - [root] - [INFO] - outdim           : 2
[2026-01-24 16:36:23,755] - [root] - [INFO] - dual_head        : True
[2026-01-24 16:36:23,755] - [root] - [INFO] - model_path       : ../..
[2026-01-24 16:36:23,755] - [root] - [INFO] - step_size        : 224
[2026-01-24 16:36:23,756] - [root] - [INFO] - means            : [0.541, 0.6371, 0.4188]
[2026-01-24 16:36:23,756] - [root] - [INFO] - stds             : [0.1764, 0.165, 0.2326]
[2026-01-24 16:36:23,756] - [root] - [INFO] - target_class     : 1
[2026-01-24 16:36:23,756] - [root] - [INFO] - contam_control   : False
[2026-01-24 16:36:23,756] - [root] - [INFO] - spor_th          : 0.9
[2026-01-24 16:36:23,756] - [root] - [INFO] - inf_gate         : 0.3
[2026-01-24 16:36:23,756] - [root] - [INFO] - pm               : HPM-1269
[2026-01-24 16:36:23,756] - [root] - [INFO] - mps              : False
[2026-01-24 16:36:23,756] - [root] - [INFO] - cuda             : True
[2026-01-24 16:36:23,756] - [root] - [INFO] - cuda_id          : 0
[2026-01-24 16:36:23,756] - [root] - [INFO] - sal_threshold    : 0.5
[2026-01-24 16:36:23,756] - [root] - [INFO] - up_threshold     : 0.5
[2026-01-24 16:36:23,756] - [root] - [INFO] - down_threshold   : 0.3
[2026-01-24 16:36:23,756] - [root] - [INFO] - dataset_path     : C:/Users/Intel User/Desktop/blackbird_scripts/data/human_disk_assessments
[2026-01-24 16:36:23,756] - [root] - [INFO] - img_folder       : 1-22-2026
[2026-01-24 16:36:23,756] - [root] - [INFO] - platform         : BlackBird
[2026-01-24 16:36:23,757] - [root] - [INFO] - threshold        : ['0.7']
[2026-01-24 16:36:23,757] - [root] - [INFO] - log              : ../../results/logs/random.log
[2026-01-24 16:36:23,757] - [root] - [INFO] - dpi              : 10
[2026-01-24 16:36:23,757] - [root] - [INFO] - group            : baseline
[2026-01-24 16:36:23,757] - [root] - [INFO] - trays            : ['10dpi']
[2026-01-24 16:36:23,757] - [root] - [INFO] - sal_gradcam      : False
[2026-01-24 16:36:23,757] - [root] - [INFO] - sal_gradient     : True
[2026-01-24 16:36:23,757] - [root] - [INFO] - sal_smoothgrad   : False
[2026-01-24 16:36:23,757] - [root] - [INFO] - sal_deeplift     : False
[2026-01-24 16:36:23,757] - [root] - [INFO] - sal_thresh_method : fixed
[2026-01-24 16:36:23,757] - [root] - [INFO] - sal_thresh_p     : 95.0
[2026-01-24 16:36:24,803] - [root] - [INFO] - -------------------------------------------
[2026-01-24 16:36:24,803] - [root] - [INFO] - Processing 1-22-2026 10dpi 046-W2021009-208_R2.png
[2026-01-24 16:36:46,551] - [root] - [INFO] - Finished loading mask: 0m 21s
[2026-01-24 16:36:58,352] - [root] - [INFO] - Finished crop and inference: 0m 33s
[2026-01-24 16:37:00,083] - [root] - [INFO] - Analysis finished: 0m 35s
[2026-01-24 16:37:00,083] - [root] - [INFO] - -------------------------------------------
[2026-01-24 16:37:00,083] - [root] - [INFO] - -------------------------------------------
[2026-01-24 16:37:00,084] - [root] - [INFO] - Processing 1-22-2026 10dpi 151-W2021011-479_R2.png
[2026-01-24 16:37:22,596] - [root] - [INFO] - Finished loading mask: 0m 22s
[2026-01-24 16:37:50,524] - [root] - [INFO] - Finished crop and inference: 0m 50s
[2026-01-24 16:37:52,264] - [root] - [INFO] - Analysis finished: 0m 52s
[2026-01-24 16:37:52,264] - [root] - [INFO] - -------------------------------------------
[2026-01-24 16:37:52,264] - [root] - [INFO] - -------------------------------------------
[2026-01-24 16:37:52,264] - [root] - [INFO] - Processing 1-22-2026 10dpi 152-W2021010-301_R2.png
[2026-01-24 16:38:14,733] - [root] - [INFO] - Finished loading mask: 0m 22s
[2026-01-24 16:38:26,991] - [root] - [INFO] - Finished crop and inference: 0m 34s
[2026-01-24 16:38:28,879] - [root] - [INFO] - Analysis finished: 0m 36s
[2026-01-24 16:38:28,880] - [root] - [INFO] - -------------------------------------------
[2026-01-24 16:38:28,880] - [root] - [INFO] - -------------------------------------------
[2026-01-24 16:38:28,880] - [root] - [INFO] - Processing 1-22-2026 10dpi 152-W2021011-479_R1.png
[2026-01-24 16:38:51,717] - [root] - [INFO] - Finished loading mask: 0m 22s
[2026-01-24 16:39:11,344] - [root] - [INFO] - Finished crop and inference: 0m 42s
[2026-01-24 16:39:13,198] - [root] - [INFO] - Analysis finished: 0m 44s
[2026-01-24 16:39:13,198] - [root] - [INFO] - -------------------------------------------
[2026-01-24 16:39:13,198] - [root] - [INFO] - -------------------------------------------
[2026-01-24 16:39:13,198] - [root] - [INFO] - Processing 1-22-2026 10dpi 162-W2021011-551_R2.png
[2026-01-24 16:39:35,777] - [root] - [INFO] - Finished loading mask: 0m 22s
[2026-01-24 16:40:04,782] - [root] - [INFO] - Finished crop and inference: 0m 51s
[2026-01-24 16:40:06,475] - [root] - [INFO] - Analysis finished: 0m 53s
[2026-01-24 16:40:06,475] - [root] - [INFO] - -------------------------------------------
[2026-01-24 16:40:06,475] - [root] - [INFO] - -------------------------------------------
[2026-01-24 16:40:06,475] - [root] - [INFO] - Processing 1-22-2026 10dpi 166-W2021006-123_R1.png
[2026-01-24 16:40:28,454] - [root] - [INFO] - Finished loading mask: 0m 21s
[2026-01-24 16:40:38,575] - [root] - [INFO] - Finished crop and inference: 0m 32s
[2026-01-24 16:40:40,405] - [root] - [INFO] - Analysis finished: 0m 33s
[2026-01-24 16:40:40,405] - [root] - [INFO] - -------------------------------------------
[2026-01-24 16:40:40,405] - [root] - [INFO] - -------------------------------------------
[2026-01-24 16:40:40,405] - [root] - [INFO] - Processing 1-22-2026 10dpi 166-W2021006-146_R1.png
[2026-01-24 16:41:02,386] - [root] - [INFO] - Finished loading mask: 0m 21s
[2026-01-24 16:41:24,404] - [root] - [INFO] - Finished crop and inference: 0m 43s
[2026-01-24 16:41:26,120] - [root] - [INFO] - Analysis finished: 0m 45s
[2026-01-24 16:41:26,121] - [root] - [INFO] - -------------------------------------------
[2026-01-24 16:41:26,121] - [root] - [INFO] - -------------------------------------------
[2026-01-24 16:41:26,121] - [root] - [INFO] - Processing 1-22-2026 10dpi 166-W2021006-146_R2.png
[2026-01-24 16:41:48,413] - [root] - [INFO] - Finished loading mask: 0m 22s
[2026-01-24 16:42:03,046] - [root] - [INFO] - Finished crop and inference: 0m 36s
[2026-01-24 16:42:04,760] - [root] - [INFO] - Analysis finished: 0m 38s
[2026-01-24 16:42:04,760] - [root] - [INFO] - -------------------------------------------
[2026-01-24 16:42:04,760] - [root] - [INFO] - -------------------------------------------
[2026-01-24 16:42:04,760] - [root] - [INFO] - Processing 1-22-2026 10dpi 171-W2021011-584_R1.png
[2026-01-24 16:42:27,537] - [root] - [INFO] - Finished loading mask: 0m 22s
[2026-01-24 16:42:53,657] - [root] - [INFO] - Finished crop and inference: 0m 48s
[2026-01-24 16:42:55,238] - [root] - [INFO] - Analysis finished: 0m 50s
[2026-01-24 16:42:55,238] - [root] - [INFO] - -------------------------------------------
[2026-01-24 16:42:55,238] - [root] - [INFO] - -------------------------------------------
[2026-01-24 16:42:55,238] - [root] - [INFO] - Processing 1-22-2026 10dpi 181-W2021009-295_R2.png
[2026-01-24 16:43:17,657] - [root] - [INFO] - Finished loading mask: 0m 22s
[2026-01-24 16:43:33,941] - [root] - [INFO] - Finished crop and inference: 0m 38s
[2026-01-24 16:43:35,614] - [root] - [INFO] - Analysis finished: 0m 40s
[2026-01-24 16:43:35,614] - [root] - [INFO] - -------------------------------------------
[2026-01-24 16:43:35,614] - [root] - [INFO] - -------------------------------------------
[2026-01-24 16:43:35,614] - [root] - [INFO] - Processing 1-22-2026 10dpi 182-W2021009-251_R1.png
[2026-01-24 16:43:57,921] - [root] - [INFO] - Finished loading mask: 0m 22s
[2026-01-24 16:44:11,056] - [root] - [INFO] - Finished crop and inference: 0m 35s
[2026-01-24 16:44:12,860] - [root] - [INFO] - Analysis finished: 0m 37s
[2026-01-24 16:44:12,860] - [root] - [INFO] - -------------------------------------------
[2026-01-24 16:44:12,860] - [root] - [INFO] - -------------------------------------------
[2026-01-24 16:44:12,860] - [root] - [INFO] - Processing 1-22-2026 10dpi 192-W2021010-449_R2.png
[2026-01-24 16:44:34,810] - [root] - [INFO] - Finished loading mask: 0m 21s
[2026-01-24 16:44:57,373] - [root] - [INFO] - Finished crop and inference: 0m 44s
[2026-01-24 16:44:59,046] - [root] - [INFO] - Analysis finished: 0m 46s
[2026-01-24 16:44:59,047] - [root] - [INFO] - -------------------------------------------
[2026-01-24 16:44:59,047] - [root] - [INFO] - -------------------------------------------
[2026-01-24 16:44:59,047] - [root] - [INFO] - Processing 1-22-2026 10dpi 206-W2021009-271_R2.png
[2026-01-24 16:45:20,964] - [root] - [INFO] - Finished loading mask: 0m 21s
[2026-01-24 16:45:49,139] - [root] - [INFO] - Finished crop and inference: 0m 50s
[2026-01-24 16:45:50,935] - [root] - [INFO] - Analysis finished: 0m 51s
[2026-01-24 16:45:50,935] - [root] - [INFO] - -------------------------------------------
[2026-01-24 16:45:50,935] - [root] - [INFO] - -------------------------------------------
[2026-01-24 16:45:50,935] - [root] - [INFO] - Processing 1-22-2026 10dpi 207-W2021009-271_R1.png
[2026-01-24 16:46:10,027] - [root] - [INFO] - Finished loading mask: 0m 19s
[2026-01-24 16:46:24,567] - [root] - [INFO] - Finished crop and inference: 0m 33s
[2026-01-24 16:46:26,305] - [root] - [INFO] - Analysis finished: 0m 35s
[2026-01-24 16:46:26,305] - [root] - [INFO] - -------------------------------------------
[2026-01-24 16:46:26,305] - [root] - [INFO] - -------------------------------------------
[2026-01-24 16:46:26,305] - [root] - [INFO] - Processing 1-22-2026 10dpi 233-W2021006-607_R1.png
[2026-01-24 16:46:45,518] - [root] - [INFO] - Finished loading mask: 0m 19s
[2026-01-24 16:46:59,314] - [root] - [INFO] - Finished crop and inference: 0m 33s
[2026-01-24 16:47:01,177] - [root] - [INFO] - Analysis finished: 0m 34s
[2026-01-24 16:47:01,177] - [root] - [INFO] - -------------------------------------------
[2026-01-24 16:47:01,189] - [root] - [INFO] - Saved C:\Users\Intel User\Desktop\blackbird_scripts\data\Results\ResNet_upth0.5_downth0.3_Jan22_10-21-00_2026\1-22-2026\th_0.7\severity_rate_tray_10dpi_u0.5_d0.3_ig0.3_sp0.9_20260124_164626.csv
             timestamp time_elapsed  ... severity_rate_patch Gradient_sr2
0  2026-01-24 16:36:24       0m 35s  ...                5.27         0.15

[1 rows x 26 columns]
             timestamp time_elapsed  ... severity_rate_patch Gradient_sr2
0  2026-01-24 16:36:24       0m 35s  ...                5.27         0.15
1  2026-01-24 16:37:00       0m 52s  ...               98.89         3.04

[2 rows x 26 columns]
             timestamp time_elapsed  ... severity_rate_patch Gradient_sr2
0  2026-01-24 16:36:24       0m 35s  ...                5.27         0.15
1  2026-01-24 16:37:00       0m 52s  ...               98.89         3.04
2  2026-01-24 16:37:52       0m 36s  ...                2.30         0.06

[3 rows x 26 columns]
             timestamp time_elapsed  ... severity_rate_patch Gradient_sr2
0  2026-01-24 16:36:24       0m 35s  ...                5.27         0.15
1  2026-01-24 16:37:00       0m 52s  ...               98.89         3.04
2  2026-01-24 16:37:52       0m 36s  ...                2.30         0.06
3  2026-01-24 16:38:28       0m 44s  ...               44.21         1.29

[4 rows x 26 columns]
             timestamp time_elapsed  ... severity_rate_patch Gradient_sr2
0  2026-01-24 16:36:24       0m 35s  ...                5.27         0.15
1  2026-01-24 16:37:00       0m 52s  ...               98.89         3.04
2  2026-01-24 16:37:52       0m 36s  ...                2.30         0.06
3  2026-01-24 16:38:28       0m 44s  ...               44.21         1.29
4  2026-01-24 16:39:13       0m 53s  ...               83.22         2.39

[5 rows x 26 columns]
             timestamp time_elapsed  ... severity_rate_patch Gradient_sr2
0  2026-01-24 16:36:24       0m 35s  ...                5.27         0.15
1  2026-01-24 16:37:00       0m 52s  ...               98.89         3.04
2  2026-01-24 16:37:52       0m 36s  ...                2.30         0.06
3  2026-01-24 16:38:28       0m 44s  ...               44.21         1.29
4  2026-01-24 16:39:13       0m 53s  ...               83.22         2.39
5  2026-01-24 16:40:06       0m 33s  ...                1.96         0.05

[6 rows x 26 columns]
             timestamp time_elapsed  ... severity_rate_patch Gradient_sr2
0  2026-01-24 16:36:24       0m 35s  ...                5.27         0.15
1  2026-01-24 16:37:00       0m 52s  ...               98.89         3.04
2  2026-01-24 16:37:52       0m 36s  ...                2.30         0.06
3  2026-01-24 16:38:28       0m 44s  ...               44.21         1.29
4  2026-01-24 16:39:13       0m 53s  ...               83.22         2.39
5  2026-01-24 16:40:06       0m 33s  ...                1.96         0.05
6  2026-01-24 16:40:40       0m 45s  ...               53.69         1.56

[7 rows x 26 columns]
             timestamp time_elapsed  ... severity_rate_patch Gradient_sr2
0  2026-01-24 16:36:24       0m 35s  ...                5.27         0.15
1  2026-01-24 16:37:00       0m 52s  ...               98.89         3.04
2  2026-01-24 16:37:52       0m 36s  ...                2.30         0.06
3  2026-01-24 16:38:28       0m 44s  ...               44.21         1.29
4  2026-01-24 16:39:13       0m 53s  ...               83.22         2.39
5  2026-01-24 16:40:06       0m 33s  ...                1.96         0.05
6  2026-01-24 16:40:40       0m 45s  ...               53.69         1.56
7  2026-01-24 16:41:26       0m 38s  ...               18.13         0.50

[8 rows x 26 columns]
             timestamp time_elapsed  ... severity_rate_patch Gradient_sr2
0  2026-01-24 16:36:24       0m 35s  ...                5.27         0.15
1  2026-01-24 16:37:00       0m 52s  ...               98.89         3.04
2  2026-01-24 16:37:52       0m 36s  ...                2.30         0.06
3  2026-01-24 16:38:28       0m 44s  ...               44.21         1.29
4  2026-01-24 16:39:13       0m 53s  ...               83.22         2.39
5  2026-01-24 16:40:06       0m 33s  ...                1.96         0.05
6  2026-01-24 16:40:40       0m 45s  ...               53.69         1.56
7  2026-01-24 16:41:26       0m 38s  ...               18.13         0.50
8  2026-01-24 16:42:04       0m 50s  ...               69.75         1.97

[9 rows x 26 columns]
             timestamp time_elapsed  ... severity_rate_patch Gradient_sr2
0  2026-01-24 16:36:24       0m 35s  ...                5.27         0.15
1  2026-01-24 16:37:00       0m 52s  ...               98.89         3.04
2  2026-01-24 16:37:52       0m 36s  ...                2.30         0.06
3  2026-01-24 16:38:28       0m 44s  ...               44.21         1.29
4  2026-01-24 16:39:13       0m 53s  ...               83.22         2.39
5  2026-01-24 16:40:06       0m 33s  ...                1.96         0.05
6  2026-01-24 16:40:40       0m 45s  ...               53.69         1.56
7  2026-01-24 16:41:26       0m 38s  ...               18.13         0.50
8  2026-01-24 16:42:04       0m 50s  ...               69.75         1.97
9  2026-01-24 16:42:55       0m 40s  ...               28.82         0.81

[10 rows x 26 columns]
              timestamp time_elapsed  ... severity_rate_patch Gradient_sr2
0   2026-01-24 16:36:24       0m 35s  ...                5.27         0.15
1   2026-01-24 16:37:00       0m 52s  ...               98.89         3.04
2   2026-01-24 16:37:52       0m 36s  ...                2.30         0.06
3   2026-01-24 16:38:28       0m 44s  ...               44.21         1.29
4   2026-01-24 16:39:13       0m 53s  ...               83.22         2.39
5   2026-01-24 16:40:06       0m 33s  ...                1.96         0.05
6   2026-01-24 16:40:40       0m 45s  ...               53.69         1.56
7   2026-01-24 16:41:26       0m 38s  ...               18.13         0.50
8   2026-01-24 16:42:04       0m 50s  ...               69.75         1.97
9   2026-01-24 16:42:55       0m 40s  ...               28.82         0.81
10  2026-01-24 16:43:35       0m 37s  ...                9.41         0.26

[11 rows x 26 columns]
              timestamp time_elapsed  ... severity_rate_patch Gradient_sr2
0   2026-01-24 16:36:24       0m 35s  ...                5.27         0.15
1   2026-01-24 16:37:00       0m 52s  ...               98.89         3.04
2   2026-01-24 16:37:52       0m 36s  ...                2.30         0.06
3   2026-01-24 16:38:28       0m 44s  ...               44.21         1.29
4   2026-01-24 16:39:13       0m 53s  ...               83.22         2.39
5   2026-01-24 16:40:06       0m 33s  ...                1.96         0.05
6   2026-01-24 16:40:40       0m 45s  ...               53.69         1.56
7   2026-01-24 16:41:26       0m 38s  ...               18.13         0.50
8   2026-01-24 16:42:04       0m 50s  ...               69.75         1.97
9   2026-01-24 16:42:55       0m 40s  ...               28.82         0.81
10  2026-01-24 16:43:35       0m 37s  ...                9.41         0.26
11  2026-01-24 16:44:12       0m 46s  ...               66.82         1.88

[12 rows x 26 columns]
              timestamp time_elapsed  ... severity_rate_patch Gradient_sr2
0   2026-01-24 16:36:24       0m 35s  ...                5.27         0.15
1   2026-01-24 16:37:00       0m 52s  ...               98.89         3.04
2   2026-01-24 16:37:52       0m 36s  ...                2.30         0.06
3   2026-01-24 16:38:28       0m 44s  ...               44.21         1.29
4   2026-01-24 16:39:13       0m 53s  ...               83.22         2.39
5   2026-01-24 16:40:06       0m 33s  ...                1.96         0.05
6   2026-01-24 16:40:40       0m 45s  ...               53.69         1.56
7   2026-01-24 16:41:26       0m 38s  ...               18.13         0.50
8   2026-01-24 16:42:04       0m 50s  ...               69.75         1.97
9   2026-01-24 16:42:55       0m 40s  ...               28.82         0.81
10  2026-01-24 16:43:35       0m 37s  ...                9.41         0.26
11  2026-01-24 16:44:12       0m 46s  ...               66.82         1.88
12  2026-01-24 16:44:59       0m 51s  ...               83.74         2.44

[13 rows x 26 columns]
              timestamp time_elapsed  ... severity_rate_patch Gradient_sr2
0   2026-01-24 16:36:24       0m 35s  ...                5.27         0.15
1   2026-01-24 16:37:00       0m 52s  ...               98.89         3.04
2   2026-01-24 16:37:52       0m 36s  ...                2.30         0.06
3   2026-01-24 16:38:28       0m 44s  ...               44.21         1.29
4   2026-01-24 16:39:13       0m 53s  ...               83.22         2.39
5   2026-01-24 16:40:06       0m 33s  ...                1.96         0.05
6   2026-01-24 16:40:40       0m 45s  ...               53.69         1.56
7   2026-01-24 16:41:26       0m 38s  ...               18.13         0.50
8   2026-01-24 16:42:04       0m 50s  ...               69.75         1.97
9   2026-01-24 16:42:55       0m 40s  ...               28.82         0.81
10  2026-01-24 16:43:35       0m 37s  ...                9.41         0.26
11  2026-01-24 16:44:12       0m 46s  ...               66.82         1.88
12  2026-01-24 16:44:59       0m 51s  ...               83.74         2.44
13  2026-01-24 16:45:50       0m 35s  ...               41.80         1.16

[14 rows x 26 columns]
              timestamp time_elapsed  ... severity_rate_patch Gradient_sr2
0   2026-01-24 16:36:24       0m 35s  ...                5.27         0.15
1   2026-01-24 16:37:00       0m 52s  ...               98.89         3.04
2   2026-01-24 16:37:52       0m 36s  ...                2.30         0.06
3   2026-01-24 16:38:28       0m 44s  ...               44.21         1.29
4   2026-01-24 16:39:13       0m 53s  ...               83.22         2.39
5   2026-01-24 16:40:06       0m 33s  ...                1.96         0.05
6   2026-01-24 16:40:40       0m 45s  ...               53.69         1.56
7   2026-01-24 16:41:26       0m 38s  ...               18.13         0.50
8   2026-01-24 16:42:04       0m 50s  ...               69.75         1.97
9   2026-01-24 16:42:55       0m 40s  ...               28.82         0.81
10  2026-01-24 16:43:35       0m 37s  ...                9.41         0.26
11  2026-01-24 16:44:12       0m 46s  ...               66.82         1.88
12  2026-01-24 16:44:59       0m 51s  ...               83.74         2.44
13  2026-01-24 16:45:50       0m 35s  ...               41.80         1.16
14  2026-01-24 16:46:26       0m 34s  ...               23.99         0.64

[15 rows x 26 columns]

real	10m44.466s
user	0m0.015s
sys	0m0.000s
