[2026-01-24 16:47:13,586] - [root] - [INFO] - leaf_correlation_mw.py
[2026-01-24 16:47:13,586] - [root] - [INFO] - model_type       : ResNet
[2026-01-24 16:47:13,586] - [root] - [INFO] - pretrained       : True
[2026-01-24 16:47:13,586] - [root] - [INFO] - loading_epoch    : 65
[2026-01-24 16:47:13,586] - [root] - [INFO] - timestamp        : Jan22_10-21-00_2026
[2026-01-24 16:47:13,586] - [root] - [INFO] - outdim           : 2
[2026-01-24 16:47:13,586] - [root] - [INFO] - dual_head        : True
[2026-01-24 16:47:13,586] - [root] - [INFO] - model_path       : ../..
[2026-01-24 16:47:13,586] - [root] - [INFO] - step_size        : 224
[2026-01-24 16:47:13,586] - [root] - [INFO] - means            : [0.541, 0.6371, 0.4188]
[2026-01-24 16:47:13,586] - [root] - [INFO] - stds             : [0.1764, 0.165, 0.2326]
[2026-01-24 16:47:13,586] - [root] - [INFO] - target_class     : 1
[2026-01-24 16:47:13,587] - [root] - [INFO] - contam_control   : False
[2026-01-24 16:47:13,587] - [root] - [INFO] - spor_th          : 0.9
[2026-01-24 16:47:13,587] - [root] - [INFO] - inf_gate         : 0.5
[2026-01-24 16:47:13,587] - [root] - [INFO] - pm               : HPM-1269
[2026-01-24 16:47:13,587] - [root] - [INFO] - mps              : False
[2026-01-24 16:47:13,587] - [root] - [INFO] - cuda             : True
[2026-01-24 16:47:13,587] - [root] - [INFO] - cuda_id          : 0
[2026-01-24 16:47:13,587] - [root] - [INFO] - sal_threshold    : 0.5
[2026-01-24 16:47:13,587] - [root] - [INFO] - up_threshold     : 0.8
[2026-01-24 16:47:13,587] - [root] - [INFO] - down_threshold   : 0.3
[2026-01-24 16:47:13,587] - [root] - [INFO] - dataset_path     : C:/Users/Intel User/Desktop/blackbird_scripts/data/human_disk_assessments
[2026-01-24 16:47:13,587] - [root] - [INFO] - img_folder       : 1-22-2026
[2026-01-24 16:47:13,587] - [root] - [INFO] - platform         : BlackBird
[2026-01-24 16:47:13,587] - [root] - [INFO] - threshold        : ['0.7']
[2026-01-24 16:47:13,587] - [root] - [INFO] - log              : ../../results/logs/random.log
[2026-01-24 16:47:13,587] - [root] - [INFO] - dpi              : 10
[2026-01-24 16:47:13,587] - [root] - [INFO] - group            : baseline
[2026-01-24 16:47:13,587] - [root] - [INFO] - trays            : ['10dpi']
[2026-01-24 16:47:13,587] - [root] - [INFO] - sal_gradcam      : False
[2026-01-24 16:47:13,587] - [root] - [INFO] - sal_gradient     : True
[2026-01-24 16:47:13,587] - [root] - [INFO] - sal_smoothgrad   : False
[2026-01-24 16:47:13,587] - [root] - [INFO] - sal_deeplift     : False
[2026-01-24 16:47:13,588] - [root] - [INFO] - sal_thresh_method : fixed
[2026-01-24 16:47:13,588] - [root] - [INFO] - sal_thresh_p     : 95.0
[2026-01-24 16:47:14,457] - [root] - [INFO] - -------------------------------------------
[2026-01-24 16:47:14,457] - [root] - [INFO] - Processing 1-22-2026 10dpi 046-W2021009-208_R2.png
[2026-01-24 16:47:33,400] - [root] - [INFO] - Finished loading mask: 0m 18s
[2026-01-24 16:47:43,539] - [root] - [INFO] - Finished crop and inference: 0m 29s
[2026-01-24 16:47:45,006] - [root] - [INFO] - Analysis finished: 0m 30s
[2026-01-24 16:47:45,006] - [root] - [INFO] - -------------------------------------------
[2026-01-24 16:47:45,006] - [root] - [INFO] - -------------------------------------------
[2026-01-24 16:47:45,006] - [root] - [INFO] - Processing 1-22-2026 10dpi 151-W2021011-479_R2.png
[2026-01-24 16:48:04,337] - [root] - [INFO] - Finished loading mask: 0m 19s
[2026-01-24 16:48:30,144] - [root] - [INFO] - Finished crop and inference: 0m 45s
[2026-01-24 16:48:31,732] - [root] - [INFO] - Analysis finished: 0m 46s
[2026-01-24 16:48:31,732] - [root] - [INFO] - -------------------------------------------
[2026-01-24 16:48:31,732] - [root] - [INFO] - -------------------------------------------
[2026-01-24 16:48:31,732] - [root] - [INFO] - Processing 1-22-2026 10dpi 152-W2021010-301_R2.png
[2026-01-24 16:48:51,133] - [root] - [INFO] - Finished loading mask: 0m 19s
[2026-01-24 16:49:02,031] - [root] - [INFO] - Finished crop and inference: 0m 30s
[2026-01-24 16:49:03,596] - [root] - [INFO] - Analysis finished: 0m 31s
[2026-01-24 16:49:03,596] - [root] - [INFO] - -------------------------------------------
[2026-01-24 16:49:03,596] - [root] - [INFO] - -------------------------------------------
[2026-01-24 16:49:03,596] - [root] - [INFO] - Processing 1-22-2026 10dpi 152-W2021011-479_R1.png
[2026-01-24 16:49:22,711] - [root] - [INFO] - Finished loading mask: 0m 19s
[2026-01-24 16:49:39,904] - [root] - [INFO] - Finished crop and inference: 0m 36s
[2026-01-24 16:49:41,397] - [root] - [INFO] - Analysis finished: 0m 37s
[2026-01-24 16:49:41,397] - [root] - [INFO] - -------------------------------------------
[2026-01-24 16:49:41,397] - [root] - [INFO] - -------------------------------------------
[2026-01-24 16:49:41,397] - [root] - [INFO] - Processing 1-22-2026 10dpi 162-W2021011-551_R2.png
[2026-01-24 16:50:01,326] - [root] - [INFO] - Finished loading mask: 0m 19s
[2026-01-24 16:50:27,840] - [root] - [INFO] - Finished crop and inference: 0m 46s
[2026-01-24 16:50:29,336] - [root] - [INFO] - Analysis finished: 0m 47s
[2026-01-24 16:50:29,337] - [root] - [INFO] - -------------------------------------------
[2026-01-24 16:50:29,337] - [root] - [INFO] - -------------------------------------------
[2026-01-24 16:50:29,337] - [root] - [INFO] - Processing 1-22-2026 10dpi 166-W2021006-123_R1.png
[2026-01-24 16:50:48,249] - [root] - [INFO] - Finished loading mask: 0m 18s
[2026-01-24 16:50:56,947] - [root] - [INFO] - Finished crop and inference: 0m 27s
[2026-01-24 16:50:58,467] - [root] - [INFO] - Analysis finished: 0m 29s
[2026-01-24 16:50:58,468] - [root] - [INFO] - -------------------------------------------
[2026-01-24 16:50:58,468] - [root] - [INFO] - -------------------------------------------
[2026-01-24 16:50:58,468] - [root] - [INFO] - Processing 1-22-2026 10dpi 166-W2021006-146_R1.png
[2026-01-24 16:51:17,725] - [root] - [INFO] - Finished loading mask: 0m 19s
[2026-01-24 16:51:37,662] - [root] - [INFO] - Finished crop and inference: 0m 39s
[2026-01-24 16:51:39,115] - [root] - [INFO] - Analysis finished: 0m 40s
[2026-01-24 16:51:39,115] - [root] - [INFO] - -------------------------------------------
[2026-01-24 16:51:39,116] - [root] - [INFO] - -------------------------------------------
[2026-01-24 16:51:39,116] - [root] - [INFO] - Processing 1-22-2026 10dpi 166-W2021006-146_R2.png
[2026-01-24 16:51:58,443] - [root] - [INFO] - Finished loading mask: 0m 19s
[2026-01-24 16:52:11,244] - [root] - [INFO] - Finished crop and inference: 0m 32s
[2026-01-24 16:52:12,770] - [root] - [INFO] - Analysis finished: 0m 33s
[2026-01-24 16:52:12,771] - [root] - [INFO] - -------------------------------------------
[2026-01-24 16:52:12,771] - [root] - [INFO] - -------------------------------------------
[2026-01-24 16:52:12,771] - [root] - [INFO] - Processing 1-22-2026 10dpi 171-W2021011-584_R1.png
[2026-01-24 16:52:32,436] - [root] - [INFO] - Finished loading mask: 0m 19s
[2026-01-24 16:52:56,023] - [root] - [INFO] - Finished crop and inference: 0m 43s
[2026-01-24 16:52:57,643] - [root] - [INFO] - Analysis finished: 0m 44s
[2026-01-24 16:52:57,643] - [root] - [INFO] - -------------------------------------------
[2026-01-24 16:52:57,643] - [root] - [INFO] - -------------------------------------------
[2026-01-24 16:52:57,643] - [root] - [INFO] - Processing 1-22-2026 10dpi 181-W2021009-295_R2.png
[2026-01-24 16:53:17,332] - [root] - [INFO] - Finished loading mask: 0m 19s
[2026-01-24 16:53:32,252] - [root] - [INFO] - Finished crop and inference: 0m 34s
[2026-01-24 16:53:33,810] - [root] - [INFO] - Analysis finished: 0m 36s
[2026-01-24 16:53:33,810] - [root] - [INFO] - -------------------------------------------
[2026-01-24 16:53:33,811] - [root] - [INFO] - -------------------------------------------
[2026-01-24 16:53:33,811] - [root] - [INFO] - Processing 1-22-2026 10dpi 182-W2021009-251_R1.png
[2026-01-24 16:53:53,058] - [root] - [INFO] - Finished loading mask: 0m 19s
[2026-01-24 16:54:04,773] - [root] - [INFO] - Finished crop and inference: 0m 30s
[2026-01-24 16:54:06,350] - [root] - [INFO] - Analysis finished: 0m 32s
[2026-01-24 16:54:06,350] - [root] - [INFO] - -------------------------------------------
[2026-01-24 16:54:06,351] - [root] - [INFO] - -------------------------------------------
[2026-01-24 16:54:06,351] - [root] - [INFO] - Processing 1-22-2026 10dpi 192-W2021010-449_R2.png
[2026-01-24 16:54:26,422] - [root] - [INFO] - Finished loading mask: 0m 20s
[2026-01-24 16:54:46,981] - [root] - [INFO] - Finished crop and inference: 0m 40s
[2026-01-24 16:54:48,714] - [root] - [INFO] - Analysis finished: 0m 42s
[2026-01-24 16:54:48,714] - [root] - [INFO] - -------------------------------------------
[2026-01-24 16:54:48,714] - [root] - [INFO] - -------------------------------------------
[2026-01-24 16:54:48,714] - [root] - [INFO] - Processing 1-22-2026 10dpi 206-W2021009-271_R2.png
[2026-01-24 16:55:09,449] - [root] - [INFO] - Finished loading mask: 0m 20s
[2026-01-24 16:55:35,312] - [root] - [INFO] - Finished crop and inference: 0m 46s
[2026-01-24 16:55:37,127] - [root] - [INFO] - Analysis finished: 0m 48s
[2026-01-24 16:55:37,127] - [root] - [INFO] - -------------------------------------------
[2026-01-24 16:55:37,127] - [root] - [INFO] - -------------------------------------------
[2026-01-24 16:55:37,127] - [root] - [INFO] - Processing 1-22-2026 10dpi 207-W2021009-271_R1.png
[2026-01-24 16:55:55,807] - [root] - [INFO] - Finished loading mask: 0m 18s
[2026-01-24 16:56:08,838] - [root] - [INFO] - Finished crop and inference: 0m 31s
[2026-01-24 16:56:10,602] - [root] - [INFO] - Analysis finished: 0m 33s
[2026-01-24 16:56:10,602] - [root] - [INFO] - -------------------------------------------
[2026-01-24 16:56:10,602] - [root] - [INFO] - -------------------------------------------
[2026-01-24 16:56:10,602] - [root] - [INFO] - Processing 1-22-2026 10dpi 233-W2021006-607_R1.png
[2026-01-24 16:56:29,461] - [root] - [INFO] - Finished loading mask: 0m 18s
[2026-01-24 16:56:40,976] - [root] - [INFO] - Finished crop and inference: 0m 30s
[2026-01-24 16:56:42,445] - [root] - [INFO] - Analysis finished: 0m 31s
[2026-01-24 16:56:42,445] - [root] - [INFO] - -------------------------------------------
[2026-01-24 16:56:42,452] - [root] - [INFO] - Saved C:\Users\Intel User\Desktop\blackbird_scripts\data\Results\ResNet_upth0.8_downth0.3_Jan22_10-21-00_2026\1-22-2026\th_0.7\severity_rate_tray_10dpi_u0.8_d0.3_ig0.5_sp0.9_20260124_165610.csv
             timestamp time_elapsed  ... severity_rate_patch Gradient_sr2
0  2026-01-24 16:47:14       0m 30s  ...                4.55         0.13

[1 rows x 26 columns]
             timestamp time_elapsed  ... severity_rate_patch Gradient_sr2
0  2026-01-24 16:47:14       0m 30s  ...                4.55         0.13
1  2026-01-24 16:47:45       0m 46s  ...               98.89         3.04

[2 rows x 26 columns]
             timestamp time_elapsed  ... severity_rate_patch Gradient_sr2
0  2026-01-24 16:47:14       0m 30s  ...                4.55         0.13
1  2026-01-24 16:47:45       0m 46s  ...               98.89         3.04
2  2026-01-24 16:48:31       0m 31s  ...                1.37         0.03

[3 rows x 26 columns]
             timestamp time_elapsed  ... severity_rate_patch Gradient_sr2
0  2026-01-24 16:47:14       0m 30s  ...                4.55         0.13
1  2026-01-24 16:47:45       0m 46s  ...               98.89         3.04
2  2026-01-24 16:48:31       0m 31s  ...                1.37         0.03
3  2026-01-24 16:49:03       0m 37s  ...               43.52         1.26

[4 rows x 26 columns]
             timestamp time_elapsed  ... severity_rate_patch Gradient_sr2
0  2026-01-24 16:47:14       0m 30s  ...                4.55         0.13
1  2026-01-24 16:47:45       0m 46s  ...               98.89         3.04
2  2026-01-24 16:48:31       0m 31s  ...                1.37         0.03
3  2026-01-24 16:49:03       0m 37s  ...               43.52         1.26
4  2026-01-24 16:49:41       0m 47s  ...               82.93         2.35

[5 rows x 26 columns]
             timestamp time_elapsed  ... severity_rate_patch Gradient_sr2
0  2026-01-24 16:47:14       0m 30s  ...                4.55         0.13
1  2026-01-24 16:47:45       0m 46s  ...               98.89         3.04
2  2026-01-24 16:48:31       0m 31s  ...                1.37         0.03
3  2026-01-24 16:49:03       0m 37s  ...               43.52         1.26
4  2026-01-24 16:49:41       0m 47s  ...               82.93         2.35
5  2026-01-24 16:50:29       0m 29s  ...                0.83         0.02

[6 rows x 26 columns]
             timestamp time_elapsed  ... severity_rate_patch Gradient_sr2
0  2026-01-24 16:47:14       0m 30s  ...                4.55         0.13
1  2026-01-24 16:47:45       0m 46s  ...               98.89         3.04
2  2026-01-24 16:48:31       0m 31s  ...                1.37         0.03
3  2026-01-24 16:49:03       0m 37s  ...               43.52         1.26
4  2026-01-24 16:49:41       0m 47s  ...               82.93         2.35
5  2026-01-24 16:50:29       0m 29s  ...                0.83         0.02
6  2026-01-24 16:50:58       0m 40s  ...               52.94         1.51

[7 rows x 26 columns]
             timestamp time_elapsed  ... severity_rate_patch Gradient_sr2
0  2026-01-24 16:47:14       0m 30s  ...                4.55         0.13
1  2026-01-24 16:47:45       0m 46s  ...               98.89         3.04
2  2026-01-24 16:48:31       0m 31s  ...                1.37         0.03
3  2026-01-24 16:49:03       0m 37s  ...               43.52         1.26
4  2026-01-24 16:49:41       0m 47s  ...               82.93         2.35
5  2026-01-24 16:50:29       0m 29s  ...                0.83         0.02
6  2026-01-24 16:50:58       0m 40s  ...               52.94         1.51
7  2026-01-24 16:51:39       0m 33s  ...               15.70         0.43

[8 rows x 26 columns]
             timestamp time_elapsed  ... severity_rate_patch Gradient_sr2
0  2026-01-24 16:47:14       0m 30s  ...                4.55         0.13
1  2026-01-24 16:47:45       0m 46s  ...               98.89         3.04
2  2026-01-24 16:48:31       0m 31s  ...                1.37         0.03
3  2026-01-24 16:49:03       0m 37s  ...               43.52         1.26
4  2026-01-24 16:49:41       0m 47s  ...               82.93         2.35
5  2026-01-24 16:50:29       0m 29s  ...                0.83         0.02
6  2026-01-24 16:50:58       0m 40s  ...               52.94         1.51
7  2026-01-24 16:51:39       0m 33s  ...               15.70         0.43
8  2026-01-24 16:52:12       0m 44s  ...               68.62         1.88

[9 rows x 26 columns]
             timestamp time_elapsed  ... severity_rate_patch Gradient_sr2
0  2026-01-24 16:47:14       0m 30s  ...                4.55         0.13
1  2026-01-24 16:47:45       0m 46s  ...               98.89         3.04
2  2026-01-24 16:48:31       0m 31s  ...                1.37         0.03
3  2026-01-24 16:49:03       0m 37s  ...               43.52         1.26
4  2026-01-24 16:49:41       0m 47s  ...               82.93         2.35
5  2026-01-24 16:50:29       0m 29s  ...                0.83         0.02
6  2026-01-24 16:50:58       0m 40s  ...               52.94         1.51
7  2026-01-24 16:51:39       0m 33s  ...               15.70         0.43
8  2026-01-24 16:52:12       0m 44s  ...               68.62         1.88
9  2026-01-24 16:52:57       0m 36s  ...               27.03         0.74

[10 rows x 26 columns]
              timestamp time_elapsed  ... severity_rate_patch Gradient_sr2
0   2026-01-24 16:47:14       0m 30s  ...                4.55         0.13
1   2026-01-24 16:47:45       0m 46s  ...               98.89         3.04
2   2026-01-24 16:48:31       0m 31s  ...                1.37         0.03
3   2026-01-24 16:49:03       0m 37s  ...               43.52         1.26
4   2026-01-24 16:49:41       0m 47s  ...               82.93         2.35
5   2026-01-24 16:50:29       0m 29s  ...                0.83         0.02
6   2026-01-24 16:50:58       0m 40s  ...               52.94         1.51
7   2026-01-24 16:51:39       0m 33s  ...               15.70         0.43
8   2026-01-24 16:52:12       0m 44s  ...               68.62         1.88
9   2026-01-24 16:52:57       0m 36s  ...               27.03         0.74
10  2026-01-24 16:53:33       0m 32s  ...                6.11         0.17

[11 rows x 26 columns]
              timestamp time_elapsed  ... severity_rate_patch Gradient_sr2
0   2026-01-24 16:47:14       0m 30s  ...                4.55         0.13
1   2026-01-24 16:47:45       0m 46s  ...               98.89         3.04
2   2026-01-24 16:48:31       0m 31s  ...                1.37         0.03
3   2026-01-24 16:49:03       0m 37s  ...               43.52         1.26
4   2026-01-24 16:49:41       0m 47s  ...               82.93         2.35
5   2026-01-24 16:50:29       0m 29s  ...                0.83         0.02
6   2026-01-24 16:50:58       0m 40s  ...               52.94         1.51
7   2026-01-24 16:51:39       0m 33s  ...               15.70         0.43
8   2026-01-24 16:52:12       0m 44s  ...               68.62         1.88
9   2026-01-24 16:52:57       0m 36s  ...               27.03         0.74
10  2026-01-24 16:53:33       0m 32s  ...                6.11         0.17
11  2026-01-24 16:54:06       0m 42s  ...               66.36         1.85

[12 rows x 26 columns]
              timestamp time_elapsed  ... severity_rate_patch Gradient_sr2
0   2026-01-24 16:47:14       0m 30s  ...                4.55         0.13
1   2026-01-24 16:47:45       0m 46s  ...               98.89         3.04
2   2026-01-24 16:48:31       0m 31s  ...                1.37         0.03
3   2026-01-24 16:49:03       0m 37s  ...               43.52         1.26
4   2026-01-24 16:49:41       0m 47s  ...               82.93         2.35
5   2026-01-24 16:50:29       0m 29s  ...                0.83         0.02
6   2026-01-24 16:50:58       0m 40s  ...               52.94         1.51
7   2026-01-24 16:51:39       0m 33s  ...               15.70         0.43
8   2026-01-24 16:52:12       0m 44s  ...               68.62         1.88
9   2026-01-24 16:52:57       0m 36s  ...               27.03         0.74
10  2026-01-24 16:53:33       0m 32s  ...                6.11         0.17
11  2026-01-24 16:54:06       0m 42s  ...               66.36         1.85
12  2026-01-24 16:54:48       0m 48s  ...               83.43         2.39

[13 rows x 26 columns]
              timestamp time_elapsed  ... severity_rate_patch Gradient_sr2
0   2026-01-24 16:47:14       0m 30s  ...                4.55         0.13
1   2026-01-24 16:47:45       0m 46s  ...               98.89         3.04
2   2026-01-24 16:48:31       0m 31s  ...                1.37         0.03
3   2026-01-24 16:49:03       0m 37s  ...               43.52         1.26
4   2026-01-24 16:49:41       0m 47s  ...               82.93         2.35
5   2026-01-24 16:50:29       0m 29s  ...                0.83         0.02
6   2026-01-24 16:50:58       0m 40s  ...               52.94         1.51
7   2026-01-24 16:51:39       0m 33s  ...               15.70         0.43
8   2026-01-24 16:52:12       0m 44s  ...               68.62         1.88
9   2026-01-24 16:52:57       0m 36s  ...               27.03         0.74
10  2026-01-24 16:53:33       0m 32s  ...                6.11         0.17
11  2026-01-24 16:54:06       0m 42s  ...               66.36         1.85
12  2026-01-24 16:54:48       0m 48s  ...               83.43         2.39
13  2026-01-24 16:55:37       0m 33s  ...               40.07         1.08

[14 rows x 26 columns]
              timestamp time_elapsed  ... severity_rate_patch Gradient_sr2
0   2026-01-24 16:47:14       0m 30s  ...                4.55         0.13
1   2026-01-24 16:47:45       0m 46s  ...               98.89         3.04
2   2026-01-24 16:48:31       0m 31s  ...                1.37         0.03
3   2026-01-24 16:49:03       0m 37s  ...               43.52         1.26
4   2026-01-24 16:49:41       0m 47s  ...               82.93         2.35
5   2026-01-24 16:50:29       0m 29s  ...                0.83         0.02
6   2026-01-24 16:50:58       0m 40s  ...               52.94         1.51
7   2026-01-24 16:51:39       0m 33s  ...               15.70         0.43
8   2026-01-24 16:52:12       0m 44s  ...               68.62         1.88
9   2026-01-24 16:52:57       0m 36s  ...               27.03         0.74
10  2026-01-24 16:53:33       0m 32s  ...                6.11         0.17
11  2026-01-24 16:54:06       0m 42s  ...               66.36         1.85
12  2026-01-24 16:54:48       0m 48s  ...               83.43         2.39
13  2026-01-24 16:55:37       0m 33s  ...               40.07         1.08
14  2026-01-24 16:56:10       0m 31s  ...               21.04         0.54

[15 rows x 26 columns]

real	9m34.999s
user	0m0.000s
sys	0m0.000s
