[2026-01-24 15:04:18,891] - [root] - [INFO] - leaf_correlation_mw.py
[2026-01-24 15:04:18,891] - [root] - [INFO] - model_type       : ResNet
[2026-01-24 15:04:18,891] - [root] - [INFO] - pretrained       : True
[2026-01-24 15:04:18,892] - [root] - [INFO] - loading_epoch    : 59
[2026-01-24 15:04:18,892] - [root] - [INFO] - timestamp        : Feb14_15-53-04_2024
[2026-01-24 15:04:18,892] - [root] - [INFO] - outdim           : 2
[2026-01-24 15:04:18,892] - [root] - [INFO] - dual_head        : False
[2026-01-24 15:04:18,892] - [root] - [INFO] - model_path       : ../..
[2026-01-24 15:04:18,892] - [root] - [INFO] - step_size        : 224
[2026-01-24 15:04:18,892] - [root] - [INFO] - means            : [0.541, 0.6371, 0.4188]
[2026-01-24 15:04:18,892] - [root] - [INFO] - stds             : [0.1764, 0.165, 0.2326]
[2026-01-24 15:04:18,893] - [root] - [INFO] - target_class     : 1
[2026-01-24 15:04:18,893] - [root] - [INFO] - contam_control   : False
[2026-01-24 15:04:18,893] - [root] - [INFO] - spor_th          : None
[2026-01-24 15:04:18,893] - [root] - [INFO] - inf_gate         : None
[2026-01-24 15:04:18,893] - [root] - [INFO] - pm               : HPM-1269
[2026-01-24 15:04:18,893] - [root] - [INFO] - mps              : False
[2026-01-24 15:04:18,893] - [root] - [INFO] - cuda             : True
[2026-01-24 15:04:18,893] - [root] - [INFO] - cuda_id          : 0
[2026-01-24 15:04:18,893] - [root] - [INFO] - sal_threshold    : 0.5
[2026-01-24 15:04:18,893] - [root] - [INFO] - up_threshold     : 0.5
[2026-01-24 15:04:18,893] - [root] - [INFO] - down_threshold   : 0.1
[2026-01-24 15:04:18,893] - [root] - [INFO] - dataset_path     : C:/Users/Intel User/Desktop/blackbird_scripts/data/human_disk_assessments
[2026-01-24 15:04:18,893] - [root] - [INFO] - img_folder       : 1-22-2026
[2026-01-24 15:04:18,894] - [root] - [INFO] - platform         : BlackBird
[2026-01-24 15:04:18,894] - [root] - [INFO] - threshold        : ['0.7']
[2026-01-24 15:04:18,894] - [root] - [INFO] - log              : ../../results/logs/random.log
[2026-01-24 15:04:18,894] - [root] - [INFO] - dpi              : 5
[2026-01-24 15:04:18,894] - [root] - [INFO] - group            : baseline
[2026-01-24 15:04:18,894] - [root] - [INFO] - trays            : ['5dpi']
[2026-01-24 15:04:18,894] - [root] - [INFO] - sal_gradcam      : False
[2026-01-24 15:04:18,894] - [root] - [INFO] - sal_gradient     : True
[2026-01-24 15:04:18,894] - [root] - [INFO] - sal_smoothgrad   : False
[2026-01-24 15:04:18,894] - [root] - [INFO] - sal_deeplift     : False
[2026-01-24 15:04:18,894] - [root] - [INFO] - sal_thresh_method : fixed
[2026-01-24 15:04:18,894] - [root] - [INFO] - sal_thresh_p     : 95.0
[2026-01-24 15:04:20,398] - [root] - [INFO] - -------------------------------------------
[2026-01-24 15:04:20,398] - [root] - [INFO] - Processing 1-22-2026 5dpi 005-W2021011-592_R2.png
[2026-01-24 15:04:42,434] - [root] - [INFO] - Finished loading mask: 0m 22s
[2026-01-24 15:04:55,093] - [root] - [INFO] - Finished crop and inference: 0m 34s
[2026-01-24 15:04:57,903] - [root] - [INFO] - Analysis finished: 0m 37s
[2026-01-24 15:04:57,903] - [root] - [INFO] - -------------------------------------------
[2026-01-24 15:04:57,903] - [root] - [INFO] - -------------------------------------------
[2026-01-24 15:04:57,903] - [root] - [INFO] - Processing 1-22-2026 5dpi 022-W2021009-198_R2.png
[2026-01-24 15:05:19,510] - [root] - [INFO] - Finished loading mask: 0m 21s
[2026-01-24 15:05:33,236] - [root] - [INFO] - Finished crop and inference: 0m 35s
[2026-01-24 15:05:35,250] - [root] - [INFO] - Analysis finished: 0m 37s
[2026-01-24 15:05:35,250] - [root] - [INFO] - -------------------------------------------
[2026-01-24 15:05:35,250] - [root] - [INFO] - -------------------------------------------
[2026-01-24 15:05:35,250] - [root] - [INFO] - Processing 1-22-2026 5dpi 047-W2021011-482_R1.png
[2026-01-24 15:05:57,349] - [root] - [INFO] - Finished loading mask: 0m 22s
[2026-01-24 15:06:18,882] - [root] - [INFO] - Finished crop and inference: 0m 43s
[2026-01-24 15:06:20,437] - [root] - [INFO] - Analysis finished: 0m 45s
[2026-01-24 15:06:20,437] - [root] - [INFO] - -------------------------------------------
[2026-01-24 15:06:20,437] - [root] - [INFO] - -------------------------------------------
[2026-01-24 15:06:20,437] - [root] - [INFO] - Processing 1-22-2026 5dpi 055-W2021010-397_R2.png
[2026-01-24 15:06:42,305] - [root] - [INFO] - Finished loading mask: 0m 21s
[2026-01-24 15:06:56,935] - [root] - [INFO] - Finished crop and inference: 0m 36s
[2026-01-24 15:06:58,266] - [root] - [INFO] - Analysis finished: 0m 37s
[2026-01-24 15:06:58,266] - [root] - [INFO] - -------------------------------------------
[2026-01-24 15:06:58,267] - [root] - [INFO] - -------------------------------------------
[2026-01-24 15:06:58,267] - [root] - [INFO] - Processing 1-22-2026 5dpi 121-W2021009-185_R1.png
[2026-01-24 15:07:20,602] - [root] - [INFO] - Finished loading mask: 0m 22s
[2026-01-24 15:07:31,634] - [root] - [INFO] - Finished crop and inference: 0m 33s
[2026-01-24 15:07:33,096] - [root] - [INFO] - Analysis finished: 0m 34s
[2026-01-24 15:07:33,096] - [root] - [INFO] - -------------------------------------------
[2026-01-24 15:07:33,096] - [root] - [INFO] - -------------------------------------------
[2026-01-24 15:07:33,096] - [root] - [INFO] - Processing 1-22-2026 5dpi 128-W2021006-013_R1.png
[2026-01-24 15:07:55,515] - [root] - [INFO] - Finished loading mask: 0m 22s
[2026-01-24 15:08:20,732] - [root] - [INFO] - Finished crop and inference: 0m 47s
[2026-01-24 15:08:21,943] - [root] - [INFO] - Analysis finished: 0m 48s
[2026-01-24 15:08:21,943] - [root] - [INFO] - -------------------------------------------
[2026-01-24 15:08:21,943] - [root] - [INFO] - -------------------------------------------
[2026-01-24 15:08:21,943] - [root] - [INFO] - Processing 1-22-2026 5dpi 149-W2021010-417_R1.png
[2026-01-24 15:08:44,354] - [root] - [INFO] - Finished loading mask: 0m 22s
[2026-01-24 15:08:58,520] - [root] - [INFO] - Finished crop and inference: 0m 36s
[2026-01-24 15:08:59,774] - [root] - [INFO] - Analysis finished: 0m 37s
[2026-01-24 15:08:59,774] - [root] - [INFO] - -------------------------------------------
[2026-01-24 15:08:59,774] - [root] - [INFO] - -------------------------------------------
[2026-01-24 15:08:59,774] - [root] - [INFO] - Processing 1-22-2026 5dpi 156-W2021009-276_R2.png
[2026-01-24 15:09:21,537] - [root] - [INFO] - Finished loading mask: 0m 21s
[2026-01-24 15:09:36,546] - [root] - [INFO] - Finished crop and inference: 0m 36s
[2026-01-24 15:09:37,896] - [root] - [INFO] - Analysis finished: 0m 38s
[2026-01-24 15:09:37,896] - [root] - [INFO] - -------------------------------------------
[2026-01-24 15:09:37,896] - [root] - [INFO] - -------------------------------------------
[2026-01-24 15:09:37,896] - [root] - [INFO] - Processing 1-22-2026 5dpi 172-W2021011-557_R2.png
[2026-01-24 15:09:59,962] - [root] - [INFO] - Finished loading mask: 0m 22s
[2026-01-24 15:10:14,511] - [root] - [INFO] - Finished crop and inference: 0m 36s
[2026-01-24 15:10:15,804] - [root] - [INFO] - Analysis finished: 0m 37s
[2026-01-24 15:10:15,804] - [root] - [INFO] - -------------------------------------------
[2026-01-24 15:10:15,805] - [root] - [INFO] - -------------------------------------------
[2026-01-24 15:10:15,805] - [root] - [INFO] - Processing 1-22-2026 5dpi 180-W2021011-476_R2.png
[2026-01-24 15:10:38,123] - [root] - [INFO] - Finished loading mask: 0m 22s
[2026-01-24 15:10:57,834] - [root] - [INFO] - Finished crop and inference: 0m 42s
[2026-01-24 15:10:59,101] - [root] - [INFO] - Analysis finished: 0m 43s
[2026-01-24 15:10:59,101] - [root] - [INFO] - -------------------------------------------
[2026-01-24 15:10:59,102] - [root] - [INFO] - -------------------------------------------
[2026-01-24 15:10:59,102] - [root] - [INFO] - Processing 1-22-2026 5dpi 183-W2021009-295_R1.png
[2026-01-24 15:11:21,223] - [root] - [INFO] - Finished loading mask: 0m 22s
[2026-01-24 15:11:32,323] - [root] - [INFO] - Finished crop and inference: 0m 33s
[2026-01-24 15:11:33,557] - [root] - [INFO] - Analysis finished: 0m 34s
[2026-01-24 15:11:33,558] - [root] - [INFO] - -------------------------------------------
[2026-01-24 15:11:33,558] - [root] - [INFO] - -------------------------------------------
[2026-01-24 15:11:33,558] - [root] - [INFO] - Processing 1-22-2026 5dpi 187-W2021010-348_R2.png
[2026-01-24 15:11:55,847] - [root] - [INFO] - Finished loading mask: 0m 22s
[2026-01-24 15:12:17,743] - [root] - [INFO] - Finished crop and inference: 0m 44s
[2026-01-24 15:12:18,981] - [root] - [INFO] - Analysis finished: 0m 45s
[2026-01-24 15:12:18,981] - [root] - [INFO] - -------------------------------------------
[2026-01-24 15:12:18,981] - [root] - [INFO] - -------------------------------------------
[2026-01-24 15:12:18,981] - [root] - [INFO] - Processing 1-22-2026 5dpi 206-W2021010-344_R1.png
[2026-01-24 15:12:41,203] - [root] - [INFO] - Finished loading mask: 0m 22s
[2026-01-24 15:12:51,896] - [root] - [INFO] - Finished crop and inference: 0m 32s
[2026-01-24 15:12:53,177] - [root] - [INFO] - Analysis finished: 0m 34s
[2026-01-24 15:12:53,177] - [root] - [INFO] - -------------------------------------------
[2026-01-24 15:12:53,177] - [root] - [INFO] - -------------------------------------------
[2026-01-24 15:12:53,177] - [root] - [INFO] - Processing 1-22-2026 5dpi 208-W2021009-268_R2.png
[2026-01-24 15:13:15,179] - [root] - [INFO] - Finished loading mask: 0m 22s
[2026-01-24 15:13:32,399] - [root] - [INFO] - Finished crop and inference: 0m 39s
[2026-01-24 15:13:33,667] - [root] - [INFO] - Analysis finished: 0m 40s
[2026-01-24 15:13:33,667] - [root] - [INFO] - -------------------------------------------
[2026-01-24 15:13:33,667] - [root] - [INFO] - -------------------------------------------
[2026-01-24 15:13:33,667] - [root] - [INFO] - Processing 1-22-2026 5dpi 254-W2021010-352_R2.png
[2026-01-24 15:13:55,195] - [root] - [INFO] - Finished loading mask: 0m 21s
[2026-01-24 15:14:03,826] - [root] - [INFO] - Finished crop and inference: 0m 30s
[2026-01-24 15:14:05,121] - [root] - [INFO] - Analysis finished: 0m 31s
[2026-01-24 15:14:05,121] - [root] - [INFO] - -------------------------------------------
[2026-01-24 15:14:05,129] - [root] - [INFO] - Saved C:\Users\Intel User\Desktop\blackbird_scripts\data\Results\ResNet_upth0.5_downth0.1_Feb14_15-53-04_2024\1-22-2026\th_0.7\severity_rate_tray_5dpi_u0.5_d0.1_ig0.1_sp0.5_20260124_151333.csv
WARNING: outdim>=2 but dual_head flag not set. If you're using a dual-head model, please set --dual_head.
             timestamp time_elapsed  ... severity_rate_patch Gradient_sr2
0  2026-01-24 15:04:20       0m 37s  ...                 1.3         0.03

[1 rows x 22 columns]
             timestamp time_elapsed  ... severity_rate_patch Gradient_sr2
0  2026-01-24 15:04:20       0m 37s  ...                1.30         0.03
1  2026-01-24 15:04:57       0m 37s  ...                4.17         0.09

[2 rows x 22 columns]
             timestamp time_elapsed  ... severity_rate_patch Gradient_sr2
0  2026-01-24 15:04:20       0m 37s  ...                1.30         0.03
1  2026-01-24 15:04:57       0m 37s  ...                4.17         0.09
2  2026-01-24 15:05:35       0m 45s  ...               40.43         0.98

[3 rows x 22 columns]
             timestamp time_elapsed  ... severity_rate_patch Gradient_sr2
0  2026-01-24 15:04:20       0m 37s  ...                1.30         0.03
1  2026-01-24 15:04:57       0m 37s  ...                4.17         0.09
2  2026-01-24 15:05:35       0m 45s  ...               40.43         0.98
3  2026-01-24 15:06:20       0m 37s  ...                8.07         0.19

[4 rows x 22 columns]
             timestamp time_elapsed  ... severity_rate_patch Gradient_sr2
0  2026-01-24 15:04:20       0m 37s  ...                1.30         0.03
1  2026-01-24 15:04:57       0m 37s  ...                4.17         0.09
2  2026-01-24 15:05:35       0m 45s  ...               40.43         0.98
3  2026-01-24 15:06:20       0m 37s  ...                8.07         0.19
4  2026-01-24 15:06:58       0m 34s  ...                0.86         0.02

[5 rows x 22 columns]
             timestamp time_elapsed  ... severity_rate_patch Gradient_sr2
0  2026-01-24 15:04:20       0m 37s  ...                1.30         0.03
1  2026-01-24 15:04:57       0m 37s  ...                4.17         0.09
2  2026-01-24 15:05:35       0m 45s  ...               40.43         0.98
3  2026-01-24 15:06:20       0m 37s  ...                8.07         0.19
4  2026-01-24 15:06:58       0m 34s  ...                0.86         0.02
5  2026-01-24 15:07:33       0m 48s  ...               77.76         1.83

[6 rows x 22 columns]
             timestamp time_elapsed  ... severity_rate_patch Gradient_sr2
0  2026-01-24 15:04:20       0m 37s  ...                1.30         0.03
1  2026-01-24 15:04:57       0m 37s  ...                4.17         0.09
2  2026-01-24 15:05:35       0m 45s  ...               40.43         0.98
3  2026-01-24 15:06:20       0m 37s  ...                8.07         0.19
4  2026-01-24 15:06:58       0m 34s  ...                0.86         0.02
5  2026-01-24 15:07:33       0m 48s  ...               77.76         1.83
6  2026-01-24 15:08:21       0m 37s  ...               10.92         0.29

[7 rows x 22 columns]
             timestamp time_elapsed  ... severity_rate_patch Gradient_sr2
0  2026-01-24 15:04:20       0m 37s  ...                1.30         0.03
1  2026-01-24 15:04:57       0m 37s  ...                4.17         0.09
2  2026-01-24 15:05:35       0m 45s  ...               40.43         0.98
3  2026-01-24 15:06:20       0m 37s  ...                8.07         0.19
4  2026-01-24 15:06:58       0m 34s  ...                0.86         0.02
5  2026-01-24 15:07:33       0m 48s  ...               77.76         1.83
6  2026-01-24 15:08:21       0m 37s  ...               10.92         0.29
7  2026-01-24 15:08:59       0m 38s  ...               10.75         0.23

[8 rows x 22 columns]
             timestamp time_elapsed  ... severity_rate_patch Gradient_sr2
0  2026-01-24 15:04:20       0m 37s  ...                1.30         0.03
1  2026-01-24 15:04:57       0m 37s  ...                4.17         0.09
2  2026-01-24 15:05:35       0m 45s  ...               40.43         0.98
3  2026-01-24 15:06:20       0m 37s  ...                8.07         0.19
4  2026-01-24 15:06:58       0m 34s  ...                0.86         0.02
5  2026-01-24 15:07:33       0m 48s  ...               77.76         1.83
6  2026-01-24 15:08:21       0m 37s  ...               10.92         0.29
7  2026-01-24 15:08:59       0m 38s  ...               10.75         0.23
8  2026-01-24 15:09:37       0m 37s  ...                8.64         0.22

[9 rows x 22 columns]
             timestamp time_elapsed  ... severity_rate_patch Gradient_sr2
0  2026-01-24 15:04:20       0m 37s  ...                1.30         0.03
1  2026-01-24 15:04:57       0m 37s  ...                4.17         0.09
2  2026-01-24 15:05:35       0m 45s  ...               40.43         0.98
3  2026-01-24 15:06:20       0m 37s  ...                8.07         0.19
4  2026-01-24 15:06:58       0m 34s  ...                0.86         0.02
5  2026-01-24 15:07:33       0m 48s  ...               77.76         1.83
6  2026-01-24 15:08:21       0m 37s  ...               10.92         0.29
7  2026-01-24 15:08:59       0m 38s  ...               10.75         0.23
8  2026-01-24 15:09:37       0m 37s  ...                8.64         0.22
9  2026-01-24 15:10:15       0m 43s  ...               52.14         1.28

[10 rows x 22 columns]
              timestamp time_elapsed  ... severity_rate_patch Gradient_sr2
0   2026-01-24 15:04:20       0m 37s  ...                1.30         0.03
1   2026-01-24 15:04:57       0m 37s  ...                4.17         0.09
2   2026-01-24 15:05:35       0m 45s  ...               40.43         0.98
3   2026-01-24 15:06:20       0m 37s  ...                8.07         0.19
4   2026-01-24 15:06:58       0m 34s  ...                0.86         0.02
5   2026-01-24 15:07:33       0m 48s  ...               77.76         1.83
6   2026-01-24 15:08:21       0m 37s  ...               10.92         0.29
7   2026-01-24 15:08:59       0m 38s  ...               10.75         0.23
8   2026-01-24 15:09:37       0m 37s  ...                8.64         0.22
9   2026-01-24 15:10:15       0m 43s  ...               52.14         1.28
10  2026-01-24 15:10:59       0m 34s  ...                8.06         0.16

[11 rows x 22 columns]
              timestamp time_elapsed  ... severity_rate_patch Gradient_sr2
0   2026-01-24 15:04:20       0m 37s  ...                1.30         0.03
1   2026-01-24 15:04:57       0m 37s  ...                4.17         0.09
2   2026-01-24 15:05:35       0m 45s  ...               40.43         0.98
3   2026-01-24 15:06:20       0m 37s  ...                8.07         0.19
4   2026-01-24 15:06:58       0m 34s  ...                0.86         0.02
5   2026-01-24 15:07:33       0m 48s  ...               77.76         1.83
6   2026-01-24 15:08:21       0m 37s  ...               10.92         0.29
7   2026-01-24 15:08:59       0m 38s  ...               10.75         0.23
8   2026-01-24 15:09:37       0m 37s  ...                8.64         0.22
9   2026-01-24 15:10:15       0m 43s  ...               52.14         1.28
10  2026-01-24 15:10:59       0m 34s  ...                8.06         0.16
11  2026-01-24 15:11:33       0m 45s  ...               77.87         1.72

[12 rows x 22 columns]
              timestamp time_elapsed  ... severity_rate_patch Gradient_sr2
0   2026-01-24 15:04:20       0m 37s  ...                1.30         0.03
1   2026-01-24 15:04:57       0m 37s  ...                4.17         0.09
2   2026-01-24 15:05:35       0m 45s  ...               40.43         0.98
3   2026-01-24 15:06:20       0m 37s  ...                8.07         0.19
4   2026-01-24 15:06:58       0m 34s  ...                0.86         0.02
5   2026-01-24 15:07:33       0m 48s  ...               77.76         1.83
6   2026-01-24 15:08:21       0m 37s  ...               10.92         0.29
7   2026-01-24 15:08:59       0m 38s  ...               10.75         0.23
8   2026-01-24 15:09:37       0m 37s  ...                8.64         0.22
9   2026-01-24 15:10:15       0m 43s  ...               52.14         1.28
10  2026-01-24 15:10:59       0m 34s  ...                8.06         0.16
11  2026-01-24 15:11:33       0m 45s  ...               77.87         1.72
12  2026-01-24 15:12:18       0m 34s  ...                1.76         0.03

[13 rows x 22 columns]
              timestamp time_elapsed  ... severity_rate_patch Gradient_sr2
0   2026-01-24 15:04:20       0m 37s  ...                1.30         0.03
1   2026-01-24 15:04:57       0m 37s  ...                4.17         0.09
2   2026-01-24 15:05:35       0m 45s  ...               40.43         0.98
3   2026-01-24 15:06:20       0m 37s  ...                8.07         0.19
4   2026-01-24 15:06:58       0m 34s  ...                0.86         0.02
5   2026-01-24 15:07:33       0m 48s  ...               77.76         1.83
6   2026-01-24 15:08:21       0m 37s  ...               10.92         0.29
7   2026-01-24 15:08:59       0m 38s  ...               10.75         0.23
8   2026-01-24 15:09:37       0m 37s  ...                8.64         0.22
9   2026-01-24 15:10:15       0m 43s  ...               52.14         1.28
10  2026-01-24 15:10:59       0m 34s  ...                8.06         0.16
11  2026-01-24 15:11:33       0m 45s  ...               77.87         1.72
12  2026-01-24 15:12:18       0m 34s  ...                1.76         0.03
13  2026-01-24 15:12:53       0m 40s  ...               34.25         0.67

[14 rows x 22 columns]
              timestamp time_elapsed  ... severity_rate_patch Gradient_sr2
0   2026-01-24 15:04:20       0m 37s  ...                1.30         0.03
1   2026-01-24 15:04:57       0m 37s  ...                4.17         0.09
2   2026-01-24 15:05:35       0m 45s  ...               40.43         0.98
3   2026-01-24 15:06:20       0m 37s  ...                8.07         0.19
4   2026-01-24 15:06:58       0m 34s  ...                0.86         0.02
5   2026-01-24 15:07:33       0m 48s  ...               77.76         1.83
6   2026-01-24 15:08:21       0m 37s  ...               10.92         0.29
7   2026-01-24 15:08:59       0m 38s  ...               10.75         0.23
8   2026-01-24 15:09:37       0m 37s  ...                8.64         0.22
9   2026-01-24 15:10:15       0m 43s  ...               52.14         1.28
10  2026-01-24 15:10:59       0m 34s  ...                8.06         0.16
11  2026-01-24 15:11:33       0m 45s  ...               77.87         1.72
12  2026-01-24 15:12:18       0m 34s  ...                1.76         0.03
13  2026-01-24 15:12:53       0m 40s  ...               34.25         0.67
14  2026-01-24 15:13:33       0m 31s  ...                0.80         0.02

[15 rows x 22 columns]

real	9m52.605s
user	0m0.016s
sys	0m0.000s
