[2026-01-23 20:39:35,483] - [root] - [INFO] - leaf_correlation_mw.py
[2026-01-23 20:39:35,484] - [root] - [INFO] - model_type       : ResNet
[2026-01-23 20:39:35,484] - [root] - [INFO] - pretrained       : True
[2026-01-23 20:39:35,484] - [root] - [INFO] - loading_epoch    : 65
[2026-01-23 20:39:35,484] - [root] - [INFO] - timestamp        : Jan22_10-21-00_2026
[2026-01-23 20:39:35,484] - [root] - [INFO] - outdim           : 2
[2026-01-23 20:39:35,484] - [root] - [INFO] - dual_head        : True
[2026-01-23 20:39:35,485] - [root] - [INFO] - model_path       : ../..
[2026-01-23 20:39:35,485] - [root] - [INFO] - step_size        : 224
[2026-01-23 20:39:35,485] - [root] - [INFO] - means            : [0.541, 0.6371, 0.4188]
[2026-01-23 20:39:35,485] - [root] - [INFO] - stds             : [0.1764, 0.165, 0.2326]
[2026-01-23 20:39:35,485] - [root] - [INFO] - target_class     : 1
[2026-01-23 20:39:35,485] - [root] - [INFO] - contam_control   : False
[2026-01-23 20:39:35,485] - [root] - [INFO] - spor_th          : 0.8
[2026-01-23 20:39:35,485] - [root] - [INFO] - inf_gate         : 0.6
[2026-01-23 20:39:35,485] - [root] - [INFO] - pm               : HPM-1269
[2026-01-23 20:39:35,486] - [root] - [INFO] - mps              : False
[2026-01-23 20:39:35,486] - [root] - [INFO] - cuda             : True
[2026-01-23 20:39:35,486] - [root] - [INFO] - cuda_id          : 0
[2026-01-23 20:39:35,486] - [root] - [INFO] - sal_threshold    : 0.5
[2026-01-23 20:39:35,486] - [root] - [INFO] - up_threshold     : 0.7
[2026-01-23 20:39:35,486] - [root] - [INFO] - down_threshold   : 0.2
[2026-01-23 20:39:35,486] - [root] - [INFO] - dataset_path     : C:/Users/Intel User/Desktop/blackbird_scripts/data/human_disk_assessments
[2026-01-23 20:39:35,486] - [root] - [INFO] - img_folder       : 1-22-2026
[2026-01-23 20:39:35,486] - [root] - [INFO] - platform         : BlackBird
[2026-01-23 20:39:35,486] - [root] - [INFO] - threshold        : ['0.7']
[2026-01-23 20:39:35,486] - [root] - [INFO] - log              : ../../results/logs/random.log
[2026-01-23 20:39:35,486] - [root] - [INFO] - dpi              : 10
[2026-01-23 20:39:35,486] - [root] - [INFO] - group            : baseline
[2026-01-23 20:39:35,486] - [root] - [INFO] - trays            : ['10dpi']
[2026-01-23 20:39:35,486] - [root] - [INFO] - sal_gradcam      : False
[2026-01-23 20:39:35,486] - [root] - [INFO] - sal_gradient     : True
[2026-01-23 20:39:35,486] - [root] - [INFO] - sal_smoothgrad   : False
[2026-01-23 20:39:35,486] - [root] - [INFO] - sal_deeplift     : False
[2026-01-23 20:39:35,486] - [root] - [INFO] - sal_thresh_method : fixed
[2026-01-23 20:39:35,486] - [root] - [INFO] - sal_thresh_p     : 95.0
[2026-01-23 20:39:36,548] - [root] - [INFO] - -------------------------------------------
[2026-01-23 20:39:36,548] - [root] - [INFO] - Processing 1-22-2026 10dpi 013-W2021011-633_R2.png
[2026-01-23 20:39:57,724] - [root] - [INFO] - Finished loading mask: 0m 21s
[2026-01-23 20:40:12,001] - [root] - [INFO] - Finished crop and inference: 0m 35s
[2026-01-23 20:40:13,489] - [root] - [INFO] - Analysis finished: 0m 36s
[2026-01-23 20:40:13,489] - [root] - [INFO] - -------------------------------------------
[2026-01-23 20:40:13,489] - [root] - [INFO] - -------------------------------------------
[2026-01-23 20:40:13,489] - [root] - [INFO] - Processing 1-22-2026 10dpi 026-W2021010-346_R2.png
[2026-01-23 20:40:33,919] - [root] - [INFO] - Finished loading mask: 0m 20s
[2026-01-23 20:40:44,158] - [root] - [INFO] - Finished crop and inference: 0m 30s
[2026-01-23 20:40:45,841] - [root] - [INFO] - Analysis finished: 0m 32s
[2026-01-23 20:40:45,841] - [root] - [INFO] - -------------------------------------------
[2026-01-23 20:40:45,841] - [root] - [INFO] - -------------------------------------------
[2026-01-23 20:40:45,841] - [root] - [INFO] - Processing 1-22-2026 10dpi 042-W2021006-015_R1.png
[2026-01-23 20:41:07,642] - [root] - [INFO] - Finished loading mask: 0m 21s
[2026-01-23 20:41:20,014] - [root] - [INFO] - Finished crop and inference: 0m 34s
[2026-01-23 20:41:21,687] - [root] - [INFO] - Analysis finished: 0m 35s
[2026-01-23 20:41:21,687] - [root] - [INFO] - -------------------------------------------
[2026-01-23 20:41:21,687] - [root] - [INFO] - -------------------------------------------
[2026-01-23 20:41:21,687] - [root] - [INFO] - Processing 1-22-2026 10dpi 057-W2021011-504_R2.png
[2026-01-23 20:41:42,280] - [root] - [INFO] - Finished loading mask: 0m 20s
[2026-01-23 20:41:51,951] - [root] - [INFO] - Finished crop and inference: 0m 30s
[2026-01-23 20:41:53,753] - [root] - [INFO] - Analysis finished: 0m 32s
[2026-01-23 20:41:53,753] - [root] - [INFO] - -------------------------------------------
[2026-01-23 20:41:53,753] - [root] - [INFO] - -------------------------------------------
[2026-01-23 20:41:53,753] - [root] - [INFO] - Processing 1-22-2026 10dpi 069-W2021011-574_R1.png
[2026-01-23 20:42:14,873] - [root] - [INFO] - Finished loading mask: 0m 21s
[2026-01-23 20:42:26,379] - [root] - [INFO] - Finished crop and inference: 0m 32s
[2026-01-23 20:42:28,129] - [root] - [INFO] - Analysis finished: 0m 34s
[2026-01-23 20:42:28,129] - [root] - [INFO] - -------------------------------------------
[2026-01-23 20:42:28,129] - [root] - [INFO] - -------------------------------------------
[2026-01-23 20:42:28,129] - [root] - [INFO] - Processing 1-22-2026 10dpi 095-W2021009-283_R1.png
[2026-01-23 20:42:48,353] - [root] - [INFO] - Finished loading mask: 0m 20s
[2026-01-23 20:42:57,788] - [root] - [INFO] - Finished crop and inference: 0m 29s
[2026-01-23 20:42:59,587] - [root] - [INFO] - Analysis finished: 0m 31s
[2026-01-23 20:42:59,587] - [root] - [INFO] - -------------------------------------------
[2026-01-23 20:42:59,587] - [root] - [INFO] - -------------------------------------------
[2026-01-23 20:42:59,587] - [root] - [INFO] - Processing 1-22-2026 10dpi 103-W2021011-591_R2.png
[2026-01-23 20:43:20,543] - [root] - [INFO] - Finished loading mask: 0m 20s
[2026-01-23 20:43:36,721] - [root] - [INFO] - Finished crop and inference: 0m 37s
[2026-01-23 20:43:38,527] - [root] - [INFO] - Analysis finished: 0m 38s
[2026-01-23 20:43:38,527] - [root] - [INFO] - -------------------------------------------
[2026-01-23 20:43:38,527] - [root] - [INFO] - -------------------------------------------
[2026-01-23 20:43:38,527] - [root] - [INFO] - Processing 1-22-2026 10dpi 115-W2021011-638_R1.png
[2026-01-23 20:43:59,332] - [root] - [INFO] - Finished loading mask: 0m 20s
[2026-01-23 20:44:17,400] - [root] - [INFO] - Finished crop and inference: 0m 38s
[2026-01-23 20:44:19,113] - [root] - [INFO] - Analysis finished: 0m 40s
[2026-01-23 20:44:19,113] - [root] - [INFO] - -------------------------------------------
[2026-01-23 20:44:19,113] - [root] - [INFO] - -------------------------------------------
[2026-01-23 20:44:19,113] - [root] - [INFO] - Processing 1-22-2026 10dpi 124-W2021009-278_R1.png
[2026-01-23 20:44:39,593] - [root] - [INFO] - Finished loading mask: 0m 20s
[2026-01-23 20:44:54,439] - [root] - [INFO] - Finished crop and inference: 0m 35s
[2026-01-23 20:44:56,112] - [root] - [INFO] - Analysis finished: 0m 36s
[2026-01-23 20:44:56,112] - [root] - [INFO] - -------------------------------------------
[2026-01-23 20:44:56,112] - [root] - [INFO] - -------------------------------------------
[2026-01-23 20:44:56,112] - [root] - [INFO] - Processing 1-22-2026 10dpi 162-W2021011-551_R2.png
[2026-01-23 20:45:17,238] - [root] - [INFO] - Finished loading mask: 0m 21s
[2026-01-23 20:45:39,669] - [root] - [INFO] - Finished crop and inference: 0m 43s
[2026-01-23 20:45:41,439] - [root] - [INFO] - Analysis finished: 0m 45s
[2026-01-23 20:45:41,439] - [root] - [INFO] - -------------------------------------------
[2026-01-23 20:45:41,440] - [root] - [INFO] - -------------------------------------------
[2026-01-23 20:45:41,440] - [root] - [INFO] - Processing 1-22-2026 10dpi 172-W2021009-156_R2.png
[2026-01-23 20:46:02,269] - [root] - [INFO] - Finished loading mask: 0m 20s
[2026-01-23 20:46:10,700] - [root] - [INFO] - Finished crop and inference: 0m 29s
[2026-01-23 20:46:12,457] - [root] - [INFO] - Analysis finished: 0m 31s
[2026-01-23 20:46:12,457] - [root] - [INFO] - -------------------------------------------
[2026-01-23 20:46:12,457] - [root] - [INFO] - -------------------------------------------
[2026-01-23 20:46:12,457] - [root] - [INFO] - Processing 1-22-2026 10dpi 182-W2021009-251_R1.png
[2026-01-23 20:46:33,034] - [root] - [INFO] - Finished loading mask: 0m 20s
[2026-01-23 20:46:43,512] - [root] - [INFO] - Finished crop and inference: 0m 31s
[2026-01-23 20:46:45,128] - [root] - [INFO] - Analysis finished: 0m 32s
[2026-01-23 20:46:45,128] - [root] - [INFO] - -------------------------------------------
[2026-01-23 20:46:45,128] - [root] - [INFO] - -------------------------------------------
[2026-01-23 20:46:45,128] - [root] - [INFO] - Processing 1-22-2026 10dpi 194-W2021010-339_R2.png
[2026-01-23 20:47:05,509] - [root] - [INFO] - Finished loading mask: 0m 20s
[2026-01-23 20:47:15,224] - [root] - [INFO] - Finished crop and inference: 0m 30s
[2026-01-23 20:47:16,911] - [root] - [INFO] - Analysis finished: 0m 31s
[2026-01-23 20:47:16,912] - [root] - [INFO] - -------------------------------------------
[2026-01-23 20:47:16,912] - [root] - [INFO] - -------------------------------------------
[2026-01-23 20:47:16,912] - [root] - [INFO] - Processing 1-22-2026 10dpi 215-W2021006-045_R1.png
[2026-01-23 20:47:37,194] - [root] - [INFO] - Finished loading mask: 0m 20s
[2026-01-23 20:47:57,206] - [root] - [INFO] - Finished crop and inference: 0m 40s
[2026-01-23 20:47:58,893] - [root] - [INFO] - Analysis finished: 0m 41s
[2026-01-23 20:47:58,893] - [root] - [INFO] - -------------------------------------------
[2026-01-23 20:47:58,893] - [root] - [INFO] - -------------------------------------------
[2026-01-23 20:47:58,893] - [root] - [INFO] - Processing 1-22-2026 10dpi 262-W2021009-187_R2.png
[2026-01-23 20:48:20,098] - [root] - [INFO] - Finished loading mask: 0m 21s
[2026-01-23 20:48:40,841] - [root] - [INFO] - Finished crop and inference: 0m 41s
[2026-01-23 20:48:42,519] - [root] - [INFO] - Analysis finished: 0m 43s
[2026-01-23 20:48:42,519] - [root] - [INFO] - -------------------------------------------
[2026-01-23 20:48:42,519] - [root] - [INFO] - Saved C:\Users\Intel User\Desktop\blackbird_scripts\data\Results\ResNet_upth0.7_downth0.2_Jan22_10-21-00_2026\1-22-2026\th_0.7\severity_rate_tray_10dpi_u0.7_d0.2_ig0.6_sp0.8.csv
             timestamp time_elapsed  ... severity_rate_patch Gradient_sr2
0  2026-01-23 20:39:36       0m 36s  ...                31.5         0.88

[1 rows x 24 columns]
             timestamp time_elapsed  ... severity_rate_patch Gradient_sr2
0  2026-01-23 20:39:36       0m 36s  ...               31.50         0.88
1  2026-01-23 20:40:13       0m 32s  ...                0.28         0.01

[2 rows x 24 columns]
             timestamp time_elapsed  ... severity_rate_patch Gradient_sr2
0  2026-01-23 20:39:36       0m 36s  ...               31.50         0.88
1  2026-01-23 20:40:13       0m 32s  ...                0.28         0.01
2  2026-01-23 20:40:45       0m 35s  ...               24.53         0.64

[3 rows x 24 columns]
             timestamp time_elapsed  ... severity_rate_patch Gradient_sr2
0  2026-01-23 20:39:36       0m 36s  ...               31.50         0.88
1  2026-01-23 20:40:13       0m 32s  ...                0.28         0.01
2  2026-01-23 20:40:45       0m 35s  ...               24.53         0.64
3  2026-01-23 20:41:21       0m 32s  ...                3.15         0.08

[4 rows x 24 columns]
             timestamp time_elapsed  ... severity_rate_patch Gradient_sr2
0  2026-01-23 20:39:36       0m 36s  ...               31.50         0.88
1  2026-01-23 20:40:13       0m 32s  ...                0.28         0.01
2  2026-01-23 20:40:45       0m 35s  ...               24.53         0.64
3  2026-01-23 20:41:21       0m 32s  ...                3.15         0.08
4  2026-01-23 20:41:53       0m 34s  ...               14.22         0.41

[5 rows x 24 columns]
             timestamp time_elapsed  ... severity_rate_patch Gradient_sr2
0  2026-01-23 20:39:36       0m 36s  ...               31.50         0.88
1  2026-01-23 20:40:13       0m 32s  ...                0.28         0.01
2  2026-01-23 20:40:45       0m 35s  ...               24.53         0.64
3  2026-01-23 20:41:21       0m 32s  ...                3.15         0.08
4  2026-01-23 20:41:53       0m 34s  ...               14.22         0.41
5  2026-01-23 20:42:28       0m 31s  ...                7.38         0.17

[6 rows x 24 columns]
             timestamp time_elapsed  ... severity_rate_patch Gradient_sr2
0  2026-01-23 20:39:36       0m 36s  ...               31.50         0.88
1  2026-01-23 20:40:13       0m 32s  ...                0.28         0.01
2  2026-01-23 20:40:45       0m 35s  ...               24.53         0.64
3  2026-01-23 20:41:21       0m 32s  ...                3.15         0.08
4  2026-01-23 20:41:53       0m 34s  ...               14.22         0.41
5  2026-01-23 20:42:28       0m 31s  ...                7.38         0.17
6  2026-01-23 20:42:59       0m 38s  ...               50.93         1.48

[7 rows x 24 columns]
             timestamp time_elapsed  ... severity_rate_patch Gradient_sr2
0  2026-01-23 20:39:36       0m 36s  ...               31.50         0.88
1  2026-01-23 20:40:13       0m 32s  ...                0.28         0.01
2  2026-01-23 20:40:45       0m 35s  ...               24.53         0.64
3  2026-01-23 20:41:21       0m 32s  ...                3.15         0.08
4  2026-01-23 20:41:53       0m 34s  ...               14.22         0.41
5  2026-01-23 20:42:28       0m 31s  ...                7.38         0.17
6  2026-01-23 20:42:59       0m 38s  ...               50.93         1.48
7  2026-01-23 20:43:38       0m 40s  ...               57.68         1.57

[8 rows x 24 columns]
             timestamp time_elapsed  ... severity_rate_patch Gradient_sr2
0  2026-01-23 20:39:36       0m 36s  ...               31.50         0.88
1  2026-01-23 20:40:13       0m 32s  ...                0.28         0.01
2  2026-01-23 20:40:45       0m 35s  ...               24.53         0.64
3  2026-01-23 20:41:21       0m 32s  ...                3.15         0.08
4  2026-01-23 20:41:53       0m 34s  ...               14.22         0.41
5  2026-01-23 20:42:28       0m 31s  ...                7.38         0.17
6  2026-01-23 20:42:59       0m 38s  ...               50.93         1.48
7  2026-01-23 20:43:38       0m 40s  ...               57.68         1.57
8  2026-01-23 20:44:19       0m 36s  ...               45.80         1.30

[9 rows x 24 columns]
             timestamp time_elapsed  ... severity_rate_patch Gradient_sr2
0  2026-01-23 20:39:36       0m 36s  ...               31.50         0.88
1  2026-01-23 20:40:13       0m 32s  ...                0.28         0.01
2  2026-01-23 20:40:45       0m 35s  ...               24.53         0.64
3  2026-01-23 20:41:21       0m 32s  ...                3.15         0.08
4  2026-01-23 20:41:53       0m 34s  ...               14.22         0.41
5  2026-01-23 20:42:28       0m 31s  ...                7.38         0.17
6  2026-01-23 20:42:59       0m 38s  ...               50.93         1.48
7  2026-01-23 20:43:38       0m 40s  ...               57.68         1.57
8  2026-01-23 20:44:19       0m 36s  ...               45.80         1.30
9  2026-01-23 20:44:56       0m 45s  ...               83.50         2.36

[10 rows x 24 columns]
              timestamp time_elapsed  ... severity_rate_patch Gradient_sr2
0   2026-01-23 20:39:36       0m 36s  ...               31.50         0.88
1   2026-01-23 20:40:13       0m 32s  ...                0.28         0.01
2   2026-01-23 20:40:45       0m 35s  ...               24.53         0.64
3   2026-01-23 20:41:21       0m 32s  ...                3.15         0.08
4   2026-01-23 20:41:53       0m 34s  ...               14.22         0.41
5   2026-01-23 20:42:28       0m 31s  ...                7.38         0.17
6   2026-01-23 20:42:59       0m 38s  ...               50.93         1.48
7   2026-01-23 20:43:38       0m 40s  ...               57.68         1.57
8   2026-01-23 20:44:19       0m 36s  ...               45.80         1.30
9   2026-01-23 20:44:56       0m 45s  ...               83.50         2.36
10  2026-01-23 20:45:41       0m 30s  ...                6.77         0.17

[11 rows x 24 columns]
              timestamp time_elapsed  ... severity_rate_patch Gradient_sr2
0   2026-01-23 20:39:36       0m 36s  ...               31.50         0.88
1   2026-01-23 20:40:13       0m 32s  ...                0.28         0.01
2   2026-01-23 20:40:45       0m 35s  ...               24.53         0.64
3   2026-01-23 20:41:21       0m 32s  ...                3.15         0.08
4   2026-01-23 20:41:53       0m 34s  ...               14.22         0.41
5   2026-01-23 20:42:28       0m 31s  ...                7.38         0.17
6   2026-01-23 20:42:59       0m 38s  ...               50.93         1.48
7   2026-01-23 20:43:38       0m 40s  ...               57.68         1.57
8   2026-01-23 20:44:19       0m 36s  ...               45.80         1.30
9   2026-01-23 20:44:56       0m 45s  ...               83.50         2.36
10  2026-01-23 20:45:41       0m 30s  ...                6.77         0.17
11  2026-01-23 20:46:12       0m 32s  ...                6.62         0.18

[12 rows x 24 columns]
              timestamp time_elapsed  ... severity_rate_patch Gradient_sr2
0   2026-01-23 20:39:36       0m 36s  ...               31.50         0.88
1   2026-01-23 20:40:13       0m 32s  ...                0.28         0.01
2   2026-01-23 20:40:45       0m 35s  ...               24.53         0.64
3   2026-01-23 20:41:21       0m 32s  ...                3.15         0.08
4   2026-01-23 20:41:53       0m 34s  ...               14.22         0.41
5   2026-01-23 20:42:28       0m 31s  ...                7.38         0.17
6   2026-01-23 20:42:59       0m 38s  ...               50.93         1.48
7   2026-01-23 20:43:38       0m 40s  ...               57.68         1.57
8   2026-01-23 20:44:19       0m 36s  ...               45.80         1.30
9   2026-01-23 20:44:56       0m 45s  ...               83.50         2.36
10  2026-01-23 20:45:41       0m 30s  ...                6.77         0.17
11  2026-01-23 20:46:12       0m 32s  ...                6.62         0.18
12  2026-01-23 20:46:45       0m 31s  ...                5.55         0.14

[13 rows x 24 columns]
              timestamp time_elapsed  ... severity_rate_patch Gradient_sr2
0   2026-01-23 20:39:36       0m 36s  ...               31.50         0.88
1   2026-01-23 20:40:13       0m 32s  ...                0.28         0.01
2   2026-01-23 20:40:45       0m 35s  ...               24.53         0.64
3   2026-01-23 20:41:21       0m 32s  ...                3.15         0.08
4   2026-01-23 20:41:53       0m 34s  ...               14.22         0.41
5   2026-01-23 20:42:28       0m 31s  ...                7.38         0.17
6   2026-01-23 20:42:59       0m 38s  ...               50.93         1.48
7   2026-01-23 20:43:38       0m 40s  ...               57.68         1.57
8   2026-01-23 20:44:19       0m 36s  ...               45.80         1.30
9   2026-01-23 20:44:56       0m 45s  ...               83.50         2.36
10  2026-01-23 20:45:41       0m 30s  ...                6.77         0.17
11  2026-01-23 20:46:12       0m 32s  ...                6.62         0.18
12  2026-01-23 20:46:45       0m 31s  ...                5.55         0.14
13  2026-01-23 20:47:16       0m 41s  ...               77.90         2.27

[14 rows x 24 columns]
              timestamp time_elapsed  ... severity_rate_patch Gradient_sr2
0   2026-01-23 20:39:36       0m 36s  ...               31.50         0.88
1   2026-01-23 20:40:13       0m 32s  ...                0.28         0.01
2   2026-01-23 20:40:45       0m 35s  ...               24.53         0.64
3   2026-01-23 20:41:21       0m 32s  ...                3.15         0.08
4   2026-01-23 20:41:53       0m 34s  ...               14.22         0.41
5   2026-01-23 20:42:28       0m 31s  ...                7.38         0.17
6   2026-01-23 20:42:59       0m 38s  ...               50.93         1.48
7   2026-01-23 20:43:38       0m 40s  ...               57.68         1.57
8   2026-01-23 20:44:19       0m 36s  ...               45.80         1.30
9   2026-01-23 20:44:56       0m 45s  ...               83.50         2.36
10  2026-01-23 20:45:41       0m 30s  ...                6.77         0.17
11  2026-01-23 20:46:12       0m 32s  ...                6.62         0.18
12  2026-01-23 20:46:45       0m 31s  ...                5.55         0.14
13  2026-01-23 20:47:16       0m 41s  ...               77.90         2.27
14  2026-01-23 20:47:58       0m 43s  ...               80.00         2.36

[15 rows x 24 columns]

real	9m13.207s
user	0m0.000s
sys	0m0.000s
