[2026-01-23 21:45:43,267] - [root] - [INFO] - leaf_correlation_mw.py
[2026-01-23 21:45:43,268] - [root] - [INFO] - model_type       : ResNet
[2026-01-23 21:45:43,268] - [root] - [INFO] - pretrained       : True
[2026-01-23 21:45:43,268] - [root] - [INFO] - loading_epoch    : 65
[2026-01-23 21:45:43,268] - [root] - [INFO] - timestamp        : Jan22_10-21-00_2026
[2026-01-23 21:45:43,268] - [root] - [INFO] - outdim           : 2
[2026-01-23 21:45:43,268] - [root] - [INFO] - dual_head        : True
[2026-01-23 21:45:43,269] - [root] - [INFO] - model_path       : ../..
[2026-01-23 21:45:43,269] - [root] - [INFO] - step_size        : 224
[2026-01-23 21:45:43,269] - [root] - [INFO] - means            : [0.541, 0.6371, 0.4188]
[2026-01-23 21:45:43,269] - [root] - [INFO] - stds             : [0.1764, 0.165, 0.2326]
[2026-01-23 21:45:43,269] - [root] - [INFO] - target_class     : 1
[2026-01-23 21:45:43,269] - [root] - [INFO] - contam_control   : False
[2026-01-23 21:45:43,269] - [root] - [INFO] - spor_th          : 0.8
[2026-01-23 21:45:43,269] - [root] - [INFO] - inf_gate         : 0.6
[2026-01-23 21:45:43,269] - [root] - [INFO] - pm               : HPM-1269
[2026-01-23 21:45:43,269] - [root] - [INFO] - mps              : False
[2026-01-23 21:45:43,269] - [root] - [INFO] - cuda             : True
[2026-01-23 21:45:43,269] - [root] - [INFO] - cuda_id          : 0
[2026-01-23 21:45:43,269] - [root] - [INFO] - sal_threshold    : 0.5
[2026-01-23 21:45:43,269] - [root] - [INFO] - up_threshold     : 0.9
[2026-01-23 21:45:43,270] - [root] - [INFO] - down_threshold   : 0.3
[2026-01-23 21:45:43,270] - [root] - [INFO] - dataset_path     : C:/Users/Intel User/Desktop/blackbird_scripts/data/human_disk_assessments
[2026-01-23 21:45:43,270] - [root] - [INFO] - img_folder       : 1-22-2026
[2026-01-23 21:45:43,270] - [root] - [INFO] - platform         : BlackBird
[2026-01-23 21:45:43,270] - [root] - [INFO] - threshold        : ['0.7']
[2026-01-23 21:45:43,270] - [root] - [INFO] - log              : ../../results/logs/random.log
[2026-01-23 21:45:43,270] - [root] - [INFO] - dpi              : 10
[2026-01-23 21:45:43,270] - [root] - [INFO] - group            : baseline
[2026-01-23 21:45:43,270] - [root] - [INFO] - trays            : ['10dpi']
[2026-01-23 21:45:43,270] - [root] - [INFO] - sal_gradcam      : False
[2026-01-23 21:45:43,270] - [root] - [INFO] - sal_gradient     : True
[2026-01-23 21:45:43,270] - [root] - [INFO] - sal_smoothgrad   : False
[2026-01-23 21:45:43,270] - [root] - [INFO] - sal_deeplift     : False
[2026-01-23 21:45:43,270] - [root] - [INFO] - sal_thresh_method : fixed
[2026-01-23 21:45:43,270] - [root] - [INFO] - sal_thresh_p     : 95.0
[2026-01-23 21:45:44,306] - [root] - [INFO] - -------------------------------------------
[2026-01-23 21:45:44,306] - [root] - [INFO] - Processing 1-22-2026 10dpi 013-W2021011-633_R2.png
[2026-01-23 21:46:00,357] - [root] - [INFO] - Finished loading mask: 0m 16s
[2026-01-23 21:46:13,377] - [root] - [INFO] - Finished crop and inference: 0m 29s
[2026-01-23 21:46:14,817] - [root] - [INFO] - Analysis finished: 0m 30s
[2026-01-23 21:46:14,817] - [root] - [INFO] - -------------------------------------------
[2026-01-23 21:46:14,817] - [root] - [INFO] - -------------------------------------------
[2026-01-23 21:46:14,817] - [root] - [INFO] - Processing 1-22-2026 10dpi 026-W2021010-346_R2.png
[2026-01-23 21:46:32,237] - [root] - [INFO] - Finished loading mask: 0m 17s
[2026-01-23 21:46:40,640] - [root] - [INFO] - Finished crop and inference: 0m 25s
[2026-01-23 21:46:41,983] - [root] - [INFO] - Analysis finished: 0m 27s
[2026-01-23 21:46:41,983] - [root] - [INFO] - -------------------------------------------
[2026-01-23 21:46:41,983] - [root] - [INFO] - -------------------------------------------
[2026-01-23 21:46:41,984] - [root] - [INFO] - Processing 1-22-2026 10dpi 042-W2021006-015_R1.png
[2026-01-23 21:46:58,634] - [root] - [INFO] - Finished loading mask: 0m 16s
[2026-01-23 21:47:09,309] - [root] - [INFO] - Finished crop and inference: 0m 27s
[2026-01-23 21:47:10,633] - [root] - [INFO] - Analysis finished: 0m 28s
[2026-01-23 21:47:10,633] - [root] - [INFO] - -------------------------------------------
[2026-01-23 21:47:10,633] - [root] - [INFO] - -------------------------------------------
[2026-01-23 21:47:10,633] - [root] - [INFO] - Processing 1-22-2026 10dpi 057-W2021011-504_R2.png
[2026-01-23 21:47:26,524] - [root] - [INFO] - Finished loading mask: 0m 15s
[2026-01-23 21:47:34,508] - [root] - [INFO] - Finished crop and inference: 0m 23s
[2026-01-23 21:47:35,823] - [root] - [INFO] - Analysis finished: 0m 25s
[2026-01-23 21:47:35,824] - [root] - [INFO] - -------------------------------------------
[2026-01-23 21:47:35,824] - [root] - [INFO] - -------------------------------------------
[2026-01-23 21:47:35,824] - [root] - [INFO] - Processing 1-22-2026 10dpi 069-W2021011-574_R1.png
[2026-01-23 21:47:51,797] - [root] - [INFO] - Finished loading mask: 0m 15s
[2026-01-23 21:48:01,739] - [root] - [INFO] - Finished crop and inference: 0m 25s
[2026-01-23 21:48:03,037] - [root] - [INFO] - Analysis finished: 0m 27s
[2026-01-23 21:48:03,037] - [root] - [INFO] - -------------------------------------------
[2026-01-23 21:48:03,037] - [root] - [INFO] - -------------------------------------------
[2026-01-23 21:48:03,037] - [root] - [INFO] - Processing 1-22-2026 10dpi 095-W2021009-283_R1.png
[2026-01-23 21:48:18,683] - [root] - [INFO] - Finished loading mask: 0m 15s
[2026-01-23 21:48:26,509] - [root] - [INFO] - Finished crop and inference: 0m 23s
[2026-01-23 21:48:27,846] - [root] - [INFO] - Analysis finished: 0m 24s
[2026-01-23 21:48:27,846] - [root] - [INFO] - -------------------------------------------
[2026-01-23 21:48:27,846] - [root] - [INFO] - -------------------------------------------
[2026-01-23 21:48:27,846] - [root] - [INFO] - Processing 1-22-2026 10dpi 103-W2021011-591_R2.png
[2026-01-23 21:48:43,923] - [root] - [INFO] - Finished loading mask: 0m 16s
[2026-01-23 21:48:57,671] - [root] - [INFO] - Finished crop and inference: 0m 29s
[2026-01-23 21:48:59,046] - [root] - [INFO] - Analysis finished: 0m 31s
[2026-01-23 21:48:59,046] - [root] - [INFO] - -------------------------------------------
[2026-01-23 21:48:59,046] - [root] - [INFO] - -------------------------------------------
[2026-01-23 21:48:59,046] - [root] - [INFO] - Processing 1-22-2026 10dpi 115-W2021011-638_R1.png
[2026-01-23 21:49:15,318] - [root] - [INFO] - Finished loading mask: 0m 16s
[2026-01-23 21:49:29,914] - [root] - [INFO] - Finished crop and inference: 0m 30s
[2026-01-23 21:49:31,272] - [root] - [INFO] - Analysis finished: 0m 32s
[2026-01-23 21:49:31,272] - [root] - [INFO] - -------------------------------------------
[2026-01-23 21:49:31,272] - [root] - [INFO] - -------------------------------------------
[2026-01-23 21:49:31,272] - [root] - [INFO] - Processing 1-22-2026 10dpi 124-W2021009-278_R1.png
[2026-01-23 21:49:48,145] - [root] - [INFO] - Finished loading mask: 0m 16s
[2026-01-23 21:50:00,202] - [root] - [INFO] - Finished crop and inference: 0m 28s
[2026-01-23 21:50:01,507] - [root] - [INFO] - Analysis finished: 0m 30s
[2026-01-23 21:50:01,507] - [root] - [INFO] - -------------------------------------------
[2026-01-23 21:50:01,507] - [root] - [INFO] - -------------------------------------------
[2026-01-23 21:50:01,507] - [root] - [INFO] - Processing 1-22-2026 10dpi 162-W2021011-551_R2.png
[2026-01-23 21:50:18,955] - [root] - [INFO] - Finished loading mask: 0m 17s
[2026-01-23 21:50:37,561] - [root] - [INFO] - Finished crop and inference: 0m 36s
[2026-01-23 21:50:39,053] - [root] - [INFO] - Analysis finished: 0m 37s
[2026-01-23 21:50:39,054] - [root] - [INFO] - -------------------------------------------
[2026-01-23 21:50:39,054] - [root] - [INFO] - -------------------------------------------
[2026-01-23 21:50:39,054] - [root] - [INFO] - Processing 1-22-2026 10dpi 172-W2021009-156_R2.png
[2026-01-23 21:50:55,301] - [root] - [INFO] - Finished loading mask: 0m 16s
[2026-01-23 21:51:02,559] - [root] - [INFO] - Finished crop and inference: 0m 23s
[2026-01-23 21:51:03,870] - [root] - [INFO] - Analysis finished: 0m 24s
[2026-01-23 21:51:03,870] - [root] - [INFO] - -------------------------------------------
[2026-01-23 21:51:03,870] - [root] - [INFO] - -------------------------------------------
[2026-01-23 21:51:03,870] - [root] - [INFO] - Processing 1-22-2026 10dpi 182-W2021009-251_R1.png
[2026-01-23 21:51:21,387] - [root] - [INFO] - Finished loading mask: 0m 17s
[2026-01-23 21:51:30,813] - [root] - [INFO] - Finished crop and inference: 0m 26s
[2026-01-23 21:51:32,119] - [root] - [INFO] - Analysis finished: 0m 28s
[2026-01-23 21:51:32,119] - [root] - [INFO] - -------------------------------------------
[2026-01-23 21:51:32,119] - [root] - [INFO] - -------------------------------------------
[2026-01-23 21:51:32,119] - [root] - [INFO] - Processing 1-22-2026 10dpi 194-W2021010-339_R2.png
[2026-01-23 21:51:48,193] - [root] - [INFO] - Finished loading mask: 0m 16s
[2026-01-23 21:51:56,176] - [root] - [INFO] - Finished crop and inference: 0m 24s
[2026-01-23 21:51:57,491] - [root] - [INFO] - Analysis finished: 0m 25s
[2026-01-23 21:51:57,491] - [root] - [INFO] - -------------------------------------------
[2026-01-23 21:51:57,491] - [root] - [INFO] - -------------------------------------------
[2026-01-23 21:51:57,491] - [root] - [INFO] - Processing 1-22-2026 10dpi 215-W2021006-045_R1.png
[2026-01-23 21:52:13,915] - [root] - [INFO] - Finished loading mask: 0m 16s
[2026-01-23 21:52:30,257] - [root] - [INFO] - Finished crop and inference: 0m 32s
[2026-01-23 21:52:31,595] - [root] - [INFO] - Analysis finished: 0m 34s
[2026-01-23 21:52:31,595] - [root] - [INFO] - -------------------------------------------
[2026-01-23 21:52:31,595] - [root] - [INFO] - -------------------------------------------
[2026-01-23 21:52:31,595] - [root] - [INFO] - Processing 1-22-2026 10dpi 262-W2021009-187_R2.png
[2026-01-23 21:52:47,891] - [root] - [INFO] - Finished loading mask: 0m 16s
[2026-01-23 21:53:04,742] - [root] - [INFO] - Finished crop and inference: 0m 33s
[2026-01-23 21:53:06,174] - [root] - [INFO] - Analysis finished: 0m 34s
[2026-01-23 21:53:06,174] - [root] - [INFO] - -------------------------------------------
[2026-01-23 21:53:06,182] - [root] - [INFO] - Saved C:\Users\Intel User\Desktop\blackbird_scripts\data\Results\ResNet_upth0.9_downth0.3_Jan22_10-21-00_2026\1-22-2026\th_0.7\severity_rate_tray_10dpi_u0.9_d0.3_ig0.6_sp0.8.csv
             timestamp time_elapsed  ... severity_rate_patch Gradient_sr2
0  2026-01-23 21:45:44       0m 30s  ...               28.44         0.79

[1 rows x 24 columns]
             timestamp time_elapsed  ... severity_rate_patch Gradient_sr2
0  2026-01-23 21:45:44       0m 30s  ...               28.44         0.79
1  2026-01-23 21:46:14       0m 27s  ...                0.14         0.00

[2 rows x 24 columns]
             timestamp time_elapsed  ... severity_rate_patch Gradient_sr2
0  2026-01-23 21:45:44       0m 30s  ...               28.44         0.79
1  2026-01-23 21:46:14       0m 27s  ...                0.14         0.00
2  2026-01-23 21:46:41       0m 28s  ...               21.74         0.56

[3 rows x 24 columns]
             timestamp time_elapsed  ... severity_rate_patch Gradient_sr2
0  2026-01-23 21:45:44       0m 30s  ...               28.44         0.79
1  2026-01-23 21:46:14       0m 27s  ...                0.14         0.00
2  2026-01-23 21:46:41       0m 28s  ...               21.74         0.56
3  2026-01-23 21:47:10       0m 25s  ...                1.43         0.04

[4 rows x 24 columns]
             timestamp time_elapsed  ... severity_rate_patch Gradient_sr2
0  2026-01-23 21:45:44       0m 30s  ...               28.44         0.79
1  2026-01-23 21:46:14       0m 27s  ...                0.14         0.00
2  2026-01-23 21:46:41       0m 28s  ...               21.74         0.56
3  2026-01-23 21:47:10       0m 25s  ...                1.43         0.04
4  2026-01-23 21:47:35       0m 27s  ...               13.24         0.39

[5 rows x 24 columns]
             timestamp time_elapsed  ... severity_rate_patch Gradient_sr2
0  2026-01-23 21:45:44       0m 30s  ...               28.44         0.79
1  2026-01-23 21:46:14       0m 27s  ...                0.14         0.00
2  2026-01-23 21:46:41       0m 28s  ...               21.74         0.56
3  2026-01-23 21:47:10       0m 25s  ...                1.43         0.04
4  2026-01-23 21:47:35       0m 27s  ...               13.24         0.39
5  2026-01-23 21:48:03       0m 24s  ...                5.04         0.12

[6 rows x 24 columns]
             timestamp time_elapsed  ... severity_rate_patch Gradient_sr2
0  2026-01-23 21:45:44       0m 30s  ...               28.44         0.79
1  2026-01-23 21:46:14       0m 27s  ...                0.14         0.00
2  2026-01-23 21:46:41       0m 28s  ...               21.74         0.56
3  2026-01-23 21:47:10       0m 25s  ...                1.43         0.04
4  2026-01-23 21:47:35       0m 27s  ...               13.24         0.39
5  2026-01-23 21:48:03       0m 24s  ...                5.04         0.12
6  2026-01-23 21:48:27       0m 31s  ...               49.45         1.42

[7 rows x 24 columns]
             timestamp time_elapsed  ... severity_rate_patch Gradient_sr2
0  2026-01-23 21:45:44       0m 30s  ...               28.44         0.79
1  2026-01-23 21:46:14       0m 27s  ...                0.14         0.00
2  2026-01-23 21:46:41       0m 28s  ...               21.74         0.56
3  2026-01-23 21:47:10       0m 25s  ...                1.43         0.04
4  2026-01-23 21:47:35       0m 27s  ...               13.24         0.39
5  2026-01-23 21:48:03       0m 24s  ...                5.04         0.12
6  2026-01-23 21:48:27       0m 31s  ...               49.45         1.42
7  2026-01-23 21:48:59       0m 32s  ...               54.27         1.46

[8 rows x 24 columns]
             timestamp time_elapsed  ... severity_rate_patch Gradient_sr2
0  2026-01-23 21:45:44       0m 30s  ...               28.44         0.79
1  2026-01-23 21:46:14       0m 27s  ...                0.14         0.00
2  2026-01-23 21:46:41       0m 28s  ...               21.74         0.56
3  2026-01-23 21:47:10       0m 25s  ...                1.43         0.04
4  2026-01-23 21:47:35       0m 27s  ...               13.24         0.39
5  2026-01-23 21:48:03       0m 24s  ...                5.04         0.12
6  2026-01-23 21:48:27       0m 31s  ...               49.45         1.42
7  2026-01-23 21:48:59       0m 32s  ...               54.27         1.46
8  2026-01-23 21:49:31       0m 30s  ...               43.83         1.24

[9 rows x 24 columns]
             timestamp time_elapsed  ... severity_rate_patch Gradient_sr2
0  2026-01-23 21:45:44       0m 30s  ...               28.44         0.79
1  2026-01-23 21:46:14       0m 27s  ...                0.14         0.00
2  2026-01-23 21:46:41       0m 28s  ...               21.74         0.56
3  2026-01-23 21:47:10       0m 25s  ...                1.43         0.04
4  2026-01-23 21:47:35       0m 27s  ...               13.24         0.39
5  2026-01-23 21:48:03       0m 24s  ...                5.04         0.12
6  2026-01-23 21:48:27       0m 31s  ...               49.45         1.42
7  2026-01-23 21:48:59       0m 32s  ...               54.27         1.46
8  2026-01-23 21:49:31       0m 30s  ...               43.83         1.24
9  2026-01-23 21:50:01       0m 37s  ...               82.75         2.32

[10 rows x 24 columns]
              timestamp time_elapsed  ... severity_rate_patch Gradient_sr2
0   2026-01-23 21:45:44       0m 30s  ...               28.44         0.79
1   2026-01-23 21:46:14       0m 27s  ...                0.14         0.00
2   2026-01-23 21:46:41       0m 28s  ...               21.74         0.56
3   2026-01-23 21:47:10       0m 25s  ...                1.43         0.04
4   2026-01-23 21:47:35       0m 27s  ...               13.24         0.39
5   2026-01-23 21:48:03       0m 24s  ...                5.04         0.12
6   2026-01-23 21:48:27       0m 31s  ...               49.45         1.42
7   2026-01-23 21:48:59       0m 32s  ...               54.27         1.46
8   2026-01-23 21:49:31       0m 30s  ...               43.83         1.24
9   2026-01-23 21:50:01       0m 37s  ...               82.75         2.32
10  2026-01-23 21:50:39       0m 24s  ...                6.24         0.16

[11 rows x 24 columns]
              timestamp time_elapsed  ... severity_rate_patch Gradient_sr2
0   2026-01-23 21:45:44       0m 30s  ...               28.44         0.79
1   2026-01-23 21:46:14       0m 27s  ...                0.14         0.00
2   2026-01-23 21:46:41       0m 28s  ...               21.74         0.56
3   2026-01-23 21:47:10       0m 25s  ...                1.43         0.04
4   2026-01-23 21:47:35       0m 27s  ...               13.24         0.39
5   2026-01-23 21:48:03       0m 24s  ...                5.04         0.12
6   2026-01-23 21:48:27       0m 31s  ...               49.45         1.42
7   2026-01-23 21:48:59       0m 32s  ...               54.27         1.46
8   2026-01-23 21:49:31       0m 30s  ...               43.83         1.24
9   2026-01-23 21:50:01       0m 37s  ...               82.75         2.32
10  2026-01-23 21:50:39       0m 24s  ...                6.24         0.16
11  2026-01-23 21:51:03       0m 28s  ...                5.98         0.16

[12 rows x 24 columns]
              timestamp time_elapsed  ... severity_rate_patch Gradient_sr2
0   2026-01-23 21:45:44       0m 30s  ...               28.44         0.79
1   2026-01-23 21:46:14       0m 27s  ...                0.14         0.00
2   2026-01-23 21:46:41       0m 28s  ...               21.74         0.56
3   2026-01-23 21:47:10       0m 25s  ...                1.43         0.04
4   2026-01-23 21:47:35       0m 27s  ...               13.24         0.39
5   2026-01-23 21:48:03       0m 24s  ...                5.04         0.12
6   2026-01-23 21:48:27       0m 31s  ...               49.45         1.42
7   2026-01-23 21:48:59       0m 32s  ...               54.27         1.46
8   2026-01-23 21:49:31       0m 30s  ...               43.83         1.24
9   2026-01-23 21:50:01       0m 37s  ...               82.75         2.32
10  2026-01-23 21:50:39       0m 24s  ...                6.24         0.16
11  2026-01-23 21:51:03       0m 28s  ...                5.98         0.16
12  2026-01-23 21:51:32       0m 25s  ...                3.75         0.09

[13 rows x 24 columns]
              timestamp time_elapsed  ... severity_rate_patch Gradient_sr2
0   2026-01-23 21:45:44       0m 30s  ...               28.44         0.79
1   2026-01-23 21:46:14       0m 27s  ...                0.14         0.00
2   2026-01-23 21:46:41       0m 28s  ...               21.74         0.56
3   2026-01-23 21:47:10       0m 25s  ...                1.43         0.04
4   2026-01-23 21:47:35       0m 27s  ...               13.24         0.39
5   2026-01-23 21:48:03       0m 24s  ...                5.04         0.12
6   2026-01-23 21:48:27       0m 31s  ...               49.45         1.42
7   2026-01-23 21:48:59       0m 32s  ...               54.27         1.46
8   2026-01-23 21:49:31       0m 30s  ...               43.83         1.24
9   2026-01-23 21:50:01       0m 37s  ...               82.75         2.32
10  2026-01-23 21:50:39       0m 24s  ...                6.24         0.16
11  2026-01-23 21:51:03       0m 28s  ...                5.98         0.16
12  2026-01-23 21:51:32       0m 25s  ...                3.75         0.09
13  2026-01-23 21:51:57       0m 34s  ...               77.01         2.23

[14 rows x 24 columns]
              timestamp time_elapsed  ... severity_rate_patch Gradient_sr2
0   2026-01-23 21:45:44       0m 30s  ...               28.44         0.79
1   2026-01-23 21:46:14       0m 27s  ...                0.14         0.00
2   2026-01-23 21:46:41       0m 28s  ...               21.74         0.56
3   2026-01-23 21:47:10       0m 25s  ...                1.43         0.04
4   2026-01-23 21:47:35       0m 27s  ...               13.24         0.39
5   2026-01-23 21:48:03       0m 24s  ...                5.04         0.12
6   2026-01-23 21:48:27       0m 31s  ...               49.45         1.42
7   2026-01-23 21:48:59       0m 32s  ...               54.27         1.46
8   2026-01-23 21:49:31       0m 30s  ...               43.83         1.24
9   2026-01-23 21:50:01       0m 37s  ...               82.75         2.32
10  2026-01-23 21:50:39       0m 24s  ...                6.24         0.16
11  2026-01-23 21:51:03       0m 28s  ...                5.98         0.16
12  2026-01-23 21:51:32       0m 25s  ...                3.75         0.09
13  2026-01-23 21:51:57       0m 34s  ...               77.01         2.23
14  2026-01-23 21:52:31       0m 34s  ...               79.16         2.28

[15 rows x 24 columns]

real	7m29.288s
user	0m0.000s
sys	0m0.000s
