[2026-01-23 21:06:06,469] - [root] - [INFO] - leaf_correlation_mw.py
[2026-01-23 21:06:06,470] - [root] - [INFO] - model_type       : ResNet
[2026-01-23 21:06:06,470] - [root] - [INFO] - pretrained       : True
[2026-01-23 21:06:06,470] - [root] - [INFO] - loading_epoch    : 65
[2026-01-23 21:06:06,470] - [root] - [INFO] - timestamp        : Jan22_10-21-00_2026
[2026-01-23 21:06:06,470] - [root] - [INFO] - outdim           : 2
[2026-01-23 21:06:06,470] - [root] - [INFO] - dual_head        : True
[2026-01-23 21:06:06,470] - [root] - [INFO] - model_path       : ../..
[2026-01-23 21:06:06,470] - [root] - [INFO] - step_size        : 224
[2026-01-23 21:06:06,470] - [root] - [INFO] - means            : [0.541, 0.6371, 0.4188]
[2026-01-23 21:06:06,470] - [root] - [INFO] - stds             : [0.1764, 0.165, 0.2326]
[2026-01-23 21:06:06,470] - [root] - [INFO] - target_class     : 1
[2026-01-23 21:06:06,471] - [root] - [INFO] - contam_control   : False
[2026-01-23 21:06:06,471] - [root] - [INFO] - spor_th          : 0.8
[2026-01-23 21:06:06,471] - [root] - [INFO] - inf_gate         : 0.6
[2026-01-23 21:06:06,471] - [root] - [INFO] - pm               : HPM-1269
[2026-01-23 21:06:06,471] - [root] - [INFO] - mps              : False
[2026-01-23 21:06:06,471] - [root] - [INFO] - cuda             : True
[2026-01-23 21:06:06,471] - [root] - [INFO] - cuda_id          : 0
[2026-01-23 21:06:06,471] - [root] - [INFO] - sal_threshold    : 0.5
[2026-01-23 21:06:06,471] - [root] - [INFO] - up_threshold     : 0.9
[2026-01-23 21:06:06,471] - [root] - [INFO] - down_threshold   : 0.2
[2026-01-23 21:06:06,471] - [root] - [INFO] - dataset_path     : C:/Users/Intel User/Desktop/blackbird_scripts/data/human_disk_assessments
[2026-01-23 21:06:06,471] - [root] - [INFO] - img_folder       : 1-22-2026
[2026-01-23 21:06:06,471] - [root] - [INFO] - platform         : BlackBird
[2026-01-23 21:06:06,471] - [root] - [INFO] - threshold        : ['0.7']
[2026-01-23 21:06:06,471] - [root] - [INFO] - log              : ../../results/logs/random.log
[2026-01-23 21:06:06,471] - [root] - [INFO] - dpi              : 10
[2026-01-23 21:06:06,471] - [root] - [INFO] - group            : baseline
[2026-01-23 21:06:06,471] - [root] - [INFO] - trays            : ['10dpi']
[2026-01-23 21:06:06,471] - [root] - [INFO] - sal_gradcam      : False
[2026-01-23 21:06:06,472] - [root] - [INFO] - sal_gradient     : True
[2026-01-23 21:06:06,472] - [root] - [INFO] - sal_smoothgrad   : False
[2026-01-23 21:06:06,472] - [root] - [INFO] - sal_deeplift     : False
[2026-01-23 21:06:06,472] - [root] - [INFO] - sal_thresh_method : fixed
[2026-01-23 21:06:06,472] - [root] - [INFO] - sal_thresh_p     : 95.0
[2026-01-23 21:06:07,324] - [root] - [INFO] - -------------------------------------------
[2026-01-23 21:06:07,324] - [root] - [INFO] - Processing 1-22-2026 10dpi 013-W2021011-633_R2.png
[2026-01-23 21:06:24,151] - [root] - [INFO] - Finished loading mask: 0m 16s
[2026-01-23 21:06:39,349] - [root] - [INFO] - Finished crop and inference: 0m 32s
[2026-01-23 21:06:41,261] - [root] - [INFO] - Analysis finished: 0m 33s
[2026-01-23 21:06:41,262] - [root] - [INFO] - -------------------------------------------
[2026-01-23 21:06:41,262] - [root] - [INFO] - -------------------------------------------
[2026-01-23 21:06:41,262] - [root] - [INFO] - Processing 1-22-2026 10dpi 026-W2021010-346_R2.png
[2026-01-23 21:06:59,848] - [root] - [INFO] - Finished loading mask: 0m 18s
[2026-01-23 21:07:10,366] - [root] - [INFO] - Finished crop and inference: 0m 29s
[2026-01-23 21:07:12,194] - [root] - [INFO] - Analysis finished: 0m 30s
[2026-01-23 21:07:12,194] - [root] - [INFO] - -------------------------------------------
[2026-01-23 21:07:12,194] - [root] - [INFO] - -------------------------------------------
[2026-01-23 21:07:12,194] - [root] - [INFO] - Processing 1-22-2026 10dpi 042-W2021006-015_R1.png
[2026-01-23 21:07:30,300] - [root] - [INFO] - Finished loading mask: 0m 18s
[2026-01-23 21:07:43,033] - [root] - [INFO] - Finished crop and inference: 0m 30s
[2026-01-23 21:07:44,662] - [root] - [INFO] - Analysis finished: 0m 32s
[2026-01-23 21:07:44,663] - [root] - [INFO] - -------------------------------------------
[2026-01-23 21:07:44,663] - [root] - [INFO] - -------------------------------------------
[2026-01-23 21:07:44,663] - [root] - [INFO] - Processing 1-22-2026 10dpi 057-W2021011-504_R2.png
[2026-01-23 21:08:02,711] - [root] - [INFO] - Finished loading mask: 0m 18s
[2026-01-23 21:08:12,146] - [root] - [INFO] - Finished crop and inference: 0m 27s
[2026-01-23 21:08:13,821] - [root] - [INFO] - Analysis finished: 0m 29s
[2026-01-23 21:08:13,821] - [root] - [INFO] - -------------------------------------------
[2026-01-23 21:08:13,822] - [root] - [INFO] - -------------------------------------------
[2026-01-23 21:08:13,822] - [root] - [INFO] - Processing 1-22-2026 10dpi 069-W2021011-574_R1.png
[2026-01-23 21:08:31,659] - [root] - [INFO] - Finished loading mask: 0m 17s
[2026-01-23 21:08:43,096] - [root] - [INFO] - Finished crop and inference: 0m 29s
[2026-01-23 21:08:44,788] - [root] - [INFO] - Analysis finished: 0m 30s
[2026-01-23 21:08:44,788] - [root] - [INFO] - -------------------------------------------
[2026-01-23 21:08:44,789] - [root] - [INFO] - -------------------------------------------
[2026-01-23 21:08:44,789] - [root] - [INFO] - Processing 1-22-2026 10dpi 095-W2021009-283_R1.png
[2026-01-23 21:09:02,876] - [root] - [INFO] - Finished loading mask: 0m 18s
[2026-01-23 21:09:12,396] - [root] - [INFO] - Finished crop and inference: 0m 27s
[2026-01-23 21:09:14,033] - [root] - [INFO] - Analysis finished: 0m 29s
[2026-01-23 21:09:14,034] - [root] - [INFO] - -------------------------------------------
[2026-01-23 21:09:14,034] - [root] - [INFO] - -------------------------------------------
[2026-01-23 21:09:14,034] - [root] - [INFO] - Processing 1-22-2026 10dpi 103-W2021011-591_R2.png
[2026-01-23 21:09:31,256] - [root] - [INFO] - Finished loading mask: 0m 17s
[2026-01-23 21:09:50,821] - [root] - [INFO] - Finished crop and inference: 0m 36s
[2026-01-23 21:09:52,463] - [root] - [INFO] - Analysis finished: 0m 38s
[2026-01-23 21:09:52,463] - [root] - [INFO] - -------------------------------------------
[2026-01-23 21:09:52,463] - [root] - [INFO] - -------------------------------------------
[2026-01-23 21:09:52,463] - [root] - [INFO] - Processing 1-22-2026 10dpi 115-W2021011-638_R1.png
[2026-01-23 21:10:09,297] - [root] - [INFO] - Finished loading mask: 0m 16s
[2026-01-23 21:10:30,186] - [root] - [INFO] - Finished crop and inference: 0m 37s
[2026-01-23 21:10:32,003] - [root] - [INFO] - Analysis finished: 0m 39s
[2026-01-23 21:10:32,003] - [root] - [INFO] - -------------------------------------------
[2026-01-23 21:10:32,003] - [root] - [INFO] - -------------------------------------------
[2026-01-23 21:10:32,004] - [root] - [INFO] - Processing 1-22-2026 10dpi 124-W2021009-278_R1.png
[2026-01-23 21:10:49,909] - [root] - [INFO] - Finished loading mask: 0m 17s
[2026-01-23 21:11:06,712] - [root] - [INFO] - Finished crop and inference: 0m 34s
[2026-01-23 21:11:08,297] - [root] - [INFO] - Analysis finished: 0m 36s
[2026-01-23 21:11:08,297] - [root] - [INFO] - -------------------------------------------
[2026-01-23 21:11:08,297] - [root] - [INFO] - -------------------------------------------
[2026-01-23 21:11:08,297] - [root] - [INFO] - Processing 1-22-2026 10dpi 162-W2021011-551_R2.png
[2026-01-23 21:11:25,405] - [root] - [INFO] - Finished loading mask: 0m 17s
[2026-01-23 21:11:50,061] - [root] - [INFO] - Finished crop and inference: 0m 41s
[2026-01-23 21:11:51,588] - [root] - [INFO] - Analysis finished: 0m 43s
[2026-01-23 21:11:51,588] - [root] - [INFO] - -------------------------------------------
[2026-01-23 21:11:51,588] - [root] - [INFO] - -------------------------------------------
[2026-01-23 21:11:51,588] - [root] - [INFO] - Processing 1-22-2026 10dpi 172-W2021009-156_R2.png
[2026-01-23 21:12:10,198] - [root] - [INFO] - Finished loading mask: 0m 18s
[2026-01-23 21:12:18,547] - [root] - [INFO] - Finished crop and inference: 0m 26s
[2026-01-23 21:12:20,040] - [root] - [INFO] - Analysis finished: 0m 28s
[2026-01-23 21:12:20,040] - [root] - [INFO] - -------------------------------------------
[2026-01-23 21:12:20,040] - [root] - [INFO] - -------------------------------------------
[2026-01-23 21:12:20,040] - [root] - [INFO] - Processing 1-22-2026 10dpi 182-W2021009-251_R1.png
[2026-01-23 21:12:39,020] - [root] - [INFO] - Finished loading mask: 0m 18s
[2026-01-23 21:12:49,404] - [root] - [INFO] - Finished crop and inference: 0m 29s
[2026-01-23 21:12:50,889] - [root] - [INFO] - Analysis finished: 0m 30s
[2026-01-23 21:12:50,889] - [root] - [INFO] - -------------------------------------------
[2026-01-23 21:12:50,889] - [root] - [INFO] - -------------------------------------------
[2026-01-23 21:12:50,889] - [root] - [INFO] - Processing 1-22-2026 10dpi 194-W2021010-339_R2.png
[2026-01-23 21:13:11,290] - [root] - [INFO] - Finished loading mask: 0m 20s
[2026-01-23 21:13:20,287] - [root] - [INFO] - Finished crop and inference: 0m 29s
[2026-01-23 21:13:21,865] - [root] - [INFO] - Analysis finished: 0m 30s
[2026-01-23 21:13:21,865] - [root] - [INFO] - -------------------------------------------
[2026-01-23 21:13:21,865] - [root] - [INFO] - -------------------------------------------
[2026-01-23 21:13:21,865] - [root] - [INFO] - Processing 1-22-2026 10dpi 215-W2021006-045_R1.png
[2026-01-23 21:13:40,819] - [root] - [INFO] - Finished loading mask: 0m 18s
[2026-01-23 21:14:02,029] - [root] - [INFO] - Finished crop and inference: 0m 40s
[2026-01-23 21:14:03,550] - [root] - [INFO] - Analysis finished: 0m 41s
[2026-01-23 21:14:03,550] - [root] - [INFO] - -------------------------------------------
[2026-01-23 21:14:03,550] - [root] - [INFO] - -------------------------------------------
[2026-01-23 21:14:03,550] - [root] - [INFO] - Processing 1-22-2026 10dpi 262-W2021009-187_R2.png
[2026-01-23 21:14:21,775] - [root] - [INFO] - Finished loading mask: 0m 18s
[2026-01-23 21:14:43,027] - [root] - [INFO] - Finished crop and inference: 0m 39s
[2026-01-23 21:14:44,425] - [root] - [INFO] - Analysis finished: 0m 40s
[2026-01-23 21:14:44,425] - [root] - [INFO] - -------------------------------------------
[2026-01-23 21:14:44,430] - [root] - [INFO] - Saved C:\Users\Intel User\Desktop\blackbird_scripts\data\Results\ResNet_upth0.9_downth0.2_Jan22_10-21-00_2026\1-22-2026\th_0.7\severity_rate_tray_10dpi_u0.9_d0.2_ig0.6_sp0.8.csv
             timestamp time_elapsed  ... severity_rate_patch Gradient_sr2
0  2026-01-23 21:06:07       0m 33s  ...               28.97         0.79

[1 rows x 24 columns]
             timestamp time_elapsed  ... severity_rate_patch Gradient_sr2
0  2026-01-23 21:06:07       0m 33s  ...               28.97         0.79
1  2026-01-23 21:06:41       0m 30s  ...                0.14         0.00

[2 rows x 24 columns]
             timestamp time_elapsed  ... severity_rate_patch Gradient_sr2
0  2026-01-23 21:06:07       0m 33s  ...               28.97         0.79
1  2026-01-23 21:06:41       0m 30s  ...                0.14         0.00
2  2026-01-23 21:07:12       0m 32s  ...               22.06         0.56

[3 rows x 24 columns]
             timestamp time_elapsed  ... severity_rate_patch Gradient_sr2
0  2026-01-23 21:06:07       0m 33s  ...               28.97         0.79
1  2026-01-23 21:06:41       0m 30s  ...                0.14         0.00
2  2026-01-23 21:07:12       0m 32s  ...               22.06         0.56
3  2026-01-23 21:07:44       0m 29s  ...                1.44         0.04

[4 rows x 24 columns]
             timestamp time_elapsed  ... severity_rate_patch Gradient_sr2
0  2026-01-23 21:06:07       0m 33s  ...               28.97         0.79
1  2026-01-23 21:06:41       0m 30s  ...                0.14         0.00
2  2026-01-23 21:07:12       0m 32s  ...               22.06         0.56
3  2026-01-23 21:07:44       0m 29s  ...                1.44         0.04
4  2026-01-23 21:08:13       0m 30s  ...               13.32         0.39

[5 rows x 24 columns]
             timestamp time_elapsed  ... severity_rate_patch Gradient_sr2
0  2026-01-23 21:06:07       0m 33s  ...               28.97         0.79
1  2026-01-23 21:06:41       0m 30s  ...                0.14         0.00
2  2026-01-23 21:07:12       0m 32s  ...               22.06         0.56
3  2026-01-23 21:07:44       0m 29s  ...                1.44         0.04
4  2026-01-23 21:08:13       0m 30s  ...               13.32         0.39
5  2026-01-23 21:08:44       0m 29s  ...                5.10         0.12

[6 rows x 24 columns]
             timestamp time_elapsed  ... severity_rate_patch Gradient_sr2
0  2026-01-23 21:06:07       0m 33s  ...               28.97         0.79
1  2026-01-23 21:06:41       0m 30s  ...                0.14         0.00
2  2026-01-23 21:07:12       0m 32s  ...               22.06         0.56
3  2026-01-23 21:07:44       0m 29s  ...                1.44         0.04
4  2026-01-23 21:08:13       0m 30s  ...               13.32         0.39
5  2026-01-23 21:08:44       0m 29s  ...                5.10         0.12
6  2026-01-23 21:09:14       0m 38s  ...               49.84         1.42

[7 rows x 24 columns]
             timestamp time_elapsed  ... severity_rate_patch Gradient_sr2
0  2026-01-23 21:06:07       0m 33s  ...               28.97         0.79
1  2026-01-23 21:06:41       0m 30s  ...                0.14         0.00
2  2026-01-23 21:07:12       0m 32s  ...               22.06         0.56
3  2026-01-23 21:07:44       0m 29s  ...                1.44         0.04
4  2026-01-23 21:08:13       0m 30s  ...               13.32         0.39
5  2026-01-23 21:08:44       0m 29s  ...                5.10         0.12
6  2026-01-23 21:09:14       0m 38s  ...               49.84         1.42
7  2026-01-23 21:09:52       0m 39s  ...               55.89         1.46

[8 rows x 24 columns]
             timestamp time_elapsed  ... severity_rate_patch Gradient_sr2
0  2026-01-23 21:06:07       0m 33s  ...               28.97         0.79
1  2026-01-23 21:06:41       0m 30s  ...                0.14         0.00
2  2026-01-23 21:07:12       0m 32s  ...               22.06         0.56
3  2026-01-23 21:07:44       0m 29s  ...                1.44         0.04
4  2026-01-23 21:08:13       0m 30s  ...               13.32         0.39
5  2026-01-23 21:08:44       0m 29s  ...                5.10         0.12
6  2026-01-23 21:09:14       0m 38s  ...               49.84         1.42
7  2026-01-23 21:09:52       0m 39s  ...               55.89         1.46
8  2026-01-23 21:10:32       0m 36s  ...               44.43         1.24

[9 rows x 24 columns]
             timestamp time_elapsed  ... severity_rate_patch Gradient_sr2
0  2026-01-23 21:06:07       0m 33s  ...               28.97         0.79
1  2026-01-23 21:06:41       0m 30s  ...                0.14         0.00
2  2026-01-23 21:07:12       0m 32s  ...               22.06         0.56
3  2026-01-23 21:07:44       0m 29s  ...                1.44         0.04
4  2026-01-23 21:08:13       0m 30s  ...               13.32         0.39
5  2026-01-23 21:08:44       0m 29s  ...                5.10         0.12
6  2026-01-23 21:09:14       0m 38s  ...               49.84         1.42
7  2026-01-23 21:09:52       0m 39s  ...               55.89         1.46
8  2026-01-23 21:10:32       0m 36s  ...               44.43         1.24
9  2026-01-23 21:11:08       0m 43s  ...               83.24         2.32

[10 rows x 24 columns]
              timestamp time_elapsed  ... severity_rate_patch Gradient_sr2
0   2026-01-23 21:06:07       0m 33s  ...               28.97         0.79
1   2026-01-23 21:06:41       0m 30s  ...                0.14         0.00
2   2026-01-23 21:07:12       0m 32s  ...               22.06         0.56
3   2026-01-23 21:07:44       0m 29s  ...                1.44         0.04
4   2026-01-23 21:08:13       0m 30s  ...               13.32         0.39
5   2026-01-23 21:08:44       0m 29s  ...                5.10         0.12
6   2026-01-23 21:09:14       0m 38s  ...               49.84         1.42
7   2026-01-23 21:09:52       0m 39s  ...               55.89         1.46
8   2026-01-23 21:10:32       0m 36s  ...               44.43         1.24
9   2026-01-23 21:11:08       0m 43s  ...               83.24         2.32
10  2026-01-23 21:11:51       0m 28s  ...                6.27         0.16

[11 rows x 24 columns]
              timestamp time_elapsed  ... severity_rate_patch Gradient_sr2
0   2026-01-23 21:06:07       0m 33s  ...               28.97         0.79
1   2026-01-23 21:06:41       0m 30s  ...                0.14         0.00
2   2026-01-23 21:07:12       0m 32s  ...               22.06         0.56
3   2026-01-23 21:07:44       0m 29s  ...                1.44         0.04
4   2026-01-23 21:08:13       0m 30s  ...               13.32         0.39
5   2026-01-23 21:08:44       0m 29s  ...                5.10         0.12
6   2026-01-23 21:09:14       0m 38s  ...               49.84         1.42
7   2026-01-23 21:09:52       0m 39s  ...               55.89         1.46
8   2026-01-23 21:10:32       0m 36s  ...               44.43         1.24
9   2026-01-23 21:11:08       0m 43s  ...               83.24         2.32
10  2026-01-23 21:11:51       0m 28s  ...                6.27         0.16
11  2026-01-23 21:12:20       0m 30s  ...                6.07         0.16

[12 rows x 24 columns]
              timestamp time_elapsed  ... severity_rate_patch Gradient_sr2
0   2026-01-23 21:06:07       0m 33s  ...               28.97         0.79
1   2026-01-23 21:06:41       0m 30s  ...                0.14         0.00
2   2026-01-23 21:07:12       0m 32s  ...               22.06         0.56
3   2026-01-23 21:07:44       0m 29s  ...                1.44         0.04
4   2026-01-23 21:08:13       0m 30s  ...               13.32         0.39
5   2026-01-23 21:08:44       0m 29s  ...                5.10         0.12
6   2026-01-23 21:09:14       0m 38s  ...               49.84         1.42
7   2026-01-23 21:09:52       0m 39s  ...               55.89         1.46
8   2026-01-23 21:10:32       0m 36s  ...               44.43         1.24
9   2026-01-23 21:11:08       0m 43s  ...               83.24         2.32
10  2026-01-23 21:11:51       0m 28s  ...                6.27         0.16
11  2026-01-23 21:12:20       0m 30s  ...                6.07         0.16
12  2026-01-23 21:12:50       0m 30s  ...                3.82         0.09

[13 rows x 24 columns]
              timestamp time_elapsed  ... severity_rate_patch Gradient_sr2
0   2026-01-23 21:06:07       0m 33s  ...               28.97         0.79
1   2026-01-23 21:06:41       0m 30s  ...                0.14         0.00
2   2026-01-23 21:07:12       0m 32s  ...               22.06         0.56
3   2026-01-23 21:07:44       0m 29s  ...                1.44         0.04
4   2026-01-23 21:08:13       0m 30s  ...               13.32         0.39
5   2026-01-23 21:08:44       0m 29s  ...                5.10         0.12
6   2026-01-23 21:09:14       0m 38s  ...               49.84         1.42
7   2026-01-23 21:09:52       0m 39s  ...               55.89         1.46
8   2026-01-23 21:10:32       0m 36s  ...               44.43         1.24
9   2026-01-23 21:11:08       0m 43s  ...               83.24         2.32
10  2026-01-23 21:11:51       0m 28s  ...                6.27         0.16
11  2026-01-23 21:12:20       0m 30s  ...                6.07         0.16
12  2026-01-23 21:12:50       0m 30s  ...                3.82         0.09
13  2026-01-23 21:13:21       0m 41s  ...               77.51         2.23

[14 rows x 24 columns]
              timestamp time_elapsed  ... severity_rate_patch Gradient_sr2
0   2026-01-23 21:06:07       0m 33s  ...               28.97         0.79
1   2026-01-23 21:06:41       0m 30s  ...                0.14         0.00
2   2026-01-23 21:07:12       0m 32s  ...               22.06         0.56
3   2026-01-23 21:07:44       0m 29s  ...                1.44         0.04
4   2026-01-23 21:08:13       0m 30s  ...               13.32         0.39
5   2026-01-23 21:08:44       0m 29s  ...                5.10         0.12
6   2026-01-23 21:09:14       0m 38s  ...               49.84         1.42
7   2026-01-23 21:09:52       0m 39s  ...               55.89         1.46
8   2026-01-23 21:10:32       0m 36s  ...               44.43         1.24
9   2026-01-23 21:11:08       0m 43s  ...               83.24         2.32
10  2026-01-23 21:11:51       0m 28s  ...                6.27         0.16
11  2026-01-23 21:12:20       0m 30s  ...                6.07         0.16
12  2026-01-23 21:12:50       0m 30s  ...                3.82         0.09
13  2026-01-23 21:13:21       0m 41s  ...               77.51         2.23
14  2026-01-23 21:14:03       0m 40s  ...               79.42         2.28

[15 rows x 24 columns]

real	8m43.825s
user	0m0.015s
sys	0m0.000s
