[2026-01-23 19:05:36,133] - [root] - [INFO] - leaf_correlation_mw.py
[2026-01-23 19:05:36,133] - [root] - [INFO] - model_type       : ResNet
[2026-01-23 19:05:36,133] - [root] - [INFO] - pretrained       : True
[2026-01-23 19:05:36,133] - [root] - [INFO] - loading_epoch    : 65
[2026-01-23 19:05:36,133] - [root] - [INFO] - timestamp        : Jan22_10-21-00_2026
[2026-01-23 19:05:36,133] - [root] - [INFO] - outdim           : 2
[2026-01-23 19:05:36,133] - [root] - [INFO] - dual_head        : True
[2026-01-23 19:05:36,134] - [root] - [INFO] - model_path       : ../..
[2026-01-23 19:05:36,134] - [root] - [INFO] - step_size        : 224
[2026-01-23 19:05:36,134] - [root] - [INFO] - means            : [0.541, 0.6371, 0.4188]
[2026-01-23 19:05:36,134] - [root] - [INFO] - stds             : [0.1764, 0.165, 0.2326]
[2026-01-23 19:05:36,134] - [root] - [INFO] - target_class     : 1
[2026-01-23 19:05:36,134] - [root] - [INFO] - contam_control   : False
[2026-01-23 19:05:36,134] - [root] - [INFO] - spor_th          : 0.9
[2026-01-23 19:05:36,134] - [root] - [INFO] - inf_gate         : 0.6
[2026-01-23 19:05:36,134] - [root] - [INFO] - pm               : HPM-1269
[2026-01-23 19:05:36,134] - [root] - [INFO] - mps              : False
[2026-01-23 19:05:36,134] - [root] - [INFO] - cuda             : True
[2026-01-23 19:05:36,134] - [root] - [INFO] - cuda_id          : 0
[2026-01-23 19:05:36,134] - [root] - [INFO] - sal_threshold    : 0.5
[2026-01-23 19:05:36,134] - [root] - [INFO] - up_threshold     : 0.8
[2026-01-23 19:05:36,134] - [root] - [INFO] - down_threshold   : 0.2
[2026-01-23 19:05:36,134] - [root] - [INFO] - dataset_path     : C:/Users/Intel User/Desktop/blackbird_scripts/data/human_disk_assessments
[2026-01-23 19:05:36,135] - [root] - [INFO] - img_folder       : 1-22-2026
[2026-01-23 19:05:36,135] - [root] - [INFO] - platform         : BlackBird
[2026-01-23 19:05:36,135] - [root] - [INFO] - threshold        : ['0.7']
[2026-01-23 19:05:36,135] - [root] - [INFO] - log              : ../../results/logs/random.log
[2026-01-23 19:05:36,135] - [root] - [INFO] - dpi              : 5
[2026-01-23 19:05:36,135] - [root] - [INFO] - group            : baseline
[2026-01-23 19:05:36,135] - [root] - [INFO] - trays            : ['5dpi']
[2026-01-23 19:05:36,135] - [root] - [INFO] - sal_gradcam      : False
[2026-01-23 19:05:36,135] - [root] - [INFO] - sal_gradient     : True
[2026-01-23 19:05:36,135] - [root] - [INFO] - sal_smoothgrad   : False
[2026-01-23 19:05:36,135] - [root] - [INFO] - sal_deeplift     : False
[2026-01-23 19:05:36,135] - [root] - [INFO] - sal_thresh_method : fixed
[2026-01-23 19:05:36,135] - [root] - [INFO] - sal_thresh_p     : 95.0
[2026-01-23 19:05:37,222] - [root] - [INFO] - -------------------------------------------
[2026-01-23 19:05:37,222] - [root] - [INFO] - Processing 1-22-2026 5dpi 015-W2021009-160_R1.png
[2026-01-23 19:05:58,896] - [root] - [INFO] - Finished loading mask: 0m 21s
[2026-01-23 19:06:11,689] - [root] - [INFO] - Finished crop and inference: 0m 34s
[2026-01-23 19:06:13,329] - [root] - [INFO] - Analysis finished: 0m 36s
[2026-01-23 19:06:13,329] - [root] - [INFO] - -------------------------------------------
[2026-01-23 19:06:13,330] - [root] - [INFO] - -------------------------------------------
[2026-01-23 19:06:13,330] - [root] - [INFO] - Processing 1-22-2026 5dpi 015-W2021011-633_R1.png
[2026-01-23 19:06:35,715] - [root] - [INFO] - Finished loading mask: 0m 22s
[2026-01-23 19:06:47,956] - [root] - [INFO] - Finished crop and inference: 0m 34s
[2026-01-23 19:06:49,795] - [root] - [INFO] - Analysis finished: 0m 36s
[2026-01-23 19:06:49,795] - [root] - [INFO] - -------------------------------------------
[2026-01-23 19:06:49,795] - [root] - [INFO] - -------------------------------------------
[2026-01-23 19:06:49,795] - [root] - [INFO] - Processing 1-22-2026 5dpi 019-W2021010-428_R2.png
[2026-01-23 19:07:11,811] - [root] - [INFO] - Finished loading mask: 0m 22s
[2026-01-23 19:07:20,498] - [root] - [INFO] - Finished crop and inference: 0m 30s
[2026-01-23 19:07:22,368] - [root] - [INFO] - Analysis finished: 0m 32s
[2026-01-23 19:07:22,368] - [root] - [INFO] - -------------------------------------------
[2026-01-23 19:07:22,368] - [root] - [INFO] - -------------------------------------------
[2026-01-23 19:07:22,368] - [root] - [INFO] - Processing 1-22-2026 5dpi 021-W2021009-175_R1.png
[2026-01-23 19:07:43,696] - [root] - [INFO] - Finished loading mask: 0m 21s
[2026-01-23 19:07:53,222] - [root] - [INFO] - Finished crop and inference: 0m 30s
[2026-01-23 19:07:55,134] - [root] - [INFO] - Analysis finished: 0m 32s
[2026-01-23 19:07:55,134] - [root] - [INFO] - -------------------------------------------
[2026-01-23 19:07:55,134] - [root] - [INFO] - -------------------------------------------
[2026-01-23 19:07:55,134] - [root] - [INFO] - Processing 1-22-2026 5dpi 022-W2021009-198_R2.png
[2026-01-23 19:08:16,846] - [root] - [INFO] - Finished loading mask: 0m 21s
[2026-01-23 19:08:28,192] - [root] - [INFO] - Finished crop and inference: 0m 33s
[2026-01-23 19:08:30,130] - [root] - [INFO] - Analysis finished: 0m 34s
[2026-01-23 19:08:30,131] - [root] - [INFO] - -------------------------------------------
[2026-01-23 19:08:30,131] - [root] - [INFO] - -------------------------------------------
[2026-01-23 19:08:30,131] - [root] - [INFO] - Processing 1-22-2026 5dpi 036-W2021006-047_R2.png
[2026-01-23 19:08:53,242] - [root] - [INFO] - Finished loading mask: 0m 23s
[2026-01-23 19:09:02,539] - [root] - [INFO] - Finished crop and inference: 0m 32s
[2026-01-23 19:09:04,661] - [root] - [INFO] - Analysis finished: 0m 34s
[2026-01-23 19:09:04,662] - [root] - [INFO] - -------------------------------------------
[2026-01-23 19:09:04,662] - [root] - [INFO] - -------------------------------------------
[2026-01-23 19:09:04,662] - [root] - [INFO] - Processing 1-22-2026 5dpi 060-W2021010-324_R2.png
[2026-01-23 19:09:26,350] - [root] - [INFO] - Finished loading mask: 0m 21s
[2026-01-23 19:09:35,734] - [root] - [INFO] - Finished crop and inference: 0m 31s
[2026-01-23 19:09:37,799] - [root] - [INFO] - Analysis finished: 0m 33s
[2026-01-23 19:09:37,799] - [root] - [INFO] - -------------------------------------------
[2026-01-23 19:09:37,799] - [root] - [INFO] - -------------------------------------------
[2026-01-23 19:09:37,800] - [root] - [INFO] - Processing 1-22-2026 5dpi 099-W2021006-611_R2.png
[2026-01-23 19:09:59,798] - [root] - [INFO] - Finished loading mask: 0m 21s
[2026-01-23 19:10:14,736] - [root] - [INFO] - Finished crop and inference: 0m 36s
[2026-01-23 19:10:16,356] - [root] - [INFO] - Analysis finished: 0m 38s
[2026-01-23 19:10:16,357] - [root] - [INFO] - -------------------------------------------
[2026-01-23 19:10:16,357] - [root] - [INFO] - -------------------------------------------
[2026-01-23 19:10:16,357] - [root] - [INFO] - Processing 1-22-2026 5dpi 123-W2021009-255_R2.png
[2026-01-23 19:10:38,024] - [root] - [INFO] - Finished loading mask: 0m 21s
[2026-01-23 19:10:48,676] - [root] - [INFO] - Finished crop and inference: 0m 32s
[2026-01-23 19:10:50,237] - [root] - [INFO] - Analysis finished: 0m 33s
[2026-01-23 19:10:50,237] - [root] - [INFO] - -------------------------------------------
[2026-01-23 19:10:50,238] - [root] - [INFO] - -------------------------------------------
[2026-01-23 19:10:50,238] - [root] - [INFO] - Processing 1-22-2026 5dpi 141-W2021009-274_R1.png
[2026-01-23 19:11:12,685] - [root] - [INFO] - Finished loading mask: 0m 22s
[2026-01-23 19:11:35,477] - [root] - [INFO] - Finished crop and inference: 0m 45s
[2026-01-23 19:11:37,010] - [root] - [INFO] - Analysis finished: 0m 46s
[2026-01-23 19:11:37,010] - [root] - [INFO] - -------------------------------------------
[2026-01-23 19:11:37,010] - [root] - [INFO] - -------------------------------------------
[2026-01-23 19:11:37,010] - [root] - [INFO] - Processing 1-22-2026 5dpi 173-W2021006-127_R2.png
[2026-01-23 19:11:58,554] - [root] - [INFO] - Finished loading mask: 0m 21s
[2026-01-23 19:12:07,573] - [root] - [INFO] - Finished crop and inference: 0m 30s
[2026-01-23 19:12:09,120] - [root] - [INFO] - Analysis finished: 0m 32s
[2026-01-23 19:12:09,120] - [root] - [INFO] - -------------------------------------------
[2026-01-23 19:12:09,120] - [root] - [INFO] - -------------------------------------------
[2026-01-23 19:12:09,121] - [root] - [INFO] - Processing 1-22-2026 5dpi 191-W2021010-449_R1.png
[2026-01-23 19:12:31,286] - [root] - [INFO] - Finished loading mask: 0m 22s
[2026-01-23 19:12:43,625] - [root] - [INFO] - Finished crop and inference: 0m 34s
[2026-01-23 19:12:45,254] - [root] - [INFO] - Analysis finished: 0m 36s
[2026-01-23 19:12:45,254] - [root] - [INFO] - -------------------------------------------
[2026-01-23 19:12:45,254] - [root] - [INFO] - -------------------------------------------
[2026-01-23 19:12:45,254] - [root] - [INFO] - Processing 1-22-2026 5dpi 254-W2021010-352_R2.png
[2026-01-23 19:13:06,753] - [root] - [INFO] - Finished loading mask: 0m 21s
[2026-01-23 19:13:14,357] - [root] - [INFO] - Finished crop and inference: 0m 29s
[2026-01-23 19:13:15,940] - [root] - [INFO] - Analysis finished: 0m 30s
[2026-01-23 19:13:15,940] - [root] - [INFO] - -------------------------------------------
[2026-01-23 19:13:15,940] - [root] - [INFO] - -------------------------------------------
[2026-01-23 19:13:15,940] - [root] - [INFO] - Processing 1-22-2026 5dpi 266-W2021009-193_R1.png
[2026-01-23 19:13:37,055] - [root] - [INFO] - Finished loading mask: 0m 21s
[2026-01-23 19:13:46,443] - [root] - [INFO] - Finished crop and inference: 0m 30s
[2026-01-23 19:13:47,990] - [root] - [INFO] - Analysis finished: 0m 32s
[2026-01-23 19:13:47,990] - [root] - [INFO] - -------------------------------------------
[2026-01-23 19:13:47,990] - [root] - [INFO] - -------------------------------------------
[2026-01-23 19:13:47,990] - [root] - [INFO] - Processing 1-22-2026 5dpi 336-W2021011-506_R2.png
[2026-01-23 19:14:09,261] - [root] - [INFO] - Finished loading mask: 0m 21s
[2026-01-23 19:14:24,274] - [root] - [INFO] - Finished crop and inference: 0m 36s
[2026-01-23 19:14:25,752] - [root] - [INFO] - Analysis finished: 0m 37s
[2026-01-23 19:14:25,752] - [root] - [INFO] - -------------------------------------------
[2026-01-23 19:14:25,763] - [root] - [INFO] - Saved C:\Users\Intel User\Desktop\blackbird_scripts\data\Results\ResNet_upth0.8_downth0.2_Jan22_10-21-00_2026\1-22-2026\th_0.7\severity_rate_tray_5dpi_u0.8_d0.2_ig0.6_sp0.9.csv
             timestamp time_elapsed  ... severity_rate_patch Gradient_sr2
0  2026-01-23 19:05:37       0m 36s  ...               32.69         0.76

[1 rows x 24 columns]
             timestamp time_elapsed  ... severity_rate_patch Gradient_sr2
0  2026-01-23 19:05:37       0m 36s  ...               32.69         0.76
1  2026-01-23 19:06:13       0m 36s  ...               17.55         0.49

[2 rows x 24 columns]
             timestamp time_elapsed  ... severity_rate_patch Gradient_sr2
0  2026-01-23 19:05:37       0m 36s  ...               32.69         0.76
1  2026-01-23 19:06:13       0m 36s  ...               17.55         0.49
2  2026-01-23 19:06:49       0m 32s  ...                0.96         0.02

[3 rows x 24 columns]
             timestamp time_elapsed  ... severity_rate_patch Gradient_sr2
0  2026-01-23 19:05:37       0m 36s  ...               32.69         0.76
1  2026-01-23 19:06:13       0m 36s  ...               17.55         0.49
2  2026-01-23 19:06:49       0m 32s  ...                0.96         0.02
3  2026-01-23 19:07:22       0m 32s  ...                2.19         0.06

[4 rows x 24 columns]
             timestamp time_elapsed  ... severity_rate_patch Gradient_sr2
0  2026-01-23 19:05:37       0m 36s  ...               32.69         0.76
1  2026-01-23 19:06:13       0m 36s  ...               17.55         0.49
2  2026-01-23 19:06:49       0m 32s  ...                0.96         0.02
3  2026-01-23 19:07:22       0m 32s  ...                2.19         0.06
4  2026-01-23 19:07:55       0m 34s  ...               14.26         0.35

[5 rows x 24 columns]
             timestamp time_elapsed  ... severity_rate_patch Gradient_sr2
0  2026-01-23 19:05:37       0m 36s  ...               32.69         0.76
1  2026-01-23 19:06:13       0m 36s  ...               17.55         0.49
2  2026-01-23 19:06:49       0m 32s  ...                0.96         0.02
3  2026-01-23 19:07:22       0m 32s  ...                2.19         0.06
4  2026-01-23 19:07:55       0m 34s  ...               14.26         0.35
5  2026-01-23 19:08:30       0m 34s  ...                0.74         0.02

[6 rows x 24 columns]
             timestamp time_elapsed  ... severity_rate_patch Gradient_sr2
0  2026-01-23 19:05:37       0m 36s  ...               32.69         0.76
1  2026-01-23 19:06:13       0m 36s  ...               17.55         0.49
2  2026-01-23 19:06:49       0m 32s  ...                0.96         0.02
3  2026-01-23 19:07:22       0m 32s  ...                2.19         0.06
4  2026-01-23 19:07:55       0m 34s  ...               14.26         0.35
5  2026-01-23 19:08:30       0m 34s  ...                0.74         0.02
6  2026-01-23 19:09:04       0m 33s  ...                2.00         0.05

[7 rows x 24 columns]
             timestamp time_elapsed  ... severity_rate_patch Gradient_sr2
0  2026-01-23 19:05:37       0m 36s  ...               32.69         0.76
1  2026-01-23 19:06:13       0m 36s  ...               17.55         0.49
2  2026-01-23 19:06:49       0m 32s  ...                0.96         0.02
3  2026-01-23 19:07:22       0m 32s  ...                2.19         0.06
4  2026-01-23 19:07:55       0m 34s  ...               14.26         0.35
5  2026-01-23 19:08:30       0m 34s  ...                0.74         0.02
6  2026-01-23 19:09:04       0m 33s  ...                2.00         0.05
7  2026-01-23 19:09:37       0m 38s  ...               41.19         1.03

[8 rows x 24 columns]
             timestamp time_elapsed  ... severity_rate_patch Gradient_sr2
0  2026-01-23 19:05:37       0m 36s  ...               32.69         0.76
1  2026-01-23 19:06:13       0m 36s  ...               17.55         0.49
2  2026-01-23 19:06:49       0m 32s  ...                0.96         0.02
3  2026-01-23 19:07:22       0m 32s  ...                2.19         0.06
4  2026-01-23 19:07:55       0m 34s  ...               14.26         0.35
5  2026-01-23 19:08:30       0m 34s  ...                0.74         0.02
6  2026-01-23 19:09:04       0m 33s  ...                2.00         0.05
7  2026-01-23 19:09:37       0m 38s  ...               41.19         1.03
8  2026-01-23 19:10:16       0m 33s  ...                8.51         0.20

[9 rows x 24 columns]
             timestamp time_elapsed  ... severity_rate_patch Gradient_sr2
0  2026-01-23 19:05:37       0m 36s  ...               32.69         0.76
1  2026-01-23 19:06:13       0m 36s  ...               17.55         0.49
2  2026-01-23 19:06:49       0m 32s  ...                0.96         0.02
3  2026-01-23 19:07:22       0m 32s  ...                2.19         0.06
4  2026-01-23 19:07:55       0m 34s  ...               14.26         0.35
5  2026-01-23 19:08:30       0m 34s  ...                0.74         0.02
6  2026-01-23 19:09:04       0m 33s  ...                2.00         0.05
7  2026-01-23 19:09:37       0m 38s  ...               41.19         1.03
8  2026-01-23 19:10:16       0m 33s  ...                8.51         0.20
9  2026-01-23 19:10:50       0m 46s  ...               85.14         2.54

[10 rows x 24 columns]
              timestamp time_elapsed  ... severity_rate_patch Gradient_sr2
0   2026-01-23 19:05:37       0m 36s  ...               32.69         0.76
1   2026-01-23 19:06:13       0m 36s  ...               17.55         0.49
2   2026-01-23 19:06:49       0m 32s  ...                0.96         0.02
3   2026-01-23 19:07:22       0m 32s  ...                2.19         0.06
4   2026-01-23 19:07:55       0m 34s  ...               14.26         0.35
5   2026-01-23 19:08:30       0m 34s  ...                0.74         0.02
6   2026-01-23 19:09:04       0m 33s  ...                2.00         0.05
7   2026-01-23 19:09:37       0m 38s  ...               41.19         1.03
8   2026-01-23 19:10:16       0m 33s  ...                8.51         0.20
9   2026-01-23 19:10:50       0m 46s  ...               85.14         2.54
10  2026-01-23 19:11:37       0m 32s  ...                1.19         0.03

[11 rows x 24 columns]
              timestamp time_elapsed  ... severity_rate_patch Gradient_sr2
0   2026-01-23 19:05:37       0m 36s  ...               32.69         0.76
1   2026-01-23 19:06:13       0m 36s  ...               17.55         0.49
2   2026-01-23 19:06:49       0m 32s  ...                0.96         0.02
3   2026-01-23 19:07:22       0m 32s  ...                2.19         0.06
4   2026-01-23 19:07:55       0m 34s  ...               14.26         0.35
5   2026-01-23 19:08:30       0m 34s  ...                0.74         0.02
6   2026-01-23 19:09:04       0m 33s  ...                2.00         0.05
7   2026-01-23 19:09:37       0m 38s  ...               41.19         1.03
8   2026-01-23 19:10:16       0m 33s  ...                8.51         0.20
9   2026-01-23 19:10:50       0m 46s  ...               85.14         2.54
10  2026-01-23 19:11:37       0m 32s  ...                1.19         0.03
11  2026-01-23 19:12:09       0m 36s  ...               19.42         0.52

[12 rows x 24 columns]
              timestamp time_elapsed  ... severity_rate_patch Gradient_sr2
0   2026-01-23 19:05:37       0m 36s  ...               32.69         0.76
1   2026-01-23 19:06:13       0m 36s  ...               17.55         0.49
2   2026-01-23 19:06:49       0m 32s  ...                0.96         0.02
3   2026-01-23 19:07:22       0m 32s  ...                2.19         0.06
4   2026-01-23 19:07:55       0m 34s  ...               14.26         0.35
5   2026-01-23 19:08:30       0m 34s  ...                0.74         0.02
6   2026-01-23 19:09:04       0m 33s  ...                2.00         0.05
7   2026-01-23 19:09:37       0m 38s  ...               41.19         1.03
8   2026-01-23 19:10:16       0m 33s  ...                8.51         0.20
9   2026-01-23 19:10:50       0m 46s  ...               85.14         2.54
10  2026-01-23 19:11:37       0m 32s  ...                1.19         0.03
11  2026-01-23 19:12:09       0m 36s  ...               19.42         0.52
12  2026-01-23 19:12:45       0m 30s  ...                1.45         0.04

[13 rows x 24 columns]
              timestamp time_elapsed  ... severity_rate_patch Gradient_sr2
0   2026-01-23 19:05:37       0m 36s  ...               32.69         0.76
1   2026-01-23 19:06:13       0m 36s  ...               17.55         0.49
2   2026-01-23 19:06:49       0m 32s  ...                0.96         0.02
3   2026-01-23 19:07:22       0m 32s  ...                2.19         0.06
4   2026-01-23 19:07:55       0m 34s  ...               14.26         0.35
5   2026-01-23 19:08:30       0m 34s  ...                0.74         0.02
6   2026-01-23 19:09:04       0m 33s  ...                2.00         0.05
7   2026-01-23 19:09:37       0m 38s  ...               41.19         1.03
8   2026-01-23 19:10:16       0m 33s  ...                8.51         0.20
9   2026-01-23 19:10:50       0m 46s  ...               85.14         2.54
10  2026-01-23 19:11:37       0m 32s  ...                1.19         0.03
11  2026-01-23 19:12:09       0m 36s  ...               19.42         0.52
12  2026-01-23 19:12:45       0m 30s  ...                1.45         0.04
13  2026-01-23 19:13:15       0m 32s  ...                7.24         0.20

[14 rows x 24 columns]
              timestamp time_elapsed  ... severity_rate_patch Gradient_sr2
0   2026-01-23 19:05:37       0m 36s  ...               32.69         0.76
1   2026-01-23 19:06:13       0m 36s  ...               17.55         0.49
2   2026-01-23 19:06:49       0m 32s  ...                0.96         0.02
3   2026-01-23 19:07:22       0m 32s  ...                2.19         0.06
4   2026-01-23 19:07:55       0m 34s  ...               14.26         0.35
5   2026-01-23 19:08:30       0m 34s  ...                0.74         0.02
6   2026-01-23 19:09:04       0m 33s  ...                2.00         0.05
7   2026-01-23 19:09:37       0m 38s  ...               41.19         1.03
8   2026-01-23 19:10:16       0m 33s  ...                8.51         0.20
9   2026-01-23 19:10:50       0m 46s  ...               85.14         2.54
10  2026-01-23 19:11:37       0m 32s  ...                1.19         0.03
11  2026-01-23 19:12:09       0m 36s  ...               19.42         0.52
12  2026-01-23 19:12:45       0m 30s  ...                1.45         0.04
13  2026-01-23 19:13:15       0m 32s  ...                7.24         0.20
14  2026-01-23 19:13:47       0m 37s  ...               44.07         1.18

[15 rows x 24 columns]

real	9m2.902s
user	0m0.015s
sys	0m0.000s
