[2026-01-24 15:45:17,653] - [root] - [INFO] - leaf_correlation_mw.py
[2026-01-24 15:45:17,653] - [root] - [INFO] - model_type       : ResNet
[2026-01-24 15:45:17,653] - [root] - [INFO] - pretrained       : True
[2026-01-24 15:45:17,653] - [root] - [INFO] - loading_epoch    : 65
[2026-01-24 15:45:17,653] - [root] - [INFO] - timestamp        : Jan22_10-21-00_2026
[2026-01-24 15:45:17,654] - [root] - [INFO] - outdim           : 2
[2026-01-24 15:45:17,654] - [root] - [INFO] - dual_head        : True
[2026-01-24 15:45:17,654] - [root] - [INFO] - model_path       : ../..
[2026-01-24 15:45:17,654] - [root] - [INFO] - step_size        : 224
[2026-01-24 15:45:17,654] - [root] - [INFO] - means            : [0.541, 0.6371, 0.4188]
[2026-01-24 15:45:17,654] - [root] - [INFO] - stds             : [0.1764, 0.165, 0.2326]
[2026-01-24 15:45:17,654] - [root] - [INFO] - target_class     : 1
[2026-01-24 15:45:17,654] - [root] - [INFO] - contam_control   : False
[2026-01-24 15:45:17,654] - [root] - [INFO] - spor_th          : 0.7
[2026-01-24 15:45:17,655] - [root] - [INFO] - inf_gate         : 0.3
[2026-01-24 15:45:17,655] - [root] - [INFO] - pm               : HPM-1269
[2026-01-24 15:45:17,655] - [root] - [INFO] - mps              : False
[2026-01-24 15:45:17,655] - [root] - [INFO] - cuda             : True
[2026-01-24 15:45:17,655] - [root] - [INFO] - cuda_id          : 0
[2026-01-24 15:45:17,655] - [root] - [INFO] - sal_threshold    : 0.5
[2026-01-24 15:45:17,655] - [root] - [INFO] - up_threshold     : 0.8
[2026-01-24 15:45:17,655] - [root] - [INFO] - down_threshold   : 0.1
[2026-01-24 15:45:17,655] - [root] - [INFO] - dataset_path     : C:/Users/Intel User/Desktop/blackbird_scripts/data/human_disk_assessments
[2026-01-24 15:45:17,655] - [root] - [INFO] - img_folder       : 1-22-2026
[2026-01-24 15:45:17,655] - [root] - [INFO] - platform         : BlackBird
[2026-01-24 15:45:17,655] - [root] - [INFO] - threshold        : ['0.7']
[2026-01-24 15:45:17,656] - [root] - [INFO] - log              : ../../results/logs/random.log
[2026-01-24 15:45:17,656] - [root] - [INFO] - dpi              : 5
[2026-01-24 15:45:17,656] - [root] - [INFO] - group            : baseline
[2026-01-24 15:45:17,656] - [root] - [INFO] - trays            : ['5dpi']
[2026-01-24 15:45:17,656] - [root] - [INFO] - sal_gradcam      : False
[2026-01-24 15:45:17,656] - [root] - [INFO] - sal_gradient     : True
[2026-01-24 15:45:17,656] - [root] - [INFO] - sal_smoothgrad   : False
[2026-01-24 15:45:17,656] - [root] - [INFO] - sal_deeplift     : False
[2026-01-24 15:45:17,656] - [root] - [INFO] - sal_thresh_method : fixed
[2026-01-24 15:45:17,656] - [root] - [INFO] - sal_thresh_p     : 95.0
[2026-01-24 15:45:19,052] - [root] - [INFO] - -------------------------------------------
[2026-01-24 15:45:19,052] - [root] - [INFO] - Processing 1-22-2026 5dpi 005-W2021011-592_R2.png
[2026-01-24 15:45:40,324] - [root] - [INFO] - Finished loading mask: 0m 21s
[2026-01-24 15:45:50,100] - [root] - [INFO] - Finished crop and inference: 0m 31s
[2026-01-24 15:45:51,454] - [root] - [INFO] - Analysis finished: 0m 32s
[2026-01-24 15:45:51,454] - [root] - [INFO] - -------------------------------------------
[2026-01-24 15:45:51,454] - [root] - [INFO] - -------------------------------------------
[2026-01-24 15:45:51,454] - [root] - [INFO] - Processing 1-22-2026 5dpi 022-W2021009-198_R2.png
[2026-01-24 15:46:13,526] - [root] - [INFO] - Finished loading mask: 0m 22s
[2026-01-24 15:46:25,684] - [root] - [INFO] - Finished crop and inference: 0m 34s
[2026-01-24 15:46:27,552] - [root] - [INFO] - Analysis finished: 0m 36s
[2026-01-24 15:46:27,552] - [root] - [INFO] - -------------------------------------------
[2026-01-24 15:46:27,552] - [root] - [INFO] - -------------------------------------------
[2026-01-24 15:46:27,552] - [root] - [INFO] - Processing 1-22-2026 5dpi 047-W2021011-482_R1.png
[2026-01-24 15:46:51,084] - [root] - [INFO] - Finished loading mask: 0m 23s
[2026-01-24 15:47:05,601] - [root] - [INFO] - Finished crop and inference: 0m 38s
[2026-01-24 15:47:07,781] - [root] - [INFO] - Analysis finished: 0m 40s
[2026-01-24 15:47:07,781] - [root] - [INFO] - -------------------------------------------
[2026-01-24 15:47:07,781] - [root] - [INFO] - -------------------------------------------
[2026-01-24 15:47:07,782] - [root] - [INFO] - Processing 1-22-2026 5dpi 055-W2021010-397_R2.png
[2026-01-24 15:47:32,016] - [root] - [INFO] - Finished loading mask: 0m 24s
[2026-01-24 15:47:42,883] - [root] - [INFO] - Finished crop and inference: 0m 35s
[2026-01-24 15:47:44,583] - [root] - [INFO] - Analysis finished: 0m 36s
[2026-01-24 15:47:44,583] - [root] - [INFO] - -------------------------------------------
[2026-01-24 15:47:44,583] - [root] - [INFO] - -------------------------------------------
[2026-01-24 15:47:44,583] - [root] - [INFO] - Processing 1-22-2026 5dpi 121-W2021009-185_R1.png
[2026-01-24 15:48:07,734] - [root] - [INFO] - Finished loading mask: 0m 23s
[2026-01-24 15:48:17,304] - [root] - [INFO] - Finished crop and inference: 0m 32s
[2026-01-24 15:48:19,049] - [root] - [INFO] - Analysis finished: 0m 34s
[2026-01-24 15:48:19,049] - [root] - [INFO] - -------------------------------------------
[2026-01-24 15:48:19,049] - [root] - [INFO] - -------------------------------------------
[2026-01-24 15:48:19,049] - [root] - [INFO] - Processing 1-22-2026 5dpi 128-W2021006-013_R1.png
[2026-01-24 15:48:41,377] - [root] - [INFO] - Finished loading mask: 0m 22s
[2026-01-24 15:49:01,048] - [root] - [INFO] - Finished crop and inference: 0m 41s
[2026-01-24 15:49:02,795] - [root] - [INFO] - Analysis finished: 0m 43s
[2026-01-24 15:49:02,795] - [root] - [INFO] - -------------------------------------------
[2026-01-24 15:49:02,795] - [root] - [INFO] - -------------------------------------------
[2026-01-24 15:49:02,795] - [root] - [INFO] - Processing 1-22-2026 5dpi 149-W2021010-417_R1.png
[2026-01-24 15:49:25,481] - [root] - [INFO] - Finished loading mask: 0m 22s
[2026-01-24 15:49:36,911] - [root] - [INFO] - Finished crop and inference: 0m 34s
[2026-01-24 15:49:38,709] - [root] - [INFO] - Analysis finished: 0m 35s
[2026-01-24 15:49:38,709] - [root] - [INFO] - -------------------------------------------
[2026-01-24 15:49:38,709] - [root] - [INFO] - -------------------------------------------
[2026-01-24 15:49:38,709] - [root] - [INFO] - Processing 1-22-2026 5dpi 156-W2021009-276_R2.png
[2026-01-24 15:50:00,859] - [root] - [INFO] - Finished loading mask: 0m 22s
[2026-01-24 15:50:13,486] - [root] - [INFO] - Finished crop and inference: 0m 34s
[2026-01-24 15:50:15,391] - [root] - [INFO] - Analysis finished: 0m 36s
[2026-01-24 15:50:15,391] - [root] - [INFO] - -------------------------------------------
[2026-01-24 15:50:15,391] - [root] - [INFO] - -------------------------------------------
[2026-01-24 15:50:15,391] - [root] - [INFO] - Processing 1-22-2026 5dpi 172-W2021011-557_R2.png
[2026-01-24 15:50:37,596] - [root] - [INFO] - Finished loading mask: 0m 22s
[2026-01-24 15:50:50,262] - [root] - [INFO] - Finished crop and inference: 0m 34s
[2026-01-24 15:50:52,069] - [root] - [INFO] - Analysis finished: 0m 36s
[2026-01-24 15:50:52,069] - [root] - [INFO] - -------------------------------------------
[2026-01-24 15:50:52,069] - [root] - [INFO] - -------------------------------------------
[2026-01-24 15:50:52,069] - [root] - [INFO] - Processing 1-22-2026 5dpi 180-W2021011-476_R2.png
[2026-01-24 15:51:14,503] - [root] - [INFO] - Finished loading mask: 0m 22s
[2026-01-24 15:51:34,068] - [root] - [INFO] - Finished crop and inference: 0m 41s
[2026-01-24 15:51:35,892] - [root] - [INFO] - Analysis finished: 0m 43s
[2026-01-24 15:51:35,892] - [root] - [INFO] - -------------------------------------------
[2026-01-24 15:51:35,892] - [root] - [INFO] - -------------------------------------------
[2026-01-24 15:51:35,892] - [root] - [INFO] - Processing 1-22-2026 5dpi 183-W2021009-295_R1.png
[2026-01-24 15:51:58,926] - [root] - [INFO] - Finished loading mask: 0m 23s
[2026-01-24 15:52:09,761] - [root] - [INFO] - Finished crop and inference: 0m 33s
[2026-01-24 15:52:11,700] - [root] - [INFO] - Analysis finished: 0m 35s
[2026-01-24 15:52:11,700] - [root] - [INFO] - -------------------------------------------
[2026-01-24 15:52:11,700] - [root] - [INFO] - -------------------------------------------
[2026-01-24 15:52:11,700] - [root] - [INFO] - Processing 1-22-2026 5dpi 187-W2021010-348_R2.png
[2026-01-24 15:52:34,272] - [root] - [INFO] - Finished loading mask: 0m 22s
[2026-01-24 15:52:55,394] - [root] - [INFO] - Finished crop and inference: 0m 43s
[2026-01-24 15:52:57,382] - [root] - [INFO] - Analysis finished: 0m 45s
[2026-01-24 15:52:57,382] - [root] - [INFO] - -------------------------------------------
[2026-01-24 15:52:57,384] - [root] - [INFO] - -------------------------------------------
[2026-01-24 15:52:57,384] - [root] - [INFO] - Processing 1-22-2026 5dpi 206-W2021010-344_R1.png
[2026-01-24 15:53:19,686] - [root] - [INFO] - Finished loading mask: 0m 22s
[2026-01-24 15:53:30,865] - [root] - [INFO] - Finished crop and inference: 0m 33s
[2026-01-24 15:53:33,225] - [root] - [INFO] - Analysis finished: 0m 35s
[2026-01-24 15:53:33,225] - [root] - [INFO] - -------------------------------------------
[2026-01-24 15:53:33,225] - [root] - [INFO] - -------------------------------------------
[2026-01-24 15:53:33,225] - [root] - [INFO] - Processing 1-22-2026 5dpi 208-W2021009-268_R2.png
[2026-01-24 15:53:54,868] - [root] - [INFO] - Finished loading mask: 0m 21s
[2026-01-24 15:54:10,771] - [root] - [INFO] - Finished crop and inference: 0m 37s
[2026-01-24 15:54:12,563] - [root] - [INFO] - Analysis finished: 0m 39s
[2026-01-24 15:54:12,563] - [root] - [INFO] - -------------------------------------------
[2026-01-24 15:54:12,563] - [root] - [INFO] - -------------------------------------------
[2026-01-24 15:54:12,563] - [root] - [INFO] - Processing 1-22-2026 5dpi 254-W2021010-352_R2.png
[2026-01-24 15:54:34,658] - [root] - [INFO] - Finished loading mask: 0m 22s
[2026-01-24 15:54:44,821] - [root] - [INFO] - Finished crop and inference: 0m 32s
[2026-01-24 15:54:46,947] - [root] - [INFO] - Analysis finished: 0m 34s
[2026-01-24 15:54:46,947] - [root] - [INFO] - -------------------------------------------
[2026-01-24 15:54:46,974] - [root] - [INFO] - Saved C:\Users\Intel User\Desktop\blackbird_scripts\data\Results\ResNet_upth0.8_downth0.1_Jan22_10-21-00_2026\1-22-2026\th_0.7\severity_rate_tray_5dpi_u0.8_d0.1_ig0.3_sp0.7_20260124_155412.csv
             timestamp time_elapsed  ... severity_rate_patch Gradient_sr2
0  2026-01-24 15:45:19       0m 32s  ...                0.85         0.02

[1 rows x 26 columns]
             timestamp time_elapsed  ... severity_rate_patch Gradient_sr2
0  2026-01-24 15:45:19       0m 32s  ...                0.85         0.02
1  2026-01-24 15:45:51       0m 36s  ...               15.61         0.35

[2 rows x 26 columns]
             timestamp time_elapsed  ... severity_rate_patch Gradient_sr2
0  2026-01-24 15:45:19       0m 32s  ...                0.85         0.02
1  2026-01-24 15:45:51       0m 36s  ...               15.61         0.35
2  2026-01-24 15:46:27       0m 40s  ...               40.63         1.10

[3 rows x 26 columns]
             timestamp time_elapsed  ... severity_rate_patch Gradient_sr2
0  2026-01-24 15:45:19       0m 32s  ...                0.85         0.02
1  2026-01-24 15:45:51       0m 36s  ...               15.61         0.35
2  2026-01-24 15:46:27       0m 40s  ...               40.63         1.10
3  2026-01-24 15:47:07       0m 36s  ...                8.47         0.21

[4 rows x 26 columns]
             timestamp time_elapsed  ... severity_rate_patch Gradient_sr2
0  2026-01-24 15:45:19       0m 32s  ...                0.85         0.02
1  2026-01-24 15:45:51       0m 36s  ...               15.61         0.35
2  2026-01-24 15:46:27       0m 40s  ...               40.63         1.10
3  2026-01-24 15:47:07       0m 36s  ...                8.47         0.21
4  2026-01-24 15:47:44       0m 34s  ...                7.99         0.21

[5 rows x 26 columns]
             timestamp time_elapsed  ... severity_rate_patch Gradient_sr2
0  2026-01-24 15:45:19       0m 32s  ...                0.85         0.02
1  2026-01-24 15:45:51       0m 36s  ...               15.61         0.35
2  2026-01-24 15:46:27       0m 40s  ...               40.63         1.10
3  2026-01-24 15:47:07       0m 36s  ...                8.47         0.21
4  2026-01-24 15:47:44       0m 34s  ...                7.99         0.21
5  2026-01-24 15:48:19       0m 43s  ...               76.84         1.96

[6 rows x 26 columns]
             timestamp time_elapsed  ... severity_rate_patch Gradient_sr2
0  2026-01-24 15:45:19       0m 32s  ...                0.85         0.02
1  2026-01-24 15:45:51       0m 36s  ...               15.61         0.35
2  2026-01-24 15:46:27       0m 40s  ...               40.63         1.10
3  2026-01-24 15:47:07       0m 36s  ...                8.47         0.21
4  2026-01-24 15:47:44       0m 34s  ...                7.99         0.21
5  2026-01-24 15:48:19       0m 43s  ...               76.84         1.96
6  2026-01-24 15:49:02       0m 35s  ...               11.32         0.31

[7 rows x 26 columns]
             timestamp time_elapsed  ... severity_rate_patch Gradient_sr2
0  2026-01-24 15:45:19       0m 32s  ...                0.85         0.02
1  2026-01-24 15:45:51       0m 36s  ...               15.61         0.35
2  2026-01-24 15:46:27       0m 40s  ...               40.63         1.10
3  2026-01-24 15:47:07       0m 36s  ...                8.47         0.21
4  2026-01-24 15:47:44       0m 34s  ...                7.99         0.21
5  2026-01-24 15:48:19       0m 43s  ...               76.84         1.96
6  2026-01-24 15:49:02       0m 35s  ...               11.32         0.31
7  2026-01-24 15:49:38       0m 36s  ...                6.83         0.17

[8 rows x 26 columns]
             timestamp time_elapsed  ... severity_rate_patch Gradient_sr2
0  2026-01-24 15:45:19       0m 32s  ...                0.85         0.02
1  2026-01-24 15:45:51       0m 36s  ...               15.61         0.35
2  2026-01-24 15:46:27       0m 40s  ...               40.63         1.10
3  2026-01-24 15:47:07       0m 36s  ...                8.47         0.21
4  2026-01-24 15:47:44       0m 34s  ...                7.99         0.21
5  2026-01-24 15:48:19       0m 43s  ...               76.84         1.96
6  2026-01-24 15:49:02       0m 35s  ...               11.32         0.31
7  2026-01-24 15:49:38       0m 36s  ...                6.83         0.17
8  2026-01-24 15:50:15       0m 36s  ...                7.74         0.21

[9 rows x 26 columns]
             timestamp time_elapsed  ... severity_rate_patch Gradient_sr2
0  2026-01-24 15:45:19       0m 32s  ...                0.85         0.02
1  2026-01-24 15:45:51       0m 36s  ...               15.61         0.35
2  2026-01-24 15:46:27       0m 40s  ...               40.63         1.10
3  2026-01-24 15:47:07       0m 36s  ...                8.47         0.21
4  2026-01-24 15:47:44       0m 34s  ...                7.99         0.21
5  2026-01-24 15:48:19       0m 43s  ...               76.84         1.96
6  2026-01-24 15:49:02       0m 35s  ...               11.32         0.31
7  2026-01-24 15:49:38       0m 36s  ...                6.83         0.17
8  2026-01-24 15:50:15       0m 36s  ...                7.74         0.21
9  2026-01-24 15:50:52       0m 43s  ...               78.18         2.00

[10 rows x 26 columns]
              timestamp time_elapsed  ... severity_rate_patch Gradient_sr2
0   2026-01-24 15:45:19       0m 32s  ...                0.85         0.02
1   2026-01-24 15:45:51       0m 36s  ...               15.61         0.35
2   2026-01-24 15:46:27       0m 40s  ...               40.63         1.10
3   2026-01-24 15:47:07       0m 36s  ...                8.47         0.21
4   2026-01-24 15:47:44       0m 34s  ...                7.99         0.21
5   2026-01-24 15:48:19       0m 43s  ...               76.84         1.96
6   2026-01-24 15:49:02       0m 35s  ...               11.32         0.31
7   2026-01-24 15:49:38       0m 36s  ...                6.83         0.17
8   2026-01-24 15:50:15       0m 36s  ...                7.74         0.21
9   2026-01-24 15:50:52       0m 43s  ...               78.18         2.00
10  2026-01-24 15:51:35       0m 35s  ...                5.86         0.15

[11 rows x 26 columns]
              timestamp time_elapsed  ... severity_rate_patch Gradient_sr2
0   2026-01-24 15:45:19       0m 32s  ...                0.85         0.02
1   2026-01-24 15:45:51       0m 36s  ...               15.61         0.35
2   2026-01-24 15:46:27       0m 40s  ...               40.63         1.10
3   2026-01-24 15:47:07       0m 36s  ...                8.47         0.21
4   2026-01-24 15:47:44       0m 34s  ...                7.99         0.21
5   2026-01-24 15:48:19       0m 43s  ...               76.84         1.96
6   2026-01-24 15:49:02       0m 35s  ...               11.32         0.31
7   2026-01-24 15:49:38       0m 36s  ...                6.83         0.17
8   2026-01-24 15:50:15       0m 36s  ...                7.74         0.21
9   2026-01-24 15:50:52       0m 43s  ...               78.18         2.00
10  2026-01-24 15:51:35       0m 35s  ...                5.86         0.15
11  2026-01-24 15:52:11       0m 45s  ...               84.91         2.37

[12 rows x 26 columns]
              timestamp time_elapsed  ... severity_rate_patch Gradient_sr2
0   2026-01-24 15:45:19       0m 32s  ...                0.85         0.02
1   2026-01-24 15:45:51       0m 36s  ...               15.61         0.35
2   2026-01-24 15:46:27       0m 40s  ...               40.63         1.10
3   2026-01-24 15:47:07       0m 36s  ...                8.47         0.21
4   2026-01-24 15:47:44       0m 34s  ...                7.99         0.21
5   2026-01-24 15:48:19       0m 43s  ...               76.84         1.96
6   2026-01-24 15:49:02       0m 35s  ...               11.32         0.31
7   2026-01-24 15:49:38       0m 36s  ...                6.83         0.17
8   2026-01-24 15:50:15       0m 36s  ...                7.74         0.21
9   2026-01-24 15:50:52       0m 43s  ...               78.18         2.00
10  2026-01-24 15:51:35       0m 35s  ...                5.86         0.15
11  2026-01-24 15:52:11       0m 45s  ...               84.91         2.37
12  2026-01-24 15:52:57       0m 35s  ...                4.74         0.12

[13 rows x 26 columns]
              timestamp time_elapsed  ... severity_rate_patch Gradient_sr2
0   2026-01-24 15:45:19       0m 32s  ...                0.85         0.02
1   2026-01-24 15:45:51       0m 36s  ...               15.61         0.35
2   2026-01-24 15:46:27       0m 40s  ...               40.63         1.10
3   2026-01-24 15:47:07       0m 36s  ...                8.47         0.21
4   2026-01-24 15:47:44       0m 34s  ...                7.99         0.21
5   2026-01-24 15:48:19       0m 43s  ...               76.84         1.96
6   2026-01-24 15:49:02       0m 35s  ...               11.32         0.31
7   2026-01-24 15:49:38       0m 36s  ...                6.83         0.17
8   2026-01-24 15:50:15       0m 36s  ...                7.74         0.21
9   2026-01-24 15:50:52       0m 43s  ...               78.18         2.00
10  2026-01-24 15:51:35       0m 35s  ...                5.86         0.15
11  2026-01-24 15:52:11       0m 45s  ...               84.91         2.37
12  2026-01-24 15:52:57       0m 35s  ...                4.74         0.12
13  2026-01-24 15:53:33       0m 39s  ...               29.53         0.69

[14 rows x 26 columns]
              timestamp time_elapsed  ... severity_rate_patch Gradient_sr2
0   2026-01-24 15:45:19       0m 32s  ...                0.85         0.02
1   2026-01-24 15:45:51       0m 36s  ...               15.61         0.35
2   2026-01-24 15:46:27       0m 40s  ...               40.63         1.10
3   2026-01-24 15:47:07       0m 36s  ...                8.47         0.21
4   2026-01-24 15:47:44       0m 34s  ...                7.99         0.21
5   2026-01-24 15:48:19       0m 43s  ...               76.84         1.96
6   2026-01-24 15:49:02       0m 35s  ...               11.32         0.31
7   2026-01-24 15:49:38       0m 36s  ...                6.83         0.17
8   2026-01-24 15:50:15       0m 36s  ...                7.74         0.21
9   2026-01-24 15:50:52       0m 43s  ...               78.18         2.00
10  2026-01-24 15:51:35       0m 35s  ...                5.86         0.15
11  2026-01-24 15:52:11       0m 45s  ...               84.91         2.37
12  2026-01-24 15:52:57       0m 35s  ...                4.74         0.12
13  2026-01-24 15:53:33       0m 39s  ...               29.53         0.69
14  2026-01-24 15:54:12       0m 34s  ...                1.48         0.04

[15 rows x 26 columns]

real	9m38.234s
user	0m0.015s
sys	0m0.015s
