[2026-01-23 20:30:57,631] - [root] - [INFO] - leaf_correlation_mw.py
[2026-01-23 20:30:57,631] - [root] - [INFO] - model_type       : ResNet
[2026-01-23 20:30:57,631] - [root] - [INFO] - pretrained       : True
[2026-01-23 20:30:57,631] - [root] - [INFO] - loading_epoch    : 65
[2026-01-23 20:30:57,631] - [root] - [INFO] - timestamp        : Jan22_10-21-00_2026
[2026-01-23 20:30:57,631] - [root] - [INFO] - outdim           : 2
[2026-01-23 20:30:57,631] - [root] - [INFO] - dual_head        : True
[2026-01-23 20:30:57,633] - [root] - [INFO] - model_path       : ../..
[2026-01-23 20:30:57,633] - [root] - [INFO] - step_size        : 224
[2026-01-23 20:30:57,633] - [root] - [INFO] - means            : [0.541, 0.6371, 0.4188]
[2026-01-23 20:30:57,633] - [root] - [INFO] - stds             : [0.1764, 0.165, 0.2326]
[2026-01-23 20:30:57,633] - [root] - [INFO] - target_class     : 1
[2026-01-23 20:30:57,633] - [root] - [INFO] - contam_control   : False
[2026-01-23 20:30:57,633] - [root] - [INFO] - spor_th          : 0.9
[2026-01-23 20:30:57,633] - [root] - [INFO] - inf_gate         : 0.6
[2026-01-23 20:30:57,633] - [root] - [INFO] - pm               : HPM-1269
[2026-01-23 20:30:57,633] - [root] - [INFO] - mps              : False
[2026-01-23 20:30:57,633] - [root] - [INFO] - cuda             : True
[2026-01-23 20:30:57,633] - [root] - [INFO] - cuda_id          : 0
[2026-01-23 20:30:57,633] - [root] - [INFO] - sal_threshold    : 0.5
[2026-01-23 20:30:57,633] - [root] - [INFO] - up_threshold     : 0.9
[2026-01-23 20:30:57,633] - [root] - [INFO] - down_threshold   : 0.1
[2026-01-23 20:30:57,633] - [root] - [INFO] - dataset_path     : C:/Users/Intel User/Desktop/blackbird_scripts/data/human_disk_assessments
[2026-01-23 20:30:57,633] - [root] - [INFO] - img_folder       : 1-22-2026
[2026-01-23 20:30:57,633] - [root] - [INFO] - platform         : BlackBird
[2026-01-23 20:30:57,634] - [root] - [INFO] - threshold        : ['0.7']
[2026-01-23 20:30:57,634] - [root] - [INFO] - log              : ../../results/logs/random.log
[2026-01-23 20:30:57,634] - [root] - [INFO] - dpi              : 10
[2026-01-23 20:30:57,634] - [root] - [INFO] - group            : baseline
[2026-01-23 20:30:57,634] - [root] - [INFO] - trays            : ['10dpi']
[2026-01-23 20:30:57,634] - [root] - [INFO] - sal_gradcam      : False
[2026-01-23 20:30:57,634] - [root] - [INFO] - sal_gradient     : True
[2026-01-23 20:30:57,634] - [root] - [INFO] - sal_smoothgrad   : False
[2026-01-23 20:30:57,634] - [root] - [INFO] - sal_deeplift     : False
[2026-01-23 20:30:57,634] - [root] - [INFO] - sal_thresh_method : fixed
[2026-01-23 20:30:57,634] - [root] - [INFO] - sal_thresh_p     : 95.0
[2026-01-23 20:30:58,456] - [root] - [INFO] - -------------------------------------------
[2026-01-23 20:30:58,456] - [root] - [INFO] - Processing 1-22-2026 10dpi 013-W2021011-633_R2.png
[2026-01-23 20:31:15,542] - [root] - [INFO] - Finished loading mask: 0m 17s
[2026-01-23 20:31:28,013] - [root] - [INFO] - Finished crop and inference: 0m 29s
[2026-01-23 20:31:29,301] - [root] - [INFO] - Analysis finished: 0m 30s
[2026-01-23 20:31:29,301] - [root] - [INFO] - -------------------------------------------
[2026-01-23 20:31:29,301] - [root] - [INFO] - -------------------------------------------
[2026-01-23 20:31:29,301] - [root] - [INFO] - Processing 1-22-2026 10dpi 026-W2021010-346_R2.png
[2026-01-23 20:31:46,575] - [root] - [INFO] - Finished loading mask: 0m 17s
[2026-01-23 20:31:55,546] - [root] - [INFO] - Finished crop and inference: 0m 26s
[2026-01-23 20:31:56,977] - [root] - [INFO] - Analysis finished: 0m 27s
[2026-01-23 20:31:56,978] - [root] - [INFO] - -------------------------------------------
[2026-01-23 20:31:56,978] - [root] - [INFO] - -------------------------------------------
[2026-01-23 20:31:56,978] - [root] - [INFO] - Processing 1-22-2026 10dpi 042-W2021006-015_R1.png
[2026-01-23 20:32:14,136] - [root] - [INFO] - Finished loading mask: 0m 17s
[2026-01-23 20:32:25,042] - [root] - [INFO] - Finished crop and inference: 0m 28s
[2026-01-23 20:32:26,518] - [root] - [INFO] - Analysis finished: 0m 29s
[2026-01-23 20:32:26,518] - [root] - [INFO] - -------------------------------------------
[2026-01-23 20:32:26,518] - [root] - [INFO] - -------------------------------------------
[2026-01-23 20:32:26,518] - [root] - [INFO] - Processing 1-22-2026 10dpi 057-W2021011-504_R2.png
[2026-01-23 20:32:44,734] - [root] - [INFO] - Finished loading mask: 0m 18s
[2026-01-23 20:32:53,179] - [root] - [INFO] - Finished crop and inference: 0m 26s
[2026-01-23 20:32:54,708] - [root] - [INFO] - Analysis finished: 0m 28s
[2026-01-23 20:32:54,709] - [root] - [INFO] - -------------------------------------------
[2026-01-23 20:32:54,709] - [root] - [INFO] - -------------------------------------------
[2026-01-23 20:32:54,709] - [root] - [INFO] - Processing 1-22-2026 10dpi 069-W2021011-574_R1.png
[2026-01-23 20:33:12,203] - [root] - [INFO] - Finished loading mask: 0m 17s
[2026-01-23 20:33:22,217] - [root] - [INFO] - Finished crop and inference: 0m 27s
[2026-01-23 20:33:23,733] - [root] - [INFO] - Analysis finished: 0m 29s
[2026-01-23 20:33:23,734] - [root] - [INFO] - -------------------------------------------
[2026-01-23 20:33:23,734] - [root] - [INFO] - -------------------------------------------
[2026-01-23 20:33:23,734] - [root] - [INFO] - Processing 1-22-2026 10dpi 095-W2021009-283_R1.png
[2026-01-23 20:33:41,391] - [root] - [INFO] - Finished loading mask: 0m 17s
[2026-01-23 20:33:49,595] - [root] - [INFO] - Finished crop and inference: 0m 25s
[2026-01-23 20:33:51,119] - [root] - [INFO] - Analysis finished: 0m 27s
[2026-01-23 20:33:51,119] - [root] - [INFO] - -------------------------------------------
[2026-01-23 20:33:51,119] - [root] - [INFO] - -------------------------------------------
[2026-01-23 20:33:51,119] - [root] - [INFO] - Processing 1-22-2026 10dpi 103-W2021011-591_R2.png
[2026-01-23 20:34:09,050] - [root] - [INFO] - Finished loading mask: 0m 17s
[2026-01-23 20:34:24,319] - [root] - [INFO] - Finished crop and inference: 0m 33s
[2026-01-23 20:34:26,106] - [root] - [INFO] - Analysis finished: 0m 34s
[2026-01-23 20:34:26,106] - [root] - [INFO] - -------------------------------------------
[2026-01-23 20:34:26,106] - [root] - [INFO] - -------------------------------------------
[2026-01-23 20:34:26,106] - [root] - [INFO] - Processing 1-22-2026 10dpi 115-W2021011-638_R1.png
[2026-01-23 20:34:46,088] - [root] - [INFO] - Finished loading mask: 0m 19s
[2026-01-23 20:35:03,756] - [root] - [INFO] - Finished crop and inference: 0m 37s
[2026-01-23 20:35:05,646] - [root] - [INFO] - Analysis finished: 0m 39s
[2026-01-23 20:35:05,646] - [root] - [INFO] - -------------------------------------------
[2026-01-23 20:35:05,646] - [root] - [INFO] - -------------------------------------------
[2026-01-23 20:35:05,646] - [root] - [INFO] - Processing 1-22-2026 10dpi 124-W2021009-278_R1.png
[2026-01-23 20:35:26,362] - [root] - [INFO] - Finished loading mask: 0m 20s
[2026-01-23 20:35:40,329] - [root] - [INFO] - Finished crop and inference: 0m 34s
[2026-01-23 20:35:42,169] - [root] - [INFO] - Analysis finished: 0m 36s
[2026-01-23 20:35:42,169] - [root] - [INFO] - -------------------------------------------
[2026-01-23 20:35:42,169] - [root] - [INFO] - -------------------------------------------
[2026-01-23 20:35:42,169] - [root] - [INFO] - Processing 1-22-2026 10dpi 162-W2021011-551_R2.png
[2026-01-23 20:36:03,718] - [root] - [INFO] - Finished loading mask: 0m 21s
[2026-01-23 20:36:25,732] - [root] - [INFO] - Finished crop and inference: 0m 43s
[2026-01-23 20:36:27,518] - [root] - [INFO] - Analysis finished: 0m 45s
[2026-01-23 20:36:27,518] - [root] - [INFO] - -------------------------------------------
[2026-01-23 20:36:27,518] - [root] - [INFO] - -------------------------------------------
[2026-01-23 20:36:27,518] - [root] - [INFO] - Processing 1-22-2026 10dpi 172-W2021009-156_R2.png
[2026-01-23 20:36:48,313] - [root] - [INFO] - Finished loading mask: 0m 20s
[2026-01-23 20:36:57,218] - [root] - [INFO] - Finished crop and inference: 0m 29s
[2026-01-23 20:36:59,044] - [root] - [INFO] - Analysis finished: 0m 31s
[2026-01-23 20:36:59,044] - [root] - [INFO] - -------------------------------------------
[2026-01-23 20:36:59,044] - [root] - [INFO] - -------------------------------------------
[2026-01-23 20:36:59,044] - [root] - [INFO] - Processing 1-22-2026 10dpi 182-W2021009-251_R1.png
[2026-01-23 20:37:20,057] - [root] - [INFO] - Finished loading mask: 0m 21s
[2026-01-23 20:37:30,724] - [root] - [INFO] - Finished crop and inference: 0m 31s
[2026-01-23 20:37:32,353] - [root] - [INFO] - Analysis finished: 0m 33s
[2026-01-23 20:37:32,353] - [root] - [INFO] - -------------------------------------------
[2026-01-23 20:37:32,353] - [root] - [INFO] - -------------------------------------------
[2026-01-23 20:37:32,353] - [root] - [INFO] - Processing 1-22-2026 10dpi 194-W2021010-339_R2.png
[2026-01-23 20:37:52,668] - [root] - [INFO] - Finished loading mask: 0m 20s
[2026-01-23 20:38:02,200] - [root] - [INFO] - Finished crop and inference: 0m 29s
[2026-01-23 20:38:03,949] - [root] - [INFO] - Analysis finished: 0m 31s
[2026-01-23 20:38:03,949] - [root] - [INFO] - -------------------------------------------
[2026-01-23 20:38:03,949] - [root] - [INFO] - -------------------------------------------
[2026-01-23 20:38:03,949] - [root] - [INFO] - Processing 1-22-2026 10dpi 215-W2021006-045_R1.png
[2026-01-23 20:38:25,021] - [root] - [INFO] - Finished loading mask: 0m 21s
[2026-01-23 20:38:44,351] - [root] - [INFO] - Finished crop and inference: 0m 40s
[2026-01-23 20:38:45,940] - [root] - [INFO] - Analysis finished: 0m 41s
[2026-01-23 20:38:45,940] - [root] - [INFO] - -------------------------------------------
[2026-01-23 20:38:45,941] - [root] - [INFO] - -------------------------------------------
[2026-01-23 20:38:45,941] - [root] - [INFO] - Processing 1-22-2026 10dpi 262-W2021009-187_R2.png
[2026-01-23 20:39:06,836] - [root] - [INFO] - Finished loading mask: 0m 20s
[2026-01-23 20:39:26,707] - [root] - [INFO] - Finished crop and inference: 0m 40s
[2026-01-23 20:39:28,365] - [root] - [INFO] - Analysis finished: 0m 42s
[2026-01-23 20:39:28,365] - [root] - [INFO] - -------------------------------------------
[2026-01-23 20:39:28,381] - [root] - [INFO] - Saved C:\Users\Intel User\Desktop\blackbird_scripts\data\Results\ResNet_upth0.9_downth0.1_Jan22_10-21-00_2026\1-22-2026\th_0.7\severity_rate_tray_10dpi_u0.9_d0.1_ig0.6_sp0.9.csv
             timestamp time_elapsed  ... severity_rate_patch Gradient_sr2
0  2026-01-23 20:30:58       0m 30s  ...               30.13         0.79

[1 rows x 24 columns]
             timestamp time_elapsed  ... severity_rate_patch Gradient_sr2
0  2026-01-23 20:30:58       0m 30s  ...               30.13         0.79
1  2026-01-23 20:31:29       0m 27s  ...                0.14         0.00

[2 rows x 24 columns]
             timestamp time_elapsed  ... severity_rate_patch Gradient_sr2
0  2026-01-23 20:30:58       0m 30s  ...               30.13         0.79
1  2026-01-23 20:31:29       0m 27s  ...                0.14         0.00
2  2026-01-23 20:31:56       0m 29s  ...               22.77         0.56

[3 rows x 24 columns]
             timestamp time_elapsed  ... severity_rate_patch Gradient_sr2
0  2026-01-23 20:30:58       0m 30s  ...               30.13         0.79
1  2026-01-23 20:31:29       0m 27s  ...                0.14         0.00
2  2026-01-23 20:31:56       0m 29s  ...               22.77         0.56
3  2026-01-23 20:32:26       0m 28s  ...                1.50         0.04

[4 rows x 24 columns]
             timestamp time_elapsed  ... severity_rate_patch Gradient_sr2
0  2026-01-23 20:30:58       0m 30s  ...               30.13         0.79
1  2026-01-23 20:31:29       0m 27s  ...                0.14         0.00
2  2026-01-23 20:31:56       0m 29s  ...               22.77         0.56
3  2026-01-23 20:32:26       0m 28s  ...                1.50         0.04
4  2026-01-23 20:32:54       0m 29s  ...               13.59         0.39

[5 rows x 24 columns]
             timestamp time_elapsed  ... severity_rate_patch Gradient_sr2
0  2026-01-23 20:30:58       0m 30s  ...               30.13         0.79
1  2026-01-23 20:31:29       0m 27s  ...                0.14         0.00
2  2026-01-23 20:31:56       0m 29s  ...               22.77         0.56
3  2026-01-23 20:32:26       0m 28s  ...                1.50         0.04
4  2026-01-23 20:32:54       0m 29s  ...               13.59         0.39
5  2026-01-23 20:33:23       0m 27s  ...                5.30         0.12

[6 rows x 24 columns]
             timestamp time_elapsed  ... severity_rate_patch Gradient_sr2
0  2026-01-23 20:30:58       0m 30s  ...               30.13         0.79
1  2026-01-23 20:31:29       0m 27s  ...                0.14         0.00
2  2026-01-23 20:31:56       0m 29s  ...               22.77         0.56
3  2026-01-23 20:32:26       0m 28s  ...                1.50         0.04
4  2026-01-23 20:32:54       0m 29s  ...               13.59         0.39
5  2026-01-23 20:33:23       0m 27s  ...                5.30         0.12
6  2026-01-23 20:33:51       0m 34s  ...               50.57         1.42

[7 rows x 24 columns]
             timestamp time_elapsed  ... severity_rate_patch Gradient_sr2
0  2026-01-23 20:30:58       0m 30s  ...               30.13         0.79
1  2026-01-23 20:31:29       0m 27s  ...                0.14         0.00
2  2026-01-23 20:31:56       0m 29s  ...               22.77         0.56
3  2026-01-23 20:32:26       0m 28s  ...                1.50         0.04
4  2026-01-23 20:32:54       0m 29s  ...               13.59         0.39
5  2026-01-23 20:33:23       0m 27s  ...                5.30         0.12
6  2026-01-23 20:33:51       0m 34s  ...               50.57         1.42
7  2026-01-23 20:34:26       0m 39s  ...               57.91         1.46

[8 rows x 24 columns]
             timestamp time_elapsed  ... severity_rate_patch Gradient_sr2
0  2026-01-23 20:30:58       0m 30s  ...               30.13         0.79
1  2026-01-23 20:31:29       0m 27s  ...                0.14         0.00
2  2026-01-23 20:31:56       0m 29s  ...               22.77         0.56
3  2026-01-23 20:32:26       0m 28s  ...                1.50         0.04
4  2026-01-23 20:32:54       0m 29s  ...               13.59         0.39
5  2026-01-23 20:33:23       0m 27s  ...                5.30         0.12
6  2026-01-23 20:33:51       0m 34s  ...               50.57         1.42
7  2026-01-23 20:34:26       0m 39s  ...               57.91         1.46
8  2026-01-23 20:35:05       0m 36s  ...               45.03         1.24

[9 rows x 24 columns]
             timestamp time_elapsed  ... severity_rate_patch Gradient_sr2
0  2026-01-23 20:30:58       0m 30s  ...               30.13         0.79
1  2026-01-23 20:31:29       0m 27s  ...                0.14         0.00
2  2026-01-23 20:31:56       0m 29s  ...               22.77         0.56
3  2026-01-23 20:32:26       0m 28s  ...                1.50         0.04
4  2026-01-23 20:32:54       0m 29s  ...               13.59         0.39
5  2026-01-23 20:33:23       0m 27s  ...                5.30         0.12
6  2026-01-23 20:33:51       0m 34s  ...               50.57         1.42
7  2026-01-23 20:34:26       0m 39s  ...               57.91         1.46
8  2026-01-23 20:35:05       0m 36s  ...               45.03         1.24
9  2026-01-23 20:35:42       0m 45s  ...               84.09         2.32

[10 rows x 24 columns]
              timestamp time_elapsed  ... severity_rate_patch Gradient_sr2
0   2026-01-23 20:30:58       0m 30s  ...               30.13         0.79
1   2026-01-23 20:31:29       0m 27s  ...                0.14         0.00
2   2026-01-23 20:31:56       0m 29s  ...               22.77         0.56
3   2026-01-23 20:32:26       0m 28s  ...                1.50         0.04
4   2026-01-23 20:32:54       0m 29s  ...               13.59         0.39
5   2026-01-23 20:33:23       0m 27s  ...                5.30         0.12
6   2026-01-23 20:33:51       0m 34s  ...               50.57         1.42
7   2026-01-23 20:34:26       0m 39s  ...               57.91         1.46
8   2026-01-23 20:35:05       0m 36s  ...               45.03         1.24
9   2026-01-23 20:35:42       0m 45s  ...               84.09         2.32
10  2026-01-23 20:36:27       0m 31s  ...                6.38         0.16

[11 rows x 24 columns]
              timestamp time_elapsed  ... severity_rate_patch Gradient_sr2
0   2026-01-23 20:30:58       0m 30s  ...               30.13         0.79
1   2026-01-23 20:31:29       0m 27s  ...                0.14         0.00
2   2026-01-23 20:31:56       0m 29s  ...               22.77         0.56
3   2026-01-23 20:32:26       0m 28s  ...                1.50         0.04
4   2026-01-23 20:32:54       0m 29s  ...               13.59         0.39
5   2026-01-23 20:33:23       0m 27s  ...                5.30         0.12
6   2026-01-23 20:33:51       0m 34s  ...               50.57         1.42
7   2026-01-23 20:34:26       0m 39s  ...               57.91         1.46
8   2026-01-23 20:35:05       0m 36s  ...               45.03         1.24
9   2026-01-23 20:35:42       0m 45s  ...               84.09         2.32
10  2026-01-23 20:36:27       0m 31s  ...                6.38         0.16
11  2026-01-23 20:36:59       0m 33s  ...                6.39         0.16

[12 rows x 24 columns]
              timestamp time_elapsed  ... severity_rate_patch Gradient_sr2
0   2026-01-23 20:30:58       0m 30s  ...               30.13         0.79
1   2026-01-23 20:31:29       0m 27s  ...                0.14         0.00
2   2026-01-23 20:31:56       0m 29s  ...               22.77         0.56
3   2026-01-23 20:32:26       0m 28s  ...                1.50         0.04
4   2026-01-23 20:32:54       0m 29s  ...               13.59         0.39
5   2026-01-23 20:33:23       0m 27s  ...                5.30         0.12
6   2026-01-23 20:33:51       0m 34s  ...               50.57         1.42
7   2026-01-23 20:34:26       0m 39s  ...               57.91         1.46
8   2026-01-23 20:35:05       0m 36s  ...               45.03         1.24
9   2026-01-23 20:35:42       0m 45s  ...               84.09         2.32
10  2026-01-23 20:36:27       0m 31s  ...                6.38         0.16
11  2026-01-23 20:36:59       0m 33s  ...                6.39         0.16
12  2026-01-23 20:37:32       0m 31s  ...                3.98         0.09

[13 rows x 24 columns]
              timestamp time_elapsed  ... severity_rate_patch Gradient_sr2
0   2026-01-23 20:30:58       0m 30s  ...               30.13         0.79
1   2026-01-23 20:31:29       0m 27s  ...                0.14         0.00
2   2026-01-23 20:31:56       0m 29s  ...               22.77         0.56
3   2026-01-23 20:32:26       0m 28s  ...                1.50         0.04
4   2026-01-23 20:32:54       0m 29s  ...               13.59         0.39
5   2026-01-23 20:33:23       0m 27s  ...                5.30         0.12
6   2026-01-23 20:33:51       0m 34s  ...               50.57         1.42
7   2026-01-23 20:34:26       0m 39s  ...               57.91         1.46
8   2026-01-23 20:35:05       0m 36s  ...               45.03         1.24
9   2026-01-23 20:35:42       0m 45s  ...               84.09         2.32
10  2026-01-23 20:36:27       0m 31s  ...                6.38         0.16
11  2026-01-23 20:36:59       0m 33s  ...                6.39         0.16
12  2026-01-23 20:37:32       0m 31s  ...                3.98         0.09
13  2026-01-23 20:38:03       0m 41s  ...               78.65         2.23

[14 rows x 24 columns]
              timestamp time_elapsed  ... severity_rate_patch Gradient_sr2
0   2026-01-23 20:30:58       0m 30s  ...               30.13         0.79
1   2026-01-23 20:31:29       0m 27s  ...                0.14         0.00
2   2026-01-23 20:31:56       0m 29s  ...               22.77         0.56
3   2026-01-23 20:32:26       0m 28s  ...                1.50         0.04
4   2026-01-23 20:32:54       0m 29s  ...               13.59         0.39
5   2026-01-23 20:33:23       0m 27s  ...                5.30         0.12
6   2026-01-23 20:33:51       0m 34s  ...               50.57         1.42
7   2026-01-23 20:34:26       0m 39s  ...               57.91         1.46
8   2026-01-23 20:35:05       0m 36s  ...               45.03         1.24
9   2026-01-23 20:35:42       0m 45s  ...               84.09         2.32
10  2026-01-23 20:36:27       0m 31s  ...                6.38         0.16
11  2026-01-23 20:36:59       0m 33s  ...                6.39         0.16
12  2026-01-23 20:37:32       0m 31s  ...                3.98         0.09
13  2026-01-23 20:38:03       0m 41s  ...               78.65         2.23
14  2026-01-23 20:38:45       0m 42s  ...               80.46         2.29

[15 rows x 24 columns]

real	8m36.403s
user	0m0.000s
sys	0m0.000s
