[2026-01-23 21:14:50,363] - [root] - [INFO] - leaf_correlation_mw.py
[2026-01-23 21:14:50,363] - [root] - [INFO] - model_type       : ResNet
[2026-01-23 21:14:50,363] - [root] - [INFO] - pretrained       : True
[2026-01-23 21:14:50,363] - [root] - [INFO] - loading_epoch    : 65
[2026-01-23 21:14:50,364] - [root] - [INFO] - timestamp        : Jan22_10-21-00_2026
[2026-01-23 21:14:50,364] - [root] - [INFO] - outdim           : 2
[2026-01-23 21:14:50,364] - [root] - [INFO] - dual_head        : True
[2026-01-23 21:14:50,364] - [root] - [INFO] - model_path       : ../..
[2026-01-23 21:14:50,364] - [root] - [INFO] - step_size        : 224
[2026-01-23 21:14:50,364] - [root] - [INFO] - means            : [0.541, 0.6371, 0.4188]
[2026-01-23 21:14:50,364] - [root] - [INFO] - stds             : [0.1764, 0.165, 0.2326]
[2026-01-23 21:14:50,364] - [root] - [INFO] - target_class     : 1
[2026-01-23 21:14:50,364] - [root] - [INFO] - contam_control   : False
[2026-01-23 21:14:50,364] - [root] - [INFO] - spor_th          : 0.7
[2026-01-23 21:14:50,364] - [root] - [INFO] - inf_gate         : 0.6
[2026-01-23 21:14:50,364] - [root] - [INFO] - pm               : HPM-1269
[2026-01-23 21:14:50,364] - [root] - [INFO] - mps              : False
[2026-01-23 21:14:50,364] - [root] - [INFO] - cuda             : True
[2026-01-23 21:14:50,364] - [root] - [INFO] - cuda_id          : 0
[2026-01-23 21:14:50,364] - [root] - [INFO] - sal_threshold    : 0.5
[2026-01-23 21:14:50,364] - [root] - [INFO] - up_threshold     : 0.7
[2026-01-23 21:14:50,365] - [root] - [INFO] - down_threshold   : 0.3
[2026-01-23 21:14:50,365] - [root] - [INFO] - dataset_path     : C:/Users/Intel User/Desktop/blackbird_scripts/data/human_disk_assessments
[2026-01-23 21:14:50,365] - [root] - [INFO] - img_folder       : 1-22-2026
[2026-01-23 21:14:50,365] - [root] - [INFO] - platform         : BlackBird
[2026-01-23 21:14:50,365] - [root] - [INFO] - threshold        : ['0.7']
[2026-01-23 21:14:50,365] - [root] - [INFO] - log              : ../../results/logs/random.log
[2026-01-23 21:14:50,365] - [root] - [INFO] - dpi              : 10
[2026-01-23 21:14:50,365] - [root] - [INFO] - group            : baseline
[2026-01-23 21:14:50,365] - [root] - [INFO] - trays            : ['10dpi']
[2026-01-23 21:14:50,365] - [root] - [INFO] - sal_gradcam      : False
[2026-01-23 21:14:50,365] - [root] - [INFO] - sal_gradient     : True
[2026-01-23 21:14:50,365] - [root] - [INFO] - sal_smoothgrad   : False
[2026-01-23 21:14:50,365] - [root] - [INFO] - sal_deeplift     : False
[2026-01-23 21:14:50,365] - [root] - [INFO] - sal_thresh_method : fixed
[2026-01-23 21:14:50,365] - [root] - [INFO] - sal_thresh_p     : 95.0
[2026-01-23 21:14:51,168] - [root] - [INFO] - -------------------------------------------
[2026-01-23 21:14:51,169] - [root] - [INFO] - Processing 1-22-2026 10dpi 013-W2021011-633_R2.png
[2026-01-23 21:15:08,536] - [root] - [INFO] - Finished loading mask: 0m 17s
[2026-01-23 21:15:21,329] - [root] - [INFO] - Finished crop and inference: 0m 30s
[2026-01-23 21:15:22,769] - [root] - [INFO] - Analysis finished: 0m 31s
[2026-01-23 21:15:22,769] - [root] - [INFO] - -------------------------------------------
[2026-01-23 21:15:22,769] - [root] - [INFO] - -------------------------------------------
[2026-01-23 21:15:22,769] - [root] - [INFO] - Processing 1-22-2026 10dpi 026-W2021010-346_R2.png
[2026-01-23 21:15:39,689] - [root] - [INFO] - Finished loading mask: 0m 16s
[2026-01-23 21:15:48,601] - [root] - [INFO] - Finished crop and inference: 0m 25s
[2026-01-23 21:15:50,012] - [root] - [INFO] - Analysis finished: 0m 27s
[2026-01-23 21:15:50,012] - [root] - [INFO] - -------------------------------------------
[2026-01-23 21:15:50,012] - [root] - [INFO] - -------------------------------------------
[2026-01-23 21:15:50,012] - [root] - [INFO] - Processing 1-22-2026 10dpi 042-W2021006-015_R1.png
[2026-01-23 21:16:07,001] - [root] - [INFO] - Finished loading mask: 0m 16s
[2026-01-23 21:16:18,417] - [root] - [INFO] - Finished crop and inference: 0m 28s
[2026-01-23 21:16:19,947] - [root] - [INFO] - Analysis finished: 0m 29s
[2026-01-23 21:16:19,947] - [root] - [INFO] - -------------------------------------------
[2026-01-23 21:16:19,947] - [root] - [INFO] - -------------------------------------------
[2026-01-23 21:16:19,947] - [root] - [INFO] - Processing 1-22-2026 10dpi 057-W2021011-504_R2.png
[2026-01-23 21:16:36,271] - [root] - [INFO] - Finished loading mask: 0m 16s
[2026-01-23 21:16:44,708] - [root] - [INFO] - Finished crop and inference: 0m 24s
[2026-01-23 21:16:46,172] - [root] - [INFO] - Analysis finished: 0m 26s
[2026-01-23 21:16:46,172] - [root] - [INFO] - -------------------------------------------
[2026-01-23 21:16:46,172] - [root] - [INFO] - -------------------------------------------
[2026-01-23 21:16:46,172] - [root] - [INFO] - Processing 1-22-2026 10dpi 069-W2021011-574_R1.png
[2026-01-23 21:17:02,718] - [root] - [INFO] - Finished loading mask: 0m 16s
[2026-01-23 21:17:12,734] - [root] - [INFO] - Finished crop and inference: 0m 26s
[2026-01-23 21:17:14,195] - [root] - [INFO] - Analysis finished: 0m 28s
[2026-01-23 21:17:14,196] - [root] - [INFO] - -------------------------------------------
[2026-01-23 21:17:14,196] - [root] - [INFO] - -------------------------------------------
[2026-01-23 21:17:14,196] - [root] - [INFO] - Processing 1-22-2026 10dpi 095-W2021009-283_R1.png
[2026-01-23 21:17:31,251] - [root] - [INFO] - Finished loading mask: 0m 17s
[2026-01-23 21:17:39,552] - [root] - [INFO] - Finished crop and inference: 0m 25s
[2026-01-23 21:17:40,930] - [root] - [INFO] - Analysis finished: 0m 26s
[2026-01-23 21:17:40,930] - [root] - [INFO] - -------------------------------------------
[2026-01-23 21:17:40,930] - [root] - [INFO] - -------------------------------------------
[2026-01-23 21:17:40,930] - [root] - [INFO] - Processing 1-22-2026 10dpi 103-W2021011-591_R2.png
[2026-01-23 21:17:58,996] - [root] - [INFO] - Finished loading mask: 0m 18s
[2026-01-23 21:18:13,318] - [root] - [INFO] - Finished crop and inference: 0m 32s
[2026-01-23 21:18:14,647] - [root] - [INFO] - Analysis finished: 0m 33s
[2026-01-23 21:18:14,647] - [root] - [INFO] - -------------------------------------------
[2026-01-23 21:18:14,647] - [root] - [INFO] - -------------------------------------------
[2026-01-23 21:18:14,647] - [root] - [INFO] - Processing 1-22-2026 10dpi 115-W2021011-638_R1.png
[2026-01-23 21:18:32,150] - [root] - [INFO] - Finished loading mask: 0m 17s
[2026-01-23 21:18:48,255] - [root] - [INFO] - Finished crop and inference: 0m 33s
[2026-01-23 21:18:49,638] - [root] - [INFO] - Analysis finished: 0m 34s
[2026-01-23 21:18:49,638] - [root] - [INFO] - -------------------------------------------
[2026-01-23 21:18:49,638] - [root] - [INFO] - -------------------------------------------
[2026-01-23 21:18:49,638] - [root] - [INFO] - Processing 1-22-2026 10dpi 124-W2021009-278_R1.png
[2026-01-23 21:19:07,810] - [root] - [INFO] - Finished loading mask: 0m 18s
[2026-01-23 21:19:21,279] - [root] - [INFO] - Finished crop and inference: 0m 31s
[2026-01-23 21:19:22,615] - [root] - [INFO] - Analysis finished: 0m 32s
[2026-01-23 21:19:22,615] - [root] - [INFO] - -------------------------------------------
[2026-01-23 21:19:22,615] - [root] - [INFO] - -------------------------------------------
[2026-01-23 21:19:22,615] - [root] - [INFO] - Processing 1-22-2026 10dpi 162-W2021011-551_R2.png
[2026-01-23 21:19:39,757] - [root] - [INFO] - Finished loading mask: 0m 17s
[2026-01-23 21:19:59,985] - [root] - [INFO] - Finished crop and inference: 0m 37s
[2026-01-23 21:20:01,503] - [root] - [INFO] - Analysis finished: 0m 38s
[2026-01-23 21:20:01,504] - [root] - [INFO] - -------------------------------------------
[2026-01-23 21:20:01,504] - [root] - [INFO] - -------------------------------------------
[2026-01-23 21:20:01,504] - [root] - [INFO] - Processing 1-22-2026 10dpi 172-W2021009-156_R2.png
[2026-01-23 21:20:17,967] - [root] - [INFO] - Finished loading mask: 0m 16s
[2026-01-23 21:20:25,642] - [root] - [INFO] - Finished crop and inference: 0m 24s
[2026-01-23 21:20:27,083] - [root] - [INFO] - Analysis finished: 0m 25s
[2026-01-23 21:20:27,083] - [root] - [INFO] - -------------------------------------------
[2026-01-23 21:20:27,084] - [root] - [INFO] - -------------------------------------------
[2026-01-23 21:20:27,084] - [root] - [INFO] - Processing 1-22-2026 10dpi 182-W2021009-251_R1.png
[2026-01-23 21:20:43,994] - [root] - [INFO] - Finished loading mask: 0m 16s
[2026-01-23 21:20:53,463] - [root] - [INFO] - Finished crop and inference: 0m 26s
[2026-01-23 21:20:54,924] - [root] - [INFO] - Analysis finished: 0m 27s
[2026-01-23 21:20:54,924] - [root] - [INFO] - -------------------------------------------
[2026-01-23 21:20:54,924] - [root] - [INFO] - -------------------------------------------
[2026-01-23 21:20:54,924] - [root] - [INFO] - Processing 1-22-2026 10dpi 194-W2021010-339_R2.png
[2026-01-23 21:21:13,023] - [root] - [INFO] - Finished loading mask: 0m 18s
[2026-01-23 21:21:21,463] - [root] - [INFO] - Finished crop and inference: 0m 26s
[2026-01-23 21:21:22,793] - [root] - [INFO] - Analysis finished: 0m 27s
[2026-01-23 21:21:22,793] - [root] - [INFO] - -------------------------------------------
[2026-01-23 21:21:22,793] - [root] - [INFO] - -------------------------------------------
[2026-01-23 21:21:22,793] - [root] - [INFO] - Processing 1-22-2026 10dpi 215-W2021006-045_R1.png
[2026-01-23 21:21:41,380] - [root] - [INFO] - Finished loading mask: 0m 18s
[2026-01-23 21:22:00,519] - [root] - [INFO] - Finished crop and inference: 0m 37s
[2026-01-23 21:22:01,920] - [root] - [INFO] - Analysis finished: 0m 39s
[2026-01-23 21:22:01,921] - [root] - [INFO] - -------------------------------------------
[2026-01-23 21:22:01,921] - [root] - [INFO] - -------------------------------------------
[2026-01-23 21:22:01,921] - [root] - [INFO] - Processing 1-22-2026 10dpi 262-W2021009-187_R2.png
[2026-01-23 21:22:18,246] - [root] - [INFO] - Finished loading mask: 0m 16s
[2026-01-23 21:22:37,716] - [root] - [INFO] - Finished crop and inference: 0m 35s
[2026-01-23 21:22:39,229] - [root] - [INFO] - Analysis finished: 0m 37s
[2026-01-23 21:22:39,229] - [root] - [INFO] - -------------------------------------------
[2026-01-23 21:22:39,235] - [root] - [INFO] - Saved C:\Users\Intel User\Desktop\blackbird_scripts\data\Results\ResNet_upth0.7_downth0.3_Jan22_10-21-00_2026\1-22-2026\th_0.7\severity_rate_tray_10dpi_u0.7_d0.3_ig0.6_sp0.7.csv
             timestamp time_elapsed  ... severity_rate_patch Gradient_sr2
0  2026-01-23 21:14:51       0m 31s  ...               30.95         0.88

[1 rows x 24 columns]
             timestamp time_elapsed  ... severity_rate_patch Gradient_sr2
0  2026-01-23 21:14:51       0m 31s  ...               30.95         0.88
1  2026-01-23 21:15:22       0m 27s  ...                0.28         0.01

[2 rows x 24 columns]
             timestamp time_elapsed  ... severity_rate_patch Gradient_sr2
0  2026-01-23 21:14:51       0m 31s  ...               30.95         0.88
1  2026-01-23 21:15:22       0m 27s  ...                0.28         0.01
2  2026-01-23 21:15:50       0m 29s  ...               24.18         0.64

[3 rows x 24 columns]
             timestamp time_elapsed  ... severity_rate_patch Gradient_sr2
0  2026-01-23 21:14:51       0m 31s  ...               30.95         0.88
1  2026-01-23 21:15:22       0m 27s  ...                0.28         0.01
2  2026-01-23 21:15:50       0m 29s  ...               24.18         0.64
3  2026-01-23 21:16:19       0m 26s  ...                3.12         0.08

[4 rows x 24 columns]
             timestamp time_elapsed  ... severity_rate_patch Gradient_sr2
0  2026-01-23 21:14:51       0m 31s  ...               30.95         0.88
1  2026-01-23 21:15:22       0m 27s  ...                0.28         0.01
2  2026-01-23 21:15:50       0m 29s  ...               24.18         0.64
3  2026-01-23 21:16:19       0m 26s  ...                3.12         0.08
4  2026-01-23 21:16:46       0m 28s  ...               14.14         0.41

[5 rows x 24 columns]
             timestamp time_elapsed  ... severity_rate_patch Gradient_sr2
0  2026-01-23 21:14:51       0m 31s  ...               30.95         0.88
1  2026-01-23 21:15:22       0m 27s  ...                0.28         0.01
2  2026-01-23 21:15:50       0m 29s  ...               24.18         0.64
3  2026-01-23 21:16:19       0m 26s  ...                3.12         0.08
4  2026-01-23 21:16:46       0m 28s  ...               14.14         0.41
5  2026-01-23 21:17:14       0m 26s  ...                7.30         0.17

[6 rows x 24 columns]
             timestamp time_elapsed  ... severity_rate_patch Gradient_sr2
0  2026-01-23 21:14:51       0m 31s  ...               30.95         0.88
1  2026-01-23 21:15:22       0m 27s  ...                0.28         0.01
2  2026-01-23 21:15:50       0m 29s  ...               24.18         0.64
3  2026-01-23 21:16:19       0m 26s  ...                3.12         0.08
4  2026-01-23 21:16:46       0m 28s  ...               14.14         0.41
5  2026-01-23 21:17:14       0m 26s  ...                7.30         0.17
6  2026-01-23 21:17:40       0m 33s  ...               50.54         1.48

[7 rows x 24 columns]
             timestamp time_elapsed  ... severity_rate_patch Gradient_sr2
0  2026-01-23 21:14:51       0m 31s  ...               30.95         0.88
1  2026-01-23 21:15:22       0m 27s  ...                0.28         0.01
2  2026-01-23 21:15:50       0m 29s  ...               24.18         0.64
3  2026-01-23 21:16:19       0m 26s  ...                3.12         0.08
4  2026-01-23 21:16:46       0m 28s  ...               14.14         0.41
5  2026-01-23 21:17:14       0m 26s  ...                7.30         0.17
6  2026-01-23 21:17:40       0m 33s  ...               50.54         1.48
7  2026-01-23 21:18:14       0m 34s  ...               56.08         1.57

[8 rows x 24 columns]
             timestamp time_elapsed  ... severity_rate_patch Gradient_sr2
0  2026-01-23 21:14:51       0m 31s  ...               30.95         0.88
1  2026-01-23 21:15:22       0m 27s  ...                0.28         0.01
2  2026-01-23 21:15:50       0m 29s  ...               24.18         0.64
3  2026-01-23 21:16:19       0m 26s  ...                3.12         0.08
4  2026-01-23 21:16:46       0m 28s  ...               14.14         0.41
5  2026-01-23 21:17:14       0m 26s  ...                7.30         0.17
6  2026-01-23 21:17:40       0m 33s  ...               50.54         1.48
7  2026-01-23 21:18:14       0m 34s  ...               56.08         1.57
8  2026-01-23 21:18:49       0m 32s  ...               45.20         1.30

[9 rows x 24 columns]
             timestamp time_elapsed  ... severity_rate_patch Gradient_sr2
0  2026-01-23 21:14:51       0m 31s  ...               30.95         0.88
1  2026-01-23 21:15:22       0m 27s  ...                0.28         0.01
2  2026-01-23 21:15:50       0m 29s  ...               24.18         0.64
3  2026-01-23 21:16:19       0m 26s  ...                3.12         0.08
4  2026-01-23 21:16:46       0m 28s  ...               14.14         0.41
5  2026-01-23 21:17:14       0m 26s  ...                7.30         0.17
6  2026-01-23 21:17:40       0m 33s  ...               50.54         1.48
7  2026-01-23 21:18:14       0m 34s  ...               56.08         1.57
8  2026-01-23 21:18:49       0m 32s  ...               45.20         1.30
9  2026-01-23 21:19:22       0m 38s  ...               83.02         2.35

[10 rows x 24 columns]
              timestamp time_elapsed  ... severity_rate_patch Gradient_sr2
0   2026-01-23 21:14:51       0m 31s  ...               30.95         0.88
1   2026-01-23 21:15:22       0m 27s  ...                0.28         0.01
2   2026-01-23 21:15:50       0m 29s  ...               24.18         0.64
3   2026-01-23 21:16:19       0m 26s  ...                3.12         0.08
4   2026-01-23 21:16:46       0m 28s  ...               14.14         0.41
5   2026-01-23 21:17:14       0m 26s  ...                7.30         0.17
6   2026-01-23 21:17:40       0m 33s  ...               50.54         1.48
7   2026-01-23 21:18:14       0m 34s  ...               56.08         1.57
8   2026-01-23 21:18:49       0m 32s  ...               45.20         1.30
9   2026-01-23 21:19:22       0m 38s  ...               83.02         2.35
10  2026-01-23 21:20:01       0m 25s  ...                6.74         0.17

[11 rows x 24 columns]
              timestamp time_elapsed  ... severity_rate_patch Gradient_sr2
0   2026-01-23 21:14:51       0m 31s  ...               30.95         0.88
1   2026-01-23 21:15:22       0m 27s  ...                0.28         0.01
2   2026-01-23 21:15:50       0m 29s  ...               24.18         0.64
3   2026-01-23 21:16:19       0m 26s  ...                3.12         0.08
4   2026-01-23 21:16:46       0m 28s  ...               14.14         0.41
5   2026-01-23 21:17:14       0m 26s  ...                7.30         0.17
6   2026-01-23 21:17:40       0m 33s  ...               50.54         1.48
7   2026-01-23 21:18:14       0m 34s  ...               56.08         1.57
8   2026-01-23 21:18:49       0m 32s  ...               45.20         1.30
9   2026-01-23 21:19:22       0m 38s  ...               83.02         2.35
10  2026-01-23 21:20:01       0m 25s  ...                6.74         0.17
11  2026-01-23 21:20:27       0m 27s  ...                6.52         0.18

[12 rows x 24 columns]
              timestamp time_elapsed  ... severity_rate_patch Gradient_sr2
0   2026-01-23 21:14:51       0m 31s  ...               30.95         0.88
1   2026-01-23 21:15:22       0m 27s  ...                0.28         0.01
2   2026-01-23 21:15:50       0m 29s  ...               24.18         0.64
3   2026-01-23 21:16:19       0m 26s  ...                3.12         0.08
4   2026-01-23 21:16:46       0m 28s  ...               14.14         0.41
5   2026-01-23 21:17:14       0m 26s  ...                7.30         0.17
6   2026-01-23 21:17:40       0m 33s  ...               50.54         1.48
7   2026-01-23 21:18:14       0m 34s  ...               56.08         1.57
8   2026-01-23 21:18:49       0m 32s  ...               45.20         1.30
9   2026-01-23 21:19:22       0m 38s  ...               83.02         2.35
10  2026-01-23 21:20:01       0m 25s  ...                6.74         0.17
11  2026-01-23 21:20:27       0m 27s  ...                6.52         0.18
12  2026-01-23 21:20:54       0m 27s  ...                5.44         0.14

[13 rows x 24 columns]
              timestamp time_elapsed  ... severity_rate_patch Gradient_sr2
0   2026-01-23 21:14:51       0m 31s  ...               30.95         0.88
1   2026-01-23 21:15:22       0m 27s  ...                0.28         0.01
2   2026-01-23 21:15:50       0m 29s  ...               24.18         0.64
3   2026-01-23 21:16:19       0m 26s  ...                3.12         0.08
4   2026-01-23 21:16:46       0m 28s  ...               14.14         0.41
5   2026-01-23 21:17:14       0m 26s  ...                7.30         0.17
6   2026-01-23 21:17:40       0m 33s  ...               50.54         1.48
7   2026-01-23 21:18:14       0m 34s  ...               56.08         1.57
8   2026-01-23 21:18:49       0m 32s  ...               45.20         1.30
9   2026-01-23 21:19:22       0m 38s  ...               83.02         2.35
10  2026-01-23 21:20:01       0m 25s  ...                6.74         0.17
11  2026-01-23 21:20:27       0m 27s  ...                6.52         0.18
12  2026-01-23 21:20:54       0m 27s  ...                5.44         0.14
13  2026-01-23 21:21:22       0m 39s  ...               77.41         2.27

[14 rows x 24 columns]
              timestamp time_elapsed  ... severity_rate_patch Gradient_sr2
0   2026-01-23 21:14:51       0m 31s  ...               30.95         0.88
1   2026-01-23 21:15:22       0m 27s  ...                0.28         0.01
2   2026-01-23 21:15:50       0m 29s  ...               24.18         0.64
3   2026-01-23 21:16:19       0m 26s  ...                3.12         0.08
4   2026-01-23 21:16:46       0m 28s  ...               14.14         0.41
5   2026-01-23 21:17:14       0m 26s  ...                7.30         0.17
6   2026-01-23 21:17:40       0m 33s  ...               50.54         1.48
7   2026-01-23 21:18:14       0m 34s  ...               56.08         1.57
8   2026-01-23 21:18:49       0m 32s  ...               45.20         1.30
9   2026-01-23 21:19:22       0m 38s  ...               83.02         2.35
10  2026-01-23 21:20:01       0m 25s  ...                6.74         0.17
11  2026-01-23 21:20:27       0m 27s  ...                6.52         0.18
12  2026-01-23 21:20:54       0m 27s  ...                5.44         0.14
13  2026-01-23 21:21:22       0m 39s  ...               77.41         2.27
14  2026-01-23 21:22:01       0m 37s  ...               79.75         2.36

[15 rows x 24 columns]

real	7m54.395s
user	0m0.000s
sys	0m0.000s
