[2026-01-23 18:39:16,985] - [root] - [INFO] - leaf_correlation_mw.py
[2026-01-23 18:39:16,986] - [root] - [INFO] - model_type       : ResNet
[2026-01-23 18:39:16,986] - [root] - [INFO] - pretrained       : True
[2026-01-23 18:39:16,986] - [root] - [INFO] - loading_epoch    : 65
[2026-01-23 18:39:16,986] - [root] - [INFO] - timestamp        : Jan22_10-21-00_2026
[2026-01-23 18:39:16,986] - [root] - [INFO] - outdim           : 2
[2026-01-23 18:39:16,986] - [root] - [INFO] - dual_head        : True
[2026-01-23 18:39:16,987] - [root] - [INFO] - model_path       : ../..
[2026-01-23 18:39:16,987] - [root] - [INFO] - step_size        : 224
[2026-01-23 18:39:16,987] - [root] - [INFO] - means            : [0.541, 0.6371, 0.4188]
[2026-01-23 18:39:16,987] - [root] - [INFO] - stds             : [0.1764, 0.165, 0.2326]
[2026-01-23 18:39:16,987] - [root] - [INFO] - target_class     : 1
[2026-01-23 18:39:16,987] - [root] - [INFO] - contam_control   : False
[2026-01-23 18:39:16,987] - [root] - [INFO] - spor_th          : 0.7
[2026-01-23 18:39:16,987] - [root] - [INFO] - inf_gate         : 0.6
[2026-01-23 18:39:16,987] - [root] - [INFO] - pm               : HPM-1269
[2026-01-23 18:39:16,987] - [root] - [INFO] - mps              : False
[2026-01-23 18:39:16,987] - [root] - [INFO] - cuda             : True
[2026-01-23 18:39:16,987] - [root] - [INFO] - cuda_id          : 0
[2026-01-23 18:39:16,987] - [root] - [INFO] - sal_threshold    : 0.5
[2026-01-23 18:39:16,987] - [root] - [INFO] - up_threshold     : 0.7
[2026-01-23 18:39:16,987] - [root] - [INFO] - down_threshold   : 0.2
[2026-01-23 18:39:16,988] - [root] - [INFO] - dataset_path     : C:/Users/Intel User/Desktop/blackbird_scripts/data/human_disk_assessments
[2026-01-23 18:39:16,988] - [root] - [INFO] - img_folder       : 1-22-2026
[2026-01-23 18:39:16,988] - [root] - [INFO] - platform         : BlackBird
[2026-01-23 18:39:16,988] - [root] - [INFO] - threshold        : ['0.7']
[2026-01-23 18:39:16,988] - [root] - [INFO] - log              : ../../results/logs/random.log
[2026-01-23 18:39:16,988] - [root] - [INFO] - dpi              : 5
[2026-01-23 18:39:16,988] - [root] - [INFO] - group            : baseline
[2026-01-23 18:39:16,988] - [root] - [INFO] - trays            : ['5dpi']
[2026-01-23 18:39:16,988] - [root] - [INFO] - sal_gradcam      : False
[2026-01-23 18:39:16,988] - [root] - [INFO] - sal_gradient     : True
[2026-01-23 18:39:16,988] - [root] - [INFO] - sal_smoothgrad   : False
[2026-01-23 18:39:16,988] - [root] - [INFO] - sal_deeplift     : False
[2026-01-23 18:39:16,988] - [root] - [INFO] - sal_thresh_method : fixed
[2026-01-23 18:39:16,988] - [root] - [INFO] - sal_thresh_p     : 95.0
[2026-01-23 18:39:18,052] - [root] - [INFO] - -------------------------------------------
[2026-01-23 18:39:18,052] - [root] - [INFO] - Processing 1-22-2026 5dpi 015-W2021009-160_R1.png
[2026-01-23 18:39:39,786] - [root] - [INFO] - Finished loading mask: 0m 21s
[2026-01-23 18:39:53,955] - [root] - [INFO] - Finished crop and inference: 0m 35s
[2026-01-23 18:39:55,439] - [root] - [INFO] - Analysis finished: 0m 37s
[2026-01-23 18:39:55,439] - [root] - [INFO] - -------------------------------------------
[2026-01-23 18:39:55,439] - [root] - [INFO] - -------------------------------------------
[2026-01-23 18:39:55,439] - [root] - [INFO] - Processing 1-22-2026 5dpi 015-W2021011-633_R1.png
[2026-01-23 18:40:16,777] - [root] - [INFO] - Finished loading mask: 0m 21s
[2026-01-23 18:40:29,604] - [root] - [INFO] - Finished crop and inference: 0m 34s
[2026-01-23 18:40:31,290] - [root] - [INFO] - Analysis finished: 0m 35s
[2026-01-23 18:40:31,290] - [root] - [INFO] - -------------------------------------------
[2026-01-23 18:40:31,290] - [root] - [INFO] - -------------------------------------------
[2026-01-23 18:40:31,290] - [root] - [INFO] - Processing 1-22-2026 5dpi 019-W2021010-428_R2.png
[2026-01-23 18:40:52,919] - [root] - [INFO] - Finished loading mask: 0m 21s
[2026-01-23 18:41:01,345] - [root] - [INFO] - Finished crop and inference: 0m 30s
[2026-01-23 18:41:02,948] - [root] - [INFO] - Analysis finished: 0m 31s
[2026-01-23 18:41:02,948] - [root] - [INFO] - -------------------------------------------
[2026-01-23 18:41:02,948] - [root] - [INFO] - -------------------------------------------
[2026-01-23 18:41:02,948] - [root] - [INFO] - Processing 1-22-2026 5dpi 021-W2021009-175_R1.png
[2026-01-23 18:41:23,809] - [root] - [INFO] - Finished loading mask: 0m 20s
[2026-01-23 18:41:33,384] - [root] - [INFO] - Finished crop and inference: 0m 30s
[2026-01-23 18:41:35,016] - [root] - [INFO] - Analysis finished: 0m 32s
[2026-01-23 18:41:35,016] - [root] - [INFO] - -------------------------------------------
[2026-01-23 18:41:35,017] - [root] - [INFO] - -------------------------------------------
[2026-01-23 18:41:35,017] - [root] - [INFO] - Processing 1-22-2026 5dpi 022-W2021009-198_R2.png
[2026-01-23 18:41:56,639] - [root] - [INFO] - Finished loading mask: 0m 21s
[2026-01-23 18:42:08,312] - [root] - [INFO] - Finished crop and inference: 0m 33s
[2026-01-23 18:42:09,829] - [root] - [INFO] - Analysis finished: 0m 34s
[2026-01-23 18:42:09,830] - [root] - [INFO] - -------------------------------------------
[2026-01-23 18:42:09,830] - [root] - [INFO] - -------------------------------------------
[2026-01-23 18:42:09,830] - [root] - [INFO] - Processing 1-22-2026 5dpi 036-W2021006-047_R2.png
[2026-01-23 18:42:31,355] - [root] - [INFO] - Finished loading mask: 0m 21s
[2026-01-23 18:42:40,288] - [root] - [INFO] - Finished crop and inference: 0m 30s
[2026-01-23 18:42:41,938] - [root] - [INFO] - Analysis finished: 0m 32s
[2026-01-23 18:42:41,939] - [root] - [INFO] - -------------------------------------------
[2026-01-23 18:42:41,939] - [root] - [INFO] - -------------------------------------------
[2026-01-23 18:42:41,939] - [root] - [INFO] - Processing 1-22-2026 5dpi 060-W2021010-324_R2.png
[2026-01-23 18:43:03,121] - [root] - [INFO] - Finished loading mask: 0m 21s
[2026-01-23 18:43:12,693] - [root] - [INFO] - Finished crop and inference: 0m 30s
[2026-01-23 18:43:14,389] - [root] - [INFO] - Analysis finished: 0m 32s
[2026-01-23 18:43:14,389] - [root] - [INFO] - -------------------------------------------
[2026-01-23 18:43:14,389] - [root] - [INFO] - -------------------------------------------
[2026-01-23 18:43:14,389] - [root] - [INFO] - Processing 1-22-2026 5dpi 099-W2021006-611_R2.png
[2026-01-23 18:43:36,857] - [root] - [INFO] - Finished loading mask: 0m 22s
[2026-01-23 18:43:52,556] - [root] - [INFO] - Finished crop and inference: 0m 38s
[2026-01-23 18:43:54,276] - [root] - [INFO] - Analysis finished: 0m 39s
[2026-01-23 18:43:54,276] - [root] - [INFO] - -------------------------------------------
[2026-01-23 18:43:54,276] - [root] - [INFO] - -------------------------------------------
[2026-01-23 18:43:54,276] - [root] - [INFO] - Processing 1-22-2026 5dpi 123-W2021009-255_R2.png
[2026-01-23 18:44:15,146] - [root] - [INFO] - Finished loading mask: 0m 20s
[2026-01-23 18:44:25,625] - [root] - [INFO] - Finished crop and inference: 0m 31s
[2026-01-23 18:44:27,329] - [root] - [INFO] - Analysis finished: 0m 33s
[2026-01-23 18:44:27,329] - [root] - [INFO] - -------------------------------------------
[2026-01-23 18:44:27,329] - [root] - [INFO] - -------------------------------------------
[2026-01-23 18:44:27,329] - [root] - [INFO] - Processing 1-22-2026 5dpi 141-W2021009-274_R1.png
[2026-01-23 18:44:48,634] - [root] - [INFO] - Finished loading mask: 0m 21s
[2026-01-23 18:45:13,288] - [root] - [INFO] - Finished crop and inference: 0m 45s
[2026-01-23 18:45:14,924] - [root] - [INFO] - Analysis finished: 0m 47s
[2026-01-23 18:45:14,924] - [root] - [INFO] - -------------------------------------------
[2026-01-23 18:45:14,924] - [root] - [INFO] - -------------------------------------------
[2026-01-23 18:45:14,924] - [root] - [INFO] - Processing 1-22-2026 5dpi 173-W2021006-127_R2.png
[2026-01-23 18:45:36,277] - [root] - [INFO] - Finished loading mask: 0m 21s
[2026-01-23 18:45:45,170] - [root] - [INFO] - Finished crop and inference: 0m 30s
[2026-01-23 18:45:46,868] - [root] - [INFO] - Analysis finished: 0m 31s
[2026-01-23 18:45:46,868] - [root] - [INFO] - -------------------------------------------
[2026-01-23 18:45:46,868] - [root] - [INFO] - -------------------------------------------
[2026-01-23 18:45:46,868] - [root] - [INFO] - Processing 1-22-2026 5dpi 191-W2021010-449_R1.png
[2026-01-23 18:46:07,733] - [root] - [INFO] - Finished loading mask: 0m 20s
[2026-01-23 18:46:19,986] - [root] - [INFO] - Finished crop and inference: 0m 33s
[2026-01-23 18:46:21,708] - [root] - [INFO] - Analysis finished: 0m 34s
[2026-01-23 18:46:21,709] - [root] - [INFO] - -------------------------------------------
[2026-01-23 18:46:21,709] - [root] - [INFO] - -------------------------------------------
[2026-01-23 18:46:21,709] - [root] - [INFO] - Processing 1-22-2026 5dpi 254-W2021010-352_R2.png
[2026-01-23 18:46:42,594] - [root] - [INFO] - Finished loading mask: 0m 20s
[2026-01-23 18:46:49,833] - [root] - [INFO] - Finished crop and inference: 0m 28s
[2026-01-23 18:46:51,492] - [root] - [INFO] - Analysis finished: 0m 29s
[2026-01-23 18:46:51,492] - [root] - [INFO] - -------------------------------------------
[2026-01-23 18:46:51,492] - [root] - [INFO] - -------------------------------------------
[2026-01-23 18:46:51,492] - [root] - [INFO] - Processing 1-22-2026 5dpi 266-W2021009-193_R1.png
[2026-01-23 18:47:12,588] - [root] - [INFO] - Finished loading mask: 0m 21s
[2026-01-23 18:47:21,377] - [root] - [INFO] - Finished crop and inference: 0m 29s
[2026-01-23 18:47:23,118] - [root] - [INFO] - Analysis finished: 0m 31s
[2026-01-23 18:47:23,118] - [root] - [INFO] - -------------------------------------------
[2026-01-23 18:47:23,119] - [root] - [INFO] - -------------------------------------------
[2026-01-23 18:47:23,119] - [root] - [INFO] - Processing 1-22-2026 5dpi 336-W2021011-506_R2.png
[2026-01-23 18:47:43,278] - [root] - [INFO] - Finished loading mask: 0m 20s
[2026-01-23 18:47:58,678] - [root] - [INFO] - Finished crop and inference: 0m 35s
[2026-01-23 18:48:00,300] - [root] - [INFO] - Analysis finished: 0m 37s
[2026-01-23 18:48:00,300] - [root] - [INFO] - -------------------------------------------
[2026-01-23 18:48:00,311] - [root] - [INFO] - Saved C:\Users\Intel User\Desktop\blackbird_scripts\data\Results\ResNet_upth0.7_downth0.2_Jan22_10-21-00_2026\1-22-2026\th_0.7\severity_rate_tray_5dpi_u0.7_d0.2_ig0.6_sp0.7.csv
             timestamp time_elapsed  ... severity_rate_patch Gradient_sr2
0  2026-01-23 18:39:18       0m 37s  ...               35.74         0.86

[1 rows x 24 columns]
             timestamp time_elapsed  ... severity_rate_patch Gradient_sr2
0  2026-01-23 18:39:18       0m 37s  ...               35.74         0.86
1  2026-01-23 18:39:55       0m 35s  ...               18.84         0.54

[2 rows x 24 columns]
             timestamp time_elapsed  ... severity_rate_patch Gradient_sr2
0  2026-01-23 18:39:18       0m 37s  ...               35.74         0.86
1  2026-01-23 18:39:55       0m 35s  ...               18.84         0.54
2  2026-01-23 18:40:31       0m 31s  ...                1.28         0.03

[3 rows x 24 columns]
             timestamp time_elapsed  ... severity_rate_patch Gradient_sr2
0  2026-01-23 18:39:18       0m 37s  ...               35.74         0.86
1  2026-01-23 18:39:55       0m 35s  ...               18.84         0.54
2  2026-01-23 18:40:31       0m 31s  ...                1.28         0.03
3  2026-01-23 18:41:02       0m 32s  ...                2.61         0.07

[4 rows x 24 columns]
             timestamp time_elapsed  ... severity_rate_patch Gradient_sr2
0  2026-01-23 18:39:18       0m 37s  ...               35.74         0.86
1  2026-01-23 18:39:55       0m 35s  ...               18.84         0.54
2  2026-01-23 18:40:31       0m 31s  ...                1.28         0.03
3  2026-01-23 18:41:02       0m 32s  ...                2.61         0.07
4  2026-01-23 18:41:35       0m 34s  ...               16.67         0.42

[5 rows x 24 columns]
             timestamp time_elapsed  ... severity_rate_patch Gradient_sr2
0  2026-01-23 18:39:18       0m 37s  ...               35.74         0.86
1  2026-01-23 18:39:55       0m 35s  ...               18.84         0.54
2  2026-01-23 18:40:31       0m 31s  ...                1.28         0.03
3  2026-01-23 18:41:02       0m 32s  ...                2.61         0.07
4  2026-01-23 18:41:35       0m 34s  ...               16.67         0.42
5  2026-01-23 18:42:09       0m 32s  ...                0.74         0.02

[6 rows x 24 columns]
             timestamp time_elapsed  ... severity_rate_patch Gradient_sr2
0  2026-01-23 18:39:18       0m 37s  ...               35.74         0.86
1  2026-01-23 18:39:55       0m 35s  ...               18.84         0.54
2  2026-01-23 18:40:31       0m 31s  ...                1.28         0.03
3  2026-01-23 18:41:02       0m 32s  ...                2.61         0.07
4  2026-01-23 18:41:35       0m 34s  ...               16.67         0.42
5  2026-01-23 18:42:09       0m 32s  ...                0.74         0.02
6  2026-01-23 18:42:41       0m 32s  ...                2.30         0.06

[7 rows x 24 columns]
             timestamp time_elapsed  ... severity_rate_patch Gradient_sr2
0  2026-01-23 18:39:18       0m 37s  ...               35.74         0.86
1  2026-01-23 18:39:55       0m 35s  ...               18.84         0.54
2  2026-01-23 18:40:31       0m 31s  ...                1.28         0.03
3  2026-01-23 18:41:02       0m 32s  ...                2.61         0.07
4  2026-01-23 18:41:35       0m 34s  ...               16.67         0.42
5  2026-01-23 18:42:09       0m 32s  ...                0.74         0.02
6  2026-01-23 18:42:41       0m 32s  ...                2.30         0.06
7  2026-01-23 18:43:14       0m 39s  ...               43.15         1.12

[8 rows x 24 columns]
             timestamp time_elapsed  ... severity_rate_patch Gradient_sr2
0  2026-01-23 18:39:18       0m 37s  ...               35.74         0.86
1  2026-01-23 18:39:55       0m 35s  ...               18.84         0.54
2  2026-01-23 18:40:31       0m 31s  ...                1.28         0.03
3  2026-01-23 18:41:02       0m 32s  ...                2.61         0.07
4  2026-01-23 18:41:35       0m 34s  ...               16.67         0.42
5  2026-01-23 18:42:09       0m 32s  ...                0.74         0.02
6  2026-01-23 18:42:41       0m 32s  ...                2.30         0.06
7  2026-01-23 18:43:14       0m 39s  ...               43.15         1.12
8  2026-01-23 18:43:54       0m 33s  ...                9.67         0.23

[9 rows x 24 columns]
             timestamp time_elapsed  ... severity_rate_patch Gradient_sr2
0  2026-01-23 18:39:18       0m 37s  ...               35.74         0.86
1  2026-01-23 18:39:55       0m 35s  ...               18.84         0.54
2  2026-01-23 18:40:31       0m 31s  ...                1.28         0.03
3  2026-01-23 18:41:02       0m 32s  ...                2.61         0.07
4  2026-01-23 18:41:35       0m 34s  ...               16.67         0.42
5  2026-01-23 18:42:09       0m 32s  ...                0.74         0.02
6  2026-01-23 18:42:41       0m 32s  ...                2.30         0.06
7  2026-01-23 18:43:14       0m 39s  ...               43.15         1.12
8  2026-01-23 18:43:54       0m 33s  ...                9.67         0.23
9  2026-01-23 18:44:27       0m 47s  ...               85.22         2.56

[10 rows x 24 columns]
              timestamp time_elapsed  ... severity_rate_patch Gradient_sr2
0   2026-01-23 18:39:18       0m 37s  ...               35.74         0.86
1   2026-01-23 18:39:55       0m 35s  ...               18.84         0.54
2   2026-01-23 18:40:31       0m 31s  ...                1.28         0.03
3   2026-01-23 18:41:02       0m 32s  ...                2.61         0.07
4   2026-01-23 18:41:35       0m 34s  ...               16.67         0.42
5   2026-01-23 18:42:09       0m 32s  ...                0.74         0.02
6   2026-01-23 18:42:41       0m 32s  ...                2.30         0.06
7   2026-01-23 18:43:14       0m 39s  ...               43.15         1.12
8   2026-01-23 18:43:54       0m 33s  ...                9.67         0.23
9   2026-01-23 18:44:27       0m 47s  ...               85.22         2.56
10  2026-01-23 18:45:14       0m 31s  ...                1.33         0.04

[11 rows x 24 columns]
              timestamp time_elapsed  ... severity_rate_patch Gradient_sr2
0   2026-01-23 18:39:18       0m 37s  ...               35.74         0.86
1   2026-01-23 18:39:55       0m 35s  ...               18.84         0.54
2   2026-01-23 18:40:31       0m 31s  ...                1.28         0.03
3   2026-01-23 18:41:02       0m 32s  ...                2.61         0.07
4   2026-01-23 18:41:35       0m 34s  ...               16.67         0.42
5   2026-01-23 18:42:09       0m 32s  ...                0.74         0.02
6   2026-01-23 18:42:41       0m 32s  ...                2.30         0.06
7   2026-01-23 18:43:14       0m 39s  ...               43.15         1.12
8   2026-01-23 18:43:54       0m 33s  ...                9.67         0.23
9   2026-01-23 18:44:27       0m 47s  ...               85.22         2.56
10  2026-01-23 18:45:14       0m 31s  ...                1.33         0.04
11  2026-01-23 18:45:46       0m 34s  ...               20.75         0.57

[12 rows x 24 columns]
              timestamp time_elapsed  ... severity_rate_patch Gradient_sr2
0   2026-01-23 18:39:18       0m 37s  ...               35.74         0.86
1   2026-01-23 18:39:55       0m 35s  ...               18.84         0.54
2   2026-01-23 18:40:31       0m 31s  ...                1.28         0.03
3   2026-01-23 18:41:02       0m 32s  ...                2.61         0.07
4   2026-01-23 18:41:35       0m 34s  ...               16.67         0.42
5   2026-01-23 18:42:09       0m 32s  ...                0.74         0.02
6   2026-01-23 18:42:41       0m 32s  ...                2.30         0.06
7   2026-01-23 18:43:14       0m 39s  ...               43.15         1.12
8   2026-01-23 18:43:54       0m 33s  ...                9.67         0.23
9   2026-01-23 18:44:27       0m 47s  ...               85.22         2.56
10  2026-01-23 18:45:14       0m 31s  ...                1.33         0.04
11  2026-01-23 18:45:46       0m 34s  ...               20.75         0.57
12  2026-01-23 18:46:21       0m 29s  ...                1.81         0.05

[13 rows x 24 columns]
              timestamp time_elapsed  ... severity_rate_patch Gradient_sr2
0   2026-01-23 18:39:18       0m 37s  ...               35.74         0.86
1   2026-01-23 18:39:55       0m 35s  ...               18.84         0.54
2   2026-01-23 18:40:31       0m 31s  ...                1.28         0.03
3   2026-01-23 18:41:02       0m 32s  ...                2.61         0.07
4   2026-01-23 18:41:35       0m 34s  ...               16.67         0.42
5   2026-01-23 18:42:09       0m 32s  ...                0.74         0.02
6   2026-01-23 18:42:41       0m 32s  ...                2.30         0.06
7   2026-01-23 18:43:14       0m 39s  ...               43.15         1.12
8   2026-01-23 18:43:54       0m 33s  ...                9.67         0.23
9   2026-01-23 18:44:27       0m 47s  ...               85.22         2.56
10  2026-01-23 18:45:14       0m 31s  ...                1.33         0.04
11  2026-01-23 18:45:46       0m 34s  ...               20.75         0.57
12  2026-01-23 18:46:21       0m 29s  ...                1.81         0.05
13  2026-01-23 18:46:51       0m 31s  ...                8.03         0.22

[14 rows x 24 columns]
              timestamp time_elapsed  ... severity_rate_patch Gradient_sr2
0   2026-01-23 18:39:18       0m 37s  ...               35.74         0.86
1   2026-01-23 18:39:55       0m 35s  ...               18.84         0.54
2   2026-01-23 18:40:31       0m 31s  ...                1.28         0.03
3   2026-01-23 18:41:02       0m 32s  ...                2.61         0.07
4   2026-01-23 18:41:35       0m 34s  ...               16.67         0.42
5   2026-01-23 18:42:09       0m 32s  ...                0.74         0.02
6   2026-01-23 18:42:41       0m 32s  ...                2.30         0.06
7   2026-01-23 18:43:14       0m 39s  ...               43.15         1.12
8   2026-01-23 18:43:54       0m 33s  ...                9.67         0.23
9   2026-01-23 18:44:27       0m 47s  ...               85.22         2.56
10  2026-01-23 18:45:14       0m 31s  ...                1.33         0.04
11  2026-01-23 18:45:46       0m 34s  ...               20.75         0.57
12  2026-01-23 18:46:21       0m 29s  ...                1.81         0.05
13  2026-01-23 18:46:51       0m 31s  ...                8.03         0.22
14  2026-01-23 18:47:23       0m 37s  ...               44.50         1.20

[15 rows x 24 columns]

real	8m49.289s
user	0m0.000s
sys	0m0.015s
