[2026-01-23 19:14:35,742] - [root] - [INFO] - leaf_correlation_mw.py
[2026-01-23 19:14:35,742] - [root] - [INFO] - model_type       : ResNet
[2026-01-23 19:14:35,742] - [root] - [INFO] - pretrained       : True
[2026-01-23 19:14:35,742] - [root] - [INFO] - loading_epoch    : 65
[2026-01-23 19:14:35,742] - [root] - [INFO] - timestamp        : Jan22_10-21-00_2026
[2026-01-23 19:14:35,742] - [root] - [INFO] - outdim           : 2
[2026-01-23 19:14:35,742] - [root] - [INFO] - dual_head        : True
[2026-01-23 19:14:35,743] - [root] - [INFO] - model_path       : ../..
[2026-01-23 19:14:35,743] - [root] - [INFO] - step_size        : 224
[2026-01-23 19:14:35,743] - [root] - [INFO] - means            : [0.541, 0.6371, 0.4188]
[2026-01-23 19:14:35,743] - [root] - [INFO] - stds             : [0.1764, 0.165, 0.2326]
[2026-01-23 19:14:35,744] - [root] - [INFO] - target_class     : 1
[2026-01-23 19:14:35,744] - [root] - [INFO] - contam_control   : False
[2026-01-23 19:14:35,744] - [root] - [INFO] - spor_th          : 0.9
[2026-01-23 19:14:35,744] - [root] - [INFO] - inf_gate         : 0.6
[2026-01-23 19:14:35,744] - [root] - [INFO] - pm               : HPM-1269
[2026-01-23 19:14:35,744] - [root] - [INFO] - mps              : False
[2026-01-23 19:14:35,744] - [root] - [INFO] - cuda             : True
[2026-01-23 19:14:35,744] - [root] - [INFO] - cuda_id          : 0
[2026-01-23 19:14:35,744] - [root] - [INFO] - sal_threshold    : 0.5
[2026-01-23 19:14:35,744] - [root] - [INFO] - up_threshold     : 0.9
[2026-01-23 19:14:35,744] - [root] - [INFO] - down_threshold   : 0.2
[2026-01-23 19:14:35,744] - [root] - [INFO] - dataset_path     : C:/Users/Intel User/Desktop/blackbird_scripts/data/human_disk_assessments
[2026-01-23 19:14:35,745] - [root] - [INFO] - img_folder       : 1-22-2026
[2026-01-23 19:14:35,745] - [root] - [INFO] - platform         : BlackBird
[2026-01-23 19:14:35,745] - [root] - [INFO] - threshold        : ['0.7']
[2026-01-23 19:14:35,745] - [root] - [INFO] - log              : ../../results/logs/random.log
[2026-01-23 19:14:35,745] - [root] - [INFO] - dpi              : 5
[2026-01-23 19:14:35,745] - [root] - [INFO] - group            : baseline
[2026-01-23 19:14:35,745] - [root] - [INFO] - trays            : ['5dpi']
[2026-01-23 19:14:35,745] - [root] - [INFO] - sal_gradcam      : False
[2026-01-23 19:14:35,745] - [root] - [INFO] - sal_gradient     : True
[2026-01-23 19:14:35,745] - [root] - [INFO] - sal_smoothgrad   : False
[2026-01-23 19:14:35,745] - [root] - [INFO] - sal_deeplift     : False
[2026-01-23 19:14:35,745] - [root] - [INFO] - sal_thresh_method : fixed
[2026-01-23 19:14:35,746] - [root] - [INFO] - sal_thresh_p     : 95.0
[2026-01-23 19:14:36,755] - [root] - [INFO] - -------------------------------------------
[2026-01-23 19:14:36,755] - [root] - [INFO] - Processing 1-22-2026 5dpi 015-W2021009-160_R1.png
[2026-01-23 19:14:58,251] - [root] - [INFO] - Finished loading mask: 0m 21s
[2026-01-23 19:15:10,377] - [root] - [INFO] - Finished crop and inference: 0m 33s
[2026-01-23 19:15:11,845] - [root] - [INFO] - Analysis finished: 0m 35s
[2026-01-23 19:15:11,845] - [root] - [INFO] - -------------------------------------------
[2026-01-23 19:15:11,845] - [root] - [INFO] - -------------------------------------------
[2026-01-23 19:15:11,845] - [root] - [INFO] - Processing 1-22-2026 5dpi 015-W2021011-633_R1.png
[2026-01-23 19:15:33,334] - [root] - [INFO] - Finished loading mask: 0m 21s
[2026-01-23 19:15:45,503] - [root] - [INFO] - Finished crop and inference: 0m 33s
[2026-01-23 19:15:47,143] - [root] - [INFO] - Analysis finished: 0m 35s
[2026-01-23 19:15:47,143] - [root] - [INFO] - -------------------------------------------
[2026-01-23 19:15:47,143] - [root] - [INFO] - -------------------------------------------
[2026-01-23 19:15:47,143] - [root] - [INFO] - Processing 1-22-2026 5dpi 019-W2021010-428_R2.png
[2026-01-23 19:16:08,939] - [root] - [INFO] - Finished loading mask: 0m 21s
[2026-01-23 19:16:17,300] - [root] - [INFO] - Finished crop and inference: 0m 30s
[2026-01-23 19:16:18,860] - [root] - [INFO] - Analysis finished: 0m 31s
[2026-01-23 19:16:18,860] - [root] - [INFO] - -------------------------------------------
[2026-01-23 19:16:18,860] - [root] - [INFO] - -------------------------------------------
[2026-01-23 19:16:18,860] - [root] - [INFO] - Processing 1-22-2026 5dpi 021-W2021009-175_R1.png
[2026-01-23 19:16:40,709] - [root] - [INFO] - Finished loading mask: 0m 21s
[2026-01-23 19:16:50,191] - [root] - [INFO] - Finished crop and inference: 0m 31s
[2026-01-23 19:16:51,783] - [root] - [INFO] - Analysis finished: 0m 32s
[2026-01-23 19:16:51,783] - [root] - [INFO] - -------------------------------------------
[2026-01-23 19:16:51,783] - [root] - [INFO] - -------------------------------------------
[2026-01-23 19:16:51,783] - [root] - [INFO] - Processing 1-22-2026 5dpi 022-W2021009-198_R2.png
[2026-01-23 19:17:12,990] - [root] - [INFO] - Finished loading mask: 0m 21s
[2026-01-23 19:17:23,550] - [root] - [INFO] - Finished crop and inference: 0m 31s
[2026-01-23 19:17:25,126] - [root] - [INFO] - Analysis finished: 0m 33s
[2026-01-23 19:17:25,126] - [root] - [INFO] - -------------------------------------------
[2026-01-23 19:17:25,126] - [root] - [INFO] - -------------------------------------------
[2026-01-23 19:17:25,126] - [root] - [INFO] - Processing 1-22-2026 5dpi 036-W2021006-047_R2.png
[2026-01-23 19:17:47,300] - [root] - [INFO] - Finished loading mask: 0m 22s
[2026-01-23 19:17:56,204] - [root] - [INFO] - Finished crop and inference: 0m 31s
[2026-01-23 19:17:57,776] - [root] - [INFO] - Analysis finished: 0m 32s
[2026-01-23 19:17:57,776] - [root] - [INFO] - -------------------------------------------
[2026-01-23 19:17:57,776] - [root] - [INFO] - -------------------------------------------
[2026-01-23 19:17:57,776] - [root] - [INFO] - Processing 1-22-2026 5dpi 060-W2021010-324_R2.png
[2026-01-23 19:18:19,366] - [root] - [INFO] - Finished loading mask: 0m 21s
[2026-01-23 19:18:28,369] - [root] - [INFO] - Finished crop and inference: 0m 30s
[2026-01-23 19:18:29,970] - [root] - [INFO] - Analysis finished: 0m 32s
[2026-01-23 19:18:29,970] - [root] - [INFO] - -------------------------------------------
[2026-01-23 19:18:29,970] - [root] - [INFO] - -------------------------------------------
[2026-01-23 19:18:29,970] - [root] - [INFO] - Processing 1-22-2026 5dpi 099-W2021006-611_R2.png
[2026-01-23 19:18:51,632] - [root] - [INFO] - Finished loading mask: 0m 21s
[2026-01-23 19:19:05,926] - [root] - [INFO] - Finished crop and inference: 0m 35s
[2026-01-23 19:19:07,535] - [root] - [INFO] - Analysis finished: 0m 37s
[2026-01-23 19:19:07,535] - [root] - [INFO] - -------------------------------------------
[2026-01-23 19:19:07,535] - [root] - [INFO] - -------------------------------------------
[2026-01-23 19:19:07,535] - [root] - [INFO] - Processing 1-22-2026 5dpi 123-W2021009-255_R2.png
[2026-01-23 19:19:29,188] - [root] - [INFO] - Finished loading mask: 0m 21s
[2026-01-23 19:19:39,367] - [root] - [INFO] - Finished crop and inference: 0m 31s
[2026-01-23 19:19:40,889] - [root] - [INFO] - Analysis finished: 0m 33s
[2026-01-23 19:19:40,889] - [root] - [INFO] - -------------------------------------------
[2026-01-23 19:19:40,889] - [root] - [INFO] - -------------------------------------------
[2026-01-23 19:19:40,889] - [root] - [INFO] - Processing 1-22-2026 5dpi 141-W2021009-274_R1.png
[2026-01-23 19:20:02,566] - [root] - [INFO] - Finished loading mask: 0m 21s
[2026-01-23 19:20:24,858] - [root] - [INFO] - Finished crop and inference: 0m 43s
[2026-01-23 19:20:26,433] - [root] - [INFO] - Analysis finished: 0m 45s
[2026-01-23 19:20:26,434] - [root] - [INFO] - -------------------------------------------
[2026-01-23 19:20:26,434] - [root] - [INFO] - -------------------------------------------
[2026-01-23 19:20:26,434] - [root] - [INFO] - Processing 1-22-2026 5dpi 173-W2021006-127_R2.png
[2026-01-23 19:20:48,370] - [root] - [INFO] - Finished loading mask: 0m 21s
[2026-01-23 19:20:57,415] - [root] - [INFO] - Finished crop and inference: 0m 30s
[2026-01-23 19:20:58,974] - [root] - [INFO] - Analysis finished: 0m 32s
[2026-01-23 19:20:58,974] - [root] - [INFO] - -------------------------------------------
[2026-01-23 19:20:58,974] - [root] - [INFO] - -------------------------------------------
[2026-01-23 19:20:58,974] - [root] - [INFO] - Processing 1-22-2026 5dpi 191-W2021010-449_R1.png
[2026-01-23 19:21:20,523] - [root] - [INFO] - Finished loading mask: 0m 21s
[2026-01-23 19:21:32,750] - [root] - [INFO] - Finished crop and inference: 0m 33s
[2026-01-23 19:21:34,636] - [root] - [INFO] - Analysis finished: 0m 35s
[2026-01-23 19:21:34,636] - [root] - [INFO] - -------------------------------------------
[2026-01-23 19:21:34,636] - [root] - [INFO] - -------------------------------------------
[2026-01-23 19:21:34,636] - [root] - [INFO] - Processing 1-22-2026 5dpi 254-W2021010-352_R2.png
[2026-01-23 19:21:56,060] - [root] - [INFO] - Finished loading mask: 0m 21s
[2026-01-23 19:22:03,581] - [root] - [INFO] - Finished crop and inference: 0m 28s
[2026-01-23 19:22:05,241] - [root] - [INFO] - Analysis finished: 0m 30s
[2026-01-23 19:22:05,242] - [root] - [INFO] - -------------------------------------------
[2026-01-23 19:22:05,242] - [root] - [INFO] - -------------------------------------------
[2026-01-23 19:22:05,242] - [root] - [INFO] - Processing 1-22-2026 5dpi 266-W2021009-193_R1.png
[2026-01-23 19:22:26,891] - [root] - [INFO] - Finished loading mask: 0m 21s
[2026-01-23 19:22:35,986] - [root] - [INFO] - Finished crop and inference: 0m 30s
[2026-01-23 19:22:37,611] - [root] - [INFO] - Analysis finished: 0m 32s
[2026-01-23 19:22:37,611] - [root] - [INFO] - -------------------------------------------
[2026-01-23 19:22:37,611] - [root] - [INFO] - -------------------------------------------
[2026-01-23 19:22:37,611] - [root] - [INFO] - Processing 1-22-2026 5dpi 336-W2021011-506_R2.png
[2026-01-23 19:22:58,815] - [root] - [INFO] - Finished loading mask: 0m 21s
[2026-01-23 19:23:13,753] - [root] - [INFO] - Finished crop and inference: 0m 36s
[2026-01-23 19:23:15,354] - [root] - [INFO] - Analysis finished: 0m 37s
[2026-01-23 19:23:15,354] - [root] - [INFO] - -------------------------------------------
[2026-01-23 19:23:15,361] - [root] - [INFO] - Saved C:\Users\Intel User\Desktop\blackbird_scripts\data\Results\ResNet_upth0.9_downth0.2_Jan22_10-21-00_2026\1-22-2026\th_0.7\severity_rate_tray_5dpi_u0.9_d0.2_ig0.6_sp0.9.csv
             timestamp time_elapsed  ... severity_rate_patch Gradient_sr2
0  2026-01-23 19:14:36       0m 35s  ...               30.24         0.68

[1 rows x 24 columns]
             timestamp time_elapsed  ... severity_rate_patch Gradient_sr2
0  2026-01-23 19:14:36       0m 35s  ...               30.24         0.68
1  2026-01-23 19:15:11       0m 35s  ...               16.96         0.47

[2 rows x 24 columns]
             timestamp time_elapsed  ... severity_rate_patch Gradient_sr2
0  2026-01-23 19:14:36       0m 35s  ...               30.24         0.68
1  2026-01-23 19:15:11       0m 35s  ...               16.96         0.47
2  2026-01-23 19:15:47       0m 31s  ...                0.48         0.01

[3 rows x 24 columns]
             timestamp time_elapsed  ... severity_rate_patch Gradient_sr2
0  2026-01-23 19:14:36       0m 35s  ...               30.24         0.68
1  2026-01-23 19:15:11       0m 35s  ...               16.96         0.47
2  2026-01-23 19:15:47       0m 31s  ...                0.48         0.01
3  2026-01-23 19:16:18       0m 32s  ...                1.90         0.05

[4 rows x 24 columns]
             timestamp time_elapsed  ... severity_rate_patch Gradient_sr2
0  2026-01-23 19:14:36       0m 35s  ...               30.24         0.68
1  2026-01-23 19:15:11       0m 35s  ...               16.96         0.47
2  2026-01-23 19:15:47       0m 31s  ...                0.48         0.01
3  2026-01-23 19:16:18       0m 32s  ...                1.90         0.05
4  2026-01-23 19:16:51       0m 33s  ...               10.46         0.24

[5 rows x 24 columns]
             timestamp time_elapsed  ... severity_rate_patch Gradient_sr2
0  2026-01-23 19:14:36       0m 35s  ...               30.24         0.68
1  2026-01-23 19:15:11       0m 35s  ...               16.96         0.47
2  2026-01-23 19:15:47       0m 31s  ...                0.48         0.01
3  2026-01-23 19:16:18       0m 32s  ...                1.90         0.05
4  2026-01-23 19:16:51       0m 33s  ...               10.46         0.24
5  2026-01-23 19:17:25       0m 32s  ...                0.60         0.02

[6 rows x 24 columns]
             timestamp time_elapsed  ... severity_rate_patch Gradient_sr2
0  2026-01-23 19:14:36       0m 35s  ...               30.24         0.68
1  2026-01-23 19:15:11       0m 35s  ...               16.96         0.47
2  2026-01-23 19:15:47       0m 31s  ...                0.48         0.01
3  2026-01-23 19:16:18       0m 32s  ...                1.90         0.05
4  2026-01-23 19:16:51       0m 33s  ...               10.46         0.24
5  2026-01-23 19:17:25       0m 32s  ...                0.60         0.02
6  2026-01-23 19:17:57       0m 32s  ...                1.69         0.04

[7 rows x 24 columns]
             timestamp time_elapsed  ... severity_rate_patch Gradient_sr2
0  2026-01-23 19:14:36       0m 35s  ...               30.24         0.68
1  2026-01-23 19:15:11       0m 35s  ...               16.96         0.47
2  2026-01-23 19:15:47       0m 31s  ...                0.48         0.01
3  2026-01-23 19:16:18       0m 32s  ...                1.90         0.05
4  2026-01-23 19:16:51       0m 33s  ...               10.46         0.24
5  2026-01-23 19:17:25       0m 32s  ...                0.60         0.02
6  2026-01-23 19:17:57       0m 32s  ...                1.69         0.04
7  2026-01-23 19:18:29       0m 37s  ...               39.29         0.95

[8 rows x 24 columns]
             timestamp time_elapsed  ... severity_rate_patch Gradient_sr2
0  2026-01-23 19:14:36       0m 35s  ...               30.24         0.68
1  2026-01-23 19:15:11       0m 35s  ...               16.96         0.47
2  2026-01-23 19:15:47       0m 31s  ...                0.48         0.01
3  2026-01-23 19:16:18       0m 32s  ...                1.90         0.05
4  2026-01-23 19:16:51       0m 33s  ...               10.46         0.24
5  2026-01-23 19:17:25       0m 32s  ...                0.60         0.02
6  2026-01-23 19:17:57       0m 32s  ...                1.69         0.04
7  2026-01-23 19:18:29       0m 37s  ...               39.29         0.95
8  2026-01-23 19:19:07       0m 33s  ...                6.56         0.15

[9 rows x 24 columns]
             timestamp time_elapsed  ... severity_rate_patch Gradient_sr2
0  2026-01-23 19:14:36       0m 35s  ...               30.24         0.68
1  2026-01-23 19:15:11       0m 35s  ...               16.96         0.47
2  2026-01-23 19:15:47       0m 31s  ...                0.48         0.01
3  2026-01-23 19:16:18       0m 32s  ...                1.90         0.05
4  2026-01-23 19:16:51       0m 33s  ...               10.46         0.24
5  2026-01-23 19:17:25       0m 32s  ...                0.60         0.02
6  2026-01-23 19:17:57       0m 32s  ...                1.69         0.04
7  2026-01-23 19:18:29       0m 37s  ...               39.29         0.95
8  2026-01-23 19:19:07       0m 33s  ...                6.56         0.15
9  2026-01-23 19:19:40       0m 45s  ...               84.97         2.52

[10 rows x 24 columns]
              timestamp time_elapsed  ... severity_rate_patch Gradient_sr2
0   2026-01-23 19:14:36       0m 35s  ...               30.24         0.68
1   2026-01-23 19:15:11       0m 35s  ...               16.96         0.47
2   2026-01-23 19:15:47       0m 31s  ...                0.48         0.01
3   2026-01-23 19:16:18       0m 32s  ...                1.90         0.05
4   2026-01-23 19:16:51       0m 33s  ...               10.46         0.24
5   2026-01-23 19:17:25       0m 32s  ...                0.60         0.02
6   2026-01-23 19:17:57       0m 32s  ...                1.69         0.04
7   2026-01-23 19:18:29       0m 37s  ...               39.29         0.95
8   2026-01-23 19:19:07       0m 33s  ...                6.56         0.15
9   2026-01-23 19:19:40       0m 45s  ...               84.97         2.52
10  2026-01-23 19:20:26       0m 32s  ...                1.04         0.03

[11 rows x 24 columns]
              timestamp time_elapsed  ... severity_rate_patch Gradient_sr2
0   2026-01-23 19:14:36       0m 35s  ...               30.24         0.68
1   2026-01-23 19:15:11       0m 35s  ...               16.96         0.47
2   2026-01-23 19:15:47       0m 31s  ...                0.48         0.01
3   2026-01-23 19:16:18       0m 32s  ...                1.90         0.05
4   2026-01-23 19:16:51       0m 33s  ...               10.46         0.24
5   2026-01-23 19:17:25       0m 32s  ...                0.60         0.02
6   2026-01-23 19:17:57       0m 32s  ...                1.69         0.04
7   2026-01-23 19:18:29       0m 37s  ...               39.29         0.95
8   2026-01-23 19:19:07       0m 33s  ...                6.56         0.15
9   2026-01-23 19:19:40       0m 45s  ...               84.97         2.52
10  2026-01-23 19:20:26       0m 32s  ...                1.04         0.03
11  2026-01-23 19:20:58       0m 35s  ...               17.91         0.48

[12 rows x 24 columns]
              timestamp time_elapsed  ... severity_rate_patch Gradient_sr2
0   2026-01-23 19:14:36       0m 35s  ...               30.24         0.68
1   2026-01-23 19:15:11       0m 35s  ...               16.96         0.47
2   2026-01-23 19:15:47       0m 31s  ...                0.48         0.01
3   2026-01-23 19:16:18       0m 32s  ...                1.90         0.05
4   2026-01-23 19:16:51       0m 33s  ...               10.46         0.24
5   2026-01-23 19:17:25       0m 32s  ...                0.60         0.02
6   2026-01-23 19:17:57       0m 32s  ...                1.69         0.04
7   2026-01-23 19:18:29       0m 37s  ...               39.29         0.95
8   2026-01-23 19:19:07       0m 33s  ...                6.56         0.15
9   2026-01-23 19:19:40       0m 45s  ...               84.97         2.52
10  2026-01-23 19:20:26       0m 32s  ...                1.04         0.03
11  2026-01-23 19:20:58       0m 35s  ...               17.91         0.48
12  2026-01-23 19:21:34       0m 30s  ...                0.91         0.02

[13 rows x 24 columns]
              timestamp time_elapsed  ... severity_rate_patch Gradient_sr2
0   2026-01-23 19:14:36       0m 35s  ...               30.24         0.68
1   2026-01-23 19:15:11       0m 35s  ...               16.96         0.47
2   2026-01-23 19:15:47       0m 31s  ...                0.48         0.01
3   2026-01-23 19:16:18       0m 32s  ...                1.90         0.05
4   2026-01-23 19:16:51       0m 33s  ...               10.46         0.24
5   2026-01-23 19:17:25       0m 32s  ...                0.60         0.02
6   2026-01-23 19:17:57       0m 32s  ...                1.69         0.04
7   2026-01-23 19:18:29       0m 37s  ...               39.29         0.95
8   2026-01-23 19:19:07       0m 33s  ...                6.56         0.15
9   2026-01-23 19:19:40       0m 45s  ...               84.97         2.52
10  2026-01-23 19:20:26       0m 32s  ...                1.04         0.03
11  2026-01-23 19:20:58       0m 35s  ...               17.91         0.48
12  2026-01-23 19:21:34       0m 30s  ...                0.91         0.02
13  2026-01-23 19:22:05       0m 32s  ...                6.27         0.17

[14 rows x 24 columns]
              timestamp time_elapsed  ... severity_rate_patch Gradient_sr2
0   2026-01-23 19:14:36       0m 35s  ...               30.24         0.68
1   2026-01-23 19:15:11       0m 35s  ...               16.96         0.47
2   2026-01-23 19:15:47       0m 31s  ...                0.48         0.01
3   2026-01-23 19:16:18       0m 32s  ...                1.90         0.05
4   2026-01-23 19:16:51       0m 33s  ...               10.46         0.24
5   2026-01-23 19:17:25       0m 32s  ...                0.60         0.02
6   2026-01-23 19:17:57       0m 32s  ...                1.69         0.04
7   2026-01-23 19:18:29       0m 37s  ...               39.29         0.95
8   2026-01-23 19:19:07       0m 33s  ...                6.56         0.15
9   2026-01-23 19:19:40       0m 45s  ...               84.97         2.52
10  2026-01-23 19:20:26       0m 32s  ...                1.04         0.03
11  2026-01-23 19:20:58       0m 35s  ...               17.91         0.48
12  2026-01-23 19:21:34       0m 30s  ...                0.91         0.02
13  2026-01-23 19:22:05       0m 32s  ...                6.27         0.17
14  2026-01-23 19:22:37       0m 37s  ...               43.19         1.15

[15 rows x 24 columns]

real	8m45.529s
user	0m0.015s
sys	0m0.000s
