[2026-01-24 15:04:18,890] - [root] - [INFO] - leaf_correlation_mw.py
[2026-01-24 15:04:18,891] - [root] - [INFO] - model_type       : ResNet
[2026-01-24 15:04:18,891] - [root] - [INFO] - pretrained       : True
[2026-01-24 15:04:18,891] - [root] - [INFO] - loading_epoch    : 59
[2026-01-24 15:04:18,892] - [root] - [INFO] - timestamp        : Feb14_15-53-04_2024
[2026-01-24 15:04:18,892] - [root] - [INFO] - outdim           : 2
[2026-01-24 15:04:18,892] - [root] - [INFO] - dual_head        : False
[2026-01-24 15:04:18,892] - [root] - [INFO] - model_path       : ../..
[2026-01-24 15:04:18,892] - [root] - [INFO] - step_size        : 224
[2026-01-24 15:04:18,892] - [root] - [INFO] - means            : [0.541, 0.6371, 0.4188]
[2026-01-24 15:04:18,892] - [root] - [INFO] - stds             : [0.1764, 0.165, 0.2326]
[2026-01-24 15:04:18,893] - [root] - [INFO] - target_class     : 1
[2026-01-24 15:04:18,893] - [root] - [INFO] - contam_control   : False
[2026-01-24 15:04:18,893] - [root] - [INFO] - spor_th          : None
[2026-01-24 15:04:18,893] - [root] - [INFO] - inf_gate         : None
[2026-01-24 15:04:18,893] - [root] - [INFO] - pm               : HPM-1269
[2026-01-24 15:04:18,893] - [root] - [INFO] - mps              : False
[2026-01-24 15:04:18,893] - [root] - [INFO] - cuda             : True
[2026-01-24 15:04:18,893] - [root] - [INFO] - cuda_id          : 0
[2026-01-24 15:04:18,893] - [root] - [INFO] - sal_threshold    : 0.5
[2026-01-24 15:04:18,893] - [root] - [INFO] - up_threshold     : 0.5
[2026-01-24 15:04:18,893] - [root] - [INFO] - down_threshold   : 0.3
[2026-01-24 15:04:18,893] - [root] - [INFO] - dataset_path     : C:/Users/Intel User/Desktop/blackbird_scripts/data/human_disk_assessments
[2026-01-24 15:04:18,893] - [root] - [INFO] - img_folder       : 1-22-2026
[2026-01-24 15:04:18,894] - [root] - [INFO] - platform         : BlackBird
[2026-01-24 15:04:18,894] - [root] - [INFO] - threshold        : ['0.7']
[2026-01-24 15:04:18,894] - [root] - [INFO] - log              : ../../results/logs/random.log
[2026-01-24 15:04:18,894] - [root] - [INFO] - dpi              : 5
[2026-01-24 15:04:18,894] - [root] - [INFO] - group            : baseline
[2026-01-24 15:04:18,894] - [root] - [INFO] - trays            : ['5dpi']
[2026-01-24 15:04:18,894] - [root] - [INFO] - sal_gradcam      : False
[2026-01-24 15:04:18,894] - [root] - [INFO] - sal_gradient     : True
[2026-01-24 15:04:18,894] - [root] - [INFO] - sal_smoothgrad   : False
[2026-01-24 15:04:18,894] - [root] - [INFO] - sal_deeplift     : False
[2026-01-24 15:04:18,894] - [root] - [INFO] - sal_thresh_method : fixed
[2026-01-24 15:04:18,895] - [root] - [INFO] - sal_thresh_p     : 95.0
[2026-01-24 15:04:20,399] - [root] - [INFO] - -------------------------------------------
[2026-01-24 15:04:20,399] - [root] - [INFO] - Processing 1-22-2026 5dpi 005-W2021011-592_R2.png
[2026-01-24 15:04:42,087] - [root] - [INFO] - Finished loading mask: 0m 21s
[2026-01-24 15:04:54,979] - [root] - [INFO] - Finished crop and inference: 0m 34s
[2026-01-24 15:04:58,374] - [root] - [INFO] - Analysis finished: 0m 37s
[2026-01-24 15:04:58,374] - [root] - [INFO] - -------------------------------------------
[2026-01-24 15:04:58,374] - [root] - [INFO] - -------------------------------------------
[2026-01-24 15:04:58,374] - [root] - [INFO] - Processing 1-22-2026 5dpi 022-W2021009-198_R2.png
[2026-01-24 15:05:19,927] - [root] - [INFO] - Finished loading mask: 0m 21s
[2026-01-24 15:05:33,412] - [root] - [INFO] - Finished crop and inference: 0m 35s
[2026-01-24 15:05:35,383] - [root] - [INFO] - Analysis finished: 0m 37s
[2026-01-24 15:05:35,384] - [root] - [INFO] - -------------------------------------------
[2026-01-24 15:05:35,384] - [root] - [INFO] - -------------------------------------------
[2026-01-24 15:05:35,384] - [root] - [INFO] - Processing 1-22-2026 5dpi 047-W2021011-482_R1.png
[2026-01-24 15:05:57,704] - [root] - [INFO] - Finished loading mask: 0m 22s
[2026-01-24 15:06:17,664] - [root] - [INFO] - Finished crop and inference: 0m 42s
[2026-01-24 15:06:19,443] - [root] - [INFO] - Analysis finished: 0m 44s
[2026-01-24 15:06:19,444] - [root] - [INFO] - -------------------------------------------
[2026-01-24 15:06:19,444] - [root] - [INFO] - -------------------------------------------
[2026-01-24 15:06:19,444] - [root] - [INFO] - Processing 1-22-2026 5dpi 055-W2021010-397_R2.png
[2026-01-24 15:06:41,242] - [root] - [INFO] - Finished loading mask: 0m 21s
[2026-01-24 15:06:55,686] - [root] - [INFO] - Finished crop and inference: 0m 36s
[2026-01-24 15:06:57,045] - [root] - [INFO] - Analysis finished: 0m 37s
[2026-01-24 15:06:57,045] - [root] - [INFO] - -------------------------------------------
[2026-01-24 15:06:57,046] - [root] - [INFO] - -------------------------------------------
[2026-01-24 15:06:57,046] - [root] - [INFO] - Processing 1-22-2026 5dpi 121-W2021009-185_R1.png
[2026-01-24 15:07:19,582] - [root] - [INFO] - Finished loading mask: 0m 22s
[2026-01-24 15:07:30,863] - [root] - [INFO] - Finished crop and inference: 0m 33s
[2026-01-24 15:07:32,437] - [root] - [INFO] - Analysis finished: 0m 35s
[2026-01-24 15:07:32,437] - [root] - [INFO] - -------------------------------------------
[2026-01-24 15:07:32,437] - [root] - [INFO] - -------------------------------------------
[2026-01-24 15:07:32,437] - [root] - [INFO] - Processing 1-22-2026 5dpi 128-W2021006-013_R1.png
[2026-01-24 15:07:54,819] - [root] - [INFO] - Finished loading mask: 0m 22s
[2026-01-24 15:08:19,179] - [root] - [INFO] - Finished crop and inference: 0m 46s
[2026-01-24 15:08:20,504] - [root] - [INFO] - Analysis finished: 0m 48s
[2026-01-24 15:08:20,504] - [root] - [INFO] - -------------------------------------------
[2026-01-24 15:08:20,504] - [root] - [INFO] - -------------------------------------------
[2026-01-24 15:08:20,504] - [root] - [INFO] - Processing 1-22-2026 5dpi 149-W2021010-417_R1.png
[2026-01-24 15:08:42,747] - [root] - [INFO] - Finished loading mask: 0m 22s
[2026-01-24 15:08:57,102] - [root] - [INFO] - Finished crop and inference: 0m 36s
[2026-01-24 15:08:58,336] - [root] - [INFO] - Analysis finished: 0m 37s
[2026-01-24 15:08:58,336] - [root] - [INFO] - -------------------------------------------
[2026-01-24 15:08:58,336] - [root] - [INFO] - -------------------------------------------
[2026-01-24 15:08:58,336] - [root] - [INFO] - Processing 1-22-2026 5dpi 156-W2021009-276_R2.png
[2026-01-24 15:09:20,671] - [root] - [INFO] - Finished loading mask: 0m 22s
[2026-01-24 15:09:35,495] - [root] - [INFO] - Finished crop and inference: 0m 37s
[2026-01-24 15:09:36,836] - [root] - [INFO] - Analysis finished: 0m 38s
[2026-01-24 15:09:36,836] - [root] - [INFO] - -------------------------------------------
[2026-01-24 15:09:36,836] - [root] - [INFO] - -------------------------------------------
[2026-01-24 15:09:36,836] - [root] - [INFO] - Processing 1-22-2026 5dpi 172-W2021011-557_R2.png
[2026-01-24 15:09:58,853] - [root] - [INFO] - Finished loading mask: 0m 22s
[2026-01-24 15:10:13,052] - [root] - [INFO] - Finished crop and inference: 0m 36s
[2026-01-24 15:10:14,292] - [root] - [INFO] - Analysis finished: 0m 37s
[2026-01-24 15:10:14,293] - [root] - [INFO] - -------------------------------------------
[2026-01-24 15:10:14,293] - [root] - [INFO] - -------------------------------------------
[2026-01-24 15:10:14,293] - [root] - [INFO] - Processing 1-22-2026 5dpi 180-W2021011-476_R2.png
[2026-01-24 15:10:36,771] - [root] - [INFO] - Finished loading mask: 0m 22s
[2026-01-24 15:10:55,826] - [root] - [INFO] - Finished crop and inference: 0m 41s
[2026-01-24 15:10:57,044] - [root] - [INFO] - Analysis finished: 0m 42s
[2026-01-24 15:10:57,044] - [root] - [INFO] - -------------------------------------------
[2026-01-24 15:10:57,044] - [root] - [INFO] - -------------------------------------------
[2026-01-24 15:10:57,044] - [root] - [INFO] - Processing 1-22-2026 5dpi 183-W2021009-295_R1.png
[2026-01-24 15:11:19,223] - [root] - [INFO] - Finished loading mask: 0m 22s
[2026-01-24 15:11:30,713] - [root] - [INFO] - Finished crop and inference: 0m 33s
[2026-01-24 15:11:31,914] - [root] - [INFO] - Analysis finished: 0m 34s
[2026-01-24 15:11:31,914] - [root] - [INFO] - -------------------------------------------
[2026-01-24 15:11:31,915] - [root] - [INFO] - -------------------------------------------
[2026-01-24 15:11:31,915] - [root] - [INFO] - Processing 1-22-2026 5dpi 187-W2021010-348_R2.png
[2026-01-24 15:11:54,356] - [root] - [INFO] - Finished loading mask: 0m 22s
[2026-01-24 15:12:15,978] - [root] - [INFO] - Finished crop and inference: 0m 44s
[2026-01-24 15:12:17,130] - [root] - [INFO] - Analysis finished: 0m 45s
[2026-01-24 15:12:17,130] - [root] - [INFO] - -------------------------------------------
[2026-01-24 15:12:17,130] - [root] - [INFO] - -------------------------------------------
[2026-01-24 15:12:17,130] - [root] - [INFO] - Processing 1-22-2026 5dpi 206-W2021010-344_R1.png
[2026-01-24 15:12:39,414] - [root] - [INFO] - Finished loading mask: 0m 22s
[2026-01-24 15:12:50,205] - [root] - [INFO] - Finished crop and inference: 0m 33s
[2026-01-24 15:12:51,413] - [root] - [INFO] - Analysis finished: 0m 34s
[2026-01-24 15:12:51,414] - [root] - [INFO] - -------------------------------------------
[2026-01-24 15:12:51,414] - [root] - [INFO] - -------------------------------------------
[2026-01-24 15:12:51,414] - [root] - [INFO] - Processing 1-22-2026 5dpi 208-W2021009-268_R2.png
[2026-01-24 15:13:13,313] - [root] - [INFO] - Finished loading mask: 0m 21s
[2026-01-24 15:13:30,469] - [root] - [INFO] - Finished crop and inference: 0m 39s
[2026-01-24 15:13:31,667] - [root] - [INFO] - Analysis finished: 0m 40s
[2026-01-24 15:13:31,667] - [root] - [INFO] - -------------------------------------------
[2026-01-24 15:13:31,667] - [root] - [INFO] - -------------------------------------------
[2026-01-24 15:13:31,667] - [root] - [INFO] - Processing 1-22-2026 5dpi 254-W2021010-352_R2.png
[2026-01-24 15:13:53,218] - [root] - [INFO] - Finished loading mask: 0m 21s
[2026-01-24 15:14:01,720] - [root] - [INFO] - Finished crop and inference: 0m 30s
[2026-01-24 15:14:03,076] - [root] - [INFO] - Analysis finished: 0m 31s
[2026-01-24 15:14:03,077] - [root] - [INFO] - -------------------------------------------
[2026-01-24 15:14:03,086] - [root] - [INFO] - Saved C:\Users\Intel User\Desktop\blackbird_scripts\data\Results\ResNet_upth0.5_downth0.3_Feb14_15-53-04_2024\1-22-2026\th_0.7\severity_rate_tray_5dpi_u0.5_d0.3_ig0.3_sp0.5_20260124_151331.csv
WARNING: outdim>=2 but dual_head flag not set. If you're using a dual-head model, please set --dual_head.
             timestamp time_elapsed  ... severity_rate_patch Gradient_sr2
0  2026-01-24 15:04:20       0m 37s  ...                1.27         0.03

[1 rows x 22 columns]
             timestamp time_elapsed  ... severity_rate_patch Gradient_sr2
0  2026-01-24 15:04:20       0m 37s  ...                1.27         0.03
1  2026-01-24 15:04:58       0m 36s  ...                3.50         0.09

[2 rows x 22 columns]
             timestamp time_elapsed  ... severity_rate_patch Gradient_sr2
0  2026-01-24 15:04:20       0m 37s  ...                1.27         0.03
1  2026-01-24 15:04:58       0m 36s  ...                3.50         0.09
2  2026-01-24 15:05:35       0m 44s  ...               35.84         0.98

[3 rows x 22 columns]
             timestamp time_elapsed  ... severity_rate_patch Gradient_sr2
0  2026-01-24 15:04:20       0m 37s  ...                1.27         0.03
1  2026-01-24 15:04:58       0m 36s  ...                3.50         0.09
2  2026-01-24 15:05:35       0m 44s  ...               35.84         0.98
3  2026-01-24 15:06:19       0m 37s  ...                7.29         0.19

[4 rows x 22 columns]
             timestamp time_elapsed  ... severity_rate_patch Gradient_sr2
0  2026-01-24 15:04:20       0m 37s  ...                1.27         0.03
1  2026-01-24 15:04:58       0m 36s  ...                3.50         0.09
2  2026-01-24 15:05:35       0m 44s  ...               35.84         0.98
3  2026-01-24 15:06:19       0m 37s  ...                7.29         0.19
4  2026-01-24 15:06:57       0m 35s  ...                0.82         0.02

[5 rows x 22 columns]
             timestamp time_elapsed  ... severity_rate_patch Gradient_sr2
0  2026-01-24 15:04:20       0m 37s  ...                1.27         0.03
1  2026-01-24 15:04:58       0m 36s  ...                3.50         0.09
2  2026-01-24 15:05:35       0m 44s  ...               35.84         0.98
3  2026-01-24 15:06:19       0m 37s  ...                7.29         0.19
4  2026-01-24 15:06:57       0m 35s  ...                0.82         0.02
5  2026-01-24 15:07:32       0m 48s  ...               71.06         1.83

[6 rows x 22 columns]
             timestamp time_elapsed  ... severity_rate_patch Gradient_sr2
0  2026-01-24 15:04:20       0m 37s  ...                1.27         0.03
1  2026-01-24 15:04:58       0m 36s  ...                3.50         0.09
2  2026-01-24 15:05:35       0m 44s  ...               35.84         0.98
3  2026-01-24 15:06:19       0m 37s  ...                7.29         0.19
4  2026-01-24 15:06:57       0m 35s  ...                0.82         0.02
5  2026-01-24 15:07:32       0m 48s  ...               71.06         1.83
6  2026-01-24 15:08:20       0m 37s  ...               10.33         0.29

[7 rows x 22 columns]
             timestamp time_elapsed  ... severity_rate_patch Gradient_sr2
0  2026-01-24 15:04:20       0m 37s  ...                1.27         0.03
1  2026-01-24 15:04:58       0m 36s  ...                3.50         0.09
2  2026-01-24 15:05:35       0m 44s  ...               35.84         0.98
3  2026-01-24 15:06:19       0m 37s  ...                7.29         0.19
4  2026-01-24 15:06:57       0m 35s  ...                0.82         0.02
5  2026-01-24 15:07:32       0m 48s  ...               71.06         1.83
6  2026-01-24 15:08:20       0m 37s  ...               10.33         0.29
7  2026-01-24 15:08:58       0m 38s  ...                9.78         0.23

[8 rows x 22 columns]
             timestamp time_elapsed  ... severity_rate_patch Gradient_sr2
0  2026-01-24 15:04:20       0m 37s  ...                1.27         0.03
1  2026-01-24 15:04:58       0m 36s  ...                3.50         0.09
2  2026-01-24 15:05:35       0m 44s  ...               35.84         0.98
3  2026-01-24 15:06:19       0m 37s  ...                7.29         0.19
4  2026-01-24 15:06:57       0m 35s  ...                0.82         0.02
5  2026-01-24 15:07:32       0m 48s  ...               71.06         1.83
6  2026-01-24 15:08:20       0m 37s  ...               10.33         0.29
7  2026-01-24 15:08:58       0m 38s  ...                9.78         0.23
8  2026-01-24 15:09:36       0m 37s  ...                8.36         0.22

[9 rows x 22 columns]
             timestamp time_elapsed  ... severity_rate_patch Gradient_sr2
0  2026-01-24 15:04:20       0m 37s  ...                1.27         0.03
1  2026-01-24 15:04:58       0m 36s  ...                3.50         0.09
2  2026-01-24 15:05:35       0m 44s  ...               35.84         0.98
3  2026-01-24 15:06:19       0m 37s  ...                7.29         0.19
4  2026-01-24 15:06:57       0m 35s  ...                0.82         0.02
5  2026-01-24 15:07:32       0m 48s  ...               71.06         1.83
6  2026-01-24 15:08:20       0m 37s  ...               10.33         0.29
7  2026-01-24 15:08:58       0m 38s  ...                9.78         0.23
8  2026-01-24 15:09:36       0m 37s  ...                8.36         0.22
9  2026-01-24 15:10:14       0m 42s  ...               47.71         1.28

[10 rows x 22 columns]
              timestamp time_elapsed  ... severity_rate_patch Gradient_sr2
0   2026-01-24 15:04:20       0m 37s  ...                1.27         0.03
1   2026-01-24 15:04:58       0m 36s  ...                3.50         0.09
2   2026-01-24 15:05:35       0m 44s  ...               35.84         0.98
3   2026-01-24 15:06:19       0m 37s  ...                7.29         0.19
4   2026-01-24 15:06:57       0m 35s  ...                0.82         0.02
5   2026-01-24 15:07:32       0m 48s  ...               71.06         1.83
6   2026-01-24 15:08:20       0m 37s  ...               10.33         0.29
7   2026-01-24 15:08:58       0m 38s  ...                9.78         0.23
8   2026-01-24 15:09:36       0m 37s  ...                8.36         0.22
9   2026-01-24 15:10:14       0m 42s  ...               47.71         1.28
10  2026-01-24 15:10:57       0m 34s  ...                7.13         0.16

[11 rows x 22 columns]
              timestamp time_elapsed  ... severity_rate_patch Gradient_sr2
0   2026-01-24 15:04:20       0m 37s  ...                1.27         0.03
1   2026-01-24 15:04:58       0m 36s  ...                3.50         0.09
2   2026-01-24 15:05:35       0m 44s  ...               35.84         0.98
3   2026-01-24 15:06:19       0m 37s  ...                7.29         0.19
4   2026-01-24 15:06:57       0m 35s  ...                0.82         0.02
5   2026-01-24 15:07:32       0m 48s  ...               71.06         1.83
6   2026-01-24 15:08:20       0m 37s  ...               10.33         0.29
7   2026-01-24 15:08:58       0m 38s  ...                9.78         0.23
8   2026-01-24 15:09:36       0m 37s  ...                8.36         0.22
9   2026-01-24 15:10:14       0m 42s  ...               47.71         1.28
10  2026-01-24 15:10:57       0m 34s  ...                7.13         0.16
11  2026-01-24 15:11:31       0m 45s  ...               65.48         1.72

[12 rows x 22 columns]
              timestamp time_elapsed  ... severity_rate_patch Gradient_sr2
0   2026-01-24 15:04:20       0m 37s  ...                1.27         0.03
1   2026-01-24 15:04:58       0m 36s  ...                3.50         0.09
2   2026-01-24 15:05:35       0m 44s  ...               35.84         0.98
3   2026-01-24 15:06:19       0m 37s  ...                7.29         0.19
4   2026-01-24 15:06:57       0m 35s  ...                0.82         0.02
5   2026-01-24 15:07:32       0m 48s  ...               71.06         1.83
6   2026-01-24 15:08:20       0m 37s  ...               10.33         0.29
7   2026-01-24 15:08:58       0m 38s  ...                9.78         0.23
8   2026-01-24 15:09:36       0m 37s  ...                8.36         0.22
9   2026-01-24 15:10:14       0m 42s  ...               47.71         1.28
10  2026-01-24 15:10:57       0m 34s  ...                7.13         0.16
11  2026-01-24 15:11:31       0m 45s  ...               65.48         1.72
12  2026-01-24 15:12:17       0m 34s  ...                1.58         0.03

[13 rows x 22 columns]
              timestamp time_elapsed  ... severity_rate_patch Gradient_sr2
0   2026-01-24 15:04:20       0m 37s  ...                1.27         0.03
1   2026-01-24 15:04:58       0m 36s  ...                3.50         0.09
2   2026-01-24 15:05:35       0m 44s  ...               35.84         0.98
3   2026-01-24 15:06:19       0m 37s  ...                7.29         0.19
4   2026-01-24 15:06:57       0m 35s  ...                0.82         0.02
5   2026-01-24 15:07:32       0m 48s  ...               71.06         1.83
6   2026-01-24 15:08:20       0m 37s  ...               10.33         0.29
7   2026-01-24 15:08:58       0m 38s  ...                9.78         0.23
8   2026-01-24 15:09:36       0m 37s  ...                8.36         0.22
9   2026-01-24 15:10:14       0m 42s  ...               47.71         1.28
10  2026-01-24 15:10:57       0m 34s  ...                7.13         0.16
11  2026-01-24 15:11:31       0m 45s  ...               65.48         1.72
12  2026-01-24 15:12:17       0m 34s  ...                1.58         0.03
13  2026-01-24 15:12:51       0m 40s  ...               29.31         0.67

[14 rows x 22 columns]
              timestamp time_elapsed  ... severity_rate_patch Gradient_sr2
0   2026-01-24 15:04:20       0m 37s  ...                1.27         0.03
1   2026-01-24 15:04:58       0m 36s  ...                3.50         0.09
2   2026-01-24 15:05:35       0m 44s  ...               35.84         0.98
3   2026-01-24 15:06:19       0m 37s  ...                7.29         0.19
4   2026-01-24 15:06:57       0m 35s  ...                0.82         0.02
5   2026-01-24 15:07:32       0m 48s  ...               71.06         1.83
6   2026-01-24 15:08:20       0m 37s  ...               10.33         0.29
7   2026-01-24 15:08:58       0m 38s  ...                9.78         0.23
8   2026-01-24 15:09:36       0m 37s  ...                8.36         0.22
9   2026-01-24 15:10:14       0m 42s  ...               47.71         1.28
10  2026-01-24 15:10:57       0m 34s  ...                7.13         0.16
11  2026-01-24 15:11:31       0m 45s  ...               65.48         1.72
12  2026-01-24 15:12:17       0m 34s  ...                1.58         0.03
13  2026-01-24 15:12:51       0m 40s  ...               29.31         0.67
14  2026-01-24 15:13:31       0m 31s  ...                0.71         0.02

[15 rows x 22 columns]

real	9m50.859s
user	0m0.000s
sys	0m0.000s
