[2026-01-24 17:42:03,196] - [root] - [INFO] - leaf_correlation_mw.py
[2026-01-24 17:42:03,196] - [root] - [INFO] - model_type       : ResNet
[2026-01-24 17:42:03,196] - [root] - [INFO] - pretrained       : True
[2026-01-24 17:42:03,196] - [root] - [INFO] - loading_epoch    : 65
[2026-01-24 17:42:03,197] - [root] - [INFO] - timestamp        : Jan22_10-21-00_2026
[2026-01-24 17:42:03,197] - [root] - [INFO] - outdim           : 2
[2026-01-24 17:42:03,197] - [root] - [INFO] - dual_head        : True
[2026-01-24 17:42:03,197] - [root] - [INFO] - model_path       : ../..
[2026-01-24 17:42:03,197] - [root] - [INFO] - step_size        : 224
[2026-01-24 17:42:03,198] - [root] - [INFO] - means            : [0.541, 0.6371, 0.4188]
[2026-01-24 17:42:03,198] - [root] - [INFO] - stds             : [0.1764, 0.165, 0.2326]
[2026-01-24 17:42:03,198] - [root] - [INFO] - target_class     : 1
[2026-01-24 17:42:03,198] - [root] - [INFO] - contam_control   : False
[2026-01-24 17:42:03,198] - [root] - [INFO] - spor_th          : 0.7
[2026-01-24 17:42:03,198] - [root] - [INFO] - inf_gate         : 0.3
[2026-01-24 17:42:03,198] - [root] - [INFO] - pm               : HPM-1269
[2026-01-24 17:42:03,198] - [root] - [INFO] - mps              : False
[2026-01-24 17:42:03,198] - [root] - [INFO] - cuda             : True
[2026-01-24 17:42:03,198] - [root] - [INFO] - cuda_id          : 0
[2026-01-24 17:42:03,198] - [root] - [INFO] - sal_threshold    : 0.5
[2026-01-24 17:42:03,199] - [root] - [INFO] - up_threshold     : 0.9
[2026-01-24 17:42:03,199] - [root] - [INFO] - down_threshold   : 0.1
[2026-01-24 17:42:03,199] - [root] - [INFO] - dataset_path     : C:/Users/Intel User/Desktop/blackbird_scripts/data/human_disk_assessments
[2026-01-24 17:42:03,199] - [root] - [INFO] - img_folder       : 1-22-2026
[2026-01-24 17:42:03,199] - [root] - [INFO] - platform         : BlackBird
[2026-01-24 17:42:03,199] - [root] - [INFO] - threshold        : ['0.7']
[2026-01-24 17:42:03,199] - [root] - [INFO] - log              : ../../results/logs/random.log
[2026-01-24 17:42:03,199] - [root] - [INFO] - dpi              : 10
[2026-01-24 17:42:03,199] - [root] - [INFO] - group            : baseline
[2026-01-24 17:42:03,199] - [root] - [INFO] - trays            : ['10dpi']
[2026-01-24 17:42:03,200] - [root] - [INFO] - sal_gradcam      : False
[2026-01-24 17:42:03,200] - [root] - [INFO] - sal_gradient     : True
[2026-01-24 17:42:03,200] - [root] - [INFO] - sal_smoothgrad   : False
[2026-01-24 17:42:03,200] - [root] - [INFO] - sal_deeplift     : False
[2026-01-24 17:42:03,200] - [root] - [INFO] - sal_thresh_method : fixed
[2026-01-24 17:42:03,200] - [root] - [INFO] - sal_thresh_p     : 95.0
[2026-01-24 17:42:04,376] - [root] - [INFO] - -------------------------------------------
[2026-01-24 17:42:04,376] - [root] - [INFO] - Processing 1-22-2026 10dpi 046-W2021009-208_R2.png
[2026-01-24 17:42:24,056] - [root] - [INFO] - Finished loading mask: 0m 19s
[2026-01-24 17:42:35,763] - [root] - [INFO] - Finished crop and inference: 0m 31s
[2026-01-24 17:42:37,436] - [root] - [INFO] - Analysis finished: 0m 33s
[2026-01-24 17:42:37,436] - [root] - [INFO] - -------------------------------------------
[2026-01-24 17:42:37,436] - [root] - [INFO] - -------------------------------------------
[2026-01-24 17:42:37,437] - [root] - [INFO] - Processing 1-22-2026 10dpi 151-W2021011-479_R2.png
[2026-01-24 17:43:00,585] - [root] - [INFO] - Finished loading mask: 0m 23s
[2026-01-24 17:43:26,622] - [root] - [INFO] - Finished crop and inference: 0m 49s
[2026-01-24 17:43:28,774] - [root] - [INFO] - Analysis finished: 0m 51s
[2026-01-24 17:43:28,774] - [root] - [INFO] - -------------------------------------------
[2026-01-24 17:43:28,774] - [root] - [INFO] - -------------------------------------------
[2026-01-24 17:43:28,774] - [root] - [INFO] - Processing 1-22-2026 10dpi 152-W2021010-301_R2.png
[2026-01-24 17:43:52,370] - [root] - [INFO] - Finished loading mask: 0m 23s
[2026-01-24 17:44:02,585] - [root] - [INFO] - Finished crop and inference: 0m 33s
[2026-01-24 17:44:04,102] - [root] - [INFO] - Analysis finished: 0m 35s
[2026-01-24 17:44:04,102] - [root] - [INFO] - -------------------------------------------
[2026-01-24 17:44:04,102] - [root] - [INFO] - -------------------------------------------
[2026-01-24 17:44:04,102] - [root] - [INFO] - Processing 1-22-2026 10dpi 152-W2021011-479_R1.png
[2026-01-24 17:44:25,042] - [root] - [INFO] - Finished loading mask: 0m 20s
[2026-01-24 17:44:41,350] - [root] - [INFO] - Finished crop and inference: 0m 37s
[2026-01-24 17:44:43,224] - [root] - [INFO] - Analysis finished: 0m 39s
[2026-01-24 17:44:43,224] - [root] - [INFO] - -------------------------------------------
[2026-01-24 17:44:43,224] - [root] - [INFO] - -------------------------------------------
[2026-01-24 17:44:43,224] - [root] - [INFO] - Processing 1-22-2026 10dpi 162-W2021011-551_R2.png
[2026-01-24 17:45:06,681] - [root] - [INFO] - Finished loading mask: 0m 23s
[2026-01-24 17:45:29,670] - [root] - [INFO] - Finished crop and inference: 0m 46s
[2026-01-24 17:45:31,519] - [root] - [INFO] - Analysis finished: 0m 48s
[2026-01-24 17:45:31,520] - [root] - [INFO] - -------------------------------------------
[2026-01-24 17:45:31,520] - [root] - [INFO] - -------------------------------------------
[2026-01-24 17:45:31,520] - [root] - [INFO] - Processing 1-22-2026 10dpi 166-W2021006-123_R1.png
[2026-01-24 17:45:56,010] - [root] - [INFO] - Finished loading mask: 0m 24s
[2026-01-24 17:46:06,348] - [root] - [INFO] - Finished crop and inference: 0m 34s
[2026-01-24 17:46:08,305] - [root] - [INFO] - Analysis finished: 0m 36s
[2026-01-24 17:46:08,306] - [root] - [INFO] - -------------------------------------------
[2026-01-24 17:46:08,306] - [root] - [INFO] - -------------------------------------------
[2026-01-24 17:46:08,306] - [root] - [INFO] - Processing 1-22-2026 10dpi 166-W2021006-146_R1.png
[2026-01-24 17:46:30,571] - [root] - [INFO] - Finished loading mask: 0m 22s
[2026-01-24 17:46:49,617] - [root] - [INFO] - Finished crop and inference: 0m 41s
[2026-01-24 17:46:51,285] - [root] - [INFO] - Analysis finished: 0m 42s
[2026-01-24 17:46:51,286] - [root] - [INFO] - -------------------------------------------
[2026-01-24 17:46:51,286] - [root] - [INFO] - -------------------------------------------
[2026-01-24 17:46:51,286] - [root] - [INFO] - Processing 1-22-2026 10dpi 166-W2021006-146_R2.png
[2026-01-24 17:47:13,475] - [root] - [INFO] - Finished loading mask: 0m 22s
[2026-01-24 17:47:25,760] - [root] - [INFO] - Finished crop and inference: 0m 34s
[2026-01-24 17:47:27,268] - [root] - [INFO] - Analysis finished: 0m 35s
[2026-01-24 17:47:27,268] - [root] - [INFO] - -------------------------------------------
[2026-01-24 17:47:27,268] - [root] - [INFO] - -------------------------------------------
[2026-01-24 17:47:27,268] - [root] - [INFO] - Processing 1-22-2026 10dpi 171-W2021011-584_R1.png
[2026-01-24 17:47:49,533] - [root] - [INFO] - Finished loading mask: 0m 22s
[2026-01-24 17:48:13,751] - [root] - [INFO] - Finished crop and inference: 0m 46s
[2026-01-24 17:48:15,595] - [root] - [INFO] - Analysis finished: 0m 48s
[2026-01-24 17:48:15,595] - [root] - [INFO] - -------------------------------------------
[2026-01-24 17:48:15,595] - [root] - [INFO] - -------------------------------------------
[2026-01-24 17:48:15,595] - [root] - [INFO] - Processing 1-22-2026 10dpi 181-W2021009-295_R2.png
[2026-01-24 17:48:39,149] - [root] - [INFO] - Finished loading mask: 0m 23s
[2026-01-24 17:48:55,255] - [root] - [INFO] - Finished crop and inference: 0m 39s
[2026-01-24 17:48:56,820] - [root] - [INFO] - Analysis finished: 0m 41s
[2026-01-24 17:48:56,820] - [root] - [INFO] - -------------------------------------------
[2026-01-24 17:48:56,820] - [root] - [INFO] - -------------------------------------------
[2026-01-24 17:48:56,820] - [root] - [INFO] - Processing 1-22-2026 10dpi 182-W2021009-251_R1.png
[2026-01-24 17:49:18,659] - [root] - [INFO] - Finished loading mask: 0m 21s
[2026-01-24 17:49:29,632] - [root] - [INFO] - Finished crop and inference: 0m 32s
[2026-01-24 17:49:31,193] - [root] - [INFO] - Analysis finished: 0m 34s
[2026-01-24 17:49:31,193] - [root] - [INFO] - -------------------------------------------
[2026-01-24 17:49:31,193] - [root] - [INFO] - -------------------------------------------
[2026-01-24 17:49:31,193] - [root] - [INFO] - Processing 1-22-2026 10dpi 192-W2021010-449_R2.png
[2026-01-24 17:49:52,030] - [root] - [INFO] - Finished loading mask: 0m 20s
[2026-01-24 17:50:10,584] - [root] - [INFO] - Finished crop and inference: 0m 39s
[2026-01-24 17:50:12,141] - [root] - [INFO] - Analysis finished: 0m 40s
[2026-01-24 17:50:12,141] - [root] - [INFO] - -------------------------------------------
[2026-01-24 17:50:12,141] - [root] - [INFO] - -------------------------------------------
[2026-01-24 17:50:12,141] - [root] - [INFO] - Processing 1-22-2026 10dpi 206-W2021009-271_R2.png
[2026-01-24 17:50:33,739] - [root] - [INFO] - Finished loading mask: 0m 21s
[2026-01-24 17:50:56,830] - [root] - [INFO] - Finished crop and inference: 0m 44s
[2026-01-24 17:50:58,455] - [root] - [INFO] - Analysis finished: 0m 46s
[2026-01-24 17:50:58,455] - [root] - [INFO] - -------------------------------------------
[2026-01-24 17:50:58,455] - [root] - [INFO] - -------------------------------------------
[2026-01-24 17:50:58,455] - [root] - [INFO] - Processing 1-22-2026 10dpi 207-W2021009-271_R1.png
[2026-01-24 17:51:20,507] - [root] - [INFO] - Finished loading mask: 0m 22s
[2026-01-24 17:51:33,493] - [root] - [INFO] - Finished crop and inference: 0m 35s
[2026-01-24 17:51:35,198] - [root] - [INFO] - Analysis finished: 0m 36s
[2026-01-24 17:51:35,198] - [root] - [INFO] - -------------------------------------------
[2026-01-24 17:51:35,199] - [root] - [INFO] - -------------------------------------------
[2026-01-24 17:51:35,199] - [root] - [INFO] - Processing 1-22-2026 10dpi 233-W2021006-607_R1.png
[2026-01-24 17:51:54,714] - [root] - [INFO] - Finished loading mask: 0m 19s
[2026-01-24 17:52:06,098] - [root] - [INFO] - Finished crop and inference: 0m 30s
[2026-01-24 17:52:07,716] - [root] - [INFO] - Analysis finished: 0m 32s
[2026-01-24 17:52:07,716] - [root] - [INFO] - -------------------------------------------
[2026-01-24 17:52:07,737] - [root] - [INFO] - Saved C:\Users\Intel User\Desktop\blackbird_scripts\data\Results\ResNet_upth0.9_downth0.1_Jan22_10-21-00_2026\1-22-2026\th_0.7\severity_rate_tray_10dpi_u0.9_d0.1_ig0.3_sp0.7_20260124_175135.csv
             timestamp time_elapsed  ... severity_rate_patch Gradient_sr2
0  2026-01-24 17:42:04       0m 33s  ...                3.91          0.1

[1 rows x 26 columns]
             timestamp time_elapsed  ... severity_rate_patch Gradient_sr2
0  2026-01-24 17:42:04       0m 33s  ...                3.91         0.10
1  2026-01-24 17:42:37       0m 51s  ...               99.36         3.03

[2 rows x 26 columns]
             timestamp time_elapsed  ... severity_rate_patch Gradient_sr2
0  2026-01-24 17:42:04       0m 33s  ...                3.91         0.10
1  2026-01-24 17:42:37       0m 51s  ...               99.36         3.03
2  2026-01-24 17:43:28       0m 35s  ...                1.28         0.03

[3 rows x 26 columns]
             timestamp time_elapsed  ... severity_rate_patch Gradient_sr2
0  2026-01-24 17:42:04       0m 33s  ...                3.91         0.10
1  2026-01-24 17:42:37       0m 51s  ...               99.36         3.03
2  2026-01-24 17:43:28       0m 35s  ...                1.28         0.03
3  2026-01-24 17:44:04       0m 39s  ...               43.65         1.23

[4 rows x 26 columns]
             timestamp time_elapsed  ... severity_rate_patch Gradient_sr2
0  2026-01-24 17:42:04       0m 33s  ...                3.91         0.10
1  2026-01-24 17:42:37       0m 51s  ...               99.36         3.03
2  2026-01-24 17:43:28       0m 35s  ...                1.28         0.03
3  2026-01-24 17:44:04       0m 39s  ...               43.65         1.23
4  2026-01-24 17:44:43       0m 48s  ...               84.09         2.32

[5 rows x 26 columns]
             timestamp time_elapsed  ... severity_rate_patch Gradient_sr2
0  2026-01-24 17:42:04       0m 33s  ...                3.91         0.10
1  2026-01-24 17:42:37       0m 51s  ...               99.36         3.03
2  2026-01-24 17:43:28       0m 35s  ...                1.28         0.03
3  2026-01-24 17:44:04       0m 39s  ...               43.65         1.23
4  2026-01-24 17:44:43       0m 48s  ...               84.09         2.32
5  2026-01-24 17:45:31       0m 36s  ...                0.69         0.02

[6 rows x 26 columns]
             timestamp time_elapsed  ... severity_rate_patch Gradient_sr2
0  2026-01-24 17:42:04       0m 33s  ...                3.91         0.10
1  2026-01-24 17:42:37       0m 51s  ...               99.36         3.03
2  2026-01-24 17:43:28       0m 35s  ...                1.28         0.03
3  2026-01-24 17:44:04       0m 39s  ...               43.65         1.23
4  2026-01-24 17:44:43       0m 48s  ...               84.09         2.32
5  2026-01-24 17:45:31       0m 36s  ...                0.69         0.02
6  2026-01-24 17:46:08       0m 42s  ...               53.75         1.48

[7 rows x 26 columns]
             timestamp time_elapsed  ... severity_rate_patch Gradient_sr2
0  2026-01-24 17:42:04       0m 33s  ...                3.91         0.10
1  2026-01-24 17:42:37       0m 51s  ...               99.36         3.03
2  2026-01-24 17:43:28       0m 35s  ...                1.28         0.03
3  2026-01-24 17:44:04       0m 39s  ...               43.65         1.23
4  2026-01-24 17:44:43       0m 48s  ...               84.09         2.32
5  2026-01-24 17:45:31       0m 36s  ...                0.69         0.02
6  2026-01-24 17:46:08       0m 42s  ...               53.75         1.48
7  2026-01-24 17:46:51       0m 35s  ...               16.22         0.41

[8 rows x 26 columns]
             timestamp time_elapsed  ... severity_rate_patch Gradient_sr2
0  2026-01-24 17:42:04       0m 33s  ...                3.91         0.10
1  2026-01-24 17:42:37       0m 51s  ...               99.36         3.03
2  2026-01-24 17:43:28       0m 35s  ...                1.28         0.03
3  2026-01-24 17:44:04       0m 39s  ...               43.65         1.23
4  2026-01-24 17:44:43       0m 48s  ...               84.09         2.32
5  2026-01-24 17:45:31       0m 36s  ...                0.69         0.02
6  2026-01-24 17:46:08       0m 42s  ...               53.75         1.48
7  2026-01-24 17:46:51       0m 35s  ...               16.22         0.41
8  2026-01-24 17:47:27       0m 48s  ...               70.27         1.84

[9 rows x 26 columns]
             timestamp time_elapsed  ... severity_rate_patch Gradient_sr2
0  2026-01-24 17:42:04       0m 33s  ...                3.91         0.10
1  2026-01-24 17:42:37       0m 51s  ...               99.36         3.03
2  2026-01-24 17:43:28       0m 35s  ...                1.28         0.03
3  2026-01-24 17:44:04       0m 39s  ...               43.65         1.23
4  2026-01-24 17:44:43       0m 48s  ...               84.09         2.32
5  2026-01-24 17:45:31       0m 36s  ...                0.69         0.02
6  2026-01-24 17:46:08       0m 42s  ...               53.75         1.48
7  2026-01-24 17:46:51       0m 35s  ...               16.22         0.41
8  2026-01-24 17:47:27       0m 48s  ...               70.27         1.84
9  2026-01-24 17:48:15       0m 41s  ...               26.66         0.69

[10 rows x 26 columns]
              timestamp time_elapsed  ... severity_rate_patch Gradient_sr2
0   2026-01-24 17:42:04       0m 33s  ...                3.91         0.10
1   2026-01-24 17:42:37       0m 51s  ...               99.36         3.03
2   2026-01-24 17:43:28       0m 35s  ...                1.28         0.03
3   2026-01-24 17:44:04       0m 39s  ...               43.65         1.23
4   2026-01-24 17:44:43       0m 48s  ...               84.09         2.32
5   2026-01-24 17:45:31       0m 36s  ...                0.69         0.02
6   2026-01-24 17:46:08       0m 42s  ...               53.75         1.48
7   2026-01-24 17:46:51       0m 35s  ...               16.22         0.41
8   2026-01-24 17:47:27       0m 48s  ...               70.27         1.84
9   2026-01-24 17:48:15       0m 41s  ...               26.66         0.69
10  2026-01-24 17:48:56       0m 34s  ...                6.39         0.16

[11 rows x 26 columns]
              timestamp time_elapsed  ... severity_rate_patch Gradient_sr2
0   2026-01-24 17:42:04       0m 33s  ...                3.91         0.10
1   2026-01-24 17:42:37       0m 51s  ...               99.36         3.03
2   2026-01-24 17:43:28       0m 35s  ...                1.28         0.03
3   2026-01-24 17:44:04       0m 39s  ...               43.65         1.23
4   2026-01-24 17:44:43       0m 48s  ...               84.09         2.32
5   2026-01-24 17:45:31       0m 36s  ...                0.69         0.02
6   2026-01-24 17:46:08       0m 42s  ...               53.75         1.48
7   2026-01-24 17:46:51       0m 35s  ...               16.22         0.41
8   2026-01-24 17:47:27       0m 48s  ...               70.27         1.84
9   2026-01-24 17:48:15       0m 41s  ...               26.66         0.69
10  2026-01-24 17:48:56       0m 34s  ...                6.39         0.16
11  2026-01-24 17:49:31       0m 40s  ...               67.99         1.84

[12 rows x 26 columns]
              timestamp time_elapsed  ... severity_rate_patch Gradient_sr2
0   2026-01-24 17:42:04       0m 33s  ...                3.91         0.10
1   2026-01-24 17:42:37       0m 51s  ...               99.36         3.03
2   2026-01-24 17:43:28       0m 35s  ...                1.28         0.03
3   2026-01-24 17:44:04       0m 39s  ...               43.65         1.23
4   2026-01-24 17:44:43       0m 48s  ...               84.09         2.32
5   2026-01-24 17:45:31       0m 36s  ...                0.69         0.02
6   2026-01-24 17:46:08       0m 42s  ...               53.75         1.48
7   2026-01-24 17:46:51       0m 35s  ...               16.22         0.41
8   2026-01-24 17:47:27       0m 48s  ...               70.27         1.84
9   2026-01-24 17:48:15       0m 41s  ...               26.66         0.69
10  2026-01-24 17:48:56       0m 34s  ...                6.39         0.16
11  2026-01-24 17:49:31       0m 40s  ...               67.99         1.84
12  2026-01-24 17:50:12       0m 46s  ...               84.59         2.38

[13 rows x 26 columns]
              timestamp time_elapsed  ... severity_rate_patch Gradient_sr2
0   2026-01-24 17:42:04       0m 33s  ...                3.91         0.10
1   2026-01-24 17:42:37       0m 51s  ...               99.36         3.03
2   2026-01-24 17:43:28       0m 35s  ...                1.28         0.03
3   2026-01-24 17:44:04       0m 39s  ...               43.65         1.23
4   2026-01-24 17:44:43       0m 48s  ...               84.09         2.32
5   2026-01-24 17:45:31       0m 36s  ...                0.69         0.02
6   2026-01-24 17:46:08       0m 42s  ...               53.75         1.48
7   2026-01-24 17:46:51       0m 35s  ...               16.22         0.41
8   2026-01-24 17:47:27       0m 48s  ...               70.27         1.84
9   2026-01-24 17:48:15       0m 41s  ...               26.66         0.69
10  2026-01-24 17:48:56       0m 34s  ...                6.39         0.16
11  2026-01-24 17:49:31       0m 40s  ...               67.99         1.84
12  2026-01-24 17:50:12       0m 46s  ...               84.59         2.38
13  2026-01-24 17:50:58       0m 36s  ...               40.38         1.06

[14 rows x 26 columns]
              timestamp time_elapsed  ... severity_rate_patch Gradient_sr2
0   2026-01-24 17:42:04       0m 33s  ...                3.91         0.10
1   2026-01-24 17:42:37       0m 51s  ...               99.36         3.03
2   2026-01-24 17:43:28       0m 35s  ...                1.28         0.03
3   2026-01-24 17:44:04       0m 39s  ...               43.65         1.23
4   2026-01-24 17:44:43       0m 48s  ...               84.09         2.32
5   2026-01-24 17:45:31       0m 36s  ...                0.69         0.02
6   2026-01-24 17:46:08       0m 42s  ...               53.75         1.48
7   2026-01-24 17:46:51       0m 35s  ...               16.22         0.41
8   2026-01-24 17:47:27       0m 48s  ...               70.27         1.84
9   2026-01-24 17:48:15       0m 41s  ...               26.66         0.69
10  2026-01-24 17:48:56       0m 34s  ...                6.39         0.16
11  2026-01-24 17:49:31       0m 40s  ...               67.99         1.84
12  2026-01-24 17:50:12       0m 46s  ...               84.59         2.38
13  2026-01-24 17:50:58       0m 36s  ...               40.38         1.06
14  2026-01-24 17:51:35       0m 32s  ...               20.37         0.48

[15 rows x 26 columns]

real	10m12.418s
user	0m0.015s
sys	0m0.000s
