[2026-01-23 21:46:32,462] - [root] - [INFO] - leaf_correlation_mw.py
[2026-01-23 21:46:32,462] - [root] - [INFO] - model_type       : ResNet
[2026-01-23 21:46:32,462] - [root] - [INFO] - pretrained       : True
[2026-01-23 21:46:32,462] - [root] - [INFO] - loading_epoch    : 65
[2026-01-23 21:46:32,462] - [root] - [INFO] - timestamp        : Jan22_10-21-00_2026
[2026-01-23 21:46:32,463] - [root] - [INFO] - outdim           : 2
[2026-01-23 21:46:32,463] - [root] - [INFO] - dual_head        : True
[2026-01-23 21:46:32,463] - [root] - [INFO] - model_path       : ../..
[2026-01-23 21:46:32,463] - [root] - [INFO] - step_size        : 224
[2026-01-23 21:46:32,463] - [root] - [INFO] - means            : [0.541, 0.6371, 0.4188]
[2026-01-23 21:46:32,463] - [root] - [INFO] - stds             : [0.1764, 0.165, 0.2326]
[2026-01-23 21:46:32,463] - [root] - [INFO] - target_class     : 1
[2026-01-23 21:46:32,463] - [root] - [INFO] - contam_control   : False
[2026-01-23 21:46:32,463] - [root] - [INFO] - spor_th          : 0.9
[2026-01-23 21:46:32,463] - [root] - [INFO] - inf_gate         : 0.6
[2026-01-23 21:46:32,464] - [root] - [INFO] - pm               : HPM-1269
[2026-01-23 21:46:32,464] - [root] - [INFO] - mps              : False
[2026-01-23 21:46:32,464] - [root] - [INFO] - cuda             : True
[2026-01-23 21:46:32,464] - [root] - [INFO] - cuda_id          : 0
[2026-01-23 21:46:32,464] - [root] - [INFO] - sal_threshold    : 0.5
[2026-01-23 21:46:32,464] - [root] - [INFO] - up_threshold     : 0.9
[2026-01-23 21:46:32,464] - [root] - [INFO] - down_threshold   : 0.3
[2026-01-23 21:46:32,464] - [root] - [INFO] - dataset_path     : C:/Users/Intel User/Desktop/blackbird_scripts/data/human_disk_assessments
[2026-01-23 21:46:32,464] - [root] - [INFO] - img_folder       : 1-22-2026
[2026-01-23 21:46:32,464] - [root] - [INFO] - platform         : BlackBird
[2026-01-23 21:46:32,464] - [root] - [INFO] - threshold        : ['0.7']
[2026-01-23 21:46:32,464] - [root] - [INFO] - log              : ../../results/logs/random.log
[2026-01-23 21:46:32,464] - [root] - [INFO] - dpi              : 10
[2026-01-23 21:46:32,464] - [root] - [INFO] - group            : baseline
[2026-01-23 21:46:32,464] - [root] - [INFO] - trays            : ['10dpi']
[2026-01-23 21:46:32,464] - [root] - [INFO] - sal_gradcam      : False
[2026-01-23 21:46:32,464] - [root] - [INFO] - sal_gradient     : True
[2026-01-23 21:46:32,465] - [root] - [INFO] - sal_smoothgrad   : False
[2026-01-23 21:46:32,465] - [root] - [INFO] - sal_deeplift     : False
[2026-01-23 21:46:32,465] - [root] - [INFO] - sal_thresh_method : fixed
[2026-01-23 21:46:32,465] - [root] - [INFO] - sal_thresh_p     : 95.0
[2026-01-23 21:46:33,429] - [root] - [INFO] - -------------------------------------------
[2026-01-23 21:46:33,429] - [root] - [INFO] - Processing 1-22-2026 10dpi 013-W2021011-633_R2.png
[2026-01-23 21:46:49,715] - [root] - [INFO] - Finished loading mask: 0m 16s
[2026-01-23 21:47:01,967] - [root] - [INFO] - Finished crop and inference: 0m 28s
[2026-01-23 21:47:03,317] - [root] - [INFO] - Analysis finished: 0m 29s
[2026-01-23 21:47:03,318] - [root] - [INFO] - -------------------------------------------
[2026-01-23 21:47:03,318] - [root] - [INFO] - -------------------------------------------
[2026-01-23 21:47:03,318] - [root] - [INFO] - Processing 1-22-2026 10dpi 026-W2021010-346_R2.png
[2026-01-23 21:47:19,162] - [root] - [INFO] - Finished loading mask: 0m 15s
[2026-01-23 21:47:27,648] - [root] - [INFO] - Finished crop and inference: 0m 24s
[2026-01-23 21:47:29,116] - [root] - [INFO] - Analysis finished: 0m 25s
[2026-01-23 21:47:29,117] - [root] - [INFO] - -------------------------------------------
[2026-01-23 21:47:29,117] - [root] - [INFO] - -------------------------------------------
[2026-01-23 21:47:29,117] - [root] - [INFO] - Processing 1-22-2026 10dpi 042-W2021006-015_R1.png
[2026-01-23 21:47:45,086] - [root] - [INFO] - Finished loading mask: 0m 15s
[2026-01-23 21:47:55,722] - [root] - [INFO] - Finished crop and inference: 0m 26s
[2026-01-23 21:47:57,131] - [root] - [INFO] - Analysis finished: 0m 28s
[2026-01-23 21:47:57,131] - [root] - [INFO] - -------------------------------------------
[2026-01-23 21:47:57,131] - [root] - [INFO] - -------------------------------------------
[2026-01-23 21:47:57,132] - [root] - [INFO] - Processing 1-22-2026 10dpi 057-W2021011-504_R2.png
[2026-01-23 21:48:12,475] - [root] - [INFO] - Finished loading mask: 0m 15s
[2026-01-23 21:48:20,501] - [root] - [INFO] - Finished crop and inference: 0m 23s
[2026-01-23 21:48:21,976] - [root] - [INFO] - Analysis finished: 0m 24s
[2026-01-23 21:48:21,976] - [root] - [INFO] - -------------------------------------------
[2026-01-23 21:48:21,976] - [root] - [INFO] - -------------------------------------------
[2026-01-23 21:48:21,976] - [root] - [INFO] - Processing 1-22-2026 10dpi 069-W2021011-574_R1.png
[2026-01-23 21:48:37,653] - [root] - [INFO] - Finished loading mask: 0m 15s
[2026-01-23 21:48:47,511] - [root] - [INFO] - Finished crop and inference: 0m 25s
[2026-01-23 21:48:48,912] - [root] - [INFO] - Analysis finished: 0m 26s
[2026-01-23 21:48:48,912] - [root] - [INFO] - -------------------------------------------
[2026-01-23 21:48:48,912] - [root] - [INFO] - -------------------------------------------
[2026-01-23 21:48:48,912] - [root] - [INFO] - Processing 1-22-2026 10dpi 095-W2021009-283_R1.png
[2026-01-23 21:49:04,955] - [root] - [INFO] - Finished loading mask: 0m 16s
[2026-01-23 21:49:12,565] - [root] - [INFO] - Finished crop and inference: 0m 23s
[2026-01-23 21:49:13,888] - [root] - [INFO] - Analysis finished: 0m 24s
[2026-01-23 21:49:13,888] - [root] - [INFO] - -------------------------------------------
[2026-01-23 21:49:13,888] - [root] - [INFO] - -------------------------------------------
[2026-01-23 21:49:13,888] - [root] - [INFO] - Processing 1-22-2026 10dpi 103-W2021011-591_R2.png
[2026-01-23 21:49:31,197] - [root] - [INFO] - Finished loading mask: 0m 17s
[2026-01-23 21:49:44,575] - [root] - [INFO] - Finished crop and inference: 0m 30s
[2026-01-23 21:49:45,868] - [root] - [INFO] - Analysis finished: 0m 31s
[2026-01-23 21:49:45,868] - [root] - [INFO] - -------------------------------------------
[2026-01-23 21:49:45,868] - [root] - [INFO] - -------------------------------------------
[2026-01-23 21:49:45,868] - [root] - [INFO] - Processing 1-22-2026 10dpi 115-W2021011-638_R1.png
[2026-01-23 21:50:02,593] - [root] - [INFO] - Finished loading mask: 0m 16s
[2026-01-23 21:50:17,392] - [root] - [INFO] - Finished crop and inference: 0m 31s
[2026-01-23 21:50:18,689] - [root] - [INFO] - Analysis finished: 0m 32s
[2026-01-23 21:50:18,690] - [root] - [INFO] - -------------------------------------------
[2026-01-23 21:50:18,690] - [root] - [INFO] - -------------------------------------------
[2026-01-23 21:50:18,690] - [root] - [INFO] - Processing 1-22-2026 10dpi 124-W2021009-278_R1.png
[2026-01-23 21:50:36,039] - [root] - [INFO] - Finished loading mask: 0m 17s
[2026-01-23 21:50:48,243] - [root] - [INFO] - Finished crop and inference: 0m 29s
[2026-01-23 21:50:49,509] - [root] - [INFO] - Analysis finished: 0m 30s
[2026-01-23 21:50:49,509] - [root] - [INFO] - -------------------------------------------
[2026-01-23 21:50:49,509] - [root] - [INFO] - -------------------------------------------
[2026-01-23 21:50:49,509] - [root] - [INFO] - Processing 1-22-2026 10dpi 162-W2021011-551_R2.png
[2026-01-23 21:51:05,874] - [root] - [INFO] - Finished loading mask: 0m 16s
[2026-01-23 21:51:24,975] - [root] - [INFO] - Finished crop and inference: 0m 35s
[2026-01-23 21:51:26,445] - [root] - [INFO] - Analysis finished: 0m 36s
[2026-01-23 21:51:26,445] - [root] - [INFO] - -------------------------------------------
[2026-01-23 21:51:26,445] - [root] - [INFO] - -------------------------------------------
[2026-01-23 21:51:26,446] - [root] - [INFO] - Processing 1-22-2026 10dpi 172-W2021009-156_R2.png
[2026-01-23 21:51:42,178] - [root] - [INFO] - Finished loading mask: 0m 15s
[2026-01-23 21:51:49,748] - [root] - [INFO] - Finished crop and inference: 0m 23s
[2026-01-23 21:51:51,226] - [root] - [INFO] - Analysis finished: 0m 24s
[2026-01-23 21:51:51,227] - [root] - [INFO] - -------------------------------------------
[2026-01-23 21:51:51,227] - [root] - [INFO] - -------------------------------------------
[2026-01-23 21:51:51,227] - [root] - [INFO] - Processing 1-22-2026 10dpi 182-W2021009-251_R1.png
[2026-01-23 21:52:07,304] - [root] - [INFO] - Finished loading mask: 0m 16s
[2026-01-23 21:52:16,575] - [root] - [INFO] - Finished crop and inference: 0m 25s
[2026-01-23 21:52:17,993] - [root] - [INFO] - Analysis finished: 0m 26s
[2026-01-23 21:52:17,993] - [root] - [INFO] - -------------------------------------------
[2026-01-23 21:52:17,994] - [root] - [INFO] - -------------------------------------------
[2026-01-23 21:52:17,994] - [root] - [INFO] - Processing 1-22-2026 10dpi 194-W2021010-339_R2.png
[2026-01-23 21:52:34,808] - [root] - [INFO] - Finished loading mask: 0m 16s
[2026-01-23 21:52:42,607] - [root] - [INFO] - Finished crop and inference: 0m 24s
[2026-01-23 21:52:43,885] - [root] - [INFO] - Analysis finished: 0m 25s
[2026-01-23 21:52:43,885] - [root] - [INFO] - -------------------------------------------
[2026-01-23 21:52:43,885] - [root] - [INFO] - -------------------------------------------
[2026-01-23 21:52:43,885] - [root] - [INFO] - Processing 1-22-2026 10dpi 215-W2021006-045_R1.png
[2026-01-23 21:53:00,893] - [root] - [INFO] - Finished loading mask: 0m 17s
[2026-01-23 21:53:16,933] - [root] - [INFO] - Finished crop and inference: 0m 33s
[2026-01-23 21:53:18,192] - [root] - [INFO] - Analysis finished: 0m 34s
[2026-01-23 21:53:18,193] - [root] - [INFO] - -------------------------------------------
[2026-01-23 21:53:18,193] - [root] - [INFO] - -------------------------------------------
[2026-01-23 21:53:18,193] - [root] - [INFO] - Processing 1-22-2026 10dpi 262-W2021009-187_R2.png
[2026-01-23 21:53:32,497] - [root] - [INFO] - Finished loading mask: 0m 14s
[2026-01-23 21:53:48,203] - [root] - [INFO] - Finished crop and inference: 0m 30s
[2026-01-23 21:53:49,473] - [root] - [INFO] - Analysis finished: 0m 31s
[2026-01-23 21:53:49,473] - [root] - [INFO] - -------------------------------------------
[2026-01-23 21:53:49,479] - [root] - [INFO] - Saved C:\Users\Intel User\Desktop\blackbird_scripts\data\Results\ResNet_upth0.9_downth0.3_Jan22_10-21-00_2026\1-22-2026\th_0.7\severity_rate_tray_10dpi_u0.9_d0.3_ig0.6_sp0.9.csv
             timestamp time_elapsed  ... severity_rate_patch Gradient_sr2
0  2026-01-23 21:46:33       0m 29s  ...               28.44         0.79

[1 rows x 24 columns]
             timestamp time_elapsed  ... severity_rate_patch Gradient_sr2
0  2026-01-23 21:46:33       0m 29s  ...               28.44         0.79
1  2026-01-23 21:47:03       0m 25s  ...                0.14         0.00

[2 rows x 24 columns]
             timestamp time_elapsed  ... severity_rate_patch Gradient_sr2
0  2026-01-23 21:46:33       0m 29s  ...               28.44         0.79
1  2026-01-23 21:47:03       0m 25s  ...                0.14         0.00
2  2026-01-23 21:47:29       0m 27s  ...               21.74         0.56

[3 rows x 24 columns]
             timestamp time_elapsed  ... severity_rate_patch Gradient_sr2
0  2026-01-23 21:46:33       0m 29s  ...               28.44         0.79
1  2026-01-23 21:47:03       0m 25s  ...                0.14         0.00
2  2026-01-23 21:47:29       0m 27s  ...               21.74         0.56
3  2026-01-23 21:47:57       0m 24s  ...                1.43         0.04

[4 rows x 24 columns]
             timestamp time_elapsed  ... severity_rate_patch Gradient_sr2
0  2026-01-23 21:46:33       0m 29s  ...               28.44         0.79
1  2026-01-23 21:47:03       0m 25s  ...                0.14         0.00
2  2026-01-23 21:47:29       0m 27s  ...               21.74         0.56
3  2026-01-23 21:47:57       0m 24s  ...                1.43         0.04
4  2026-01-23 21:48:21       0m 26s  ...               13.24         0.39

[5 rows x 24 columns]
             timestamp time_elapsed  ... severity_rate_patch Gradient_sr2
0  2026-01-23 21:46:33       0m 29s  ...               28.44         0.79
1  2026-01-23 21:47:03       0m 25s  ...                0.14         0.00
2  2026-01-23 21:47:29       0m 27s  ...               21.74         0.56
3  2026-01-23 21:47:57       0m 24s  ...                1.43         0.04
4  2026-01-23 21:48:21       0m 26s  ...               13.24         0.39
5  2026-01-23 21:48:48       0m 24s  ...                5.04         0.12

[6 rows x 24 columns]
             timestamp time_elapsed  ... severity_rate_patch Gradient_sr2
0  2026-01-23 21:46:33       0m 29s  ...               28.44         0.79
1  2026-01-23 21:47:03       0m 25s  ...                0.14         0.00
2  2026-01-23 21:47:29       0m 27s  ...               21.74         0.56
3  2026-01-23 21:47:57       0m 24s  ...                1.43         0.04
4  2026-01-23 21:48:21       0m 26s  ...               13.24         0.39
5  2026-01-23 21:48:48       0m 24s  ...                5.04         0.12
6  2026-01-23 21:49:13       0m 31s  ...               49.29         1.42

[7 rows x 24 columns]
             timestamp time_elapsed  ... severity_rate_patch Gradient_sr2
0  2026-01-23 21:46:33       0m 29s  ...               28.44         0.79
1  2026-01-23 21:47:03       0m 25s  ...                0.14         0.00
2  2026-01-23 21:47:29       0m 27s  ...               21.74         0.56
3  2026-01-23 21:47:57       0m 24s  ...                1.43         0.04
4  2026-01-23 21:48:21       0m 26s  ...               13.24         0.39
5  2026-01-23 21:48:48       0m 24s  ...                5.04         0.12
6  2026-01-23 21:49:13       0m 31s  ...               49.29         1.42
7  2026-01-23 21:49:45       0m 32s  ...               54.20         1.46

[8 rows x 24 columns]
             timestamp time_elapsed  ... severity_rate_patch Gradient_sr2
0  2026-01-23 21:46:33       0m 29s  ...               28.44         0.79
1  2026-01-23 21:47:03       0m 25s  ...                0.14         0.00
2  2026-01-23 21:47:29       0m 27s  ...               21.74         0.56
3  2026-01-23 21:47:57       0m 24s  ...                1.43         0.04
4  2026-01-23 21:48:21       0m 26s  ...               13.24         0.39
5  2026-01-23 21:48:48       0m 24s  ...                5.04         0.12
6  2026-01-23 21:49:13       0m 31s  ...               49.29         1.42
7  2026-01-23 21:49:45       0m 32s  ...               54.20         1.46
8  2026-01-23 21:50:18       0m 30s  ...               43.83         1.24

[9 rows x 24 columns]
             timestamp time_elapsed  ... severity_rate_patch Gradient_sr2
0  2026-01-23 21:46:33       0m 29s  ...               28.44         0.79
1  2026-01-23 21:47:03       0m 25s  ...                0.14         0.00
2  2026-01-23 21:47:29       0m 27s  ...               21.74         0.56
3  2026-01-23 21:47:57       0m 24s  ...                1.43         0.04
4  2026-01-23 21:48:21       0m 26s  ...               13.24         0.39
5  2026-01-23 21:48:48       0m 24s  ...                5.04         0.12
6  2026-01-23 21:49:13       0m 31s  ...               49.29         1.42
7  2026-01-23 21:49:45       0m 32s  ...               54.20         1.46
8  2026-01-23 21:50:18       0m 30s  ...               43.83         1.24
9  2026-01-23 21:50:49       0m 36s  ...               82.75         2.32

[10 rows x 24 columns]
              timestamp time_elapsed  ... severity_rate_patch Gradient_sr2
0   2026-01-23 21:46:33       0m 29s  ...               28.44         0.79
1   2026-01-23 21:47:03       0m 25s  ...                0.14         0.00
2   2026-01-23 21:47:29       0m 27s  ...               21.74         0.56
3   2026-01-23 21:47:57       0m 24s  ...                1.43         0.04
4   2026-01-23 21:48:21       0m 26s  ...               13.24         0.39
5   2026-01-23 21:48:48       0m 24s  ...                5.04         0.12
6   2026-01-23 21:49:13       0m 31s  ...               49.29         1.42
7   2026-01-23 21:49:45       0m 32s  ...               54.20         1.46
8   2026-01-23 21:50:18       0m 30s  ...               43.83         1.24
9   2026-01-23 21:50:49       0m 36s  ...               82.75         2.32
10  2026-01-23 21:51:26       0m 24s  ...                6.24         0.16

[11 rows x 24 columns]
              timestamp time_elapsed  ... severity_rate_patch Gradient_sr2
0   2026-01-23 21:46:33       0m 29s  ...               28.44         0.79
1   2026-01-23 21:47:03       0m 25s  ...                0.14         0.00
2   2026-01-23 21:47:29       0m 27s  ...               21.74         0.56
3   2026-01-23 21:47:57       0m 24s  ...                1.43         0.04
4   2026-01-23 21:48:21       0m 26s  ...               13.24         0.39
5   2026-01-23 21:48:48       0m 24s  ...                5.04         0.12
6   2026-01-23 21:49:13       0m 31s  ...               49.29         1.42
7   2026-01-23 21:49:45       0m 32s  ...               54.20         1.46
8   2026-01-23 21:50:18       0m 30s  ...               43.83         1.24
9   2026-01-23 21:50:49       0m 36s  ...               82.75         2.32
10  2026-01-23 21:51:26       0m 24s  ...                6.24         0.16
11  2026-01-23 21:51:51       0m 26s  ...                5.98         0.16

[12 rows x 24 columns]
              timestamp time_elapsed  ... severity_rate_patch Gradient_sr2
0   2026-01-23 21:46:33       0m 29s  ...               28.44         0.79
1   2026-01-23 21:47:03       0m 25s  ...                0.14         0.00
2   2026-01-23 21:47:29       0m 27s  ...               21.74         0.56
3   2026-01-23 21:47:57       0m 24s  ...                1.43         0.04
4   2026-01-23 21:48:21       0m 26s  ...               13.24         0.39
5   2026-01-23 21:48:48       0m 24s  ...                5.04         0.12
6   2026-01-23 21:49:13       0m 31s  ...               49.29         1.42
7   2026-01-23 21:49:45       0m 32s  ...               54.20         1.46
8   2026-01-23 21:50:18       0m 30s  ...               43.83         1.24
9   2026-01-23 21:50:49       0m 36s  ...               82.75         2.32
10  2026-01-23 21:51:26       0m 24s  ...                6.24         0.16
11  2026-01-23 21:51:51       0m 26s  ...                5.98         0.16
12  2026-01-23 21:52:17       0m 25s  ...                3.75         0.09

[13 rows x 24 columns]
              timestamp time_elapsed  ... severity_rate_patch Gradient_sr2
0   2026-01-23 21:46:33       0m 29s  ...               28.44         0.79
1   2026-01-23 21:47:03       0m 25s  ...                0.14         0.00
2   2026-01-23 21:47:29       0m 27s  ...               21.74         0.56
3   2026-01-23 21:47:57       0m 24s  ...                1.43         0.04
4   2026-01-23 21:48:21       0m 26s  ...               13.24         0.39
5   2026-01-23 21:48:48       0m 24s  ...                5.04         0.12
6   2026-01-23 21:49:13       0m 31s  ...               49.29         1.42
7   2026-01-23 21:49:45       0m 32s  ...               54.20         1.46
8   2026-01-23 21:50:18       0m 30s  ...               43.83         1.24
9   2026-01-23 21:50:49       0m 36s  ...               82.75         2.32
10  2026-01-23 21:51:26       0m 24s  ...                6.24         0.16
11  2026-01-23 21:51:51       0m 26s  ...                5.98         0.16
12  2026-01-23 21:52:17       0m 25s  ...                3.75         0.09
13  2026-01-23 21:52:43       0m 34s  ...               77.01         2.23

[14 rows x 24 columns]
              timestamp time_elapsed  ... severity_rate_patch Gradient_sr2
0   2026-01-23 21:46:33       0m 29s  ...               28.44         0.79
1   2026-01-23 21:47:03       0m 25s  ...                0.14         0.00
2   2026-01-23 21:47:29       0m 27s  ...               21.74         0.56
3   2026-01-23 21:47:57       0m 24s  ...                1.43         0.04
4   2026-01-23 21:48:21       0m 26s  ...               13.24         0.39
5   2026-01-23 21:48:48       0m 24s  ...                5.04         0.12
6   2026-01-23 21:49:13       0m 31s  ...               49.29         1.42
7   2026-01-23 21:49:45       0m 32s  ...               54.20         1.46
8   2026-01-23 21:50:18       0m 30s  ...               43.83         1.24
9   2026-01-23 21:50:49       0m 36s  ...               82.75         2.32
10  2026-01-23 21:51:26       0m 24s  ...                6.24         0.16
11  2026-01-23 21:51:51       0m 26s  ...                5.98         0.16
12  2026-01-23 21:52:17       0m 25s  ...                3.75         0.09
13  2026-01-23 21:52:43       0m 34s  ...               77.01         2.23
14  2026-01-23 21:53:18       0m 31s  ...               79.16         2.29

[15 rows x 24 columns]

real	7m23.026s
user	0m0.000s
sys	0m0.015s
