[2026-01-24 14:20:18,530] - [root] - [INFO] - leaf_correlation_mw.py
[2026-01-24 14:20:18,531] - [root] - [INFO] - model_type       : ResNet
[2026-01-24 14:20:18,531] - [root] - [INFO] - pretrained       : True
[2026-01-24 14:20:18,531] - [root] - [INFO] - loading_epoch    : 59
[2026-01-24 14:20:18,531] - [root] - [INFO] - timestamp        : Feb14_15-53-04_2024
[2026-01-24 14:20:18,531] - [root] - [INFO] - outdim           : 2
[2026-01-24 14:20:18,531] - [root] - [INFO] - dual_head        : False
[2026-01-24 14:20:18,531] - [root] - [INFO] - model_path       : ../..
[2026-01-24 14:20:18,531] - [root] - [INFO] - step_size        : 224
[2026-01-24 14:20:18,531] - [root] - [INFO] - means            : [0.541, 0.6371, 0.4188]
[2026-01-24 14:20:18,531] - [root] - [INFO] - stds             : [0.1764, 0.165, 0.2326]
[2026-01-24 14:20:18,531] - [root] - [INFO] - target_class     : 1
[2026-01-24 14:20:18,531] - [root] - [INFO] - contam_control   : False
[2026-01-24 14:20:18,531] - [root] - [INFO] - spor_th          : None
[2026-01-24 14:20:18,531] - [root] - [INFO] - inf_gate         : None
[2026-01-24 14:20:18,531] - [root] - [INFO] - pm               : HPM-1269
[2026-01-24 14:20:18,532] - [root] - [INFO] - mps              : False
[2026-01-24 14:20:18,532] - [root] - [INFO] - cuda             : True
[2026-01-24 14:20:18,532] - [root] - [INFO] - cuda_id          : 0
[2026-01-24 14:20:18,532] - [root] - [INFO] - sal_threshold    : 0.5
[2026-01-24 14:20:18,532] - [root] - [INFO] - up_threshold     : 0.8
[2026-01-24 14:20:18,532] - [root] - [INFO] - down_threshold   : 0.3
[2026-01-24 14:20:18,532] - [root] - [INFO] - dataset_path     : C:/Users/Intel User/Desktop/blackbird_scripts/data/human_disk_assessments
[2026-01-24 14:20:18,532] - [root] - [INFO] - img_folder       : 1-22-2026
[2026-01-24 14:20:18,532] - [root] - [INFO] - platform         : BlackBird
[2026-01-24 14:20:18,532] - [root] - [INFO] - threshold        : ['0.7']
[2026-01-24 14:20:18,532] - [root] - [INFO] - log              : ../../results/logs/random.log
[2026-01-24 14:20:18,532] - [root] - [INFO] - dpi              : 5
[2026-01-24 14:20:18,532] - [root] - [INFO] - group            : baseline
[2026-01-24 14:20:18,532] - [root] - [INFO] - trays            : ['5dpi']
[2026-01-24 14:20:18,532] - [root] - [INFO] - sal_gradcam      : False
[2026-01-24 14:20:18,532] - [root] - [INFO] - sal_gradient     : True
[2026-01-24 14:20:18,532] - [root] - [INFO] - sal_smoothgrad   : False
[2026-01-24 14:20:18,532] - [root] - [INFO] - sal_deeplift     : False
[2026-01-24 14:20:18,532] - [root] - [INFO] - sal_thresh_method : fixed
[2026-01-24 14:20:18,532] - [root] - [INFO] - sal_thresh_p     : 95.0
[2026-01-24 14:20:19,385] - [root] - [INFO] - -------------------------------------------
[2026-01-24 14:20:19,385] - [root] - [INFO] - Processing 1-22-2026 5dpi 149-W2021010-417_R1.png
[2026-01-24 14:20:34,241] - [root] - [INFO] - Finished loading mask: 0m 14s
[2026-01-24 14:20:43,595] - [root] - [INFO] - Finished crop and inference: 0m 24s
[2026-01-24 14:20:44,519] - [root] - [INFO] - Analysis finished: 0m 25s
[2026-01-24 14:20:44,519] - [root] - [INFO] - -------------------------------------------
[2026-01-24 14:20:44,520] - [root] - [INFO] - -------------------------------------------
[2026-01-24 14:20:44,520] - [root] - [INFO] - Processing 1-22-2026 5dpi 180-W2021011-476_R2.png
[2026-01-24 14:21:00,055] - [root] - [INFO] - Finished loading mask: 0m 15s
[2026-01-24 14:21:12,705] - [root] - [INFO] - Finished crop and inference: 0m 28s
[2026-01-24 14:21:13,727] - [root] - [INFO] - Analysis finished: 0m 29s
[2026-01-24 14:21:13,727] - [root] - [INFO] - -------------------------------------------
[2026-01-24 14:21:13,727] - [root] - [INFO] - -------------------------------------------
[2026-01-24 14:21:13,727] - [root] - [INFO] - Processing 1-22-2026 5dpi 187-W2021010-348_R2.png
[2026-01-24 14:21:29,073] - [root] - [INFO] - Finished loading mask: 0m 15s
[2026-01-24 14:21:43,208] - [root] - [INFO] - Finished crop and inference: 0m 29s
[2026-01-24 14:21:44,205] - [root] - [INFO] - Analysis finished: 0m 30s
[2026-01-24 14:21:44,205] - [root] - [INFO] - -------------------------------------------
[2026-01-24 14:21:44,206] - [root] - [INFO] - -------------------------------------------
[2026-01-24 14:21:44,206] - [root] - [INFO] - Processing 1-22-2026 5dpi 206-W2021010-344_R1.png
[2026-01-24 14:22:00,022] - [root] - [INFO] - Finished loading mask: 0m 15s
[2026-01-24 14:22:07,557] - [root] - [INFO] - Finished crop and inference: 0m 23s
[2026-01-24 14:22:08,536] - [root] - [INFO] - Analysis finished: 0m 24s
[2026-01-24 14:22:08,537] - [root] - [INFO] - -------------------------------------------
[2026-01-24 14:22:08,537] - [root] - [INFO] - -------------------------------------------
[2026-01-24 14:22:08,537] - [root] - [INFO] - Processing 1-22-2026 5dpi 208-W2021009-268_R2.png
[2026-01-24 14:22:24,268] - [root] - [INFO] - Finished loading mask: 0m 15s
[2026-01-24 14:22:35,121] - [root] - [INFO] - Finished crop and inference: 0m 26s
[2026-01-24 14:22:36,099] - [root] - [INFO] - Analysis finished: 0m 27s
[2026-01-24 14:22:36,099] - [root] - [INFO] - -------------------------------------------
[2026-01-24 14:22:36,104] - [root] - [INFO] - Saved C:\Users\Intel User\Desktop\blackbird_scripts\data\Results\ResNet_upth0.8_downth0.3_Feb14_15-53-04_2024\1-22-2026\th_0.7\severity_rate_tray_5dpi_u0.8_d0.3_ig0.3_sp0.8_20260124_142208.csv
WARNING: outdim>=2 but dual_head flag not set. If you're using a dual-head model, please set --dual_head.
             timestamp time_elapsed  ... severity_rate_patch Gradient_sr2
0  2026-01-24 14:20:19       0m 25s  ...                7.99         0.22

[1 rows x 22 columns]
             timestamp time_elapsed  ... severity_rate_patch Gradient_sr2
0  2026-01-24 14:20:19       0m 25s  ...                7.99         0.22
1  2026-01-24 14:20:44       0m 29s  ...               45.11         1.16

[2 rows x 22 columns]
             timestamp time_elapsed  ... severity_rate_patch Gradient_sr2
0  2026-01-24 14:20:19       0m 25s  ...                7.99         0.22
1  2026-01-24 14:20:44       0m 29s  ...               45.11         1.16
2  2026-01-24 14:21:13       0m 30s  ...               63.11         1.58

[3 rows x 22 columns]
             timestamp time_elapsed  ... severity_rate_patch Gradient_sr2
0  2026-01-24 14:20:19       0m 25s  ...                7.99         0.22
1  2026-01-24 14:20:44       0m 29s  ...               45.11         1.16
2  2026-01-24 14:21:13       0m 30s  ...               63.11         1.58
3  2026-01-24 14:21:44       0m 24s  ...                0.32         0.01

[4 rows x 22 columns]
             timestamp time_elapsed  ... severity_rate_patch Gradient_sr2
0  2026-01-24 14:20:19       0m 25s  ...                7.99         0.22
1  2026-01-24 14:20:44       0m 29s  ...               45.11         1.16
2  2026-01-24 14:21:13       0m 30s  ...               63.11         1.58
3  2026-01-24 14:21:44       0m 24s  ...                0.32         0.01
4  2026-01-24 14:22:08       0m 27s  ...               26.15         0.58

[5 rows x 22 columns]

real	2m23.309s
user	0m0.000s
sys	0m0.000s
