[2026-01-23 17:51:43,502] - [root] - [INFO] - leaf_correlation_mw.py
[2026-01-23 17:51:43,502] - [root] - [INFO] - model_type       : ResNet
[2026-01-23 17:51:43,502] - [root] - [INFO] - pretrained       : True
[2026-01-23 17:51:43,502] - [root] - [INFO] - loading_epoch    : 65
[2026-01-23 17:51:43,502] - [root] - [INFO] - timestamp        : Jan22_10-21-00_2026
[2026-01-23 17:51:43,502] - [root] - [INFO] - outdim           : 2
[2026-01-23 17:51:43,502] - [root] - [INFO] - dual_head        : True
[2026-01-23 17:51:43,503] - [root] - [INFO] - model_path       : ../..
[2026-01-23 17:51:43,504] - [root] - [INFO] - step_size        : 224
[2026-01-23 17:51:43,504] - [root] - [INFO] - means            : [0.541, 0.6371, 0.4188]
[2026-01-23 17:51:43,504] - [root] - [INFO] - stds             : [0.1764, 0.165, 0.2326]
[2026-01-23 17:51:43,504] - [root] - [INFO] - target_class     : 1
[2026-01-23 17:51:43,504] - [root] - [INFO] - contam_control   : False
[2026-01-23 17:51:43,504] - [root] - [INFO] - spor_th          : 0.6
[2026-01-23 17:51:43,504] - [root] - [INFO] - inf_gate         : 0.6
[2026-01-23 17:51:43,504] - [root] - [INFO] - pm               : HPM-1269
[2026-01-23 17:51:43,504] - [root] - [INFO] - mps              : False
[2026-01-23 17:51:43,504] - [root] - [INFO] - cuda             : True
[2026-01-23 17:51:43,504] - [root] - [INFO] - cuda_id          : 0
[2026-01-23 17:51:43,504] - [root] - [INFO] - sal_threshold    : 0.5
[2026-01-23 17:51:43,504] - [root] - [INFO] - up_threshold     : 0.7
[2026-01-23 17:51:43,504] - [root] - [INFO] - down_threshold   : 0.1
[2026-01-23 17:51:43,504] - [root] - [INFO] - dataset_path     : C:/Users/Intel User/Desktop/blackbird_scripts/data/human_disk_assessments
[2026-01-23 17:51:43,504] - [root] - [INFO] - img_folder       : 1-22-2026
[2026-01-23 17:51:43,504] - [root] - [INFO] - platform         : BlackBird
[2026-01-23 17:51:43,504] - [root] - [INFO] - threshold        : ['0.7']
[2026-01-23 17:51:43,504] - [root] - [INFO] - log              : ../../results/logs/random.log
[2026-01-23 17:51:43,505] - [root] - [INFO] - dpi              : 5
[2026-01-23 17:51:43,505] - [root] - [INFO] - group            : baseline
[2026-01-23 17:51:43,505] - [root] - [INFO] - trays            : ['5dpi']
[2026-01-23 17:51:43,505] - [root] - [INFO] - sal_gradcam      : False
[2026-01-23 17:51:43,505] - [root] - [INFO] - sal_gradient     : True
[2026-01-23 17:51:43,505] - [root] - [INFO] - sal_smoothgrad   : False
[2026-01-23 17:51:43,505] - [root] - [INFO] - sal_deeplift     : False
[2026-01-23 17:51:43,505] - [root] - [INFO] - sal_thresh_method : fixed
[2026-01-23 17:51:43,505] - [root] - [INFO] - sal_thresh_p     : 95.0
[2026-01-23 17:51:44,538] - [root] - [INFO] - -------------------------------------------
[2026-01-23 17:51:44,538] - [root] - [INFO] - Processing 1-22-2026 5dpi 015-W2021009-160_R1.png
[2026-01-23 17:52:06,236] - [root] - [INFO] - Finished loading mask: 0m 21s
[2026-01-23 17:52:19,339] - [root] - [INFO] - Finished crop and inference: 0m 34s
[2026-01-23 17:52:20,931] - [root] - [INFO] - Analysis finished: 0m 36s
[2026-01-23 17:52:20,931] - [root] - [INFO] - -------------------------------------------
[2026-01-23 17:52:20,931] - [root] - [INFO] - -------------------------------------------
[2026-01-23 17:52:20,931] - [root] - [INFO] - Processing 1-22-2026 5dpi 015-W2021011-633_R1.png
[2026-01-23 17:52:42,616] - [root] - [INFO] - Finished loading mask: 0m 21s
[2026-01-23 17:52:55,023] - [root] - [INFO] - Finished crop and inference: 0m 34s
[2026-01-23 17:52:56,767] - [root] - [INFO] - Analysis finished: 0m 35s
[2026-01-23 17:52:56,767] - [root] - [INFO] - -------------------------------------------
[2026-01-23 17:52:56,767] - [root] - [INFO] - -------------------------------------------
[2026-01-23 17:52:56,767] - [root] - [INFO] - Processing 1-22-2026 5dpi 019-W2021010-428_R2.png
[2026-01-23 17:53:18,457] - [root] - [INFO] - Finished loading mask: 0m 21s
[2026-01-23 17:53:27,608] - [root] - [INFO] - Finished crop and inference: 0m 30s
[2026-01-23 17:53:29,500] - [root] - [INFO] - Analysis finished: 0m 32s
[2026-01-23 17:53:29,501] - [root] - [INFO] - -------------------------------------------
[2026-01-23 17:53:29,501] - [root] - [INFO] - -------------------------------------------
[2026-01-23 17:53:29,501] - [root] - [INFO] - Processing 1-22-2026 5dpi 021-W2021009-175_R1.png
[2026-01-23 17:53:50,745] - [root] - [INFO] - Finished loading mask: 0m 21s
[2026-01-23 17:54:00,371] - [root] - [INFO] - Finished crop and inference: 0m 30s
[2026-01-23 17:54:02,129] - [root] - [INFO] - Analysis finished: 0m 32s
[2026-01-23 17:54:02,129] - [root] - [INFO] - -------------------------------------------
[2026-01-23 17:54:02,130] - [root] - [INFO] - -------------------------------------------
[2026-01-23 17:54:02,130] - [root] - [INFO] - Processing 1-22-2026 5dpi 022-W2021009-198_R2.png
[2026-01-23 17:54:24,050] - [root] - [INFO] - Finished loading mask: 0m 21s
[2026-01-23 17:54:35,658] - [root] - [INFO] - Finished crop and inference: 0m 33s
[2026-01-23 17:54:37,408] - [root] - [INFO] - Analysis finished: 0m 35s
[2026-01-23 17:54:37,409] - [root] - [INFO] - -------------------------------------------
[2026-01-23 17:54:37,409] - [root] - [INFO] - -------------------------------------------
[2026-01-23 17:54:37,409] - [root] - [INFO] - Processing 1-22-2026 5dpi 036-W2021006-047_R2.png
[2026-01-23 17:54:59,199] - [root] - [INFO] - Finished loading mask: 0m 21s
[2026-01-23 17:55:08,029] - [root] - [INFO] - Finished crop and inference: 0m 30s
[2026-01-23 17:55:09,780] - [root] - [INFO] - Analysis finished: 0m 32s
[2026-01-23 17:55:09,780] - [root] - [INFO] - -------------------------------------------
[2026-01-23 17:55:09,780] - [root] - [INFO] - -------------------------------------------
[2026-01-23 17:55:09,780] - [root] - [INFO] - Processing 1-22-2026 5dpi 060-W2021010-324_R2.png
[2026-01-23 17:55:32,173] - [root] - [INFO] - Finished loading mask: 0m 22s
[2026-01-23 17:55:42,084] - [root] - [INFO] - Finished crop and inference: 0m 32s
[2026-01-23 17:55:43,785] - [root] - [INFO] - Analysis finished: 0m 34s
[2026-01-23 17:55:43,785] - [root] - [INFO] - -------------------------------------------
[2026-01-23 17:55:43,786] - [root] - [INFO] - -------------------------------------------
[2026-01-23 17:55:43,786] - [root] - [INFO] - Processing 1-22-2026 5dpi 099-W2021006-611_R2.png
[2026-01-23 17:56:05,529] - [root] - [INFO] - Finished loading mask: 0m 21s
[2026-01-23 17:56:20,705] - [root] - [INFO] - Finished crop and inference: 0m 36s
[2026-01-23 17:56:22,389] - [root] - [INFO] - Analysis finished: 0m 38s
[2026-01-23 17:56:22,389] - [root] - [INFO] - -------------------------------------------
[2026-01-23 17:56:22,390] - [root] - [INFO] - -------------------------------------------
[2026-01-23 17:56:22,390] - [root] - [INFO] - Processing 1-22-2026 5dpi 123-W2021009-255_R2.png
[2026-01-23 17:56:44,045] - [root] - [INFO] - Finished loading mask: 0m 21s
[2026-01-23 17:56:54,568] - [root] - [INFO] - Finished crop and inference: 0m 32s
[2026-01-23 17:56:56,197] - [root] - [INFO] - Analysis finished: 0m 33s
[2026-01-23 17:56:56,198] - [root] - [INFO] - -------------------------------------------
[2026-01-23 17:56:56,198] - [root] - [INFO] - -------------------------------------------
[2026-01-23 17:56:56,198] - [root] - [INFO] - Processing 1-22-2026 5dpi 141-W2021009-274_R1.png
[2026-01-23 17:57:17,800] - [root] - [INFO] - Finished loading mask: 0m 21s
[2026-01-23 17:57:41,119] - [root] - [INFO] - Finished crop and inference: 0m 44s
[2026-01-23 17:57:42,735] - [root] - [INFO] - Analysis finished: 0m 46s
[2026-01-23 17:57:42,736] - [root] - [INFO] - -------------------------------------------
[2026-01-23 17:57:42,736] - [root] - [INFO] - -------------------------------------------
[2026-01-23 17:57:42,736] - [root] - [INFO] - Processing 1-22-2026 5dpi 173-W2021006-127_R2.png
[2026-01-23 17:58:05,088] - [root] - [INFO] - Finished loading mask: 0m 22s
[2026-01-23 17:58:14,773] - [root] - [INFO] - Finished crop and inference: 0m 32s
[2026-01-23 17:58:16,504] - [root] - [INFO] - Analysis finished: 0m 33s
[2026-01-23 17:58:16,504] - [root] - [INFO] - -------------------------------------------
[2026-01-23 17:58:16,504] - [root] - [INFO] - -------------------------------------------
[2026-01-23 17:58:16,504] - [root] - [INFO] - Processing 1-22-2026 5dpi 191-W2021010-449_R1.png
[2026-01-23 17:58:38,682] - [root] - [INFO] - Finished loading mask: 0m 22s
[2026-01-23 17:58:51,079] - [root] - [INFO] - Finished crop and inference: 0m 34s
[2026-01-23 17:58:52,839] - [root] - [INFO] - Analysis finished: 0m 36s
[2026-01-23 17:58:52,839] - [root] - [INFO] - -------------------------------------------
[2026-01-23 17:58:52,839] - [root] - [INFO] - -------------------------------------------
[2026-01-23 17:58:52,839] - [root] - [INFO] - Processing 1-22-2026 5dpi 254-W2021010-352_R2.png
[2026-01-23 17:59:14,248] - [root] - [INFO] - Finished loading mask: 0m 21s
[2026-01-23 17:59:21,871] - [root] - [INFO] - Finished crop and inference: 0m 29s
[2026-01-23 17:59:23,589] - [root] - [INFO] - Analysis finished: 0m 30s
[2026-01-23 17:59:23,589] - [root] - [INFO] - -------------------------------------------
[2026-01-23 17:59:23,589] - [root] - [INFO] - -------------------------------------------
[2026-01-23 17:59:23,589] - [root] - [INFO] - Processing 1-22-2026 5dpi 266-W2021009-193_R1.png
[2026-01-23 17:59:44,277] - [root] - [INFO] - Finished loading mask: 0m 20s
[2026-01-23 17:59:53,720] - [root] - [INFO] - Finished crop and inference: 0m 30s
[2026-01-23 17:59:55,511] - [root] - [INFO] - Analysis finished: 0m 31s
[2026-01-23 17:59:55,511] - [root] - [INFO] - -------------------------------------------
[2026-01-23 17:59:55,511] - [root] - [INFO] - -------------------------------------------
[2026-01-23 17:59:55,511] - [root] - [INFO] - Processing 1-22-2026 5dpi 336-W2021011-506_R2.png
[2026-01-23 18:00:17,305] - [root] - [INFO] - Finished loading mask: 0m 21s
[2026-01-23 18:00:33,288] - [root] - [INFO] - Finished crop and inference: 0m 37s
[2026-01-23 18:00:34,848] - [root] - [INFO] - Analysis finished: 0m 39s
[2026-01-23 18:00:34,849] - [root] - [INFO] - -------------------------------------------
[2026-01-23 18:00:34,855] - [root] - [INFO] - Saved C:\Users\Intel User\Desktop\blackbird_scripts\data\Results\ResNet_upth0.7_downth0.1_Jan22_10-21-00_2026\1-22-2026\th_0.7\severity_rate_tray_5dpi_u0.7_d0.1_ig0.6_sp0.6.csv
             timestamp time_elapsed  ... severity_rate_patch Gradient_sr2
0  2026-01-23 17:51:44       0m 36s  ...               37.43         0.86

[1 rows x 24 columns]
             timestamp time_elapsed  ... severity_rate_patch Gradient_sr2
0  2026-01-23 17:51:44       0m 36s  ...               37.43         0.86
1  2026-01-23 17:52:20       0m 35s  ...               19.28         0.54

[2 rows x 24 columns]
             timestamp time_elapsed  ... severity_rate_patch Gradient_sr2
0  2026-01-23 17:51:44       0m 36s  ...               37.43         0.86
1  2026-01-23 17:52:20       0m 35s  ...               19.28         0.54
2  2026-01-23 17:52:56       0m 32s  ...                1.31         0.03

[3 rows x 24 columns]
             timestamp time_elapsed  ... severity_rate_patch Gradient_sr2
0  2026-01-23 17:51:44       0m 36s  ...               37.43         0.86
1  2026-01-23 17:52:20       0m 35s  ...               19.28         0.54
2  2026-01-23 17:52:56       0m 32s  ...                1.31         0.03
3  2026-01-23 17:53:29       0m 32s  ...                2.65         0.07

[4 rows x 24 columns]
             timestamp time_elapsed  ... severity_rate_patch Gradient_sr2
0  2026-01-23 17:51:44       0m 36s  ...               37.43         0.86
1  2026-01-23 17:52:20       0m 35s  ...               19.28         0.54
2  2026-01-23 17:52:56       0m 32s  ...                1.31         0.03
3  2026-01-23 17:53:29       0m 32s  ...                2.65         0.07
4  2026-01-23 17:54:02       0m 35s  ...               18.20         0.42

[5 rows x 24 columns]
             timestamp time_elapsed  ... severity_rate_patch Gradient_sr2
0  2026-01-23 17:51:44       0m 36s  ...               37.43         0.86
1  2026-01-23 17:52:20       0m 35s  ...               19.28         0.54
2  2026-01-23 17:52:56       0m 32s  ...                1.31         0.03
3  2026-01-23 17:53:29       0m 32s  ...                2.65         0.07
4  2026-01-23 17:54:02       0m 35s  ...               18.20         0.42
5  2026-01-23 17:54:37       0m 32s  ...                0.76         0.02

[6 rows x 24 columns]
             timestamp time_elapsed  ... severity_rate_patch Gradient_sr2
0  2026-01-23 17:51:44       0m 36s  ...               37.43         0.86
1  2026-01-23 17:52:20       0m 35s  ...               19.28         0.54
2  2026-01-23 17:52:56       0m 32s  ...                1.31         0.03
3  2026-01-23 17:53:29       0m 32s  ...                2.65         0.07
4  2026-01-23 17:54:02       0m 35s  ...               18.20         0.42
5  2026-01-23 17:54:37       0m 32s  ...                0.76         0.02
6  2026-01-23 17:55:09       0m 33s  ...                2.33         0.06

[7 rows x 24 columns]
             timestamp time_elapsed  ... severity_rate_patch Gradient_sr2
0  2026-01-23 17:51:44       0m 36s  ...               37.43         0.86
1  2026-01-23 17:52:20       0m 35s  ...               19.28         0.54
2  2026-01-23 17:52:56       0m 32s  ...                1.31         0.03
3  2026-01-23 17:53:29       0m 32s  ...                2.65         0.07
4  2026-01-23 17:54:02       0m 35s  ...               18.20         0.42
5  2026-01-23 17:54:37       0m 32s  ...                0.76         0.02
6  2026-01-23 17:55:09       0m 33s  ...                2.33         0.06
7  2026-01-23 17:55:43       0m 38s  ...               45.55         1.12

[8 rows x 24 columns]
             timestamp time_elapsed  ... severity_rate_patch Gradient_sr2
0  2026-01-23 17:51:44       0m 36s  ...               37.43         0.86
1  2026-01-23 17:52:20       0m 35s  ...               19.28         0.54
2  2026-01-23 17:52:56       0m 32s  ...                1.31         0.03
3  2026-01-23 17:53:29       0m 32s  ...                2.65         0.07
4  2026-01-23 17:54:02       0m 35s  ...               18.20         0.42
5  2026-01-23 17:54:37       0m 32s  ...                0.76         0.02
6  2026-01-23 17:55:09       0m 33s  ...                2.33         0.06
7  2026-01-23 17:55:43       0m 38s  ...               45.55         1.12
8  2026-01-23 17:56:22       0m 33s  ...               10.85         0.23

[9 rows x 24 columns]
             timestamp time_elapsed  ... severity_rate_patch Gradient_sr2
0  2026-01-23 17:51:44       0m 36s  ...               37.43         0.86
1  2026-01-23 17:52:20       0m 35s  ...               19.28         0.54
2  2026-01-23 17:52:56       0m 32s  ...                1.31         0.03
3  2026-01-23 17:53:29       0m 32s  ...                2.65         0.07
4  2026-01-23 17:54:02       0m 35s  ...               18.20         0.42
5  2026-01-23 17:54:37       0m 32s  ...                0.76         0.02
6  2026-01-23 17:55:09       0m 33s  ...                2.33         0.06
7  2026-01-23 17:55:43       0m 38s  ...               45.55         1.12
8  2026-01-23 17:56:22       0m 33s  ...               10.85         0.23
9  2026-01-23 17:56:56       0m 46s  ...               86.54         2.56

[10 rows x 24 columns]
              timestamp time_elapsed  ... severity_rate_patch Gradient_sr2
0   2026-01-23 17:51:44       0m 36s  ...               37.43         0.86
1   2026-01-23 17:52:20       0m 35s  ...               19.28         0.54
2   2026-01-23 17:52:56       0m 32s  ...                1.31         0.03
3   2026-01-23 17:53:29       0m 32s  ...                2.65         0.07
4   2026-01-23 17:54:02       0m 35s  ...               18.20         0.42
5   2026-01-23 17:54:37       0m 32s  ...                0.76         0.02
6   2026-01-23 17:55:09       0m 33s  ...                2.33         0.06
7   2026-01-23 17:55:43       0m 38s  ...               45.55         1.12
8   2026-01-23 17:56:22       0m 33s  ...               10.85         0.23
9   2026-01-23 17:56:56       0m 46s  ...               86.54         2.56
10  2026-01-23 17:57:42       0m 33s  ...                1.35         0.04

[11 rows x 24 columns]
              timestamp time_elapsed  ... severity_rate_patch Gradient_sr2
0   2026-01-23 17:51:44       0m 36s  ...               37.43         0.86
1   2026-01-23 17:52:20       0m 35s  ...               19.28         0.54
2   2026-01-23 17:52:56       0m 32s  ...                1.31         0.03
3   2026-01-23 17:53:29       0m 32s  ...                2.65         0.07
4   2026-01-23 17:54:02       0m 35s  ...               18.20         0.42
5   2026-01-23 17:54:37       0m 32s  ...                0.76         0.02
6   2026-01-23 17:55:09       0m 33s  ...                2.33         0.06
7   2026-01-23 17:55:43       0m 38s  ...               45.55         1.12
8   2026-01-23 17:56:22       0m 33s  ...               10.85         0.23
9   2026-01-23 17:56:56       0m 46s  ...               86.54         2.56
10  2026-01-23 17:57:42       0m 33s  ...                1.35         0.04
11  2026-01-23 17:58:16       0m 36s  ...               21.53         0.57

[12 rows x 24 columns]
              timestamp time_elapsed  ... severity_rate_patch Gradient_sr2
0   2026-01-23 17:51:44       0m 36s  ...               37.43         0.86
1   2026-01-23 17:52:20       0m 35s  ...               19.28         0.54
2   2026-01-23 17:52:56       0m 32s  ...                1.31         0.03
3   2026-01-23 17:53:29       0m 32s  ...                2.65         0.07
4   2026-01-23 17:54:02       0m 35s  ...               18.20         0.42
5   2026-01-23 17:54:37       0m 32s  ...                0.76         0.02
6   2026-01-23 17:55:09       0m 33s  ...                2.33         0.06
7   2026-01-23 17:55:43       0m 38s  ...               45.55         1.12
8   2026-01-23 17:56:22       0m 33s  ...               10.85         0.23
9   2026-01-23 17:56:56       0m 46s  ...               86.54         2.56
10  2026-01-23 17:57:42       0m 33s  ...                1.35         0.04
11  2026-01-23 17:58:16       0m 36s  ...               21.53         0.57
12  2026-01-23 17:58:52       0m 30s  ...                1.84         0.05

[13 rows x 24 columns]
              timestamp time_elapsed  ... severity_rate_patch Gradient_sr2
0   2026-01-23 17:51:44       0m 36s  ...               37.43         0.86
1   2026-01-23 17:52:20       0m 35s  ...               19.28         0.54
2   2026-01-23 17:52:56       0m 32s  ...                1.31         0.03
3   2026-01-23 17:53:29       0m 32s  ...                2.65         0.07
4   2026-01-23 17:54:02       0m 35s  ...               18.20         0.42
5   2026-01-23 17:54:37       0m 32s  ...                0.76         0.02
6   2026-01-23 17:55:09       0m 33s  ...                2.33         0.06
7   2026-01-23 17:55:43       0m 38s  ...               45.55         1.12
8   2026-01-23 17:56:22       0m 33s  ...               10.85         0.23
9   2026-01-23 17:56:56       0m 46s  ...               86.54         2.56
10  2026-01-23 17:57:42       0m 33s  ...                1.35         0.04
11  2026-01-23 17:58:16       0m 36s  ...               21.53         0.57
12  2026-01-23 17:58:52       0m 30s  ...                1.84         0.05
13  2026-01-23 17:59:23       0m 31s  ...                8.53         0.22

[14 rows x 24 columns]
              timestamp time_elapsed  ... severity_rate_patch Gradient_sr2
0   2026-01-23 17:51:44       0m 36s  ...               37.43         0.86
1   2026-01-23 17:52:20       0m 35s  ...               19.28         0.54
2   2026-01-23 17:52:56       0m 32s  ...                1.31         0.03
3   2026-01-23 17:53:29       0m 32s  ...                2.65         0.07
4   2026-01-23 17:54:02       0m 35s  ...               18.20         0.42
5   2026-01-23 17:54:37       0m 32s  ...                0.76         0.02
6   2026-01-23 17:55:09       0m 33s  ...                2.33         0.06
7   2026-01-23 17:55:43       0m 38s  ...               45.55         1.12
8   2026-01-23 17:56:22       0m 33s  ...               10.85         0.23
9   2026-01-23 17:56:56       0m 46s  ...               86.54         2.56
10  2026-01-23 17:57:42       0m 33s  ...                1.35         0.04
11  2026-01-23 17:58:16       0m 36s  ...               21.53         0.57
12  2026-01-23 17:58:52       0m 30s  ...                1.84         0.05
13  2026-01-23 17:59:23       0m 31s  ...                8.53         0.22
14  2026-01-23 17:59:55       0m 39s  ...               46.19         1.20

[15 rows x 24 columns]

real	8m57.427s
user	0m0.015s
sys	0m0.000s
