[2026-01-24 15:14:10,007] - [root] - [INFO] - leaf_correlation_mw.py
[2026-01-24 15:14:10,007] - [root] - [INFO] - model_type       : ResNet
[2026-01-24 15:14:10,007] - [root] - [INFO] - pretrained       : True
[2026-01-24 15:14:10,007] - [root] - [INFO] - loading_epoch    : 59
[2026-01-24 15:14:10,007] - [root] - [INFO] - timestamp        : Feb14_15-53-04_2024
[2026-01-24 15:14:10,007] - [root] - [INFO] - outdim           : 2
[2026-01-24 15:14:10,008] - [root] - [INFO] - dual_head        : False
[2026-01-24 15:14:10,008] - [root] - [INFO] - model_path       : ../..
[2026-01-24 15:14:10,008] - [root] - [INFO] - step_size        : 224
[2026-01-24 15:14:10,008] - [root] - [INFO] - means            : [0.541, 0.6371, 0.4188]
[2026-01-24 15:14:10,008] - [root] - [INFO] - stds             : [0.1764, 0.165, 0.2326]
[2026-01-24 15:14:10,008] - [root] - [INFO] - target_class     : 1
[2026-01-24 15:14:10,009] - [root] - [INFO] - contam_control   : False
[2026-01-24 15:14:10,009] - [root] - [INFO] - spor_th          : None
[2026-01-24 15:14:10,009] - [root] - [INFO] - inf_gate         : None
[2026-01-24 15:14:10,009] - [root] - [INFO] - pm               : HPM-1269
[2026-01-24 15:14:10,009] - [root] - [INFO] - mps              : False
[2026-01-24 15:14:10,009] - [root] - [INFO] - cuda             : True
[2026-01-24 15:14:10,009] - [root] - [INFO] - cuda_id          : 0
[2026-01-24 15:14:10,009] - [root] - [INFO] - sal_threshold    : 0.5
[2026-01-24 15:14:10,009] - [root] - [INFO] - up_threshold     : 0.5
[2026-01-24 15:14:10,009] - [root] - [INFO] - down_threshold   : 0.3
[2026-01-24 15:14:10,009] - [root] - [INFO] - dataset_path     : C:/Users/Intel User/Desktop/blackbird_scripts/data/human_disk_assessments
[2026-01-24 15:14:10,009] - [root] - [INFO] - img_folder       : 1-22-2026
[2026-01-24 15:14:10,009] - [root] - [INFO] - platform         : BlackBird
[2026-01-24 15:14:10,009] - [root] - [INFO] - threshold        : ['0.7']
[2026-01-24 15:14:10,010] - [root] - [INFO] - log              : ../../results/logs/random.log
[2026-01-24 15:14:10,010] - [root] - [INFO] - dpi              : 10
[2026-01-24 15:14:10,010] - [root] - [INFO] - group            : baseline
[2026-01-24 15:14:10,010] - [root] - [INFO] - trays            : ['10dpi']
[2026-01-24 15:14:10,010] - [root] - [INFO] - sal_gradcam      : False
[2026-01-24 15:14:10,010] - [root] - [INFO] - sal_gradient     : True
[2026-01-24 15:14:10,010] - [root] - [INFO] - sal_smoothgrad   : False
[2026-01-24 15:14:10,010] - [root] - [INFO] - sal_deeplift     : False
[2026-01-24 15:14:10,010] - [root] - [INFO] - sal_thresh_method : fixed
[2026-01-24 15:14:10,010] - [root] - [INFO] - sal_thresh_p     : 95.0
[2026-01-24 15:14:10,937] - [root] - [INFO] - -------------------------------------------
[2026-01-24 15:14:10,937] - [root] - [INFO] - Processing 1-22-2026 10dpi 046-W2021009-208_R2.png
[2026-01-24 15:14:32,000] - [root] - [INFO] - Finished loading mask: 0m 21s
[2026-01-24 15:14:43,095] - [root] - [INFO] - Finished crop and inference: 0m 32s
[2026-01-24 15:14:44,410] - [root] - [INFO] - Analysis finished: 0m 33s
[2026-01-24 15:14:44,411] - [root] - [INFO] - -------------------------------------------
[2026-01-24 15:14:44,411] - [root] - [INFO] - -------------------------------------------
[2026-01-24 15:14:44,411] - [root] - [INFO] - Processing 1-22-2026 10dpi 151-W2021011-479_R2.png
[2026-01-24 15:15:06,271] - [root] - [INFO] - Finished loading mask: 0m 21s
[2026-01-24 15:15:32,876] - [root] - [INFO] - Finished crop and inference: 0m 48s
[2026-01-24 15:15:34,077] - [root] - [INFO] - Analysis finished: 0m 49s
[2026-01-24 15:15:34,077] - [root] - [INFO] - -------------------------------------------
[2026-01-24 15:15:34,077] - [root] - [INFO] - -------------------------------------------
[2026-01-24 15:15:34,077] - [root] - [INFO] - Processing 1-22-2026 10dpi 152-W2021010-301_R2.png
[2026-01-24 15:15:56,046] - [root] - [INFO] - Finished loading mask: 0m 21s
[2026-01-24 15:16:07,779] - [root] - [INFO] - Finished crop and inference: 0m 33s
[2026-01-24 15:16:08,919] - [root] - [INFO] - Analysis finished: 0m 34s
[2026-01-24 15:16:08,919] - [root] - [INFO] - -------------------------------------------
[2026-01-24 15:16:08,919] - [root] - [INFO] - -------------------------------------------
[2026-01-24 15:16:08,919] - [root] - [INFO] - Processing 1-22-2026 10dpi 152-W2021011-479_R1.png
[2026-01-24 15:16:30,780] - [root] - [INFO] - Finished loading mask: 0m 21s
[2026-01-24 15:16:48,392] - [root] - [INFO] - Finished crop and inference: 0m 39s
[2026-01-24 15:16:49,561] - [root] - [INFO] - Analysis finished: 0m 40s
[2026-01-24 15:16:49,562] - [root] - [INFO] - -------------------------------------------
[2026-01-24 15:16:49,562] - [root] - [INFO] - -------------------------------------------
[2026-01-24 15:16:49,562] - [root] - [INFO] - Processing 1-22-2026 10dpi 162-W2021011-551_R2.png
[2026-01-24 15:17:11,713] - [root] - [INFO] - Finished loading mask: 0m 22s
[2026-01-24 15:17:38,562] - [root] - [INFO] - Finished crop and inference: 0m 48s
[2026-01-24 15:17:39,690] - [root] - [INFO] - Analysis finished: 0m 50s
[2026-01-24 15:17:39,690] - [root] - [INFO] - -------------------------------------------
[2026-01-24 15:17:39,690] - [root] - [INFO] - -------------------------------------------
[2026-01-24 15:17:39,690] - [root] - [INFO] - Processing 1-22-2026 10dpi 166-W2021006-123_R1.png
[2026-01-24 15:18:01,081] - [root] - [INFO] - Finished loading mask: 0m 21s
[2026-01-24 15:18:10,625] - [root] - [INFO] - Finished crop and inference: 0m 30s
[2026-01-24 15:18:11,769] - [root] - [INFO] - Analysis finished: 0m 32s
[2026-01-24 15:18:11,770] - [root] - [INFO] - -------------------------------------------
[2026-01-24 15:18:11,770] - [root] - [INFO] - -------------------------------------------
[2026-01-24 15:18:11,770] - [root] - [INFO] - Processing 1-22-2026 10dpi 166-W2021006-146_R1.png
[2026-01-24 15:18:33,024] - [root] - [INFO] - Finished loading mask: 0m 21s
[2026-01-24 15:18:54,299] - [root] - [INFO] - Finished crop and inference: 0m 42s
[2026-01-24 15:18:55,385] - [root] - [INFO] - Analysis finished: 0m 43s
[2026-01-24 15:18:55,385] - [root] - [INFO] - -------------------------------------------
[2026-01-24 15:18:55,385] - [root] - [INFO] - -------------------------------------------
[2026-01-24 15:18:55,386] - [root] - [INFO] - Processing 1-22-2026 10dpi 166-W2021006-146_R2.png
[2026-01-24 15:19:16,889] - [root] - [INFO] - Finished loading mask: 0m 21s
[2026-01-24 15:19:31,510] - [root] - [INFO] - Finished crop and inference: 0m 36s
[2026-01-24 15:19:32,660] - [root] - [INFO] - Analysis finished: 0m 37s
[2026-01-24 15:19:32,660] - [root] - [INFO] - -------------------------------------------
[2026-01-24 15:19:32,661] - [root] - [INFO] - -------------------------------------------
[2026-01-24 15:19:32,661] - [root] - [INFO] - Processing 1-22-2026 10dpi 171-W2021011-584_R1.png
[2026-01-24 15:19:54,585] - [root] - [INFO] - Finished loading mask: 0m 21s
[2026-01-24 15:20:19,188] - [root] - [INFO] - Finished crop and inference: 0m 46s
[2026-01-24 15:20:20,281] - [root] - [INFO] - Analysis finished: 0m 47s
[2026-01-24 15:20:20,281] - [root] - [INFO] - -------------------------------------------
[2026-01-24 15:20:20,282] - [root] - [INFO] - -------------------------------------------
[2026-01-24 15:20:20,282] - [root] - [INFO] - Processing 1-22-2026 10dpi 181-W2021009-295_R2.png
[2026-01-24 15:20:42,075] - [root] - [INFO] - Finished loading mask: 0m 21s
[2026-01-24 15:20:58,629] - [root] - [INFO] - Finished crop and inference: 0m 38s
[2026-01-24 15:20:59,757] - [root] - [INFO] - Analysis finished: 0m 39s
[2026-01-24 15:20:59,757] - [root] - [INFO] - -------------------------------------------
[2026-01-24 15:20:59,757] - [root] - [INFO] - -------------------------------------------
[2026-01-24 15:20:59,757] - [root] - [INFO] - Processing 1-22-2026 10dpi 182-W2021009-251_R1.png
[2026-01-24 15:21:21,504] - [root] - [INFO] - Finished loading mask: 0m 21s
[2026-01-24 15:21:34,049] - [root] - [INFO] - Finished crop and inference: 0m 34s
[2026-01-24 15:21:35,314] - [root] - [INFO] - Analysis finished: 0m 35s
[2026-01-24 15:21:35,314] - [root] - [INFO] - -------------------------------------------
[2026-01-24 15:21:35,314] - [root] - [INFO] - -------------------------------------------
[2026-01-24 15:21:35,315] - [root] - [INFO] - Processing 1-22-2026 10dpi 192-W2021010-449_R2.png
[2026-01-24 15:21:56,575] - [root] - [INFO] - Finished loading mask: 0m 21s
[2026-01-24 15:22:17,794] - [root] - [INFO] - Finished crop and inference: 0m 42s
[2026-01-24 15:22:19,138] - [root] - [INFO] - Analysis finished: 0m 43s
[2026-01-24 15:22:19,138] - [root] - [INFO] - -------------------------------------------
[2026-01-24 15:22:19,139] - [root] - [INFO] - -------------------------------------------
[2026-01-24 15:22:19,139] - [root] - [INFO] - Processing 1-22-2026 10dpi 206-W2021009-271_R2.png
[2026-01-24 15:22:40,369] - [root] - [INFO] - Finished loading mask: 0m 21s
[2026-01-24 15:23:05,681] - [root] - [INFO] - Finished crop and inference: 0m 46s
[2026-01-24 15:23:06,925] - [root] - [INFO] - Analysis finished: 0m 47s
[2026-01-24 15:23:06,926] - [root] - [INFO] - -------------------------------------------
[2026-01-24 15:23:06,926] - [root] - [INFO] - -------------------------------------------
[2026-01-24 15:23:06,926] - [root] - [INFO] - Processing 1-22-2026 10dpi 207-W2021009-271_R1.png
[2026-01-24 15:23:28,083] - [root] - [INFO] - Finished loading mask: 0m 21s
[2026-01-24 15:23:41,537] - [root] - [INFO] - Finished crop and inference: 0m 34s
[2026-01-24 15:23:42,759] - [root] - [INFO] - Analysis finished: 0m 35s
[2026-01-24 15:23:42,759] - [root] - [INFO] - -------------------------------------------
[2026-01-24 15:23:42,759] - [root] - [INFO] - -------------------------------------------
[2026-01-24 15:23:42,759] - [root] - [INFO] - Processing 1-22-2026 10dpi 233-W2021006-607_R1.png
[2026-01-24 15:24:03,453] - [root] - [INFO] - Finished loading mask: 0m 20s
[2026-01-24 15:24:15,360] - [root] - [INFO] - Finished crop and inference: 0m 32s
[2026-01-24 15:24:16,403] - [root] - [INFO] - Analysis finished: 0m 33s
[2026-01-24 15:24:16,404] - [root] - [INFO] - -------------------------------------------
[2026-01-24 15:24:16,411] - [root] - [INFO] - Saved C:\Users\Intel User\Desktop\blackbird_scripts\data\Results\ResNet_upth0.5_downth0.3_Feb14_15-53-04_2024\1-22-2026\th_0.7\severity_rate_tray_10dpi_u0.5_d0.3_ig0.3_sp0.5_20260124_152342.csv
WARNING: outdim>=2 but dual_head flag not set. If you're using a dual-head model, please set --dual_head.
             timestamp time_elapsed  ... severity_rate_patch Gradient_sr2
0  2026-01-24 15:14:10       0m 33s  ...                4.36         0.11

[1 rows x 22 columns]
             timestamp time_elapsed  ... severity_rate_patch Gradient_sr2
0  2026-01-24 15:14:10       0m 33s  ...                4.36         0.11
1  2026-01-24 15:14:44       0m 49s  ...               99.20         3.10

[2 rows x 22 columns]
             timestamp time_elapsed  ... severity_rate_patch Gradient_sr2
0  2026-01-24 15:14:10       0m 33s  ...                4.36         0.11
1  2026-01-24 15:14:44       0m 49s  ...               99.20         3.10
2  2026-01-24 15:15:34       0m 34s  ...                0.27         0.01

[3 rows x 22 columns]
             timestamp time_elapsed  ... severity_rate_patch Gradient_sr2
0  2026-01-24 15:14:10       0m 33s  ...                4.36         0.11
1  2026-01-24 15:14:44       0m 49s  ...               99.20         3.10
2  2026-01-24 15:15:34       0m 34s  ...                0.27         0.01
3  2026-01-24 15:16:08       0m 40s  ...               42.64         1.24

[4 rows x 22 columns]
             timestamp time_elapsed  ... severity_rate_patch Gradient_sr2
0  2026-01-24 15:14:10       0m 33s  ...                4.36         0.11
1  2026-01-24 15:14:44       0m 49s  ...               99.20         3.10
2  2026-01-24 15:15:34       0m 34s  ...                0.27         0.01
3  2026-01-24 15:16:08       0m 40s  ...               42.64         1.24
4  2026-01-24 15:16:49       0m 50s  ...               83.79         2.48

[5 rows x 22 columns]
             timestamp time_elapsed  ... severity_rate_patch Gradient_sr2
0  2026-01-24 15:14:10       0m 33s  ...                4.36         0.11
1  2026-01-24 15:14:44       0m 49s  ...               99.20         3.10
2  2026-01-24 15:15:34       0m 34s  ...                0.27         0.01
3  2026-01-24 15:16:08       0m 40s  ...               42.64         1.24
4  2026-01-24 15:16:49       0m 50s  ...               83.79         2.48
5  2026-01-24 15:17:39       0m 32s  ...                1.32         0.03

[6 rows x 22 columns]
             timestamp time_elapsed  ... severity_rate_patch Gradient_sr2
0  2026-01-24 15:14:10       0m 33s  ...                4.36         0.11
1  2026-01-24 15:14:44       0m 49s  ...               99.20         3.10
2  2026-01-24 15:15:34       0m 34s  ...                0.27         0.01
3  2026-01-24 15:16:08       0m 40s  ...               42.64         1.24
4  2026-01-24 15:16:49       0m 50s  ...               83.79         2.48
5  2026-01-24 15:17:39       0m 32s  ...                1.32         0.03
6  2026-01-24 15:18:11       0m 43s  ...               54.76         1.57

[7 rows x 22 columns]
             timestamp time_elapsed  ... severity_rate_patch Gradient_sr2
0  2026-01-24 15:14:10       0m 33s  ...                4.36         0.11
1  2026-01-24 15:14:44       0m 49s  ...               99.20         3.10
2  2026-01-24 15:15:34       0m 34s  ...                0.27         0.01
3  2026-01-24 15:16:08       0m 40s  ...               42.64         1.24
4  2026-01-24 15:16:49       0m 50s  ...               83.79         2.48
5  2026-01-24 15:17:39       0m 32s  ...                1.32         0.03
6  2026-01-24 15:18:11       0m 43s  ...               54.76         1.57
7  2026-01-24 15:18:55       0m 37s  ...               14.66         0.38

[8 rows x 22 columns]
             timestamp time_elapsed  ... severity_rate_patch Gradient_sr2
0  2026-01-24 15:14:10       0m 33s  ...                4.36         0.11
1  2026-01-24 15:14:44       0m 49s  ...               99.20         3.10
2  2026-01-24 15:15:34       0m 34s  ...                0.27         0.01
3  2026-01-24 15:16:08       0m 40s  ...               42.64         1.24
4  2026-01-24 15:16:49       0m 50s  ...               83.79         2.48
5  2026-01-24 15:17:39       0m 32s  ...                1.32         0.03
6  2026-01-24 15:18:11       0m 43s  ...               54.76         1.57
7  2026-01-24 15:18:55       0m 37s  ...               14.66         0.38
8  2026-01-24 15:19:32       0m 47s  ...               69.17         1.84

[9 rows x 22 columns]
             timestamp time_elapsed  ... severity_rate_patch Gradient_sr2
0  2026-01-24 15:14:10       0m 33s  ...                4.36         0.11
1  2026-01-24 15:14:44       0m 49s  ...               99.20         3.10
2  2026-01-24 15:15:34       0m 34s  ...                0.27         0.01
3  2026-01-24 15:16:08       0m 40s  ...               42.64         1.24
4  2026-01-24 15:16:49       0m 50s  ...               83.79         2.48
5  2026-01-24 15:17:39       0m 32s  ...                1.32         0.03
6  2026-01-24 15:18:11       0m 43s  ...               54.76         1.57
7  2026-01-24 15:18:55       0m 37s  ...               14.66         0.38
8  2026-01-24 15:19:32       0m 47s  ...               69.17         1.84
9  2026-01-24 15:20:20       0m 39s  ...               27.35         0.71

[10 rows x 22 columns]
              timestamp time_elapsed  ... severity_rate_patch Gradient_sr2
0   2026-01-24 15:14:10       0m 33s  ...                4.36         0.11
1   2026-01-24 15:14:44       0m 49s  ...               99.20         3.10
2   2026-01-24 15:15:34       0m 34s  ...                0.27         0.01
3   2026-01-24 15:16:08       0m 40s  ...               42.64         1.24
4   2026-01-24 15:16:49       0m 50s  ...               83.79         2.48
5   2026-01-24 15:17:39       0m 32s  ...                1.32         0.03
6   2026-01-24 15:18:11       0m 43s  ...               54.76         1.57
7   2026-01-24 15:18:55       0m 37s  ...               14.66         0.38
8   2026-01-24 15:19:32       0m 47s  ...               69.17         1.84
9   2026-01-24 15:20:20       0m 39s  ...               27.35         0.71
10  2026-01-24 15:20:59       0m 35s  ...                6.76         0.18

[11 rows x 22 columns]
              timestamp time_elapsed  ... severity_rate_patch Gradient_sr2
0   2026-01-24 15:14:10       0m 33s  ...                4.36         0.11
1   2026-01-24 15:14:44       0m 49s  ...               99.20         3.10
2   2026-01-24 15:15:34       0m 34s  ...                0.27         0.01
3   2026-01-24 15:16:08       0m 40s  ...               42.64         1.24
4   2026-01-24 15:16:49       0m 50s  ...               83.79         2.48
5   2026-01-24 15:17:39       0m 32s  ...                1.32         0.03
6   2026-01-24 15:18:11       0m 43s  ...               54.76         1.57
7   2026-01-24 15:18:55       0m 37s  ...               14.66         0.38
8   2026-01-24 15:19:32       0m 47s  ...               69.17         1.84
9   2026-01-24 15:20:20       0m 39s  ...               27.35         0.71
10  2026-01-24 15:20:59       0m 35s  ...                6.76         0.18
11  2026-01-24 15:21:35       0m 43s  ...               66.92         1.91

[12 rows x 22 columns]
              timestamp time_elapsed  ... severity_rate_patch Gradient_sr2
0   2026-01-24 15:14:10       0m 33s  ...                4.36         0.11
1   2026-01-24 15:14:44       0m 49s  ...               99.20         3.10
2   2026-01-24 15:15:34       0m 34s  ...                0.27         0.01
3   2026-01-24 15:16:08       0m 40s  ...               42.64         1.24
4   2026-01-24 15:16:49       0m 50s  ...               83.79         2.48
5   2026-01-24 15:17:39       0m 32s  ...                1.32         0.03
6   2026-01-24 15:18:11       0m 43s  ...               54.76         1.57
7   2026-01-24 15:18:55       0m 37s  ...               14.66         0.38
8   2026-01-24 15:19:32       0m 47s  ...               69.17         1.84
9   2026-01-24 15:20:20       0m 39s  ...               27.35         0.71
10  2026-01-24 15:20:59       0m 35s  ...                6.76         0.18
11  2026-01-24 15:21:35       0m 43s  ...               66.92         1.91
12  2026-01-24 15:22:19       0m 47s  ...               83.82         2.31

[13 rows x 22 columns]
              timestamp time_elapsed  ... severity_rate_patch Gradient_sr2
0   2026-01-24 15:14:10       0m 33s  ...                4.36         0.11
1   2026-01-24 15:14:44       0m 49s  ...               99.20         3.10
2   2026-01-24 15:15:34       0m 34s  ...                0.27         0.01
3   2026-01-24 15:16:08       0m 40s  ...               42.64         1.24
4   2026-01-24 15:16:49       0m 50s  ...               83.79         2.48
5   2026-01-24 15:17:39       0m 32s  ...                1.32         0.03
6   2026-01-24 15:18:11       0m 43s  ...               54.76         1.57
7   2026-01-24 15:18:55       0m 37s  ...               14.66         0.38
8   2026-01-24 15:19:32       0m 47s  ...               69.17         1.84
9   2026-01-24 15:20:20       0m 39s  ...               27.35         0.71
10  2026-01-24 15:20:59       0m 35s  ...                6.76         0.18
11  2026-01-24 15:21:35       0m 43s  ...               66.92         1.91
12  2026-01-24 15:22:19       0m 47s  ...               83.82         2.31
13  2026-01-24 15:23:06       0m 35s  ...               39.00         1.03

[14 rows x 22 columns]
              timestamp time_elapsed  ... severity_rate_patch Gradient_sr2
0   2026-01-24 15:14:10       0m 33s  ...                4.36         0.11
1   2026-01-24 15:14:44       0m 49s  ...               99.20         3.10
2   2026-01-24 15:15:34       0m 34s  ...                0.27         0.01
3   2026-01-24 15:16:08       0m 40s  ...               42.64         1.24
4   2026-01-24 15:16:49       0m 50s  ...               83.79         2.48
5   2026-01-24 15:17:39       0m 32s  ...                1.32         0.03
6   2026-01-24 15:18:11       0m 43s  ...               54.76         1.57
7   2026-01-24 15:18:55       0m 37s  ...               14.66         0.38
8   2026-01-24 15:19:32       0m 47s  ...               69.17         1.84
9   2026-01-24 15:20:20       0m 39s  ...               27.35         0.71
10  2026-01-24 15:20:59       0m 35s  ...                6.76         0.18
11  2026-01-24 15:21:35       0m 43s  ...               66.92         1.91
12  2026-01-24 15:22:19       0m 47s  ...               83.82         2.31
13  2026-01-24 15:23:06       0m 35s  ...               39.00         1.03
14  2026-01-24 15:23:42       0m 33s  ...               20.13         0.52

[15 rows x 22 columns]

real	10m12.792s
user	0m0.000s
sys	0m0.015s
