[2026-01-24 16:47:09,263] - [root] - [INFO] - leaf_correlation_mw.py
[2026-01-24 16:47:09,264] - [root] - [INFO] - model_type       : ResNet
[2026-01-24 16:47:09,264] - [root] - [INFO] - pretrained       : True
[2026-01-24 16:47:09,264] - [root] - [INFO] - loading_epoch    : 65
[2026-01-24 16:47:09,264] - [root] - [INFO] - timestamp        : Jan22_10-21-00_2026
[2026-01-24 16:47:09,264] - [root] - [INFO] - outdim           : 2
[2026-01-24 16:47:09,264] - [root] - [INFO] - dual_head        : True
[2026-01-24 16:47:09,265] - [root] - [INFO] - model_path       : ../..
[2026-01-24 16:47:09,265] - [root] - [INFO] - step_size        : 224
[2026-01-24 16:47:09,265] - [root] - [INFO] - means            : [0.541, 0.6371, 0.4188]
[2026-01-24 16:47:09,265] - [root] - [INFO] - stds             : [0.1764, 0.165, 0.2326]
[2026-01-24 16:47:09,265] - [root] - [INFO] - target_class     : 1
[2026-01-24 16:47:09,265] - [root] - [INFO] - contam_control   : False
[2026-01-24 16:47:09,265] - [root] - [INFO] - spor_th          : 0.9
[2026-01-24 16:47:09,265] - [root] - [INFO] - inf_gate         : 0.3
[2026-01-24 16:47:09,265] - [root] - [INFO] - pm               : HPM-1269
[2026-01-24 16:47:09,265] - [root] - [INFO] - mps              : False
[2026-01-24 16:47:09,265] - [root] - [INFO] - cuda             : True
[2026-01-24 16:47:09,265] - [root] - [INFO] - cuda_id          : 0
[2026-01-24 16:47:09,265] - [root] - [INFO] - sal_threshold    : 0.5
[2026-01-24 16:47:09,265] - [root] - [INFO] - up_threshold     : 0.8
[2026-01-24 16:47:09,265] - [root] - [INFO] - down_threshold   : 0.3
[2026-01-24 16:47:09,265] - [root] - [INFO] - dataset_path     : C:/Users/Intel User/Desktop/blackbird_scripts/data/human_disk_assessments
[2026-01-24 16:47:09,265] - [root] - [INFO] - img_folder       : 1-22-2026
[2026-01-24 16:47:09,265] - [root] - [INFO] - platform         : BlackBird
[2026-01-24 16:47:09,265] - [root] - [INFO] - threshold        : ['0.7']
[2026-01-24 16:47:09,266] - [root] - [INFO] - log              : ../../results/logs/random.log
[2026-01-24 16:47:09,266] - [root] - [INFO] - dpi              : 10
[2026-01-24 16:47:09,266] - [root] - [INFO] - group            : baseline
[2026-01-24 16:47:09,266] - [root] - [INFO] - trays            : ['10dpi']
[2026-01-24 16:47:09,266] - [root] - [INFO] - sal_gradcam      : False
[2026-01-24 16:47:09,266] - [root] - [INFO] - sal_gradient     : True
[2026-01-24 16:47:09,266] - [root] - [INFO] - sal_smoothgrad   : False
[2026-01-24 16:47:09,266] - [root] - [INFO] - sal_deeplift     : False
[2026-01-24 16:47:09,266] - [root] - [INFO] - sal_thresh_method : fixed
[2026-01-24 16:47:09,266] - [root] - [INFO] - sal_thresh_p     : 95.0
[2026-01-24 16:47:10,154] - [root] - [INFO] - -------------------------------------------
[2026-01-24 16:47:10,154] - [root] - [INFO] - Processing 1-22-2026 10dpi 046-W2021009-208_R2.png
[2026-01-24 16:47:28,140] - [root] - [INFO] - Finished loading mask: 0m 17s
[2026-01-24 16:47:38,708] - [root] - [INFO] - Finished crop and inference: 0m 28s
[2026-01-24 16:47:40,327] - [root] - [INFO] - Analysis finished: 0m 30s
[2026-01-24 16:47:40,328] - [root] - [INFO] - -------------------------------------------
[2026-01-24 16:47:40,328] - [root] - [INFO] - -------------------------------------------
[2026-01-24 16:47:40,328] - [root] - [INFO] - Processing 1-22-2026 10dpi 151-W2021011-479_R2.png
[2026-01-24 16:47:59,282] - [root] - [INFO] - Finished loading mask: 0m 18s
[2026-01-24 16:48:25,901] - [root] - [INFO] - Finished crop and inference: 0m 45s
[2026-01-24 16:48:27,616] - [root] - [INFO] - Analysis finished: 0m 47s
[2026-01-24 16:48:27,617] - [root] - [INFO] - -------------------------------------------
[2026-01-24 16:48:27,617] - [root] - [INFO] - -------------------------------------------
[2026-01-24 16:48:27,617] - [root] - [INFO] - Processing 1-22-2026 10dpi 152-W2021010-301_R2.png
[2026-01-24 16:48:46,564] - [root] - [INFO] - Finished loading mask: 0m 18s
[2026-01-24 16:48:57,582] - [root] - [INFO] - Finished crop and inference: 0m 29s
[2026-01-24 16:48:59,272] - [root] - [INFO] - Analysis finished: 0m 31s
[2026-01-24 16:48:59,273] - [root] - [INFO] - -------------------------------------------
[2026-01-24 16:48:59,273] - [root] - [INFO] - -------------------------------------------
[2026-01-24 16:48:59,273] - [root] - [INFO] - Processing 1-22-2026 10dpi 152-W2021011-479_R1.png
[2026-01-24 16:49:17,973] - [root] - [INFO] - Finished loading mask: 0m 18s
[2026-01-24 16:49:35,773] - [root] - [INFO] - Finished crop and inference: 0m 36s
[2026-01-24 16:49:37,405] - [root] - [INFO] - Analysis finished: 0m 38s
[2026-01-24 16:49:37,405] - [root] - [INFO] - -------------------------------------------
[2026-01-24 16:49:37,405] - [root] - [INFO] - -------------------------------------------
[2026-01-24 16:49:37,405] - [root] - [INFO] - Processing 1-22-2026 10dpi 162-W2021011-551_R2.png
[2026-01-24 16:49:56,610] - [root] - [INFO] - Finished loading mask: 0m 19s
[2026-01-24 16:50:23,899] - [root] - [INFO] - Finished crop and inference: 0m 46s
[2026-01-24 16:50:25,686] - [root] - [INFO] - Analysis finished: 0m 48s
[2026-01-24 16:50:25,686] - [root] - [INFO] - -------------------------------------------
[2026-01-24 16:50:25,686] - [root] - [INFO] - -------------------------------------------
[2026-01-24 16:50:25,686] - [root] - [INFO] - Processing 1-22-2026 10dpi 166-W2021006-123_R1.png
[2026-01-24 16:50:43,853] - [root] - [INFO] - Finished loading mask: 0m 18s
[2026-01-24 16:50:52,790] - [root] - [INFO] - Finished crop and inference: 0m 27s
[2026-01-24 16:50:54,397] - [root] - [INFO] - Analysis finished: 0m 28s
[2026-01-24 16:50:54,397] - [root] - [INFO] - -------------------------------------------
[2026-01-24 16:50:54,397] - [root] - [INFO] - -------------------------------------------
[2026-01-24 16:50:54,397] - [root] - [INFO] - Processing 1-22-2026 10dpi 166-W2021006-146_R1.png
[2026-01-24 16:51:13,117] - [root] - [INFO] - Finished loading mask: 0m 18s
[2026-01-24 16:51:33,411] - [root] - [INFO] - Finished crop and inference: 0m 39s
[2026-01-24 16:51:35,142] - [root] - [INFO] - Analysis finished: 0m 40s
[2026-01-24 16:51:35,142] - [root] - [INFO] - -------------------------------------------
[2026-01-24 16:51:35,142] - [root] - [INFO] - -------------------------------------------
[2026-01-24 16:51:35,142] - [root] - [INFO] - Processing 1-22-2026 10dpi 166-W2021006-146_R2.png
[2026-01-24 16:51:53,809] - [root] - [INFO] - Finished loading mask: 0m 18s
[2026-01-24 16:52:07,198] - [root] - [INFO] - Finished crop and inference: 0m 32s
[2026-01-24 16:52:08,790] - [root] - [INFO] - Analysis finished: 0m 33s
[2026-01-24 16:52:08,790] - [root] - [INFO] - -------------------------------------------
[2026-01-24 16:52:08,790] - [root] - [INFO] - -------------------------------------------
[2026-01-24 16:52:08,790] - [root] - [INFO] - Processing 1-22-2026 10dpi 171-W2021011-584_R1.png
[2026-01-24 16:52:27,956] - [root] - [INFO] - Finished loading mask: 0m 19s
[2026-01-24 16:52:51,434] - [root] - [INFO] - Finished crop and inference: 0m 42s
[2026-01-24 16:52:53,239] - [root] - [INFO] - Analysis finished: 0m 44s
[2026-01-24 16:52:53,239] - [root] - [INFO] - -------------------------------------------
[2026-01-24 16:52:53,239] - [root] - [INFO] - -------------------------------------------
[2026-01-24 16:52:53,240] - [root] - [INFO] - Processing 1-22-2026 10dpi 181-W2021009-295_R2.png
[2026-01-24 16:53:12,746] - [root] - [INFO] - Finished loading mask: 0m 19s
[2026-01-24 16:53:27,225] - [root] - [INFO] - Finished crop and inference: 0m 33s
[2026-01-24 16:53:28,983] - [root] - [INFO] - Analysis finished: 0m 35s
[2026-01-24 16:53:28,983] - [root] - [INFO] - -------------------------------------------
[2026-01-24 16:53:28,983] - [root] - [INFO] - -------------------------------------------
[2026-01-24 16:53:28,983] - [root] - [INFO] - Processing 1-22-2026 10dpi 182-W2021009-251_R1.png
[2026-01-24 16:53:48,045] - [root] - [INFO] - Finished loading mask: 0m 19s
[2026-01-24 16:53:59,341] - [root] - [INFO] - Finished crop and inference: 0m 30s
[2026-01-24 16:54:01,080] - [root] - [INFO] - Analysis finished: 0m 32s
[2026-01-24 16:54:01,080] - [root] - [INFO] - -------------------------------------------
[2026-01-24 16:54:01,080] - [root] - [INFO] - -------------------------------------------
[2026-01-24 16:54:01,080] - [root] - [INFO] - Processing 1-22-2026 10dpi 192-W2021010-449_R2.png
[2026-01-24 16:54:20,850] - [root] - [INFO] - Finished loading mask: 0m 19s
[2026-01-24 16:54:41,391] - [root] - [INFO] - Finished crop and inference: 0m 40s
[2026-01-24 16:54:43,147] - [root] - [INFO] - Analysis finished: 0m 42s
[2026-01-24 16:54:43,147] - [root] - [INFO] - -------------------------------------------
[2026-01-24 16:54:43,147] - [root] - [INFO] - -------------------------------------------
[2026-01-24 16:54:43,147] - [root] - [INFO] - Processing 1-22-2026 10dpi 206-W2021009-271_R2.png
[2026-01-24 16:55:03,933] - [root] - [INFO] - Finished loading mask: 0m 20s
[2026-01-24 16:55:29,425] - [root] - [INFO] - Finished crop and inference: 0m 46s
[2026-01-24 16:55:31,221] - [root] - [INFO] - Analysis finished: 0m 48s
[2026-01-24 16:55:31,222] - [root] - [INFO] - -------------------------------------------
[2026-01-24 16:55:31,222] - [root] - [INFO] - -------------------------------------------
[2026-01-24 16:55:31,222] - [root] - [INFO] - Processing 1-22-2026 10dpi 207-W2021009-271_R1.png
[2026-01-24 16:55:50,982] - [root] - [INFO] - Finished loading mask: 0m 19s
[2026-01-24 16:56:03,310] - [root] - [INFO] - Finished crop and inference: 0m 32s
[2026-01-24 16:56:04,998] - [root] - [INFO] - Analysis finished: 0m 33s
[2026-01-24 16:56:04,999] - [root] - [INFO] - -------------------------------------------
[2026-01-24 16:56:04,999] - [root] - [INFO] - -------------------------------------------
[2026-01-24 16:56:04,999] - [root] - [INFO] - Processing 1-22-2026 10dpi 233-W2021006-607_R1.png
[2026-01-24 16:56:24,600] - [root] - [INFO] - Finished loading mask: 0m 19s
[2026-01-24 16:56:35,613] - [root] - [INFO] - Finished crop and inference: 0m 30s
[2026-01-24 16:56:37,173] - [root] - [INFO] - Analysis finished: 0m 32s
[2026-01-24 16:56:37,173] - [root] - [INFO] - -------------------------------------------
[2026-01-24 16:56:37,181] - [root] - [INFO] - Saved C:\Users\Intel User\Desktop\blackbird_scripts\data\Results\ResNet_upth0.8_downth0.3_Jan22_10-21-00_2026\1-22-2026\th_0.7\severity_rate_tray_10dpi_u0.8_d0.3_ig0.3_sp0.9_20260124_165604.csv
             timestamp time_elapsed  ... severity_rate_patch Gradient_sr2
0  2026-01-24 16:47:10       0m 30s  ...                4.55         0.13

[1 rows x 26 columns]
             timestamp time_elapsed  ... severity_rate_patch Gradient_sr2
0  2026-01-24 16:47:10       0m 30s  ...                4.55         0.13
1  2026-01-24 16:47:40       0m 47s  ...               98.89         3.04

[2 rows x 26 columns]
             timestamp time_elapsed  ... severity_rate_patch Gradient_sr2
0  2026-01-24 16:47:10       0m 30s  ...                4.55         0.13
1  2026-01-24 16:47:40       0m 47s  ...               98.89         3.04
2  2026-01-24 16:48:27       0m 31s  ...                1.37         0.03

[3 rows x 26 columns]
             timestamp time_elapsed  ... severity_rate_patch Gradient_sr2
0  2026-01-24 16:47:10       0m 30s  ...                4.55         0.13
1  2026-01-24 16:47:40       0m 47s  ...               98.89         3.04
2  2026-01-24 16:48:27       0m 31s  ...                1.37         0.03
3  2026-01-24 16:48:59       0m 38s  ...               43.52         1.26

[4 rows x 26 columns]
             timestamp time_elapsed  ... severity_rate_patch Gradient_sr2
0  2026-01-24 16:47:10       0m 30s  ...                4.55         0.13
1  2026-01-24 16:47:40       0m 47s  ...               98.89         3.04
2  2026-01-24 16:48:27       0m 31s  ...                1.37         0.03
3  2026-01-24 16:48:59       0m 38s  ...               43.52         1.26
4  2026-01-24 16:49:37       0m 48s  ...               82.93         2.35

[5 rows x 26 columns]
             timestamp time_elapsed  ... severity_rate_patch Gradient_sr2
0  2026-01-24 16:47:10       0m 30s  ...                4.55         0.13
1  2026-01-24 16:47:40       0m 47s  ...               98.89         3.04
2  2026-01-24 16:48:27       0m 31s  ...                1.37         0.03
3  2026-01-24 16:48:59       0m 38s  ...               43.52         1.26
4  2026-01-24 16:49:37       0m 48s  ...               82.93         2.35
5  2026-01-24 16:50:25       0m 28s  ...                0.83         0.02

[6 rows x 26 columns]
             timestamp time_elapsed  ... severity_rate_patch Gradient_sr2
0  2026-01-24 16:47:10       0m 30s  ...                4.55         0.13
1  2026-01-24 16:47:40       0m 47s  ...               98.89         3.04
2  2026-01-24 16:48:27       0m 31s  ...                1.37         0.03
3  2026-01-24 16:48:59       0m 38s  ...               43.52         1.26
4  2026-01-24 16:49:37       0m 48s  ...               82.93         2.35
5  2026-01-24 16:50:25       0m 28s  ...                0.83         0.02
6  2026-01-24 16:50:54       0m 40s  ...               52.94         1.51

[7 rows x 26 columns]
             timestamp time_elapsed  ... severity_rate_patch Gradient_sr2
0  2026-01-24 16:47:10       0m 30s  ...                4.55         0.13
1  2026-01-24 16:47:40       0m 47s  ...               98.89         3.04
2  2026-01-24 16:48:27       0m 31s  ...                1.37         0.03
3  2026-01-24 16:48:59       0m 38s  ...               43.52         1.26
4  2026-01-24 16:49:37       0m 48s  ...               82.93         2.35
5  2026-01-24 16:50:25       0m 28s  ...                0.83         0.02
6  2026-01-24 16:50:54       0m 40s  ...               52.94         1.51
7  2026-01-24 16:51:35       0m 33s  ...               15.70         0.43

[8 rows x 26 columns]
             timestamp time_elapsed  ... severity_rate_patch Gradient_sr2
0  2026-01-24 16:47:10       0m 30s  ...                4.55         0.13
1  2026-01-24 16:47:40       0m 47s  ...               98.89         3.04
2  2026-01-24 16:48:27       0m 31s  ...                1.37         0.03
3  2026-01-24 16:48:59       0m 38s  ...               43.52         1.26
4  2026-01-24 16:49:37       0m 48s  ...               82.93         2.35
5  2026-01-24 16:50:25       0m 28s  ...                0.83         0.02
6  2026-01-24 16:50:54       0m 40s  ...               52.94         1.51
7  2026-01-24 16:51:35       0m 33s  ...               15.70         0.43
8  2026-01-24 16:52:08       0m 44s  ...               68.62         1.88

[9 rows x 26 columns]
             timestamp time_elapsed  ... severity_rate_patch Gradient_sr2
0  2026-01-24 16:47:10       0m 30s  ...                4.55         0.13
1  2026-01-24 16:47:40       0m 47s  ...               98.89         3.04
2  2026-01-24 16:48:27       0m 31s  ...                1.37         0.03
3  2026-01-24 16:48:59       0m 38s  ...               43.52         1.26
4  2026-01-24 16:49:37       0m 48s  ...               82.93         2.35
5  2026-01-24 16:50:25       0m 28s  ...                0.83         0.02
6  2026-01-24 16:50:54       0m 40s  ...               52.94         1.51
7  2026-01-24 16:51:35       0m 33s  ...               15.70         0.43
8  2026-01-24 16:52:08       0m 44s  ...               68.62         1.88
9  2026-01-24 16:52:53       0m 35s  ...               27.03         0.74

[10 rows x 26 columns]
              timestamp time_elapsed  ... severity_rate_patch Gradient_sr2
0   2026-01-24 16:47:10       0m 30s  ...                4.55         0.13
1   2026-01-24 16:47:40       0m 47s  ...               98.89         3.04
2   2026-01-24 16:48:27       0m 31s  ...                1.37         0.03
3   2026-01-24 16:48:59       0m 38s  ...               43.52         1.26
4   2026-01-24 16:49:37       0m 48s  ...               82.93         2.35
5   2026-01-24 16:50:25       0m 28s  ...                0.83         0.02
6   2026-01-24 16:50:54       0m 40s  ...               52.94         1.51
7   2026-01-24 16:51:35       0m 33s  ...               15.70         0.43
8   2026-01-24 16:52:08       0m 44s  ...               68.62         1.88
9   2026-01-24 16:52:53       0m 35s  ...               27.03         0.74
10  2026-01-24 16:53:28       0m 32s  ...                6.11         0.17

[11 rows x 26 columns]
              timestamp time_elapsed  ... severity_rate_patch Gradient_sr2
0   2026-01-24 16:47:10       0m 30s  ...                4.55         0.13
1   2026-01-24 16:47:40       0m 47s  ...               98.89         3.04
2   2026-01-24 16:48:27       0m 31s  ...                1.37         0.03
3   2026-01-24 16:48:59       0m 38s  ...               43.52         1.26
4   2026-01-24 16:49:37       0m 48s  ...               82.93         2.35
5   2026-01-24 16:50:25       0m 28s  ...                0.83         0.02
6   2026-01-24 16:50:54       0m 40s  ...               52.94         1.51
7   2026-01-24 16:51:35       0m 33s  ...               15.70         0.43
8   2026-01-24 16:52:08       0m 44s  ...               68.62         1.88
9   2026-01-24 16:52:53       0m 35s  ...               27.03         0.74
10  2026-01-24 16:53:28       0m 32s  ...                6.11         0.17
11  2026-01-24 16:54:01       0m 42s  ...               66.36         1.85

[12 rows x 26 columns]
              timestamp time_elapsed  ... severity_rate_patch Gradient_sr2
0   2026-01-24 16:47:10       0m 30s  ...                4.55         0.13
1   2026-01-24 16:47:40       0m 47s  ...               98.89         3.04
2   2026-01-24 16:48:27       0m 31s  ...                1.37         0.03
3   2026-01-24 16:48:59       0m 38s  ...               43.52         1.26
4   2026-01-24 16:49:37       0m 48s  ...               82.93         2.35
5   2026-01-24 16:50:25       0m 28s  ...                0.83         0.02
6   2026-01-24 16:50:54       0m 40s  ...               52.94         1.51
7   2026-01-24 16:51:35       0m 33s  ...               15.70         0.43
8   2026-01-24 16:52:08       0m 44s  ...               68.62         1.88
9   2026-01-24 16:52:53       0m 35s  ...               27.03         0.74
10  2026-01-24 16:53:28       0m 32s  ...                6.11         0.17
11  2026-01-24 16:54:01       0m 42s  ...               66.36         1.85
12  2026-01-24 16:54:43       0m 48s  ...               83.43         2.39

[13 rows x 26 columns]
              timestamp time_elapsed  ... severity_rate_patch Gradient_sr2
0   2026-01-24 16:47:10       0m 30s  ...                4.55         0.13
1   2026-01-24 16:47:40       0m 47s  ...               98.89         3.04
2   2026-01-24 16:48:27       0m 31s  ...                1.37         0.03
3   2026-01-24 16:48:59       0m 38s  ...               43.52         1.26
4   2026-01-24 16:49:37       0m 48s  ...               82.93         2.35
5   2026-01-24 16:50:25       0m 28s  ...                0.83         0.02
6   2026-01-24 16:50:54       0m 40s  ...               52.94         1.51
7   2026-01-24 16:51:35       0m 33s  ...               15.70         0.43
8   2026-01-24 16:52:08       0m 44s  ...               68.62         1.88
9   2026-01-24 16:52:53       0m 35s  ...               27.03         0.74
10  2026-01-24 16:53:28       0m 32s  ...                6.11         0.17
11  2026-01-24 16:54:01       0m 42s  ...               66.36         1.85
12  2026-01-24 16:54:43       0m 48s  ...               83.43         2.39
13  2026-01-24 16:55:31       0m 33s  ...               40.07         1.08

[14 rows x 26 columns]
              timestamp time_elapsed  ... severity_rate_patch Gradient_sr2
0   2026-01-24 16:47:10       0m 30s  ...                4.55         0.13
1   2026-01-24 16:47:40       0m 47s  ...               98.89         3.04
2   2026-01-24 16:48:27       0m 31s  ...                1.37         0.03
3   2026-01-24 16:48:59       0m 38s  ...               43.52         1.26
4   2026-01-24 16:49:37       0m 48s  ...               82.93         2.35
5   2026-01-24 16:50:25       0m 28s  ...                0.83         0.02
6   2026-01-24 16:50:54       0m 40s  ...               52.94         1.51
7   2026-01-24 16:51:35       0m 33s  ...               15.70         0.43
8   2026-01-24 16:52:08       0m 44s  ...               68.62         1.88
9   2026-01-24 16:52:53       0m 35s  ...               27.03         0.74
10  2026-01-24 16:53:28       0m 32s  ...                6.11         0.17
11  2026-01-24 16:54:01       0m 42s  ...               66.36         1.85
12  2026-01-24 16:54:43       0m 48s  ...               83.43         2.39
13  2026-01-24 16:55:31       0m 33s  ...               40.07         1.08
14  2026-01-24 16:56:04       0m 32s  ...               21.04         0.54

[15 rows x 26 columns]

real	9m34.920s
user	0m0.015s
sys	0m0.000s
