[2026-01-23 17:51:38,966] - [root] - [INFO] - leaf_correlation_mw.py
[2026-01-23 17:51:38,966] - [root] - [INFO] - model_type       : ResNet
[2026-01-23 17:51:38,967] - [root] - [INFO] - pretrained       : True
[2026-01-23 17:51:38,967] - [root] - [INFO] - loading_epoch    : 65
[2026-01-23 17:51:38,967] - [root] - [INFO] - timestamp        : Jan22_10-21-00_2026
[2026-01-23 17:51:38,967] - [root] - [INFO] - outdim           : 2
[2026-01-23 17:51:38,967] - [root] - [INFO] - dual_head        : True
[2026-01-23 17:51:38,967] - [root] - [INFO] - model_path       : ../..
[2026-01-23 17:51:38,967] - [root] - [INFO] - step_size        : 224
[2026-01-23 17:51:38,967] - [root] - [INFO] - means            : [0.541, 0.6371, 0.4188]
[2026-01-23 17:51:38,967] - [root] - [INFO] - stds             : [0.1764, 0.165, 0.2326]
[2026-01-23 17:51:38,967] - [root] - [INFO] - target_class     : 1
[2026-01-23 17:51:38,967] - [root] - [INFO] - contam_control   : False
[2026-01-23 17:51:38,967] - [root] - [INFO] - spor_th          : 0.6
[2026-01-23 17:51:38,967] - [root] - [INFO] - inf_gate         : 0.5
[2026-01-23 17:51:38,968] - [root] - [INFO] - pm               : HPM-1269
[2026-01-23 17:51:38,968] - [root] - [INFO] - mps              : False
[2026-01-23 17:51:38,968] - [root] - [INFO] - cuda             : True
[2026-01-23 17:51:38,968] - [root] - [INFO] - cuda_id          : 0
[2026-01-23 17:51:38,968] - [root] - [INFO] - sal_threshold    : 0.5
[2026-01-23 17:51:38,968] - [root] - [INFO] - up_threshold     : 0.7
[2026-01-23 17:51:38,968] - [root] - [INFO] - down_threshold   : 0.1
[2026-01-23 17:51:38,968] - [root] - [INFO] - dataset_path     : C:/Users/Intel User/Desktop/blackbird_scripts/data/human_disk_assessments
[2026-01-23 17:51:38,968] - [root] - [INFO] - img_folder       : 1-22-2026
[2026-01-23 17:51:38,968] - [root] - [INFO] - platform         : BlackBird
[2026-01-23 17:51:38,968] - [root] - [INFO] - threshold        : ['0.7']
[2026-01-23 17:51:38,968] - [root] - [INFO] - log              : ../../results/logs/random.log
[2026-01-23 17:51:38,968] - [root] - [INFO] - dpi              : 5
[2026-01-23 17:51:38,968] - [root] - [INFO] - group            : baseline
[2026-01-23 17:51:38,968] - [root] - [INFO] - trays            : ['5dpi']
[2026-01-23 17:51:38,969] - [root] - [INFO] - sal_gradcam      : False
[2026-01-23 17:51:38,969] - [root] - [INFO] - sal_gradient     : True
[2026-01-23 17:51:38,969] - [root] - [INFO] - sal_smoothgrad   : False
[2026-01-23 17:51:38,969] - [root] - [INFO] - sal_deeplift     : False
[2026-01-23 17:51:38,969] - [root] - [INFO] - sal_thresh_method : fixed
[2026-01-23 17:51:38,969] - [root] - [INFO] - sal_thresh_p     : 95.0
[2026-01-23 17:51:39,942] - [root] - [INFO] - -------------------------------------------
[2026-01-23 17:51:39,942] - [root] - [INFO] - Processing 1-22-2026 5dpi 015-W2021009-160_R1.png
[2026-01-23 17:52:01,417] - [root] - [INFO] - Finished loading mask: 0m 21s
[2026-01-23 17:52:14,552] - [root] - [INFO] - Finished crop and inference: 0m 34s
[2026-01-23 17:52:16,013] - [root] - [INFO] - Analysis finished: 0m 36s
[2026-01-23 17:52:16,013] - [root] - [INFO] - -------------------------------------------
[2026-01-23 17:52:16,013] - [root] - [INFO] - -------------------------------------------
[2026-01-23 17:52:16,013] - [root] - [INFO] - Processing 1-22-2026 5dpi 015-W2021011-633_R1.png
[2026-01-23 17:52:37,714] - [root] - [INFO] - Finished loading mask: 0m 21s
[2026-01-23 17:52:50,073] - [root] - [INFO] - Finished crop and inference: 0m 34s
[2026-01-23 17:52:51,740] - [root] - [INFO] - Analysis finished: 0m 35s
[2026-01-23 17:52:51,740] - [root] - [INFO] - -------------------------------------------
[2026-01-23 17:52:51,741] - [root] - [INFO] - -------------------------------------------
[2026-01-23 17:52:51,741] - [root] - [INFO] - Processing 1-22-2026 5dpi 019-W2021010-428_R2.png
[2026-01-23 17:53:13,832] - [root] - [INFO] - Finished loading mask: 0m 22s
[2026-01-23 17:53:22,252] - [root] - [INFO] - Finished crop and inference: 0m 30s
[2026-01-23 17:53:23,972] - [root] - [INFO] - Analysis finished: 0m 32s
[2026-01-23 17:53:23,972] - [root] - [INFO] - -------------------------------------------
[2026-01-23 17:53:23,972] - [root] - [INFO] - -------------------------------------------
[2026-01-23 17:53:23,972] - [root] - [INFO] - Processing 1-22-2026 5dpi 021-W2021009-175_R1.png
[2026-01-23 17:53:45,619] - [root] - [INFO] - Finished loading mask: 0m 21s
[2026-01-23 17:53:55,307] - [root] - [INFO] - Finished crop and inference: 0m 31s
[2026-01-23 17:53:56,971] - [root] - [INFO] - Analysis finished: 0m 32s
[2026-01-23 17:53:56,971] - [root] - [INFO] - -------------------------------------------
[2026-01-23 17:53:56,971] - [root] - [INFO] - -------------------------------------------
[2026-01-23 17:53:56,971] - [root] - [INFO] - Processing 1-22-2026 5dpi 022-W2021009-198_R2.png
[2026-01-23 17:54:18,887] - [root] - [INFO] - Finished loading mask: 0m 21s
[2026-01-23 17:54:30,504] - [root] - [INFO] - Finished crop and inference: 0m 33s
[2026-01-23 17:54:32,089] - [root] - [INFO] - Analysis finished: 0m 35s
[2026-01-23 17:54:32,089] - [root] - [INFO] - -------------------------------------------
[2026-01-23 17:54:32,090] - [root] - [INFO] - -------------------------------------------
[2026-01-23 17:54:32,090] - [root] - [INFO] - Processing 1-22-2026 5dpi 036-W2021006-047_R2.png
[2026-01-23 17:54:54,265] - [root] - [INFO] - Finished loading mask: 0m 22s
[2026-01-23 17:55:03,183] - [root] - [INFO] - Finished crop and inference: 0m 31s
[2026-01-23 17:55:04,752] - [root] - [INFO] - Analysis finished: 0m 32s
[2026-01-23 17:55:04,752] - [root] - [INFO] - -------------------------------------------
[2026-01-23 17:55:04,752] - [root] - [INFO] - -------------------------------------------
[2026-01-23 17:55:04,752] - [root] - [INFO] - Processing 1-22-2026 5dpi 060-W2021010-324_R2.png
[2026-01-23 17:55:26,660] - [root] - [INFO] - Finished loading mask: 0m 21s
[2026-01-23 17:55:37,373] - [root] - [INFO] - Finished crop and inference: 0m 32s
[2026-01-23 17:55:39,029] - [root] - [INFO] - Analysis finished: 0m 34s
[2026-01-23 17:55:39,029] - [root] - [INFO] - -------------------------------------------
[2026-01-23 17:55:39,029] - [root] - [INFO] - -------------------------------------------
[2026-01-23 17:55:39,029] - [root] - [INFO] - Processing 1-22-2026 5dpi 099-W2021006-611_R2.png
[2026-01-23 17:56:01,011] - [root] - [INFO] - Finished loading mask: 0m 21s
[2026-01-23 17:56:16,394] - [root] - [INFO] - Finished crop and inference: 0m 37s
[2026-01-23 17:56:17,961] - [root] - [INFO] - Analysis finished: 0m 38s
[2026-01-23 17:56:17,962] - [root] - [INFO] - -------------------------------------------
[2026-01-23 17:56:17,962] - [root] - [INFO] - -------------------------------------------
[2026-01-23 17:56:17,962] - [root] - [INFO] - Processing 1-22-2026 5dpi 123-W2021009-255_R2.png
[2026-01-23 17:56:39,886] - [root] - [INFO] - Finished loading mask: 0m 21s
[2026-01-23 17:56:50,456] - [root] - [INFO] - Finished crop and inference: 0m 32s
[2026-01-23 17:56:52,052] - [root] - [INFO] - Analysis finished: 0m 34s
[2026-01-23 17:56:52,053] - [root] - [INFO] - -------------------------------------------
[2026-01-23 17:56:52,053] - [root] - [INFO] - -------------------------------------------
[2026-01-23 17:56:52,053] - [root] - [INFO] - Processing 1-22-2026 5dpi 141-W2021009-274_R1.png
[2026-01-23 17:57:13,938] - [root] - [INFO] - Finished loading mask: 0m 21s
[2026-01-23 17:57:37,327] - [root] - [INFO] - Finished crop and inference: 0m 45s
[2026-01-23 17:57:39,016] - [root] - [INFO] - Analysis finished: 0m 46s
[2026-01-23 17:57:39,016] - [root] - [INFO] - -------------------------------------------
[2026-01-23 17:57:39,016] - [root] - [INFO] - -------------------------------------------
[2026-01-23 17:57:39,016] - [root] - [INFO] - Processing 1-22-2026 5dpi 173-W2021006-127_R2.png
[2026-01-23 17:58:01,503] - [root] - [INFO] - Finished loading mask: 0m 22s
[2026-01-23 17:58:11,238] - [root] - [INFO] - Finished crop and inference: 0m 32s
[2026-01-23 17:58:12,903] - [root] - [INFO] - Analysis finished: 0m 33s
[2026-01-23 17:58:12,903] - [root] - [INFO] - -------------------------------------------
[2026-01-23 17:58:12,904] - [root] - [INFO] - -------------------------------------------
[2026-01-23 17:58:12,904] - [root] - [INFO] - Processing 1-22-2026 5dpi 191-W2021010-449_R1.png
[2026-01-23 17:58:35,334] - [root] - [INFO] - Finished loading mask: 0m 22s
[2026-01-23 17:58:47,833] - [root] - [INFO] - Finished crop and inference: 0m 34s
[2026-01-23 17:58:49,407] - [root] - [INFO] - Analysis finished: 0m 36s
[2026-01-23 17:58:49,408] - [root] - [INFO] - -------------------------------------------
[2026-01-23 17:58:49,408] - [root] - [INFO] - -------------------------------------------
[2026-01-23 17:58:49,408] - [root] - [INFO] - Processing 1-22-2026 5dpi 254-W2021010-352_R2.png
[2026-01-23 17:59:10,667] - [root] - [INFO] - Finished loading mask: 0m 21s
[2026-01-23 17:59:18,223] - [root] - [INFO] - Finished crop and inference: 0m 28s
[2026-01-23 17:59:19,803] - [root] - [INFO] - Analysis finished: 0m 30s
[2026-01-23 17:59:19,803] - [root] - [INFO] - -------------------------------------------
[2026-01-23 17:59:19,803] - [root] - [INFO] - -------------------------------------------
[2026-01-23 17:59:19,803] - [root] - [INFO] - Processing 1-22-2026 5dpi 266-W2021009-193_R1.png
[2026-01-23 17:59:40,328] - [root] - [INFO] - Finished loading mask: 0m 20s
[2026-01-23 17:59:50,001] - [root] - [INFO] - Finished crop and inference: 0m 30s
[2026-01-23 17:59:51,638] - [root] - [INFO] - Analysis finished: 0m 31s
[2026-01-23 17:59:51,638] - [root] - [INFO] - -------------------------------------------
[2026-01-23 17:59:51,638] - [root] - [INFO] - -------------------------------------------
[2026-01-23 17:59:51,638] - [root] - [INFO] - Processing 1-22-2026 5dpi 336-W2021011-506_R2.png
[2026-01-23 18:00:13,546] - [root] - [INFO] - Finished loading mask: 0m 21s
[2026-01-23 18:00:29,553] - [root] - [INFO] - Finished crop and inference: 0m 37s
[2026-01-23 18:00:31,223] - [root] - [INFO] - Analysis finished: 0m 39s
[2026-01-23 18:00:31,223] - [root] - [INFO] - -------------------------------------------
[2026-01-23 18:00:31,231] - [root] - [INFO] - Saved C:\Users\Intel User\Desktop\blackbird_scripts\data\Results\ResNet_upth0.7_downth0.1_Jan22_10-21-00_2026\1-22-2026\th_0.7\severity_rate_tray_5dpi_u0.7_d0.1_ig0.5_sp0.6.csv
             timestamp time_elapsed  ... severity_rate_patch Gradient_sr2
0  2026-01-23 17:51:39       0m 36s  ...               37.43         0.86

[1 rows x 24 columns]
             timestamp time_elapsed  ... severity_rate_patch Gradient_sr2
0  2026-01-23 17:51:39       0m 36s  ...               37.43         0.86
1  2026-01-23 17:52:16       0m 35s  ...               19.28         0.54

[2 rows x 24 columns]
             timestamp time_elapsed  ... severity_rate_patch Gradient_sr2
0  2026-01-23 17:51:39       0m 36s  ...               37.43         0.86
1  2026-01-23 17:52:16       0m 35s  ...               19.28         0.54
2  2026-01-23 17:52:51       0m 32s  ...                1.31         0.03

[3 rows x 24 columns]
             timestamp time_elapsed  ... severity_rate_patch Gradient_sr2
0  2026-01-23 17:51:39       0m 36s  ...               37.43         0.86
1  2026-01-23 17:52:16       0m 35s  ...               19.28         0.54
2  2026-01-23 17:52:51       0m 32s  ...                1.31         0.03
3  2026-01-23 17:53:23       0m 32s  ...                2.65         0.07

[4 rows x 24 columns]
             timestamp time_elapsed  ... severity_rate_patch Gradient_sr2
0  2026-01-23 17:51:39       0m 36s  ...               37.43         0.86
1  2026-01-23 17:52:16       0m 35s  ...               19.28         0.54
2  2026-01-23 17:52:51       0m 32s  ...                1.31         0.03
3  2026-01-23 17:53:23       0m 32s  ...                2.65         0.07
4  2026-01-23 17:53:56       0m 35s  ...               18.20         0.42

[5 rows x 24 columns]
             timestamp time_elapsed  ... severity_rate_patch Gradient_sr2
0  2026-01-23 17:51:39       0m 36s  ...               37.43         0.86
1  2026-01-23 17:52:16       0m 35s  ...               19.28         0.54
2  2026-01-23 17:52:51       0m 32s  ...                1.31         0.03
3  2026-01-23 17:53:23       0m 32s  ...                2.65         0.07
4  2026-01-23 17:53:56       0m 35s  ...               18.20         0.42
5  2026-01-23 17:54:32       0m 32s  ...                0.76         0.02

[6 rows x 24 columns]
             timestamp time_elapsed  ... severity_rate_patch Gradient_sr2
0  2026-01-23 17:51:39       0m 36s  ...               37.43         0.86
1  2026-01-23 17:52:16       0m 35s  ...               19.28         0.54
2  2026-01-23 17:52:51       0m 32s  ...                1.31         0.03
3  2026-01-23 17:53:23       0m 32s  ...                2.65         0.07
4  2026-01-23 17:53:56       0m 35s  ...               18.20         0.42
5  2026-01-23 17:54:32       0m 32s  ...                0.76         0.02
6  2026-01-23 17:55:04       0m 34s  ...                2.33         0.06

[7 rows x 24 columns]
             timestamp time_elapsed  ... severity_rate_patch Gradient_sr2
0  2026-01-23 17:51:39       0m 36s  ...               37.43         0.86
1  2026-01-23 17:52:16       0m 35s  ...               19.28         0.54
2  2026-01-23 17:52:51       0m 32s  ...                1.31         0.03
3  2026-01-23 17:53:23       0m 32s  ...                2.65         0.07
4  2026-01-23 17:53:56       0m 35s  ...               18.20         0.42
5  2026-01-23 17:54:32       0m 32s  ...                0.76         0.02
6  2026-01-23 17:55:04       0m 34s  ...                2.33         0.06
7  2026-01-23 17:55:39       0m 38s  ...               45.55         1.12

[8 rows x 24 columns]
             timestamp time_elapsed  ... severity_rate_patch Gradient_sr2
0  2026-01-23 17:51:39       0m 36s  ...               37.43         0.86
1  2026-01-23 17:52:16       0m 35s  ...               19.28         0.54
2  2026-01-23 17:52:51       0m 32s  ...                1.31         0.03
3  2026-01-23 17:53:23       0m 32s  ...                2.65         0.07
4  2026-01-23 17:53:56       0m 35s  ...               18.20         0.42
5  2026-01-23 17:54:32       0m 32s  ...                0.76         0.02
6  2026-01-23 17:55:04       0m 34s  ...                2.33         0.06
7  2026-01-23 17:55:39       0m 38s  ...               45.55         1.12
8  2026-01-23 17:56:17       0m 34s  ...               10.85         0.23

[9 rows x 24 columns]
             timestamp time_elapsed  ... severity_rate_patch Gradient_sr2
0  2026-01-23 17:51:39       0m 36s  ...               37.43         0.86
1  2026-01-23 17:52:16       0m 35s  ...               19.28         0.54
2  2026-01-23 17:52:51       0m 32s  ...                1.31         0.03
3  2026-01-23 17:53:23       0m 32s  ...                2.65         0.07
4  2026-01-23 17:53:56       0m 35s  ...               18.20         0.42
5  2026-01-23 17:54:32       0m 32s  ...                0.76         0.02
6  2026-01-23 17:55:04       0m 34s  ...                2.33         0.06
7  2026-01-23 17:55:39       0m 38s  ...               45.55         1.12
8  2026-01-23 17:56:17       0m 34s  ...               10.85         0.23
9  2026-01-23 17:56:52       0m 46s  ...               86.54         2.56

[10 rows x 24 columns]
              timestamp time_elapsed  ... severity_rate_patch Gradient_sr2
0   2026-01-23 17:51:39       0m 36s  ...               37.43         0.86
1   2026-01-23 17:52:16       0m 35s  ...               19.28         0.54
2   2026-01-23 17:52:51       0m 32s  ...                1.31         0.03
3   2026-01-23 17:53:23       0m 32s  ...                2.65         0.07
4   2026-01-23 17:53:56       0m 35s  ...               18.20         0.42
5   2026-01-23 17:54:32       0m 32s  ...                0.76         0.02
6   2026-01-23 17:55:04       0m 34s  ...                2.33         0.06
7   2026-01-23 17:55:39       0m 38s  ...               45.55         1.12
8   2026-01-23 17:56:17       0m 34s  ...               10.85         0.23
9   2026-01-23 17:56:52       0m 46s  ...               86.54         2.56
10  2026-01-23 17:57:39       0m 33s  ...                1.50         0.04

[11 rows x 24 columns]
              timestamp time_elapsed  ... severity_rate_patch Gradient_sr2
0   2026-01-23 17:51:39       0m 36s  ...               37.43         0.86
1   2026-01-23 17:52:16       0m 35s  ...               19.28         0.54
2   2026-01-23 17:52:51       0m 32s  ...                1.31         0.03
3   2026-01-23 17:53:23       0m 32s  ...                2.65         0.07
4   2026-01-23 17:53:56       0m 35s  ...               18.20         0.42
5   2026-01-23 17:54:32       0m 32s  ...                0.76         0.02
6   2026-01-23 17:55:04       0m 34s  ...                2.33         0.06
7   2026-01-23 17:55:39       0m 38s  ...               45.55         1.12
8   2026-01-23 17:56:17       0m 34s  ...               10.85         0.23
9   2026-01-23 17:56:52       0m 46s  ...               86.54         2.56
10  2026-01-23 17:57:39       0m 33s  ...                1.50         0.04
11  2026-01-23 17:58:12       0m 36s  ...               21.53         0.57

[12 rows x 24 columns]
              timestamp time_elapsed  ... severity_rate_patch Gradient_sr2
0   2026-01-23 17:51:39       0m 36s  ...               37.43         0.86
1   2026-01-23 17:52:16       0m 35s  ...               19.28         0.54
2   2026-01-23 17:52:51       0m 32s  ...                1.31         0.03
3   2026-01-23 17:53:23       0m 32s  ...                2.65         0.07
4   2026-01-23 17:53:56       0m 35s  ...               18.20         0.42
5   2026-01-23 17:54:32       0m 32s  ...                0.76         0.02
6   2026-01-23 17:55:04       0m 34s  ...                2.33         0.06
7   2026-01-23 17:55:39       0m 38s  ...               45.55         1.12
8   2026-01-23 17:56:17       0m 34s  ...               10.85         0.23
9   2026-01-23 17:56:52       0m 46s  ...               86.54         2.56
10  2026-01-23 17:57:39       0m 33s  ...                1.50         0.04
11  2026-01-23 17:58:12       0m 36s  ...               21.53         0.57
12  2026-01-23 17:58:49       0m 30s  ...                1.84         0.05

[13 rows x 24 columns]
              timestamp time_elapsed  ... severity_rate_patch Gradient_sr2
0   2026-01-23 17:51:39       0m 36s  ...               37.43         0.86
1   2026-01-23 17:52:16       0m 35s  ...               19.28         0.54
2   2026-01-23 17:52:51       0m 32s  ...                1.31         0.03
3   2026-01-23 17:53:23       0m 32s  ...                2.65         0.07
4   2026-01-23 17:53:56       0m 35s  ...               18.20         0.42
5   2026-01-23 17:54:32       0m 32s  ...                0.76         0.02
6   2026-01-23 17:55:04       0m 34s  ...                2.33         0.06
7   2026-01-23 17:55:39       0m 38s  ...               45.55         1.12
8   2026-01-23 17:56:17       0m 34s  ...               10.85         0.23
9   2026-01-23 17:56:52       0m 46s  ...               86.54         2.56
10  2026-01-23 17:57:39       0m 33s  ...                1.50         0.04
11  2026-01-23 17:58:12       0m 36s  ...               21.53         0.57
12  2026-01-23 17:58:49       0m 30s  ...                1.84         0.05
13  2026-01-23 17:59:19       0m 31s  ...                8.53         0.22

[14 rows x 24 columns]
              timestamp time_elapsed  ... severity_rate_patch Gradient_sr2
0   2026-01-23 17:51:39       0m 36s  ...               37.43         0.86
1   2026-01-23 17:52:16       0m 35s  ...               19.28         0.54
2   2026-01-23 17:52:51       0m 32s  ...                1.31         0.03
3   2026-01-23 17:53:23       0m 32s  ...                2.65         0.07
4   2026-01-23 17:53:56       0m 35s  ...               18.20         0.42
5   2026-01-23 17:54:32       0m 32s  ...                0.76         0.02
6   2026-01-23 17:55:04       0m 34s  ...                2.33         0.06
7   2026-01-23 17:55:39       0m 38s  ...               45.55         1.12
8   2026-01-23 17:56:17       0m 34s  ...               10.85         0.23
9   2026-01-23 17:56:52       0m 46s  ...               86.54         2.56
10  2026-01-23 17:57:39       0m 33s  ...                1.50         0.04
11  2026-01-23 17:58:12       0m 36s  ...               21.53         0.57
12  2026-01-23 17:58:49       0m 30s  ...                1.84         0.05
13  2026-01-23 17:59:19       0m 31s  ...                8.53         0.22
14  2026-01-23 17:59:51       0m 39s  ...               46.19         1.20

[15 rows x 24 columns]

real	8m59.050s
user	0m0.000s
sys	0m0.015s
