[2026-01-24 16:36:27,671] - [root] - [INFO] - leaf_correlation_mw.py
[2026-01-24 16:36:27,671] - [root] - [INFO] - model_type       : ResNet
[2026-01-24 16:36:27,671] - [root] - [INFO] - pretrained       : True
[2026-01-24 16:36:27,671] - [root] - [INFO] - loading_epoch    : 65
[2026-01-24 16:36:27,671] - [root] - [INFO] - timestamp        : Jan22_10-21-00_2026
[2026-01-24 16:36:27,671] - [root] - [INFO] - outdim           : 2
[2026-01-24 16:36:27,671] - [root] - [INFO] - dual_head        : True
[2026-01-24 16:36:27,672] - [root] - [INFO] - model_path       : ../..
[2026-01-24 16:36:27,672] - [root] - [INFO] - step_size        : 224
[2026-01-24 16:36:27,672] - [root] - [INFO] - means            : [0.541, 0.6371, 0.4188]
[2026-01-24 16:36:27,672] - [root] - [INFO] - stds             : [0.1764, 0.165, 0.2326]
[2026-01-24 16:36:27,672] - [root] - [INFO] - target_class     : 1
[2026-01-24 16:36:27,672] - [root] - [INFO] - contam_control   : False
[2026-01-24 16:36:27,672] - [root] - [INFO] - spor_th          : 0.9
[2026-01-24 16:36:27,672] - [root] - [INFO] - inf_gate         : 0.5
[2026-01-24 16:36:27,672] - [root] - [INFO] - pm               : HPM-1269
[2026-01-24 16:36:27,673] - [root] - [INFO] - mps              : False
[2026-01-24 16:36:27,673] - [root] - [INFO] - cuda             : True
[2026-01-24 16:36:27,673] - [root] - [INFO] - cuda_id          : 0
[2026-01-24 16:36:27,673] - [root] - [INFO] - sal_threshold    : 0.5
[2026-01-24 16:36:27,673] - [root] - [INFO] - up_threshold     : 0.5
[2026-01-24 16:36:27,673] - [root] - [INFO] - down_threshold   : 0.3
[2026-01-24 16:36:27,673] - [root] - [INFO] - dataset_path     : C:/Users/Intel User/Desktop/blackbird_scripts/data/human_disk_assessments
[2026-01-24 16:36:27,673] - [root] - [INFO] - img_folder       : 1-22-2026
[2026-01-24 16:36:27,673] - [root] - [INFO] - platform         : BlackBird
[2026-01-24 16:36:27,673] - [root] - [INFO] - threshold        : ['0.7']
[2026-01-24 16:36:27,673] - [root] - [INFO] - log              : ../../results/logs/random.log
[2026-01-24 16:36:27,673] - [root] - [INFO] - dpi              : 10
[2026-01-24 16:36:27,673] - [root] - [INFO] - group            : baseline
[2026-01-24 16:36:27,673] - [root] - [INFO] - trays            : ['10dpi']
[2026-01-24 16:36:27,673] - [root] - [INFO] - sal_gradcam      : False
[2026-01-24 16:36:27,673] - [root] - [INFO] - sal_gradient     : True
[2026-01-24 16:36:27,674] - [root] - [INFO] - sal_smoothgrad   : False
[2026-01-24 16:36:27,674] - [root] - [INFO] - sal_deeplift     : False
[2026-01-24 16:36:27,674] - [root] - [INFO] - sal_thresh_method : fixed
[2026-01-24 16:36:27,674] - [root] - [INFO] - sal_thresh_p     : 95.0
[2026-01-24 16:36:28,671] - [root] - [INFO] - -------------------------------------------
[2026-01-24 16:36:28,671] - [root] - [INFO] - Processing 1-22-2026 10dpi 046-W2021009-208_R2.png
[2026-01-24 16:36:50,056] - [root] - [INFO] - Finished loading mask: 0m 21s
[2026-01-24 16:37:01,569] - [root] - [INFO] - Finished crop and inference: 0m 32s
[2026-01-24 16:37:03,571] - [root] - [INFO] - Analysis finished: 0m 34s
[2026-01-24 16:37:03,571] - [root] - [INFO] - -------------------------------------------
[2026-01-24 16:37:03,572] - [root] - [INFO] - -------------------------------------------
[2026-01-24 16:37:03,572] - [root] - [INFO] - Processing 1-22-2026 10dpi 151-W2021011-479_R2.png
[2026-01-24 16:37:25,673] - [root] - [INFO] - Finished loading mask: 0m 22s
[2026-01-24 16:37:54,538] - [root] - [INFO] - Finished crop and inference: 0m 50s
[2026-01-24 16:37:56,533] - [root] - [INFO] - Analysis finished: 0m 52s
[2026-01-24 16:37:56,533] - [root] - [INFO] - -------------------------------------------
[2026-01-24 16:37:56,533] - [root] - [INFO] - -------------------------------------------
[2026-01-24 16:37:56,534] - [root] - [INFO] - Processing 1-22-2026 10dpi 152-W2021010-301_R2.png
[2026-01-24 16:38:18,968] - [root] - [INFO] - Finished loading mask: 0m 22s
[2026-01-24 16:38:30,927] - [root] - [INFO] - Finished crop and inference: 0m 34s
[2026-01-24 16:38:32,872] - [root] - [INFO] - Analysis finished: 0m 36s
[2026-01-24 16:38:32,873] - [root] - [INFO] - -------------------------------------------
[2026-01-24 16:38:32,873] - [root] - [INFO] - -------------------------------------------
[2026-01-24 16:38:32,873] - [root] - [INFO] - Processing 1-22-2026 10dpi 152-W2021011-479_R1.png
[2026-01-24 16:38:55,883] - [root] - [INFO] - Finished loading mask: 0m 23s
[2026-01-24 16:39:15,015] - [root] - [INFO] - Finished crop and inference: 0m 42s
[2026-01-24 16:39:17,013] - [root] - [INFO] - Analysis finished: 0m 44s
[2026-01-24 16:39:17,013] - [root] - [INFO] - -------------------------------------------
[2026-01-24 16:39:17,014] - [root] - [INFO] - -------------------------------------------
[2026-01-24 16:39:17,014] - [root] - [INFO] - Processing 1-22-2026 10dpi 162-W2021011-551_R2.png
[2026-01-24 16:39:39,269] - [root] - [INFO] - Finished loading mask: 0m 22s
[2026-01-24 16:40:08,776] - [root] - [INFO] - Finished crop and inference: 0m 51s
[2026-01-24 16:40:10,729] - [root] - [INFO] - Analysis finished: 0m 53s
[2026-01-24 16:40:10,729] - [root] - [INFO] - -------------------------------------------
[2026-01-24 16:40:10,730] - [root] - [INFO] - -------------------------------------------
[2026-01-24 16:40:10,730] - [root] - [INFO] - Processing 1-22-2026 10dpi 166-W2021006-123_R1.png
[2026-01-24 16:40:32,651] - [root] - [INFO] - Finished loading mask: 0m 21s
[2026-01-24 16:40:42,464] - [root] - [INFO] - Finished crop and inference: 0m 31s
[2026-01-24 16:40:44,296] - [root] - [INFO] - Analysis finished: 0m 33s
[2026-01-24 16:40:44,296] - [root] - [INFO] - -------------------------------------------
[2026-01-24 16:40:44,296] - [root] - [INFO] - -------------------------------------------
[2026-01-24 16:40:44,296] - [root] - [INFO] - Processing 1-22-2026 10dpi 166-W2021006-146_R1.png
[2026-01-24 16:41:05,826] - [root] - [INFO] - Finished loading mask: 0m 21s
[2026-01-24 16:41:28,106] - [root] - [INFO] - Finished crop and inference: 0m 43s
[2026-01-24 16:41:29,906] - [root] - [INFO] - Analysis finished: 0m 45s
[2026-01-24 16:41:29,907] - [root] - [INFO] - -------------------------------------------
[2026-01-24 16:41:29,907] - [root] - [INFO] - -------------------------------------------
[2026-01-24 16:41:29,907] - [root] - [INFO] - Processing 1-22-2026 10dpi 166-W2021006-146_R2.png
[2026-01-24 16:41:52,113] - [root] - [INFO] - Finished loading mask: 0m 22s
[2026-01-24 16:42:06,539] - [root] - [INFO] - Finished crop and inference: 0m 36s
[2026-01-24 16:42:08,307] - [root] - [INFO] - Analysis finished: 0m 38s
[2026-01-24 16:42:08,307] - [root] - [INFO] - -------------------------------------------
[2026-01-24 16:42:08,307] - [root] - [INFO] - -------------------------------------------
[2026-01-24 16:42:08,307] - [root] - [INFO] - Processing 1-22-2026 10dpi 171-W2021011-584_R1.png
[2026-01-24 16:42:30,899] - [root] - [INFO] - Finished loading mask: 0m 22s
[2026-01-24 16:42:57,735] - [root] - [INFO] - Finished crop and inference: 0m 49s
[2026-01-24 16:42:59,556] - [root] - [INFO] - Analysis finished: 0m 51s
[2026-01-24 16:42:59,556] - [root] - [INFO] - -------------------------------------------
[2026-01-24 16:42:59,556] - [root] - [INFO] - -------------------------------------------
[2026-01-24 16:42:59,556] - [root] - [INFO] - Processing 1-22-2026 10dpi 181-W2021009-295_R2.png
[2026-01-24 16:43:21,535] - [root] - [INFO] - Finished loading mask: 0m 21s
[2026-01-24 16:43:37,865] - [root] - [INFO] - Finished crop and inference: 0m 38s
[2026-01-24 16:43:39,750] - [root] - [INFO] - Analysis finished: 0m 40s
[2026-01-24 16:43:39,750] - [root] - [INFO] - -------------------------------------------
[2026-01-24 16:43:39,750] - [root] - [INFO] - -------------------------------------------
[2026-01-24 16:43:39,750] - [root] - [INFO] - Processing 1-22-2026 10dpi 182-W2021009-251_R1.png
[2026-01-24 16:44:01,907] - [root] - [INFO] - Finished loading mask: 0m 22s
[2026-01-24 16:44:14,988] - [root] - [INFO] - Finished crop and inference: 0m 35s
[2026-01-24 16:44:16,919] - [root] - [INFO] - Analysis finished: 0m 37s
[2026-01-24 16:44:16,919] - [root] - [INFO] - -------------------------------------------
[2026-01-24 16:44:16,919] - [root] - [INFO] - -------------------------------------------
[2026-01-24 16:44:16,919] - [root] - [INFO] - Processing 1-22-2026 10dpi 192-W2021010-449_R2.png
[2026-01-24 16:44:38,453] - [root] - [INFO] - Finished loading mask: 0m 21s
[2026-01-24 16:45:01,482] - [root] - [INFO] - Finished crop and inference: 0m 44s
[2026-01-24 16:45:03,220] - [root] - [INFO] - Analysis finished: 0m 46s
[2026-01-24 16:45:03,221] - [root] - [INFO] - -------------------------------------------
[2026-01-24 16:45:03,221] - [root] - [INFO] - -------------------------------------------
[2026-01-24 16:45:03,221] - [root] - [INFO] - Processing 1-22-2026 10dpi 206-W2021009-271_R2.png
[2026-01-24 16:45:25,615] - [root] - [INFO] - Finished loading mask: 0m 22s
[2026-01-24 16:45:54,305] - [root] - [INFO] - Finished crop and inference: 0m 51s
[2026-01-24 16:45:55,908] - [root] - [INFO] - Analysis finished: 0m 52s
[2026-01-24 16:45:55,909] - [root] - [INFO] - -------------------------------------------
[2026-01-24 16:45:55,909] - [root] - [INFO] - -------------------------------------------
[2026-01-24 16:45:55,909] - [root] - [INFO] - Processing 1-22-2026 10dpi 207-W2021009-271_R1.png
[2026-01-24 16:46:16,092] - [root] - [INFO] - Finished loading mask: 0m 20s
[2026-01-24 16:46:30,263] - [root] - [INFO] - Finished crop and inference: 0m 34s
[2026-01-24 16:46:31,832] - [root] - [INFO] - Analysis finished: 0m 35s
[2026-01-24 16:46:31,832] - [root] - [INFO] - -------------------------------------------
[2026-01-24 16:46:31,832] - [root] - [INFO] - -------------------------------------------
[2026-01-24 16:46:31,832] - [root] - [INFO] - Processing 1-22-2026 10dpi 233-W2021006-607_R1.png
[2026-01-24 16:46:51,816] - [root] - [INFO] - Finished loading mask: 0m 19s
[2026-01-24 16:47:05,563] - [root] - [INFO] - Finished crop and inference: 0m 33s
[2026-01-24 16:47:07,036] - [root] - [INFO] - Analysis finished: 0m 35s
[2026-01-24 16:47:07,036] - [root] - [INFO] - -------------------------------------------
[2026-01-24 16:47:07,048] - [root] - [INFO] - Saved C:\Users\Intel User\Desktop\blackbird_scripts\data\Results\ResNet_upth0.5_downth0.3_Jan22_10-21-00_2026\1-22-2026\th_0.7\severity_rate_tray_10dpi_u0.5_d0.3_ig0.5_sp0.9_20260124_164631.csv
             timestamp time_elapsed  ... severity_rate_patch Gradient_sr2
0  2026-01-24 16:36:28       0m 34s  ...                5.27         0.15

[1 rows x 26 columns]
             timestamp time_elapsed  ... severity_rate_patch Gradient_sr2
0  2026-01-24 16:36:28       0m 34s  ...                5.27         0.15
1  2026-01-24 16:37:03       0m 52s  ...               98.89         3.04

[2 rows x 26 columns]
             timestamp time_elapsed  ... severity_rate_patch Gradient_sr2
0  2026-01-24 16:36:28       0m 34s  ...                5.27         0.15
1  2026-01-24 16:37:03       0m 52s  ...               98.89         3.04
2  2026-01-24 16:37:56       0m 36s  ...                2.30         0.06

[3 rows x 26 columns]
             timestamp time_elapsed  ... severity_rate_patch Gradient_sr2
0  2026-01-24 16:36:28       0m 34s  ...                5.27         0.15
1  2026-01-24 16:37:03       0m 52s  ...               98.89         3.04
2  2026-01-24 16:37:56       0m 36s  ...                2.30         0.06
3  2026-01-24 16:38:32       0m 44s  ...               44.21         1.29

[4 rows x 26 columns]
             timestamp time_elapsed  ... severity_rate_patch Gradient_sr2
0  2026-01-24 16:36:28       0m 34s  ...                5.27         0.15
1  2026-01-24 16:37:03       0m 52s  ...               98.89         3.04
2  2026-01-24 16:37:56       0m 36s  ...                2.30         0.06
3  2026-01-24 16:38:32       0m 44s  ...               44.21         1.29
4  2026-01-24 16:39:17       0m 53s  ...               83.22         2.39

[5 rows x 26 columns]
             timestamp time_elapsed  ... severity_rate_patch Gradient_sr2
0  2026-01-24 16:36:28       0m 34s  ...                5.27         0.15
1  2026-01-24 16:37:03       0m 52s  ...               98.89         3.04
2  2026-01-24 16:37:56       0m 36s  ...                2.30         0.06
3  2026-01-24 16:38:32       0m 44s  ...               44.21         1.29
4  2026-01-24 16:39:17       0m 53s  ...               83.22         2.39
5  2026-01-24 16:40:10       0m 33s  ...                1.96         0.05

[6 rows x 26 columns]
             timestamp time_elapsed  ... severity_rate_patch Gradient_sr2
0  2026-01-24 16:36:28       0m 34s  ...                5.27         0.15
1  2026-01-24 16:37:03       0m 52s  ...               98.89         3.04
2  2026-01-24 16:37:56       0m 36s  ...                2.30         0.06
3  2026-01-24 16:38:32       0m 44s  ...               44.21         1.29
4  2026-01-24 16:39:17       0m 53s  ...               83.22         2.39
5  2026-01-24 16:40:10       0m 33s  ...                1.96         0.05
6  2026-01-24 16:40:44       0m 45s  ...               53.69         1.56

[7 rows x 26 columns]
             timestamp time_elapsed  ... severity_rate_patch Gradient_sr2
0  2026-01-24 16:36:28       0m 34s  ...                5.27         0.15
1  2026-01-24 16:37:03       0m 52s  ...               98.89         3.04
2  2026-01-24 16:37:56       0m 36s  ...                2.30         0.06
3  2026-01-24 16:38:32       0m 44s  ...               44.21         1.29
4  2026-01-24 16:39:17       0m 53s  ...               83.22         2.39
5  2026-01-24 16:40:10       0m 33s  ...                1.96         0.05
6  2026-01-24 16:40:44       0m 45s  ...               53.69         1.56
7  2026-01-24 16:41:29       0m 38s  ...               18.13         0.50

[8 rows x 26 columns]
             timestamp time_elapsed  ... severity_rate_patch Gradient_sr2
0  2026-01-24 16:36:28       0m 34s  ...                5.27         0.15
1  2026-01-24 16:37:03       0m 52s  ...               98.89         3.04
2  2026-01-24 16:37:56       0m 36s  ...                2.30         0.06
3  2026-01-24 16:38:32       0m 44s  ...               44.21         1.29
4  2026-01-24 16:39:17       0m 53s  ...               83.22         2.39
5  2026-01-24 16:40:10       0m 33s  ...                1.96         0.05
6  2026-01-24 16:40:44       0m 45s  ...               53.69         1.56
7  2026-01-24 16:41:29       0m 38s  ...               18.13         0.50
8  2026-01-24 16:42:08       0m 51s  ...               69.75         1.97

[9 rows x 26 columns]
             timestamp time_elapsed  ... severity_rate_patch Gradient_sr2
0  2026-01-24 16:36:28       0m 34s  ...                5.27         0.15
1  2026-01-24 16:37:03       0m 52s  ...               98.89         3.04
2  2026-01-24 16:37:56       0m 36s  ...                2.30         0.06
3  2026-01-24 16:38:32       0m 44s  ...               44.21         1.29
4  2026-01-24 16:39:17       0m 53s  ...               83.22         2.39
5  2026-01-24 16:40:10       0m 33s  ...                1.96         0.05
6  2026-01-24 16:40:44       0m 45s  ...               53.69         1.56
7  2026-01-24 16:41:29       0m 38s  ...               18.13         0.50
8  2026-01-24 16:42:08       0m 51s  ...               69.75         1.97
9  2026-01-24 16:42:59       0m 40s  ...               28.82         0.81

[10 rows x 26 columns]
              timestamp time_elapsed  ... severity_rate_patch Gradient_sr2
0   2026-01-24 16:36:28       0m 34s  ...                5.27         0.15
1   2026-01-24 16:37:03       0m 52s  ...               98.89         3.04
2   2026-01-24 16:37:56       0m 36s  ...                2.30         0.06
3   2026-01-24 16:38:32       0m 44s  ...               44.21         1.29
4   2026-01-24 16:39:17       0m 53s  ...               83.22         2.39
5   2026-01-24 16:40:10       0m 33s  ...                1.96         0.05
6   2026-01-24 16:40:44       0m 45s  ...               53.69         1.56
7   2026-01-24 16:41:29       0m 38s  ...               18.13         0.50
8   2026-01-24 16:42:08       0m 51s  ...               69.75         1.97
9   2026-01-24 16:42:59       0m 40s  ...               28.82         0.81
10  2026-01-24 16:43:39       0m 37s  ...                9.41         0.26

[11 rows x 26 columns]
              timestamp time_elapsed  ... severity_rate_patch Gradient_sr2
0   2026-01-24 16:36:28       0m 34s  ...                5.27         0.15
1   2026-01-24 16:37:03       0m 52s  ...               98.89         3.04
2   2026-01-24 16:37:56       0m 36s  ...                2.30         0.06
3   2026-01-24 16:38:32       0m 44s  ...               44.21         1.29
4   2026-01-24 16:39:17       0m 53s  ...               83.22         2.39
5   2026-01-24 16:40:10       0m 33s  ...                1.96         0.05
6   2026-01-24 16:40:44       0m 45s  ...               53.69         1.56
7   2026-01-24 16:41:29       0m 38s  ...               18.13         0.50
8   2026-01-24 16:42:08       0m 51s  ...               69.75         1.97
9   2026-01-24 16:42:59       0m 40s  ...               28.82         0.81
10  2026-01-24 16:43:39       0m 37s  ...                9.41         0.26
11  2026-01-24 16:44:16       0m 46s  ...               66.82         1.88

[12 rows x 26 columns]
              timestamp time_elapsed  ... severity_rate_patch Gradient_sr2
0   2026-01-24 16:36:28       0m 34s  ...                5.27         0.15
1   2026-01-24 16:37:03       0m 52s  ...               98.89         3.04
2   2026-01-24 16:37:56       0m 36s  ...                2.30         0.06
3   2026-01-24 16:38:32       0m 44s  ...               44.21         1.29
4   2026-01-24 16:39:17       0m 53s  ...               83.22         2.39
5   2026-01-24 16:40:10       0m 33s  ...                1.96         0.05
6   2026-01-24 16:40:44       0m 45s  ...               53.69         1.56
7   2026-01-24 16:41:29       0m 38s  ...               18.13         0.50
8   2026-01-24 16:42:08       0m 51s  ...               69.75         1.97
9   2026-01-24 16:42:59       0m 40s  ...               28.82         0.81
10  2026-01-24 16:43:39       0m 37s  ...                9.41         0.26
11  2026-01-24 16:44:16       0m 46s  ...               66.82         1.88
12  2026-01-24 16:45:03       0m 52s  ...               83.74         2.44

[13 rows x 26 columns]
              timestamp time_elapsed  ... severity_rate_patch Gradient_sr2
0   2026-01-24 16:36:28       0m 34s  ...                5.27         0.15
1   2026-01-24 16:37:03       0m 52s  ...               98.89         3.04
2   2026-01-24 16:37:56       0m 36s  ...                2.30         0.06
3   2026-01-24 16:38:32       0m 44s  ...               44.21         1.29
4   2026-01-24 16:39:17       0m 53s  ...               83.22         2.39
5   2026-01-24 16:40:10       0m 33s  ...                1.96         0.05
6   2026-01-24 16:40:44       0m 45s  ...               53.69         1.56
7   2026-01-24 16:41:29       0m 38s  ...               18.13         0.50
8   2026-01-24 16:42:08       0m 51s  ...               69.75         1.97
9   2026-01-24 16:42:59       0m 40s  ...               28.82         0.81
10  2026-01-24 16:43:39       0m 37s  ...                9.41         0.26
11  2026-01-24 16:44:16       0m 46s  ...               66.82         1.88
12  2026-01-24 16:45:03       0m 52s  ...               83.74         2.44
13  2026-01-24 16:45:55       0m 35s  ...               41.80         1.16

[14 rows x 26 columns]
              timestamp time_elapsed  ... severity_rate_patch Gradient_sr2
0   2026-01-24 16:36:28       0m 34s  ...                5.27         0.15
1   2026-01-24 16:37:03       0m 52s  ...               98.89         3.04
2   2026-01-24 16:37:56       0m 36s  ...                2.30         0.06
3   2026-01-24 16:38:32       0m 44s  ...               44.21         1.29
4   2026-01-24 16:39:17       0m 53s  ...               83.22         2.39
5   2026-01-24 16:40:10       0m 33s  ...                1.96         0.05
6   2026-01-24 16:40:44       0m 45s  ...               53.69         1.56
7   2026-01-24 16:41:29       0m 38s  ...               18.13         0.50
8   2026-01-24 16:42:08       0m 51s  ...               69.75         1.97
9   2026-01-24 16:42:59       0m 40s  ...               28.82         0.81
10  2026-01-24 16:43:39       0m 37s  ...                9.41         0.26
11  2026-01-24 16:44:16       0m 46s  ...               66.82         1.88
12  2026-01-24 16:45:03       0m 52s  ...               83.74         2.44
13  2026-01-24 16:45:55       0m 35s  ...               41.80         1.16
14  2026-01-24 16:46:31       0m 35s  ...               23.99         0.64

[15 rows x 26 columns]

real	10m45.939s
user	0m0.015s
sys	0m0.000s
