[2026-01-24 15:35:49,728] - [root] - [INFO] - leaf_correlation_mw.py
[2026-01-24 15:35:49,728] - [root] - [INFO] - model_type       : ResNet
[2026-01-24 15:35:49,728] - [root] - [INFO] - pretrained       : True
[2026-01-24 15:35:49,728] - [root] - [INFO] - loading_epoch    : 65
[2026-01-24 15:35:49,728] - [root] - [INFO] - timestamp        : Jan22_10-21-00_2026
[2026-01-24 15:35:49,728] - [root] - [INFO] - outdim           : 2
[2026-01-24 15:35:49,728] - [root] - [INFO] - dual_head        : True
[2026-01-24 15:35:49,729] - [root] - [INFO] - model_path       : ../..
[2026-01-24 15:35:49,729] - [root] - [INFO] - step_size        : 224
[2026-01-24 15:35:49,729] - [root] - [INFO] - means            : [0.541, 0.6371, 0.4188]
[2026-01-24 15:35:49,729] - [root] - [INFO] - stds             : [0.1764, 0.165, 0.2326]
[2026-01-24 15:35:49,729] - [root] - [INFO] - target_class     : 1
[2026-01-24 15:35:49,729] - [root] - [INFO] - contam_control   : False
[2026-01-24 15:35:49,729] - [root] - [INFO] - spor_th          : 0.9
[2026-01-24 15:35:49,729] - [root] - [INFO] - inf_gate         : 0.3
[2026-01-24 15:35:49,730] - [root] - [INFO] - pm               : HPM-1269
[2026-01-24 15:35:49,730] - [root] - [INFO] - mps              : False
[2026-01-24 15:35:49,730] - [root] - [INFO] - cuda             : True
[2026-01-24 15:35:49,730] - [root] - [INFO] - cuda_id          : 0
[2026-01-24 15:35:49,730] - [root] - [INFO] - sal_threshold    : 0.5
[2026-01-24 15:35:49,730] - [root] - [INFO] - up_threshold     : 0.5
[2026-01-24 15:35:49,730] - [root] - [INFO] - down_threshold   : 0.1
[2026-01-24 15:35:49,730] - [root] - [INFO] - dataset_path     : C:/Users/Intel User/Desktop/blackbird_scripts/data/human_disk_assessments
[2026-01-24 15:35:49,730] - [root] - [INFO] - img_folder       : 1-22-2026
[2026-01-24 15:35:49,730] - [root] - [INFO] - platform         : BlackBird
[2026-01-24 15:35:49,730] - [root] - [INFO] - threshold        : ['0.7']
[2026-01-24 15:35:49,730] - [root] - [INFO] - log              : ../../results/logs/random.log
[2026-01-24 15:35:49,730] - [root] - [INFO] - dpi              : 5
[2026-01-24 15:35:49,730] - [root] - [INFO] - group            : baseline
[2026-01-24 15:35:49,730] - [root] - [INFO] - trays            : ['5dpi']
[2026-01-24 15:35:49,730] - [root] - [INFO] - sal_gradcam      : False
[2026-01-24 15:35:49,730] - [root] - [INFO] - sal_gradient     : True
[2026-01-24 15:35:49,731] - [root] - [INFO] - sal_smoothgrad   : False
[2026-01-24 15:35:49,731] - [root] - [INFO] - sal_deeplift     : False
[2026-01-24 15:35:49,731] - [root] - [INFO] - sal_thresh_method : fixed
[2026-01-24 15:35:49,731] - [root] - [INFO] - sal_thresh_p     : 95.0
[2026-01-24 15:35:51,008] - [root] - [INFO] - -------------------------------------------
[2026-01-24 15:35:51,009] - [root] - [INFO] - Processing 1-22-2026 5dpi 005-W2021011-592_R2.png
[2026-01-24 15:36:07,596] - [root] - [INFO] - Finished loading mask: 0m 16s
[2026-01-24 15:36:20,299] - [root] - [INFO] - Finished crop and inference: 0m 29s
[2026-01-24 15:36:23,330] - [root] - [INFO] - Analysis finished: 0m 32s
[2026-01-24 15:36:23,331] - [root] - [INFO] - -------------------------------------------
[2026-01-24 15:36:23,331] - [root] - [INFO] - -------------------------------------------
[2026-01-24 15:36:23,331] - [root] - [INFO] - Processing 1-22-2026 5dpi 022-W2021009-198_R2.png
[2026-01-24 15:36:40,293] - [root] - [INFO] - Finished loading mask: 0m 16s
[2026-01-24 15:36:57,166] - [root] - [INFO] - Finished crop and inference: 0m 33s
[2026-01-24 15:36:59,838] - [root] - [INFO] - Analysis finished: 0m 36s
[2026-01-24 15:36:59,838] - [root] - [INFO] - -------------------------------------------
[2026-01-24 15:36:59,839] - [root] - [INFO] - -------------------------------------------
[2026-01-24 15:36:59,839] - [root] - [INFO] - Processing 1-22-2026 5dpi 047-W2021011-482_R1.png
[2026-01-24 15:37:17,528] - [root] - [INFO] - Finished loading mask: 0m 17s
[2026-01-24 15:37:37,631] - [root] - [INFO] - Finished crop and inference: 0m 37s
[2026-01-24 15:37:40,177] - [root] - [INFO] - Analysis finished: 0m 40s
[2026-01-24 15:37:40,177] - [root] - [INFO] - -------------------------------------------
[2026-01-24 15:37:40,177] - [root] - [INFO] - -------------------------------------------
[2026-01-24 15:37:40,177] - [root] - [INFO] - Processing 1-22-2026 5dpi 055-W2021010-397_R2.png
[2026-01-24 15:37:58,910] - [root] - [INFO] - Finished loading mask: 0m 18s
[2026-01-24 15:38:15,084] - [root] - [INFO] - Finished crop and inference: 0m 34s
[2026-01-24 15:38:17,510] - [root] - [INFO] - Analysis finished: 0m 37s
[2026-01-24 15:38:17,510] - [root] - [INFO] - -------------------------------------------
[2026-01-24 15:38:17,510] - [root] - [INFO] - -------------------------------------------
[2026-01-24 15:38:17,510] - [root] - [INFO] - Processing 1-22-2026 5dpi 121-W2021009-185_R1.png
[2026-01-24 15:38:36,640] - [root] - [INFO] - Finished loading mask: 0m 19s
[2026-01-24 15:38:49,072] - [root] - [INFO] - Finished crop and inference: 0m 31s
[2026-01-24 15:38:51,765] - [root] - [INFO] - Analysis finished: 0m 34s
[2026-01-24 15:38:51,765] - [root] - [INFO] - -------------------------------------------
[2026-01-24 15:38:51,765] - [root] - [INFO] - -------------------------------------------
[2026-01-24 15:38:51,765] - [root] - [INFO] - Processing 1-22-2026 5dpi 128-W2021006-013_R1.png
[2026-01-24 15:39:12,723] - [root] - [INFO] - Finished loading mask: 0m 20s
[2026-01-24 15:39:39,868] - [root] - [INFO] - Finished crop and inference: 0m 48s
[2026-01-24 15:39:41,757] - [root] - [INFO] - Analysis finished: 0m 49s
[2026-01-24 15:39:41,757] - [root] - [INFO] - -------------------------------------------
[2026-01-24 15:39:41,757] - [root] - [INFO] - -------------------------------------------
[2026-01-24 15:39:41,758] - [root] - [INFO] - Processing 1-22-2026 5dpi 149-W2021010-417_R1.png
[2026-01-24 15:40:01,752] - [root] - [INFO] - Finished loading mask: 0m 19s
[2026-01-24 15:40:15,863] - [root] - [INFO] - Finished crop and inference: 0m 34s
[2026-01-24 15:40:17,641] - [root] - [INFO] - Analysis finished: 0m 35s
[2026-01-24 15:40:17,641] - [root] - [INFO] - -------------------------------------------
[2026-01-24 15:40:17,641] - [root] - [INFO] - -------------------------------------------
[2026-01-24 15:40:17,641] - [root] - [INFO] - Processing 1-22-2026 5dpi 156-W2021009-276_R2.png
[2026-01-24 15:40:37,215] - [root] - [INFO] - Finished loading mask: 0m 19s
[2026-01-24 15:40:50,777] - [root] - [INFO] - Finished crop and inference: 0m 33s
[2026-01-24 15:40:52,279] - [root] - [INFO] - Analysis finished: 0m 34s
[2026-01-24 15:40:52,280] - [root] - [INFO] - -------------------------------------------
[2026-01-24 15:40:52,280] - [root] - [INFO] - -------------------------------------------
[2026-01-24 15:40:52,280] - [root] - [INFO] - Processing 1-22-2026 5dpi 172-W2021011-557_R2.png
[2026-01-24 15:41:12,113] - [root] - [INFO] - Finished loading mask: 0m 19s
[2026-01-24 15:41:25,601] - [root] - [INFO] - Finished crop and inference: 0m 33s
[2026-01-24 15:41:27,202] - [root] - [INFO] - Analysis finished: 0m 34s
[2026-01-24 15:41:27,202] - [root] - [INFO] - -------------------------------------------
[2026-01-24 15:41:27,202] - [root] - [INFO] - -------------------------------------------
[2026-01-24 15:41:27,203] - [root] - [INFO] - Processing 1-22-2026 5dpi 180-W2021011-476_R2.png
[2026-01-24 15:41:47,397] - [root] - [INFO] - Finished loading mask: 0m 20s
[2026-01-24 15:42:14,471] - [root] - [INFO] - Finished crop and inference: 0m 47s
[2026-01-24 15:42:16,145] - [root] - [INFO] - Analysis finished: 0m 48s
[2026-01-24 15:42:16,145] - [root] - [INFO] - -------------------------------------------
[2026-01-24 15:42:16,145] - [root] - [INFO] - -------------------------------------------
[2026-01-24 15:42:16,145] - [root] - [INFO] - Processing 1-22-2026 5dpi 183-W2021009-295_R1.png
[2026-01-24 15:42:35,223] - [root] - [INFO] - Finished loading mask: 0m 19s
[2026-01-24 15:42:47,028] - [root] - [INFO] - Finished crop and inference: 0m 30s
[2026-01-24 15:42:48,716] - [root] - [INFO] - Analysis finished: 0m 32s
[2026-01-24 15:42:48,717] - [root] - [INFO] - -------------------------------------------
[2026-01-24 15:42:48,717] - [root] - [INFO] - -------------------------------------------
[2026-01-24 15:42:48,717] - [root] - [INFO] - Processing 1-22-2026 5dpi 187-W2021010-348_R2.png
[2026-01-24 15:43:08,450] - [root] - [INFO] - Finished loading mask: 0m 19s
[2026-01-24 15:43:36,891] - [root] - [INFO] - Finished crop and inference: 0m 48s
[2026-01-24 15:43:38,573] - [root] - [INFO] - Analysis finished: 0m 49s
[2026-01-24 15:43:38,573] - [root] - [INFO] - -------------------------------------------
[2026-01-24 15:43:38,573] - [root] - [INFO] - -------------------------------------------
[2026-01-24 15:43:38,573] - [root] - [INFO] - Processing 1-22-2026 5dpi 206-W2021010-344_R1.png
[2026-01-24 15:43:58,458] - [root] - [INFO] - Finished loading mask: 0m 19s
[2026-01-24 15:44:09,963] - [root] - [INFO] - Finished crop and inference: 0m 31s
[2026-01-24 15:44:11,675] - [root] - [INFO] - Analysis finished: 0m 33s
[2026-01-24 15:44:11,675] - [root] - [INFO] - -------------------------------------------
[2026-01-24 15:44:11,675] - [root] - [INFO] - -------------------------------------------
[2026-01-24 15:44:11,675] - [root] - [INFO] - Processing 1-22-2026 5dpi 208-W2021009-268_R2.png
[2026-01-24 15:44:32,954] - [root] - [INFO] - Finished loading mask: 0m 21s
[2026-01-24 15:44:54,681] - [root] - [INFO] - Finished crop and inference: 0m 43s
[2026-01-24 15:44:56,495] - [root] - [INFO] - Analysis finished: 0m 44s
[2026-01-24 15:44:56,495] - [root] - [INFO] - -------------------------------------------
[2026-01-24 15:44:56,495] - [root] - [INFO] - -------------------------------------------
[2026-01-24 15:44:56,496] - [root] - [INFO] - Processing 1-22-2026 5dpi 254-W2021010-352_R2.png
[2026-01-24 15:45:16,611] - [root] - [INFO] - Finished loading mask: 0m 20s
[2026-01-24 15:45:26,559] - [root] - [INFO] - Finished crop and inference: 0m 30s
[2026-01-24 15:45:28,341] - [root] - [INFO] - Analysis finished: 0m 31s
[2026-01-24 15:45:28,341] - [root] - [INFO] - -------------------------------------------
[2026-01-24 15:45:28,355] - [root] - [INFO] - Saved C:\Users\Intel User\Desktop\blackbird_scripts\data\Results\ResNet_upth0.5_downth0.1_Jan22_10-21-00_2026\1-22-2026\th_0.7\severity_rate_tray_5dpi_u0.5_d0.1_ig0.3_sp0.9_20260124_154456.csv
             timestamp time_elapsed  ... severity_rate_patch Gradient_sr2
0  2026-01-24 15:35:51       0m 32s  ...                0.85         0.02

[1 rows x 26 columns]
             timestamp time_elapsed  ... severity_rate_patch Gradient_sr2
0  2026-01-24 15:35:51       0m 32s  ...                0.85         0.02
1  2026-01-24 15:36:23       0m 36s  ...               23.31         0.57

[2 rows x 26 columns]
             timestamp time_elapsed  ... severity_rate_patch Gradient_sr2
0  2026-01-24 15:35:51       0m 32s  ...                0.85         0.02
1  2026-01-24 15:36:23       0m 36s  ...               23.31         0.57
2  2026-01-24 15:36:59       0m 40s  ...               42.93         1.20

[3 rows x 26 columns]
             timestamp time_elapsed  ... severity_rate_patch Gradient_sr2
0  2026-01-24 15:35:51       0m 32s  ...                0.85         0.02
1  2026-01-24 15:36:23       0m 36s  ...               23.31         0.57
2  2026-01-24 15:36:59       0m 40s  ...               42.93         1.20
3  2026-01-24 15:37:40       0m 37s  ...               13.23         0.35

[4 rows x 26 columns]
             timestamp time_elapsed  ... severity_rate_patch Gradient_sr2
0  2026-01-24 15:35:51       0m 32s  ...                0.85         0.02
1  2026-01-24 15:36:23       0m 36s  ...               23.31         0.57
2  2026-01-24 15:36:59       0m 40s  ...               42.93         1.20
3  2026-01-24 15:37:40       0m 37s  ...               13.23         0.35
4  2026-01-24 15:38:17       0m 34s  ...               12.20         0.32

[5 rows x 26 columns]
             timestamp time_elapsed  ... severity_rate_patch Gradient_sr2
0  2026-01-24 15:35:51       0m 32s  ...                0.85         0.02
1  2026-01-24 15:36:23       0m 36s  ...               23.31         0.57
2  2026-01-24 15:36:59       0m 40s  ...               42.93         1.20
3  2026-01-24 15:37:40       0m 37s  ...               13.23         0.35
4  2026-01-24 15:38:17       0m 34s  ...               12.20         0.32
5  2026-01-24 15:38:51       0m 49s  ...               78.21         2.10

[6 rows x 26 columns]
             timestamp time_elapsed  ... severity_rate_patch Gradient_sr2
0  2026-01-24 15:35:51       0m 32s  ...                0.85         0.02
1  2026-01-24 15:36:23       0m 36s  ...               23.31         0.57
2  2026-01-24 15:36:59       0m 40s  ...               42.93         1.20
3  2026-01-24 15:37:40       0m 37s  ...               13.23         0.35
4  2026-01-24 15:38:17       0m 34s  ...               12.20         0.32
5  2026-01-24 15:38:51       0m 49s  ...               78.21         2.10
6  2026-01-24 15:39:41       0m 35s  ...               13.53         0.37

[7 rows x 26 columns]
             timestamp time_elapsed  ... severity_rate_patch Gradient_sr2
0  2026-01-24 15:35:51       0m 32s  ...                0.85         0.02
1  2026-01-24 15:36:23       0m 36s  ...               23.31         0.57
2  2026-01-24 15:36:59       0m 40s  ...               42.93         1.20
3  2026-01-24 15:37:40       0m 37s  ...               13.23         0.35
4  2026-01-24 15:38:17       0m 34s  ...               12.20         0.32
5  2026-01-24 15:38:51       0m 49s  ...               78.21         2.10
6  2026-01-24 15:39:41       0m 35s  ...               13.53         0.37
7  2026-01-24 15:40:17       0m 34s  ...                8.43         0.21

[8 rows x 26 columns]
             timestamp time_elapsed  ... severity_rate_patch Gradient_sr2
0  2026-01-24 15:35:51       0m 32s  ...                0.85         0.02
1  2026-01-24 15:36:23       0m 36s  ...               23.31         0.57
2  2026-01-24 15:36:59       0m 40s  ...               42.93         1.20
3  2026-01-24 15:37:40       0m 37s  ...               13.23         0.35
4  2026-01-24 15:38:17       0m 34s  ...               12.20         0.32
5  2026-01-24 15:38:51       0m 49s  ...               78.21         2.10
6  2026-01-24 15:39:41       0m 35s  ...               13.53         0.37
7  2026-01-24 15:40:17       0m 34s  ...                8.43         0.21
8  2026-01-24 15:40:52       0m 34s  ...                9.39         0.26

[9 rows x 26 columns]
             timestamp time_elapsed  ... severity_rate_patch Gradient_sr2
0  2026-01-24 15:35:51       0m 32s  ...                0.85         0.02
1  2026-01-24 15:36:23       0m 36s  ...               23.31         0.57
2  2026-01-24 15:36:59       0m 40s  ...               42.93         1.20
3  2026-01-24 15:37:40       0m 37s  ...               13.23         0.35
4  2026-01-24 15:38:17       0m 34s  ...               12.20         0.32
5  2026-01-24 15:38:51       0m 49s  ...               78.21         2.10
6  2026-01-24 15:39:41       0m 35s  ...               13.53         0.37
7  2026-01-24 15:40:17       0m 34s  ...                8.43         0.21
8  2026-01-24 15:40:52       0m 34s  ...                9.39         0.26
9  2026-01-24 15:41:27       0m 48s  ...               79.50         2.16

[10 rows x 26 columns]
              timestamp time_elapsed  ... severity_rate_patch Gradient_sr2
0   2026-01-24 15:35:51       0m 32s  ...                0.85         0.02
1   2026-01-24 15:36:23       0m 36s  ...               23.31         0.57
2   2026-01-24 15:36:59       0m 40s  ...               42.93         1.20
3   2026-01-24 15:37:40       0m 37s  ...               13.23         0.35
4   2026-01-24 15:38:17       0m 34s  ...               12.20         0.32
5   2026-01-24 15:38:51       0m 49s  ...               78.21         2.10
6   2026-01-24 15:39:41       0m 35s  ...               13.53         0.37
7   2026-01-24 15:40:17       0m 34s  ...                8.43         0.21
8   2026-01-24 15:40:52       0m 34s  ...                9.39         0.26
9   2026-01-24 15:41:27       0m 48s  ...               79.50         2.16
10  2026-01-24 15:42:16       0m 32s  ...                6.98         0.17

[11 rows x 26 columns]
              timestamp time_elapsed  ... severity_rate_patch Gradient_sr2
0   2026-01-24 15:35:51       0m 32s  ...                0.85         0.02
1   2026-01-24 15:36:23       0m 36s  ...               23.31         0.57
2   2026-01-24 15:36:59       0m 40s  ...               42.93         1.20
3   2026-01-24 15:37:40       0m 37s  ...               13.23         0.35
4   2026-01-24 15:38:17       0m 34s  ...               12.20         0.32
5   2026-01-24 15:38:51       0m 49s  ...               78.21         2.10
6   2026-01-24 15:39:41       0m 35s  ...               13.53         0.37
7   2026-01-24 15:40:17       0m 34s  ...                8.43         0.21
8   2026-01-24 15:40:52       0m 34s  ...                9.39         0.26
9   2026-01-24 15:41:27       0m 48s  ...               79.50         2.16
10  2026-01-24 15:42:16       0m 32s  ...                6.98         0.17
11  2026-01-24 15:42:48       0m 49s  ...               85.69         2.55

[12 rows x 26 columns]
              timestamp time_elapsed  ... severity_rate_patch Gradient_sr2
0   2026-01-24 15:35:51       0m 32s  ...                0.85         0.02
1   2026-01-24 15:36:23       0m 36s  ...               23.31         0.57
2   2026-01-24 15:36:59       0m 40s  ...               42.93         1.20
3   2026-01-24 15:37:40       0m 37s  ...               13.23         0.35
4   2026-01-24 15:38:17       0m 34s  ...               12.20         0.32
5   2026-01-24 15:38:51       0m 49s  ...               78.21         2.10
6   2026-01-24 15:39:41       0m 35s  ...               13.53         0.37
7   2026-01-24 15:40:17       0m 34s  ...                8.43         0.21
8   2026-01-24 15:40:52       0m 34s  ...                9.39         0.26
9   2026-01-24 15:41:27       0m 48s  ...               79.50         2.16
10  2026-01-24 15:42:16       0m 32s  ...                6.98         0.17
11  2026-01-24 15:42:48       0m 49s  ...               85.69         2.55
12  2026-01-24 15:43:38       0m 33s  ...                6.70         0.18

[13 rows x 26 columns]
              timestamp time_elapsed  ... severity_rate_patch Gradient_sr2
0   2026-01-24 15:35:51       0m 32s  ...                0.85         0.02
1   2026-01-24 15:36:23       0m 36s  ...               23.31         0.57
2   2026-01-24 15:36:59       0m 40s  ...               42.93         1.20
3   2026-01-24 15:37:40       0m 37s  ...               13.23         0.35
4   2026-01-24 15:38:17       0m 34s  ...               12.20         0.32
5   2026-01-24 15:38:51       0m 49s  ...               78.21         2.10
6   2026-01-24 15:39:41       0m 35s  ...               13.53         0.37
7   2026-01-24 15:40:17       0m 34s  ...                8.43         0.21
8   2026-01-24 15:40:52       0m 34s  ...                9.39         0.26
9   2026-01-24 15:41:27       0m 48s  ...               79.50         2.16
10  2026-01-24 15:42:16       0m 32s  ...                6.98         0.17
11  2026-01-24 15:42:48       0m 49s  ...               85.69         2.55
12  2026-01-24 15:43:38       0m 33s  ...                6.70         0.18
13  2026-01-24 15:44:11       0m 44s  ...               32.39         0.79

[14 rows x 26 columns]
              timestamp time_elapsed  ... severity_rate_patch Gradient_sr2
0   2026-01-24 15:35:51       0m 32s  ...                0.85         0.02
1   2026-01-24 15:36:23       0m 36s  ...               23.31         0.57
2   2026-01-24 15:36:59       0m 40s  ...               42.93         1.20
3   2026-01-24 15:37:40       0m 37s  ...               13.23         0.35
4   2026-01-24 15:38:17       0m 34s  ...               12.20         0.32
5   2026-01-24 15:38:51       0m 49s  ...               78.21         2.10
6   2026-01-24 15:39:41       0m 35s  ...               13.53         0.37
7   2026-01-24 15:40:17       0m 34s  ...                8.43         0.21
8   2026-01-24 15:40:52       0m 34s  ...                9.39         0.26
9   2026-01-24 15:41:27       0m 48s  ...               79.50         2.16
10  2026-01-24 15:42:16       0m 32s  ...                6.98         0.17
11  2026-01-24 15:42:48       0m 49s  ...               85.69         2.55
12  2026-01-24 15:43:38       0m 33s  ...                6.70         0.18
13  2026-01-24 15:44:11       0m 44s  ...               32.39         0.79
14  2026-01-24 15:44:56       0m 31s  ...                2.56         0.07

[15 rows x 26 columns]

real	9m45.600s
user	0m0.000s
sys	0m0.015s
