[2026-01-23 18:00:38,441] - [root] - [INFO] - leaf_correlation_mw.py
[2026-01-23 18:00:38,441] - [root] - [INFO] - model_type       : ResNet
[2026-01-23 18:00:38,441] - [root] - [INFO] - pretrained       : True
[2026-01-23 18:00:38,441] - [root] - [INFO] - loading_epoch    : 65
[2026-01-23 18:00:38,441] - [root] - [INFO] - timestamp        : Jan22_10-21-00_2026
[2026-01-23 18:00:38,442] - [root] - [INFO] - outdim           : 2
[2026-01-23 18:00:38,442] - [root] - [INFO] - dual_head        : True
[2026-01-23 18:00:38,442] - [root] - [INFO] - model_path       : ../..
[2026-01-23 18:00:38,442] - [root] - [INFO] - step_size        : 224
[2026-01-23 18:00:38,442] - [root] - [INFO] - means            : [0.541, 0.6371, 0.4188]
[2026-01-23 18:00:38,442] - [root] - [INFO] - stds             : [0.1764, 0.165, 0.2326]
[2026-01-23 18:00:38,442] - [root] - [INFO] - target_class     : 1
[2026-01-23 18:00:38,442] - [root] - [INFO] - contam_control   : False
[2026-01-23 18:00:38,442] - [root] - [INFO] - spor_th          : 0.7
[2026-01-23 18:00:38,442] - [root] - [INFO] - inf_gate         : 0.3
[2026-01-23 18:00:38,442] - [root] - [INFO] - pm               : HPM-1269
[2026-01-23 18:00:38,443] - [root] - [INFO] - mps              : False
[2026-01-23 18:00:38,443] - [root] - [INFO] - cuda             : True
[2026-01-23 18:00:38,443] - [root] - [INFO] - cuda_id          : 0
[2026-01-23 18:00:38,443] - [root] - [INFO] - sal_threshold    : 0.5
[2026-01-23 18:00:38,443] - [root] - [INFO] - up_threshold     : 0.7
[2026-01-23 18:00:38,443] - [root] - [INFO] - down_threshold   : 0.1
[2026-01-23 18:00:38,443] - [root] - [INFO] - dataset_path     : C:/Users/Intel User/Desktop/blackbird_scripts/data/human_disk_assessments
[2026-01-23 18:00:38,443] - [root] - [INFO] - img_folder       : 1-22-2026
[2026-01-23 18:00:38,443] - [root] - [INFO] - platform         : BlackBird
[2026-01-23 18:00:38,443] - [root] - [INFO] - threshold        : ['0.7']
[2026-01-23 18:00:38,443] - [root] - [INFO] - log              : ../../results/logs/random.log
[2026-01-23 18:00:38,443] - [root] - [INFO] - dpi              : 5
[2026-01-23 18:00:38,444] - [root] - [INFO] - group            : baseline
[2026-01-23 18:00:38,444] - [root] - [INFO] - trays            : ['5dpi']
[2026-01-23 18:00:38,444] - [root] - [INFO] - sal_gradcam      : False
[2026-01-23 18:00:38,444] - [root] - [INFO] - sal_gradient     : True
[2026-01-23 18:00:38,444] - [root] - [INFO] - sal_smoothgrad   : False
[2026-01-23 18:00:38,444] - [root] - [INFO] - sal_deeplift     : False
[2026-01-23 18:00:38,444] - [root] - [INFO] - sal_thresh_method : fixed
[2026-01-23 18:00:38,444] - [root] - [INFO] - sal_thresh_p     : 95.0
[2026-01-23 18:00:39,410] - [root] - [INFO] - -------------------------------------------
[2026-01-23 18:00:39,410] - [root] - [INFO] - Processing 1-22-2026 5dpi 015-W2021009-160_R1.png
[2026-01-23 18:01:00,807] - [root] - [INFO] - Finished loading mask: 0m 21s
[2026-01-23 18:01:15,078] - [root] - [INFO] - Finished crop and inference: 0m 35s
[2026-01-23 18:01:16,535] - [root] - [INFO] - Analysis finished: 0m 37s
[2026-01-23 18:01:16,535] - [root] - [INFO] - -------------------------------------------
[2026-01-23 18:01:16,535] - [root] - [INFO] - -------------------------------------------
[2026-01-23 18:01:16,535] - [root] - [INFO] - Processing 1-22-2026 5dpi 015-W2021011-633_R1.png
[2026-01-23 18:01:39,582] - [root] - [INFO] - Finished loading mask: 0m 23s
[2026-01-23 18:01:53,097] - [root] - [INFO] - Finished crop and inference: 0m 36s
[2026-01-23 18:01:54,907] - [root] - [INFO] - Analysis finished: 0m 38s
[2026-01-23 18:01:54,907] - [root] - [INFO] - -------------------------------------------
[2026-01-23 18:01:54,907] - [root] - [INFO] - -------------------------------------------
[2026-01-23 18:01:54,908] - [root] - [INFO] - Processing 1-22-2026 5dpi 019-W2021010-428_R2.png
[2026-01-23 18:02:18,553] - [root] - [INFO] - Finished loading mask: 0m 23s
[2026-01-23 18:02:27,283] - [root] - [INFO] - Finished crop and inference: 0m 32s
[2026-01-23 18:02:29,157] - [root] - [INFO] - Analysis finished: 0m 34s
[2026-01-23 18:02:29,158] - [root] - [INFO] - -------------------------------------------
[2026-01-23 18:02:29,158] - [root] - [INFO] - -------------------------------------------
[2026-01-23 18:02:29,158] - [root] - [INFO] - Processing 1-22-2026 5dpi 021-W2021009-175_R1.png
[2026-01-23 18:02:51,928] - [root] - [INFO] - Finished loading mask: 0m 22s
[2026-01-23 18:03:02,018] - [root] - [INFO] - Finished crop and inference: 0m 32s
[2026-01-23 18:03:03,994] - [root] - [INFO] - Analysis finished: 0m 34s
[2026-01-23 18:03:03,994] - [root] - [INFO] - -------------------------------------------
[2026-01-23 18:03:03,994] - [root] - [INFO] - -------------------------------------------
[2026-01-23 18:03:03,994] - [root] - [INFO] - Processing 1-22-2026 5dpi 022-W2021009-198_R2.png
             timestamp time_elapsed  ... severity_rate_patch Gradient_sr2
0  2026-01-23 18:00:39       0m 37s  ...               37.43         0.86

[1 rows x 24 columns]
             timestamp time_elapsed  ... severity_rate_patch Gradient_sr2
0  2026-01-23 18:00:39       0m 37s  ...               37.43         0.86
1  2026-01-23 18:01:16       0m 38s  ...               19.28         0.54

[2 rows x 24 columns]
             timestamp time_elapsed  ... severity_rate_patch Gradient_sr2
0  2026-01-23 18:00:39       0m 37s  ...               37.43         0.86
1  2026-01-23 18:01:16       0m 38s  ...               19.28         0.54
2  2026-01-23 18:01:54       0m 34s  ...                1.31         0.03

[3 rows x 24 columns]
             timestamp time_elapsed  ... severity_rate_patch Gradient_sr2
0  2026-01-23 18:00:39       0m 37s  ...               37.43         0.86
1  2026-01-23 18:01:16       0m 38s  ...               19.28         0.54
2  2026-01-23 18:01:54       0m 34s  ...                1.31         0.03
3  2026-01-23 18:02:29       0m 34s  ...                2.65         0.07

[4 rows x 24 columns]
Traceback (most recent call last):
  File "C:\Users\Intel User\Desktop\blackbird_scripts\code\leaf_correlation_mw.py", line 277, in <module>
    imask = leaf_mask(img, rel_th=rel_th)
  File "C:\Users\Intel User\Desktop\blackbird_scripts\code\analysis\leaf_mask.py", line 48, in leaf_mask
    coor_x = coor_x + wstep
KeyboardInterrupt
