[2026-01-24 16:25:28,273] - [root] - [INFO] - leaf_correlation_mw.py
[2026-01-24 16:25:28,273] - [root] - [INFO] - model_type       : ResNet
[2026-01-24 16:25:28,273] - [root] - [INFO] - pretrained       : True
[2026-01-24 16:25:28,273] - [root] - [INFO] - loading_epoch    : 65
[2026-01-24 16:25:28,273] - [root] - [INFO] - timestamp        : Jan22_10-21-00_2026
[2026-01-24 16:25:28,273] - [root] - [INFO] - outdim           : 2
[2026-01-24 16:25:28,274] - [root] - [INFO] - dual_head        : True
[2026-01-24 16:25:28,274] - [root] - [INFO] - model_path       : ../..
[2026-01-24 16:25:28,274] - [root] - [INFO] - step_size        : 224
[2026-01-24 16:25:28,274] - [root] - [INFO] - means            : [0.541, 0.6371, 0.4188]
[2026-01-24 16:25:28,274] - [root] - [INFO] - stds             : [0.1764, 0.165, 0.2326]
[2026-01-24 16:25:28,274] - [root] - [INFO] - target_class     : 1
[2026-01-24 16:25:28,274] - [root] - [INFO] - contam_control   : False
[2026-01-24 16:25:28,275] - [root] - [INFO] - spor_th          : 0.7
[2026-01-24 16:25:28,275] - [root] - [INFO] - inf_gate         : 0.5
[2026-01-24 16:25:28,275] - [root] - [INFO] - pm               : HPM-1269
[2026-01-24 16:25:28,275] - [root] - [INFO] - mps              : False
[2026-01-24 16:25:28,275] - [root] - [INFO] - cuda             : True
[2026-01-24 16:25:28,275] - [root] - [INFO] - cuda_id          : 0
[2026-01-24 16:25:28,275] - [root] - [INFO] - sal_threshold    : 0.5
[2026-01-24 16:25:28,275] - [root] - [INFO] - up_threshold     : 0.8
[2026-01-24 16:25:28,275] - [root] - [INFO] - down_threshold   : 0.1
[2026-01-24 16:25:28,275] - [root] - [INFO] - dataset_path     : C:/Users/Intel User/Desktop/blackbird_scripts/data/human_disk_assessments
[2026-01-24 16:25:28,275] - [root] - [INFO] - img_folder       : 1-22-2026
[2026-01-24 16:25:28,276] - [root] - [INFO] - platform         : BlackBird
[2026-01-24 16:25:28,276] - [root] - [INFO] - threshold        : ['0.7']
[2026-01-24 16:25:28,276] - [root] - [INFO] - log              : ../../results/logs/random.log
[2026-01-24 16:25:28,276] - [root] - [INFO] - dpi              : 10
[2026-01-24 16:25:28,276] - [root] - [INFO] - group            : baseline
[2026-01-24 16:25:28,276] - [root] - [INFO] - trays            : ['10dpi']
[2026-01-24 16:25:28,276] - [root] - [INFO] - sal_gradcam      : False
[2026-01-24 16:25:28,276] - [root] - [INFO] - sal_gradient     : True
[2026-01-24 16:25:28,276] - [root] - [INFO] - sal_smoothgrad   : False
[2026-01-24 16:25:28,276] - [root] - [INFO] - sal_deeplift     : False
[2026-01-24 16:25:28,276] - [root] - [INFO] - sal_thresh_method : fixed
[2026-01-24 16:25:28,276] - [root] - [INFO] - sal_thresh_p     : 95.0
[2026-01-24 16:25:29,414] - [root] - [INFO] - -------------------------------------------
[2026-01-24 16:25:29,414] - [root] - [INFO] - Processing 1-22-2026 10dpi 046-W2021009-208_R2.png
[2026-01-24 16:25:50,960] - [root] - [INFO] - Finished loading mask: 0m 21s
[2026-01-24 16:26:03,953] - [root] - [INFO] - Finished crop and inference: 0m 34s
[2026-01-24 16:26:05,773] - [root] - [INFO] - Analysis finished: 0m 36s
[2026-01-24 16:26:05,774] - [root] - [INFO] - -------------------------------------------
[2026-01-24 16:26:05,774] - [root] - [INFO] - -------------------------------------------
[2026-01-24 16:26:05,774] - [root] - [INFO] - Processing 1-22-2026 10dpi 151-W2021011-479_R2.png
[2026-01-24 16:26:27,915] - [root] - [INFO] - Finished loading mask: 0m 22s
[2026-01-24 16:26:55,628] - [root] - [INFO] - Finished crop and inference: 0m 49s
[2026-01-24 16:26:57,661] - [root] - [INFO] - Analysis finished: 0m 51s
[2026-01-24 16:26:57,661] - [root] - [INFO] - -------------------------------------------
[2026-01-24 16:26:57,661] - [root] - [INFO] - -------------------------------------------
[2026-01-24 16:26:57,661] - [root] - [INFO] - Processing 1-22-2026 10dpi 152-W2021010-301_R2.png
[2026-01-24 16:27:20,209] - [root] - [INFO] - Finished loading mask: 0m 22s
[2026-01-24 16:27:31,967] - [root] - [INFO] - Finished crop and inference: 0m 34s
[2026-01-24 16:27:33,855] - [root] - [INFO] - Analysis finished: 0m 36s
[2026-01-24 16:27:33,855] - [root] - [INFO] - -------------------------------------------
[2026-01-24 16:27:33,855] - [root] - [INFO] - -------------------------------------------
[2026-01-24 16:27:33,855] - [root] - [INFO] - Processing 1-22-2026 10dpi 152-W2021011-479_R1.png
[2026-01-24 16:27:56,053] - [root] - [INFO] - Finished loading mask: 0m 22s
[2026-01-24 16:28:14,146] - [root] - [INFO] - Finished crop and inference: 0m 40s
[2026-01-24 16:28:16,127] - [root] - [INFO] - Analysis finished: 0m 42s
[2026-01-24 16:28:16,128] - [root] - [INFO] - -------------------------------------------
[2026-01-24 16:28:16,128] - [root] - [INFO] - -------------------------------------------
[2026-01-24 16:28:16,128] - [root] - [INFO] - Processing 1-22-2026 10dpi 162-W2021011-551_R2.png
[2026-01-24 16:28:37,252] - [root] - [INFO] - Finished loading mask: 0m 21s
[2026-01-24 16:29:05,923] - [root] - [INFO] - Finished crop and inference: 0m 49s
[2026-01-24 16:29:07,834] - [root] - [INFO] - Analysis finished: 0m 51s
[2026-01-24 16:29:07,834] - [root] - [INFO] - -------------------------------------------
[2026-01-24 16:29:07,835] - [root] - [INFO] - -------------------------------------------
[2026-01-24 16:29:07,835] - [root] - [INFO] - Processing 1-22-2026 10dpi 166-W2021006-123_R1.png
[2026-01-24 16:29:29,926] - [root] - [INFO] - Finished loading mask: 0m 22s
[2026-01-24 16:29:39,259] - [root] - [INFO] - Finished crop and inference: 0m 31s
[2026-01-24 16:29:41,234] - [root] - [INFO] - Analysis finished: 0m 33s
[2026-01-24 16:29:41,234] - [root] - [INFO] - -------------------------------------------
[2026-01-24 16:29:41,234] - [root] - [INFO] - -------------------------------------------
[2026-01-24 16:29:41,234] - [root] - [INFO] - Processing 1-22-2026 10dpi 166-W2021006-146_R1.png
[2026-01-24 16:30:03,661] - [root] - [INFO] - Finished loading mask: 0m 22s
[2026-01-24 16:30:24,713] - [root] - [INFO] - Finished crop and inference: 0m 43s
[2026-01-24 16:30:26,778] - [root] - [INFO] - Analysis finished: 0m 45s
[2026-01-24 16:30:26,778] - [root] - [INFO] - -------------------------------------------
[2026-01-24 16:30:26,778] - [root] - [INFO] - -------------------------------------------
[2026-01-24 16:30:26,778] - [root] - [INFO] - Processing 1-22-2026 10dpi 166-W2021006-146_R2.png
[2026-01-24 16:30:48,805] - [root] - [INFO] - Finished loading mask: 0m 22s
[2026-01-24 16:31:02,696] - [root] - [INFO] - Finished crop and inference: 0m 35s
[2026-01-24 16:31:04,799] - [root] - [INFO] - Analysis finished: 0m 38s
[2026-01-24 16:31:04,799] - [root] - [INFO] - -------------------------------------------
[2026-01-24 16:31:04,799] - [root] - [INFO] - -------------------------------------------
[2026-01-24 16:31:04,799] - [root] - [INFO] - Processing 1-22-2026 10dpi 171-W2021011-584_R1.png
[2026-01-24 16:31:27,422] - [root] - [INFO] - Finished loading mask: 0m 22s
[2026-01-24 16:31:52,562] - [root] - [INFO] - Finished crop and inference: 0m 47s
[2026-01-24 16:31:54,706] - [root] - [INFO] - Analysis finished: 0m 49s
[2026-01-24 16:31:54,706] - [root] - [INFO] - -------------------------------------------
[2026-01-24 16:31:54,706] - [root] - [INFO] - -------------------------------------------
[2026-01-24 16:31:54,707] - [root] - [INFO] - Processing 1-22-2026 10dpi 181-W2021009-295_R2.png
[2026-01-24 16:32:16,871] - [root] - [INFO] - Finished loading mask: 0m 22s
[2026-01-24 16:32:33,102] - [root] - [INFO] - Finished crop and inference: 0m 38s
[2026-01-24 16:32:35,129] - [root] - [INFO] - Analysis finished: 0m 40s
[2026-01-24 16:32:35,129] - [root] - [INFO] - -------------------------------------------
[2026-01-24 16:32:35,129] - [root] - [INFO] - -------------------------------------------
[2026-01-24 16:32:35,129] - [root] - [INFO] - Processing 1-22-2026 10dpi 182-W2021009-251_R1.png
[2026-01-24 16:32:57,545] - [root] - [INFO] - Finished loading mask: 0m 22s
[2026-01-24 16:33:09,800] - [root] - [INFO] - Finished crop and inference: 0m 34s
[2026-01-24 16:33:11,903] - [root] - [INFO] - Analysis finished: 0m 36s
[2026-01-24 16:33:11,903] - [root] - [INFO] - -------------------------------------------
[2026-01-24 16:33:11,903] - [root] - [INFO] - -------------------------------------------
[2026-01-24 16:33:11,903] - [root] - [INFO] - Processing 1-22-2026 10dpi 192-W2021010-449_R2.png
[2026-01-24 16:33:33,708] - [root] - [INFO] - Finished loading mask: 0m 21s
[2026-01-24 16:33:56,091] - [root] - [INFO] - Finished crop and inference: 0m 44s
[2026-01-24 16:33:58,181] - [root] - [INFO] - Analysis finished: 0m 46s
[2026-01-24 16:33:58,181] - [root] - [INFO] - -------------------------------------------
[2026-01-24 16:33:58,181] - [root] - [INFO] - -------------------------------------------
[2026-01-24 16:33:58,182] - [root] - [INFO] - Processing 1-22-2026 10dpi 206-W2021009-271_R2.png
[2026-01-24 16:34:20,730] - [root] - [INFO] - Finished loading mask: 0m 22s
[2026-01-24 16:34:48,205] - [root] - [INFO] - Finished crop and inference: 0m 50s
[2026-01-24 16:34:50,270] - [root] - [INFO] - Analysis finished: 0m 52s
[2026-01-24 16:34:50,270] - [root] - [INFO] - -------------------------------------------
[2026-01-24 16:34:50,270] - [root] - [INFO] - -------------------------------------------
[2026-01-24 16:34:50,270] - [root] - [INFO] - Processing 1-22-2026 10dpi 207-W2021009-271_R1.png
[2026-01-24 16:35:12,067] - [root] - [INFO] - Finished loading mask: 0m 21s
[2026-01-24 16:35:26,010] - [root] - [INFO] - Finished crop and inference: 0m 35s
[2026-01-24 16:35:28,085] - [root] - [INFO] - Analysis finished: 0m 37s
[2026-01-24 16:35:28,085] - [root] - [INFO] - -------------------------------------------
[2026-01-24 16:35:28,085] - [root] - [INFO] - -------------------------------------------
[2026-01-24 16:35:28,085] - [root] - [INFO] - Processing 1-22-2026 10dpi 233-W2021006-607_R1.png
[2026-01-24 16:35:50,053] - [root] - [INFO] - Finished loading mask: 0m 21s
[2026-01-24 16:36:03,159] - [root] - [INFO] - Finished crop and inference: 0m 35s
[2026-01-24 16:36:05,245] - [root] - [INFO] - Analysis finished: 0m 37s
[2026-01-24 16:36:05,245] - [root] - [INFO] - -------------------------------------------
[2026-01-24 16:36:05,263] - [root] - [INFO] - Saved C:\Users\Intel User\Desktop\blackbird_scripts\data\Results\ResNet_upth0.8_downth0.1_Jan22_10-21-00_2026\1-22-2026\th_0.7\severity_rate_tray_10dpi_u0.8_d0.1_ig0.5_sp0.7_20260124_163528.csv
             timestamp time_elapsed  ... severity_rate_patch Gradient_sr2
0  2026-01-24 16:25:29       0m 36s  ...                4.66         0.13

[1 rows x 26 columns]
             timestamp time_elapsed  ... severity_rate_patch Gradient_sr2
0  2026-01-24 16:25:29       0m 36s  ...                4.66         0.13
1  2026-01-24 16:26:05       0m 51s  ...               99.36         3.04

[2 rows x 26 columns]
             timestamp time_elapsed  ... severity_rate_patch Gradient_sr2
0  2026-01-24 16:25:29       0m 36s  ...                4.66         0.13
1  2026-01-24 16:26:05       0m 51s  ...               99.36         3.04
2  2026-01-24 16:26:57       0m 36s  ...                1.42         0.03

[3 rows x 26 columns]
             timestamp time_elapsed  ... severity_rate_patch Gradient_sr2
0  2026-01-24 16:25:29       0m 36s  ...                4.66         0.13
1  2026-01-24 16:26:05       0m 51s  ...               99.36         3.04
2  2026-01-24 16:26:57       0m 36s  ...                1.42         0.03
3  2026-01-24 16:27:33       0m 42s  ...               44.27         1.26

[4 rows x 26 columns]
             timestamp time_elapsed  ... severity_rate_patch Gradient_sr2
0  2026-01-24 16:25:29       0m 36s  ...                4.66         0.13
1  2026-01-24 16:26:05       0m 51s  ...               99.36         3.04
2  2026-01-24 16:26:57       0m 36s  ...                1.42         0.03
3  2026-01-24 16:27:33       0m 42s  ...               44.27         1.26
4  2026-01-24 16:28:16       0m 51s  ...               84.26         2.34

[5 rows x 26 columns]
             timestamp time_elapsed  ... severity_rate_patch Gradient_sr2
0  2026-01-24 16:25:29       0m 36s  ...                4.66         0.13
1  2026-01-24 16:26:05       0m 51s  ...               99.36         3.04
2  2026-01-24 16:26:57       0m 36s  ...                1.42         0.03
3  2026-01-24 16:27:33       0m 42s  ...               44.27         1.26
4  2026-01-24 16:28:16       0m 51s  ...               84.26         2.34
5  2026-01-24 16:29:07       0m 33s  ...                0.86         0.02

[6 rows x 26 columns]
             timestamp time_elapsed  ... severity_rate_patch Gradient_sr2
0  2026-01-24 16:25:29       0m 36s  ...                4.66         0.13
1  2026-01-24 16:26:05       0m 51s  ...               99.36         3.04
2  2026-01-24 16:26:57       0m 36s  ...                1.42         0.03
3  2026-01-24 16:27:33       0m 42s  ...               44.27         1.26
4  2026-01-24 16:28:16       0m 51s  ...               84.26         2.34
5  2026-01-24 16:29:07       0m 33s  ...                0.86         0.02
6  2026-01-24 16:29:41       0m 45s  ...               54.45         1.52

[7 rows x 26 columns]
             timestamp time_elapsed  ... severity_rate_patch Gradient_sr2
0  2026-01-24 16:25:29       0m 36s  ...                4.66         0.13
1  2026-01-24 16:26:05       0m 51s  ...               99.36         3.04
2  2026-01-24 16:26:57       0m 36s  ...                1.42         0.03
3  2026-01-24 16:27:33       0m 42s  ...               44.27         1.26
4  2026-01-24 16:28:16       0m 51s  ...               84.26         2.34
5  2026-01-24 16:29:07       0m 33s  ...                0.86         0.02
6  2026-01-24 16:29:41       0m 45s  ...               54.45         1.52
7  2026-01-24 16:30:26       0m 37s  ...               16.61         0.43

[8 rows x 26 columns]
             timestamp time_elapsed  ... severity_rate_patch Gradient_sr2
0  2026-01-24 16:25:29       0m 36s  ...                4.66         0.13
1  2026-01-24 16:26:05       0m 51s  ...               99.36         3.04
2  2026-01-24 16:26:57       0m 36s  ...                1.42         0.03
3  2026-01-24 16:27:33       0m 42s  ...               44.27         1.26
4  2026-01-24 16:28:16       0m 51s  ...               84.26         2.34
5  2026-01-24 16:29:07       0m 33s  ...                0.86         0.02
6  2026-01-24 16:29:41       0m 45s  ...               54.45         1.52
7  2026-01-24 16:30:26       0m 37s  ...               16.61         0.43
8  2026-01-24 16:31:04       0m 49s  ...               70.80         1.88

[9 rows x 26 columns]
             timestamp time_elapsed  ... severity_rate_patch Gradient_sr2
0  2026-01-24 16:25:29       0m 36s  ...                4.66         0.13
1  2026-01-24 16:26:05       0m 51s  ...               99.36         3.04
2  2026-01-24 16:26:57       0m 36s  ...                1.42         0.03
3  2026-01-24 16:27:33       0m 42s  ...               44.27         1.26
4  2026-01-24 16:28:16       0m 51s  ...               84.26         2.34
5  2026-01-24 16:29:07       0m 33s  ...                0.86         0.02
6  2026-01-24 16:29:41       0m 45s  ...               54.45         1.52
7  2026-01-24 16:30:26       0m 37s  ...               16.61         0.43
8  2026-01-24 16:31:04       0m 49s  ...               70.80         1.88
9  2026-01-24 16:31:54       0m 40s  ...               28.24         0.74

[10 rows x 26 columns]
              timestamp time_elapsed  ... severity_rate_patch Gradient_sr2
0   2026-01-24 16:25:29       0m 36s  ...                4.66         0.13
1   2026-01-24 16:26:05       0m 51s  ...               99.36         3.04
2   2026-01-24 16:26:57       0m 36s  ...                1.42         0.03
3   2026-01-24 16:27:33       0m 42s  ...               44.27         1.26
4   2026-01-24 16:28:16       0m 51s  ...               84.26         2.34
5   2026-01-24 16:29:07       0m 33s  ...                0.86         0.02
6   2026-01-24 16:29:41       0m 45s  ...               54.45         1.52
7   2026-01-24 16:30:26       0m 37s  ...               16.61         0.43
8   2026-01-24 16:31:04       0m 49s  ...               70.80         1.88
9   2026-01-24 16:31:54       0m 40s  ...               28.24         0.74
10  2026-01-24 16:32:35       0m 36s  ...                6.53         0.17

[11 rows x 26 columns]
              timestamp time_elapsed  ... severity_rate_patch Gradient_sr2
0   2026-01-24 16:25:29       0m 36s  ...                4.66         0.13
1   2026-01-24 16:26:05       0m 51s  ...               99.36         3.04
2   2026-01-24 16:26:57       0m 36s  ...                1.42         0.03
3   2026-01-24 16:27:33       0m 42s  ...               44.27         1.26
4   2026-01-24 16:28:16       0m 51s  ...               84.26         2.34
5   2026-01-24 16:29:07       0m 33s  ...                0.86         0.02
6   2026-01-24 16:29:41       0m 45s  ...               54.45         1.52
7   2026-01-24 16:30:26       0m 37s  ...               16.61         0.43
8   2026-01-24 16:31:04       0m 49s  ...               70.80         1.88
9   2026-01-24 16:31:54       0m 40s  ...               28.24         0.74
10  2026-01-24 16:32:35       0m 36s  ...                6.53         0.17
11  2026-01-24 16:33:11       0m 46s  ...               68.04         1.84

[12 rows x 26 columns]
              timestamp time_elapsed  ... severity_rate_patch Gradient_sr2
0   2026-01-24 16:25:29       0m 36s  ...                4.66         0.13
1   2026-01-24 16:26:05       0m 51s  ...               99.36         3.04
2   2026-01-24 16:26:57       0m 36s  ...                1.42         0.03
3   2026-01-24 16:27:33       0m 42s  ...               44.27         1.26
4   2026-01-24 16:28:16       0m 51s  ...               84.26         2.34
5   2026-01-24 16:29:07       0m 33s  ...                0.86         0.02
6   2026-01-24 16:29:41       0m 45s  ...               54.45         1.52
7   2026-01-24 16:30:26       0m 37s  ...               16.61         0.43
8   2026-01-24 16:31:04       0m 49s  ...               70.80         1.88
9   2026-01-24 16:31:54       0m 40s  ...               28.24         0.74
10  2026-01-24 16:32:35       0m 36s  ...                6.53         0.17
11  2026-01-24 16:33:11       0m 46s  ...               68.04         1.84
12  2026-01-24 16:33:58       0m 52s  ...               84.66         2.39

[13 rows x 26 columns]
              timestamp time_elapsed  ... severity_rate_patch Gradient_sr2
0   2026-01-24 16:25:29       0m 36s  ...                4.66         0.13
1   2026-01-24 16:26:05       0m 51s  ...               99.36         3.04
2   2026-01-24 16:26:57       0m 36s  ...                1.42         0.03
3   2026-01-24 16:27:33       0m 42s  ...               44.27         1.26
4   2026-01-24 16:28:16       0m 51s  ...               84.26         2.34
5   2026-01-24 16:29:07       0m 33s  ...                0.86         0.02
6   2026-01-24 16:29:41       0m 45s  ...               54.45         1.52
7   2026-01-24 16:30:26       0m 37s  ...               16.61         0.43
8   2026-01-24 16:31:04       0m 49s  ...               70.80         1.88
9   2026-01-24 16:31:54       0m 40s  ...               28.24         0.74
10  2026-01-24 16:32:35       0m 36s  ...                6.53         0.17
11  2026-01-24 16:33:11       0m 46s  ...               68.04         1.84
12  2026-01-24 16:33:58       0m 52s  ...               84.66         2.39
13  2026-01-24 16:34:50       0m 37s  ...               41.06         1.08

[14 rows x 26 columns]
              timestamp time_elapsed  ... severity_rate_patch Gradient_sr2
0   2026-01-24 16:25:29       0m 36s  ...                4.66         0.13
1   2026-01-24 16:26:05       0m 51s  ...               99.36         3.04
2   2026-01-24 16:26:57       0m 36s  ...                1.42         0.03
3   2026-01-24 16:27:33       0m 42s  ...               44.27         1.26
4   2026-01-24 16:28:16       0m 51s  ...               84.26         2.34
5   2026-01-24 16:29:07       0m 33s  ...                0.86         0.02
6   2026-01-24 16:29:41       0m 45s  ...               54.45         1.52
7   2026-01-24 16:30:26       0m 37s  ...               16.61         0.43
8   2026-01-24 16:31:04       0m 49s  ...               70.80         1.88
9   2026-01-24 16:31:54       0m 40s  ...               28.24         0.74
10  2026-01-24 16:32:35       0m 36s  ...                6.53         0.17
11  2026-01-24 16:33:11       0m 46s  ...               68.04         1.84
12  2026-01-24 16:33:58       0m 52s  ...               84.66         2.39
13  2026-01-24 16:34:50       0m 37s  ...               41.06         1.08
14  2026-01-24 16:35:28       0m 37s  ...               22.52         0.54

[15 rows x 26 columns]

real	10m45.635s
user	0m0.030s
sys	0m0.000s
