[2026-01-24 17:42:10,811] - [root] - [INFO] - leaf_correlation_mw.py
[2026-01-24 17:42:10,811] - [root] - [INFO] - model_type       : ResNet
[2026-01-24 17:42:10,812] - [root] - [INFO] - pretrained       : True
[2026-01-24 17:42:10,812] - [root] - [INFO] - loading_epoch    : 65
[2026-01-24 17:42:10,812] - [root] - [INFO] - timestamp        : Jan22_10-21-00_2026
[2026-01-24 17:42:10,812] - [root] - [INFO] - outdim           : 2
[2026-01-24 17:42:10,812] - [root] - [INFO] - dual_head        : True
[2026-01-24 17:42:10,813] - [root] - [INFO] - model_path       : ../..
[2026-01-24 17:42:10,813] - [root] - [INFO] - step_size        : 224
[2026-01-24 17:42:10,813] - [root] - [INFO] - means            : [0.541, 0.6371, 0.4188]
[2026-01-24 17:42:10,813] - [root] - [INFO] - stds             : [0.1764, 0.165, 0.2326]
[2026-01-24 17:42:10,813] - [root] - [INFO] - target_class     : 1
[2026-01-24 17:42:10,813] - [root] - [INFO] - contam_control   : False
[2026-01-24 17:42:10,813] - [root] - [INFO] - spor_th          : 0.7
[2026-01-24 17:42:10,813] - [root] - [INFO] - inf_gate         : 0.3
[2026-01-24 17:42:10,813] - [root] - [INFO] - pm               : HPM-1269
[2026-01-24 17:42:10,813] - [root] - [INFO] - mps              : False
[2026-01-24 17:42:10,813] - [root] - [INFO] - cuda             : True
[2026-01-24 17:42:10,813] - [root] - [INFO] - cuda_id          : 0
[2026-01-24 17:42:10,813] - [root] - [INFO] - sal_threshold    : 0.5
[2026-01-24 17:42:10,813] - [root] - [INFO] - up_threshold     : 0.95
[2026-01-24 17:42:10,813] - [root] - [INFO] - down_threshold   : 0.1
[2026-01-24 17:42:10,813] - [root] - [INFO] - dataset_path     : C:/Users/Intel User/Desktop/blackbird_scripts/data/human_disk_assessments
[2026-01-24 17:42:10,814] - [root] - [INFO] - img_folder       : 1-22-2026
[2026-01-24 17:42:10,814] - [root] - [INFO] - platform         : BlackBird
[2026-01-24 17:42:10,814] - [root] - [INFO] - threshold        : ['0.7']
[2026-01-24 17:42:10,814] - [root] - [INFO] - log              : ../../results/logs/random.log
[2026-01-24 17:42:10,814] - [root] - [INFO] - dpi              : 10
[2026-01-24 17:42:10,814] - [root] - [INFO] - group            : baseline
[2026-01-24 17:42:10,814] - [root] - [INFO] - trays            : ['10dpi']
[2026-01-24 17:42:10,814] - [root] - [INFO] - sal_gradcam      : False
[2026-01-24 17:42:10,814] - [root] - [INFO] - sal_gradient     : True
[2026-01-24 17:42:10,814] - [root] - [INFO] - sal_smoothgrad   : False
[2026-01-24 17:42:10,814] - [root] - [INFO] - sal_deeplift     : False
[2026-01-24 17:42:10,814] - [root] - [INFO] - sal_thresh_method : fixed
[2026-01-24 17:42:10,814] - [root] - [INFO] - sal_thresh_p     : 95.0
[2026-01-24 17:42:11,960] - [root] - [INFO] - -------------------------------------------
[2026-01-24 17:42:11,961] - [root] - [INFO] - Processing 1-22-2026 10dpi 046-W2021009-208_R2.png
[2026-01-24 17:42:31,969] - [root] - [INFO] - Finished loading mask: 0m 20s
[2026-01-24 17:42:44,236] - [root] - [INFO] - Finished crop and inference: 0m 32s
[2026-01-24 17:42:45,846] - [root] - [INFO] - Analysis finished: 0m 33s
[2026-01-24 17:42:45,846] - [root] - [INFO] - -------------------------------------------
[2026-01-24 17:42:45,846] - [root] - [INFO] - -------------------------------------------
[2026-01-24 17:42:45,846] - [root] - [INFO] - Processing 1-22-2026 10dpi 151-W2021011-479_R2.png
[2026-01-24 17:43:09,648] - [root] - [INFO] - Finished loading mask: 0m 23s
[2026-01-24 17:43:38,346] - [root] - [INFO] - Finished crop and inference: 0m 52s
[2026-01-24 17:43:40,283] - [root] - [INFO] - Analysis finished: 0m 54s
[2026-01-24 17:43:40,283] - [root] - [INFO] - -------------------------------------------
[2026-01-24 17:43:40,283] - [root] - [INFO] - -------------------------------------------
[2026-01-24 17:43:40,284] - [root] - [INFO] - Processing 1-22-2026 10dpi 152-W2021010-301_R2.png
[2026-01-24 17:44:03,083] - [root] - [INFO] - Finished loading mask: 0m 22s
[2026-01-24 17:44:13,061] - [root] - [INFO] - Finished crop and inference: 0m 32s
[2026-01-24 17:44:14,642] - [root] - [INFO] - Analysis finished: 0m 34s
[2026-01-24 17:44:14,642] - [root] - [INFO] - -------------------------------------------
[2026-01-24 17:44:14,642] - [root] - [INFO] - -------------------------------------------
[2026-01-24 17:44:14,643] - [root] - [INFO] - Processing 1-22-2026 10dpi 152-W2021011-479_R1.png
[2026-01-24 17:44:36,620] - [root] - [INFO] - Finished loading mask: 0m 21s
[2026-01-24 17:44:54,712] - [root] - [INFO] - Finished crop and inference: 0m 40s
[2026-01-24 17:44:56,588] - [root] - [INFO] - Analysis finished: 0m 41s
[2026-01-24 17:44:56,588] - [root] - [INFO] - -------------------------------------------
[2026-01-24 17:44:56,588] - [root] - [INFO] - -------------------------------------------
[2026-01-24 17:44:56,588] - [root] - [INFO] - Processing 1-22-2026 10dpi 162-W2021011-551_R2.png
[2026-01-24 17:45:18,283] - [root] - [INFO] - Finished loading mask: 0m 21s
[2026-01-24 17:45:46,241] - [root] - [INFO] - Finished crop and inference: 0m 49s
[2026-01-24 17:45:48,697] - [root] - [INFO] - Analysis finished: 0m 52s
[2026-01-24 17:45:48,698] - [root] - [INFO] - -------------------------------------------
[2026-01-24 17:45:48,698] - [root] - [INFO] - -------------------------------------------
[2026-01-24 17:45:48,698] - [root] - [INFO] - Processing 1-22-2026 10dpi 166-W2021006-123_R1.png
[2026-01-24 17:46:11,476] - [root] - [INFO] - Finished loading mask: 0m 22s
[2026-01-24 17:46:20,513] - [root] - [INFO] - Finished crop and inference: 0m 31s
[2026-01-24 17:46:22,289] - [root] - [INFO] - Analysis finished: 0m 33s
[2026-01-24 17:46:22,289] - [root] - [INFO] - -------------------------------------------
[2026-01-24 17:46:22,289] - [root] - [INFO] - -------------------------------------------
[2026-01-24 17:46:22,289] - [root] - [INFO] - Processing 1-22-2026 10dpi 166-W2021006-146_R1.png
[2026-01-24 17:46:45,157] - [root] - [INFO] - Finished loading mask: 0m 22s
[2026-01-24 17:47:02,988] - [root] - [INFO] - Finished crop and inference: 0m 40s
[2026-01-24 17:47:05,115] - [root] - [INFO] - Analysis finished: 0m 42s
[2026-01-24 17:47:05,115] - [root] - [INFO] - -------------------------------------------
[2026-01-24 17:47:05,116] - [root] - [INFO] - -------------------------------------------
[2026-01-24 17:47:05,116] - [root] - [INFO] - Processing 1-22-2026 10dpi 166-W2021006-146_R2.png
[2026-01-24 17:47:26,573] - [root] - [INFO] - Finished loading mask: 0m 21s
[2026-01-24 17:47:38,474] - [root] - [INFO] - Finished crop and inference: 0m 33s
[2026-01-24 17:47:40,280] - [root] - [INFO] - Analysis finished: 0m 35s
[2026-01-24 17:47:40,280] - [root] - [INFO] - -------------------------------------------
[2026-01-24 17:47:40,280] - [root] - [INFO] - -------------------------------------------
[2026-01-24 17:47:40,280] - [root] - [INFO] - Processing 1-22-2026 10dpi 171-W2021011-584_R1.png
[2026-01-24 17:48:02,448] - [root] - [INFO] - Finished loading mask: 0m 22s
[2026-01-24 17:48:26,910] - [root] - [INFO] - Finished crop and inference: 0m 46s
[2026-01-24 17:48:28,913] - [root] - [INFO] - Analysis finished: 0m 48s
[2026-01-24 17:48:28,913] - [root] - [INFO] - -------------------------------------------
[2026-01-24 17:48:28,913] - [root] - [INFO] - -------------------------------------------
[2026-01-24 17:48:28,913] - [root] - [INFO] - Processing 1-22-2026 10dpi 181-W2021009-295_R2.png
[2026-01-24 17:48:53,628] - [root] - [INFO] - Finished loading mask: 0m 24s
[2026-01-24 17:49:06,270] - [root] - [INFO] - Finished crop and inference: 0m 37s
[2026-01-24 17:49:07,889] - [root] - [INFO] - Analysis finished: 0m 38s
[2026-01-24 17:49:07,889] - [root] - [INFO] - -------------------------------------------
[2026-01-24 17:49:07,890] - [root] - [INFO] - -------------------------------------------
[2026-01-24 17:49:07,890] - [root] - [INFO] - Processing 1-22-2026 10dpi 182-W2021009-251_R1.png
[2026-01-24 17:49:29,192] - [root] - [INFO] - Finished loading mask: 0m 21s
[2026-01-24 17:49:39,247] - [root] - [INFO] - Finished crop and inference: 0m 31s
[2026-01-24 17:49:40,778] - [root] - [INFO] - Analysis finished: 0m 32s
[2026-01-24 17:49:40,779] - [root] - [INFO] - -------------------------------------------
[2026-01-24 17:49:40,779] - [root] - [INFO] - -------------------------------------------
[2026-01-24 17:49:40,779] - [root] - [INFO] - Processing 1-22-2026 10dpi 192-W2021010-449_R2.png
[2026-01-24 17:50:01,752] - [root] - [INFO] - Finished loading mask: 0m 20s
[2026-01-24 17:50:20,063] - [root] - [INFO] - Finished crop and inference: 0m 39s
[2026-01-24 17:50:21,658] - [root] - [INFO] - Analysis finished: 0m 40s
[2026-01-24 17:50:21,658] - [root] - [INFO] - -------------------------------------------
[2026-01-24 17:50:21,658] - [root] - [INFO] - -------------------------------------------
[2026-01-24 17:50:21,658] - [root] - [INFO] - Processing 1-22-2026 10dpi 206-W2021009-271_R2.png
[2026-01-24 17:50:44,144] - [root] - [INFO] - Finished loading mask: 0m 22s
[2026-01-24 17:51:06,211] - [root] - [INFO] - Finished crop and inference: 0m 44s
[2026-01-24 17:51:07,947] - [root] - [INFO] - Analysis finished: 0m 46s
[2026-01-24 17:51:07,947] - [root] - [INFO] - -------------------------------------------
[2026-01-24 17:51:07,948] - [root] - [INFO] - -------------------------------------------
[2026-01-24 17:51:07,948] - [root] - [INFO] - Processing 1-22-2026 10dpi 207-W2021009-271_R1.png
[2026-01-24 17:51:29,851] - [root] - [INFO] - Finished loading mask: 0m 21s
[2026-01-24 17:51:41,978] - [root] - [INFO] - Finished crop and inference: 0m 34s
[2026-01-24 17:51:43,531] - [root] - [INFO] - Analysis finished: 0m 35s
[2026-01-24 17:51:43,532] - [root] - [INFO] - -------------------------------------------
[2026-01-24 17:51:43,532] - [root] - [INFO] - -------------------------------------------
[2026-01-24 17:51:43,532] - [root] - [INFO] - Processing 1-22-2026 10dpi 233-W2021006-607_R1.png
[2026-01-24 17:52:04,347] - [root] - [INFO] - Finished loading mask: 0m 20s
[2026-01-24 17:52:14,845] - [root] - [INFO] - Finished crop and inference: 0m 31s
[2026-01-24 17:52:16,217] - [root] - [INFO] - Analysis finished: 0m 32s
[2026-01-24 17:52:16,217] - [root] - [INFO] - -------------------------------------------
[2026-01-24 17:52:16,233] - [root] - [INFO] - Saved C:\Users\Intel User\Desktop\blackbird_scripts\data\Results\ResNet_upth0.95_downth0.1_Jan22_10-21-00_2026\1-22-2026\th_0.7\severity_rate_tray_10dpi_u0.95_d0.1_ig0.3_sp0.7_20260124_175143.csv
             timestamp time_elapsed  ... severity_rate_patch Gradient_sr2
0  2026-01-24 17:42:11       0m 33s  ...                3.46         0.09

[1 rows x 26 columns]
             timestamp time_elapsed  ... severity_rate_patch Gradient_sr2
0  2026-01-24 17:42:11       0m 33s  ...                3.46         0.09
1  2026-01-24 17:42:45       0m 54s  ...               99.36         3.03

[2 rows x 26 columns]
             timestamp time_elapsed  ... severity_rate_patch Gradient_sr2
0  2026-01-24 17:42:11       0m 33s  ...                3.46         0.09
1  2026-01-24 17:42:45       0m 54s  ...               99.36         3.03
2  2026-01-24 17:43:40       0m 34s  ...                1.00         0.02

[3 rows x 26 columns]
             timestamp time_elapsed  ... severity_rate_patch Gradient_sr2
0  2026-01-24 17:42:11       0m 33s  ...                3.46         0.09
1  2026-01-24 17:42:45       0m 54s  ...               99.36         3.03
2  2026-01-24 17:43:40       0m 34s  ...                1.00         0.02
3  2026-01-24 17:44:14       0m 41s  ...               43.11         1.20

[4 rows x 26 columns]
             timestamp time_elapsed  ... severity_rate_patch Gradient_sr2
0  2026-01-24 17:42:11       0m 33s  ...                3.46         0.09
1  2026-01-24 17:42:45       0m 54s  ...               99.36         3.03
2  2026-01-24 17:43:40       0m 34s  ...                1.00         0.02
3  2026-01-24 17:44:14       0m 41s  ...               43.11         1.20
4  2026-01-24 17:44:56       0m 52s  ...               84.05         2.31

[5 rows x 26 columns]
             timestamp time_elapsed  ... severity_rate_patch Gradient_sr2
0  2026-01-24 17:42:11       0m 33s  ...                3.46         0.09
1  2026-01-24 17:42:45       0m 54s  ...               99.36         3.03
2  2026-01-24 17:43:40       0m 34s  ...                1.00         0.02
3  2026-01-24 17:44:14       0m 41s  ...               43.11         1.20
4  2026-01-24 17:44:56       0m 52s  ...               84.05         2.31
5  2026-01-24 17:45:48       0m 33s  ...                0.69         0.02

[6 rows x 26 columns]
             timestamp time_elapsed  ... severity_rate_patch Gradient_sr2
0  2026-01-24 17:42:11       0m 33s  ...                3.46         0.09
1  2026-01-24 17:42:45       0m 54s  ...               99.36         3.03
2  2026-01-24 17:43:40       0m 34s  ...                1.00         0.02
3  2026-01-24 17:44:14       0m 41s  ...               43.11         1.20
4  2026-01-24 17:44:56       0m 52s  ...               84.05         2.31
5  2026-01-24 17:45:48       0m 33s  ...                0.69         0.02
6  2026-01-24 17:46:22       0m 42s  ...               53.32         1.45

[7 rows x 26 columns]
             timestamp time_elapsed  ... severity_rate_patch Gradient_sr2
0  2026-01-24 17:42:11       0m 33s  ...                3.46         0.09
1  2026-01-24 17:42:45       0m 54s  ...               99.36         3.03
2  2026-01-24 17:43:40       0m 34s  ...                1.00         0.02
3  2026-01-24 17:44:14       0m 41s  ...               43.11         1.20
4  2026-01-24 17:44:56       0m 52s  ...               84.05         2.31
5  2026-01-24 17:45:48       0m 33s  ...                0.69         0.02
6  2026-01-24 17:46:22       0m 42s  ...               53.32         1.45
7  2026-01-24 17:47:05       0m 35s  ...               15.56         0.40

[8 rows x 26 columns]
             timestamp time_elapsed  ... severity_rate_patch Gradient_sr2
0  2026-01-24 17:42:11       0m 33s  ...                3.46         0.09
1  2026-01-24 17:42:45       0m 54s  ...               99.36         3.03
2  2026-01-24 17:43:40       0m 34s  ...                1.00         0.02
3  2026-01-24 17:44:14       0m 41s  ...               43.11         1.20
4  2026-01-24 17:44:56       0m 52s  ...               84.05         2.31
5  2026-01-24 17:45:48       0m 33s  ...                0.69         0.02
6  2026-01-24 17:46:22       0m 42s  ...               53.32         1.45
7  2026-01-24 17:47:05       0m 35s  ...               15.56         0.40
8  2026-01-24 17:47:40       0m 48s  ...               69.91         1.81

[9 rows x 26 columns]
             timestamp time_elapsed  ... severity_rate_patch Gradient_sr2
0  2026-01-24 17:42:11       0m 33s  ...                3.46         0.09
1  2026-01-24 17:42:45       0m 54s  ...               99.36         3.03
2  2026-01-24 17:43:40       0m 34s  ...                1.00         0.02
3  2026-01-24 17:44:14       0m 41s  ...               43.11         1.20
4  2026-01-24 17:44:56       0m 52s  ...               84.05         2.31
5  2026-01-24 17:45:48       0m 33s  ...                0.69         0.02
6  2026-01-24 17:46:22       0m 42s  ...               53.32         1.45
7  2026-01-24 17:47:05       0m 35s  ...               15.56         0.40
8  2026-01-24 17:47:40       0m 48s  ...               69.91         1.81
9  2026-01-24 17:48:28       0m 38s  ...               25.48         0.65

[10 rows x 26 columns]
              timestamp time_elapsed  ... severity_rate_patch Gradient_sr2
0   2026-01-24 17:42:11       0m 33s  ...                3.46         0.09
1   2026-01-24 17:42:45       0m 54s  ...               99.36         3.03
2   2026-01-24 17:43:40       0m 34s  ...                1.00         0.02
3   2026-01-24 17:44:14       0m 41s  ...               43.11         1.20
4   2026-01-24 17:44:56       0m 52s  ...               84.05         2.31
5   2026-01-24 17:45:48       0m 33s  ...                0.69         0.02
6   2026-01-24 17:46:22       0m 42s  ...               53.32         1.45
7   2026-01-24 17:47:05       0m 35s  ...               15.56         0.40
8   2026-01-24 17:47:40       0m 48s  ...               69.91         1.81
9   2026-01-24 17:48:28       0m 38s  ...               25.48         0.65
10  2026-01-24 17:49:07       0m 32s  ...                6.09         0.16

[11 rows x 26 columns]
              timestamp time_elapsed  ... severity_rate_patch Gradient_sr2
0   2026-01-24 17:42:11       0m 33s  ...                3.46         0.09
1   2026-01-24 17:42:45       0m 54s  ...               99.36         3.03
2   2026-01-24 17:43:40       0m 34s  ...                1.00         0.02
3   2026-01-24 17:44:14       0m 41s  ...               43.11         1.20
4   2026-01-24 17:44:56       0m 52s  ...               84.05         2.31
5   2026-01-24 17:45:48       0m 33s  ...                0.69         0.02
6   2026-01-24 17:46:22       0m 42s  ...               53.32         1.45
7   2026-01-24 17:47:05       0m 35s  ...               15.56         0.40
8   2026-01-24 17:47:40       0m 48s  ...               69.91         1.81
9   2026-01-24 17:48:28       0m 38s  ...               25.48         0.65
10  2026-01-24 17:49:07       0m 32s  ...                6.09         0.16
11  2026-01-24 17:49:40       0m 40s  ...               67.78         1.83

[12 rows x 26 columns]
              timestamp time_elapsed  ... severity_rate_patch Gradient_sr2
0   2026-01-24 17:42:11       0m 33s  ...                3.46         0.09
1   2026-01-24 17:42:45       0m 54s  ...               99.36         3.03
2   2026-01-24 17:43:40       0m 34s  ...                1.00         0.02
3   2026-01-24 17:44:14       0m 41s  ...               43.11         1.20
4   2026-01-24 17:44:56       0m 52s  ...               84.05         2.31
5   2026-01-24 17:45:48       0m 33s  ...                0.69         0.02
6   2026-01-24 17:46:22       0m 42s  ...               53.32         1.45
7   2026-01-24 17:47:05       0m 35s  ...               15.56         0.40
8   2026-01-24 17:47:40       0m 48s  ...               69.91         1.81
9   2026-01-24 17:48:28       0m 38s  ...               25.48         0.65
10  2026-01-24 17:49:07       0m 32s  ...                6.09         0.16
11  2026-01-24 17:49:40       0m 40s  ...               67.78         1.83
12  2026-01-24 17:50:21       0m 46s  ...               84.34         2.34

[13 rows x 26 columns]
              timestamp time_elapsed  ... severity_rate_patch Gradient_sr2
0   2026-01-24 17:42:11       0m 33s  ...                3.46         0.09
1   2026-01-24 17:42:45       0m 54s  ...               99.36         3.03
2   2026-01-24 17:43:40       0m 34s  ...                1.00         0.02
3   2026-01-24 17:44:14       0m 41s  ...               43.11         1.20
4   2026-01-24 17:44:56       0m 52s  ...               84.05         2.31
5   2026-01-24 17:45:48       0m 33s  ...                0.69         0.02
6   2026-01-24 17:46:22       0m 42s  ...               53.32         1.45
7   2026-01-24 17:47:05       0m 35s  ...               15.56         0.40
8   2026-01-24 17:47:40       0m 48s  ...               69.91         1.81
9   2026-01-24 17:48:28       0m 38s  ...               25.48         0.65
10  2026-01-24 17:49:07       0m 32s  ...                6.09         0.16
11  2026-01-24 17:49:40       0m 40s  ...               67.78         1.83
12  2026-01-24 17:50:21       0m 46s  ...               84.34         2.34
13  2026-01-24 17:51:07       0m 35s  ...               39.81         1.03

[14 rows x 26 columns]
              timestamp time_elapsed  ... severity_rate_patch Gradient_sr2
0   2026-01-24 17:42:11       0m 33s  ...                3.46         0.09
1   2026-01-24 17:42:45       0m 54s  ...               99.36         3.03
2   2026-01-24 17:43:40       0m 34s  ...                1.00         0.02
3   2026-01-24 17:44:14       0m 41s  ...               43.11         1.20
4   2026-01-24 17:44:56       0m 52s  ...               84.05         2.31
5   2026-01-24 17:45:48       0m 33s  ...                0.69         0.02
6   2026-01-24 17:46:22       0m 42s  ...               53.32         1.45
7   2026-01-24 17:47:05       0m 35s  ...               15.56         0.40
8   2026-01-24 17:47:40       0m 48s  ...               69.91         1.81
9   2026-01-24 17:48:28       0m 38s  ...               25.48         0.65
10  2026-01-24 17:49:07       0m 32s  ...                6.09         0.16
11  2026-01-24 17:49:40       0m 40s  ...               67.78         1.83
12  2026-01-24 17:50:21       0m 46s  ...               84.34         2.34
13  2026-01-24 17:51:07       0m 35s  ...               39.81         1.03
14  2026-01-24 17:51:43       0m 32s  ...               18.71         0.43

[15 rows x 26 columns]

real	10m13.350s
user	0m0.000s
sys	0m0.015s
