[2026-01-23 18:56:47,259] - [root] - [INFO] - leaf_correlation_mw.py
[2026-01-23 18:56:47,260] - [root] - [INFO] - model_type       : ResNet
[2026-01-23 18:56:47,260] - [root] - [INFO] - pretrained       : True
[2026-01-23 18:56:47,260] - [root] - [INFO] - loading_epoch    : 65
[2026-01-23 18:56:47,260] - [root] - [INFO] - timestamp        : Jan22_10-21-00_2026
[2026-01-23 18:56:47,260] - [root] - [INFO] - outdim           : 2
[2026-01-23 18:56:47,260] - [root] - [INFO] - dual_head        : True
[2026-01-23 18:56:47,261] - [root] - [INFO] - model_path       : ../..
[2026-01-23 18:56:47,261] - [root] - [INFO] - step_size        : 224
[2026-01-23 18:56:47,262] - [root] - [INFO] - means            : [0.541, 0.6371, 0.4188]
[2026-01-23 18:56:47,262] - [root] - [INFO] - stds             : [0.1764, 0.165, 0.2326]
[2026-01-23 18:56:47,262] - [root] - [INFO] - target_class     : 1
[2026-01-23 18:56:47,262] - [root] - [INFO] - contam_control   : False
[2026-01-23 18:56:47,262] - [root] - [INFO] - spor_th          : 0.8
[2026-01-23 18:56:47,262] - [root] - [INFO] - inf_gate         : 0.6
[2026-01-23 18:56:47,262] - [root] - [INFO] - pm               : HPM-1269
[2026-01-23 18:56:47,262] - [root] - [INFO] - mps              : False
[2026-01-23 18:56:47,262] - [root] - [INFO] - cuda             : True
[2026-01-23 18:56:47,262] - [root] - [INFO] - cuda_id          : 0
[2026-01-23 18:56:47,262] - [root] - [INFO] - sal_threshold    : 0.5
[2026-01-23 18:56:47,263] - [root] - [INFO] - up_threshold     : 0.8
[2026-01-23 18:56:47,263] - [root] - [INFO] - down_threshold   : 0.2
[2026-01-23 18:56:47,263] - [root] - [INFO] - dataset_path     : C:/Users/Intel User/Desktop/blackbird_scripts/data/human_disk_assessments
[2026-01-23 18:56:47,263] - [root] - [INFO] - img_folder       : 1-22-2026
[2026-01-23 18:56:47,263] - [root] - [INFO] - platform         : BlackBird
[2026-01-23 18:56:47,263] - [root] - [INFO] - threshold        : ['0.7']
[2026-01-23 18:56:47,263] - [root] - [INFO] - log              : ../../results/logs/random.log
[2026-01-23 18:56:47,263] - [root] - [INFO] - dpi              : 5
[2026-01-23 18:56:47,263] - [root] - [INFO] - group            : baseline
[2026-01-23 18:56:47,264] - [root] - [INFO] - trays            : ['5dpi']
[2026-01-23 18:56:47,264] - [root] - [INFO] - sal_gradcam      : False
[2026-01-23 18:56:47,264] - [root] - [INFO] - sal_gradient     : True
[2026-01-23 18:56:47,264] - [root] - [INFO] - sal_smoothgrad   : False
[2026-01-23 18:56:47,264] - [root] - [INFO] - sal_deeplift     : False
[2026-01-23 18:56:47,264] - [root] - [INFO] - sal_thresh_method : fixed
[2026-01-23 18:56:47,264] - [root] - [INFO] - sal_thresh_p     : 95.0
[2026-01-23 18:56:48,226] - [root] - [INFO] - -------------------------------------------
[2026-01-23 18:56:48,226] - [root] - [INFO] - Processing 1-22-2026 5dpi 015-W2021009-160_R1.png
[2026-01-23 18:57:09,521] - [root] - [INFO] - Finished loading mask: 0m 21s
[2026-01-23 18:57:22,660] - [root] - [INFO] - Finished crop and inference: 0m 34s
[2026-01-23 18:57:24,415] - [root] - [INFO] - Analysis finished: 0m 36s
[2026-01-23 18:57:24,415] - [root] - [INFO] - -------------------------------------------
[2026-01-23 18:57:24,415] - [root] - [INFO] - -------------------------------------------
[2026-01-23 18:57:24,415] - [root] - [INFO] - Processing 1-22-2026 5dpi 015-W2021011-633_R1.png
[2026-01-23 18:57:47,245] - [root] - [INFO] - Finished loading mask: 0m 22s
[2026-01-23 18:58:00,315] - [root] - [INFO] - Finished crop and inference: 0m 35s
[2026-01-23 18:58:02,075] - [root] - [INFO] - Analysis finished: 0m 37s
[2026-01-23 18:58:02,076] - [root] - [INFO] - -------------------------------------------
[2026-01-23 18:58:02,076] - [root] - [INFO] - -------------------------------------------
[2026-01-23 18:58:02,076] - [root] - [INFO] - Processing 1-22-2026 5dpi 019-W2021010-428_R2.png
[2026-01-23 18:58:24,499] - [root] - [INFO] - Finished loading mask: 0m 22s
[2026-01-23 18:58:32,921] - [root] - [INFO] - Finished crop and inference: 0m 30s
[2026-01-23 18:58:34,618] - [root] - [INFO] - Analysis finished: 0m 32s
[2026-01-23 18:58:34,618] - [root] - [INFO] - -------------------------------------------
[2026-01-23 18:58:34,618] - [root] - [INFO] - -------------------------------------------
[2026-01-23 18:58:34,618] - [root] - [INFO] - Processing 1-22-2026 5dpi 021-W2021009-175_R1.png
[2026-01-23 18:58:55,823] - [root] - [INFO] - Finished loading mask: 0m 21s
[2026-01-23 18:59:05,097] - [root] - [INFO] - Finished crop and inference: 0m 30s
[2026-01-23 18:59:06,751] - [root] - [INFO] - Analysis finished: 0m 32s
[2026-01-23 18:59:06,751] - [root] - [INFO] - -------------------------------------------
[2026-01-23 18:59:06,751] - [root] - [INFO] - -------------------------------------------
[2026-01-23 18:59:06,751] - [root] - [INFO] - Processing 1-22-2026 5dpi 022-W2021009-198_R2.png
[2026-01-23 18:59:28,506] - [root] - [INFO] - Finished loading mask: 0m 21s
[2026-01-23 18:59:39,395] - [root] - [INFO] - Finished crop and inference: 0m 32s
[2026-01-23 18:59:41,028] - [root] - [INFO] - Analysis finished: 0m 34s
[2026-01-23 18:59:41,028] - [root] - [INFO] - -------------------------------------------
[2026-01-23 18:59:41,028] - [root] - [INFO] - -------------------------------------------
[2026-01-23 18:59:41,028] - [root] - [INFO] - Processing 1-22-2026 5dpi 036-W2021006-047_R2.png
[2026-01-23 19:00:02,732] - [root] - [INFO] - Finished loading mask: 0m 21s
[2026-01-23 19:00:11,413] - [root] - [INFO] - Finished crop and inference: 0m 30s
[2026-01-23 19:00:13,056] - [root] - [INFO] - Analysis finished: 0m 32s
[2026-01-23 19:00:13,056] - [root] - [INFO] - -------------------------------------------
[2026-01-23 19:00:13,057] - [root] - [INFO] - -------------------------------------------
[2026-01-23 19:00:13,057] - [root] - [INFO] - Processing 1-22-2026 5dpi 060-W2021010-324_R2.png
[2026-01-23 19:00:34,092] - [root] - [INFO] - Finished loading mask: 0m 21s
[2026-01-23 19:00:42,928] - [root] - [INFO] - Finished crop and inference: 0m 29s
[2026-01-23 19:00:44,653] - [root] - [INFO] - Analysis finished: 0m 31s
[2026-01-23 19:00:44,653] - [root] - [INFO] - -------------------------------------------
[2026-01-23 19:00:44,653] - [root] - [INFO] - -------------------------------------------
[2026-01-23 19:00:44,653] - [root] - [INFO] - Processing 1-22-2026 5dpi 099-W2021006-611_R2.png
[2026-01-23 19:01:06,043] - [root] - [INFO] - Finished loading mask: 0m 21s
[2026-01-23 19:01:20,567] - [root] - [INFO] - Finished crop and inference: 0m 35s
[2026-01-23 19:01:22,198] - [root] - [INFO] - Analysis finished: 0m 37s
[2026-01-23 19:01:22,198] - [root] - [INFO] - -------------------------------------------
[2026-01-23 19:01:22,198] - [root] - [INFO] - -------------------------------------------
[2026-01-23 19:01:22,198] - [root] - [INFO] - Processing 1-22-2026 5dpi 123-W2021009-255_R2.png
[2026-01-23 19:01:43,266] - [root] - [INFO] - Finished loading mask: 0m 21s
[2026-01-23 19:01:53,316] - [root] - [INFO] - Finished crop and inference: 0m 31s
[2026-01-23 19:01:54,992] - [root] - [INFO] - Analysis finished: 0m 32s
[2026-01-23 19:01:54,992] - [root] - [INFO] - -------------------------------------------
[2026-01-23 19:01:54,992] - [root] - [INFO] - -------------------------------------------
[2026-01-23 19:01:54,992] - [root] - [INFO] - Processing 1-22-2026 5dpi 141-W2021009-274_R1.png
[2026-01-23 19:02:15,723] - [root] - [INFO] - Finished loading mask: 0m 20s
[2026-01-23 19:02:38,475] - [root] - [INFO] - Finished crop and inference: 0m 43s
[2026-01-23 19:02:40,264] - [root] - [INFO] - Analysis finished: 0m 45s
[2026-01-23 19:02:40,265] - [root] - [INFO] - -------------------------------------------
[2026-01-23 19:02:40,265] - [root] - [INFO] - -------------------------------------------
[2026-01-23 19:02:40,265] - [root] - [INFO] - Processing 1-22-2026 5dpi 173-W2021006-127_R2.png
[2026-01-23 19:03:01,831] - [root] - [INFO] - Finished loading mask: 0m 21s
[2026-01-23 19:03:10,752] - [root] - [INFO] - Finished crop and inference: 0m 30s
[2026-01-23 19:03:12,464] - [root] - [INFO] - Analysis finished: 0m 32s
[2026-01-23 19:03:12,465] - [root] - [INFO] - -------------------------------------------
[2026-01-23 19:03:12,465] - [root] - [INFO] - -------------------------------------------
[2026-01-23 19:03:12,465] - [root] - [INFO] - Processing 1-22-2026 5dpi 191-W2021010-449_R1.png
[2026-01-23 19:03:33,555] - [root] - [INFO] - Finished loading mask: 0m 21s
[2026-01-23 19:03:45,801] - [root] - [INFO] - Finished crop and inference: 0m 33s
[2026-01-23 19:03:47,488] - [root] - [INFO] - Analysis finished: 0m 35s
[2026-01-23 19:03:47,488] - [root] - [INFO] - -------------------------------------------
[2026-01-23 19:03:47,489] - [root] - [INFO] - -------------------------------------------
[2026-01-23 19:03:47,489] - [root] - [INFO] - Processing 1-22-2026 5dpi 254-W2021010-352_R2.png
[2026-01-23 19:04:08,933] - [root] - [INFO] - Finished loading mask: 0m 21s
[2026-01-23 19:04:16,497] - [root] - [INFO] - Finished crop and inference: 0m 29s
[2026-01-23 19:04:18,190] - [root] - [INFO] - Analysis finished: 0m 30s
[2026-01-23 19:04:18,190] - [root] - [INFO] - -------------------------------------------
[2026-01-23 19:04:18,190] - [root] - [INFO] - -------------------------------------------
[2026-01-23 19:04:18,190] - [root] - [INFO] - Processing 1-22-2026 5dpi 266-W2021009-193_R1.png
[2026-01-23 19:04:39,590] - [root] - [INFO] - Finished loading mask: 0m 21s
[2026-01-23 19:04:48,538] - [root] - [INFO] - Finished crop and inference: 0m 30s
[2026-01-23 19:04:50,199] - [root] - [INFO] - Analysis finished: 0m 32s
[2026-01-23 19:04:50,199] - [root] - [INFO] - -------------------------------------------
[2026-01-23 19:04:50,200] - [root] - [INFO] - -------------------------------------------
[2026-01-23 19:04:50,200] - [root] - [INFO] - Processing 1-22-2026 5dpi 336-W2021011-506_R2.png
[2026-01-23 19:05:11,117] - [root] - [INFO] - Finished loading mask: 0m 20s
[2026-01-23 19:05:26,042] - [root] - [INFO] - Finished crop and inference: 0m 35s
[2026-01-23 19:05:27,582] - [root] - [INFO] - Analysis finished: 0m 37s
[2026-01-23 19:05:27,582] - [root] - [INFO] - -------------------------------------------
[2026-01-23 19:05:27,589] - [root] - [INFO] - Saved C:\Users\Intel User\Desktop\blackbird_scripts\data\Results\ResNet_upth0.8_downth0.2_Jan22_10-21-00_2026\1-22-2026\th_0.7\severity_rate_tray_5dpi_u0.8_d0.2_ig0.6_sp0.8.csv
             timestamp time_elapsed  ... severity_rate_patch Gradient_sr2
0  2026-01-23 18:56:48       0m 36s  ...               32.69         0.76

[1 rows x 24 columns]
             timestamp time_elapsed  ... severity_rate_patch Gradient_sr2
0  2026-01-23 18:56:48       0m 36s  ...               32.69         0.76
1  2026-01-23 18:57:24       0m 37s  ...               17.55         0.49

[2 rows x 24 columns]
             timestamp time_elapsed  ... severity_rate_patch Gradient_sr2
0  2026-01-23 18:56:48       0m 36s  ...               32.69         0.76
1  2026-01-23 18:57:24       0m 37s  ...               17.55         0.49
2  2026-01-23 18:58:02       0m 32s  ...                0.96         0.02

[3 rows x 24 columns]
             timestamp time_elapsed  ... severity_rate_patch Gradient_sr2
0  2026-01-23 18:56:48       0m 36s  ...               32.69         0.76
1  2026-01-23 18:57:24       0m 37s  ...               17.55         0.49
2  2026-01-23 18:58:02       0m 32s  ...                0.96         0.02
3  2026-01-23 18:58:34       0m 32s  ...                2.19         0.06

[4 rows x 24 columns]
             timestamp time_elapsed  ... severity_rate_patch Gradient_sr2
0  2026-01-23 18:56:48       0m 36s  ...               32.69         0.76
1  2026-01-23 18:57:24       0m 37s  ...               17.55         0.49
2  2026-01-23 18:58:02       0m 32s  ...                0.96         0.02
3  2026-01-23 18:58:34       0m 32s  ...                2.19         0.06
4  2026-01-23 18:59:06       0m 34s  ...               14.26         0.35

[5 rows x 24 columns]
             timestamp time_elapsed  ... severity_rate_patch Gradient_sr2
0  2026-01-23 18:56:48       0m 36s  ...               32.69         0.76
1  2026-01-23 18:57:24       0m 37s  ...               17.55         0.49
2  2026-01-23 18:58:02       0m 32s  ...                0.96         0.02
3  2026-01-23 18:58:34       0m 32s  ...                2.19         0.06
4  2026-01-23 18:59:06       0m 34s  ...               14.26         0.35
5  2026-01-23 18:59:41       0m 32s  ...                0.74         0.02

[6 rows x 24 columns]
             timestamp time_elapsed  ... severity_rate_patch Gradient_sr2
0  2026-01-23 18:56:48       0m 36s  ...               32.69         0.76
1  2026-01-23 18:57:24       0m 37s  ...               17.55         0.49
2  2026-01-23 18:58:02       0m 32s  ...                0.96         0.02
3  2026-01-23 18:58:34       0m 32s  ...                2.19         0.06
4  2026-01-23 18:59:06       0m 34s  ...               14.26         0.35
5  2026-01-23 18:59:41       0m 32s  ...                0.74         0.02
6  2026-01-23 19:00:13       0m 31s  ...                2.00         0.05

[7 rows x 24 columns]
             timestamp time_elapsed  ... severity_rate_patch Gradient_sr2
0  2026-01-23 18:56:48       0m 36s  ...               32.69         0.76
1  2026-01-23 18:57:24       0m 37s  ...               17.55         0.49
2  2026-01-23 18:58:02       0m 32s  ...                0.96         0.02
3  2026-01-23 18:58:34       0m 32s  ...                2.19         0.06
4  2026-01-23 18:59:06       0m 34s  ...               14.26         0.35
5  2026-01-23 18:59:41       0m 32s  ...                0.74         0.02
6  2026-01-23 19:00:13       0m 31s  ...                2.00         0.05
7  2026-01-23 19:00:44       0m 37s  ...               41.19         1.03

[8 rows x 24 columns]
             timestamp time_elapsed  ... severity_rate_patch Gradient_sr2
0  2026-01-23 18:56:48       0m 36s  ...               32.69         0.76
1  2026-01-23 18:57:24       0m 37s  ...               17.55         0.49
2  2026-01-23 18:58:02       0m 32s  ...                0.96         0.02
3  2026-01-23 18:58:34       0m 32s  ...                2.19         0.06
4  2026-01-23 18:59:06       0m 34s  ...               14.26         0.35
5  2026-01-23 18:59:41       0m 32s  ...                0.74         0.02
6  2026-01-23 19:00:13       0m 31s  ...                2.00         0.05
7  2026-01-23 19:00:44       0m 37s  ...               41.19         1.03
8  2026-01-23 19:01:22       0m 32s  ...                8.51         0.20

[9 rows x 24 columns]
             timestamp time_elapsed  ... severity_rate_patch Gradient_sr2
0  2026-01-23 18:56:48       0m 36s  ...               32.69         0.76
1  2026-01-23 18:57:24       0m 37s  ...               17.55         0.49
2  2026-01-23 18:58:02       0m 32s  ...                0.96         0.02
3  2026-01-23 18:58:34       0m 32s  ...                2.19         0.06
4  2026-01-23 18:59:06       0m 34s  ...               14.26         0.35
5  2026-01-23 18:59:41       0m 32s  ...                0.74         0.02
6  2026-01-23 19:00:13       0m 31s  ...                2.00         0.05
7  2026-01-23 19:00:44       0m 37s  ...               41.19         1.03
8  2026-01-23 19:01:22       0m 32s  ...                8.51         0.20
9  2026-01-23 19:01:54       0m 45s  ...               85.14         2.54

[10 rows x 24 columns]
              timestamp time_elapsed  ... severity_rate_patch Gradient_sr2
0   2026-01-23 18:56:48       0m 36s  ...               32.69         0.76
1   2026-01-23 18:57:24       0m 37s  ...               17.55         0.49
2   2026-01-23 18:58:02       0m 32s  ...                0.96         0.02
3   2026-01-23 18:58:34       0m 32s  ...                2.19         0.06
4   2026-01-23 18:59:06       0m 34s  ...               14.26         0.35
5   2026-01-23 18:59:41       0m 32s  ...                0.74         0.02
6   2026-01-23 19:00:13       0m 31s  ...                2.00         0.05
7   2026-01-23 19:00:44       0m 37s  ...               41.19         1.03
8   2026-01-23 19:01:22       0m 32s  ...                8.51         0.20
9   2026-01-23 19:01:54       0m 45s  ...               85.14         2.54
10  2026-01-23 19:02:40       0m 32s  ...                1.19         0.03

[11 rows x 24 columns]
              timestamp time_elapsed  ... severity_rate_patch Gradient_sr2
0   2026-01-23 18:56:48       0m 36s  ...               32.69         0.76
1   2026-01-23 18:57:24       0m 37s  ...               17.55         0.49
2   2026-01-23 18:58:02       0m 32s  ...                0.96         0.02
3   2026-01-23 18:58:34       0m 32s  ...                2.19         0.06
4   2026-01-23 18:59:06       0m 34s  ...               14.26         0.35
5   2026-01-23 18:59:41       0m 32s  ...                0.74         0.02
6   2026-01-23 19:00:13       0m 31s  ...                2.00         0.05
7   2026-01-23 19:00:44       0m 37s  ...               41.19         1.03
8   2026-01-23 19:01:22       0m 32s  ...                8.51         0.20
9   2026-01-23 19:01:54       0m 45s  ...               85.14         2.54
10  2026-01-23 19:02:40       0m 32s  ...                1.19         0.03
11  2026-01-23 19:03:12       0m 34s  ...               19.54         0.53

[12 rows x 24 columns]
              timestamp time_elapsed  ... severity_rate_patch Gradient_sr2
0   2026-01-23 18:56:48       0m 36s  ...               32.69         0.76
1   2026-01-23 18:57:24       0m 37s  ...               17.55         0.49
2   2026-01-23 18:58:02       0m 32s  ...                0.96         0.02
3   2026-01-23 18:58:34       0m 32s  ...                2.19         0.06
4   2026-01-23 18:59:06       0m 34s  ...               14.26         0.35
5   2026-01-23 18:59:41       0m 32s  ...                0.74         0.02
6   2026-01-23 19:00:13       0m 31s  ...                2.00         0.05
7   2026-01-23 19:00:44       0m 37s  ...               41.19         1.03
8   2026-01-23 19:01:22       0m 32s  ...                8.51         0.20
9   2026-01-23 19:01:54       0m 45s  ...               85.14         2.54
10  2026-01-23 19:02:40       0m 32s  ...                1.19         0.03
11  2026-01-23 19:03:12       0m 34s  ...               19.54         0.53
12  2026-01-23 19:03:47       0m 30s  ...                1.45         0.04

[13 rows x 24 columns]
              timestamp time_elapsed  ... severity_rate_patch Gradient_sr2
0   2026-01-23 18:56:48       0m 36s  ...               32.69         0.76
1   2026-01-23 18:57:24       0m 37s  ...               17.55         0.49
2   2026-01-23 18:58:02       0m 32s  ...                0.96         0.02
3   2026-01-23 18:58:34       0m 32s  ...                2.19         0.06
4   2026-01-23 18:59:06       0m 34s  ...               14.26         0.35
5   2026-01-23 18:59:41       0m 32s  ...                0.74         0.02
6   2026-01-23 19:00:13       0m 31s  ...                2.00         0.05
7   2026-01-23 19:00:44       0m 37s  ...               41.19         1.03
8   2026-01-23 19:01:22       0m 32s  ...                8.51         0.20
9   2026-01-23 19:01:54       0m 45s  ...               85.14         2.54
10  2026-01-23 19:02:40       0m 32s  ...                1.19         0.03
11  2026-01-23 19:03:12       0m 34s  ...               19.54         0.53
12  2026-01-23 19:03:47       0m 30s  ...                1.45         0.04
13  2026-01-23 19:04:18       0m 31s  ...                7.24         0.20

[14 rows x 24 columns]
              timestamp time_elapsed  ... severity_rate_patch Gradient_sr2
0   2026-01-23 18:56:48       0m 36s  ...               32.69         0.76
1   2026-01-23 18:57:24       0m 37s  ...               17.55         0.49
2   2026-01-23 18:58:02       0m 32s  ...                0.96         0.02
3   2026-01-23 18:58:34       0m 32s  ...                2.19         0.06
4   2026-01-23 18:59:06       0m 34s  ...               14.26         0.35
5   2026-01-23 18:59:41       0m 32s  ...                0.74         0.02
6   2026-01-23 19:00:13       0m 31s  ...                2.00         0.05
7   2026-01-23 19:00:44       0m 37s  ...               41.19         1.03
8   2026-01-23 19:01:22       0m 32s  ...                8.51         0.20
9   2026-01-23 19:01:54       0m 45s  ...               85.14         2.54
10  2026-01-23 19:02:40       0m 32s  ...                1.19         0.03
11  2026-01-23 19:03:12       0m 34s  ...               19.54         0.53
12  2026-01-23 19:03:47       0m 30s  ...                1.45         0.04
13  2026-01-23 19:04:18       0m 31s  ...                7.24         0.20
14  2026-01-23 19:04:50       0m 37s  ...               44.07         1.18

[15 rows x 24 columns]

real	8m46.683s
user	0m0.000s
sys	0m0.015s
