[2026-01-23 17:42:30,211] - [root] - [INFO] - leaf_correlation_mw.py
[2026-01-23 17:42:30,211] - [root] - [INFO] - model_type       : ResNet
[2026-01-23 17:42:30,212] - [root] - [INFO] - pretrained       : True
[2026-01-23 17:42:30,212] - [root] - [INFO] - loading_epoch    : 65
[2026-01-23 17:42:30,212] - [root] - [INFO] - timestamp        : Jan22_10-21-00_2026
[2026-01-23 17:42:30,212] - [root] - [INFO] - outdim           : 2
[2026-01-23 17:42:30,212] - [root] - [INFO] - dual_head        : True
[2026-01-23 17:42:30,212] - [root] - [INFO] - model_path       : ../..
[2026-01-23 17:42:30,212] - [root] - [INFO] - step_size        : 224
[2026-01-23 17:42:30,212] - [root] - [INFO] - means            : [0.541, 0.6371, 0.4188]
[2026-01-23 17:42:30,212] - [root] - [INFO] - stds             : [0.1764, 0.165, 0.2326]
[2026-01-23 17:42:30,212] - [root] - [INFO] - target_class     : 1
[2026-01-23 17:42:30,212] - [root] - [INFO] - contam_control   : False
[2026-01-23 17:42:30,212] - [root] - [INFO] - spor_th          : 0.6
[2026-01-23 17:42:30,212] - [root] - [INFO] - inf_gate         : 0.4
[2026-01-23 17:42:30,212] - [root] - [INFO] - pm               : HPM-1269
[2026-01-23 17:42:30,212] - [root] - [INFO] - mps              : False
[2026-01-23 17:42:30,212] - [root] - [INFO] - cuda             : True
[2026-01-23 17:42:30,212] - [root] - [INFO] - cuda_id          : 0
[2026-01-23 17:42:30,213] - [root] - [INFO] - sal_threshold    : 0.5
[2026-01-23 17:42:30,213] - [root] - [INFO] - up_threshold     : 0.7
[2026-01-23 17:42:30,213] - [root] - [INFO] - down_threshold   : 0.1
[2026-01-23 17:42:30,213] - [root] - [INFO] - dataset_path     : C:/Users/Intel User/Desktop/blackbird_scripts/data/human_disk_assessments
[2026-01-23 17:42:30,213] - [root] - [INFO] - img_folder       : 1-22-2026
[2026-01-23 17:42:30,213] - [root] - [INFO] - platform         : BlackBird
[2026-01-23 17:42:30,213] - [root] - [INFO] - threshold        : ['0.7']
[2026-01-23 17:42:30,213] - [root] - [INFO] - log              : ../../results/logs/random.log
[2026-01-23 17:42:30,213] - [root] - [INFO] - dpi              : 5
[2026-01-23 17:42:30,213] - [root] - [INFO] - group            : baseline
[2026-01-23 17:42:30,213] - [root] - [INFO] - trays            : ['5dpi']
[2026-01-23 17:42:30,213] - [root] - [INFO] - sal_gradcam      : False
[2026-01-23 17:42:30,213] - [root] - [INFO] - sal_gradient     : True
[2026-01-23 17:42:30,213] - [root] - [INFO] - sal_smoothgrad   : False
[2026-01-23 17:42:30,213] - [root] - [INFO] - sal_deeplift     : False
[2026-01-23 17:42:30,213] - [root] - [INFO] - sal_thresh_method : fixed
[2026-01-23 17:42:30,213] - [root] - [INFO] - sal_thresh_p     : 95.0
[2026-01-23 17:42:31,299] - [root] - [INFO] - -------------------------------------------
[2026-01-23 17:42:31,299] - [root] - [INFO] - Processing 1-22-2026 5dpi 015-W2021009-160_R1.png
[2026-01-23 17:42:52,619] - [root] - [INFO] - Finished loading mask: 0m 21s
[2026-01-23 17:43:07,628] - [root] - [INFO] - Finished crop and inference: 0m 36s
[2026-01-23 17:43:09,682] - [root] - [INFO] - Analysis finished: 0m 38s
[2026-01-23 17:43:09,682] - [root] - [INFO] - -------------------------------------------
[2026-01-23 17:43:09,682] - [root] - [INFO] - -------------------------------------------
[2026-01-23 17:43:09,682] - [root] - [INFO] - Processing 1-22-2026 5dpi 015-W2021011-633_R1.png
[2026-01-23 17:43:32,256] - [root] - [INFO] - Finished loading mask: 0m 22s
[2026-01-23 17:43:46,084] - [root] - [INFO] - Finished crop and inference: 0m 36s
[2026-01-23 17:43:48,033] - [root] - [INFO] - Analysis finished: 0m 38s
[2026-01-23 17:43:48,034] - [root] - [INFO] - -------------------------------------------
[2026-01-23 17:43:48,034] - [root] - [INFO] - -------------------------------------------
[2026-01-23 17:43:48,034] - [root] - [INFO] - Processing 1-22-2026 5dpi 019-W2021010-428_R2.png
[2026-01-23 17:44:09,764] - [root] - [INFO] - Finished loading mask: 0m 21s
[2026-01-23 17:44:18,567] - [root] - [INFO] - Finished crop and inference: 0m 30s
[2026-01-23 17:44:20,579] - [root] - [INFO] - Analysis finished: 0m 32s
[2026-01-23 17:44:20,579] - [root] - [INFO] - -------------------------------------------
[2026-01-23 17:44:20,579] - [root] - [INFO] - -------------------------------------------
[2026-01-23 17:44:20,579] - [root] - [INFO] - Processing 1-22-2026 5dpi 021-W2021009-175_R1.png
[2026-01-23 17:44:42,591] - [root] - [INFO] - Finished loading mask: 0m 22s
[2026-01-23 17:44:52,738] - [root] - [INFO] - Finished crop and inference: 0m 32s
[2026-01-23 17:44:54,690] - [root] - [INFO] - Analysis finished: 0m 34s
[2026-01-23 17:44:54,691] - [root] - [INFO] - -------------------------------------------
[2026-01-23 17:44:54,691] - [root] - [INFO] - -------------------------------------------
[2026-01-23 17:44:54,691] - [root] - [INFO] - Processing 1-22-2026 5dpi 022-W2021009-198_R2.png
[2026-01-23 17:45:16,616] - [root] - [INFO] - Finished loading mask: 0m 21s
[2026-01-23 17:45:29,164] - [root] - [INFO] - Finished crop and inference: 0m 34s
[2026-01-23 17:45:30,955] - [root] - [INFO] - Analysis finished: 0m 36s
[2026-01-23 17:45:30,955] - [root] - [INFO] - -------------------------------------------
[2026-01-23 17:45:30,955] - [root] - [INFO] - -------------------------------------------
[2026-01-23 17:45:30,955] - [root] - [INFO] - Processing 1-22-2026 5dpi 036-W2021006-047_R2.png
[2026-01-23 17:45:53,131] - [root] - [INFO] - Finished loading mask: 0m 22s
[2026-01-23 17:46:02,621] - [root] - [INFO] - Finished crop and inference: 0m 31s
[2026-01-23 17:46:04,516] - [root] - [INFO] - Analysis finished: 0m 33s
[2026-01-23 17:46:04,516] - [root] - [INFO] - -------------------------------------------
[2026-01-23 17:46:04,517] - [root] - [INFO] - -------------------------------------------
[2026-01-23 17:46:04,517] - [root] - [INFO] - Processing 1-22-2026 5dpi 060-W2021010-324_R2.png
[2026-01-23 17:46:26,553] - [root] - [INFO] - Finished loading mask: 0m 22s
[2026-01-23 17:46:36,251] - [root] - [INFO] - Finished crop and inference: 0m 31s
[2026-01-23 17:46:37,982] - [root] - [INFO] - Analysis finished: 0m 33s
[2026-01-23 17:46:37,982] - [root] - [INFO] - -------------------------------------------
[2026-01-23 17:46:37,982] - [root] - [INFO] - -------------------------------------------
[2026-01-23 17:46:37,983] - [root] - [INFO] - Processing 1-22-2026 5dpi 099-W2021006-611_R2.png
[2026-01-23 17:47:00,809] - [root] - [INFO] - Finished loading mask: 0m 22s
[2026-01-23 17:47:17,432] - [root] - [INFO] - Finished crop and inference: 0m 39s
[2026-01-23 17:47:19,142] - [root] - [INFO] - Analysis finished: 0m 41s
[2026-01-23 17:47:19,142] - [root] - [INFO] - -------------------------------------------
[2026-01-23 17:47:19,142] - [root] - [INFO] - -------------------------------------------
[2026-01-23 17:47:19,142] - [root] - [INFO] - Processing 1-22-2026 5dpi 123-W2021009-255_R2.png
[2026-01-23 17:47:41,365] - [root] - [INFO] - Finished loading mask: 0m 22s
[2026-01-23 17:47:52,976] - [root] - [INFO] - Finished crop and inference: 0m 33s
[2026-01-23 17:47:54,884] - [root] - [INFO] - Analysis finished: 0m 35s
[2026-01-23 17:47:54,884] - [root] - [INFO] - -------------------------------------------
[2026-01-23 17:47:54,885] - [root] - [INFO] - -------------------------------------------
[2026-01-23 17:47:54,885] - [root] - [INFO] - Processing 1-22-2026 5dpi 141-W2021009-274_R1.png
[2026-01-23 17:48:17,090] - [root] - [INFO] - Finished loading mask: 0m 22s
[2026-01-23 17:48:42,556] - [root] - [INFO] - Finished crop and inference: 0m 47s
[2026-01-23 17:48:44,560] - [root] - [INFO] - Analysis finished: 0m 49s
[2026-01-23 17:48:44,560] - [root] - [INFO] - -------------------------------------------
[2026-01-23 17:48:44,560] - [root] - [INFO] - -------------------------------------------
[2026-01-23 17:48:44,560] - [root] - [INFO] - Processing 1-22-2026 5dpi 173-W2021006-127_R2.png
[2026-01-23 17:49:06,843] - [root] - [INFO] - Finished loading mask: 0m 22s
[2026-01-23 17:49:16,191] - [root] - [INFO] - Finished crop and inference: 0m 31s
[2026-01-23 17:49:17,967] - [root] - [INFO] - Analysis finished: 0m 33s
[2026-01-23 17:49:17,967] - [root] - [INFO] - -------------------------------------------
[2026-01-23 17:49:17,967] - [root] - [INFO] - -------------------------------------------
[2026-01-23 17:49:17,967] - [root] - [INFO] - Processing 1-22-2026 5dpi 191-W2021010-449_R1.png
[2026-01-23 17:49:39,641] - [root] - [INFO] - Finished loading mask: 0m 21s
[2026-01-23 17:49:53,033] - [root] - [INFO] - Finished crop and inference: 0m 35s
[2026-01-23 17:49:54,718] - [root] - [INFO] - Analysis finished: 0m 36s
[2026-01-23 17:49:54,718] - [root] - [INFO] - -------------------------------------------
[2026-01-23 17:49:54,718] - [root] - [INFO] - -------------------------------------------
[2026-01-23 17:49:54,718] - [root] - [INFO] - Processing 1-22-2026 5dpi 254-W2021010-352_R2.png
[2026-01-23 17:50:16,249] - [root] - [INFO] - Finished loading mask: 0m 21s
[2026-01-23 17:50:23,850] - [root] - [INFO] - Finished crop and inference: 0m 29s
[2026-01-23 17:50:25,632] - [root] - [INFO] - Analysis finished: 0m 30s
[2026-01-23 17:50:25,633] - [root] - [INFO] - -------------------------------------------
[2026-01-23 17:50:25,633] - [root] - [INFO] - -------------------------------------------
[2026-01-23 17:50:25,633] - [root] - [INFO] - Processing 1-22-2026 5dpi 266-W2021009-193_R1.png
[2026-01-23 17:50:47,120] - [root] - [INFO] - Finished loading mask: 0m 21s
[2026-01-23 17:50:56,485] - [root] - [INFO] - Finished crop and inference: 0m 30s
[2026-01-23 17:50:58,114] - [root] - [INFO] - Analysis finished: 0m 32s
[2026-01-23 17:50:58,114] - [root] - [INFO] - -------------------------------------------
[2026-01-23 17:50:58,114] - [root] - [INFO] - -------------------------------------------
[2026-01-23 17:50:58,114] - [root] - [INFO] - Processing 1-22-2026 5dpi 336-W2021011-506_R2.png
[2026-01-23 17:51:19,320] - [root] - [INFO] - Finished loading mask: 0m 21s
[2026-01-23 17:51:35,267] - [root] - [INFO] - Finished crop and inference: 0m 37s
[2026-01-23 17:51:36,793] - [root] - [INFO] - Analysis finished: 0m 38s
[2026-01-23 17:51:36,793] - [root] - [INFO] - -------------------------------------------
[2026-01-23 17:51:36,800] - [root] - [INFO] - Saved C:\Users\Intel User\Desktop\blackbird_scripts\data\Results\ResNet_upth0.7_downth0.1_Jan22_10-21-00_2026\1-22-2026\th_0.7\severity_rate_tray_5dpi_u0.7_d0.1_ig0.4_sp0.6.csv
             timestamp time_elapsed  ... severity_rate_patch Gradient_sr2
0  2026-01-23 17:42:31       0m 38s  ...               37.43         0.86

[1 rows x 24 columns]
             timestamp time_elapsed  ... severity_rate_patch Gradient_sr2
0  2026-01-23 17:42:31       0m 38s  ...               37.43         0.86
1  2026-01-23 17:43:09       0m 38s  ...               19.28         0.54

[2 rows x 24 columns]
             timestamp time_elapsed  ... severity_rate_patch Gradient_sr2
0  2026-01-23 17:42:31       0m 38s  ...               37.43         0.86
1  2026-01-23 17:43:09       0m 38s  ...               19.28         0.54
2  2026-01-23 17:43:48       0m 32s  ...                1.31         0.03

[3 rows x 24 columns]
             timestamp time_elapsed  ... severity_rate_patch Gradient_sr2
0  2026-01-23 17:42:31       0m 38s  ...               37.43         0.86
1  2026-01-23 17:43:09       0m 38s  ...               19.28         0.54
2  2026-01-23 17:43:48       0m 32s  ...                1.31         0.03
3  2026-01-23 17:44:20       0m 34s  ...                2.65         0.07

[4 rows x 24 columns]
             timestamp time_elapsed  ... severity_rate_patch Gradient_sr2
0  2026-01-23 17:42:31       0m 38s  ...               37.43         0.86
1  2026-01-23 17:43:09       0m 38s  ...               19.28         0.54
2  2026-01-23 17:43:48       0m 32s  ...                1.31         0.03
3  2026-01-23 17:44:20       0m 34s  ...                2.65         0.07
4  2026-01-23 17:44:54       0m 36s  ...               18.20         0.42

[5 rows x 24 columns]
             timestamp time_elapsed  ... severity_rate_patch Gradient_sr2
0  2026-01-23 17:42:31       0m 38s  ...               37.43         0.86
1  2026-01-23 17:43:09       0m 38s  ...               19.28         0.54
2  2026-01-23 17:43:48       0m 32s  ...                1.31         0.03
3  2026-01-23 17:44:20       0m 34s  ...                2.65         0.07
4  2026-01-23 17:44:54       0m 36s  ...               18.20         0.42
5  2026-01-23 17:45:30       0m 33s  ...                0.76         0.02

[6 rows x 24 columns]
             timestamp time_elapsed  ... severity_rate_patch Gradient_sr2
0  2026-01-23 17:42:31       0m 38s  ...               37.43         0.86
1  2026-01-23 17:43:09       0m 38s  ...               19.28         0.54
2  2026-01-23 17:43:48       0m 32s  ...                1.31         0.03
3  2026-01-23 17:44:20       0m 34s  ...                2.65         0.07
4  2026-01-23 17:44:54       0m 36s  ...               18.20         0.42
5  2026-01-23 17:45:30       0m 33s  ...                0.76         0.02
6  2026-01-23 17:46:04       0m 33s  ...                2.33         0.06

[7 rows x 24 columns]
             timestamp time_elapsed  ... severity_rate_patch Gradient_sr2
0  2026-01-23 17:42:31       0m 38s  ...               37.43         0.86
1  2026-01-23 17:43:09       0m 38s  ...               19.28         0.54
2  2026-01-23 17:43:48       0m 32s  ...                1.31         0.03
3  2026-01-23 17:44:20       0m 34s  ...                2.65         0.07
4  2026-01-23 17:44:54       0m 36s  ...               18.20         0.42
5  2026-01-23 17:45:30       0m 33s  ...                0.76         0.02
6  2026-01-23 17:46:04       0m 33s  ...                2.33         0.06
7  2026-01-23 17:46:37       0m 41s  ...               45.55         1.12

[8 rows x 24 columns]
             timestamp time_elapsed  ... severity_rate_patch Gradient_sr2
0  2026-01-23 17:42:31       0m 38s  ...               37.43         0.86
1  2026-01-23 17:43:09       0m 38s  ...               19.28         0.54
2  2026-01-23 17:43:48       0m 32s  ...                1.31         0.03
3  2026-01-23 17:44:20       0m 34s  ...                2.65         0.07
4  2026-01-23 17:44:54       0m 36s  ...               18.20         0.42
5  2026-01-23 17:45:30       0m 33s  ...                0.76         0.02
6  2026-01-23 17:46:04       0m 33s  ...                2.33         0.06
7  2026-01-23 17:46:37       0m 41s  ...               45.55         1.12
8  2026-01-23 17:47:19       0m 35s  ...               10.85         0.23

[9 rows x 24 columns]
             timestamp time_elapsed  ... severity_rate_patch Gradient_sr2
0  2026-01-23 17:42:31       0m 38s  ...               37.43         0.86
1  2026-01-23 17:43:09       0m 38s  ...               19.28         0.54
2  2026-01-23 17:43:48       0m 32s  ...                1.31         0.03
3  2026-01-23 17:44:20       0m 34s  ...                2.65         0.07
4  2026-01-23 17:44:54       0m 36s  ...               18.20         0.42
5  2026-01-23 17:45:30       0m 33s  ...                0.76         0.02
6  2026-01-23 17:46:04       0m 33s  ...                2.33         0.06
7  2026-01-23 17:46:37       0m 41s  ...               45.55         1.12
8  2026-01-23 17:47:19       0m 35s  ...               10.85         0.23
9  2026-01-23 17:47:54       0m 49s  ...               86.54         2.56

[10 rows x 24 columns]
              timestamp time_elapsed  ... severity_rate_patch Gradient_sr2
0   2026-01-23 17:42:31       0m 38s  ...               37.43         0.86
1   2026-01-23 17:43:09       0m 38s  ...               19.28         0.54
2   2026-01-23 17:43:48       0m 32s  ...                1.31         0.03
3   2026-01-23 17:44:20       0m 34s  ...                2.65         0.07
4   2026-01-23 17:44:54       0m 36s  ...               18.20         0.42
5   2026-01-23 17:45:30       0m 33s  ...                0.76         0.02
6   2026-01-23 17:46:04       0m 33s  ...                2.33         0.06
7   2026-01-23 17:46:37       0m 41s  ...               45.55         1.12
8   2026-01-23 17:47:19       0m 35s  ...               10.85         0.23
9   2026-01-23 17:47:54       0m 49s  ...               86.54         2.56
10  2026-01-23 17:48:44       0m 33s  ...                1.50         0.04

[11 rows x 24 columns]
              timestamp time_elapsed  ... severity_rate_patch Gradient_sr2
0   2026-01-23 17:42:31       0m 38s  ...               37.43         0.86
1   2026-01-23 17:43:09       0m 38s  ...               19.28         0.54
2   2026-01-23 17:43:48       0m 32s  ...                1.31         0.03
3   2026-01-23 17:44:20       0m 34s  ...                2.65         0.07
4   2026-01-23 17:44:54       0m 36s  ...               18.20         0.42
5   2026-01-23 17:45:30       0m 33s  ...                0.76         0.02
6   2026-01-23 17:46:04       0m 33s  ...                2.33         0.06
7   2026-01-23 17:46:37       0m 41s  ...               45.55         1.12
8   2026-01-23 17:47:19       0m 35s  ...               10.85         0.23
9   2026-01-23 17:47:54       0m 49s  ...               86.54         2.56
10  2026-01-23 17:48:44       0m 33s  ...                1.50         0.04
11  2026-01-23 17:49:17       0m 36s  ...               21.53         0.57

[12 rows x 24 columns]
              timestamp time_elapsed  ... severity_rate_patch Gradient_sr2
0   2026-01-23 17:42:31       0m 38s  ...               37.43         0.86
1   2026-01-23 17:43:09       0m 38s  ...               19.28         0.54
2   2026-01-23 17:43:48       0m 32s  ...                1.31         0.03
3   2026-01-23 17:44:20       0m 34s  ...                2.65         0.07
4   2026-01-23 17:44:54       0m 36s  ...               18.20         0.42
5   2026-01-23 17:45:30       0m 33s  ...                0.76         0.02
6   2026-01-23 17:46:04       0m 33s  ...                2.33         0.06
7   2026-01-23 17:46:37       0m 41s  ...               45.55         1.12
8   2026-01-23 17:47:19       0m 35s  ...               10.85         0.23
9   2026-01-23 17:47:54       0m 49s  ...               86.54         2.56
10  2026-01-23 17:48:44       0m 33s  ...                1.50         0.04
11  2026-01-23 17:49:17       0m 36s  ...               21.53         0.57
12  2026-01-23 17:49:54       0m 30s  ...                1.84         0.05

[13 rows x 24 columns]
              timestamp time_elapsed  ... severity_rate_patch Gradient_sr2
0   2026-01-23 17:42:31       0m 38s  ...               37.43         0.86
1   2026-01-23 17:43:09       0m 38s  ...               19.28         0.54
2   2026-01-23 17:43:48       0m 32s  ...                1.31         0.03
3   2026-01-23 17:44:20       0m 34s  ...                2.65         0.07
4   2026-01-23 17:44:54       0m 36s  ...               18.20         0.42
5   2026-01-23 17:45:30       0m 33s  ...                0.76         0.02
6   2026-01-23 17:46:04       0m 33s  ...                2.33         0.06
7   2026-01-23 17:46:37       0m 41s  ...               45.55         1.12
8   2026-01-23 17:47:19       0m 35s  ...               10.85         0.23
9   2026-01-23 17:47:54       0m 49s  ...               86.54         2.56
10  2026-01-23 17:48:44       0m 33s  ...                1.50         0.04
11  2026-01-23 17:49:17       0m 36s  ...               21.53         0.57
12  2026-01-23 17:49:54       0m 30s  ...                1.84         0.05
13  2026-01-23 17:50:25       0m 32s  ...                8.53         0.22

[14 rows x 24 columns]
              timestamp time_elapsed  ... severity_rate_patch Gradient_sr2
0   2026-01-23 17:42:31       0m 38s  ...               37.43         0.86
1   2026-01-23 17:43:09       0m 38s  ...               19.28         0.54
2   2026-01-23 17:43:48       0m 32s  ...                1.31         0.03
3   2026-01-23 17:44:20       0m 34s  ...                2.65         0.07
4   2026-01-23 17:44:54       0m 36s  ...               18.20         0.42
5   2026-01-23 17:45:30       0m 33s  ...                0.76         0.02
6   2026-01-23 17:46:04       0m 33s  ...                2.33         0.06
7   2026-01-23 17:46:37       0m 41s  ...               45.55         1.12
8   2026-01-23 17:47:19       0m 35s  ...               10.85         0.23
9   2026-01-23 17:47:54       0m 49s  ...               86.54         2.56
10  2026-01-23 17:48:44       0m 33s  ...                1.50         0.04
11  2026-01-23 17:49:17       0m 36s  ...               21.53         0.57
12  2026-01-23 17:49:54       0m 30s  ...                1.84         0.05
13  2026-01-23 17:50:25       0m 32s  ...                8.53         0.22
14  2026-01-23 17:50:58       0m 38s  ...               46.19         1.20

[15 rows x 24 columns]

real	9m13.530s
user	0m0.000s
sys	0m0.015s
