[2026-01-24 15:55:15,300] - [root] - [INFO] - leaf_correlation_mw.py
[2026-01-24 15:55:15,300] - [root] - [INFO] - model_type       : ResNet
[2026-01-24 15:55:15,301] - [root] - [INFO] - pretrained       : True
[2026-01-24 15:55:15,301] - [root] - [INFO] - loading_epoch    : 65
[2026-01-24 15:55:15,301] - [root] - [INFO] - timestamp        : Jan22_10-21-00_2026
[2026-01-24 15:55:15,301] - [root] - [INFO] - outdim           : 2
[2026-01-24 15:55:15,301] - [root] - [INFO] - dual_head        : True
[2026-01-24 15:55:15,301] - [root] - [INFO] - model_path       : ../..
[2026-01-24 15:55:15,301] - [root] - [INFO] - step_size        : 224
[2026-01-24 15:55:15,301] - [root] - [INFO] - means            : [0.541, 0.6371, 0.4188]
[2026-01-24 15:55:15,301] - [root] - [INFO] - stds             : [0.1764, 0.165, 0.2326]
[2026-01-24 15:55:15,301] - [root] - [INFO] - target_class     : 1
[2026-01-24 15:55:15,301] - [root] - [INFO] - contam_control   : False
[2026-01-24 15:55:15,301] - [root] - [INFO] - spor_th          : 0.7
[2026-01-24 15:55:15,302] - [root] - [INFO] - inf_gate         : 0.5
[2026-01-24 15:55:15,302] - [root] - [INFO] - pm               : HPM-1269
[2026-01-24 15:55:15,302] - [root] - [INFO] - mps              : False
[2026-01-24 15:55:15,302] - [root] - [INFO] - cuda             : True
[2026-01-24 15:55:15,302] - [root] - [INFO] - cuda_id          : 0
[2026-01-24 15:55:15,302] - [root] - [INFO] - sal_threshold    : 0.5
[2026-01-24 15:55:15,302] - [root] - [INFO] - up_threshold     : 0.5
[2026-01-24 15:55:15,302] - [root] - [INFO] - down_threshold   : 0.3
[2026-01-24 15:55:15,302] - [root] - [INFO] - dataset_path     : C:/Users/Intel User/Desktop/blackbird_scripts/data/human_disk_assessments
[2026-01-24 15:55:15,302] - [root] - [INFO] - img_folder       : 1-22-2026
[2026-01-24 15:55:15,302] - [root] - [INFO] - platform         : BlackBird
[2026-01-24 15:55:15,302] - [root] - [INFO] - threshold        : ['0.7']
[2026-01-24 15:55:15,302] - [root] - [INFO] - log              : ../../results/logs/random.log
[2026-01-24 15:55:15,303] - [root] - [INFO] - dpi              : 5
[2026-01-24 15:55:15,303] - [root] - [INFO] - group            : baseline
[2026-01-24 15:55:15,303] - [root] - [INFO] - trays            : ['5dpi']
[2026-01-24 15:55:15,303] - [root] - [INFO] - sal_gradcam      : False
[2026-01-24 15:55:15,303] - [root] - [INFO] - sal_gradient     : True
[2026-01-24 15:55:15,303] - [root] - [INFO] - sal_smoothgrad   : False
[2026-01-24 15:55:15,303] - [root] - [INFO] - sal_deeplift     : False
[2026-01-24 15:55:15,303] - [root] - [INFO] - sal_thresh_method : fixed
[2026-01-24 15:55:15,303] - [root] - [INFO] - sal_thresh_p     : 95.0
[2026-01-24 15:55:16,622] - [root] - [INFO] - -------------------------------------------
[2026-01-24 15:55:16,623] - [root] - [INFO] - Processing 1-22-2026 5dpi 005-W2021011-592_R2.png
[2026-01-24 15:55:38,659] - [root] - [INFO] - Finished loading mask: 0m 22s
[2026-01-24 15:55:48,556] - [root] - [INFO] - Finished crop and inference: 0m 31s
[2026-01-24 15:55:50,052] - [root] - [INFO] - Analysis finished: 0m 33s
[2026-01-24 15:55:50,052] - [root] - [INFO] - -------------------------------------------
[2026-01-24 15:55:50,052] - [root] - [INFO] - -------------------------------------------
[2026-01-24 15:55:50,052] - [root] - [INFO] - Processing 1-22-2026 5dpi 022-W2021009-198_R2.png
[2026-01-24 15:56:13,351] - [root] - [INFO] - Finished loading mask: 0m 23s
[2026-01-24 15:56:26,413] - [root] - [INFO] - Finished crop and inference: 0m 36s
[2026-01-24 15:56:28,136] - [root] - [INFO] - Analysis finished: 0m 38s
[2026-01-24 15:56:28,138] - [root] - [INFO] - -------------------------------------------
[2026-01-24 15:56:28,138] - [root] - [INFO] - -------------------------------------------
[2026-01-24 15:56:28,138] - [root] - [INFO] - Processing 1-22-2026 5dpi 047-W2021011-482_R1.png
[2026-01-24 15:56:51,226] - [root] - [INFO] - Finished loading mask: 0m 23s
[2026-01-24 15:57:06,122] - [root] - [INFO] - Finished crop and inference: 0m 37s
[2026-01-24 15:57:07,897] - [root] - [INFO] - Analysis finished: 0m 39s
[2026-01-24 15:57:07,897] - [root] - [INFO] - -------------------------------------------
[2026-01-24 15:57:07,897] - [root] - [INFO] - -------------------------------------------
[2026-01-24 15:57:07,897] - [root] - [INFO] - Processing 1-22-2026 5dpi 055-W2021010-397_R2.png
[2026-01-24 15:57:30,425] - [root] - [INFO] - Finished loading mask: 0m 22s
[2026-01-24 15:57:42,092] - [root] - [INFO] - Finished crop and inference: 0m 34s
[2026-01-24 15:57:43,807] - [root] - [INFO] - Analysis finished: 0m 35s
[2026-01-24 15:57:43,807] - [root] - [INFO] - -------------------------------------------
[2026-01-24 15:57:43,807] - [root] - [INFO] - -------------------------------------------
[2026-01-24 15:57:43,807] - [root] - [INFO] - Processing 1-22-2026 5dpi 121-W2021009-185_R1.png
[2026-01-24 15:58:06,539] - [root] - [INFO] - Finished loading mask: 0m 22s
[2026-01-24 15:58:16,855] - [root] - [INFO] - Finished crop and inference: 0m 33s
[2026-01-24 15:58:18,646] - [root] - [INFO] - Analysis finished: 0m 34s
[2026-01-24 15:58:18,646] - [root] - [INFO] - -------------------------------------------
[2026-01-24 15:58:18,646] - [root] - [INFO] - -------------------------------------------
[2026-01-24 15:58:18,646] - [root] - [INFO] - Processing 1-22-2026 5dpi 128-W2021006-013_R1.png
[2026-01-24 15:58:42,261] - [root] - [INFO] - Finished loading mask: 0m 23s
[2026-01-24 15:59:02,668] - [root] - [INFO] - Finished crop and inference: 0m 44s
[2026-01-24 15:59:04,464] - [root] - [INFO] - Analysis finished: 0m 45s
[2026-01-24 15:59:04,464] - [root] - [INFO] - -------------------------------------------
[2026-01-24 15:59:04,464] - [root] - [INFO] - -------------------------------------------
[2026-01-24 15:59:04,464] - [root] - [INFO] - Processing 1-22-2026 5dpi 149-W2021010-417_R1.png
[2026-01-24 15:59:27,218] - [root] - [INFO] - Finished loading mask: 0m 22s
[2026-01-24 15:59:38,769] - [root] - [INFO] - Finished crop and inference: 0m 34s
[2026-01-24 15:59:40,469] - [root] - [INFO] - Analysis finished: 0m 36s
[2026-01-24 15:59:40,469] - [root] - [INFO] - -------------------------------------------
[2026-01-24 15:59:40,469] - [root] - [INFO] - -------------------------------------------
[2026-01-24 15:59:40,469] - [root] - [INFO] - Processing 1-22-2026 5dpi 156-W2021009-276_R2.png
[2026-01-24 16:00:02,500] - [root] - [INFO] - Finished loading mask: 0m 22s
[2026-01-24 16:00:14,615] - [root] - [INFO] - Finished crop and inference: 0m 34s
[2026-01-24 16:00:16,555] - [root] - [INFO] - Analysis finished: 0m 36s
[2026-01-24 16:00:16,555] - [root] - [INFO] - -------------------------------------------
[2026-01-24 16:00:16,555] - [root] - [INFO] - -------------------------------------------
[2026-01-24 16:00:16,556] - [root] - [INFO] - Processing 1-22-2026 5dpi 172-W2021011-557_R2.png
[2026-01-24 16:00:38,948] - [root] - [INFO] - Finished loading mask: 0m 22s
[2026-01-24 16:00:51,271] - [root] - [INFO] - Finished crop and inference: 0m 34s
[2026-01-24 16:00:53,018] - [root] - [INFO] - Analysis finished: 0m 36s
[2026-01-24 16:00:53,018] - [root] - [INFO] - -------------------------------------------
[2026-01-24 16:00:53,018] - [root] - [INFO] - -------------------------------------------
[2026-01-24 16:00:53,019] - [root] - [INFO] - Processing 1-22-2026 5dpi 180-W2021011-476_R2.png
[2026-01-24 16:01:15,982] - [root] - [INFO] - Finished loading mask: 0m 22s
[2026-01-24 16:01:36,865] - [root] - [INFO] - Finished crop and inference: 0m 43s
[2026-01-24 16:01:38,585] - [root] - [INFO] - Analysis finished: 0m 45s
[2026-01-24 16:01:38,585] - [root] - [INFO] - -------------------------------------------
[2026-01-24 16:01:38,585] - [root] - [INFO] - -------------------------------------------
[2026-01-24 16:01:38,585] - [root] - [INFO] - Processing 1-22-2026 5dpi 183-W2021009-295_R1.png
[2026-01-24 16:02:00,906] - [root] - [INFO] - Finished loading mask: 0m 22s
[2026-01-24 16:02:10,998] - [root] - [INFO] - Finished crop and inference: 0m 32s
[2026-01-24 16:02:12,697] - [root] - [INFO] - Analysis finished: 0m 34s
[2026-01-24 16:02:12,697] - [root] - [INFO] - -------------------------------------------
[2026-01-24 16:02:12,697] - [root] - [INFO] - -------------------------------------------
[2026-01-24 16:02:12,697] - [root] - [INFO] - Processing 1-22-2026 5dpi 187-W2021010-348_R2.png
[2026-01-24 16:02:35,057] - [root] - [INFO] - Finished loading mask: 0m 22s
[2026-01-24 16:02:56,982] - [root] - [INFO] - Finished crop and inference: 0m 44s
[2026-01-24 16:02:58,729] - [root] - [INFO] - Analysis finished: 0m 46s
[2026-01-24 16:02:58,729] - [root] - [INFO] - -------------------------------------------
[2026-01-24 16:02:58,729] - [root] - [INFO] - -------------------------------------------
[2026-01-24 16:02:58,729] - [root] - [INFO] - Processing 1-22-2026 5dpi 206-W2021010-344_R1.png
[2026-01-24 16:03:21,832] - [root] - [INFO] - Finished loading mask: 0m 23s
[2026-01-24 16:03:32,764] - [root] - [INFO] - Finished crop and inference: 0m 34s
[2026-01-24 16:03:34,502] - [root] - [INFO] - Analysis finished: 0m 35s
[2026-01-24 16:03:34,502] - [root] - [INFO] - -------------------------------------------
[2026-01-24 16:03:34,502] - [root] - [INFO] - -------------------------------------------
[2026-01-24 16:03:34,502] - [root] - [INFO] - Processing 1-22-2026 5dpi 208-W2021009-268_R2.png
[2026-01-24 16:03:56,510] - [root] - [INFO] - Finished loading mask: 0m 22s
[2026-01-24 16:04:11,757] - [root] - [INFO] - Finished crop and inference: 0m 37s
[2026-01-24 16:04:13,410] - [root] - [INFO] - Analysis finished: 0m 38s
[2026-01-24 16:04:13,410] - [root] - [INFO] - -------------------------------------------
[2026-01-24 16:04:13,410] - [root] - [INFO] - -------------------------------------------
[2026-01-24 16:04:13,410] - [root] - [INFO] - Processing 1-22-2026 5dpi 254-W2021010-352_R2.png
[2026-01-24 16:04:35,389] - [root] - [INFO] - Finished loading mask: 0m 21s
[2026-01-24 16:04:44,219] - [root] - [INFO] - Finished crop and inference: 0m 30s
[2026-01-24 16:04:46,271] - [root] - [INFO] - Analysis finished: 0m 32s
[2026-01-24 16:04:46,271] - [root] - [INFO] - -------------------------------------------
[2026-01-24 16:04:46,285] - [root] - [INFO] - Saved C:\Users\Intel User\Desktop\blackbird_scripts\data\Results\ResNet_upth0.5_downth0.3_Jan22_10-21-00_2026\1-22-2026\th_0.7\severity_rate_tray_5dpi_u0.5_d0.3_ig0.5_sp0.7_20260124_160413.csv
             timestamp time_elapsed  ... severity_rate_patch Gradient_sr2
0  2026-01-24 15:55:16       0m 33s  ...                0.84         0.02

[1 rows x 26 columns]
             timestamp time_elapsed  ... severity_rate_patch Gradient_sr2
0  2026-01-24 15:55:16       0m 33s  ...                0.84         0.02
1  2026-01-24 15:55:50       0m 38s  ...               20.60         0.57

[2 rows x 26 columns]
             timestamp time_elapsed  ... severity_rate_patch Gradient_sr2
0  2026-01-24 15:55:16       0m 33s  ...                0.84         0.02
1  2026-01-24 15:55:50       0m 38s  ...               20.60         0.57
2  2026-01-24 15:56:28       0m 39s  ...               39.97         1.20

[3 rows x 26 columns]
             timestamp time_elapsed  ... severity_rate_patch Gradient_sr2
0  2026-01-24 15:55:16       0m 33s  ...                0.84         0.02
1  2026-01-24 15:55:50       0m 38s  ...               20.60         0.57
2  2026-01-24 15:56:28       0m 39s  ...               39.97         1.20
3  2026-01-24 15:57:07       0m 35s  ...               12.56         0.35

[4 rows x 26 columns]
             timestamp time_elapsed  ... severity_rate_patch Gradient_sr2
0  2026-01-24 15:55:16       0m 33s  ...                0.84         0.02
1  2026-01-24 15:55:50       0m 38s  ...               20.60         0.57
2  2026-01-24 15:56:28       0m 39s  ...               39.97         1.20
3  2026-01-24 15:57:07       0m 35s  ...               12.56         0.35
4  2026-01-24 15:57:43       0m 34s  ...               11.82         0.32

[5 rows x 26 columns]
             timestamp time_elapsed  ... severity_rate_patch Gradient_sr2
0  2026-01-24 15:55:16       0m 33s  ...                0.84         0.02
1  2026-01-24 15:55:50       0m 38s  ...               20.60         0.57
2  2026-01-24 15:56:28       0m 39s  ...               39.97         1.20
3  2026-01-24 15:57:07       0m 35s  ...               12.56         0.35
4  2026-01-24 15:57:43       0m 34s  ...               11.82         0.32
5  2026-01-24 15:58:18       0m 45s  ...               74.68         2.10

[6 rows x 26 columns]
             timestamp time_elapsed  ... severity_rate_patch Gradient_sr2
0  2026-01-24 15:55:16       0m 33s  ...                0.84         0.02
1  2026-01-24 15:55:50       0m 38s  ...               20.60         0.57
2  2026-01-24 15:56:28       0m 39s  ...               39.97         1.20
3  2026-01-24 15:57:07       0m 35s  ...               12.56         0.35
4  2026-01-24 15:57:43       0m 34s  ...               11.82         0.32
5  2026-01-24 15:58:18       0m 45s  ...               74.68         2.10
6  2026-01-24 15:59:04       0m 35s  ...               12.95         0.37

[7 rows x 26 columns]
             timestamp time_elapsed  ... severity_rate_patch Gradient_sr2
0  2026-01-24 15:55:16       0m 33s  ...                0.84         0.02
1  2026-01-24 15:55:50       0m 38s  ...               20.60         0.57
2  2026-01-24 15:56:28       0m 39s  ...               39.97         1.20
3  2026-01-24 15:57:07       0m 35s  ...               12.56         0.35
4  2026-01-24 15:57:43       0m 34s  ...               11.82         0.32
5  2026-01-24 15:58:18       0m 45s  ...               74.68         2.10
6  2026-01-24 15:59:04       0m 35s  ...               12.95         0.37
7  2026-01-24 15:59:40       0m 36s  ...                8.12         0.21

[8 rows x 26 columns]
             timestamp time_elapsed  ... severity_rate_patch Gradient_sr2
0  2026-01-24 15:55:16       0m 33s  ...                0.84         0.02
1  2026-01-24 15:55:50       0m 38s  ...               20.60         0.57
2  2026-01-24 15:56:28       0m 39s  ...               39.97         1.20
3  2026-01-24 15:57:07       0m 35s  ...               12.56         0.35
4  2026-01-24 15:57:43       0m 34s  ...               11.82         0.32
5  2026-01-24 15:58:18       0m 45s  ...               74.68         2.10
6  2026-01-24 15:59:04       0m 35s  ...               12.95         0.37
7  2026-01-24 15:59:40       0m 36s  ...                8.12         0.21
8  2026-01-24 16:00:16       0m 36s  ...                9.14         0.26

[9 rows x 26 columns]
             timestamp time_elapsed  ... severity_rate_patch Gradient_sr2
0  2026-01-24 15:55:16       0m 33s  ...                0.84         0.02
1  2026-01-24 15:55:50       0m 38s  ...               20.60         0.57
2  2026-01-24 15:56:28       0m 39s  ...               39.97         1.20
3  2026-01-24 15:57:07       0m 35s  ...               12.56         0.35
4  2026-01-24 15:57:43       0m 34s  ...               11.82         0.32
5  2026-01-24 15:58:18       0m 45s  ...               74.68         2.10
6  2026-01-24 15:59:04       0m 35s  ...               12.95         0.37
7  2026-01-24 15:59:40       0m 36s  ...                8.12         0.21
8  2026-01-24 16:00:16       0m 36s  ...                9.14         0.26
9  2026-01-24 16:00:53       0m 45s  ...               75.80         2.15

[10 rows x 26 columns]
              timestamp time_elapsed  ... severity_rate_patch Gradient_sr2
0   2026-01-24 15:55:16       0m 33s  ...                0.84         0.02
1   2026-01-24 15:55:50       0m 38s  ...               20.60         0.57
2   2026-01-24 15:56:28       0m 39s  ...               39.97         1.20
3   2026-01-24 15:57:07       0m 35s  ...               12.56         0.35
4   2026-01-24 15:57:43       0m 34s  ...               11.82         0.32
5   2026-01-24 15:58:18       0m 45s  ...               74.68         2.10
6   2026-01-24 15:59:04       0m 35s  ...               12.95         0.37
7   2026-01-24 15:59:40       0m 36s  ...                8.12         0.21
8   2026-01-24 16:00:16       0m 36s  ...                9.14         0.26
9   2026-01-24 16:00:53       0m 45s  ...               75.80         2.15
10  2026-01-24 16:01:38       0m 34s  ...                6.80         0.17

[11 rows x 26 columns]
              timestamp time_elapsed  ... severity_rate_patch Gradient_sr2
0   2026-01-24 15:55:16       0m 33s  ...                0.84         0.02
1   2026-01-24 15:55:50       0m 38s  ...               20.60         0.57
2   2026-01-24 15:56:28       0m 39s  ...               39.97         1.20
3   2026-01-24 15:57:07       0m 35s  ...               12.56         0.35
4   2026-01-24 15:57:43       0m 34s  ...               11.82         0.32
5   2026-01-24 15:58:18       0m 45s  ...               74.68         2.10
6   2026-01-24 15:59:04       0m 35s  ...               12.95         0.37
7   2026-01-24 15:59:40       0m 36s  ...                8.12         0.21
8   2026-01-24 16:00:16       0m 36s  ...                9.14         0.26
9   2026-01-24 16:00:53       0m 45s  ...               75.80         2.15
10  2026-01-24 16:01:38       0m 34s  ...                6.80         0.17
11  2026-01-24 16:02:12       0m 46s  ...               82.53         2.55

[12 rows x 26 columns]
              timestamp time_elapsed  ... severity_rate_patch Gradient_sr2
0   2026-01-24 15:55:16       0m 33s  ...                0.84         0.02
1   2026-01-24 15:55:50       0m 38s  ...               20.60         0.57
2   2026-01-24 15:56:28       0m 39s  ...               39.97         1.20
3   2026-01-24 15:57:07       0m 35s  ...               12.56         0.35
4   2026-01-24 15:57:43       0m 34s  ...               11.82         0.32
5   2026-01-24 15:58:18       0m 45s  ...               74.68         2.10
6   2026-01-24 15:59:04       0m 35s  ...               12.95         0.37
7   2026-01-24 15:59:40       0m 36s  ...                8.12         0.21
8   2026-01-24 16:00:16       0m 36s  ...                9.14         0.26
9   2026-01-24 16:00:53       0m 45s  ...               75.80         2.15
10  2026-01-24 16:01:38       0m 34s  ...                6.80         0.17
11  2026-01-24 16:02:12       0m 46s  ...               82.53         2.55
12  2026-01-24 16:02:58       0m 35s  ...                6.18         0.18

[13 rows x 26 columns]
              timestamp time_elapsed  ... severity_rate_patch Gradient_sr2
0   2026-01-24 15:55:16       0m 33s  ...                0.84         0.02
1   2026-01-24 15:55:50       0m 38s  ...               20.60         0.57
2   2026-01-24 15:56:28       0m 39s  ...               39.97         1.20
3   2026-01-24 15:57:07       0m 35s  ...               12.56         0.35
4   2026-01-24 15:57:43       0m 34s  ...               11.82         0.32
5   2026-01-24 15:58:18       0m 45s  ...               74.68         2.10
6   2026-01-24 15:59:04       0m 35s  ...               12.95         0.37
7   2026-01-24 15:59:40       0m 36s  ...                8.12         0.21
8   2026-01-24 16:00:16       0m 36s  ...                9.14         0.26
9   2026-01-24 16:00:53       0m 45s  ...               75.80         2.15
10  2026-01-24 16:01:38       0m 34s  ...                6.80         0.17
11  2026-01-24 16:02:12       0m 46s  ...               82.53         2.55
12  2026-01-24 16:02:58       0m 35s  ...                6.18         0.18
13  2026-01-24 16:03:34       0m 38s  ...               30.13         0.79

[14 rows x 26 columns]
              timestamp time_elapsed  ... severity_rate_patch Gradient_sr2
0   2026-01-24 15:55:16       0m 33s  ...                0.84         0.02
1   2026-01-24 15:55:50       0m 38s  ...               20.60         0.57
2   2026-01-24 15:56:28       0m 39s  ...               39.97         1.20
3   2026-01-24 15:57:07       0m 35s  ...               12.56         0.35
4   2026-01-24 15:57:43       0m 34s  ...               11.82         0.32
5   2026-01-24 15:58:18       0m 45s  ...               74.68         2.10
6   2026-01-24 15:59:04       0m 35s  ...               12.95         0.37
7   2026-01-24 15:59:40       0m 36s  ...                8.12         0.21
8   2026-01-24 16:00:16       0m 36s  ...                9.14         0.26
9   2026-01-24 16:00:53       0m 45s  ...               75.80         2.15
10  2026-01-24 16:01:38       0m 34s  ...                6.80         0.17
11  2026-01-24 16:02:12       0m 46s  ...               82.53         2.55
12  2026-01-24 16:02:58       0m 35s  ...                6.18         0.18
13  2026-01-24 16:03:34       0m 38s  ...               30.13         0.79
14  2026-01-24 16:04:13       0m 32s  ...                2.50         0.07

[15 rows x 26 columns]

real	9m39.304s
user	0m0.000s
sys	0m0.000s
