[2026-01-24 16:05:27,409] - [root] - [INFO] - leaf_correlation_mw.py
[2026-01-24 16:05:27,410] - [root] - [INFO] - model_type       : ResNet
[2026-01-24 16:05:27,410] - [root] - [INFO] - pretrained       : True
[2026-01-24 16:05:27,410] - [root] - [INFO] - loading_epoch    : 65
[2026-01-24 16:05:27,410] - [root] - [INFO] - timestamp        : Jan22_10-21-00_2026
[2026-01-24 16:05:27,410] - [root] - [INFO] - outdim           : 2
[2026-01-24 16:05:27,410] - [root] - [INFO] - dual_head        : True
[2026-01-24 16:05:27,410] - [root] - [INFO] - model_path       : ../..
[2026-01-24 16:05:27,411] - [root] - [INFO] - step_size        : 224
[2026-01-24 16:05:27,411] - [root] - [INFO] - means            : [0.541, 0.6371, 0.4188]
[2026-01-24 16:05:27,411] - [root] - [INFO] - stds             : [0.1764, 0.165, 0.2326]
[2026-01-24 16:05:27,411] - [root] - [INFO] - target_class     : 1
[2026-01-24 16:05:27,411] - [root] - [INFO] - contam_control   : False
[2026-01-24 16:05:27,411] - [root] - [INFO] - spor_th          : 0.9
[2026-01-24 16:05:27,411] - [root] - [INFO] - inf_gate         : 0.5
[2026-01-24 16:05:27,411] - [root] - [INFO] - pm               : HPM-1269
[2026-01-24 16:05:27,411] - [root] - [INFO] - mps              : False
[2026-01-24 16:05:27,411] - [root] - [INFO] - cuda             : True
[2026-01-24 16:05:27,412] - [root] - [INFO] - cuda_id          : 0
[2026-01-24 16:05:27,412] - [root] - [INFO] - sal_threshold    : 0.5
[2026-01-24 16:05:27,412] - [root] - [INFO] - up_threshold     : 0.8
[2026-01-24 16:05:27,412] - [root] - [INFO] - down_threshold   : 0.3
[2026-01-24 16:05:27,412] - [root] - [INFO] - dataset_path     : C:/Users/Intel User/Desktop/blackbird_scripts/data/human_disk_assessments
[2026-01-24 16:05:27,412] - [root] - [INFO] - img_folder       : 1-22-2026
[2026-01-24 16:05:27,412] - [root] - [INFO] - platform         : BlackBird
[2026-01-24 16:05:27,412] - [root] - [INFO] - threshold        : ['0.7']
[2026-01-24 16:05:27,412] - [root] - [INFO] - log              : ../../results/logs/random.log
[2026-01-24 16:05:27,413] - [root] - [INFO] - dpi              : 5
[2026-01-24 16:05:27,413] - [root] - [INFO] - group            : baseline
[2026-01-24 16:05:27,413] - [root] - [INFO] - trays            : ['5dpi']
[2026-01-24 16:05:27,413] - [root] - [INFO] - sal_gradcam      : False
[2026-01-24 16:05:27,413] - [root] - [INFO] - sal_gradient     : True
[2026-01-24 16:05:27,413] - [root] - [INFO] - sal_smoothgrad   : False
[2026-01-24 16:05:27,413] - [root] - [INFO] - sal_deeplift     : False
[2026-01-24 16:05:27,413] - [root] - [INFO] - sal_thresh_method : fixed
[2026-01-24 16:05:27,413] - [root] - [INFO] - sal_thresh_p     : 95.0
[2026-01-24 16:05:28,497] - [root] - [INFO] - -------------------------------------------
[2026-01-24 16:05:28,497] - [root] - [INFO] - Processing 1-22-2026 5dpi 005-W2021011-592_R2.png
[2026-01-24 16:05:50,092] - [root] - [INFO] - Finished loading mask: 0m 21s
[2026-01-24 16:06:01,967] - [root] - [INFO] - Finished crop and inference: 0m 33s
[2026-01-24 16:06:03,786] - [root] - [INFO] - Analysis finished: 0m 35s
[2026-01-24 16:06:03,786] - [root] - [INFO] - -------------------------------------------
[2026-01-24 16:06:03,786] - [root] - [INFO] - -------------------------------------------
[2026-01-24 16:06:03,786] - [root] - [INFO] - Processing 1-22-2026 5dpi 022-W2021009-198_R2.png
[2026-01-24 16:06:25,595] - [root] - [INFO] - Finished loading mask: 0m 21s
[2026-01-24 16:06:38,978] - [root] - [INFO] - Finished crop and inference: 0m 35s
[2026-01-24 16:06:40,783] - [root] - [INFO] - Analysis finished: 0m 36s
[2026-01-24 16:06:40,783] - [root] - [INFO] - -------------------------------------------
[2026-01-24 16:06:40,784] - [root] - [INFO] - -------------------------------------------
[2026-01-24 16:06:40,784] - [root] - [INFO] - Processing 1-22-2026 5dpi 047-W2021011-482_R1.png
[2026-01-24 16:07:02,714] - [root] - [INFO] - Finished loading mask: 0m 21s
[2026-01-24 16:07:18,121] - [root] - [INFO] - Finished crop and inference: 0m 37s
[2026-01-24 16:07:19,965] - [root] - [INFO] - Analysis finished: 0m 39s
[2026-01-24 16:07:19,965] - [root] - [INFO] - -------------------------------------------
[2026-01-24 16:07:19,965] - [root] - [INFO] - -------------------------------------------
[2026-01-24 16:07:19,965] - [root] - [INFO] - Processing 1-22-2026 5dpi 055-W2021010-397_R2.png
[2026-01-24 16:07:41,725] - [root] - [INFO] - Finished loading mask: 0m 21s
[2026-01-24 16:07:53,852] - [root] - [INFO] - Finished crop and inference: 0m 33s
[2026-01-24 16:07:55,785] - [root] - [INFO] - Analysis finished: 0m 35s
[2026-01-24 16:07:55,785] - [root] - [INFO] - -------------------------------------------
[2026-01-24 16:07:55,785] - [root] - [INFO] - -------------------------------------------
[2026-01-24 16:07:55,785] - [root] - [INFO] - Processing 1-22-2026 5dpi 121-W2021009-185_R1.png
[2026-01-24 16:08:17,846] - [root] - [INFO] - Finished loading mask: 0m 22s
[2026-01-24 16:08:29,269] - [root] - [INFO] - Finished crop and inference: 0m 33s
[2026-01-24 16:08:31,223] - [root] - [INFO] - Analysis finished: 0m 35s
[2026-01-24 16:08:31,223] - [root] - [INFO] - -------------------------------------------
[2026-01-24 16:08:31,223] - [root] - [INFO] - -------------------------------------------
[2026-01-24 16:08:31,223] - [root] - [INFO] - Processing 1-22-2026 5dpi 128-W2021006-013_R1.png
[2026-01-24 16:08:53,632] - [root] - [INFO] - Finished loading mask: 0m 22s
[2026-01-24 16:09:13,874] - [root] - [INFO] - Finished crop and inference: 0m 42s
[2026-01-24 16:09:15,799] - [root] - [INFO] - Analysis finished: 0m 44s
[2026-01-24 16:09:15,800] - [root] - [INFO] - -------------------------------------------
[2026-01-24 16:09:15,800] - [root] - [INFO] - -------------------------------------------
[2026-01-24 16:09:15,800] - [root] - [INFO] - Processing 1-22-2026 5dpi 149-W2021010-417_R1.png
[2026-01-24 16:09:37,590] - [root] - [INFO] - Finished loading mask: 0m 21s
[2026-01-24 16:09:51,354] - [root] - [INFO] - Finished crop and inference: 0m 35s
[2026-01-24 16:09:53,257] - [root] - [INFO] - Analysis finished: 0m 37s
[2026-01-24 16:09:53,258] - [root] - [INFO] - -------------------------------------------
[2026-01-24 16:09:53,258] - [root] - [INFO] - -------------------------------------------
[2026-01-24 16:09:53,258] - [root] - [INFO] - Processing 1-22-2026 5dpi 156-W2021009-276_R2.png
[2026-01-24 16:10:14,954] - [root] - [INFO] - Finished loading mask: 0m 21s
[2026-01-24 16:10:28,559] - [root] - [INFO] - Finished crop and inference: 0m 35s
[2026-01-24 16:10:30,514] - [root] - [INFO] - Analysis finished: 0m 37s
[2026-01-24 16:10:30,514] - [root] - [INFO] - -------------------------------------------
[2026-01-24 16:10:30,514] - [root] - [INFO] - -------------------------------------------
[2026-01-24 16:10:30,514] - [root] - [INFO] - Processing 1-22-2026 5dpi 172-W2021011-557_R2.png
[2026-01-24 16:10:52,395] - [root] - [INFO] - Finished loading mask: 0m 21s
[2026-01-24 16:11:05,907] - [root] - [INFO] - Finished crop and inference: 0m 35s
[2026-01-24 16:11:07,795] - [root] - [INFO] - Analysis finished: 0m 37s
[2026-01-24 16:11:07,795] - [root] - [INFO] - -------------------------------------------
[2026-01-24 16:11:07,795] - [root] - [INFO] - -------------------------------------------
[2026-01-24 16:11:07,795] - [root] - [INFO] - Processing 1-22-2026 5dpi 180-W2021011-476_R2.png
[2026-01-24 16:11:30,400] - [root] - [INFO] - Finished loading mask: 0m 22s
[2026-01-24 16:11:51,145] - [root] - [INFO] - Finished crop and inference: 0m 43s
[2026-01-24 16:11:53,191] - [root] - [INFO] - Analysis finished: 0m 45s
[2026-01-24 16:11:53,191] - [root] - [INFO] - -------------------------------------------
[2026-01-24 16:11:53,191] - [root] - [INFO] - -------------------------------------------
[2026-01-24 16:11:53,191] - [root] - [INFO] - Processing 1-22-2026 5dpi 183-W2021009-295_R1.png
[2026-01-24 16:12:15,004] - [root] - [INFO] - Finished loading mask: 0m 21s
[2026-01-24 16:12:25,886] - [root] - [INFO] - Finished crop and inference: 0m 32s
[2026-01-24 16:12:27,883] - [root] - [INFO] - Analysis finished: 0m 34s
[2026-01-24 16:12:27,883] - [root] - [INFO] - -------------------------------------------
[2026-01-24 16:12:27,883] - [root] - [INFO] - -------------------------------------------
[2026-01-24 16:12:27,883] - [root] - [INFO] - Processing 1-22-2026 5dpi 187-W2021010-348_R2.png
[2026-01-24 16:12:50,923] - [root] - [INFO] - Finished loading mask: 0m 23s
[2026-01-24 16:13:11,923] - [root] - [INFO] - Finished crop and inference: 0m 44s
[2026-01-24 16:13:14,064] - [root] - [INFO] - Analysis finished: 0m 46s
[2026-01-24 16:13:14,064] - [root] - [INFO] - -------------------------------------------
[2026-01-24 16:13:14,065] - [root] - [INFO] - -------------------------------------------
[2026-01-24 16:13:14,065] - [root] - [INFO] - Processing 1-22-2026 5dpi 206-W2021010-344_R1.png
[2026-01-24 16:13:36,002] - [root] - [INFO] - Finished loading mask: 0m 21s
[2026-01-24 16:13:48,109] - [root] - [INFO] - Finished crop and inference: 0m 34s
[2026-01-24 16:13:50,113] - [root] - [INFO] - Analysis finished: 0m 36s
[2026-01-24 16:13:50,113] - [root] - [INFO] - -------------------------------------------
[2026-01-24 16:13:50,113] - [root] - [INFO] - -------------------------------------------
[2026-01-24 16:13:50,113] - [root] - [INFO] - Processing 1-22-2026 5dpi 208-W2021009-268_R2.png
[2026-01-24 16:14:12,202] - [root] - [INFO] - Finished loading mask: 0m 22s
[2026-01-24 16:14:28,187] - [root] - [INFO] - Finished crop and inference: 0m 38s
[2026-01-24 16:14:30,396] - [root] - [INFO] - Analysis finished: 0m 40s
[2026-01-24 16:14:30,396] - [root] - [INFO] - -------------------------------------------
[2026-01-24 16:14:30,396] - [root] - [INFO] - -------------------------------------------
[2026-01-24 16:14:30,397] - [root] - [INFO] - Processing 1-22-2026 5dpi 254-W2021010-352_R2.png
[2026-01-24 16:14:51,775] - [root] - [INFO] - Finished loading mask: 0m 21s
[2026-01-24 16:14:59,807] - [root] - [INFO] - Finished crop and inference: 0m 29s
[2026-01-24 16:15:01,496] - [root] - [INFO] - Analysis finished: 0m 31s
[2026-01-24 16:15:01,497] - [root] - [INFO] - -------------------------------------------
[2026-01-24 16:15:01,504] - [root] - [INFO] - Saved C:\Users\Intel User\Desktop\blackbird_scripts\data\Results\ResNet_upth0.8_downth0.3_Jan22_10-21-00_2026\1-22-2026\th_0.7\severity_rate_tray_5dpi_u0.8_d0.3_ig0.5_sp0.9_20260124_161430.csv
             timestamp time_elapsed  ... severity_rate_patch Gradient_sr2
0  2026-01-24 16:05:28       0m 35s  ...                0.84         0.02

[1 rows x 26 columns]
             timestamp time_elapsed  ... severity_rate_patch Gradient_sr2
0  2026-01-24 16:05:28       0m 35s  ...                0.84         0.02
1  2026-01-24 16:06:03       0m 36s  ...               13.64         0.35

[2 rows x 26 columns]
             timestamp time_elapsed  ... severity_rate_patch Gradient_sr2
0  2026-01-24 16:05:28       0m 35s  ...                0.84         0.02
1  2026-01-24 16:06:03       0m 36s  ...               13.64         0.35
2  2026-01-24 16:06:40       0m 39s  ...               37.72         1.10

[3 rows x 26 columns]
             timestamp time_elapsed  ... severity_rate_patch Gradient_sr2
0  2026-01-24 16:05:28       0m 35s  ...                0.84         0.02
1  2026-01-24 16:06:03       0m 36s  ...               13.64         0.35
2  2026-01-24 16:06:40       0m 39s  ...               37.72         1.10
3  2026-01-24 16:07:19       0m 35s  ...                8.02         0.21

[4 rows x 26 columns]
             timestamp time_elapsed  ... severity_rate_patch Gradient_sr2
0  2026-01-24 16:05:28       0m 35s  ...                0.84         0.02
1  2026-01-24 16:06:03       0m 36s  ...               13.64         0.35
2  2026-01-24 16:06:40       0m 39s  ...               37.72         1.10
3  2026-01-24 16:07:19       0m 35s  ...                8.02         0.21
4  2026-01-24 16:07:55       0m 35s  ...                7.73         0.21

[5 rows x 26 columns]
             timestamp time_elapsed  ... severity_rate_patch Gradient_sr2
0  2026-01-24 16:05:28       0m 35s  ...                0.84         0.02
1  2026-01-24 16:06:03       0m 36s  ...               13.64         0.35
2  2026-01-24 16:06:40       0m 39s  ...               37.72         1.10
3  2026-01-24 16:07:19       0m 35s  ...                8.02         0.21
4  2026-01-24 16:07:55       0m 35s  ...                7.73         0.21
5  2026-01-24 16:08:31       0m 44s  ...               73.16         1.96

[6 rows x 26 columns]
             timestamp time_elapsed  ... severity_rate_patch Gradient_sr2
0  2026-01-24 16:05:28       0m 35s  ...                0.84         0.02
1  2026-01-24 16:06:03       0m 36s  ...               13.64         0.35
2  2026-01-24 16:06:40       0m 39s  ...               37.72         1.10
3  2026-01-24 16:07:19       0m 35s  ...                8.02         0.21
4  2026-01-24 16:07:55       0m 35s  ...                7.73         0.21
5  2026-01-24 16:08:31       0m 44s  ...               73.16         1.96
6  2026-01-24 16:09:15       0m 37s  ...               10.82         0.31

[7 rows x 26 columns]
             timestamp time_elapsed  ... severity_rate_patch Gradient_sr2
0  2026-01-24 16:05:28       0m 35s  ...                0.84         0.02
1  2026-01-24 16:06:03       0m 36s  ...               13.64         0.35
2  2026-01-24 16:06:40       0m 39s  ...               37.72         1.10
3  2026-01-24 16:07:19       0m 35s  ...                8.02         0.21
4  2026-01-24 16:07:55       0m 35s  ...                7.73         0.21
5  2026-01-24 16:08:31       0m 44s  ...               73.16         1.96
6  2026-01-24 16:09:15       0m 37s  ...               10.82         0.31
7  2026-01-24 16:09:53       0m 37s  ...                6.57         0.17

[8 rows x 26 columns]
             timestamp time_elapsed  ... severity_rate_patch Gradient_sr2
0  2026-01-24 16:05:28       0m 35s  ...                0.84         0.02
1  2026-01-24 16:06:03       0m 36s  ...               13.64         0.35
2  2026-01-24 16:06:40       0m 39s  ...               37.72         1.10
3  2026-01-24 16:07:19       0m 35s  ...                8.02         0.21
4  2026-01-24 16:07:55       0m 35s  ...                7.73         0.21
5  2026-01-24 16:08:31       0m 44s  ...               73.16         1.96
6  2026-01-24 16:09:15       0m 37s  ...               10.82         0.31
7  2026-01-24 16:09:53       0m 37s  ...                6.57         0.17
8  2026-01-24 16:10:30       0m 37s  ...                7.52         0.21

[9 rows x 26 columns]
             timestamp time_elapsed  ... severity_rate_patch Gradient_sr2
0  2026-01-24 16:05:28       0m 35s  ...                0.84         0.02
1  2026-01-24 16:06:03       0m 36s  ...               13.64         0.35
2  2026-01-24 16:06:40       0m 39s  ...               37.72         1.10
3  2026-01-24 16:07:19       0m 35s  ...                8.02         0.21
4  2026-01-24 16:07:55       0m 35s  ...                7.73         0.21
5  2026-01-24 16:08:31       0m 44s  ...               73.16         1.96
6  2026-01-24 16:09:15       0m 37s  ...               10.82         0.31
7  2026-01-24 16:09:53       0m 37s  ...                6.57         0.17
8  2026-01-24 16:10:30       0m 37s  ...                7.52         0.21
9  2026-01-24 16:11:07       0m 45s  ...               74.32         2.00

[10 rows x 26 columns]
              timestamp time_elapsed  ... severity_rate_patch Gradient_sr2
0   2026-01-24 16:05:28       0m 35s  ...                0.84         0.02
1   2026-01-24 16:06:03       0m 36s  ...               13.64         0.35
2   2026-01-24 16:06:40       0m 39s  ...               37.72         1.10
3   2026-01-24 16:07:19       0m 35s  ...                8.02         0.21
4   2026-01-24 16:07:55       0m 35s  ...                7.73         0.21
5   2026-01-24 16:08:31       0m 44s  ...               73.16         1.96
6   2026-01-24 16:09:15       0m 37s  ...               10.82         0.31
7   2026-01-24 16:09:53       0m 37s  ...                6.57         0.17
8   2026-01-24 16:10:30       0m 37s  ...                7.52         0.21
9   2026-01-24 16:11:07       0m 45s  ...               74.32         2.00
10  2026-01-24 16:11:53       0m 34s  ...                5.70         0.15

[11 rows x 26 columns]
              timestamp time_elapsed  ... severity_rate_patch Gradient_sr2
0   2026-01-24 16:05:28       0m 35s  ...                0.84         0.02
1   2026-01-24 16:06:03       0m 36s  ...               13.64         0.35
2   2026-01-24 16:06:40       0m 39s  ...               37.72         1.10
3   2026-01-24 16:07:19       0m 35s  ...                8.02         0.21
4   2026-01-24 16:07:55       0m 35s  ...                7.73         0.21
5   2026-01-24 16:08:31       0m 44s  ...               73.16         1.96
6   2026-01-24 16:09:15       0m 37s  ...               10.82         0.31
7   2026-01-24 16:09:53       0m 37s  ...                6.57         0.17
8   2026-01-24 16:10:30       0m 37s  ...                7.52         0.21
9   2026-01-24 16:11:07       0m 45s  ...               74.32         2.00
10  2026-01-24 16:11:53       0m 34s  ...                5.70         0.15
11  2026-01-24 16:12:27       0m 46s  ...               81.62         2.38

[12 rows x 26 columns]
              timestamp time_elapsed  ... severity_rate_patch Gradient_sr2
0   2026-01-24 16:05:28       0m 35s  ...                0.84         0.02
1   2026-01-24 16:06:03       0m 36s  ...               13.64         0.35
2   2026-01-24 16:06:40       0m 39s  ...               37.72         1.10
3   2026-01-24 16:07:19       0m 35s  ...                8.02         0.21
4   2026-01-24 16:07:55       0m 35s  ...                7.73         0.21
5   2026-01-24 16:08:31       0m 44s  ...               73.16         1.96
6   2026-01-24 16:09:15       0m 37s  ...               10.82         0.31
7   2026-01-24 16:09:53       0m 37s  ...                6.57         0.17
8   2026-01-24 16:10:30       0m 37s  ...                7.52         0.21
9   2026-01-24 16:11:07       0m 45s  ...               74.32         2.00
10  2026-01-24 16:11:53       0m 34s  ...                5.70         0.15
11  2026-01-24 16:12:27       0m 46s  ...               81.62         2.38
12  2026-01-24 16:13:14       0m 36s  ...                4.36         0.12

[13 rows x 26 columns]
              timestamp time_elapsed  ... severity_rate_patch Gradient_sr2
0   2026-01-24 16:05:28       0m 35s  ...                0.84         0.02
1   2026-01-24 16:06:03       0m 36s  ...               13.64         0.35
2   2026-01-24 16:06:40       0m 39s  ...               37.72         1.10
3   2026-01-24 16:07:19       0m 35s  ...                8.02         0.21
4   2026-01-24 16:07:55       0m 35s  ...                7.73         0.21
5   2026-01-24 16:08:31       0m 44s  ...               73.16         1.96
6   2026-01-24 16:09:15       0m 37s  ...               10.82         0.31
7   2026-01-24 16:09:53       0m 37s  ...                6.57         0.17
8   2026-01-24 16:10:30       0m 37s  ...                7.52         0.21
9   2026-01-24 16:11:07       0m 45s  ...               74.32         2.00
10  2026-01-24 16:11:53       0m 34s  ...                5.70         0.15
11  2026-01-24 16:12:27       0m 46s  ...               81.62         2.38
12  2026-01-24 16:13:14       0m 36s  ...                4.36         0.12
13  2026-01-24 16:13:50       0m 40s  ...               27.38         0.69

[14 rows x 26 columns]
              timestamp time_elapsed  ... severity_rate_patch Gradient_sr2
0   2026-01-24 16:05:28       0m 35s  ...                0.84         0.02
1   2026-01-24 16:06:03       0m 36s  ...               13.64         0.35
2   2026-01-24 16:06:40       0m 39s  ...               37.72         1.10
3   2026-01-24 16:07:19       0m 35s  ...                8.02         0.21
4   2026-01-24 16:07:55       0m 35s  ...                7.73         0.21
5   2026-01-24 16:08:31       0m 44s  ...               73.16         1.96
6   2026-01-24 16:09:15       0m 37s  ...               10.82         0.31
7   2026-01-24 16:09:53       0m 37s  ...                6.57         0.17
8   2026-01-24 16:10:30       0m 37s  ...                7.52         0.21
9   2026-01-24 16:11:07       0m 45s  ...               74.32         2.00
10  2026-01-24 16:11:53       0m 34s  ...                5.70         0.15
11  2026-01-24 16:12:27       0m 46s  ...               81.62         2.38
12  2026-01-24 16:13:14       0m 36s  ...                4.36         0.12
13  2026-01-24 16:13:50       0m 40s  ...               27.38         0.69
14  2026-01-24 16:14:30       0m 31s  ...                1.44         0.04

[15 rows x 26 columns]

real	9m41.966s
user	0m0.000s
sys	0m0.015s
