[2026-01-24 16:59:10,244] - [root] - [INFO] - leaf_correlation_mw.py
[2026-01-24 16:59:10,245] - [root] - [INFO] - model_type       : ResNet
[2026-01-24 16:59:10,245] - [root] - [INFO] - pretrained       : True
[2026-01-24 16:59:10,245] - [root] - [INFO] - loading_epoch    : 65
[2026-01-24 16:59:10,245] - [root] - [INFO] - timestamp        : Jan22_10-21-00_2026
[2026-01-24 16:59:10,245] - [root] - [INFO] - outdim           : 2
[2026-01-24 16:59:10,245] - [root] - [INFO] - dual_head        : True
[2026-01-24 16:59:10,245] - [root] - [INFO] - model_path       : ../..
[2026-01-24 16:59:10,245] - [root] - [INFO] - step_size        : 224
[2026-01-24 16:59:10,246] - [root] - [INFO] - means            : [0.541, 0.6371, 0.4188]
[2026-01-24 16:59:10,246] - [root] - [INFO] - stds             : [0.1764, 0.165, 0.2326]
[2026-01-24 16:59:10,246] - [root] - [INFO] - target_class     : 1
[2026-01-24 16:59:10,246] - [root] - [INFO] - contam_control   : False
[2026-01-24 16:59:10,246] - [root] - [INFO] - spor_th          : 0.7
[2026-01-24 16:59:10,246] - [root] - [INFO] - inf_gate         : 0.3
[2026-01-24 16:59:10,246] - [root] - [INFO] - pm               : HPM-1269
[2026-01-24 16:59:10,246] - [root] - [INFO] - mps              : False
[2026-01-24 16:59:10,246] - [root] - [INFO] - cuda             : True
[2026-01-24 16:59:10,246] - [root] - [INFO] - cuda_id          : 0
[2026-01-24 16:59:10,246] - [root] - [INFO] - sal_threshold    : 0.5
[2026-01-24 16:59:10,246] - [root] - [INFO] - up_threshold     : 0.7
[2026-01-24 16:59:10,246] - [root] - [INFO] - down_threshold   : 0.1
[2026-01-24 16:59:10,246] - [root] - [INFO] - dataset_path     : C:/Users/Intel User/Desktop/blackbird_scripts/data/human_disk_assessments
[2026-01-24 16:59:10,246] - [root] - [INFO] - img_folder       : 1-22-2026
[2026-01-24 16:59:10,246] - [root] - [INFO] - platform         : BlackBird
[2026-01-24 16:59:10,247] - [root] - [INFO] - threshold        : ['0.7']
[2026-01-24 16:59:10,247] - [root] - [INFO] - log              : ../../results/logs/random.log
[2026-01-24 16:59:10,247] - [root] - [INFO] - dpi              : 5
[2026-01-24 16:59:10,247] - [root] - [INFO] - group            : baseline
[2026-01-24 16:59:10,247] - [root] - [INFO] - trays            : ['5dpi']
[2026-01-24 16:59:10,247] - [root] - [INFO] - sal_gradcam      : False
[2026-01-24 16:59:10,247] - [root] - [INFO] - sal_gradient     : True
[2026-01-24 16:59:10,247] - [root] - [INFO] - sal_smoothgrad   : False
[2026-01-24 16:59:10,247] - [root] - [INFO] - sal_deeplift     : False
[2026-01-24 16:59:10,247] - [root] - [INFO] - sal_thresh_method : fixed
[2026-01-24 16:59:10,247] - [root] - [INFO] - sal_thresh_p     : 95.0
[2026-01-24 16:59:11,408] - [root] - [INFO] - -------------------------------------------
[2026-01-24 16:59:11,408] - [root] - [INFO] - Processing 1-22-2026 5dpi 005-W2021011-592_R2.png
[2026-01-24 16:59:34,371] - [root] - [INFO] - Finished loading mask: 0m 22s
[2026-01-24 16:59:43,804] - [root] - [INFO] - Finished crop and inference: 0m 32s
[2026-01-24 16:59:45,449] - [root] - [INFO] - Analysis finished: 0m 34s
[2026-01-24 16:59:45,449] - [root] - [INFO] - -------------------------------------------
[2026-01-24 16:59:45,449] - [root] - [INFO] - -------------------------------------------
[2026-01-24 16:59:45,449] - [root] - [INFO] - Processing 1-22-2026 5dpi 022-W2021009-198_R2.png
[2026-01-24 17:00:07,742] - [root] - [INFO] - Finished loading mask: 0m 22s
[2026-01-24 17:00:19,606] - [root] - [INFO] - Finished crop and inference: 0m 34s
[2026-01-24 17:00:21,106] - [root] - [INFO] - Analysis finished: 0m 35s
[2026-01-24 17:00:21,106] - [root] - [INFO] - -------------------------------------------
[2026-01-24 17:00:21,106] - [root] - [INFO] - -------------------------------------------
[2026-01-24 17:00:21,106] - [root] - [INFO] - Processing 1-22-2026 5dpi 047-W2021011-482_R1.png
[2026-01-24 17:00:41,622] - [root] - [INFO] - Finished loading mask: 0m 20s
[2026-01-24 17:00:54,578] - [root] - [INFO] - Finished crop and inference: 0m 33s
[2026-01-24 17:00:56,042] - [root] - [INFO] - Analysis finished: 0m 34s
[2026-01-24 17:00:56,043] - [root] - [INFO] - -------------------------------------------
[2026-01-24 17:00:56,043] - [root] - [INFO] - -------------------------------------------
[2026-01-24 17:00:56,043] - [root] - [INFO] - Processing 1-22-2026 5dpi 055-W2021010-397_R2.png
[2026-01-24 17:01:18,088] - [root] - [INFO] - Finished loading mask: 0m 22s
[2026-01-24 17:01:27,994] - [root] - [INFO] - Finished crop and inference: 0m 31s
[2026-01-24 17:01:29,482] - [root] - [INFO] - Analysis finished: 0m 33s
[2026-01-24 17:01:29,483] - [root] - [INFO] - -------------------------------------------
[2026-01-24 17:01:29,483] - [root] - [INFO] - -------------------------------------------
[2026-01-24 17:01:29,483] - [root] - [INFO] - Processing 1-22-2026 5dpi 121-W2021009-185_R1.png
[2026-01-24 17:01:50,719] - [root] - [INFO] - Finished loading mask: 0m 21s
[2026-01-24 17:01:59,406] - [root] - [INFO] - Finished crop and inference: 0m 29s
[2026-01-24 17:02:00,936] - [root] - [INFO] - Analysis finished: 0m 31s
[2026-01-24 17:02:00,936] - [root] - [INFO] - -------------------------------------------
[2026-01-24 17:02:00,936] - [root] - [INFO] - -------------------------------------------
[2026-01-24 17:02:00,936] - [root] - [INFO] - Processing 1-22-2026 5dpi 128-W2021006-013_R1.png
[2026-01-24 17:02:20,054] - [root] - [INFO] - Finished loading mask: 0m 19s
[2026-01-24 17:02:36,396] - [root] - [INFO] - Finished crop and inference: 0m 35s
[2026-01-24 17:02:37,980] - [root] - [INFO] - Analysis finished: 0m 37s
[2026-01-24 17:02:37,980] - [root] - [INFO] - -------------------------------------------
[2026-01-24 17:02:37,980] - [root] - [INFO] - -------------------------------------------
[2026-01-24 17:02:37,980] - [root] - [INFO] - Processing 1-22-2026 5dpi 149-W2021010-417_R1.png
[2026-01-24 17:02:58,749] - [root] - [INFO] - Finished loading mask: 0m 20s
[2026-01-24 17:03:08,608] - [root] - [INFO] - Finished crop and inference: 0m 30s
[2026-01-24 17:03:10,133] - [root] - [INFO] - Analysis finished: 0m 32s
[2026-01-24 17:03:10,133] - [root] - [INFO] - -------------------------------------------
[2026-01-24 17:03:10,133] - [root] - [INFO] - -------------------------------------------
[2026-01-24 17:03:10,134] - [root] - [INFO] - Processing 1-22-2026 5dpi 156-W2021009-276_R2.png
[2026-01-24 17:03:29,214] - [root] - [INFO] - Finished loading mask: 0m 19s
[2026-01-24 17:03:39,131] - [root] - [INFO] - Finished crop and inference: 0m 28s
[2026-01-24 17:03:40,728] - [root] - [INFO] - Analysis finished: 0m 30s
[2026-01-24 17:03:40,729] - [root] - [INFO] - -------------------------------------------
[2026-01-24 17:03:40,729] - [root] - [INFO] - -------------------------------------------
[2026-01-24 17:03:40,729] - [root] - [INFO] - Processing 1-22-2026 5dpi 172-W2021011-557_R2.png
[2026-01-24 17:04:01,010] - [root] - [INFO] - Finished loading mask: 0m 20s
[2026-01-24 17:04:11,030] - [root] - [INFO] - Finished crop and inference: 0m 30s
[2026-01-24 17:04:12,541] - [root] - [INFO] - Analysis finished: 0m 31s
[2026-01-24 17:04:12,541] - [root] - [INFO] - -------------------------------------------
[2026-01-24 17:04:12,541] - [root] - [INFO] - -------------------------------------------
[2026-01-24 17:04:12,541] - [root] - [INFO] - Processing 1-22-2026 5dpi 180-W2021011-476_R2.png
[2026-01-24 17:04:32,640] - [root] - [INFO] - Finished loading mask: 0m 20s
[2026-01-24 17:04:49,922] - [root] - [INFO] - Finished crop and inference: 0m 37s
[2026-01-24 17:04:51,439] - [root] - [INFO] - Analysis finished: 0m 38s
[2026-01-24 17:04:51,439] - [root] - [INFO] - -------------------------------------------
[2026-01-24 17:04:51,439] - [root] - [INFO] - -------------------------------------------
[2026-01-24 17:04:51,440] - [root] - [INFO] - Processing 1-22-2026 5dpi 183-W2021009-295_R1.png
[2026-01-24 17:05:11,950] - [root] - [INFO] - Finished loading mask: 0m 20s
[2026-01-24 17:05:20,509] - [root] - [INFO] - Finished crop and inference: 0m 29s
[2026-01-24 17:05:22,197] - [root] - [INFO] - Analysis finished: 0m 30s
[2026-01-24 17:05:22,198] - [root] - [INFO] - -------------------------------------------
[2026-01-24 17:05:22,198] - [root] - [INFO] - -------------------------------------------
[2026-01-24 17:05:22,198] - [root] - [INFO] - Processing 1-22-2026 5dpi 187-W2021010-348_R2.png
[2026-01-24 17:05:44,028] - [root] - [INFO] - Finished loading mask: 0m 21s
[2026-01-24 17:06:02,009] - [root] - [INFO] - Finished crop and inference: 0m 39s
[2026-01-24 17:06:03,496] - [root] - [INFO] - Analysis finished: 0m 41s
[2026-01-24 17:06:03,496] - [root] - [INFO] - -------------------------------------------
[2026-01-24 17:06:03,496] - [root] - [INFO] - -------------------------------------------
[2026-01-24 17:06:03,496] - [root] - [INFO] - Processing 1-22-2026 5dpi 206-W2021010-344_R1.png
[2026-01-24 17:06:23,349] - [root] - [INFO] - Finished loading mask: 0m 19s
[2026-01-24 17:06:32,398] - [root] - [INFO] - Finished crop and inference: 0m 28s
[2026-01-24 17:06:34,057] - [root] - [INFO] - Analysis finished: 0m 30s
[2026-01-24 17:06:34,058] - [root] - [INFO] - -------------------------------------------
[2026-01-24 17:06:34,058] - [root] - [INFO] - -------------------------------------------
[2026-01-24 17:06:34,058] - [root] - [INFO] - Processing 1-22-2026 5dpi 208-W2021009-268_R2.png
[2026-01-24 17:06:54,321] - [root] - [INFO] - Finished loading mask: 0m 20s
[2026-01-24 17:07:07,428] - [root] - [INFO] - Finished crop and inference: 0m 33s
[2026-01-24 17:07:09,024] - [root] - [INFO] - Analysis finished: 0m 34s
[2026-01-24 17:07:09,024] - [root] - [INFO] - -------------------------------------------
[2026-01-24 17:07:09,024] - [root] - [INFO] - -------------------------------------------
[2026-01-24 17:07:09,024] - [root] - [INFO] - Processing 1-22-2026 5dpi 254-W2021010-352_R2.png
[2026-01-24 17:07:29,076] - [root] - [INFO] - Finished loading mask: 0m 20s
[2026-01-24 17:07:36,751] - [root] - [INFO] - Finished crop and inference: 0m 27s
[2026-01-24 17:07:38,323] - [root] - [INFO] - Analysis finished: 0m 29s
[2026-01-24 17:07:38,324] - [root] - [INFO] - -------------------------------------------
[2026-01-24 17:07:38,327] - [root] - [INFO] - Saved C:\Users\Intel User\Desktop\blackbird_scripts\data\Results\ResNet_upth0.7_downth0.1_Jan22_10-21-00_2026\1-22-2026\th_0.7\severity_rate_tray_5dpi_u0.7_d0.1_ig0.3_sp0.7_20260124_170709.csv
             timestamp time_elapsed  ... severity_rate_patch Gradient_sr2
0  2026-01-24 16:59:11       0m 34s  ...                0.85         0.02

[1 rows x 26 columns]
             timestamp time_elapsed  ... severity_rate_patch Gradient_sr2
0  2026-01-24 16:59:11       0m 34s  ...                0.85         0.02
1  2026-01-24 16:59:45       0m 35s  ...               18.20         0.42

[2 rows x 26 columns]
             timestamp time_elapsed  ... severity_rate_patch Gradient_sr2
0  2026-01-24 16:59:11       0m 34s  ...                0.85         0.02
1  2026-01-24 16:59:45       0m 35s  ...               18.20         0.42
2  2026-01-24 17:00:21       0m 34s  ...               41.15         1.12

[3 rows x 26 columns]
             timestamp time_elapsed  ... severity_rate_patch Gradient_sr2
0  2026-01-24 16:59:11       0m 34s  ...                0.85         0.02
1  2026-01-24 16:59:45       0m 35s  ...               18.20         0.42
2  2026-01-24 17:00:21       0m 34s  ...               41.15         1.12
3  2026-01-24 17:00:56       0m 33s  ...               10.70         0.27

[4 rows x 26 columns]
             timestamp time_elapsed  ... severity_rate_patch Gradient_sr2
0  2026-01-24 16:59:11       0m 34s  ...                0.85         0.02
1  2026-01-24 16:59:45       0m 35s  ...               18.20         0.42
2  2026-01-24 17:00:21       0m 34s  ...               41.15         1.12
3  2026-01-24 17:00:56       0m 33s  ...               10.70         0.27
4  2026-01-24 17:01:29       0m 31s  ...                9.91         0.26

[5 rows x 26 columns]
             timestamp time_elapsed  ... severity_rate_patch Gradient_sr2
0  2026-01-24 16:59:11       0m 34s  ...                0.85         0.02
1  2026-01-24 16:59:45       0m 35s  ...               18.20         0.42
2  2026-01-24 17:00:21       0m 34s  ...               41.15         1.12
3  2026-01-24 17:00:56       0m 33s  ...               10.70         0.27
4  2026-01-24 17:01:29       0m 31s  ...                9.91         0.26
5  2026-01-24 17:02:00       0m 37s  ...               77.37         2.01

[6 rows x 26 columns]
             timestamp time_elapsed  ... severity_rate_patch Gradient_sr2
0  2026-01-24 16:59:11       0m 34s  ...                0.85         0.02
1  2026-01-24 16:59:45       0m 35s  ...               18.20         0.42
2  2026-01-24 17:00:21       0m 34s  ...               41.15         1.12
3  2026-01-24 17:00:56       0m 33s  ...               10.70         0.27
4  2026-01-24 17:01:29       0m 31s  ...                9.91         0.26
5  2026-01-24 17:02:00       0m 37s  ...               77.37         2.01
6  2026-01-24 17:02:37       0m 32s  ...               12.44         0.34

[7 rows x 26 columns]
             timestamp time_elapsed  ... severity_rate_patch Gradient_sr2
0  2026-01-24 16:59:11       0m 34s  ...                0.85         0.02
1  2026-01-24 16:59:45       0m 35s  ...               18.20         0.42
2  2026-01-24 17:00:21       0m 34s  ...               41.15         1.12
3  2026-01-24 17:00:56       0m 33s  ...               10.70         0.27
4  2026-01-24 17:01:29       0m 31s  ...                9.91         0.26
5  2026-01-24 17:02:00       0m 37s  ...               77.37         2.01
6  2026-01-24 17:02:37       0m 32s  ...               12.44         0.34
7  2026-01-24 17:03:10       0m 30s  ...                7.24         0.18

[8 rows x 26 columns]
             timestamp time_elapsed  ... severity_rate_patch Gradient_sr2
0  2026-01-24 16:59:11       0m 34s  ...                0.85         0.02
1  2026-01-24 16:59:45       0m 35s  ...               18.20         0.42
2  2026-01-24 17:00:21       0m 34s  ...               41.15         1.12
3  2026-01-24 17:00:56       0m 33s  ...               10.70         0.27
4  2026-01-24 17:01:29       0m 31s  ...                9.91         0.26
5  2026-01-24 17:02:00       0m 37s  ...               77.37         2.01
6  2026-01-24 17:02:37       0m 32s  ...               12.44         0.34
7  2026-01-24 17:03:10       0m 30s  ...                7.24         0.18
8  2026-01-24 17:03:40       0m 31s  ...                8.12         0.22

[9 rows x 26 columns]
             timestamp time_elapsed  ... severity_rate_patch Gradient_sr2
0  2026-01-24 16:59:11       0m 34s  ...                0.85         0.02
1  2026-01-24 16:59:45       0m 35s  ...               18.20         0.42
2  2026-01-24 17:00:21       0m 34s  ...               41.15         1.12
3  2026-01-24 17:00:56       0m 33s  ...               10.70         0.27
4  2026-01-24 17:01:29       0m 31s  ...                9.91         0.26
5  2026-01-24 17:02:00       0m 37s  ...               77.37         2.01
6  2026-01-24 17:02:37       0m 32s  ...               12.44         0.34
7  2026-01-24 17:03:10       0m 30s  ...                7.24         0.18
8  2026-01-24 17:03:40       0m 31s  ...                8.12         0.22
9  2026-01-24 17:04:12       0m 38s  ...               78.63         2.05

[10 rows x 26 columns]
              timestamp time_elapsed  ... severity_rate_patch Gradient_sr2
0   2026-01-24 16:59:11       0m 34s  ...                0.85         0.02
1   2026-01-24 16:59:45       0m 35s  ...               18.20         0.42
2   2026-01-24 17:00:21       0m 34s  ...               41.15         1.12
3   2026-01-24 17:00:56       0m 33s  ...               10.70         0.27
4   2026-01-24 17:01:29       0m 31s  ...                9.91         0.26
5   2026-01-24 17:02:00       0m 37s  ...               77.37         2.01
6   2026-01-24 17:02:37       0m 32s  ...               12.44         0.34
7   2026-01-24 17:03:10       0m 30s  ...                7.24         0.18
8   2026-01-24 17:03:40       0m 31s  ...                8.12         0.22
9   2026-01-24 17:04:12       0m 38s  ...               78.63         2.05
10  2026-01-24 17:04:51       0m 30s  ...                6.19         0.15

[11 rows x 26 columns]
              timestamp time_elapsed  ... severity_rate_patch Gradient_sr2
0   2026-01-24 16:59:11       0m 34s  ...                0.85         0.02
1   2026-01-24 16:59:45       0m 35s  ...               18.20         0.42
2   2026-01-24 17:00:21       0m 34s  ...               41.15         1.12
3   2026-01-24 17:00:56       0m 33s  ...               10.70         0.27
4   2026-01-24 17:01:29       0m 31s  ...                9.91         0.26
5   2026-01-24 17:02:00       0m 37s  ...               77.37         2.01
6   2026-01-24 17:02:37       0m 32s  ...               12.44         0.34
7   2026-01-24 17:03:10       0m 30s  ...                7.24         0.18
8   2026-01-24 17:03:40       0m 31s  ...                8.12         0.22
9   2026-01-24 17:04:12       0m 38s  ...               78.63         2.05
10  2026-01-24 17:04:51       0m 30s  ...                6.19         0.15
11  2026-01-24 17:05:22       0m 41s  ...               85.17         2.43

[12 rows x 26 columns]
              timestamp time_elapsed  ... severity_rate_patch Gradient_sr2
0   2026-01-24 16:59:11       0m 34s  ...                0.85         0.02
1   2026-01-24 16:59:45       0m 35s  ...               18.20         0.42
2   2026-01-24 17:00:21       0m 34s  ...               41.15         1.12
3   2026-01-24 17:00:56       0m 33s  ...               10.70         0.27
4   2026-01-24 17:01:29       0m 31s  ...                9.91         0.26
5   2026-01-24 17:02:00       0m 37s  ...               77.37         2.01
6   2026-01-24 17:02:37       0m 32s  ...               12.44         0.34
7   2026-01-24 17:03:10       0m 30s  ...                7.24         0.18
8   2026-01-24 17:03:40       0m 31s  ...                8.12         0.22
9   2026-01-24 17:04:12       0m 38s  ...               78.63         2.05
10  2026-01-24 17:04:51       0m 30s  ...                6.19         0.15
11  2026-01-24 17:05:22       0m 41s  ...               85.17         2.43
12  2026-01-24 17:06:03       0m 30s  ...                5.24         0.13

[13 rows x 26 columns]
              timestamp time_elapsed  ... severity_rate_patch Gradient_sr2
0   2026-01-24 16:59:11       0m 34s  ...                0.85         0.02
1   2026-01-24 16:59:45       0m 35s  ...               18.20         0.42
2   2026-01-24 17:00:21       0m 34s  ...               41.15         1.12
3   2026-01-24 17:00:56       0m 33s  ...               10.70         0.27
4   2026-01-24 17:01:29       0m 31s  ...                9.91         0.26
5   2026-01-24 17:02:00       0m 37s  ...               77.37         2.01
6   2026-01-24 17:02:37       0m 32s  ...               12.44         0.34
7   2026-01-24 17:03:10       0m 30s  ...                7.24         0.18
8   2026-01-24 17:03:40       0m 31s  ...                8.12         0.22
9   2026-01-24 17:04:12       0m 38s  ...               78.63         2.05
10  2026-01-24 17:04:51       0m 30s  ...                6.19         0.15
11  2026-01-24 17:05:22       0m 41s  ...               85.17         2.43
12  2026-01-24 17:06:03       0m 30s  ...                5.24         0.13
13  2026-01-24 17:06:34       0m 34s  ...               30.43         0.72

[14 rows x 26 columns]
              timestamp time_elapsed  ... severity_rate_patch Gradient_sr2
0   2026-01-24 16:59:11       0m 34s  ...                0.85         0.02
1   2026-01-24 16:59:45       0m 35s  ...               18.20         0.42
2   2026-01-24 17:00:21       0m 34s  ...               41.15         1.12
3   2026-01-24 17:00:56       0m 33s  ...               10.70         0.27
4   2026-01-24 17:01:29       0m 31s  ...                9.91         0.26
5   2026-01-24 17:02:00       0m 37s  ...               77.37         2.01
6   2026-01-24 17:02:37       0m 32s  ...               12.44         0.34
7   2026-01-24 17:03:10       0m 30s  ...                7.24         0.18
8   2026-01-24 17:03:40       0m 31s  ...                8.12         0.22
9   2026-01-24 17:04:12       0m 38s  ...               78.63         2.05
10  2026-01-24 17:04:51       0m 30s  ...                6.19         0.15
11  2026-01-24 17:05:22       0m 41s  ...               85.17         2.43
12  2026-01-24 17:06:03       0m 30s  ...                5.24         0.13
13  2026-01-24 17:06:34       0m 34s  ...               30.43         0.72
14  2026-01-24 17:07:09       0m 29s  ...                1.84         0.05

[15 rows x 26 columns]

real	8m35.765s
user	0m0.000s
sys	0m0.000s
