[2026-01-24 15:35:49,728] - [root] - [INFO] - leaf_correlation_mw.py
[2026-01-24 15:35:49,728] - [root] - [INFO] - model_type       : ResNet
[2026-01-24 15:35:49,728] - [root] - [INFO] - pretrained       : True
[2026-01-24 15:35:49,728] - [root] - [INFO] - loading_epoch    : 65
[2026-01-24 15:35:49,729] - [root] - [INFO] - timestamp        : Jan22_10-21-00_2026
[2026-01-24 15:35:49,729] - [root] - [INFO] - outdim           : 2
[2026-01-24 15:35:49,729] - [root] - [INFO] - dual_head        : True
[2026-01-24 15:35:49,729] - [root] - [INFO] - model_path       : ../..
[2026-01-24 15:35:49,729] - [root] - [INFO] - step_size        : 224
[2026-01-24 15:35:49,729] - [root] - [INFO] - means            : [0.541, 0.6371, 0.4188]
[2026-01-24 15:35:49,729] - [root] - [INFO] - stds             : [0.1764, 0.165, 0.2326]
[2026-01-24 15:35:49,729] - [root] - [INFO] - target_class     : 1
[2026-01-24 15:35:49,729] - [root] - [INFO] - contam_control   : False
[2026-01-24 15:35:49,730] - [root] - [INFO] - spor_th          : 0.7
[2026-01-24 15:35:49,730] - [root] - [INFO] - inf_gate         : 0.5
[2026-01-24 15:35:49,730] - [root] - [INFO] - pm               : HPM-1269
[2026-01-24 15:35:49,730] - [root] - [INFO] - mps              : False
[2026-01-24 15:35:49,730] - [root] - [INFO] - cuda             : True
[2026-01-24 15:35:49,730] - [root] - [INFO] - cuda_id          : 0
[2026-01-24 15:35:49,730] - [root] - [INFO] - sal_threshold    : 0.5
[2026-01-24 15:35:49,730] - [root] - [INFO] - up_threshold     : 0.5
[2026-01-24 15:35:49,730] - [root] - [INFO] - down_threshold   : 0.1
[2026-01-24 15:35:49,730] - [root] - [INFO] - dataset_path     : C:/Users/Intel User/Desktop/blackbird_scripts/data/human_disk_assessments
[2026-01-24 15:35:49,730] - [root] - [INFO] - img_folder       : 1-22-2026
[2026-01-24 15:35:49,730] - [root] - [INFO] - platform         : BlackBird
[2026-01-24 15:35:49,730] - [root] - [INFO] - threshold        : ['0.7']
[2026-01-24 15:35:49,730] - [root] - [INFO] - log              : ../../results/logs/random.log
[2026-01-24 15:35:49,730] - [root] - [INFO] - dpi              : 5
[2026-01-24 15:35:49,730] - [root] - [INFO] - group            : baseline
[2026-01-24 15:35:49,730] - [root] - [INFO] - trays            : ['5dpi']
[2026-01-24 15:35:49,730] - [root] - [INFO] - sal_gradcam      : False
[2026-01-24 15:35:49,731] - [root] - [INFO] - sal_gradient     : True
[2026-01-24 15:35:49,731] - [root] - [INFO] - sal_smoothgrad   : False
[2026-01-24 15:35:49,731] - [root] - [INFO] - sal_deeplift     : False
[2026-01-24 15:35:49,731] - [root] - [INFO] - sal_thresh_method : fixed
[2026-01-24 15:35:49,731] - [root] - [INFO] - sal_thresh_p     : 95.0
[2026-01-24 15:35:51,003] - [root] - [INFO] - -------------------------------------------
[2026-01-24 15:35:51,004] - [root] - [INFO] - Processing 1-22-2026 5dpi 005-W2021011-592_R2.png
[2026-01-24 15:36:07,668] - [root] - [INFO] - Finished loading mask: 0m 16s
[2026-01-24 15:36:20,873] - [root] - [INFO] - Finished crop and inference: 0m 29s
[2026-01-24 15:36:23,797] - [root] - [INFO] - Analysis finished: 0m 32s
[2026-01-24 15:36:23,797] - [root] - [INFO] - -------------------------------------------
[2026-01-24 15:36:23,797] - [root] - [INFO] - -------------------------------------------
[2026-01-24 15:36:23,797] - [root] - [INFO] - Processing 1-22-2026 5dpi 022-W2021009-198_R2.png
[2026-01-24 15:36:41,052] - [root] - [INFO] - Finished loading mask: 0m 17s
[2026-01-24 15:36:57,860] - [root] - [INFO] - Finished crop and inference: 0m 34s
[2026-01-24 15:37:00,662] - [root] - [INFO] - Analysis finished: 0m 36s
[2026-01-24 15:37:00,663] - [root] - [INFO] - -------------------------------------------
[2026-01-24 15:37:00,663] - [root] - [INFO] - -------------------------------------------
[2026-01-24 15:37:00,663] - [root] - [INFO] - Processing 1-22-2026 5dpi 047-W2021011-482_R1.png
[2026-01-24 15:37:18,588] - [root] - [INFO] - Finished loading mask: 0m 17s
[2026-01-24 15:37:37,962] - [root] - [INFO] - Finished crop and inference: 0m 37s
[2026-01-24 15:37:40,411] - [root] - [INFO] - Analysis finished: 0m 39s
[2026-01-24 15:37:40,411] - [root] - [INFO] - -------------------------------------------
[2026-01-24 15:37:40,411] - [root] - [INFO] - -------------------------------------------
[2026-01-24 15:37:40,412] - [root] - [INFO] - Processing 1-22-2026 5dpi 055-W2021010-397_R2.png
[2026-01-24 15:37:59,112] - [root] - [INFO] - Finished loading mask: 0m 18s
[2026-01-24 15:38:15,465] - [root] - [INFO] - Finished crop and inference: 0m 35s
[2026-01-24 15:38:17,808] - [root] - [INFO] - Analysis finished: 0m 37s
[2026-01-24 15:38:17,808] - [root] - [INFO] - -------------------------------------------
[2026-01-24 15:38:17,808] - [root] - [INFO] - -------------------------------------------
[2026-01-24 15:38:17,808] - [root] - [INFO] - Processing 1-22-2026 5dpi 121-W2021009-185_R1.png
[2026-01-24 15:38:36,956] - [root] - [INFO] - Finished loading mask: 0m 19s
[2026-01-24 15:38:49,270] - [root] - [INFO] - Finished crop and inference: 0m 31s
[2026-01-24 15:38:51,826] - [root] - [INFO] - Analysis finished: 0m 34s
[2026-01-24 15:38:51,826] - [root] - [INFO] - -------------------------------------------
[2026-01-24 15:38:51,826] - [root] - [INFO] - -------------------------------------------
[2026-01-24 15:38:51,826] - [root] - [INFO] - Processing 1-22-2026 5dpi 128-W2021006-013_R1.png
[2026-01-24 15:39:12,666] - [root] - [INFO] - Finished loading mask: 0m 20s
[2026-01-24 15:39:38,431] - [root] - [INFO] - Finished crop and inference: 0m 46s
[2026-01-24 15:39:40,719] - [root] - [INFO] - Analysis finished: 0m 48s
[2026-01-24 15:39:40,719] - [root] - [INFO] - -------------------------------------------
[2026-01-24 15:39:40,719] - [root] - [INFO] - -------------------------------------------
[2026-01-24 15:39:40,719] - [root] - [INFO] - Processing 1-22-2026 5dpi 149-W2021010-417_R1.png
[2026-01-24 15:40:00,481] - [root] - [INFO] - Finished loading mask: 0m 19s
[2026-01-24 15:40:14,548] - [root] - [INFO] - Finished crop and inference: 0m 33s
[2026-01-24 15:40:16,546] - [root] - [INFO] - Analysis finished: 0m 35s
[2026-01-24 15:40:16,546] - [root] - [INFO] - -------------------------------------------
[2026-01-24 15:40:16,546] - [root] - [INFO] - -------------------------------------------
[2026-01-24 15:40:16,546] - [root] - [INFO] - Processing 1-22-2026 5dpi 156-W2021009-276_R2.png
[2026-01-24 15:40:35,543] - [root] - [INFO] - Finished loading mask: 0m 18s
[2026-01-24 15:40:49,132] - [root] - [INFO] - Finished crop and inference: 0m 32s
[2026-01-24 15:40:51,178] - [root] - [INFO] - Analysis finished: 0m 34s
[2026-01-24 15:40:51,178] - [root] - [INFO] - -------------------------------------------
[2026-01-24 15:40:51,178] - [root] - [INFO] - -------------------------------------------
[2026-01-24 15:40:51,178] - [root] - [INFO] - Processing 1-22-2026 5dpi 172-W2021011-557_R2.png
[2026-01-24 15:41:10,465] - [root] - [INFO] - Finished loading mask: 0m 19s
[2026-01-24 15:41:24,043] - [root] - [INFO] - Finished crop and inference: 0m 32s
[2026-01-24 15:41:26,168] - [root] - [INFO] - Analysis finished: 0m 34s
[2026-01-24 15:41:26,168] - [root] - [INFO] - -------------------------------------------
[2026-01-24 15:41:26,168] - [root] - [INFO] - -------------------------------------------
[2026-01-24 15:41:26,168] - [root] - [INFO] - Processing 1-22-2026 5dpi 180-W2021011-476_R2.png
[2026-01-24 15:41:45,841] - [root] - [INFO] - Finished loading mask: 0m 19s
[2026-01-24 15:42:12,477] - [root] - [INFO] - Finished crop and inference: 0m 46s
[2026-01-24 15:42:14,591] - [root] - [INFO] - Analysis finished: 0m 48s
[2026-01-24 15:42:14,591] - [root] - [INFO] - -------------------------------------------
[2026-01-24 15:42:14,591] - [root] - [INFO] - -------------------------------------------
[2026-01-24 15:42:14,591] - [root] - [INFO] - Processing 1-22-2026 5dpi 183-W2021009-295_R1.png
[2026-01-24 15:42:33,319] - [root] - [INFO] - Finished loading mask: 0m 18s
[2026-01-24 15:42:44,794] - [root] - [INFO] - Finished crop and inference: 0m 30s
[2026-01-24 15:42:46,883] - [root] - [INFO] - Analysis finished: 0m 32s
[2026-01-24 15:42:46,883] - [root] - [INFO] - -------------------------------------------
[2026-01-24 15:42:46,883] - [root] - [INFO] - -------------------------------------------
[2026-01-24 15:42:46,883] - [root] - [INFO] - Processing 1-22-2026 5dpi 187-W2021010-348_R2.png
[2026-01-24 15:43:06,345] - [root] - [INFO] - Finished loading mask: 0m 19s
[2026-01-24 15:43:33,889] - [root] - [INFO] - Finished crop and inference: 0m 47s
[2026-01-24 15:43:36,035] - [root] - [INFO] - Analysis finished: 0m 49s
[2026-01-24 15:43:36,035] - [root] - [INFO] - -------------------------------------------
[2026-01-24 15:43:36,035] - [root] - [INFO] - -------------------------------------------
[2026-01-24 15:43:36,035] - [root] - [INFO] - Processing 1-22-2026 5dpi 206-W2021010-344_R1.png
[2026-01-24 15:43:55,436] - [root] - [INFO] - Finished loading mask: 0m 19s
[2026-01-24 15:44:06,978] - [root] - [INFO] - Finished crop and inference: 0m 30s
[2026-01-24 15:44:08,908] - [root] - [INFO] - Analysis finished: 0m 32s
[2026-01-24 15:44:08,908] - [root] - [INFO] - -------------------------------------------
[2026-01-24 15:44:08,908] - [root] - [INFO] - -------------------------------------------
[2026-01-24 15:44:08,908] - [root] - [INFO] - Processing 1-22-2026 5dpi 208-W2021009-268_R2.png
[2026-01-24 15:44:29,717] - [root] - [INFO] - Finished loading mask: 0m 20s
[2026-01-24 15:44:51,113] - [root] - [INFO] - Finished crop and inference: 0m 42s
[2026-01-24 15:44:53,200] - [root] - [INFO] - Analysis finished: 0m 44s
[2026-01-24 15:44:53,200] - [root] - [INFO] - -------------------------------------------
[2026-01-24 15:44:53,201] - [root] - [INFO] - -------------------------------------------
[2026-01-24 15:44:53,201] - [root] - [INFO] - Processing 1-22-2026 5dpi 254-W2021010-352_R2.png
[2026-01-24 15:45:12,863] - [root] - [INFO] - Finished loading mask: 0m 19s
[2026-01-24 15:45:22,709] - [root] - [INFO] - Finished crop and inference: 0m 29s
[2026-01-24 15:45:24,676] - [root] - [INFO] - Analysis finished: 0m 31s
[2026-01-24 15:45:24,676] - [root] - [INFO] - -------------------------------------------
[2026-01-24 15:45:24,695] - [root] - [INFO] - Saved C:\Users\Intel User\Desktop\blackbird_scripts\data\Results\ResNet_upth0.5_downth0.1_Jan22_10-21-00_2026\1-22-2026\th_0.7\severity_rate_tray_5dpi_u0.5_d0.1_ig0.5_sp0.7_20260124_154453.csv
             timestamp time_elapsed  ... severity_rate_patch Gradient_sr2
0  2026-01-24 15:35:51       0m 32s  ...                0.85         0.02

[1 rows x 26 columns]
             timestamp time_elapsed  ... severity_rate_patch Gradient_sr2
0  2026-01-24 15:35:51       0m 32s  ...                0.85         0.02
1  2026-01-24 15:36:23       0m 36s  ...               23.31         0.57

[2 rows x 26 columns]
             timestamp time_elapsed  ... severity_rate_patch Gradient_sr2
0  2026-01-24 15:35:51       0m 32s  ...                0.85         0.02
1  2026-01-24 15:36:23       0m 36s  ...               23.31         0.57
2  2026-01-24 15:37:00       0m 39s  ...               42.93         1.20

[3 rows x 26 columns]
             timestamp time_elapsed  ... severity_rate_patch Gradient_sr2
0  2026-01-24 15:35:51       0m 32s  ...                0.85         0.02
1  2026-01-24 15:36:23       0m 36s  ...               23.31         0.57
2  2026-01-24 15:37:00       0m 39s  ...               42.93         1.20
3  2026-01-24 15:37:40       0m 37s  ...               13.23         0.35

[4 rows x 26 columns]
             timestamp time_elapsed  ... severity_rate_patch Gradient_sr2
0  2026-01-24 15:35:51       0m 32s  ...                0.85         0.02
1  2026-01-24 15:36:23       0m 36s  ...               23.31         0.57
2  2026-01-24 15:37:00       0m 39s  ...               42.93         1.20
3  2026-01-24 15:37:40       0m 37s  ...               13.23         0.35
4  2026-01-24 15:38:17       0m 34s  ...               12.20         0.32

[5 rows x 26 columns]
             timestamp time_elapsed  ... severity_rate_patch Gradient_sr2
0  2026-01-24 15:35:51       0m 32s  ...                0.85         0.02
1  2026-01-24 15:36:23       0m 36s  ...               23.31         0.57
2  2026-01-24 15:37:00       0m 39s  ...               42.93         1.20
3  2026-01-24 15:37:40       0m 37s  ...               13.23         0.35
4  2026-01-24 15:38:17       0m 34s  ...               12.20         0.32
5  2026-01-24 15:38:51       0m 48s  ...               78.21         2.10

[6 rows x 26 columns]
             timestamp time_elapsed  ... severity_rate_patch Gradient_sr2
0  2026-01-24 15:35:51       0m 32s  ...                0.85         0.02
1  2026-01-24 15:36:23       0m 36s  ...               23.31         0.57
2  2026-01-24 15:37:00       0m 39s  ...               42.93         1.20
3  2026-01-24 15:37:40       0m 37s  ...               13.23         0.35
4  2026-01-24 15:38:17       0m 34s  ...               12.20         0.32
5  2026-01-24 15:38:51       0m 48s  ...               78.21         2.10
6  2026-01-24 15:39:40       0m 35s  ...               13.53         0.37

[7 rows x 26 columns]
             timestamp time_elapsed  ... severity_rate_patch Gradient_sr2
0  2026-01-24 15:35:51       0m 32s  ...                0.85         0.02
1  2026-01-24 15:36:23       0m 36s  ...               23.31         0.57
2  2026-01-24 15:37:00       0m 39s  ...               42.93         1.20
3  2026-01-24 15:37:40       0m 37s  ...               13.23         0.35
4  2026-01-24 15:38:17       0m 34s  ...               12.20         0.32
5  2026-01-24 15:38:51       0m 48s  ...               78.21         2.10
6  2026-01-24 15:39:40       0m 35s  ...               13.53         0.37
7  2026-01-24 15:40:16       0m 34s  ...                8.43         0.21

[8 rows x 26 columns]
             timestamp time_elapsed  ... severity_rate_patch Gradient_sr2
0  2026-01-24 15:35:51       0m 32s  ...                0.85         0.02
1  2026-01-24 15:36:23       0m 36s  ...               23.31         0.57
2  2026-01-24 15:37:00       0m 39s  ...               42.93         1.20
3  2026-01-24 15:37:40       0m 37s  ...               13.23         0.35
4  2026-01-24 15:38:17       0m 34s  ...               12.20         0.32
5  2026-01-24 15:38:51       0m 48s  ...               78.21         2.10
6  2026-01-24 15:39:40       0m 35s  ...               13.53         0.37
7  2026-01-24 15:40:16       0m 34s  ...                8.43         0.21
8  2026-01-24 15:40:51       0m 34s  ...                9.39         0.26

[9 rows x 26 columns]
             timestamp time_elapsed  ... severity_rate_patch Gradient_sr2
0  2026-01-24 15:35:51       0m 32s  ...                0.85         0.02
1  2026-01-24 15:36:23       0m 36s  ...               23.31         0.57
2  2026-01-24 15:37:00       0m 39s  ...               42.93         1.20
3  2026-01-24 15:37:40       0m 37s  ...               13.23         0.35
4  2026-01-24 15:38:17       0m 34s  ...               12.20         0.32
5  2026-01-24 15:38:51       0m 48s  ...               78.21         2.10
6  2026-01-24 15:39:40       0m 35s  ...               13.53         0.37
7  2026-01-24 15:40:16       0m 34s  ...                8.43         0.21
8  2026-01-24 15:40:51       0m 34s  ...                9.39         0.26
9  2026-01-24 15:41:26       0m 48s  ...               79.50         2.15

[10 rows x 26 columns]
              timestamp time_elapsed  ... severity_rate_patch Gradient_sr2
0   2026-01-24 15:35:51       0m 32s  ...                0.85         0.02
1   2026-01-24 15:36:23       0m 36s  ...               23.31         0.57
2   2026-01-24 15:37:00       0m 39s  ...               42.93         1.20
3   2026-01-24 15:37:40       0m 37s  ...               13.23         0.35
4   2026-01-24 15:38:17       0m 34s  ...               12.20         0.32
5   2026-01-24 15:38:51       0m 48s  ...               78.21         2.10
6   2026-01-24 15:39:40       0m 35s  ...               13.53         0.37
7   2026-01-24 15:40:16       0m 34s  ...                8.43         0.21
8   2026-01-24 15:40:51       0m 34s  ...                9.39         0.26
9   2026-01-24 15:41:26       0m 48s  ...               79.50         2.15
10  2026-01-24 15:42:14       0m 32s  ...                6.98         0.17

[11 rows x 26 columns]
              timestamp time_elapsed  ... severity_rate_patch Gradient_sr2
0   2026-01-24 15:35:51       0m 32s  ...                0.85         0.02
1   2026-01-24 15:36:23       0m 36s  ...               23.31         0.57
2   2026-01-24 15:37:00       0m 39s  ...               42.93         1.20
3   2026-01-24 15:37:40       0m 37s  ...               13.23         0.35
4   2026-01-24 15:38:17       0m 34s  ...               12.20         0.32
5   2026-01-24 15:38:51       0m 48s  ...               78.21         2.10
6   2026-01-24 15:39:40       0m 35s  ...               13.53         0.37
7   2026-01-24 15:40:16       0m 34s  ...                8.43         0.21
8   2026-01-24 15:40:51       0m 34s  ...                9.39         0.26
9   2026-01-24 15:41:26       0m 48s  ...               79.50         2.15
10  2026-01-24 15:42:14       0m 32s  ...                6.98         0.17
11  2026-01-24 15:42:46       0m 49s  ...               85.69         2.55

[12 rows x 26 columns]
              timestamp time_elapsed  ... severity_rate_patch Gradient_sr2
0   2026-01-24 15:35:51       0m 32s  ...                0.85         0.02
1   2026-01-24 15:36:23       0m 36s  ...               23.31         0.57
2   2026-01-24 15:37:00       0m 39s  ...               42.93         1.20
3   2026-01-24 15:37:40       0m 37s  ...               13.23         0.35
4   2026-01-24 15:38:17       0m 34s  ...               12.20         0.32
5   2026-01-24 15:38:51       0m 48s  ...               78.21         2.10
6   2026-01-24 15:39:40       0m 35s  ...               13.53         0.37
7   2026-01-24 15:40:16       0m 34s  ...                8.43         0.21
8   2026-01-24 15:40:51       0m 34s  ...                9.39         0.26
9   2026-01-24 15:41:26       0m 48s  ...               79.50         2.15
10  2026-01-24 15:42:14       0m 32s  ...                6.98         0.17
11  2026-01-24 15:42:46       0m 49s  ...               85.69         2.55
12  2026-01-24 15:43:36       0m 32s  ...                6.70         0.18

[13 rows x 26 columns]
              timestamp time_elapsed  ... severity_rate_patch Gradient_sr2
0   2026-01-24 15:35:51       0m 32s  ...                0.85         0.02
1   2026-01-24 15:36:23       0m 36s  ...               23.31         0.57
2   2026-01-24 15:37:00       0m 39s  ...               42.93         1.20
3   2026-01-24 15:37:40       0m 37s  ...               13.23         0.35
4   2026-01-24 15:38:17       0m 34s  ...               12.20         0.32
5   2026-01-24 15:38:51       0m 48s  ...               78.21         2.10
6   2026-01-24 15:39:40       0m 35s  ...               13.53         0.37
7   2026-01-24 15:40:16       0m 34s  ...                8.43         0.21
8   2026-01-24 15:40:51       0m 34s  ...                9.39         0.26
9   2026-01-24 15:41:26       0m 48s  ...               79.50         2.15
10  2026-01-24 15:42:14       0m 32s  ...                6.98         0.17
11  2026-01-24 15:42:46       0m 49s  ...               85.69         2.55
12  2026-01-24 15:43:36       0m 32s  ...                6.70         0.18
13  2026-01-24 15:44:08       0m 44s  ...               32.39         0.79

[14 rows x 26 columns]
              timestamp time_elapsed  ... severity_rate_patch Gradient_sr2
0   2026-01-24 15:35:51       0m 32s  ...                0.85         0.02
1   2026-01-24 15:36:23       0m 36s  ...               23.31         0.57
2   2026-01-24 15:37:00       0m 39s  ...               42.93         1.20
3   2026-01-24 15:37:40       0m 37s  ...               13.23         0.35
4   2026-01-24 15:38:17       0m 34s  ...               12.20         0.32
5   2026-01-24 15:38:51       0m 48s  ...               78.21         2.10
6   2026-01-24 15:39:40       0m 35s  ...               13.53         0.37
7   2026-01-24 15:40:16       0m 34s  ...                8.43         0.21
8   2026-01-24 15:40:51       0m 34s  ...                9.39         0.26
9   2026-01-24 15:41:26       0m 48s  ...               79.50         2.15
10  2026-01-24 15:42:14       0m 32s  ...                6.98         0.17
11  2026-01-24 15:42:46       0m 49s  ...               85.69         2.55
12  2026-01-24 15:43:36       0m 32s  ...                6.70         0.18
13  2026-01-24 15:44:08       0m 44s  ...               32.39         0.79
14  2026-01-24 15:44:53       0m 31s  ...                2.56         0.07

[15 rows x 26 columns]

real	9m42.087s
user	0m0.000s
sys	0m0.000s
