[2026-01-23 20:48:49,245] - [root] - [INFO] - leaf_correlation_mw.py
[2026-01-23 20:48:49,245] - [root] - [INFO] - model_type       : ResNet
[2026-01-23 20:48:49,245] - [root] - [INFO] - pretrained       : True
[2026-01-23 20:48:49,245] - [root] - [INFO] - loading_epoch    : 65
[2026-01-23 20:48:49,246] - [root] - [INFO] - timestamp        : Jan22_10-21-00_2026
[2026-01-23 20:48:49,246] - [root] - [INFO] - outdim           : 2
[2026-01-23 20:48:49,246] - [root] - [INFO] - dual_head        : True
[2026-01-23 20:48:49,246] - [root] - [INFO] - model_path       : ../..
[2026-01-23 20:48:49,246] - [root] - [INFO] - step_size        : 224
[2026-01-23 20:48:49,246] - [root] - [INFO] - means            : [0.541, 0.6371, 0.4188]
[2026-01-23 20:48:49,246] - [root] - [INFO] - stds             : [0.1764, 0.165, 0.2326]
[2026-01-23 20:48:49,246] - [root] - [INFO] - target_class     : 1
[2026-01-23 20:48:49,246] - [root] - [INFO] - contam_control   : False
[2026-01-23 20:48:49,246] - [root] - [INFO] - spor_th          : 0.7
[2026-01-23 20:48:49,246] - [root] - [INFO] - inf_gate         : 0.6
[2026-01-23 20:48:49,246] - [root] - [INFO] - pm               : HPM-1269
[2026-01-23 20:48:49,247] - [root] - [INFO] - mps              : False
[2026-01-23 20:48:49,247] - [root] - [INFO] - cuda             : True
[2026-01-23 20:48:49,247] - [root] - [INFO] - cuda_id          : 0
[2026-01-23 20:48:49,247] - [root] - [INFO] - sal_threshold    : 0.5
[2026-01-23 20:48:49,247] - [root] - [INFO] - up_threshold     : 0.8
[2026-01-23 20:48:49,247] - [root] - [INFO] - down_threshold   : 0.2
[2026-01-23 20:48:49,247] - [root] - [INFO] - dataset_path     : C:/Users/Intel User/Desktop/blackbird_scripts/data/human_disk_assessments
[2026-01-23 20:48:49,247] - [root] - [INFO] - img_folder       : 1-22-2026
[2026-01-23 20:48:49,247] - [root] - [INFO] - platform         : BlackBird
[2026-01-23 20:48:49,247] - [root] - [INFO] - threshold        : ['0.7']
[2026-01-23 20:48:49,247] - [root] - [INFO] - log              : ../../results/logs/random.log
[2026-01-23 20:48:49,247] - [root] - [INFO] - dpi              : 10
[2026-01-23 20:48:49,247] - [root] - [INFO] - group            : baseline
[2026-01-23 20:48:49,248] - [root] - [INFO] - trays            : ['10dpi']
[2026-01-23 20:48:49,248] - [root] - [INFO] - sal_gradcam      : False
[2026-01-23 20:48:49,248] - [root] - [INFO] - sal_gradient     : True
[2026-01-23 20:48:49,248] - [root] - [INFO] - sal_smoothgrad   : False
[2026-01-23 20:48:49,248] - [root] - [INFO] - sal_deeplift     : False
[2026-01-23 20:48:49,248] - [root] - [INFO] - sal_thresh_method : fixed
[2026-01-23 20:48:49,248] - [root] - [INFO] - sal_thresh_p     : 95.0
[2026-01-23 20:48:50,202] - [root] - [INFO] - -------------------------------------------
[2026-01-23 20:48:50,202] - [root] - [INFO] - Processing 1-22-2026 10dpi 013-W2021011-633_R2.png
[2026-01-23 20:49:10,706] - [root] - [INFO] - Finished loading mask: 0m 20s
[2026-01-23 20:49:24,625] - [root] - [INFO] - Finished crop and inference: 0m 34s
[2026-01-23 20:49:26,143] - [root] - [INFO] - Analysis finished: 0m 35s
[2026-01-23 20:49:26,143] - [root] - [INFO] - -------------------------------------------
[2026-01-23 20:49:26,143] - [root] - [INFO] - -------------------------------------------
[2026-01-23 20:49:26,143] - [root] - [INFO] - Processing 1-22-2026 10dpi 026-W2021010-346_R2.png
[2026-01-23 20:49:46,409] - [root] - [INFO] - Finished loading mask: 0m 20s
[2026-01-23 20:49:56,391] - [root] - [INFO] - Finished crop and inference: 0m 30s
[2026-01-23 20:49:58,033] - [root] - [INFO] - Analysis finished: 0m 31s
[2026-01-23 20:49:58,033] - [root] - [INFO] - -------------------------------------------
[2026-01-23 20:49:58,033] - [root] - [INFO] - -------------------------------------------
[2026-01-23 20:49:58,033] - [root] - [INFO] - Processing 1-22-2026 10dpi 042-W2021006-015_R1.png
[2026-01-23 20:50:18,868] - [root] - [INFO] - Finished loading mask: 0m 20s
[2026-01-23 20:50:31,266] - [root] - [INFO] - Finished crop and inference: 0m 33s
[2026-01-23 20:50:32,941] - [root] - [INFO] - Analysis finished: 0m 34s
[2026-01-23 20:50:32,941] - [root] - [INFO] - -------------------------------------------
[2026-01-23 20:50:32,941] - [root] - [INFO] - -------------------------------------------
[2026-01-23 20:50:32,941] - [root] - [INFO] - Processing 1-22-2026 10dpi 057-W2021011-504_R2.png
[2026-01-23 20:50:53,142] - [root] - [INFO] - Finished loading mask: 0m 20s
[2026-01-23 20:51:02,483] - [root] - [INFO] - Finished crop and inference: 0m 29s
[2026-01-23 20:51:04,219] - [root] - [INFO] - Analysis finished: 0m 31s
[2026-01-23 20:51:04,221] - [root] - [INFO] - -------------------------------------------
[2026-01-23 20:51:04,221] - [root] - [INFO] - -------------------------------------------
[2026-01-23 20:51:04,221] - [root] - [INFO] - Processing 1-22-2026 10dpi 069-W2021011-574_R1.png
[2026-01-23 20:51:24,526] - [root] - [INFO] - Finished loading mask: 0m 20s
[2026-01-23 20:51:36,036] - [root] - [INFO] - Finished crop and inference: 0m 31s
[2026-01-23 20:51:37,824] - [root] - [INFO] - Analysis finished: 0m 33s
[2026-01-23 20:51:37,824] - [root] - [INFO] - -------------------------------------------
[2026-01-23 20:51:37,824] - [root] - [INFO] - -------------------------------------------
[2026-01-23 20:51:37,824] - [root] - [INFO] - Processing 1-22-2026 10dpi 095-W2021009-283_R1.png
[2026-01-23 20:51:58,161] - [root] - [INFO] - Finished loading mask: 0m 20s
[2026-01-23 20:52:07,290] - [root] - [INFO] - Finished crop and inference: 0m 29s
[2026-01-23 20:52:09,080] - [root] - [INFO] - Analysis finished: 0m 31s
[2026-01-23 20:52:09,080] - [root] - [INFO] - -------------------------------------------
[2026-01-23 20:52:09,080] - [root] - [INFO] - -------------------------------------------
[2026-01-23 20:52:09,080] - [root] - [INFO] - Processing 1-22-2026 10dpi 103-W2021011-591_R2.png
[2026-01-23 20:52:29,391] - [root] - [INFO] - Finished loading mask: 0m 20s
[2026-01-23 20:52:45,115] - [root] - [INFO] - Finished crop and inference: 0m 36s
[2026-01-23 20:52:46,709] - [root] - [INFO] - Analysis finished: 0m 37s
[2026-01-23 20:52:46,709] - [root] - [INFO] - -------------------------------------------
[2026-01-23 20:52:46,709] - [root] - [INFO] - -------------------------------------------
[2026-01-23 20:52:46,709] - [root] - [INFO] - Processing 1-22-2026 10dpi 115-W2021011-638_R1.png
[2026-01-23 20:53:07,172] - [root] - [INFO] - Finished loading mask: 0m 20s
[2026-01-23 20:53:24,855] - [root] - [INFO] - Finished crop and inference: 0m 38s
[2026-01-23 20:53:26,643] - [root] - [INFO] - Analysis finished: 0m 39s
[2026-01-23 20:53:26,643] - [root] - [INFO] - -------------------------------------------
[2026-01-23 20:53:26,643] - [root] - [INFO] - -------------------------------------------
[2026-01-23 20:53:26,643] - [root] - [INFO] - Processing 1-22-2026 10dpi 124-W2021009-278_R1.png
[2026-01-23 20:53:46,975] - [root] - [INFO] - Finished loading mask: 0m 20s
[2026-01-23 20:54:01,092] - [root] - [INFO] - Finished crop and inference: 0m 34s
[2026-01-23 20:54:02,863] - [root] - [INFO] - Analysis finished: 0m 36s
[2026-01-23 20:54:02,863] - [root] - [INFO] - -------------------------------------------
[2026-01-23 20:54:02,863] - [root] - [INFO] - -------------------------------------------
[2026-01-23 20:54:02,863] - [root] - [INFO] - Processing 1-22-2026 10dpi 162-W2021011-551_R2.png
[2026-01-23 20:54:23,424] - [root] - [INFO] - Finished loading mask: 0m 20s
[2026-01-23 20:54:45,479] - [root] - [INFO] - Finished crop and inference: 0m 42s
[2026-01-23 20:54:47,189] - [root] - [INFO] - Analysis finished: 0m 44s
[2026-01-23 20:54:47,189] - [root] - [INFO] - -------------------------------------------
[2026-01-23 20:54:47,189] - [root] - [INFO] - -------------------------------------------
[2026-01-23 20:54:47,189] - [root] - [INFO] - Processing 1-22-2026 10dpi 172-W2021009-156_R2.png
[2026-01-23 20:55:07,461] - [root] - [INFO] - Finished loading mask: 0m 20s
[2026-01-23 20:55:15,638] - [root] - [INFO] - Finished crop and inference: 0m 28s
[2026-01-23 20:55:17,148] - [root] - [INFO] - Analysis finished: 0m 29s
[2026-01-23 20:55:17,148] - [root] - [INFO] - -------------------------------------------
[2026-01-23 20:55:17,148] - [root] - [INFO] - -------------------------------------------
[2026-01-23 20:55:17,148] - [root] - [INFO] - Processing 1-22-2026 10dpi 182-W2021009-251_R1.png
[2026-01-23 20:55:34,658] - [root] - [INFO] - Finished loading mask: 0m 17s
[2026-01-23 20:55:44,955] - [root] - [INFO] - Finished crop and inference: 0m 27s
[2026-01-23 20:55:46,541] - [root] - [INFO] - Analysis finished: 0m 29s
[2026-01-23 20:55:46,542] - [root] - [INFO] - -------------------------------------------
[2026-01-23 20:55:46,542] - [root] - [INFO] - -------------------------------------------
[2026-01-23 20:55:46,542] - [root] - [INFO] - Processing 1-22-2026 10dpi 194-W2021010-339_R2.png
[2026-01-23 20:56:04,021] - [root] - [INFO] - Finished loading mask: 0m 17s
[2026-01-23 20:56:13,223] - [root] - [INFO] - Finished crop and inference: 0m 26s
[2026-01-23 20:56:14,888] - [root] - [INFO] - Analysis finished: 0m 28s
[2026-01-23 20:56:14,888] - [root] - [INFO] - -------------------------------------------
[2026-01-23 20:56:14,888] - [root] - [INFO] - -------------------------------------------
[2026-01-23 20:56:14,888] - [root] - [INFO] - Processing 1-22-2026 10dpi 215-W2021006-045_R1.png
[2026-01-23 20:56:30,962] - [root] - [INFO] - Finished loading mask: 0m 16s
[2026-01-23 20:56:50,248] - [root] - [INFO] - Finished crop and inference: 0m 35s
[2026-01-23 20:56:51,855] - [root] - [INFO] - Analysis finished: 0m 36s
[2026-01-23 20:56:51,856] - [root] - [INFO] - -------------------------------------------
[2026-01-23 20:56:51,856] - [root] - [INFO] - -------------------------------------------
[2026-01-23 20:56:51,856] - [root] - [INFO] - Processing 1-22-2026 10dpi 262-W2021009-187_R2.png
[2026-01-23 20:57:07,773] - [root] - [INFO] - Finished loading mask: 0m 15s
[2026-01-23 20:57:26,804] - [root] - [INFO] - Finished crop and inference: 0m 34s
[2026-01-23 20:57:28,381] - [root] - [INFO] - Analysis finished: 0m 36s
[2026-01-23 20:57:28,381] - [root] - [INFO] - -------------------------------------------
[2026-01-23 20:57:28,386] - [root] - [INFO] - Saved C:\Users\Intel User\Desktop\blackbird_scripts\data\Results\ResNet_upth0.8_downth0.2_Jan22_10-21-00_2026\1-22-2026\th_0.7\severity_rate_tray_10dpi_u0.8_d0.2_ig0.6_sp0.7.csv
             timestamp time_elapsed  ... severity_rate_patch Gradient_sr2
0  2026-01-23 20:48:50       0m 35s  ...               30.36         0.84

[1 rows x 24 columns]
             timestamp time_elapsed  ... severity_rate_patch Gradient_sr2
0  2026-01-23 20:48:50       0m 35s  ...               30.36         0.84
1  2026-01-23 20:49:26       0m 31s  ...                0.28         0.01

[2 rows x 24 columns]
             timestamp time_elapsed  ... severity_rate_patch Gradient_sr2
0  2026-01-23 20:48:50       0m 35s  ...               30.36         0.84
1  2026-01-23 20:49:26       0m 31s  ...                0.28         0.01
2  2026-01-23 20:49:58       0m 34s  ...               23.92         0.62

[3 rows x 24 columns]
             timestamp time_elapsed  ... severity_rate_patch Gradient_sr2
0  2026-01-23 20:48:50       0m 35s  ...               30.36         0.84
1  2026-01-23 20:49:26       0m 31s  ...                0.28         0.01
2  2026-01-23 20:49:58       0m 34s  ...               23.92         0.62
3  2026-01-23 20:50:32       0m 31s  ...                2.54         0.07

[4 rows x 24 columns]
             timestamp time_elapsed  ... severity_rate_patch Gradient_sr2
0  2026-01-23 20:48:50       0m 35s  ...               30.36         0.84
1  2026-01-23 20:49:26       0m 31s  ...                0.28         0.01
2  2026-01-23 20:49:58       0m 34s  ...               23.92         0.62
3  2026-01-23 20:50:32       0m 31s  ...                2.54         0.07
4  2026-01-23 20:51:04       0m 33s  ...               13.97         0.41

[5 rows x 24 columns]
             timestamp time_elapsed  ... severity_rate_patch Gradient_sr2
0  2026-01-23 20:48:50       0m 35s  ...               30.36         0.84
1  2026-01-23 20:49:26       0m 31s  ...                0.28         0.01
2  2026-01-23 20:49:58       0m 34s  ...               23.92         0.62
3  2026-01-23 20:50:32       0m 31s  ...                2.54         0.07
4  2026-01-23 20:51:04       0m 33s  ...               13.97         0.41
5  2026-01-23 20:51:37       0m 31s  ...                6.41         0.15

[6 rows x 24 columns]
             timestamp time_elapsed  ... severity_rate_patch Gradient_sr2
0  2026-01-23 20:48:50       0m 35s  ...               30.36         0.84
1  2026-01-23 20:49:26       0m 31s  ...                0.28         0.01
2  2026-01-23 20:49:58       0m 34s  ...               23.92         0.62
3  2026-01-23 20:50:32       0m 31s  ...                2.54         0.07
4  2026-01-23 20:51:04       0m 33s  ...               13.97         0.41
5  2026-01-23 20:51:37       0m 31s  ...                6.41         0.15
6  2026-01-23 20:52:09       0m 37s  ...               50.47         1.45

[7 rows x 24 columns]
             timestamp time_elapsed  ... severity_rate_patch Gradient_sr2
0  2026-01-23 20:48:50       0m 35s  ...               30.36         0.84
1  2026-01-23 20:49:26       0m 31s  ...                0.28         0.01
2  2026-01-23 20:49:58       0m 34s  ...               23.92         0.62
3  2026-01-23 20:50:32       0m 31s  ...                2.54         0.07
4  2026-01-23 20:51:04       0m 33s  ...               13.97         0.41
5  2026-01-23 20:51:37       0m 31s  ...                6.41         0.15
6  2026-01-23 20:52:09       0m 37s  ...               50.47         1.45
7  2026-01-23 20:52:46       0m 39s  ...               56.84         1.52

[8 rows x 24 columns]
             timestamp time_elapsed  ... severity_rate_patch Gradient_sr2
0  2026-01-23 20:48:50       0m 35s  ...               30.36         0.84
1  2026-01-23 20:49:26       0m 31s  ...                0.28         0.01
2  2026-01-23 20:49:58       0m 34s  ...               23.92         0.62
3  2026-01-23 20:50:32       0m 31s  ...                2.54         0.07
4  2026-01-23 20:51:04       0m 33s  ...               13.97         0.41
5  2026-01-23 20:51:37       0m 31s  ...                6.41         0.15
6  2026-01-23 20:52:09       0m 37s  ...               50.47         1.45
7  2026-01-23 20:52:46       0m 39s  ...               56.84         1.52
8  2026-01-23 20:53:26       0m 36s  ...               45.08         1.26

[9 rows x 24 columns]
             timestamp time_elapsed  ... severity_rate_patch Gradient_sr2
0  2026-01-23 20:48:50       0m 35s  ...               30.36         0.84
1  2026-01-23 20:49:26       0m 31s  ...                0.28         0.01
2  2026-01-23 20:49:58       0m 34s  ...               23.92         0.62
3  2026-01-23 20:50:32       0m 31s  ...                2.54         0.07
4  2026-01-23 20:51:04       0m 33s  ...               13.97         0.41
5  2026-01-23 20:51:37       0m 31s  ...                6.41         0.15
6  2026-01-23 20:52:09       0m 37s  ...               50.47         1.45
7  2026-01-23 20:52:46       0m 39s  ...               56.84         1.52
8  2026-01-23 20:53:26       0m 36s  ...               45.08         1.26
9  2026-01-23 20:54:02       0m 44s  ...               83.41         2.34

[10 rows x 24 columns]
              timestamp time_elapsed  ... severity_rate_patch Gradient_sr2
0   2026-01-23 20:48:50       0m 35s  ...               30.36         0.84
1   2026-01-23 20:49:26       0m 31s  ...                0.28         0.01
2   2026-01-23 20:49:58       0m 34s  ...               23.92         0.62
3   2026-01-23 20:50:32       0m 31s  ...                2.54         0.07
4   2026-01-23 20:51:04       0m 33s  ...               13.97         0.41
5   2026-01-23 20:51:37       0m 31s  ...                6.41         0.15
6   2026-01-23 20:52:09       0m 37s  ...               50.47         1.45
7   2026-01-23 20:52:46       0m 39s  ...               56.84         1.52
8   2026-01-23 20:53:26       0m 36s  ...               45.08         1.26
9   2026-01-23 20:54:02       0m 44s  ...               83.41         2.34
10  2026-01-23 20:54:47       0m 29s  ...                6.61         0.17

[11 rows x 24 columns]
              timestamp time_elapsed  ... severity_rate_patch Gradient_sr2
0   2026-01-23 20:48:50       0m 35s  ...               30.36         0.84
1   2026-01-23 20:49:26       0m 31s  ...                0.28         0.01
2   2026-01-23 20:49:58       0m 34s  ...               23.92         0.62
3   2026-01-23 20:50:32       0m 31s  ...                2.54         0.07
4   2026-01-23 20:51:04       0m 33s  ...               13.97         0.41
5   2026-01-23 20:51:37       0m 31s  ...                6.41         0.15
6   2026-01-23 20:52:09       0m 37s  ...               50.47         1.45
7   2026-01-23 20:52:46       0m 39s  ...               56.84         1.52
8   2026-01-23 20:53:26       0m 36s  ...               45.08         1.26
9   2026-01-23 20:54:02       0m 44s  ...               83.41         2.34
10  2026-01-23 20:54:47       0m 29s  ...                6.61         0.17
11  2026-01-23 20:55:17       0m 29s  ...                6.20         0.17

[12 rows x 24 columns]
              timestamp time_elapsed  ... severity_rate_patch Gradient_sr2
0   2026-01-23 20:48:50       0m 35s  ...               30.36         0.84
1   2026-01-23 20:49:26       0m 31s  ...                0.28         0.01
2   2026-01-23 20:49:58       0m 34s  ...               23.92         0.62
3   2026-01-23 20:50:32       0m 31s  ...                2.54         0.07
4   2026-01-23 20:51:04       0m 33s  ...               13.97         0.41
5   2026-01-23 20:51:37       0m 31s  ...                6.41         0.15
6   2026-01-23 20:52:09       0m 37s  ...               50.47         1.45
7   2026-01-23 20:52:46       0m 39s  ...               56.84         1.52
8   2026-01-23 20:53:26       0m 36s  ...               45.08         1.26
9   2026-01-23 20:54:02       0m 44s  ...               83.41         2.34
10  2026-01-23 20:54:47       0m 29s  ...                6.61         0.17
11  2026-01-23 20:55:17       0m 29s  ...                6.20         0.17
12  2026-01-23 20:55:46       0m 28s  ...                4.46         0.11

[13 rows x 24 columns]
              timestamp time_elapsed  ... severity_rate_patch Gradient_sr2
0   2026-01-23 20:48:50       0m 35s  ...               30.36         0.84
1   2026-01-23 20:49:26       0m 31s  ...                0.28         0.01
2   2026-01-23 20:49:58       0m 34s  ...               23.92         0.62
3   2026-01-23 20:50:32       0m 31s  ...                2.54         0.07
4   2026-01-23 20:51:04       0m 33s  ...               13.97         0.41
5   2026-01-23 20:51:37       0m 31s  ...                6.41         0.15
6   2026-01-23 20:52:09       0m 37s  ...               50.47         1.45
7   2026-01-23 20:52:46       0m 39s  ...               56.84         1.52
8   2026-01-23 20:53:26       0m 36s  ...               45.08         1.26
9   2026-01-23 20:54:02       0m 44s  ...               83.41         2.34
10  2026-01-23 20:54:47       0m 29s  ...                6.61         0.17
11  2026-01-23 20:55:17       0m 29s  ...                6.20         0.17
12  2026-01-23 20:55:46       0m 28s  ...                4.46         0.11
13  2026-01-23 20:56:14       0m 36s  ...               77.76         2.25

[14 rows x 24 columns]
              timestamp time_elapsed  ... severity_rate_patch Gradient_sr2
0   2026-01-23 20:48:50       0m 35s  ...               30.36         0.84
1   2026-01-23 20:49:26       0m 31s  ...                0.28         0.01
2   2026-01-23 20:49:58       0m 34s  ...               23.92         0.62
3   2026-01-23 20:50:32       0m 31s  ...                2.54         0.07
4   2026-01-23 20:51:04       0m 33s  ...               13.97         0.41
5   2026-01-23 20:51:37       0m 31s  ...                6.41         0.15
6   2026-01-23 20:52:09       0m 37s  ...               50.47         1.45
7   2026-01-23 20:52:46       0m 39s  ...               56.84         1.52
8   2026-01-23 20:53:26       0m 36s  ...               45.08         1.26
9   2026-01-23 20:54:02       0m 44s  ...               83.41         2.34
10  2026-01-23 20:54:47       0m 29s  ...                6.61         0.17
11  2026-01-23 20:55:17       0m 29s  ...                6.20         0.17
12  2026-01-23 20:55:46       0m 28s  ...                4.46         0.11
13  2026-01-23 20:56:14       0m 36s  ...               77.76         2.25
14  2026-01-23 20:56:51       0m 36s  ...               79.78         2.33

[15 rows x 24 columns]

real	8m45.172s
user	0m0.000s
sys	0m0.000s
