[2026-01-24 15:54:55,513] - [root] - [INFO] - leaf_correlation_mw.py
[2026-01-24 15:54:55,513] - [root] - [INFO] - model_type       : ResNet
[2026-01-24 15:54:55,513] - [root] - [INFO] - pretrained       : True
[2026-01-24 15:54:55,513] - [root] - [INFO] - loading_epoch    : 65
[2026-01-24 15:54:55,513] - [root] - [INFO] - timestamp        : Jan22_10-21-00_2026
[2026-01-24 15:54:55,513] - [root] - [INFO] - outdim           : 2
[2026-01-24 15:54:55,513] - [root] - [INFO] - dual_head        : True
[2026-01-24 15:54:55,514] - [root] - [INFO] - model_path       : ../..
[2026-01-24 15:54:55,514] - [root] - [INFO] - step_size        : 224
[2026-01-24 15:54:55,514] - [root] - [INFO] - means            : [0.541, 0.6371, 0.4188]
[2026-01-24 15:54:55,514] - [root] - [INFO] - stds             : [0.1764, 0.165, 0.2326]
[2026-01-24 15:54:55,514] - [root] - [INFO] - target_class     : 1
[2026-01-24 15:54:55,514] - [root] - [INFO] - contam_control   : False
[2026-01-24 15:54:55,514] - [root] - [INFO] - spor_th          : 0.7
[2026-01-24 15:54:55,514] - [root] - [INFO] - inf_gate         : 0.3
[2026-01-24 15:54:55,514] - [root] - [INFO] - pm               : HPM-1269
[2026-01-24 15:54:55,514] - [root] - [INFO] - mps              : False
[2026-01-24 15:54:55,514] - [root] - [INFO] - cuda             : True
[2026-01-24 15:54:55,514] - [root] - [INFO] - cuda_id          : 0
[2026-01-24 15:54:55,514] - [root] - [INFO] - sal_threshold    : 0.5
[2026-01-24 15:54:55,514] - [root] - [INFO] - up_threshold     : 0.5
[2026-01-24 15:54:55,515] - [root] - [INFO] - down_threshold   : 0.3
[2026-01-24 15:54:55,515] - [root] - [INFO] - dataset_path     : C:/Users/Intel User/Desktop/blackbird_scripts/data/human_disk_assessments
[2026-01-24 15:54:55,515] - [root] - [INFO] - img_folder       : 1-22-2026
[2026-01-24 15:54:55,515] - [root] - [INFO] - platform         : BlackBird
[2026-01-24 15:54:55,515] - [root] - [INFO] - threshold        : ['0.7']
[2026-01-24 15:54:55,515] - [root] - [INFO] - log              : ../../results/logs/random.log
[2026-01-24 15:54:55,515] - [root] - [INFO] - dpi              : 5
[2026-01-24 15:54:55,515] - [root] - [INFO] - group            : baseline
[2026-01-24 15:54:55,515] - [root] - [INFO] - trays            : ['5dpi']
[2026-01-24 15:54:55,515] - [root] - [INFO] - sal_gradcam      : False
[2026-01-24 15:54:55,515] - [root] - [INFO] - sal_gradient     : True
[2026-01-24 15:54:55,515] - [root] - [INFO] - sal_smoothgrad   : False
[2026-01-24 15:54:55,515] - [root] - [INFO] - sal_deeplift     : False
[2026-01-24 15:54:55,515] - [root] - [INFO] - sal_thresh_method : fixed
[2026-01-24 15:54:55,515] - [root] - [INFO] - sal_thresh_p     : 95.0
[2026-01-24 15:54:56,788] - [root] - [INFO] - -------------------------------------------
[2026-01-24 15:54:56,788] - [root] - [INFO] - Processing 1-22-2026 5dpi 005-W2021011-592_R2.png
[2026-01-24 15:55:19,625] - [root] - [INFO] - Finished loading mask: 0m 22s
[2026-01-24 15:55:30,067] - [root] - [INFO] - Finished crop and inference: 0m 33s
[2026-01-24 15:55:31,619] - [root] - [INFO] - Analysis finished: 0m 34s
[2026-01-24 15:55:31,619] - [root] - [INFO] - -------------------------------------------
[2026-01-24 15:55:31,619] - [root] - [INFO] - -------------------------------------------
[2026-01-24 15:55:31,619] - [root] - [INFO] - Processing 1-22-2026 5dpi 022-W2021009-198_R2.png
[2026-01-24 15:55:53,630] - [root] - [INFO] - Finished loading mask: 0m 22s
[2026-01-24 15:56:08,795] - [root] - [INFO] - Finished crop and inference: 0m 37s
[2026-01-24 15:56:10,840] - [root] - [INFO] - Analysis finished: 0m 39s
[2026-01-24 15:56:10,840] - [root] - [INFO] - -------------------------------------------
[2026-01-24 15:56:10,840] - [root] - [INFO] - -------------------------------------------
[2026-01-24 15:56:10,840] - [root] - [INFO] - Processing 1-22-2026 5dpi 047-W2021011-482_R1.png
[2026-01-24 15:56:32,987] - [root] - [INFO] - Finished loading mask: 0m 22s
[2026-01-24 15:56:49,731] - [root] - [INFO] - Finished crop and inference: 0m 38s
[2026-01-24 15:56:51,591] - [root] - [INFO] - Analysis finished: 0m 40s
[2026-01-24 15:56:51,591] - [root] - [INFO] - -------------------------------------------
[2026-01-24 15:56:51,591] - [root] - [INFO] - -------------------------------------------
[2026-01-24 15:56:51,591] - [root] - [INFO] - Processing 1-22-2026 5dpi 055-W2021010-397_R2.png
[2026-01-24 15:57:13,906] - [root] - [INFO] - Finished loading mask: 0m 22s
[2026-01-24 15:57:26,913] - [root] - [INFO] - Finished crop and inference: 0m 35s
[2026-01-24 15:57:29,042] - [root] - [INFO] - Analysis finished: 0m 37s
[2026-01-24 15:57:29,042] - [root] - [INFO] - -------------------------------------------
[2026-01-24 15:57:29,042] - [root] - [INFO] - -------------------------------------------
[2026-01-24 15:57:29,042] - [root] - [INFO] - Processing 1-22-2026 5dpi 121-W2021009-185_R1.png
[2026-01-24 15:57:51,481] - [root] - [INFO] - Finished loading mask: 0m 22s
[2026-01-24 15:58:02,936] - [root] - [INFO] - Finished crop and inference: 0m 33s
[2026-01-24 15:58:04,657] - [root] - [INFO] - Analysis finished: 0m 35s
[2026-01-24 15:58:04,657] - [root] - [INFO] - -------------------------------------------
[2026-01-24 15:58:04,657] - [root] - [INFO] - -------------------------------------------
[2026-01-24 15:58:04,658] - [root] - [INFO] - Processing 1-22-2026 5dpi 128-W2021006-013_R1.png
[2026-01-24 15:58:26,800] - [root] - [INFO] - Finished loading mask: 0m 22s
[2026-01-24 15:58:48,557] - [root] - [INFO] - Finished crop and inference: 0m 43s
[2026-01-24 15:58:50,353] - [root] - [INFO] - Analysis finished: 0m 45s
[2026-01-24 15:58:50,353] - [root] - [INFO] - -------------------------------------------
[2026-01-24 15:58:50,354] - [root] - [INFO] - -------------------------------------------
[2026-01-24 15:58:50,354] - [root] - [INFO] - Processing 1-22-2026 5dpi 149-W2021010-417_R1.png
[2026-01-24 15:59:13,205] - [root] - [INFO] - Finished loading mask: 0m 22s
[2026-01-24 15:59:26,231] - [root] - [INFO] - Finished crop and inference: 0m 35s
[2026-01-24 15:59:28,053] - [root] - [INFO] - Analysis finished: 0m 37s
[2026-01-24 15:59:28,053] - [root] - [INFO] - -------------------------------------------
[2026-01-24 15:59:28,053] - [root] - [INFO] - -------------------------------------------
[2026-01-24 15:59:28,053] - [root] - [INFO] - Processing 1-22-2026 5dpi 156-W2021009-276_R2.png
[2026-01-24 15:59:50,050] - [root] - [INFO] - Finished loading mask: 0m 21s
[2026-01-24 16:00:02,984] - [root] - [INFO] - Finished crop and inference: 0m 34s
[2026-01-24 16:00:04,945] - [root] - [INFO] - Analysis finished: 0m 36s
[2026-01-24 16:00:04,945] - [root] - [INFO] - -------------------------------------------
[2026-01-24 16:00:04,945] - [root] - [INFO] - -------------------------------------------
[2026-01-24 16:00:04,945] - [root] - [INFO] - Processing 1-22-2026 5dpi 172-W2021011-557_R2.png
[2026-01-24 16:00:27,241] - [root] - [INFO] - Finished loading mask: 0m 22s
[2026-01-24 16:00:40,551] - [root] - [INFO] - Finished crop and inference: 0m 35s
[2026-01-24 16:00:42,423] - [root] - [INFO] - Analysis finished: 0m 37s
[2026-01-24 16:00:42,424] - [root] - [INFO] - -------------------------------------------
[2026-01-24 16:00:42,424] - [root] - [INFO] - -------------------------------------------
[2026-01-24 16:00:42,424] - [root] - [INFO] - Processing 1-22-2026 5dpi 180-W2021011-476_R2.png
[2026-01-24 16:01:04,728] - [root] - [INFO] - Finished loading mask: 0m 22s
[2026-01-24 16:01:26,887] - [root] - [INFO] - Finished crop and inference: 0m 44s
[2026-01-24 16:01:28,748] - [root] - [INFO] - Analysis finished: 0m 46s
[2026-01-24 16:01:28,748] - [root] - [INFO] - -------------------------------------------
[2026-01-24 16:01:28,748] - [root] - [INFO] - -------------------------------------------
[2026-01-24 16:01:28,748] - [root] - [INFO] - Processing 1-22-2026 5dpi 183-W2021009-295_R1.png
[2026-01-24 16:01:50,817] - [root] - [INFO] - Finished loading mask: 0m 22s
[2026-01-24 16:02:01,654] - [root] - [INFO] - Finished crop and inference: 0m 32s
[2026-01-24 16:02:03,517] - [root] - [INFO] - Analysis finished: 0m 34s
[2026-01-24 16:02:03,517] - [root] - [INFO] - -------------------------------------------
[2026-01-24 16:02:03,517] - [root] - [INFO] - -------------------------------------------
[2026-01-24 16:02:03,517] - [root] - [INFO] - Processing 1-22-2026 5dpi 187-W2021010-348_R2.png
[2026-01-24 16:02:25,485] - [root] - [INFO] - Finished loading mask: 0m 21s
[2026-01-24 16:02:47,500] - [root] - [INFO] - Finished crop and inference: 0m 43s
[2026-01-24 16:02:49,172] - [root] - [INFO] - Analysis finished: 0m 45s
[2026-01-24 16:02:49,173] - [root] - [INFO] - -------------------------------------------
[2026-01-24 16:02:49,173] - [root] - [INFO] - -------------------------------------------
[2026-01-24 16:02:49,173] - [root] - [INFO] - Processing 1-22-2026 5dpi 206-W2021010-344_R1.png
[2026-01-24 16:03:11,818] - [root] - [INFO] - Finished loading mask: 0m 22s
[2026-01-24 16:03:23,285] - [root] - [INFO] - Finished crop and inference: 0m 34s
[2026-01-24 16:03:25,169] - [root] - [INFO] - Analysis finished: 0m 35s
[2026-01-24 16:03:25,169] - [root] - [INFO] - -------------------------------------------
[2026-01-24 16:03:25,169] - [root] - [INFO] - -------------------------------------------
[2026-01-24 16:03:25,169] - [root] - [INFO] - Processing 1-22-2026 5dpi 208-W2021009-268_R2.png
[2026-01-24 16:03:47,154] - [root] - [INFO] - Finished loading mask: 0m 21s
[2026-01-24 16:04:02,722] - [root] - [INFO] - Finished crop and inference: 0m 37s
[2026-01-24 16:04:04,469] - [root] - [INFO] - Analysis finished: 0m 39s
[2026-01-24 16:04:04,469] - [root] - [INFO] - -------------------------------------------
[2026-01-24 16:04:04,469] - [root] - [INFO] - -------------------------------------------
[2026-01-24 16:04:04,469] - [root] - [INFO] - Processing 1-22-2026 5dpi 254-W2021010-352_R2.png
[2026-01-24 16:04:26,353] - [root] - [INFO] - Finished loading mask: 0m 21s
[2026-01-24 16:04:34,908] - [root] - [INFO] - Finished crop and inference: 0m 30s
[2026-01-24 16:04:36,730] - [root] - [INFO] - Analysis finished: 0m 32s
[2026-01-24 16:04:36,730] - [root] - [INFO] - -------------------------------------------
[2026-01-24 16:04:36,752] - [root] - [INFO] - Saved C:\Users\Intel User\Desktop\blackbird_scripts\data\Results\ResNet_upth0.5_downth0.3_Jan22_10-21-00_2026\1-22-2026\th_0.7\severity_rate_tray_5dpi_u0.5_d0.3_ig0.3_sp0.7_20260124_160404.csv
             timestamp time_elapsed  ... severity_rate_patch Gradient_sr2
0  2026-01-24 15:54:56       0m 34s  ...                0.84         0.02

[1 rows x 26 columns]
             timestamp time_elapsed  ... severity_rate_patch Gradient_sr2
0  2026-01-24 15:54:56       0m 34s  ...                0.84         0.02
1  2026-01-24 15:55:31       0m 39s  ...               20.60         0.57

[2 rows x 26 columns]
             timestamp time_elapsed  ... severity_rate_patch Gradient_sr2
0  2026-01-24 15:54:56       0m 34s  ...                0.84         0.02
1  2026-01-24 15:55:31       0m 39s  ...               20.60         0.57
2  2026-01-24 15:56:10       0m 40s  ...               39.97         1.20

[3 rows x 26 columns]
             timestamp time_elapsed  ... severity_rate_patch Gradient_sr2
0  2026-01-24 15:54:56       0m 34s  ...                0.84         0.02
1  2026-01-24 15:55:31       0m 39s  ...               20.60         0.57
2  2026-01-24 15:56:10       0m 40s  ...               39.97         1.20
3  2026-01-24 15:56:51       0m 37s  ...               12.56         0.35

[4 rows x 26 columns]
             timestamp time_elapsed  ... severity_rate_patch Gradient_sr2
0  2026-01-24 15:54:56       0m 34s  ...                0.84         0.02
1  2026-01-24 15:55:31       0m 39s  ...               20.60         0.57
2  2026-01-24 15:56:10       0m 40s  ...               39.97         1.20
3  2026-01-24 15:56:51       0m 37s  ...               12.56         0.35
4  2026-01-24 15:57:29       0m 35s  ...               11.82         0.32

[5 rows x 26 columns]
             timestamp time_elapsed  ... severity_rate_patch Gradient_sr2
0  2026-01-24 15:54:56       0m 34s  ...                0.84         0.02
1  2026-01-24 15:55:31       0m 39s  ...               20.60         0.57
2  2026-01-24 15:56:10       0m 40s  ...               39.97         1.20
3  2026-01-24 15:56:51       0m 37s  ...               12.56         0.35
4  2026-01-24 15:57:29       0m 35s  ...               11.82         0.32
5  2026-01-24 15:58:04       0m 45s  ...               74.68         2.10

[6 rows x 26 columns]
             timestamp time_elapsed  ... severity_rate_patch Gradient_sr2
0  2026-01-24 15:54:56       0m 34s  ...                0.84         0.02
1  2026-01-24 15:55:31       0m 39s  ...               20.60         0.57
2  2026-01-24 15:56:10       0m 40s  ...               39.97         1.20
3  2026-01-24 15:56:51       0m 37s  ...               12.56         0.35
4  2026-01-24 15:57:29       0m 35s  ...               11.82         0.32
5  2026-01-24 15:58:04       0m 45s  ...               74.68         2.10
6  2026-01-24 15:58:50       0m 37s  ...               12.95         0.37

[7 rows x 26 columns]
             timestamp time_elapsed  ... severity_rate_patch Gradient_sr2
0  2026-01-24 15:54:56       0m 34s  ...                0.84         0.02
1  2026-01-24 15:55:31       0m 39s  ...               20.60         0.57
2  2026-01-24 15:56:10       0m 40s  ...               39.97         1.20
3  2026-01-24 15:56:51       0m 37s  ...               12.56         0.35
4  2026-01-24 15:57:29       0m 35s  ...               11.82         0.32
5  2026-01-24 15:58:04       0m 45s  ...               74.68         2.10
6  2026-01-24 15:58:50       0m 37s  ...               12.95         0.37
7  2026-01-24 15:59:28       0m 36s  ...                8.12         0.21

[8 rows x 26 columns]
             timestamp time_elapsed  ... severity_rate_patch Gradient_sr2
0  2026-01-24 15:54:56       0m 34s  ...                0.84         0.02
1  2026-01-24 15:55:31       0m 39s  ...               20.60         0.57
2  2026-01-24 15:56:10       0m 40s  ...               39.97         1.20
3  2026-01-24 15:56:51       0m 37s  ...               12.56         0.35
4  2026-01-24 15:57:29       0m 35s  ...               11.82         0.32
5  2026-01-24 15:58:04       0m 45s  ...               74.68         2.10
6  2026-01-24 15:58:50       0m 37s  ...               12.95         0.37
7  2026-01-24 15:59:28       0m 36s  ...                8.12         0.21
8  2026-01-24 16:00:04       0m 37s  ...                9.14         0.26

[9 rows x 26 columns]
             timestamp time_elapsed  ... severity_rate_patch Gradient_sr2
0  2026-01-24 15:54:56       0m 34s  ...                0.84         0.02
1  2026-01-24 15:55:31       0m 39s  ...               20.60         0.57
2  2026-01-24 15:56:10       0m 40s  ...               39.97         1.20
3  2026-01-24 15:56:51       0m 37s  ...               12.56         0.35
4  2026-01-24 15:57:29       0m 35s  ...               11.82         0.32
5  2026-01-24 15:58:04       0m 45s  ...               74.68         2.10
6  2026-01-24 15:58:50       0m 37s  ...               12.95         0.37
7  2026-01-24 15:59:28       0m 36s  ...                8.12         0.21
8  2026-01-24 16:00:04       0m 37s  ...                9.14         0.26
9  2026-01-24 16:00:42       0m 46s  ...               75.80         2.15

[10 rows x 26 columns]
              timestamp time_elapsed  ... severity_rate_patch Gradient_sr2
0   2026-01-24 15:54:56       0m 34s  ...                0.84         0.02
1   2026-01-24 15:55:31       0m 39s  ...               20.60         0.57
2   2026-01-24 15:56:10       0m 40s  ...               39.97         1.20
3   2026-01-24 15:56:51       0m 37s  ...               12.56         0.35
4   2026-01-24 15:57:29       0m 35s  ...               11.82         0.32
5   2026-01-24 15:58:04       0m 45s  ...               74.68         2.10
6   2026-01-24 15:58:50       0m 37s  ...               12.95         0.37
7   2026-01-24 15:59:28       0m 36s  ...                8.12         0.21
8   2026-01-24 16:00:04       0m 37s  ...                9.14         0.26
9   2026-01-24 16:00:42       0m 46s  ...               75.80         2.15
10  2026-01-24 16:01:28       0m 34s  ...                6.80         0.17

[11 rows x 26 columns]
              timestamp time_elapsed  ... severity_rate_patch Gradient_sr2
0   2026-01-24 15:54:56       0m 34s  ...                0.84         0.02
1   2026-01-24 15:55:31       0m 39s  ...               20.60         0.57
2   2026-01-24 15:56:10       0m 40s  ...               39.97         1.20
3   2026-01-24 15:56:51       0m 37s  ...               12.56         0.35
4   2026-01-24 15:57:29       0m 35s  ...               11.82         0.32
5   2026-01-24 15:58:04       0m 45s  ...               74.68         2.10
6   2026-01-24 15:58:50       0m 37s  ...               12.95         0.37
7   2026-01-24 15:59:28       0m 36s  ...                8.12         0.21
8   2026-01-24 16:00:04       0m 37s  ...                9.14         0.26
9   2026-01-24 16:00:42       0m 46s  ...               75.80         2.15
10  2026-01-24 16:01:28       0m 34s  ...                6.80         0.17
11  2026-01-24 16:02:03       0m 45s  ...               82.53         2.55

[12 rows x 26 columns]
              timestamp time_elapsed  ... severity_rate_patch Gradient_sr2
0   2026-01-24 15:54:56       0m 34s  ...                0.84         0.02
1   2026-01-24 15:55:31       0m 39s  ...               20.60         0.57
2   2026-01-24 15:56:10       0m 40s  ...               39.97         1.20
3   2026-01-24 15:56:51       0m 37s  ...               12.56         0.35
4   2026-01-24 15:57:29       0m 35s  ...               11.82         0.32
5   2026-01-24 15:58:04       0m 45s  ...               74.68         2.10
6   2026-01-24 15:58:50       0m 37s  ...               12.95         0.37
7   2026-01-24 15:59:28       0m 36s  ...                8.12         0.21
8   2026-01-24 16:00:04       0m 37s  ...                9.14         0.26
9   2026-01-24 16:00:42       0m 46s  ...               75.80         2.15
10  2026-01-24 16:01:28       0m 34s  ...                6.80         0.17
11  2026-01-24 16:02:03       0m 45s  ...               82.53         2.55
12  2026-01-24 16:02:49       0m 35s  ...                6.18         0.18

[13 rows x 26 columns]
              timestamp time_elapsed  ... severity_rate_patch Gradient_sr2
0   2026-01-24 15:54:56       0m 34s  ...                0.84         0.02
1   2026-01-24 15:55:31       0m 39s  ...               20.60         0.57
2   2026-01-24 15:56:10       0m 40s  ...               39.97         1.20
3   2026-01-24 15:56:51       0m 37s  ...               12.56         0.35
4   2026-01-24 15:57:29       0m 35s  ...               11.82         0.32
5   2026-01-24 15:58:04       0m 45s  ...               74.68         2.10
6   2026-01-24 15:58:50       0m 37s  ...               12.95         0.37
7   2026-01-24 15:59:28       0m 36s  ...                8.12         0.21
8   2026-01-24 16:00:04       0m 37s  ...                9.14         0.26
9   2026-01-24 16:00:42       0m 46s  ...               75.80         2.15
10  2026-01-24 16:01:28       0m 34s  ...                6.80         0.17
11  2026-01-24 16:02:03       0m 45s  ...               82.53         2.55
12  2026-01-24 16:02:49       0m 35s  ...                6.18         0.18
13  2026-01-24 16:03:25       0m 39s  ...               30.13         0.79

[14 rows x 26 columns]
              timestamp time_elapsed  ... severity_rate_patch Gradient_sr2
0   2026-01-24 15:54:56       0m 34s  ...                0.84         0.02
1   2026-01-24 15:55:31       0m 39s  ...               20.60         0.57
2   2026-01-24 15:56:10       0m 40s  ...               39.97         1.20
3   2026-01-24 15:56:51       0m 37s  ...               12.56         0.35
4   2026-01-24 15:57:29       0m 35s  ...               11.82         0.32
5   2026-01-24 15:58:04       0m 45s  ...               74.68         2.10
6   2026-01-24 15:58:50       0m 37s  ...               12.95         0.37
7   2026-01-24 15:59:28       0m 36s  ...                8.12         0.21
8   2026-01-24 16:00:04       0m 37s  ...                9.14         0.26
9   2026-01-24 16:00:42       0m 46s  ...               75.80         2.15
10  2026-01-24 16:01:28       0m 34s  ...                6.80         0.17
11  2026-01-24 16:02:03       0m 45s  ...               82.53         2.55
12  2026-01-24 16:02:49       0m 35s  ...                6.18         0.18
13  2026-01-24 16:03:25       0m 39s  ...               30.13         0.79
14  2026-01-24 16:04:04       0m 32s  ...                2.50         0.07

[15 rows x 26 columns]

real	9m49.456s
user	0m0.000s
sys	0m0.000s
