[2026-01-24 16:05:09,496] - [root] - [INFO] - leaf_correlation_mw.py
[2026-01-24 16:05:09,497] - [root] - [INFO] - model_type       : ResNet
[2026-01-24 16:05:09,497] - [root] - [INFO] - pretrained       : True
[2026-01-24 16:05:09,497] - [root] - [INFO] - loading_epoch    : 65
[2026-01-24 16:05:09,497] - [root] - [INFO] - timestamp        : Jan22_10-21-00_2026
[2026-01-24 16:05:09,497] - [root] - [INFO] - outdim           : 2
[2026-01-24 16:05:09,497] - [root] - [INFO] - dual_head        : True
[2026-01-24 16:05:09,498] - [root] - [INFO] - model_path       : ../..
[2026-01-24 16:05:09,498] - [root] - [INFO] - step_size        : 224
[2026-01-24 16:05:09,498] - [root] - [INFO] - means            : [0.541, 0.6371, 0.4188]
[2026-01-24 16:05:09,498] - [root] - [INFO] - stds             : [0.1764, 0.165, 0.2326]
[2026-01-24 16:05:09,498] - [root] - [INFO] - target_class     : 1
[2026-01-24 16:05:09,498] - [root] - [INFO] - contam_control   : False
[2026-01-24 16:05:09,498] - [root] - [INFO] - spor_th          : 0.9
[2026-01-24 16:05:09,498] - [root] - [INFO] - inf_gate         : 0.3
[2026-01-24 16:05:09,498] - [root] - [INFO] - pm               : HPM-1269
[2026-01-24 16:05:09,498] - [root] - [INFO] - mps              : False
[2026-01-24 16:05:09,499] - [root] - [INFO] - cuda             : True
[2026-01-24 16:05:09,499] - [root] - [INFO] - cuda_id          : 0
[2026-01-24 16:05:09,499] - [root] - [INFO] - sal_threshold    : 0.5
[2026-01-24 16:05:09,499] - [root] - [INFO] - up_threshold     : 0.8
[2026-01-24 16:05:09,499] - [root] - [INFO] - down_threshold   : 0.3
[2026-01-24 16:05:09,499] - [root] - [INFO] - dataset_path     : C:/Users/Intel User/Desktop/blackbird_scripts/data/human_disk_assessments
[2026-01-24 16:05:09,499] - [root] - [INFO] - img_folder       : 1-22-2026
[2026-01-24 16:05:09,499] - [root] - [INFO] - platform         : BlackBird
[2026-01-24 16:05:09,499] - [root] - [INFO] - threshold        : ['0.7']
[2026-01-24 16:05:09,499] - [root] - [INFO] - log              : ../../results/logs/random.log
[2026-01-24 16:05:09,499] - [root] - [INFO] - dpi              : 5
[2026-01-24 16:05:09,499] - [root] - [INFO] - group            : baseline
[2026-01-24 16:05:09,499] - [root] - [INFO] - trays            : ['5dpi']
[2026-01-24 16:05:09,499] - [root] - [INFO] - sal_gradcam      : False
[2026-01-24 16:05:09,499] - [root] - [INFO] - sal_gradient     : True
[2026-01-24 16:05:09,499] - [root] - [INFO] - sal_smoothgrad   : False
[2026-01-24 16:05:09,500] - [root] - [INFO] - sal_deeplift     : False
[2026-01-24 16:05:09,500] - [root] - [INFO] - sal_thresh_method : fixed
[2026-01-24 16:05:09,500] - [root] - [INFO] - sal_thresh_p     : 95.0
[2026-01-24 16:05:10,754] - [root] - [INFO] - -------------------------------------------
[2026-01-24 16:05:10,755] - [root] - [INFO] - Processing 1-22-2026 5dpi 005-W2021011-592_R2.png
[2026-01-24 16:05:33,008] - [root] - [INFO] - Finished loading mask: 0m 22s
[2026-01-24 16:05:42,590] - [root] - [INFO] - Finished crop and inference: 0m 31s
[2026-01-24 16:05:44,142] - [root] - [INFO] - Analysis finished: 0m 33s
[2026-01-24 16:05:44,143] - [root] - [INFO] - -------------------------------------------
[2026-01-24 16:05:44,143] - [root] - [INFO] - -------------------------------------------
[2026-01-24 16:05:44,143] - [root] - [INFO] - Processing 1-22-2026 5dpi 022-W2021009-198_R2.png
[2026-01-24 16:06:06,927] - [root] - [INFO] - Finished loading mask: 0m 22s
[2026-01-24 16:06:18,417] - [root] - [INFO] - Finished crop and inference: 0m 34s
[2026-01-24 16:06:20,175] - [root] - [INFO] - Analysis finished: 0m 36s
[2026-01-24 16:06:20,176] - [root] - [INFO] - -------------------------------------------
[2026-01-24 16:06:20,176] - [root] - [INFO] - -------------------------------------------
[2026-01-24 16:06:20,176] - [root] - [INFO] - Processing 1-22-2026 5dpi 047-W2021011-482_R1.png
[2026-01-24 16:06:41,917] - [root] - [INFO] - Finished loading mask: 0m 21s
[2026-01-24 16:06:56,106] - [root] - [INFO] - Finished crop and inference: 0m 35s
[2026-01-24 16:06:57,736] - [root] - [INFO] - Analysis finished: 0m 37s
[2026-01-24 16:06:57,736] - [root] - [INFO] - -------------------------------------------
[2026-01-24 16:06:57,736] - [root] - [INFO] - -------------------------------------------
[2026-01-24 16:06:57,737] - [root] - [INFO] - Processing 1-22-2026 5dpi 055-W2021010-397_R2.png
[2026-01-24 16:07:19,721] - [root] - [INFO] - Finished loading mask: 0m 21s
[2026-01-24 16:07:30,258] - [root] - [INFO] - Finished crop and inference: 0m 32s
[2026-01-24 16:07:31,914] - [root] - [INFO] - Analysis finished: 0m 34s
[2026-01-24 16:07:31,914] - [root] - [INFO] - -------------------------------------------
[2026-01-24 16:07:31,914] - [root] - [INFO] - -------------------------------------------
[2026-01-24 16:07:31,914] - [root] - [INFO] - Processing 1-22-2026 5dpi 121-W2021009-185_R1.png
[2026-01-24 16:07:54,030] - [root] - [INFO] - Finished loading mask: 0m 22s
[2026-01-24 16:08:03,491] - [root] - [INFO] - Finished crop and inference: 0m 31s
[2026-01-24 16:08:05,217] - [root] - [INFO] - Analysis finished: 0m 33s
[2026-01-24 16:08:05,217] - [root] - [INFO] - -------------------------------------------
[2026-01-24 16:08:05,217] - [root] - [INFO] - -------------------------------------------
[2026-01-24 16:08:05,217] - [root] - [INFO] - Processing 1-22-2026 5dpi 128-W2021006-013_R1.png
[2026-01-24 16:08:27,283] - [root] - [INFO] - Finished loading mask: 0m 22s
[2026-01-24 16:08:47,264] - [root] - [INFO] - Finished crop and inference: 0m 42s
[2026-01-24 16:08:49,128] - [root] - [INFO] - Analysis finished: 0m 43s
[2026-01-24 16:08:49,129] - [root] - [INFO] - -------------------------------------------
[2026-01-24 16:08:49,129] - [root] - [INFO] - -------------------------------------------
[2026-01-24 16:08:49,129] - [root] - [INFO] - Processing 1-22-2026 5dpi 149-W2021010-417_R1.png
[2026-01-24 16:09:11,547] - [root] - [INFO] - Finished loading mask: 0m 22s
[2026-01-24 16:09:23,262] - [root] - [INFO] - Finished crop and inference: 0m 34s
[2026-01-24 16:09:25,013] - [root] - [INFO] - Analysis finished: 0m 35s
[2026-01-24 16:09:25,013] - [root] - [INFO] - -------------------------------------------
[2026-01-24 16:09:25,013] - [root] - [INFO] - -------------------------------------------
[2026-01-24 16:09:25,013] - [root] - [INFO] - Processing 1-22-2026 5dpi 156-W2021009-276_R2.png
[2026-01-24 16:09:46,730] - [root] - [INFO] - Finished loading mask: 0m 21s
[2026-01-24 16:09:59,523] - [root] - [INFO] - Finished crop and inference: 0m 34s
[2026-01-24 16:10:01,279] - [root] - [INFO] - Analysis finished: 0m 36s
[2026-01-24 16:10:01,279] - [root] - [INFO] - -------------------------------------------
[2026-01-24 16:10:01,279] - [root] - [INFO] - -------------------------------------------
[2026-01-24 16:10:01,279] - [root] - [INFO] - Processing 1-22-2026 5dpi 172-W2021011-557_R2.png
[2026-01-24 16:10:23,750] - [root] - [INFO] - Finished loading mask: 0m 22s
[2026-01-24 16:10:36,663] - [root] - [INFO] - Finished crop and inference: 0m 35s
[2026-01-24 16:10:38,372] - [root] - [INFO] - Analysis finished: 0m 37s
[2026-01-24 16:10:38,373] - [root] - [INFO] - -------------------------------------------
[2026-01-24 16:10:38,373] - [root] - [INFO] - -------------------------------------------
[2026-01-24 16:10:38,373] - [root] - [INFO] - Processing 1-22-2026 5dpi 180-W2021011-476_R2.png
[2026-01-24 16:11:00,426] - [root] - [INFO] - Finished loading mask: 0m 22s
[2026-01-24 16:11:22,530] - [root] - [INFO] - Finished crop and inference: 0m 44s
[2026-01-24 16:11:24,241] - [root] - [INFO] - Analysis finished: 0m 45s
[2026-01-24 16:11:24,242] - [root] - [INFO] - -------------------------------------------
[2026-01-24 16:11:24,242] - [root] - [INFO] - -------------------------------------------
[2026-01-24 16:11:24,242] - [root] - [INFO] - Processing 1-22-2026 5dpi 183-W2021009-295_R1.png
[2026-01-24 16:11:46,432] - [root] - [INFO] - Finished loading mask: 0m 22s
[2026-01-24 16:11:57,229] - [root] - [INFO] - Finished crop and inference: 0m 32s
[2026-01-24 16:11:58,919] - [root] - [INFO] - Analysis finished: 0m 34s
[2026-01-24 16:11:58,919] - [root] - [INFO] - -------------------------------------------
[2026-01-24 16:11:58,920] - [root] - [INFO] - -------------------------------------------
[2026-01-24 16:11:58,920] - [root] - [INFO] - Processing 1-22-2026 5dpi 187-W2021010-348_R2.png
[2026-01-24 16:12:20,979] - [root] - [INFO] - Finished loading mask: 0m 22s
[2026-01-24 16:12:44,106] - [root] - [INFO] - Finished crop and inference: 0m 45s
[2026-01-24 16:12:45,833] - [root] - [INFO] - Analysis finished: 0m 46s
[2026-01-24 16:12:45,833] - [root] - [INFO] - -------------------------------------------
[2026-01-24 16:12:45,833] - [root] - [INFO] - -------------------------------------------
[2026-01-24 16:12:45,833] - [root] - [INFO] - Processing 1-22-2026 5dpi 206-W2021010-344_R1.png
[2026-01-24 16:13:07,753] - [root] - [INFO] - Finished loading mask: 0m 21s
[2026-01-24 16:13:19,129] - [root] - [INFO] - Finished crop and inference: 0m 33s
[2026-01-24 16:13:20,877] - [root] - [INFO] - Analysis finished: 0m 35s
[2026-01-24 16:13:20,877] - [root] - [INFO] - -------------------------------------------
[2026-01-24 16:13:20,878] - [root] - [INFO] - -------------------------------------------
[2026-01-24 16:13:20,878] - [root] - [INFO] - Processing 1-22-2026 5dpi 208-W2021009-268_R2.png
[2026-01-24 16:13:42,442] - [root] - [INFO] - Finished loading mask: 0m 21s
[2026-01-24 16:13:59,107] - [root] - [INFO] - Finished crop and inference: 0m 38s
[2026-01-24 16:14:00,852] - [root] - [INFO] - Analysis finished: 0m 39s
[2026-01-24 16:14:00,852] - [root] - [INFO] - -------------------------------------------
[2026-01-24 16:14:00,852] - [root] - [INFO] - -------------------------------------------
[2026-01-24 16:14:00,852] - [root] - [INFO] - Processing 1-22-2026 5dpi 254-W2021010-352_R2.png
[2026-01-24 16:14:22,252] - [root] - [INFO] - Finished loading mask: 0m 21s
[2026-01-24 16:14:32,580] - [root] - [INFO] - Finished crop and inference: 0m 31s
[2026-01-24 16:14:34,345] - [root] - [INFO] - Analysis finished: 0m 33s
[2026-01-24 16:14:34,345] - [root] - [INFO] - -------------------------------------------
[2026-01-24 16:14:34,354] - [root] - [INFO] - Saved C:\Users\Intel User\Desktop\blackbird_scripts\data\Results\ResNet_upth0.8_downth0.3_Jan22_10-21-00_2026\1-22-2026\th_0.7\severity_rate_tray_5dpi_u0.8_d0.3_ig0.3_sp0.9_20260124_161400.csv
             timestamp time_elapsed  ... severity_rate_patch Gradient_sr2
0  2026-01-24 16:05:10       0m 33s  ...                0.84         0.02

[1 rows x 26 columns]
             timestamp time_elapsed  ... severity_rate_patch Gradient_sr2
0  2026-01-24 16:05:10       0m 33s  ...                0.84         0.02
1  2026-01-24 16:05:44       0m 36s  ...               13.64         0.35

[2 rows x 26 columns]
             timestamp time_elapsed  ... severity_rate_patch Gradient_sr2
0  2026-01-24 16:05:10       0m 33s  ...                0.84         0.02
1  2026-01-24 16:05:44       0m 36s  ...               13.64         0.35
2  2026-01-24 16:06:20       0m 37s  ...               37.72         1.10

[3 rows x 26 columns]
             timestamp time_elapsed  ... severity_rate_patch Gradient_sr2
0  2026-01-24 16:05:10       0m 33s  ...                0.84         0.02
1  2026-01-24 16:05:44       0m 36s  ...               13.64         0.35
2  2026-01-24 16:06:20       0m 37s  ...               37.72         1.10
3  2026-01-24 16:06:57       0m 34s  ...                8.02         0.21

[4 rows x 26 columns]
             timestamp time_elapsed  ... severity_rate_patch Gradient_sr2
0  2026-01-24 16:05:10       0m 33s  ...                0.84         0.02
1  2026-01-24 16:05:44       0m 36s  ...               13.64         0.35
2  2026-01-24 16:06:20       0m 37s  ...               37.72         1.10
3  2026-01-24 16:06:57       0m 34s  ...                8.02         0.21
4  2026-01-24 16:07:31       0m 33s  ...                7.73         0.21

[5 rows x 26 columns]
             timestamp time_elapsed  ... severity_rate_patch Gradient_sr2
0  2026-01-24 16:05:10       0m 33s  ...                0.84         0.02
1  2026-01-24 16:05:44       0m 36s  ...               13.64         0.35
2  2026-01-24 16:06:20       0m 37s  ...               37.72         1.10
3  2026-01-24 16:06:57       0m 34s  ...                8.02         0.21
4  2026-01-24 16:07:31       0m 33s  ...                7.73         0.21
5  2026-01-24 16:08:05       0m 43s  ...               73.16         1.96

[6 rows x 26 columns]
             timestamp time_elapsed  ... severity_rate_patch Gradient_sr2
0  2026-01-24 16:05:10       0m 33s  ...                0.84         0.02
1  2026-01-24 16:05:44       0m 36s  ...               13.64         0.35
2  2026-01-24 16:06:20       0m 37s  ...               37.72         1.10
3  2026-01-24 16:06:57       0m 34s  ...                8.02         0.21
4  2026-01-24 16:07:31       0m 33s  ...                7.73         0.21
5  2026-01-24 16:08:05       0m 43s  ...               73.16         1.96
6  2026-01-24 16:08:49       0m 35s  ...               10.82         0.31

[7 rows x 26 columns]
             timestamp time_elapsed  ... severity_rate_patch Gradient_sr2
0  2026-01-24 16:05:10       0m 33s  ...                0.84         0.02
1  2026-01-24 16:05:44       0m 36s  ...               13.64         0.35
2  2026-01-24 16:06:20       0m 37s  ...               37.72         1.10
3  2026-01-24 16:06:57       0m 34s  ...                8.02         0.21
4  2026-01-24 16:07:31       0m 33s  ...                7.73         0.21
5  2026-01-24 16:08:05       0m 43s  ...               73.16         1.96
6  2026-01-24 16:08:49       0m 35s  ...               10.82         0.31
7  2026-01-24 16:09:25       0m 36s  ...                6.57         0.17

[8 rows x 26 columns]
             timestamp time_elapsed  ... severity_rate_patch Gradient_sr2
0  2026-01-24 16:05:10       0m 33s  ...                0.84         0.02
1  2026-01-24 16:05:44       0m 36s  ...               13.64         0.35
2  2026-01-24 16:06:20       0m 37s  ...               37.72         1.10
3  2026-01-24 16:06:57       0m 34s  ...                8.02         0.21
4  2026-01-24 16:07:31       0m 33s  ...                7.73         0.21
5  2026-01-24 16:08:05       0m 43s  ...               73.16         1.96
6  2026-01-24 16:08:49       0m 35s  ...               10.82         0.31
7  2026-01-24 16:09:25       0m 36s  ...                6.57         0.17
8  2026-01-24 16:10:01       0m 37s  ...                7.52         0.21

[9 rows x 26 columns]
             timestamp time_elapsed  ... severity_rate_patch Gradient_sr2
0  2026-01-24 16:05:10       0m 33s  ...                0.84         0.02
1  2026-01-24 16:05:44       0m 36s  ...               13.64         0.35
2  2026-01-24 16:06:20       0m 37s  ...               37.72         1.10
3  2026-01-24 16:06:57       0m 34s  ...                8.02         0.21
4  2026-01-24 16:07:31       0m 33s  ...                7.73         0.21
5  2026-01-24 16:08:05       0m 43s  ...               73.16         1.96
6  2026-01-24 16:08:49       0m 35s  ...               10.82         0.31
7  2026-01-24 16:09:25       0m 36s  ...                6.57         0.17
8  2026-01-24 16:10:01       0m 37s  ...                7.52         0.21
9  2026-01-24 16:10:38       0m 45s  ...               74.32         2.00

[10 rows x 26 columns]
              timestamp time_elapsed  ... severity_rate_patch Gradient_sr2
0   2026-01-24 16:05:10       0m 33s  ...                0.84         0.02
1   2026-01-24 16:05:44       0m 36s  ...               13.64         0.35
2   2026-01-24 16:06:20       0m 37s  ...               37.72         1.10
3   2026-01-24 16:06:57       0m 34s  ...                8.02         0.21
4   2026-01-24 16:07:31       0m 33s  ...                7.73         0.21
5   2026-01-24 16:08:05       0m 43s  ...               73.16         1.96
6   2026-01-24 16:08:49       0m 35s  ...               10.82         0.31
7   2026-01-24 16:09:25       0m 36s  ...                6.57         0.17
8   2026-01-24 16:10:01       0m 37s  ...                7.52         0.21
9   2026-01-24 16:10:38       0m 45s  ...               74.32         2.00
10  2026-01-24 16:11:24       0m 34s  ...                5.70         0.15

[11 rows x 26 columns]
              timestamp time_elapsed  ... severity_rate_patch Gradient_sr2
0   2026-01-24 16:05:10       0m 33s  ...                0.84         0.02
1   2026-01-24 16:05:44       0m 36s  ...               13.64         0.35
2   2026-01-24 16:06:20       0m 37s  ...               37.72         1.10
3   2026-01-24 16:06:57       0m 34s  ...                8.02         0.21
4   2026-01-24 16:07:31       0m 33s  ...                7.73         0.21
5   2026-01-24 16:08:05       0m 43s  ...               73.16         1.96
6   2026-01-24 16:08:49       0m 35s  ...               10.82         0.31
7   2026-01-24 16:09:25       0m 36s  ...                6.57         0.17
8   2026-01-24 16:10:01       0m 37s  ...                7.52         0.21
9   2026-01-24 16:10:38       0m 45s  ...               74.32         2.00
10  2026-01-24 16:11:24       0m 34s  ...                5.70         0.15
11  2026-01-24 16:11:58       0m 46s  ...               81.62         2.38

[12 rows x 26 columns]
              timestamp time_elapsed  ... severity_rate_patch Gradient_sr2
0   2026-01-24 16:05:10       0m 33s  ...                0.84         0.02
1   2026-01-24 16:05:44       0m 36s  ...               13.64         0.35
2   2026-01-24 16:06:20       0m 37s  ...               37.72         1.10
3   2026-01-24 16:06:57       0m 34s  ...                8.02         0.21
4   2026-01-24 16:07:31       0m 33s  ...                7.73         0.21
5   2026-01-24 16:08:05       0m 43s  ...               73.16         1.96
6   2026-01-24 16:08:49       0m 35s  ...               10.82         0.31
7   2026-01-24 16:09:25       0m 36s  ...                6.57         0.17
8   2026-01-24 16:10:01       0m 37s  ...                7.52         0.21
9   2026-01-24 16:10:38       0m 45s  ...               74.32         2.00
10  2026-01-24 16:11:24       0m 34s  ...                5.70         0.15
11  2026-01-24 16:11:58       0m 46s  ...               81.62         2.38
12  2026-01-24 16:12:45       0m 35s  ...                4.36         0.12

[13 rows x 26 columns]
              timestamp time_elapsed  ... severity_rate_patch Gradient_sr2
0   2026-01-24 16:05:10       0m 33s  ...                0.84         0.02
1   2026-01-24 16:05:44       0m 36s  ...               13.64         0.35
2   2026-01-24 16:06:20       0m 37s  ...               37.72         1.10
3   2026-01-24 16:06:57       0m 34s  ...                8.02         0.21
4   2026-01-24 16:07:31       0m 33s  ...                7.73         0.21
5   2026-01-24 16:08:05       0m 43s  ...               73.16         1.96
6   2026-01-24 16:08:49       0m 35s  ...               10.82         0.31
7   2026-01-24 16:09:25       0m 36s  ...                6.57         0.17
8   2026-01-24 16:10:01       0m 37s  ...                7.52         0.21
9   2026-01-24 16:10:38       0m 45s  ...               74.32         2.00
10  2026-01-24 16:11:24       0m 34s  ...                5.70         0.15
11  2026-01-24 16:11:58       0m 46s  ...               81.62         2.38
12  2026-01-24 16:12:45       0m 35s  ...                4.36         0.12
13  2026-01-24 16:13:20       0m 39s  ...               27.38         0.69

[14 rows x 26 columns]
              timestamp time_elapsed  ... severity_rate_patch Gradient_sr2
0   2026-01-24 16:05:10       0m 33s  ...                0.84         0.02
1   2026-01-24 16:05:44       0m 36s  ...               13.64         0.35
2   2026-01-24 16:06:20       0m 37s  ...               37.72         1.10
3   2026-01-24 16:06:57       0m 34s  ...                8.02         0.21
4   2026-01-24 16:07:31       0m 33s  ...                7.73         0.21
5   2026-01-24 16:08:05       0m 43s  ...               73.16         1.96
6   2026-01-24 16:08:49       0m 35s  ...               10.82         0.31
7   2026-01-24 16:09:25       0m 36s  ...                6.57         0.17
8   2026-01-24 16:10:01       0m 37s  ...                7.52         0.21
9   2026-01-24 16:10:38       0m 45s  ...               74.32         2.00
10  2026-01-24 16:11:24       0m 34s  ...                5.70         0.15
11  2026-01-24 16:11:58       0m 46s  ...               81.62         2.38
12  2026-01-24 16:12:45       0m 35s  ...                4.36         0.12
13  2026-01-24 16:13:20       0m 39s  ...               27.38         0.69
14  2026-01-24 16:14:00       0m 33s  ...                1.44         0.04

[15 rows x 26 columns]

real	9m31.509s
user	0m0.015s
sys	0m0.030s
