[2026-01-23 21:21:57,378] - [root] - [INFO] - leaf_correlation_mw.py
[2026-01-23 21:21:57,378] - [root] - [INFO] - model_type       : ResNet
[2026-01-23 21:21:57,378] - [root] - [INFO] - pretrained       : True
[2026-01-23 21:21:57,378] - [root] - [INFO] - loading_epoch    : 65
[2026-01-23 21:21:57,378] - [root] - [INFO] - timestamp        : Jan22_10-21-00_2026
[2026-01-23 21:21:57,378] - [root] - [INFO] - outdim           : 2
[2026-01-23 21:21:57,379] - [root] - [INFO] - dual_head        : True
[2026-01-23 21:21:57,379] - [root] - [INFO] - model_path       : ../..
[2026-01-23 21:21:57,379] - [root] - [INFO] - step_size        : 224
[2026-01-23 21:21:57,379] - [root] - [INFO] - means            : [0.541, 0.6371, 0.4188]
[2026-01-23 21:21:57,379] - [root] - [INFO] - stds             : [0.1764, 0.165, 0.2326]
[2026-01-23 21:21:57,379] - [root] - [INFO] - target_class     : 1
[2026-01-23 21:21:57,379] - [root] - [INFO] - contam_control   : False
[2026-01-23 21:21:57,379] - [root] - [INFO] - spor_th          : 0.8
[2026-01-23 21:21:57,379] - [root] - [INFO] - inf_gate         : 0.6
[2026-01-23 21:21:57,379] - [root] - [INFO] - pm               : HPM-1269
[2026-01-23 21:21:57,379] - [root] - [INFO] - mps              : False
[2026-01-23 21:21:57,379] - [root] - [INFO] - cuda             : True
[2026-01-23 21:21:57,379] - [root] - [INFO] - cuda_id          : 0
[2026-01-23 21:21:57,379] - [root] - [INFO] - sal_threshold    : 0.5
[2026-01-23 21:21:57,379] - [root] - [INFO] - up_threshold     : 0.7
[2026-01-23 21:21:57,379] - [root] - [INFO] - down_threshold   : 0.3
[2026-01-23 21:21:57,380] - [root] - [INFO] - dataset_path     : C:/Users/Intel User/Desktop/blackbird_scripts/data/human_disk_assessments
[2026-01-23 21:21:57,380] - [root] - [INFO] - img_folder       : 1-22-2026
[2026-01-23 21:21:57,380] - [root] - [INFO] - platform         : BlackBird
[2026-01-23 21:21:57,380] - [root] - [INFO] - threshold        : ['0.7']
[2026-01-23 21:21:57,380] - [root] - [INFO] - log              : ../../results/logs/random.log
[2026-01-23 21:21:57,380] - [root] - [INFO] - dpi              : 10
[2026-01-23 21:21:57,380] - [root] - [INFO] - group            : baseline
[2026-01-23 21:21:57,380] - [root] - [INFO] - trays            : ['10dpi']
[2026-01-23 21:21:57,380] - [root] - [INFO] - sal_gradcam      : False
[2026-01-23 21:21:57,380] - [root] - [INFO] - sal_gradient     : True
[2026-01-23 21:21:57,380] - [root] - [INFO] - sal_smoothgrad   : False
[2026-01-23 21:21:57,380] - [root] - [INFO] - sal_deeplift     : False
[2026-01-23 21:21:57,380] - [root] - [INFO] - sal_thresh_method : fixed
[2026-01-23 21:21:57,380] - [root] - [INFO] - sal_thresh_p     : 95.0
[2026-01-23 21:21:58,413] - [root] - [INFO] - -------------------------------------------
[2026-01-23 21:21:58,413] - [root] - [INFO] - Processing 1-22-2026 10dpi 013-W2021011-633_R2.png
[2026-01-23 21:22:14,373] - [root] - [INFO] - Finished loading mask: 0m 15s
[2026-01-23 21:22:28,127] - [root] - [INFO] - Finished crop and inference: 0m 29s
[2026-01-23 21:22:29,575] - [root] - [INFO] - Analysis finished: 0m 31s
[2026-01-23 21:22:29,576] - [root] - [INFO] - -------------------------------------------
[2026-01-23 21:22:29,576] - [root] - [INFO] - -------------------------------------------
[2026-01-23 21:22:29,576] - [root] - [INFO] - Processing 1-22-2026 10dpi 026-W2021010-346_R2.png
[2026-01-23 21:22:46,505] - [root] - [INFO] - Finished loading mask: 0m 16s
[2026-01-23 21:22:55,535] - [root] - [INFO] - Finished crop and inference: 0m 25s
[2026-01-23 21:22:56,925] - [root] - [INFO] - Analysis finished: 0m 27s
[2026-01-23 21:22:56,925] - [root] - [INFO] - -------------------------------------------
[2026-01-23 21:22:56,926] - [root] - [INFO] - -------------------------------------------
[2026-01-23 21:22:56,926] - [root] - [INFO] - Processing 1-22-2026 10dpi 042-W2021006-015_R1.png
[2026-01-23 21:23:14,566] - [root] - [INFO] - Finished loading mask: 0m 17s
[2026-01-23 21:23:26,062] - [root] - [INFO] - Finished crop and inference: 0m 29s
[2026-01-23 21:23:27,431] - [root] - [INFO] - Analysis finished: 0m 30s
[2026-01-23 21:23:27,431] - [root] - [INFO] - -------------------------------------------
[2026-01-23 21:23:27,432] - [root] - [INFO] - -------------------------------------------
[2026-01-23 21:23:27,432] - [root] - [INFO] - Processing 1-22-2026 10dpi 057-W2021011-504_R2.png
[2026-01-23 21:23:44,386] - [root] - [INFO] - Finished loading mask: 0m 16s
[2026-01-23 21:23:53,038] - [root] - [INFO] - Finished crop and inference: 0m 25s
[2026-01-23 21:23:54,409] - [root] - [INFO] - Analysis finished: 0m 26s
[2026-01-23 21:23:54,409] - [root] - [INFO] - -------------------------------------------
[2026-01-23 21:23:54,409] - [root] - [INFO] - -------------------------------------------
[2026-01-23 21:23:54,409] - [root] - [INFO] - Processing 1-22-2026 10dpi 069-W2021011-574_R1.png
[2026-01-23 21:24:11,487] - [root] - [INFO] - Finished loading mask: 0m 17s
[2026-01-23 21:24:22,015] - [root] - [INFO] - Finished crop and inference: 0m 27s
[2026-01-23 21:24:23,403] - [root] - [INFO] - Analysis finished: 0m 28s
[2026-01-23 21:24:23,403] - [root] - [INFO] - -------------------------------------------
[2026-01-23 21:24:23,403] - [root] - [INFO] - -------------------------------------------
[2026-01-23 21:24:23,403] - [root] - [INFO] - Processing 1-22-2026 10dpi 095-W2021009-283_R1.png
[2026-01-23 21:24:40,118] - [root] - [INFO] - Finished loading mask: 0m 16s
[2026-01-23 21:24:48,673] - [root] - [INFO] - Finished crop and inference: 0m 25s
[2026-01-23 21:24:50,060] - [root] - [INFO] - Analysis finished: 0m 26s
[2026-01-23 21:24:50,060] - [root] - [INFO] - -------------------------------------------
[2026-01-23 21:24:50,060] - [root] - [INFO] - -------------------------------------------
[2026-01-23 21:24:50,060] - [root] - [INFO] - Processing 1-22-2026 10dpi 103-W2021011-591_R2.png
[2026-01-23 21:25:07,317] - [root] - [INFO] - Finished loading mask: 0m 17s
[2026-01-23 21:25:21,968] - [root] - [INFO] - Finished crop and inference: 0m 31s
[2026-01-23 21:25:23,372] - [root] - [INFO] - Analysis finished: 0m 33s
[2026-01-23 21:25:23,372] - [root] - [INFO] - -------------------------------------------
[2026-01-23 21:25:23,372] - [root] - [INFO] - -------------------------------------------
[2026-01-23 21:25:23,372] - [root] - [INFO] - Processing 1-22-2026 10dpi 115-W2021011-638_R1.png
[2026-01-23 21:25:40,271] - [root] - [INFO] - Finished loading mask: 0m 16s
[2026-01-23 21:25:56,478] - [root] - [INFO] - Finished crop and inference: 0m 33s
[2026-01-23 21:25:58,025] - [root] - [INFO] - Analysis finished: 0m 34s
[2026-01-23 21:25:58,025] - [root] - [INFO] - -------------------------------------------
[2026-01-23 21:25:58,025] - [root] - [INFO] - -------------------------------------------
[2026-01-23 21:25:58,026] - [root] - [INFO] - Processing 1-22-2026 10dpi 124-W2021009-278_R1.png
[2026-01-23 21:26:15,581] - [root] - [INFO] - Finished loading mask: 0m 17s
[2026-01-23 21:26:28,595] - [root] - [INFO] - Finished crop and inference: 0m 30s
[2026-01-23 21:26:30,109] - [root] - [INFO] - Analysis finished: 0m 32s
[2026-01-23 21:26:30,109] - [root] - [INFO] - -------------------------------------------
[2026-01-23 21:26:30,109] - [root] - [INFO] - -------------------------------------------
[2026-01-23 21:26:30,109] - [root] - [INFO] - Processing 1-22-2026 10dpi 162-W2021011-551_R2.png
[2026-01-23 21:26:48,330] - [root] - [INFO] - Finished loading mask: 0m 18s
[2026-01-23 21:27:08,685] - [root] - [INFO] - Finished crop and inference: 0m 38s
[2026-01-23 21:27:10,208] - [root] - [INFO] - Analysis finished: 0m 40s
[2026-01-23 21:27:10,208] - [root] - [INFO] - -------------------------------------------
[2026-01-23 21:27:10,208] - [root] - [INFO] - -------------------------------------------
[2026-01-23 21:27:10,208] - [root] - [INFO] - Processing 1-22-2026 10dpi 172-W2021009-156_R2.png
[2026-01-23 21:27:27,235] - [root] - [INFO] - Finished loading mask: 0m 17s
[2026-01-23 21:27:34,993] - [root] - [INFO] - Finished crop and inference: 0m 24s
[2026-01-23 21:27:36,400] - [root] - [INFO] - Analysis finished: 0m 26s
[2026-01-23 21:27:36,401] - [root] - [INFO] - -------------------------------------------
[2026-01-23 21:27:36,401] - [root] - [INFO] - -------------------------------------------
[2026-01-23 21:27:36,401] - [root] - [INFO] - Processing 1-22-2026 10dpi 182-W2021009-251_R1.png
[2026-01-23 21:27:55,086] - [root] - [INFO] - Finished loading mask: 0m 18s
[2026-01-23 21:28:05,216] - [root] - [INFO] - Finished crop and inference: 0m 28s
[2026-01-23 21:28:06,554] - [root] - [INFO] - Analysis finished: 0m 30s
[2026-01-23 21:28:06,554] - [root] - [INFO] - -------------------------------------------
[2026-01-23 21:28:06,555] - [root] - [INFO] - -------------------------------------------
[2026-01-23 21:28:06,555] - [root] - [INFO] - Processing 1-22-2026 10dpi 194-W2021010-339_R2.png
[2026-01-23 21:28:23,253] - [root] - [INFO] - Finished loading mask: 0m 16s
[2026-01-23 21:28:32,162] - [root] - [INFO] - Finished crop and inference: 0m 25s
[2026-01-23 21:28:33,535] - [root] - [INFO] - Analysis finished: 0m 26s
[2026-01-23 21:28:33,535] - [root] - [INFO] - -------------------------------------------
[2026-01-23 21:28:33,535] - [root] - [INFO] - -------------------------------------------
[2026-01-23 21:28:33,535] - [root] - [INFO] - Processing 1-22-2026 10dpi 215-W2021006-045_R1.png
[2026-01-23 21:28:50,661] - [root] - [INFO] - Finished loading mask: 0m 17s
[2026-01-23 21:29:08,191] - [root] - [INFO] - Finished crop and inference: 0m 34s
[2026-01-23 21:29:09,579] - [root] - [INFO] - Analysis finished: 0m 36s
[2026-01-23 21:29:09,579] - [root] - [INFO] - -------------------------------------------
[2026-01-23 21:29:09,579] - [root] - [INFO] - -------------------------------------------
[2026-01-23 21:29:09,579] - [root] - [INFO] - Processing 1-22-2026 10dpi 262-W2021009-187_R2.png
[2026-01-23 21:29:26,769] - [root] - [INFO] - Finished loading mask: 0m 17s
[2026-01-23 21:29:45,384] - [root] - [INFO] - Finished crop and inference: 0m 35s
[2026-01-23 21:29:46,937] - [root] - [INFO] - Analysis finished: 0m 37s
[2026-01-23 21:29:46,938] - [root] - [INFO] - -------------------------------------------
[2026-01-23 21:29:46,944] - [root] - [INFO] - Saved C:\Users\Intel User\Desktop\blackbird_scripts\data\Results\ResNet_upth0.7_downth0.3_Jan22_10-21-00_2026\1-22-2026\th_0.7\severity_rate_tray_10dpi_u0.7_d0.3_ig0.6_sp0.8.csv
             timestamp time_elapsed  ... severity_rate_patch Gradient_sr2
0  2026-01-23 21:21:58       0m 31s  ...               30.95         0.88

[1 rows x 24 columns]
             timestamp time_elapsed  ... severity_rate_patch Gradient_sr2
0  2026-01-23 21:21:58       0m 31s  ...               30.95         0.88
1  2026-01-23 21:22:29       0m 27s  ...                0.28         0.01

[2 rows x 24 columns]
             timestamp time_elapsed  ... severity_rate_patch Gradient_sr2
0  2026-01-23 21:21:58       0m 31s  ...               30.95         0.88
1  2026-01-23 21:22:29       0m 27s  ...                0.28         0.01
2  2026-01-23 21:22:56       0m 30s  ...               24.18         0.64

[3 rows x 24 columns]
             timestamp time_elapsed  ... severity_rate_patch Gradient_sr2
0  2026-01-23 21:21:58       0m 31s  ...               30.95         0.88
1  2026-01-23 21:22:29       0m 27s  ...                0.28         0.01
2  2026-01-23 21:22:56       0m 30s  ...               24.18         0.64
3  2026-01-23 21:23:27       0m 26s  ...                3.12         0.08

[4 rows x 24 columns]
             timestamp time_elapsed  ... severity_rate_patch Gradient_sr2
0  2026-01-23 21:21:58       0m 31s  ...               30.95         0.88
1  2026-01-23 21:22:29       0m 27s  ...                0.28         0.01
2  2026-01-23 21:22:56       0m 30s  ...               24.18         0.64
3  2026-01-23 21:23:27       0m 26s  ...                3.12         0.08
4  2026-01-23 21:23:54       0m 28s  ...               14.14         0.41

[5 rows x 24 columns]
             timestamp time_elapsed  ... severity_rate_patch Gradient_sr2
0  2026-01-23 21:21:58       0m 31s  ...               30.95         0.88
1  2026-01-23 21:22:29       0m 27s  ...                0.28         0.01
2  2026-01-23 21:22:56       0m 30s  ...               24.18         0.64
3  2026-01-23 21:23:27       0m 26s  ...                3.12         0.08
4  2026-01-23 21:23:54       0m 28s  ...               14.14         0.41
5  2026-01-23 21:24:23       0m 26s  ...                7.30         0.17

[6 rows x 24 columns]
             timestamp time_elapsed  ... severity_rate_patch Gradient_sr2
0  2026-01-23 21:21:58       0m 31s  ...               30.95         0.88
1  2026-01-23 21:22:29       0m 27s  ...                0.28         0.01
2  2026-01-23 21:22:56       0m 30s  ...               24.18         0.64
3  2026-01-23 21:23:27       0m 26s  ...                3.12         0.08
4  2026-01-23 21:23:54       0m 28s  ...               14.14         0.41
5  2026-01-23 21:24:23       0m 26s  ...                7.30         0.17
6  2026-01-23 21:24:50       0m 33s  ...               50.54         1.48

[7 rows x 24 columns]
             timestamp time_elapsed  ... severity_rate_patch Gradient_sr2
0  2026-01-23 21:21:58       0m 31s  ...               30.95         0.88
1  2026-01-23 21:22:29       0m 27s  ...                0.28         0.01
2  2026-01-23 21:22:56       0m 30s  ...               24.18         0.64
3  2026-01-23 21:23:27       0m 26s  ...                3.12         0.08
4  2026-01-23 21:23:54       0m 28s  ...               14.14         0.41
5  2026-01-23 21:24:23       0m 26s  ...                7.30         0.17
6  2026-01-23 21:24:50       0m 33s  ...               50.54         1.48
7  2026-01-23 21:25:23       0m 34s  ...               56.08         1.57

[8 rows x 24 columns]
             timestamp time_elapsed  ... severity_rate_patch Gradient_sr2
0  2026-01-23 21:21:58       0m 31s  ...               30.95         0.88
1  2026-01-23 21:22:29       0m 27s  ...                0.28         0.01
2  2026-01-23 21:22:56       0m 30s  ...               24.18         0.64
3  2026-01-23 21:23:27       0m 26s  ...                3.12         0.08
4  2026-01-23 21:23:54       0m 28s  ...               14.14         0.41
5  2026-01-23 21:24:23       0m 26s  ...                7.30         0.17
6  2026-01-23 21:24:50       0m 33s  ...               50.54         1.48
7  2026-01-23 21:25:23       0m 34s  ...               56.08         1.57
8  2026-01-23 21:25:58       0m 32s  ...               45.20         1.30

[9 rows x 24 columns]
             timestamp time_elapsed  ... severity_rate_patch Gradient_sr2
0  2026-01-23 21:21:58       0m 31s  ...               30.95         0.88
1  2026-01-23 21:22:29       0m 27s  ...                0.28         0.01
2  2026-01-23 21:22:56       0m 30s  ...               24.18         0.64
3  2026-01-23 21:23:27       0m 26s  ...                3.12         0.08
4  2026-01-23 21:23:54       0m 28s  ...               14.14         0.41
5  2026-01-23 21:24:23       0m 26s  ...                7.30         0.17
6  2026-01-23 21:24:50       0m 33s  ...               50.54         1.48
7  2026-01-23 21:25:23       0m 34s  ...               56.08         1.57
8  2026-01-23 21:25:58       0m 32s  ...               45.20         1.30
9  2026-01-23 21:26:30       0m 40s  ...               83.02         2.36

[10 rows x 24 columns]
              timestamp time_elapsed  ... severity_rate_patch Gradient_sr2
0   2026-01-23 21:21:58       0m 31s  ...               30.95         0.88
1   2026-01-23 21:22:29       0m 27s  ...                0.28         0.01
2   2026-01-23 21:22:56       0m 30s  ...               24.18         0.64
3   2026-01-23 21:23:27       0m 26s  ...                3.12         0.08
4   2026-01-23 21:23:54       0m 28s  ...               14.14         0.41
5   2026-01-23 21:24:23       0m 26s  ...                7.30         0.17
6   2026-01-23 21:24:50       0m 33s  ...               50.54         1.48
7   2026-01-23 21:25:23       0m 34s  ...               56.08         1.57
8   2026-01-23 21:25:58       0m 32s  ...               45.20         1.30
9   2026-01-23 21:26:30       0m 40s  ...               83.02         2.36
10  2026-01-23 21:27:10       0m 26s  ...                6.74         0.17

[11 rows x 24 columns]
              timestamp time_elapsed  ... severity_rate_patch Gradient_sr2
0   2026-01-23 21:21:58       0m 31s  ...               30.95         0.88
1   2026-01-23 21:22:29       0m 27s  ...                0.28         0.01
2   2026-01-23 21:22:56       0m 30s  ...               24.18         0.64
3   2026-01-23 21:23:27       0m 26s  ...                3.12         0.08
4   2026-01-23 21:23:54       0m 28s  ...               14.14         0.41
5   2026-01-23 21:24:23       0m 26s  ...                7.30         0.17
6   2026-01-23 21:24:50       0m 33s  ...               50.54         1.48
7   2026-01-23 21:25:23       0m 34s  ...               56.08         1.57
8   2026-01-23 21:25:58       0m 32s  ...               45.20         1.30
9   2026-01-23 21:26:30       0m 40s  ...               83.02         2.36
10  2026-01-23 21:27:10       0m 26s  ...                6.74         0.17
11  2026-01-23 21:27:36       0m 30s  ...                6.52         0.18

[12 rows x 24 columns]
              timestamp time_elapsed  ... severity_rate_patch Gradient_sr2
0   2026-01-23 21:21:58       0m 31s  ...               30.95         0.88
1   2026-01-23 21:22:29       0m 27s  ...                0.28         0.01
2   2026-01-23 21:22:56       0m 30s  ...               24.18         0.64
3   2026-01-23 21:23:27       0m 26s  ...                3.12         0.08
4   2026-01-23 21:23:54       0m 28s  ...               14.14         0.41
5   2026-01-23 21:24:23       0m 26s  ...                7.30         0.17
6   2026-01-23 21:24:50       0m 33s  ...               50.54         1.48
7   2026-01-23 21:25:23       0m 34s  ...               56.08         1.57
8   2026-01-23 21:25:58       0m 32s  ...               45.20         1.30
9   2026-01-23 21:26:30       0m 40s  ...               83.02         2.36
10  2026-01-23 21:27:10       0m 26s  ...                6.74         0.17
11  2026-01-23 21:27:36       0m 30s  ...                6.52         0.18
12  2026-01-23 21:28:06       0m 26s  ...                5.44         0.14

[13 rows x 24 columns]
              timestamp time_elapsed  ... severity_rate_patch Gradient_sr2
0   2026-01-23 21:21:58       0m 31s  ...               30.95         0.88
1   2026-01-23 21:22:29       0m 27s  ...                0.28         0.01
2   2026-01-23 21:22:56       0m 30s  ...               24.18         0.64
3   2026-01-23 21:23:27       0m 26s  ...                3.12         0.08
4   2026-01-23 21:23:54       0m 28s  ...               14.14         0.41
5   2026-01-23 21:24:23       0m 26s  ...                7.30         0.17
6   2026-01-23 21:24:50       0m 33s  ...               50.54         1.48
7   2026-01-23 21:25:23       0m 34s  ...               56.08         1.57
8   2026-01-23 21:25:58       0m 32s  ...               45.20         1.30
9   2026-01-23 21:26:30       0m 40s  ...               83.02         2.36
10  2026-01-23 21:27:10       0m 26s  ...                6.74         0.17
11  2026-01-23 21:27:36       0m 30s  ...                6.52         0.18
12  2026-01-23 21:28:06       0m 26s  ...                5.44         0.14
13  2026-01-23 21:28:33       0m 36s  ...               77.41         2.27

[14 rows x 24 columns]
              timestamp time_elapsed  ... severity_rate_patch Gradient_sr2
0   2026-01-23 21:21:58       0m 31s  ...               30.95         0.88
1   2026-01-23 21:22:29       0m 27s  ...                0.28         0.01
2   2026-01-23 21:22:56       0m 30s  ...               24.18         0.64
3   2026-01-23 21:23:27       0m 26s  ...                3.12         0.08
4   2026-01-23 21:23:54       0m 28s  ...               14.14         0.41
5   2026-01-23 21:24:23       0m 26s  ...                7.30         0.17
6   2026-01-23 21:24:50       0m 33s  ...               50.54         1.48
7   2026-01-23 21:25:23       0m 34s  ...               56.08         1.57
8   2026-01-23 21:25:58       0m 32s  ...               45.20         1.30
9   2026-01-23 21:26:30       0m 40s  ...               83.02         2.36
10  2026-01-23 21:27:10       0m 26s  ...                6.74         0.17
11  2026-01-23 21:27:36       0m 30s  ...                6.52         0.18
12  2026-01-23 21:28:06       0m 26s  ...                5.44         0.14
13  2026-01-23 21:28:33       0m 36s  ...               77.41         2.27
14  2026-01-23 21:29:09       0m 37s  ...               79.75         2.36

[15 rows x 24 columns]

real	7m55.959s
user	0m0.016s
sys	0m0.030s
