[2026-01-23 18:56:42,088] - [root] - [INFO] - leaf_correlation_mw.py
[2026-01-23 18:56:42,088] - [root] - [INFO] - model_type       : ResNet
[2026-01-23 18:56:42,089] - [root] - [INFO] - pretrained       : True
[2026-01-23 18:56:42,089] - [root] - [INFO] - loading_epoch    : 65
[2026-01-23 18:56:42,089] - [root] - [INFO] - timestamp        : Jan22_10-21-00_2026
[2026-01-23 18:56:42,089] - [root] - [INFO] - outdim           : 2
[2026-01-23 18:56:42,089] - [root] - [INFO] - dual_head        : True
[2026-01-23 18:56:42,089] - [root] - [INFO] - model_path       : ../..
[2026-01-23 18:56:42,089] - [root] - [INFO] - step_size        : 224
[2026-01-23 18:56:42,089] - [root] - [INFO] - means            : [0.541, 0.6371, 0.4188]
[2026-01-23 18:56:42,089] - [root] - [INFO] - stds             : [0.1764, 0.165, 0.2326]
[2026-01-23 18:56:42,089] - [root] - [INFO] - target_class     : 1
[2026-01-23 18:56:42,089] - [root] - [INFO] - contam_control   : False
[2026-01-23 18:56:42,089] - [root] - [INFO] - spor_th          : 0.7
[2026-01-23 18:56:42,089] - [root] - [INFO] - inf_gate         : 0.6
[2026-01-23 18:56:42,090] - [root] - [INFO] - pm               : HPM-1269
[2026-01-23 18:56:42,090] - [root] - [INFO] - mps              : False
[2026-01-23 18:56:42,090] - [root] - [INFO] - cuda             : True
[2026-01-23 18:56:42,090] - [root] - [INFO] - cuda_id          : 0
[2026-01-23 18:56:42,090] - [root] - [INFO] - sal_threshold    : 0.5
[2026-01-23 18:56:42,090] - [root] - [INFO] - up_threshold     : 0.8
[2026-01-23 18:56:42,090] - [root] - [INFO] - down_threshold   : 0.2
[2026-01-23 18:56:42,090] - [root] - [INFO] - dataset_path     : C:/Users/Intel User/Desktop/blackbird_scripts/data/human_disk_assessments
[2026-01-23 18:56:42,090] - [root] - [INFO] - img_folder       : 1-22-2026
[2026-01-23 18:56:42,090] - [root] - [INFO] - platform         : BlackBird
[2026-01-23 18:56:42,090] - [root] - [INFO] - threshold        : ['0.7']
[2026-01-23 18:56:42,090] - [root] - [INFO] - log              : ../../results/logs/random.log
[2026-01-23 18:56:42,090] - [root] - [INFO] - dpi              : 5
[2026-01-23 18:56:42,090] - [root] - [INFO] - group            : baseline
[2026-01-23 18:56:42,090] - [root] - [INFO] - trays            : ['5dpi']
[2026-01-23 18:56:42,090] - [root] - [INFO] - sal_gradcam      : False
[2026-01-23 18:56:42,090] - [root] - [INFO] - sal_gradient     : True
[2026-01-23 18:56:42,090] - [root] - [INFO] - sal_smoothgrad   : False
[2026-01-23 18:56:42,090] - [root] - [INFO] - sal_deeplift     : False
[2026-01-23 18:56:42,090] - [root] - [INFO] - sal_thresh_method : fixed
[2026-01-23 18:56:42,090] - [root] - [INFO] - sal_thresh_p     : 95.0
[2026-01-23 18:56:43,020] - [root] - [INFO] - -------------------------------------------
[2026-01-23 18:56:43,020] - [root] - [INFO] - Processing 1-22-2026 5dpi 015-W2021009-160_R1.png
[2026-01-23 18:57:04,003] - [root] - [INFO] - Finished loading mask: 0m 20s
[2026-01-23 18:57:16,974] - [root] - [INFO] - Finished crop and inference: 0m 33s
[2026-01-23 18:57:18,529] - [root] - [INFO] - Analysis finished: 0m 35s
[2026-01-23 18:57:18,529] - [root] - [INFO] - -------------------------------------------
[2026-01-23 18:57:18,529] - [root] - [INFO] - -------------------------------------------
[2026-01-23 18:57:18,529] - [root] - [INFO] - Processing 1-22-2026 5dpi 015-W2021011-633_R1.png
[2026-01-23 18:57:41,243] - [root] - [INFO] - Finished loading mask: 0m 22s
[2026-01-23 18:57:54,397] - [root] - [INFO] - Finished crop and inference: 0m 35s
[2026-01-23 18:57:56,160] - [root] - [INFO] - Analysis finished: 0m 37s
[2026-01-23 18:57:56,160] - [root] - [INFO] - -------------------------------------------
[2026-01-23 18:57:56,160] - [root] - [INFO] - -------------------------------------------
[2026-01-23 18:57:56,160] - [root] - [INFO] - Processing 1-22-2026 5dpi 019-W2021010-428_R2.png
[2026-01-23 18:58:19,070] - [root] - [INFO] - Finished loading mask: 0m 22s
[2026-01-23 18:58:27,427] - [root] - [INFO] - Finished crop and inference: 0m 31s
[2026-01-23 18:58:28,998] - [root] - [INFO] - Analysis finished: 0m 32s
[2026-01-23 18:58:28,998] - [root] - [INFO] - -------------------------------------------
[2026-01-23 18:58:28,998] - [root] - [INFO] - -------------------------------------------
[2026-01-23 18:58:28,999] - [root] - [INFO] - Processing 1-22-2026 5dpi 021-W2021009-175_R1.png
[2026-01-23 18:58:50,436] - [root] - [INFO] - Finished loading mask: 0m 21s
[2026-01-23 18:58:59,612] - [root] - [INFO] - Finished crop and inference: 0m 30s
[2026-01-23 18:59:01,187] - [root] - [INFO] - Analysis finished: 0m 32s
[2026-01-23 18:59:01,187] - [root] - [INFO] - -------------------------------------------
[2026-01-23 18:59:01,187] - [root] - [INFO] - -------------------------------------------
[2026-01-23 18:59:01,187] - [root] - [INFO] - Processing 1-22-2026 5dpi 022-W2021009-198_R2.png
[2026-01-23 18:59:22,878] - [root] - [INFO] - Finished loading mask: 0m 21s
[2026-01-23 18:59:33,753] - [root] - [INFO] - Finished crop and inference: 0m 32s
[2026-01-23 18:59:35,261] - [root] - [INFO] - Analysis finished: 0m 34s
[2026-01-23 18:59:35,261] - [root] - [INFO] - -------------------------------------------
[2026-01-23 18:59:35,261] - [root] - [INFO] - -------------------------------------------
[2026-01-23 18:59:35,261] - [root] - [INFO] - Processing 1-22-2026 5dpi 036-W2021006-047_R2.png
[2026-01-23 18:59:56,970] - [root] - [INFO] - Finished loading mask: 0m 21s
[2026-01-23 19:00:05,671] - [root] - [INFO] - Finished crop and inference: 0m 30s
[2026-01-23 19:00:07,239] - [root] - [INFO] - Analysis finished: 0m 31s
[2026-01-23 19:00:07,239] - [root] - [INFO] - -------------------------------------------
[2026-01-23 19:00:07,239] - [root] - [INFO] - -------------------------------------------
[2026-01-23 19:00:07,239] - [root] - [INFO] - Processing 1-22-2026 5dpi 060-W2021010-324_R2.png
[2026-01-23 19:00:28,477] - [root] - [INFO] - Finished loading mask: 0m 21s
[2026-01-23 19:00:37,244] - [root] - [INFO] - Finished crop and inference: 0m 30s
[2026-01-23 19:00:38,780] - [root] - [INFO] - Analysis finished: 0m 31s
[2026-01-23 19:00:38,780] - [root] - [INFO] - -------------------------------------------
[2026-01-23 19:00:38,780] - [root] - [INFO] - -------------------------------------------
[2026-01-23 19:00:38,780] - [root] - [INFO] - Processing 1-22-2026 5dpi 099-W2021006-611_R2.png
[2026-01-23 19:01:00,326] - [root] - [INFO] - Finished loading mask: 0m 21s
[2026-01-23 19:01:15,051] - [root] - [INFO] - Finished crop and inference: 0m 36s
[2026-01-23 19:01:16,606] - [root] - [INFO] - Analysis finished: 0m 37s
[2026-01-23 19:01:16,607] - [root] - [INFO] - -------------------------------------------
[2026-01-23 19:01:16,607] - [root] - [INFO] - -------------------------------------------
[2026-01-23 19:01:16,607] - [root] - [INFO] - Processing 1-22-2026 5dpi 123-W2021009-255_R2.png
[2026-01-23 19:01:37,764] - [root] - [INFO] - Finished loading mask: 0m 21s
[2026-01-23 19:01:47,840] - [root] - [INFO] - Finished crop and inference: 0m 31s
[2026-01-23 19:01:49,360] - [root] - [INFO] - Analysis finished: 0m 32s
[2026-01-23 19:01:49,360] - [root] - [INFO] - -------------------------------------------
[2026-01-23 19:01:49,360] - [root] - [INFO] - -------------------------------------------
[2026-01-23 19:01:49,360] - [root] - [INFO] - Processing 1-22-2026 5dpi 141-W2021009-274_R1.png
[2026-01-23 19:02:10,231] - [root] - [INFO] - Finished loading mask: 0m 20s
[2026-01-23 19:02:32,988] - [root] - [INFO] - Finished crop and inference: 0m 43s
[2026-01-23 19:02:34,522] - [root] - [INFO] - Analysis finished: 0m 45s
[2026-01-23 19:02:34,522] - [root] - [INFO] - -------------------------------------------
[2026-01-23 19:02:34,522] - [root] - [INFO] - -------------------------------------------
[2026-01-23 19:02:34,522] - [root] - [INFO] - Processing 1-22-2026 5dpi 173-W2021006-127_R2.png
[2026-01-23 19:02:56,333] - [root] - [INFO] - Finished loading mask: 0m 21s
[2026-01-23 19:03:05,165] - [root] - [INFO] - Finished crop and inference: 0m 30s
[2026-01-23 19:03:06,720] - [root] - [INFO] - Analysis finished: 0m 32s
[2026-01-23 19:03:06,720] - [root] - [INFO] - -------------------------------------------
[2026-01-23 19:03:06,720] - [root] - [INFO] - -------------------------------------------
[2026-01-23 19:03:06,720] - [root] - [INFO] - Processing 1-22-2026 5dpi 191-W2021010-449_R1.png
[2026-01-23 19:03:28,079] - [root] - [INFO] - Finished loading mask: 0m 21s
[2026-01-23 19:03:40,320] - [root] - [INFO] - Finished crop and inference: 0m 33s
[2026-01-23 19:03:41,913] - [root] - [INFO] - Analysis finished: 0m 35s
[2026-01-23 19:03:41,914] - [root] - [INFO] - -------------------------------------------
[2026-01-23 19:03:41,914] - [root] - [INFO] - -------------------------------------------
[2026-01-23 19:03:41,914] - [root] - [INFO] - Processing 1-22-2026 5dpi 254-W2021010-352_R2.png
[2026-01-23 19:04:02,319] - [root] - [INFO] - Finished loading mask: 0m 20s
[2026-01-23 19:04:11,281] - [root] - [INFO] - Finished crop and inference: 0m 29s
[2026-01-23 19:04:12,864] - [root] - [INFO] - Analysis finished: 0m 30s
[2026-01-23 19:04:12,864] - [root] - [INFO] - -------------------------------------------
[2026-01-23 19:04:12,864] - [root] - [INFO] - -------------------------------------------
[2026-01-23 19:04:12,864] - [root] - [INFO] - Processing 1-22-2026 5dpi 266-W2021009-193_R1.png
[2026-01-23 19:04:34,210] - [root] - [INFO] - Finished loading mask: 0m 21s
[2026-01-23 19:04:43,254] - [root] - [INFO] - Finished crop and inference: 0m 30s
[2026-01-23 19:04:44,776] - [root] - [INFO] - Analysis finished: 0m 31s
[2026-01-23 19:04:44,777] - [root] - [INFO] - -------------------------------------------
[2026-01-23 19:04:44,777] - [root] - [INFO] - -------------------------------------------
[2026-01-23 19:04:44,777] - [root] - [INFO] - Processing 1-22-2026 5dpi 336-W2021011-506_R2.png
[2026-01-23 19:05:05,832] - [root] - [INFO] - Finished loading mask: 0m 21s
[2026-01-23 19:05:20,766] - [root] - [INFO] - Finished crop and inference: 0m 35s
[2026-01-23 19:05:22,276] - [root] - [INFO] - Analysis finished: 0m 37s
[2026-01-23 19:05:22,276] - [root] - [INFO] - -------------------------------------------
[2026-01-23 19:05:22,331] - [root] - [INFO] - Saved C:\Users\Intel User\Desktop\blackbird_scripts\data\Results\ResNet_upth0.8_downth0.2_Jan22_10-21-00_2026\1-22-2026\th_0.7\severity_rate_tray_5dpi_u0.8_d0.2_ig0.6_sp0.7.csv
             timestamp time_elapsed  ... severity_rate_patch Gradient_sr2
0  2026-01-23 18:56:43       0m 35s  ...               32.69         0.76

[1 rows x 24 columns]
             timestamp time_elapsed  ... severity_rate_patch Gradient_sr2
0  2026-01-23 18:56:43       0m 35s  ...               32.69         0.76
1  2026-01-23 18:57:18       0m 37s  ...               17.55         0.49

[2 rows x 24 columns]
             timestamp time_elapsed  ... severity_rate_patch Gradient_sr2
0  2026-01-23 18:56:43       0m 35s  ...               32.69         0.76
1  2026-01-23 18:57:18       0m 37s  ...               17.55         0.49
2  2026-01-23 18:57:56       0m 32s  ...                0.96         0.02

[3 rows x 24 columns]
             timestamp time_elapsed  ... severity_rate_patch Gradient_sr2
0  2026-01-23 18:56:43       0m 35s  ...               32.69         0.76
1  2026-01-23 18:57:18       0m 37s  ...               17.55         0.49
2  2026-01-23 18:57:56       0m 32s  ...                0.96         0.02
3  2026-01-23 18:58:28       0m 32s  ...                2.19         0.06

[4 rows x 24 columns]
             timestamp time_elapsed  ... severity_rate_patch Gradient_sr2
0  2026-01-23 18:56:43       0m 35s  ...               32.69         0.76
1  2026-01-23 18:57:18       0m 37s  ...               17.55         0.49
2  2026-01-23 18:57:56       0m 32s  ...                0.96         0.02
3  2026-01-23 18:58:28       0m 32s  ...                2.19         0.06
4  2026-01-23 18:59:01       0m 34s  ...               14.26         0.35

[5 rows x 24 columns]
             timestamp time_elapsed  ... severity_rate_patch Gradient_sr2
0  2026-01-23 18:56:43       0m 35s  ...               32.69         0.76
1  2026-01-23 18:57:18       0m 37s  ...               17.55         0.49
2  2026-01-23 18:57:56       0m 32s  ...                0.96         0.02
3  2026-01-23 18:58:28       0m 32s  ...                2.19         0.06
4  2026-01-23 18:59:01       0m 34s  ...               14.26         0.35
5  2026-01-23 18:59:35       0m 31s  ...                0.74         0.02

[6 rows x 24 columns]
             timestamp time_elapsed  ... severity_rate_patch Gradient_sr2
0  2026-01-23 18:56:43       0m 35s  ...               32.69         0.76
1  2026-01-23 18:57:18       0m 37s  ...               17.55         0.49
2  2026-01-23 18:57:56       0m 32s  ...                0.96         0.02
3  2026-01-23 18:58:28       0m 32s  ...                2.19         0.06
4  2026-01-23 18:59:01       0m 34s  ...               14.26         0.35
5  2026-01-23 18:59:35       0m 31s  ...                0.74         0.02
6  2026-01-23 19:00:07       0m 31s  ...                2.00         0.05

[7 rows x 24 columns]
             timestamp time_elapsed  ... severity_rate_patch Gradient_sr2
0  2026-01-23 18:56:43       0m 35s  ...               32.69         0.76
1  2026-01-23 18:57:18       0m 37s  ...               17.55         0.49
2  2026-01-23 18:57:56       0m 32s  ...                0.96         0.02
3  2026-01-23 18:58:28       0m 32s  ...                2.19         0.06
4  2026-01-23 18:59:01       0m 34s  ...               14.26         0.35
5  2026-01-23 18:59:35       0m 31s  ...                0.74         0.02
6  2026-01-23 19:00:07       0m 31s  ...                2.00         0.05
7  2026-01-23 19:00:38       0m 37s  ...               41.28         1.03

[8 rows x 24 columns]
             timestamp time_elapsed  ... severity_rate_patch Gradient_sr2
0  2026-01-23 18:56:43       0m 35s  ...               32.69         0.76
1  2026-01-23 18:57:18       0m 37s  ...               17.55         0.49
2  2026-01-23 18:57:56       0m 32s  ...                0.96         0.02
3  2026-01-23 18:58:28       0m 32s  ...                2.19         0.06
4  2026-01-23 18:59:01       0m 34s  ...               14.26         0.35
5  2026-01-23 18:59:35       0m 31s  ...                0.74         0.02
6  2026-01-23 19:00:07       0m 31s  ...                2.00         0.05
7  2026-01-23 19:00:38       0m 37s  ...               41.28         1.03
8  2026-01-23 19:01:16       0m 32s  ...                8.51         0.20

[9 rows x 24 columns]
             timestamp time_elapsed  ... severity_rate_patch Gradient_sr2
0  2026-01-23 18:56:43       0m 35s  ...               32.69         0.76
1  2026-01-23 18:57:18       0m 37s  ...               17.55         0.49
2  2026-01-23 18:57:56       0m 32s  ...                0.96         0.02
3  2026-01-23 18:58:28       0m 32s  ...                2.19         0.06
4  2026-01-23 18:59:01       0m 34s  ...               14.26         0.35
5  2026-01-23 18:59:35       0m 31s  ...                0.74         0.02
6  2026-01-23 19:00:07       0m 31s  ...                2.00         0.05
7  2026-01-23 19:00:38       0m 37s  ...               41.28         1.03
8  2026-01-23 19:01:16       0m 32s  ...                8.51         0.20
9  2026-01-23 19:01:49       0m 45s  ...               85.14         2.54

[10 rows x 24 columns]
              timestamp time_elapsed  ... severity_rate_patch Gradient_sr2
0   2026-01-23 18:56:43       0m 35s  ...               32.69         0.76
1   2026-01-23 18:57:18       0m 37s  ...               17.55         0.49
2   2026-01-23 18:57:56       0m 32s  ...                0.96         0.02
3   2026-01-23 18:58:28       0m 32s  ...                2.19         0.06
4   2026-01-23 18:59:01       0m 34s  ...               14.26         0.35
5   2026-01-23 18:59:35       0m 31s  ...                0.74         0.02
6   2026-01-23 19:00:07       0m 31s  ...                2.00         0.05
7   2026-01-23 19:00:38       0m 37s  ...               41.28         1.03
8   2026-01-23 19:01:16       0m 32s  ...                8.51         0.20
9   2026-01-23 19:01:49       0m 45s  ...               85.14         2.54
10  2026-01-23 19:02:34       0m 32s  ...                1.19         0.03

[11 rows x 24 columns]
              timestamp time_elapsed  ... severity_rate_patch Gradient_sr2
0   2026-01-23 18:56:43       0m 35s  ...               32.69         0.76
1   2026-01-23 18:57:18       0m 37s  ...               17.55         0.49
2   2026-01-23 18:57:56       0m 32s  ...                0.96         0.02
3   2026-01-23 18:58:28       0m 32s  ...                2.19         0.06
4   2026-01-23 18:59:01       0m 34s  ...               14.26         0.35
5   2026-01-23 18:59:35       0m 31s  ...                0.74         0.02
6   2026-01-23 19:00:07       0m 31s  ...                2.00         0.05
7   2026-01-23 19:00:38       0m 37s  ...               41.28         1.03
8   2026-01-23 19:01:16       0m 32s  ...                8.51         0.20
9   2026-01-23 19:01:49       0m 45s  ...               85.14         2.54
10  2026-01-23 19:02:34       0m 32s  ...                1.19         0.03
11  2026-01-23 19:03:06       0m 35s  ...               19.54         0.53

[12 rows x 24 columns]
              timestamp time_elapsed  ... severity_rate_patch Gradient_sr2
0   2026-01-23 18:56:43       0m 35s  ...               32.69         0.76
1   2026-01-23 18:57:18       0m 37s  ...               17.55         0.49
2   2026-01-23 18:57:56       0m 32s  ...                0.96         0.02
3   2026-01-23 18:58:28       0m 32s  ...                2.19         0.06
4   2026-01-23 18:59:01       0m 34s  ...               14.26         0.35
5   2026-01-23 18:59:35       0m 31s  ...                0.74         0.02
6   2026-01-23 19:00:07       0m 31s  ...                2.00         0.05
7   2026-01-23 19:00:38       0m 37s  ...               41.28         1.03
8   2026-01-23 19:01:16       0m 32s  ...                8.51         0.20
9   2026-01-23 19:01:49       0m 45s  ...               85.14         2.54
10  2026-01-23 19:02:34       0m 32s  ...                1.19         0.03
11  2026-01-23 19:03:06       0m 35s  ...               19.54         0.53
12  2026-01-23 19:03:41       0m 30s  ...                1.45         0.04

[13 rows x 24 columns]
              timestamp time_elapsed  ... severity_rate_patch Gradient_sr2
0   2026-01-23 18:56:43       0m 35s  ...               32.69         0.76
1   2026-01-23 18:57:18       0m 37s  ...               17.55         0.49
2   2026-01-23 18:57:56       0m 32s  ...                0.96         0.02
3   2026-01-23 18:58:28       0m 32s  ...                2.19         0.06
4   2026-01-23 18:59:01       0m 34s  ...               14.26         0.35
5   2026-01-23 18:59:35       0m 31s  ...                0.74         0.02
6   2026-01-23 19:00:07       0m 31s  ...                2.00         0.05
7   2026-01-23 19:00:38       0m 37s  ...               41.28         1.03
8   2026-01-23 19:01:16       0m 32s  ...                8.51         0.20
9   2026-01-23 19:01:49       0m 45s  ...               85.14         2.54
10  2026-01-23 19:02:34       0m 32s  ...                1.19         0.03
11  2026-01-23 19:03:06       0m 35s  ...               19.54         0.53
12  2026-01-23 19:03:41       0m 30s  ...                1.45         0.04
13  2026-01-23 19:04:12       0m 31s  ...                7.24         0.20

[14 rows x 24 columns]
              timestamp time_elapsed  ... severity_rate_patch Gradient_sr2
0   2026-01-23 18:56:43       0m 35s  ...               32.69         0.76
1   2026-01-23 18:57:18       0m 37s  ...               17.55         0.49
2   2026-01-23 18:57:56       0m 32s  ...                0.96         0.02
3   2026-01-23 18:58:28       0m 32s  ...                2.19         0.06
4   2026-01-23 18:59:01       0m 34s  ...               14.26         0.35
5   2026-01-23 18:59:35       0m 31s  ...                0.74         0.02
6   2026-01-23 19:00:07       0m 31s  ...                2.00         0.05
7   2026-01-23 19:00:38       0m 37s  ...               41.28         1.03
8   2026-01-23 19:01:16       0m 32s  ...                8.51         0.20
9   2026-01-23 19:01:49       0m 45s  ...               85.14         2.54
10  2026-01-23 19:02:34       0m 32s  ...                1.19         0.03
11  2026-01-23 19:03:06       0m 35s  ...               19.54         0.53
12  2026-01-23 19:03:41       0m 30s  ...                1.45         0.04
13  2026-01-23 19:04:12       0m 31s  ...                7.24         0.20
14  2026-01-23 19:04:44       0m 37s  ...               44.07         1.18

[15 rows x 24 columns]

real	8m46.686s
user	0m0.000s
sys	0m0.015s
