[2026-01-24 16:25:33,670] - [root] - [INFO] - leaf_correlation_mw.py
[2026-01-24 16:25:33,670] - [root] - [INFO] - model_type       : ResNet
[2026-01-24 16:25:33,670] - [root] - [INFO] - pretrained       : True
[2026-01-24 16:25:33,670] - [root] - [INFO] - loading_epoch    : 65
[2026-01-24 16:25:33,671] - [root] - [INFO] - timestamp        : Jan22_10-21-00_2026
[2026-01-24 16:25:33,671] - [root] - [INFO] - outdim           : 2
[2026-01-24 16:25:33,671] - [root] - [INFO] - dual_head        : True
[2026-01-24 16:25:33,671] - [root] - [INFO] - model_path       : ../..
[2026-01-24 16:25:33,672] - [root] - [INFO] - step_size        : 224
[2026-01-24 16:25:33,672] - [root] - [INFO] - means            : [0.541, 0.6371, 0.4188]
[2026-01-24 16:25:33,672] - [root] - [INFO] - stds             : [0.1764, 0.165, 0.2326]
[2026-01-24 16:25:33,672] - [root] - [INFO] - target_class     : 1
[2026-01-24 16:25:33,672] - [root] - [INFO] - contam_control   : False
[2026-01-24 16:25:33,672] - [root] - [INFO] - spor_th          : 0.9
[2026-01-24 16:25:33,672] - [root] - [INFO] - inf_gate         : 0.3
[2026-01-24 16:25:33,672] - [root] - [INFO] - pm               : HPM-1269
[2026-01-24 16:25:33,672] - [root] - [INFO] - mps              : False
[2026-01-24 16:25:33,672] - [root] - [INFO] - cuda             : True
[2026-01-24 16:25:33,672] - [root] - [INFO] - cuda_id          : 0
[2026-01-24 16:25:33,672] - [root] - [INFO] - sal_threshold    : 0.5
[2026-01-24 16:25:33,673] - [root] - [INFO] - up_threshold     : 0.8
[2026-01-24 16:25:33,673] - [root] - [INFO] - down_threshold   : 0.1
[2026-01-24 16:25:33,673] - [root] - [INFO] - dataset_path     : C:/Users/Intel User/Desktop/blackbird_scripts/data/human_disk_assessments
[2026-01-24 16:25:33,673] - [root] - [INFO] - img_folder       : 1-22-2026
[2026-01-24 16:25:33,673] - [root] - [INFO] - platform         : BlackBird
[2026-01-24 16:25:33,673] - [root] - [INFO] - threshold        : ['0.7']
[2026-01-24 16:25:33,673] - [root] - [INFO] - log              : ../../results/logs/random.log
[2026-01-24 16:25:33,673] - [root] - [INFO] - dpi              : 10
[2026-01-24 16:25:33,673] - [root] - [INFO] - group            : baseline
[2026-01-24 16:25:33,673] - [root] - [INFO] - trays            : ['10dpi']
[2026-01-24 16:25:33,673] - [root] - [INFO] - sal_gradcam      : False
[2026-01-24 16:25:33,674] - [root] - [INFO] - sal_gradient     : True
[2026-01-24 16:25:33,674] - [root] - [INFO] - sal_smoothgrad   : False
[2026-01-24 16:25:33,674] - [root] - [INFO] - sal_deeplift     : False
[2026-01-24 16:25:33,674] - [root] - [INFO] - sal_thresh_method : fixed
[2026-01-24 16:25:33,674] - [root] - [INFO] - sal_thresh_p     : 95.0
[2026-01-24 16:25:34,699] - [root] - [INFO] - -------------------------------------------
[2026-01-24 16:25:34,699] - [root] - [INFO] - Processing 1-22-2026 10dpi 046-W2021009-208_R2.png
[2026-01-24 16:25:57,067] - [root] - [INFO] - Finished loading mask: 0m 22s
[2026-01-24 16:26:09,147] - [root] - [INFO] - Finished crop and inference: 0m 34s
[2026-01-24 16:26:10,962] - [root] - [INFO] - Analysis finished: 0m 36s
[2026-01-24 16:26:10,962] - [root] - [INFO] - -------------------------------------------
[2026-01-24 16:26:10,962] - [root] - [INFO] - -------------------------------------------
[2026-01-24 16:26:10,962] - [root] - [INFO] - Processing 1-22-2026 10dpi 151-W2021011-479_R2.png
[2026-01-24 16:26:33,098] - [root] - [INFO] - Finished loading mask: 0m 22s
[2026-01-24 16:27:02,251] - [root] - [INFO] - Finished crop and inference: 0m 51s
[2026-01-24 16:27:04,048] - [root] - [INFO] - Analysis finished: 0m 53s
[2026-01-24 16:27:04,049] - [root] - [INFO] - -------------------------------------------
[2026-01-24 16:27:04,049] - [root] - [INFO] - -------------------------------------------
[2026-01-24 16:27:04,049] - [root] - [INFO] - Processing 1-22-2026 10dpi 152-W2021010-301_R2.png
[2026-01-24 16:27:26,658] - [root] - [INFO] - Finished loading mask: 0m 22s
[2026-01-24 16:27:38,629] - [root] - [INFO] - Finished crop and inference: 0m 34s
[2026-01-24 16:27:40,435] - [root] - [INFO] - Analysis finished: 0m 36s
[2026-01-24 16:27:40,435] - [root] - [INFO] - -------------------------------------------
[2026-01-24 16:27:40,435] - [root] - [INFO] - -------------------------------------------
[2026-01-24 16:27:40,436] - [root] - [INFO] - Processing 1-22-2026 10dpi 152-W2021011-479_R1.png
[2026-01-24 16:28:02,378] - [root] - [INFO] - Finished loading mask: 0m 21s
[2026-01-24 16:28:21,150] - [root] - [INFO] - Finished crop and inference: 0m 40s
[2026-01-24 16:28:22,850] - [root] - [INFO] - Analysis finished: 0m 42s
[2026-01-24 16:28:22,851] - [root] - [INFO] - -------------------------------------------
[2026-01-24 16:28:22,851] - [root] - [INFO] - -------------------------------------------
[2026-01-24 16:28:22,851] - [root] - [INFO] - Processing 1-22-2026 10dpi 162-W2021011-551_R2.png
[2026-01-24 16:28:43,824] - [root] - [INFO] - Finished loading mask: 0m 20s
[2026-01-24 16:29:13,828] - [root] - [INFO] - Finished crop and inference: 0m 50s
[2026-01-24 16:29:15,633] - [root] - [INFO] - Analysis finished: 0m 52s
[2026-01-24 16:29:15,633] - [root] - [INFO] - -------------------------------------------
[2026-01-24 16:29:15,633] - [root] - [INFO] - -------------------------------------------
[2026-01-24 16:29:15,633] - [root] - [INFO] - Processing 1-22-2026 10dpi 166-W2021006-123_R1.png
[2026-01-24 16:29:37,794] - [root] - [INFO] - Finished loading mask: 0m 22s
[2026-01-24 16:29:47,998] - [root] - [INFO] - Finished crop and inference: 0m 32s
[2026-01-24 16:29:49,865] - [root] - [INFO] - Analysis finished: 0m 34s
[2026-01-24 16:29:49,866] - [root] - [INFO] - -------------------------------------------
[2026-01-24 16:29:49,866] - [root] - [INFO] - -------------------------------------------
[2026-01-24 16:29:49,866] - [root] - [INFO] - Processing 1-22-2026 10dpi 166-W2021006-146_R1.png
[2026-01-24 16:30:12,103] - [root] - [INFO] - Finished loading mask: 0m 22s
[2026-01-24 16:30:34,430] - [root] - [INFO] - Finished crop and inference: 0m 44s
[2026-01-24 16:30:36,233] - [root] - [INFO] - Analysis finished: 0m 46s
[2026-01-24 16:30:36,233] - [root] - [INFO] - -------------------------------------------
[2026-01-24 16:30:36,234] - [root] - [INFO] - -------------------------------------------
[2026-01-24 16:30:36,234] - [root] - [INFO] - Processing 1-22-2026 10dpi 166-W2021006-146_R2.png
[2026-01-24 16:30:58,186] - [root] - [INFO] - Finished loading mask: 0m 21s
[2026-01-24 16:31:12,761] - [root] - [INFO] - Finished crop and inference: 0m 36s
[2026-01-24 16:31:14,550] - [root] - [INFO] - Analysis finished: 0m 38s
[2026-01-24 16:31:14,550] - [root] - [INFO] - -------------------------------------------
[2026-01-24 16:31:14,551] - [root] - [INFO] - -------------------------------------------
[2026-01-24 16:31:14,551] - [root] - [INFO] - Processing 1-22-2026 10dpi 171-W2021011-584_R1.png
[2026-01-24 16:31:36,969] - [root] - [INFO] - Finished loading mask: 0m 22s
[2026-01-24 16:32:02,739] - [root] - [INFO] - Finished crop and inference: 0m 48s
[2026-01-24 16:32:04,508] - [root] - [INFO] - Analysis finished: 0m 49s
[2026-01-24 16:32:04,508] - [root] - [INFO] - -------------------------------------------
[2026-01-24 16:32:04,508] - [root] - [INFO] - -------------------------------------------
[2026-01-24 16:32:04,508] - [root] - [INFO] - Processing 1-22-2026 10dpi 181-W2021009-295_R2.png
[2026-01-24 16:32:26,612] - [root] - [INFO] - Finished loading mask: 0m 22s
[2026-01-24 16:32:43,188] - [root] - [INFO] - Finished crop and inference: 0m 38s
[2026-01-24 16:32:44,914] - [root] - [INFO] - Analysis finished: 0m 40s
[2026-01-24 16:32:44,915] - [root] - [INFO] - -------------------------------------------
[2026-01-24 16:32:44,915] - [root] - [INFO] - -------------------------------------------
[2026-01-24 16:32:44,915] - [root] - [INFO] - Processing 1-22-2026 10dpi 182-W2021009-251_R1.png
[2026-01-24 16:33:07,137] - [root] - [INFO] - Finished loading mask: 0m 22s
[2026-01-24 16:33:19,800] - [root] - [INFO] - Finished crop and inference: 0m 34s
[2026-01-24 16:33:21,490] - [root] - [INFO] - Analysis finished: 0m 36s
[2026-01-24 16:33:21,490] - [root] - [INFO] - -------------------------------------------
[2026-01-24 16:33:21,490] - [root] - [INFO] - -------------------------------------------
[2026-01-24 16:33:21,490] - [root] - [INFO] - Processing 1-22-2026 10dpi 192-W2021010-449_R2.png
[2026-01-24 16:33:43,215] - [root] - [INFO] - Finished loading mask: 0m 21s
[2026-01-24 16:34:06,420] - [root] - [INFO] - Finished crop and inference: 0m 44s
[2026-01-24 16:34:08,187] - [root] - [INFO] - Analysis finished: 0m 46s
[2026-01-24 16:34:08,188] - [root] - [INFO] - -------------------------------------------
[2026-01-24 16:34:08,188] - [root] - [INFO] - -------------------------------------------
[2026-01-24 16:34:08,188] - [root] - [INFO] - Processing 1-22-2026 10dpi 206-W2021009-271_R2.png
[2026-01-24 16:34:30,851] - [root] - [INFO] - Finished loading mask: 0m 22s
[2026-01-24 16:34:58,855] - [root] - [INFO] - Finished crop and inference: 0m 50s
[2026-01-24 16:35:00,673] - [root] - [INFO] - Analysis finished: 0m 52s
[2026-01-24 16:35:00,673] - [root] - [INFO] - -------------------------------------------
[2026-01-24 16:35:00,673] - [root] - [INFO] - -------------------------------------------
[2026-01-24 16:35:00,673] - [root] - [INFO] - Processing 1-22-2026 10dpi 207-W2021009-271_R1.png
[2026-01-24 16:35:22,334] - [root] - [INFO] - Finished loading mask: 0m 21s
[2026-01-24 16:35:36,899] - [root] - [INFO] - Finished crop and inference: 0m 36s
[2026-01-24 16:35:38,655] - [root] - [INFO] - Analysis finished: 0m 37s
[2026-01-24 16:35:38,655] - [root] - [INFO] - -------------------------------------------
[2026-01-24 16:35:38,655] - [root] - [INFO] - -------------------------------------------
[2026-01-24 16:35:38,655] - [root] - [INFO] - Processing 1-22-2026 10dpi 233-W2021006-607_R1.png
[2026-01-24 16:36:00,540] - [root] - [INFO] - Finished loading mask: 0m 21s
[2026-01-24 16:36:14,416] - [root] - [INFO] - Finished crop and inference: 0m 35s
[2026-01-24 16:36:16,353] - [root] - [INFO] - Analysis finished: 0m 37s
[2026-01-24 16:36:16,353] - [root] - [INFO] - -------------------------------------------
[2026-01-24 16:36:16,368] - [root] - [INFO] - Saved C:\Users\Intel User\Desktop\blackbird_scripts\data\Results\ResNet_upth0.8_downth0.1_Jan22_10-21-00_2026\1-22-2026\th_0.7\severity_rate_tray_10dpi_u0.8_d0.1_ig0.3_sp0.9_20260124_163538.csv
             timestamp time_elapsed  ... severity_rate_patch Gradient_sr2
0  2026-01-24 16:25:34       0m 36s  ...                4.66         0.13

[1 rows x 26 columns]
             timestamp time_elapsed  ... severity_rate_patch Gradient_sr2
0  2026-01-24 16:25:34       0m 36s  ...                4.66         0.13
1  2026-01-24 16:26:10       0m 53s  ...               99.36         3.04

[2 rows x 26 columns]
             timestamp time_elapsed  ... severity_rate_patch Gradient_sr2
0  2026-01-24 16:25:34       0m 36s  ...                4.66         0.13
1  2026-01-24 16:26:10       0m 53s  ...               99.36         3.04
2  2026-01-24 16:27:04       0m 36s  ...                1.42         0.03

[3 rows x 26 columns]
             timestamp time_elapsed  ... severity_rate_patch Gradient_sr2
0  2026-01-24 16:25:34       0m 36s  ...                4.66         0.13
1  2026-01-24 16:26:10       0m 53s  ...               99.36         3.04
2  2026-01-24 16:27:04       0m 36s  ...                1.42         0.03
3  2026-01-24 16:27:40       0m 42s  ...               44.27         1.26

[4 rows x 26 columns]
             timestamp time_elapsed  ... severity_rate_patch Gradient_sr2
0  2026-01-24 16:25:34       0m 36s  ...                4.66         0.13
1  2026-01-24 16:26:10       0m 53s  ...               99.36         3.04
2  2026-01-24 16:27:04       0m 36s  ...                1.42         0.03
3  2026-01-24 16:27:40       0m 42s  ...               44.27         1.26
4  2026-01-24 16:28:22       0m 52s  ...               84.26         2.35

[5 rows x 26 columns]
             timestamp time_elapsed  ... severity_rate_patch Gradient_sr2
0  2026-01-24 16:25:34       0m 36s  ...                4.66         0.13
1  2026-01-24 16:26:10       0m 53s  ...               99.36         3.04
2  2026-01-24 16:27:04       0m 36s  ...                1.42         0.03
3  2026-01-24 16:27:40       0m 42s  ...               44.27         1.26
4  2026-01-24 16:28:22       0m 52s  ...               84.26         2.35
5  2026-01-24 16:29:15       0m 34s  ...                0.86         0.02

[6 rows x 26 columns]
             timestamp time_elapsed  ... severity_rate_patch Gradient_sr2
0  2026-01-24 16:25:34       0m 36s  ...                4.66         0.13
1  2026-01-24 16:26:10       0m 53s  ...               99.36         3.04
2  2026-01-24 16:27:04       0m 36s  ...                1.42         0.03
3  2026-01-24 16:27:40       0m 42s  ...               44.27         1.26
4  2026-01-24 16:28:22       0m 52s  ...               84.26         2.35
5  2026-01-24 16:29:15       0m 34s  ...                0.86         0.02
6  2026-01-24 16:29:49       0m 46s  ...               54.38         1.51

[7 rows x 26 columns]
             timestamp time_elapsed  ... severity_rate_patch Gradient_sr2
0  2026-01-24 16:25:34       0m 36s  ...                4.66         0.13
1  2026-01-24 16:26:10       0m 53s  ...               99.36         3.04
2  2026-01-24 16:27:04       0m 36s  ...                1.42         0.03
3  2026-01-24 16:27:40       0m 42s  ...               44.27         1.26
4  2026-01-24 16:28:22       0m 52s  ...               84.26         2.35
5  2026-01-24 16:29:15       0m 34s  ...                0.86         0.02
6  2026-01-24 16:29:49       0m 46s  ...               54.38         1.51
7  2026-01-24 16:30:36       0m 38s  ...               16.61         0.43

[8 rows x 26 columns]
             timestamp time_elapsed  ... severity_rate_patch Gradient_sr2
0  2026-01-24 16:25:34       0m 36s  ...                4.66         0.13
1  2026-01-24 16:26:10       0m 53s  ...               99.36         3.04
2  2026-01-24 16:27:04       0m 36s  ...                1.42         0.03
3  2026-01-24 16:27:40       0m 42s  ...               44.27         1.26
4  2026-01-24 16:28:22       0m 52s  ...               84.26         2.35
5  2026-01-24 16:29:15       0m 34s  ...                0.86         0.02
6  2026-01-24 16:29:49       0m 46s  ...               54.38         1.51
7  2026-01-24 16:30:36       0m 38s  ...               16.61         0.43
8  2026-01-24 16:31:14       0m 49s  ...               70.75         1.88

[9 rows x 26 columns]
             timestamp time_elapsed  ... severity_rate_patch Gradient_sr2
0  2026-01-24 16:25:34       0m 36s  ...                4.66         0.13
1  2026-01-24 16:26:10       0m 53s  ...               99.36         3.04
2  2026-01-24 16:27:04       0m 36s  ...                1.42         0.03
3  2026-01-24 16:27:40       0m 42s  ...               44.27         1.26
4  2026-01-24 16:28:22       0m 52s  ...               84.26         2.35
5  2026-01-24 16:29:15       0m 34s  ...                0.86         0.02
6  2026-01-24 16:29:49       0m 46s  ...               54.38         1.51
7  2026-01-24 16:30:36       0m 38s  ...               16.61         0.43
8  2026-01-24 16:31:14       0m 49s  ...               70.75         1.88
9  2026-01-24 16:32:04       0m 40s  ...               28.24         0.74

[10 rows x 26 columns]
              timestamp time_elapsed  ... severity_rate_patch Gradient_sr2
0   2026-01-24 16:25:34       0m 36s  ...                4.66         0.13
1   2026-01-24 16:26:10       0m 53s  ...               99.36         3.04
2   2026-01-24 16:27:04       0m 36s  ...                1.42         0.03
3   2026-01-24 16:27:40       0m 42s  ...               44.27         1.26
4   2026-01-24 16:28:22       0m 52s  ...               84.26         2.35
5   2026-01-24 16:29:15       0m 34s  ...                0.86         0.02
6   2026-01-24 16:29:49       0m 46s  ...               54.38         1.51
7   2026-01-24 16:30:36       0m 38s  ...               16.61         0.43
8   2026-01-24 16:31:14       0m 49s  ...               70.75         1.88
9   2026-01-24 16:32:04       0m 40s  ...               28.24         0.74
10  2026-01-24 16:32:44       0m 36s  ...                6.53         0.17

[11 rows x 26 columns]
              timestamp time_elapsed  ... severity_rate_patch Gradient_sr2
0   2026-01-24 16:25:34       0m 36s  ...                4.66         0.13
1   2026-01-24 16:26:10       0m 53s  ...               99.36         3.04
2   2026-01-24 16:27:04       0m 36s  ...                1.42         0.03
3   2026-01-24 16:27:40       0m 42s  ...               44.27         1.26
4   2026-01-24 16:28:22       0m 52s  ...               84.26         2.35
5   2026-01-24 16:29:15       0m 34s  ...                0.86         0.02
6   2026-01-24 16:29:49       0m 46s  ...               54.38         1.51
7   2026-01-24 16:30:36       0m 38s  ...               16.61         0.43
8   2026-01-24 16:31:14       0m 49s  ...               70.75         1.88
9   2026-01-24 16:32:04       0m 40s  ...               28.24         0.74
10  2026-01-24 16:32:44       0m 36s  ...                6.53         0.17
11  2026-01-24 16:33:21       0m 46s  ...               68.04         1.85

[12 rows x 26 columns]
              timestamp time_elapsed  ... severity_rate_patch Gradient_sr2
0   2026-01-24 16:25:34       0m 36s  ...                4.66         0.13
1   2026-01-24 16:26:10       0m 53s  ...               99.36         3.04
2   2026-01-24 16:27:04       0m 36s  ...                1.42         0.03
3   2026-01-24 16:27:40       0m 42s  ...               44.27         1.26
4   2026-01-24 16:28:22       0m 52s  ...               84.26         2.35
5   2026-01-24 16:29:15       0m 34s  ...                0.86         0.02
6   2026-01-24 16:29:49       0m 46s  ...               54.38         1.51
7   2026-01-24 16:30:36       0m 38s  ...               16.61         0.43
8   2026-01-24 16:31:14       0m 49s  ...               70.75         1.88
9   2026-01-24 16:32:04       0m 40s  ...               28.24         0.74
10  2026-01-24 16:32:44       0m 36s  ...                6.53         0.17
11  2026-01-24 16:33:21       0m 46s  ...               68.04         1.85
12  2026-01-24 16:34:08       0m 52s  ...               84.66         2.39

[13 rows x 26 columns]
              timestamp time_elapsed  ... severity_rate_patch Gradient_sr2
0   2026-01-24 16:25:34       0m 36s  ...                4.66         0.13
1   2026-01-24 16:26:10       0m 53s  ...               99.36         3.04
2   2026-01-24 16:27:04       0m 36s  ...                1.42         0.03
3   2026-01-24 16:27:40       0m 42s  ...               44.27         1.26
4   2026-01-24 16:28:22       0m 52s  ...               84.26         2.35
5   2026-01-24 16:29:15       0m 34s  ...                0.86         0.02
6   2026-01-24 16:29:49       0m 46s  ...               54.38         1.51
7   2026-01-24 16:30:36       0m 38s  ...               16.61         0.43
8   2026-01-24 16:31:14       0m 49s  ...               70.75         1.88
9   2026-01-24 16:32:04       0m 40s  ...               28.24         0.74
10  2026-01-24 16:32:44       0m 36s  ...                6.53         0.17
11  2026-01-24 16:33:21       0m 46s  ...               68.04         1.85
12  2026-01-24 16:34:08       0m 52s  ...               84.66         2.39
13  2026-01-24 16:35:00       0m 37s  ...               41.06         1.08

[14 rows x 26 columns]
              timestamp time_elapsed  ... severity_rate_patch Gradient_sr2
0   2026-01-24 16:25:34       0m 36s  ...                4.66         0.13
1   2026-01-24 16:26:10       0m 53s  ...               99.36         3.04
2   2026-01-24 16:27:04       0m 36s  ...                1.42         0.03
3   2026-01-24 16:27:40       0m 42s  ...               44.27         1.26
4   2026-01-24 16:28:22       0m 52s  ...               84.26         2.35
5   2026-01-24 16:29:15       0m 34s  ...                0.86         0.02
6   2026-01-24 16:29:49       0m 46s  ...               54.38         1.51
7   2026-01-24 16:30:36       0m 38s  ...               16.61         0.43
8   2026-01-24 16:31:14       0m 49s  ...               70.75         1.88
9   2026-01-24 16:32:04       0m 40s  ...               28.24         0.74
10  2026-01-24 16:32:44       0m 36s  ...                6.53         0.17
11  2026-01-24 16:33:21       0m 46s  ...               68.04         1.85
12  2026-01-24 16:34:08       0m 52s  ...               84.66         2.39
13  2026-01-24 16:35:00       0m 37s  ...               41.06         1.08
14  2026-01-24 16:35:38       0m 37s  ...               22.52         0.54

[15 rows x 26 columns]

real	10m50.668s
user	0m0.015s
sys	0m0.000s
