[2026-01-24 14:20:18,530] - [root] - [INFO] - leaf_correlation_mw.py
[2026-01-24 14:20:18,531] - [root] - [INFO] - model_type       : ResNet
[2026-01-24 14:20:18,531] - [root] - [INFO] - pretrained       : True
[2026-01-24 14:20:18,531] - [root] - [INFO] - loading_epoch    : 59
[2026-01-24 14:20:18,531] - [root] - [INFO] - timestamp        : Feb14_15-53-04_2024
[2026-01-24 14:20:18,531] - [root] - [INFO] - outdim           : 2
[2026-01-24 14:20:18,531] - [root] - [INFO] - dual_head        : False
[2026-01-24 14:20:18,531] - [root] - [INFO] - model_path       : ../..
[2026-01-24 14:20:18,531] - [root] - [INFO] - step_size        : 224
[2026-01-24 14:20:18,531] - [root] - [INFO] - means            : [0.541, 0.6371, 0.4188]
[2026-01-24 14:20:18,531] - [root] - [INFO] - stds             : [0.1764, 0.165, 0.2326]
[2026-01-24 14:20:18,531] - [root] - [INFO] - target_class     : 1
[2026-01-24 14:20:18,531] - [root] - [INFO] - contam_control   : False
[2026-01-24 14:20:18,531] - [root] - [INFO] - spor_th          : None
[2026-01-24 14:20:18,531] - [root] - [INFO] - inf_gate         : None
[2026-01-24 14:20:18,532] - [root] - [INFO] - pm               : HPM-1269
[2026-01-24 14:20:18,532] - [root] - [INFO] - mps              : False
[2026-01-24 14:20:18,532] - [root] - [INFO] - cuda             : True
[2026-01-24 14:20:18,532] - [root] - [INFO] - cuda_id          : 0
[2026-01-24 14:20:18,532] - [root] - [INFO] - sal_threshold    : 0.5
[2026-01-24 14:20:18,532] - [root] - [INFO] - up_threshold     : 0.8
[2026-01-24 14:20:18,532] - [root] - [INFO] - down_threshold   : 0.3
[2026-01-24 14:20:18,532] - [root] - [INFO] - dataset_path     : C:/Users/Intel User/Desktop/blackbird_scripts/data/human_disk_assessments
[2026-01-24 14:20:18,532] - [root] - [INFO] - img_folder       : 1-22-2026
[2026-01-24 14:20:18,532] - [root] - [INFO] - platform         : BlackBird
[2026-01-24 14:20:18,532] - [root] - [INFO] - threshold        : ['0.7']
[2026-01-24 14:20:18,532] - [root] - [INFO] - log              : ../../results/logs/random.log
[2026-01-24 14:20:18,532] - [root] - [INFO] - dpi              : 10
[2026-01-24 14:20:18,532] - [root] - [INFO] - group            : baseline
[2026-01-24 14:20:18,532] - [root] - [INFO] - trays            : ['10dpi']
[2026-01-24 14:20:18,532] - [root] - [INFO] - sal_gradcam      : False
[2026-01-24 14:20:18,532] - [root] - [INFO] - sal_gradient     : True
[2026-01-24 14:20:18,532] - [root] - [INFO] - sal_smoothgrad   : False
[2026-01-24 14:20:18,532] - [root] - [INFO] - sal_deeplift     : False
[2026-01-24 14:20:18,532] - [root] - [INFO] - sal_thresh_method : fixed
[2026-01-24 14:20:18,532] - [root] - [INFO] - sal_thresh_p     : 95.0
[2026-01-24 14:20:19,400] - [root] - [INFO] - -------------------------------------------
[2026-01-24 14:20:19,400] - [root] - [INFO] - Processing 1-22-2026 10dpi 152-W2021011-479_R1.png
[2026-01-24 14:20:34,091] - [root] - [INFO] - Finished loading mask: 0m 14s
[2026-01-24 14:20:48,095] - [root] - [INFO] - Finished crop and inference: 0m 28s
[2026-01-24 14:20:49,034] - [root] - [INFO] - Analysis finished: 0m 29s
[2026-01-24 14:20:49,034] - [root] - [INFO] - -------------------------------------------
[2026-01-24 14:20:49,034] - [root] - [INFO] - -------------------------------------------
[2026-01-24 14:20:49,034] - [root] - [INFO] - Processing 1-22-2026 10dpi 181-W2021009-295_R2.png
[2026-01-24 14:21:04,777] - [root] - [INFO] - Finished loading mask: 0m 15s
[2026-01-24 14:21:16,775] - [root] - [INFO] - Finished crop and inference: 0m 27s
[2026-01-24 14:21:17,740] - [root] - [INFO] - Analysis finished: 0m 28s
[2026-01-24 14:21:17,740] - [root] - [INFO] - -------------------------------------------
[2026-01-24 14:21:17,741] - [root] - [INFO] - -------------------------------------------
[2026-01-24 14:21:17,741] - [root] - [INFO] - Processing 1-22-2026 10dpi 192-W2021010-449_R2.png
[2026-01-24 14:21:33,113] - [root] - [INFO] - Finished loading mask: 0m 15s
[2026-01-24 14:21:50,167] - [root] - [INFO] - Finished crop and inference: 0m 32s
[2026-01-24 14:21:51,152] - [root] - [INFO] - Analysis finished: 0m 33s
[2026-01-24 14:21:51,152] - [root] - [INFO] - -------------------------------------------
[2026-01-24 14:21:51,152] - [root] - [INFO] - -------------------------------------------
[2026-01-24 14:21:51,152] - [root] - [INFO] - Processing 1-22-2026 10dpi 207-W2021009-271_R1.png
[2026-01-24 14:22:07,078] - [root] - [INFO] - Finished loading mask: 0m 15s
[2026-01-24 14:22:16,831] - [root] - [INFO] - Finished crop and inference: 0m 25s
[2026-01-24 14:22:17,783] - [root] - [INFO] - Analysis finished: 0m 26s
[2026-01-24 14:22:17,783] - [root] - [INFO] - -------------------------------------------
[2026-01-24 14:22:17,783] - [root] - [INFO] - -------------------------------------------
[2026-01-24 14:22:17,783] - [root] - [INFO] - Processing 1-22-2026 10dpi 233-W2021006-607_R1.png
[2026-01-24 14:22:33,940] - [root] - [INFO] - Finished loading mask: 0m 16s
[2026-01-24 14:22:42,634] - [root] - [INFO] - Finished crop and inference: 0m 24s
[2026-01-24 14:22:43,487] - [root] - [INFO] - Analysis finished: 0m 25s
[2026-01-24 14:22:43,487] - [root] - [INFO] - -------------------------------------------
[2026-01-24 14:22:43,492] - [root] - [INFO] - Saved C:\Users\Intel User\Desktop\blackbird_scripts\data\Results\ResNet_upth0.8_downth0.3_Feb14_15-53-04_2024\1-22-2026\th_0.7\severity_rate_tray_10dpi_u0.8_d0.3_ig0.3_sp0.8_20260124_142217.csv
WARNING: outdim>=2 but dual_head flag not set. If you're using a dual-head model, please set --dual_head.
             timestamp time_elapsed  ... severity_rate_patch Gradient_sr2
0  2026-01-24 14:20:19       0m 29s  ...               40.45         1.14

[1 rows x 22 columns]
             timestamp time_elapsed  ... severity_rate_patch Gradient_sr2
0  2026-01-24 14:20:19       0m 29s  ...               40.45         1.14
1  2026-01-24 14:20:49       0m 28s  ...               23.59         0.59

[2 rows x 22 columns]
             timestamp time_elapsed  ... severity_rate_patch Gradient_sr2
0  2026-01-24 14:20:19       0m 29s  ...               40.45         1.14
1  2026-01-24 14:20:49       0m 28s  ...               23.59         0.59
2  2026-01-24 14:21:17       0m 33s  ...               65.82         1.83

[3 rows x 22 columns]
             timestamp time_elapsed  ... severity_rate_patch Gradient_sr2
0  2026-01-24 14:20:19       0m 29s  ...               40.45         1.14
1  2026-01-24 14:20:49       0m 28s  ...               23.59         0.59
2  2026-01-24 14:21:17       0m 33s  ...               65.82         1.83
3  2026-01-24 14:21:51       0m 26s  ...               34.65         0.87

[4 rows x 22 columns]
             timestamp time_elapsed  ... severity_rate_patch Gradient_sr2
0  2026-01-24 14:20:19       0m 29s  ...               40.45         1.14
1  2026-01-24 14:20:49       0m 28s  ...               23.59         0.59
2  2026-01-24 14:21:17       0m 33s  ...               65.82         1.83
3  2026-01-24 14:21:51       0m 26s  ...               34.65         0.87
4  2026-01-24 14:22:17       0m 25s  ...               14.63         0.37

[5 rows x 22 columns]

real	2m30.466s
user	0m0.015s
sys	0m0.000s
