[2026-01-24 16:59:10,177] - [root] - [INFO] - leaf_correlation_mw.py
[2026-01-24 16:59:10,177] - [root] - [INFO] - model_type       : ResNet
[2026-01-24 16:59:10,177] - [root] - [INFO] - pretrained       : True
[2026-01-24 16:59:10,177] - [root] - [INFO] - loading_epoch    : 65
[2026-01-24 16:59:10,177] - [root] - [INFO] - timestamp        : Jan22_10-21-00_2026
[2026-01-24 16:59:10,177] - [root] - [INFO] - outdim           : 2
[2026-01-24 16:59:10,177] - [root] - [INFO] - dual_head        : True
[2026-01-24 16:59:10,178] - [root] - [INFO] - model_path       : ../..
[2026-01-24 16:59:10,178] - [root] - [INFO] - step_size        : 224
[2026-01-24 16:59:10,178] - [root] - [INFO] - means            : [0.541, 0.6371, 0.4188]
[2026-01-24 16:59:10,178] - [root] - [INFO] - stds             : [0.1764, 0.165, 0.2326]
[2026-01-24 16:59:10,178] - [root] - [INFO] - target_class     : 1
[2026-01-24 16:59:10,178] - [root] - [INFO] - contam_control   : False
[2026-01-24 16:59:10,178] - [root] - [INFO] - spor_th          : 0.7
[2026-01-24 16:59:10,178] - [root] - [INFO] - inf_gate         : 0.3
[2026-01-24 16:59:10,178] - [root] - [INFO] - pm               : HPM-1269
[2026-01-24 16:59:10,178] - [root] - [INFO] - mps              : False
[2026-01-24 16:59:10,178] - [root] - [INFO] - cuda             : True
[2026-01-24 16:59:10,178] - [root] - [INFO] - cuda_id          : 0
[2026-01-24 16:59:10,178] - [root] - [INFO] - sal_threshold    : 0.5
[2026-01-24 16:59:10,178] - [root] - [INFO] - up_threshold     : 0.7
[2026-01-24 16:59:10,178] - [root] - [INFO] - down_threshold   : 0.1
[2026-01-24 16:59:10,178] - [root] - [INFO] - dataset_path     : C:/Users/Intel User/Desktop/blackbird_scripts/data/human_disk_assessments
[2026-01-24 16:59:10,178] - [root] - [INFO] - img_folder       : 1-22-2026
[2026-01-24 16:59:10,178] - [root] - [INFO] - platform         : BlackBird
[2026-01-24 16:59:10,179] - [root] - [INFO] - threshold        : ['0.7']
[2026-01-24 16:59:10,179] - [root] - [INFO] - log              : ../../results/logs/random.log
[2026-01-24 16:59:10,179] - [root] - [INFO] - dpi              : 10
[2026-01-24 16:59:10,179] - [root] - [INFO] - group            : baseline
[2026-01-24 16:59:10,179] - [root] - [INFO] - trays            : ['10dpi']
[2026-01-24 16:59:10,179] - [root] - [INFO] - sal_gradcam      : False
[2026-01-24 16:59:10,179] - [root] - [INFO] - sal_gradient     : True
[2026-01-24 16:59:10,179] - [root] - [INFO] - sal_smoothgrad   : False
[2026-01-24 16:59:10,179] - [root] - [INFO] - sal_deeplift     : False
[2026-01-24 16:59:10,179] - [root] - [INFO] - sal_thresh_method : fixed
[2026-01-24 16:59:10,179] - [root] - [INFO] - sal_thresh_p     : 95.0
[2026-01-24 16:59:11,408] - [root] - [INFO] - -------------------------------------------
[2026-01-24 16:59:11,408] - [root] - [INFO] - Processing 1-22-2026 10dpi 046-W2021009-208_R2.png
[2026-01-24 16:59:33,958] - [root] - [INFO] - Finished loading mask: 0m 22s
[2026-01-24 16:59:43,659] - [root] - [INFO] - Finished crop and inference: 0m 32s
[2026-01-24 16:59:45,314] - [root] - [INFO] - Analysis finished: 0m 33s
[2026-01-24 16:59:45,314] - [root] - [INFO] - -------------------------------------------
[2026-01-24 16:59:45,315] - [root] - [INFO] - -------------------------------------------
[2026-01-24 16:59:45,315] - [root] - [INFO] - Processing 1-22-2026 10dpi 151-W2021011-479_R2.png
[2026-01-24 17:00:07,761] - [root] - [INFO] - Finished loading mask: 0m 22s
[2026-01-24 17:00:29,370] - [root] - [INFO] - Finished crop and inference: 0m 44s
[2026-01-24 17:00:30,966] - [root] - [INFO] - Analysis finished: 0m 45s
[2026-01-24 17:00:30,967] - [root] - [INFO] - -------------------------------------------
[2026-01-24 17:00:30,967] - [root] - [INFO] - -------------------------------------------
[2026-01-24 17:00:30,967] - [root] - [INFO] - Processing 1-22-2026 10dpi 152-W2021010-301_R2.png
[2026-01-24 17:00:51,625] - [root] - [INFO] - Finished loading mask: 0m 20s
[2026-01-24 17:01:01,170] - [root] - [INFO] - Finished crop and inference: 0m 30s
[2026-01-24 17:01:02,661] - [root] - [INFO] - Analysis finished: 0m 31s
[2026-01-24 17:01:02,661] - [root] - [INFO] - -------------------------------------------
[2026-01-24 17:01:02,661] - [root] - [INFO] - -------------------------------------------
[2026-01-24 17:01:02,661] - [root] - [INFO] - Processing 1-22-2026 10dpi 152-W2021011-479_R1.png
[2026-01-24 17:01:24,434] - [root] - [INFO] - Finished loading mask: 0m 21s
[2026-01-24 17:01:38,364] - [root] - [INFO] - Finished crop and inference: 0m 35s
[2026-01-24 17:01:39,965] - [root] - [INFO] - Analysis finished: 0m 37s
[2026-01-24 17:01:39,966] - [root] - [INFO] - -------------------------------------------
[2026-01-24 17:01:39,966] - [root] - [INFO] - -------------------------------------------
[2026-01-24 17:01:39,966] - [root] - [INFO] - Processing 1-22-2026 10dpi 162-W2021011-551_R2.png
[2026-01-24 17:02:01,105] - [root] - [INFO] - Finished loading mask: 0m 21s
[2026-01-24 17:02:21,351] - [root] - [INFO] - Finished crop and inference: 0m 41s
[2026-01-24 17:02:22,889] - [root] - [INFO] - Analysis finished: 0m 42s
[2026-01-24 17:02:22,889] - [root] - [INFO] - -------------------------------------------
[2026-01-24 17:02:22,889] - [root] - [INFO] - -------------------------------------------
[2026-01-24 17:02:22,889] - [root] - [INFO] - Processing 1-22-2026 10dpi 166-W2021006-123_R1.png
[2026-01-24 17:02:41,991] - [root] - [INFO] - Finished loading mask: 0m 19s
[2026-01-24 17:02:49,816] - [root] - [INFO] - Finished crop and inference: 0m 26s
[2026-01-24 17:02:51,398] - [root] - [INFO] - Analysis finished: 0m 28s
[2026-01-24 17:02:51,398] - [root] - [INFO] - -------------------------------------------
[2026-01-24 17:02:51,398] - [root] - [INFO] - -------------------------------------------
[2026-01-24 17:02:51,398] - [root] - [INFO] - Processing 1-22-2026 10dpi 166-W2021006-146_R1.png
[2026-01-24 17:03:11,409] - [root] - [INFO] - Finished loading mask: 0m 20s
[2026-01-24 17:03:27,338] - [root] - [INFO] - Finished crop and inference: 0m 35s
[2026-01-24 17:03:28,855] - [root] - [INFO] - Analysis finished: 0m 37s
[2026-01-24 17:03:28,855] - [root] - [INFO] - -------------------------------------------
[2026-01-24 17:03:28,855] - [root] - [INFO] - -------------------------------------------
[2026-01-24 17:03:28,855] - [root] - [INFO] - Processing 1-22-2026 10dpi 166-W2021006-146_R2.png
[2026-01-24 17:03:49,312] - [root] - [INFO] - Finished loading mask: 0m 20s
[2026-01-24 17:04:00,204] - [root] - [INFO] - Finished crop and inference: 0m 31s
[2026-01-24 17:04:01,798] - [root] - [INFO] - Analysis finished: 0m 32s
[2026-01-24 17:04:01,798] - [root] - [INFO] - -------------------------------------------
[2026-01-24 17:04:01,798] - [root] - [INFO] - -------------------------------------------
[2026-01-24 17:04:01,798] - [root] - [INFO] - Processing 1-22-2026 10dpi 171-W2021011-584_R1.png
[2026-01-24 17:04:22,395] - [root] - [INFO] - Finished loading mask: 0m 20s
[2026-01-24 17:04:41,659] - [root] - [INFO] - Finished crop and inference: 0m 39s
[2026-01-24 17:04:43,167] - [root] - [INFO] - Analysis finished: 0m 41s
[2026-01-24 17:04:43,167] - [root] - [INFO] - -------------------------------------------
[2026-01-24 17:04:43,167] - [root] - [INFO] - -------------------------------------------
[2026-01-24 17:04:43,167] - [root] - [INFO] - Processing 1-22-2026 10dpi 181-W2021009-295_R2.png
[2026-01-24 17:05:03,966] - [root] - [INFO] - Finished loading mask: 0m 20s
[2026-01-24 17:05:16,740] - [root] - [INFO] - Finished crop and inference: 0m 33s
[2026-01-24 17:05:18,306] - [root] - [INFO] - Analysis finished: 0m 35s
[2026-01-24 17:05:18,306] - [root] - [INFO] - -------------------------------------------
[2026-01-24 17:05:18,306] - [root] - [INFO] - -------------------------------------------
[2026-01-24 17:05:18,307] - [root] - [INFO] - Processing 1-22-2026 10dpi 182-W2021009-251_R1.png
[2026-01-24 17:05:40,549] - [root] - [INFO] - Finished loading mask: 0m 22s
[2026-01-24 17:05:50,757] - [root] - [INFO] - Finished crop and inference: 0m 32s
[2026-01-24 17:05:52,269] - [root] - [INFO] - Analysis finished: 0m 33s
[2026-01-24 17:05:52,269] - [root] - [INFO] - -------------------------------------------
[2026-01-24 17:05:52,269] - [root] - [INFO] - -------------------------------------------
[2026-01-24 17:05:52,269] - [root] - [INFO] - Processing 1-22-2026 10dpi 192-W2021010-449_R2.png
[2026-01-24 17:06:11,760] - [root] - [INFO] - Finished loading mask: 0m 19s
[2026-01-24 17:06:28,911] - [root] - [INFO] - Finished crop and inference: 0m 36s
[2026-01-24 17:06:30,474] - [root] - [INFO] - Analysis finished: 0m 38s
[2026-01-24 17:06:30,474] - [root] - [INFO] - -------------------------------------------
[2026-01-24 17:06:30,474] - [root] - [INFO] - -------------------------------------------
[2026-01-24 17:06:30,474] - [root] - [INFO] - Processing 1-22-2026 10dpi 206-W2021009-271_R2.png
[2026-01-24 17:06:51,613] - [root] - [INFO] - Finished loading mask: 0m 21s
[2026-01-24 17:07:13,077] - [root] - [INFO] - Finished crop and inference: 0m 42s
[2026-01-24 17:07:14,636] - [root] - [INFO] - Analysis finished: 0m 44s
[2026-01-24 17:07:14,636] - [root] - [INFO] - -------------------------------------------
[2026-01-24 17:07:14,636] - [root] - [INFO] - -------------------------------------------
[2026-01-24 17:07:14,636] - [root] - [INFO] - Processing 1-22-2026 10dpi 207-W2021009-271_R1.png
[2026-01-24 17:07:34,984] - [root] - [INFO] - Finished loading mask: 0m 20s
[2026-01-24 17:07:46,541] - [root] - [INFO] - Finished crop and inference: 0m 31s
[2026-01-24 17:07:47,917] - [root] - [INFO] - Analysis finished: 0m 33s
[2026-01-24 17:07:47,917] - [root] - [INFO] - -------------------------------------------
[2026-01-24 17:07:47,917] - [root] - [INFO] - -------------------------------------------
[2026-01-24 17:07:47,917] - [root] - [INFO] - Processing 1-22-2026 10dpi 233-W2021006-607_R1.png
[2026-01-24 17:08:04,701] - [root] - [INFO] - Finished loading mask: 0m 16s
[2026-01-24 17:08:14,874] - [root] - [INFO] - Finished crop and inference: 0m 26s
[2026-01-24 17:08:16,229] - [root] - [INFO] - Analysis finished: 0m 28s
[2026-01-24 17:08:16,229] - [root] - [INFO] - -------------------------------------------
[2026-01-24 17:08:16,245] - [root] - [INFO] - Saved C:\Users\Intel User\Desktop\blackbird_scripts\data\Results\ResNet_upth0.7_downth0.1_Jan22_10-21-00_2026\1-22-2026\th_0.7\severity_rate_tray_10dpi_u0.7_d0.1_ig0.3_sp0.7_20260124_170747.csv
             timestamp time_elapsed  ... severity_rate_patch Gradient_sr2
0  2026-01-24 16:59:11       0m 33s  ...                4.81         0.13

[1 rows x 26 columns]
             timestamp time_elapsed  ... severity_rate_patch Gradient_sr2
0  2026-01-24 16:59:11       0m 33s  ...                4.81         0.13
1  2026-01-24 16:59:45       0m 45s  ...               99.36         3.04

[2 rows x 26 columns]
             timestamp time_elapsed  ... severity_rate_patch Gradient_sr2
0  2026-01-24 16:59:11       0m 33s  ...                4.81         0.13
1  2026-01-24 16:59:45       0m 45s  ...               99.36         3.04
2  2026-01-24 17:00:30       0m 31s  ...                1.84         0.05

[3 rows x 26 columns]
             timestamp time_elapsed  ... severity_rate_patch Gradient_sr2
0  2026-01-24 16:59:11       0m 33s  ...                4.81         0.13
1  2026-01-24 16:59:45       0m 45s  ...               99.36         3.04
2  2026-01-24 17:00:30       0m 31s  ...                1.84         0.05
3  2026-01-24 17:01:02       0m 37s  ...               44.79         1.28

[4 rows x 26 columns]
             timestamp time_elapsed  ... severity_rate_patch Gradient_sr2
0  2026-01-24 16:59:11       0m 33s  ...                4.81         0.13
1  2026-01-24 16:59:45       0m 45s  ...               99.36         3.04
2  2026-01-24 17:00:30       0m 31s  ...                1.84         0.05
3  2026-01-24 17:01:02       0m 37s  ...               44.79         1.28
4  2026-01-24 17:01:39       0m 42s  ...               84.35         2.35

[5 rows x 26 columns]
             timestamp time_elapsed  ... severity_rate_patch Gradient_sr2
0  2026-01-24 16:59:11       0m 33s  ...                4.81         0.13
1  2026-01-24 16:59:45       0m 45s  ...               99.36         3.04
2  2026-01-24 17:00:30       0m 31s  ...                1.84         0.05
3  2026-01-24 17:01:02       0m 37s  ...               44.79         1.28
4  2026-01-24 17:01:39       0m 42s  ...               84.35         2.35
5  2026-01-24 17:02:22       0m 28s  ...                1.20         0.03

[6 rows x 26 columns]
             timestamp time_elapsed  ... severity_rate_patch Gradient_sr2
0  2026-01-24 16:59:11       0m 33s  ...                4.81         0.13
1  2026-01-24 16:59:45       0m 45s  ...               99.36         3.04
2  2026-01-24 17:00:30       0m 31s  ...                1.84         0.05
3  2026-01-24 17:01:02       0m 37s  ...               44.79         1.28
4  2026-01-24 17:01:39       0m 42s  ...               84.35         2.35
5  2026-01-24 17:02:22       0m 28s  ...                1.20         0.03
6  2026-01-24 17:02:51       0m 37s  ...               54.72         1.53

[7 rows x 26 columns]
             timestamp time_elapsed  ... severity_rate_patch Gradient_sr2
0  2026-01-24 16:59:11       0m 33s  ...                4.81         0.13
1  2026-01-24 16:59:45       0m 45s  ...               99.36         3.04
2  2026-01-24 17:00:30       0m 31s  ...                1.84         0.05
3  2026-01-24 17:01:02       0m 37s  ...               44.79         1.28
4  2026-01-24 17:01:39       0m 42s  ...               84.35         2.35
5  2026-01-24 17:02:22       0m 28s  ...                1.20         0.03
6  2026-01-24 17:02:51       0m 37s  ...               54.72         1.53
7  2026-01-24 17:03:28       0m 32s  ...               17.39         0.45

[8 rows x 26 columns]
             timestamp time_elapsed  ... severity_rate_patch Gradient_sr2
0  2026-01-24 16:59:11       0m 33s  ...                4.81         0.13
1  2026-01-24 16:59:45       0m 45s  ...               99.36         3.04
2  2026-01-24 17:00:30       0m 31s  ...                1.84         0.05
3  2026-01-24 17:01:02       0m 37s  ...               44.79         1.28
4  2026-01-24 17:01:39       0m 42s  ...               84.35         2.35
5  2026-01-24 17:02:22       0m 28s  ...                1.20         0.03
6  2026-01-24 17:02:51       0m 37s  ...               54.72         1.53
7  2026-01-24 17:03:28       0m 32s  ...               17.39         0.45
8  2026-01-24 17:04:01       0m 41s  ...               71.26         1.92

[9 rows x 26 columns]
             timestamp time_elapsed  ... severity_rate_patch Gradient_sr2
0  2026-01-24 16:59:11       0m 33s  ...                4.81         0.13
1  2026-01-24 16:59:45       0m 45s  ...               99.36         3.04
2  2026-01-24 17:00:30       0m 31s  ...                1.84         0.05
3  2026-01-24 17:01:02       0m 37s  ...               44.79         1.28
4  2026-01-24 17:01:39       0m 42s  ...               84.35         2.35
5  2026-01-24 17:02:22       0m 28s  ...                1.20         0.03
6  2026-01-24 17:02:51       0m 37s  ...               54.72         1.53
7  2026-01-24 17:03:28       0m 32s  ...               17.39         0.45
8  2026-01-24 17:04:01       0m 41s  ...               71.26         1.92
9  2026-01-24 17:04:43       0m 35s  ...               28.68         0.76

[10 rows x 26 columns]
              timestamp time_elapsed  ... severity_rate_patch Gradient_sr2
0   2026-01-24 16:59:11       0m 33s  ...                4.81         0.13
1   2026-01-24 16:59:45       0m 45s  ...               99.36         3.04
2   2026-01-24 17:00:30       0m 31s  ...                1.84         0.05
3   2026-01-24 17:01:02       0m 37s  ...               44.79         1.28
4   2026-01-24 17:01:39       0m 42s  ...               84.35         2.35
5   2026-01-24 17:02:22       0m 28s  ...                1.20         0.03
6   2026-01-24 17:02:51       0m 37s  ...               54.72         1.53
7   2026-01-24 17:03:28       0m 32s  ...               17.39         0.45
8   2026-01-24 17:04:01       0m 41s  ...               71.26         1.92
9   2026-01-24 17:04:43       0m 35s  ...               28.68         0.76
10  2026-01-24 17:05:18       0m 33s  ...                6.97         0.18

[11 rows x 26 columns]
              timestamp time_elapsed  ... severity_rate_patch Gradient_sr2
0   2026-01-24 16:59:11       0m 33s  ...                4.81         0.13
1   2026-01-24 16:59:45       0m 45s  ...               99.36         3.04
2   2026-01-24 17:00:30       0m 31s  ...                1.84         0.05
3   2026-01-24 17:01:02       0m 37s  ...               44.79         1.28
4   2026-01-24 17:01:39       0m 42s  ...               84.35         2.35
5   2026-01-24 17:02:22       0m 28s  ...                1.20         0.03
6   2026-01-24 17:02:51       0m 37s  ...               54.72         1.53
7   2026-01-24 17:03:28       0m 32s  ...               17.39         0.45
8   2026-01-24 17:04:01       0m 41s  ...               71.26         1.92
9   2026-01-24 17:04:43       0m 35s  ...               28.68         0.76
10  2026-01-24 17:05:18       0m 33s  ...                6.97         0.18
11  2026-01-24 17:05:52       0m 38s  ...               68.09         1.85

[12 rows x 26 columns]
              timestamp time_elapsed  ... severity_rate_patch Gradient_sr2
0   2026-01-24 16:59:11       0m 33s  ...                4.81         0.13
1   2026-01-24 16:59:45       0m 45s  ...               99.36         3.04
2   2026-01-24 17:00:30       0m 31s  ...                1.84         0.05
3   2026-01-24 17:01:02       0m 37s  ...               44.79         1.28
4   2026-01-24 17:01:39       0m 42s  ...               84.35         2.35
5   2026-01-24 17:02:22       0m 28s  ...                1.20         0.03
6   2026-01-24 17:02:51       0m 37s  ...               54.72         1.53
7   2026-01-24 17:03:28       0m 32s  ...               17.39         0.45
8   2026-01-24 17:04:01       0m 41s  ...               71.26         1.92
9   2026-01-24 17:04:43       0m 35s  ...               28.68         0.76
10  2026-01-24 17:05:18       0m 33s  ...                6.97         0.18
11  2026-01-24 17:05:52       0m 38s  ...               68.09         1.85
12  2026-01-24 17:06:30       0m 44s  ...               84.77         2.41

[13 rows x 26 columns]
              timestamp time_elapsed  ... severity_rate_patch Gradient_sr2
0   2026-01-24 16:59:11       0m 33s  ...                4.81         0.13
1   2026-01-24 16:59:45       0m 45s  ...               99.36         3.04
2   2026-01-24 17:00:30       0m 31s  ...                1.84         0.05
3   2026-01-24 17:01:02       0m 37s  ...               44.79         1.28
4   2026-01-24 17:01:39       0m 42s  ...               84.35         2.35
5   2026-01-24 17:02:22       0m 28s  ...                1.20         0.03
6   2026-01-24 17:02:51       0m 37s  ...               54.72         1.53
7   2026-01-24 17:03:28       0m 32s  ...               17.39         0.45
8   2026-01-24 17:04:01       0m 41s  ...               71.26         1.92
9   2026-01-24 17:04:43       0m 35s  ...               28.68         0.76
10  2026-01-24 17:05:18       0m 33s  ...                6.97         0.18
11  2026-01-24 17:05:52       0m 38s  ...               68.09         1.85
12  2026-01-24 17:06:30       0m 44s  ...               84.77         2.41
13  2026-01-24 17:07:14       0m 33s  ...               41.84         1.11

[14 rows x 26 columns]
              timestamp time_elapsed  ... severity_rate_patch Gradient_sr2
0   2026-01-24 16:59:11       0m 33s  ...                4.81         0.13
1   2026-01-24 16:59:45       0m 45s  ...               99.36         3.04
2   2026-01-24 17:00:30       0m 31s  ...                1.84         0.05
3   2026-01-24 17:01:02       0m 37s  ...               44.79         1.28
4   2026-01-24 17:01:39       0m 42s  ...               84.35         2.35
5   2026-01-24 17:02:22       0m 28s  ...                1.20         0.03
6   2026-01-24 17:02:51       0m 37s  ...               54.72         1.53
7   2026-01-24 17:03:28       0m 32s  ...               17.39         0.45
8   2026-01-24 17:04:01       0m 41s  ...               71.26         1.92
9   2026-01-24 17:04:43       0m 35s  ...               28.68         0.76
10  2026-01-24 17:05:18       0m 33s  ...                6.97         0.18
11  2026-01-24 17:05:52       0m 38s  ...               68.09         1.85
12  2026-01-24 17:06:30       0m 44s  ...               84.77         2.41
13  2026-01-24 17:07:14       0m 33s  ...               41.84         1.11
14  2026-01-24 17:07:47       0m 28s  ...               23.62         0.57

[15 rows x 26 columns]

real	9m13.567s
user	0m0.000s
sys	0m0.015s
