[2026-01-23 19:50:10,463] - [root] - [INFO] - leaf_correlation_mw.py
[2026-01-23 19:50:10,464] - [root] - [INFO] - model_type       : ResNet
[2026-01-23 19:50:10,464] - [root] - [INFO] - pretrained       : True
[2026-01-23 19:50:10,464] - [root] - [INFO] - loading_epoch    : 65
[2026-01-23 19:50:10,464] - [root] - [INFO] - timestamp        : Jan22_10-21-00_2026
[2026-01-23 19:50:10,464] - [root] - [INFO] - outdim           : 2
[2026-01-23 19:50:10,464] - [root] - [INFO] - dual_head        : True
[2026-01-23 19:50:10,465] - [root] - [INFO] - model_path       : ../..
[2026-01-23 19:50:10,465] - [root] - [INFO] - step_size        : 224
[2026-01-23 19:50:10,465] - [root] - [INFO] - means            : [0.541, 0.6371, 0.4188]
[2026-01-23 19:50:10,465] - [root] - [INFO] - stds             : [0.1764, 0.165, 0.2326]
[2026-01-23 19:50:10,465] - [root] - [INFO] - target_class     : 1
[2026-01-23 19:50:10,465] - [root] - [INFO] - contam_control   : False
[2026-01-23 19:50:10,465] - [root] - [INFO] - spor_th          : 0.7
[2026-01-23 19:50:10,465] - [root] - [INFO] - inf_gate         : 0.6
[2026-01-23 19:50:10,465] - [root] - [INFO] - pm               : HPM-1269
[2026-01-23 19:50:10,465] - [root] - [INFO] - mps              : False
[2026-01-23 19:50:10,465] - [root] - [INFO] - cuda             : True
[2026-01-23 19:50:10,466] - [root] - [INFO] - cuda_id          : 0
[2026-01-23 19:50:10,466] - [root] - [INFO] - sal_threshold    : 0.5
[2026-01-23 19:50:10,466] - [root] - [INFO] - up_threshold     : 0.9
[2026-01-23 19:50:10,466] - [root] - [INFO] - down_threshold   : 0.3
[2026-01-23 19:50:10,466] - [root] - [INFO] - dataset_path     : C:/Users/Intel User/Desktop/blackbird_scripts/data/human_disk_assessments
[2026-01-23 19:50:10,466] - [root] - [INFO] - img_folder       : 1-22-2026
[2026-01-23 19:50:10,466] - [root] - [INFO] - platform         : BlackBird
[2026-01-23 19:50:10,466] - [root] - [INFO] - threshold        : ['0.7']
[2026-01-23 19:50:10,466] - [root] - [INFO] - log              : ../../results/logs/random.log
[2026-01-23 19:50:10,466] - [root] - [INFO] - dpi              : 5
[2026-01-23 19:50:10,466] - [root] - [INFO] - group            : baseline
[2026-01-23 19:50:10,466] - [root] - [INFO] - trays            : ['5dpi']
[2026-01-23 19:50:10,467] - [root] - [INFO] - sal_gradcam      : False
[2026-01-23 19:50:10,467] - [root] - [INFO] - sal_gradient     : True
[2026-01-23 19:50:10,467] - [root] - [INFO] - sal_smoothgrad   : False
[2026-01-23 19:50:10,467] - [root] - [INFO] - sal_deeplift     : False
[2026-01-23 19:50:10,467] - [root] - [INFO] - sal_thresh_method : fixed
[2026-01-23 19:50:10,467] - [root] - [INFO] - sal_thresh_p     : 95.0
[2026-01-23 19:50:11,388] - [root] - [INFO] - -------------------------------------------
[2026-01-23 19:50:11,388] - [root] - [INFO] - Processing 1-22-2026 5dpi 015-W2021009-160_R1.png
[2026-01-23 19:50:32,065] - [root] - [INFO] - Finished loading mask: 0m 20s
[2026-01-23 19:50:44,275] - [root] - [INFO] - Finished crop and inference: 0m 32s
[2026-01-23 19:50:45,731] - [root] - [INFO] - Analysis finished: 0m 34s
[2026-01-23 19:50:45,732] - [root] - [INFO] - -------------------------------------------
[2026-01-23 19:50:45,732] - [root] - [INFO] - -------------------------------------------
[2026-01-23 19:50:45,732] - [root] - [INFO] - Processing 1-22-2026 5dpi 015-W2021011-633_R1.png
[2026-01-23 19:51:06,863] - [root] - [INFO] - Finished loading mask: 0m 21s
[2026-01-23 19:51:18,820] - [root] - [INFO] - Finished crop and inference: 0m 33s
[2026-01-23 19:51:20,405] - [root] - [INFO] - Analysis finished: 0m 34s
[2026-01-23 19:51:20,405] - [root] - [INFO] - -------------------------------------------
[2026-01-23 19:51:20,405] - [root] - [INFO] - -------------------------------------------
[2026-01-23 19:51:20,405] - [root] - [INFO] - Processing 1-22-2026 5dpi 019-W2021010-428_R2.png
[2026-01-23 19:51:42,019] - [root] - [INFO] - Finished loading mask: 0m 21s
[2026-01-23 19:51:50,197] - [root] - [INFO] - Finished crop and inference: 0m 29s
[2026-01-23 19:51:51,736] - [root] - [INFO] - Analysis finished: 0m 31s
[2026-01-23 19:51:51,736] - [root] - [INFO] - -------------------------------------------
[2026-01-23 19:51:51,736] - [root] - [INFO] - -------------------------------------------
[2026-01-23 19:51:51,736] - [root] - [INFO] - Processing 1-22-2026 5dpi 021-W2021009-175_R1.png
[2026-01-23 19:52:12,675] - [root] - [INFO] - Finished loading mask: 0m 20s
[2026-01-23 19:52:21,951] - [root] - [INFO] - Finished crop and inference: 0m 30s
[2026-01-23 19:52:23,497] - [root] - [INFO] - Analysis finished: 0m 31s
[2026-01-23 19:52:23,497] - [root] - [INFO] - -------------------------------------------
[2026-01-23 19:52:23,497] - [root] - [INFO] - -------------------------------------------
[2026-01-23 19:52:23,497] - [root] - [INFO] - Processing 1-22-2026 5dpi 022-W2021009-198_R2.png
[2026-01-23 19:52:45,281] - [root] - [INFO] - Finished loading mask: 0m 21s
[2026-01-23 19:52:55,721] - [root] - [INFO] - Finished crop and inference: 0m 32s
[2026-01-23 19:52:57,229] - [root] - [INFO] - Analysis finished: 0m 33s
[2026-01-23 19:52:57,229] - [root] - [INFO] - -------------------------------------------
[2026-01-23 19:52:57,229] - [root] - [INFO] - -------------------------------------------
[2026-01-23 19:52:57,229] - [root] - [INFO] - Processing 1-22-2026 5dpi 036-W2021006-047_R2.png
[2026-01-23 19:53:18,684] - [root] - [INFO] - Finished loading mask: 0m 21s
[2026-01-23 19:53:27,389] - [root] - [INFO] - Finished crop and inference: 0m 30s
[2026-01-23 19:53:28,968] - [root] - [INFO] - Analysis finished: 0m 31s
[2026-01-23 19:53:28,968] - [root] - [INFO] - -------------------------------------------
[2026-01-23 19:53:28,968] - [root] - [INFO] - -------------------------------------------
[2026-01-23 19:53:28,968] - [root] - [INFO] - Processing 1-22-2026 5dpi 060-W2021010-324_R2.png
[2026-01-23 19:53:50,433] - [root] - [INFO] - Finished loading mask: 0m 21s
[2026-01-23 19:53:59,220] - [root] - [INFO] - Finished crop and inference: 0m 30s
[2026-01-23 19:54:00,771] - [root] - [INFO] - Analysis finished: 0m 31s
[2026-01-23 19:54:00,771] - [root] - [INFO] - -------------------------------------------
[2026-01-23 19:54:00,771] - [root] - [INFO] - -------------------------------------------
[2026-01-23 19:54:00,771] - [root] - [INFO] - Processing 1-22-2026 5dpi 099-W2021006-611_R2.png
[2026-01-23 19:54:22,571] - [root] - [INFO] - Finished loading mask: 0m 21s
[2026-01-23 19:54:37,487] - [root] - [INFO] - Finished crop and inference: 0m 36s
[2026-01-23 19:54:39,008] - [root] - [INFO] - Analysis finished: 0m 38s
[2026-01-23 19:54:39,008] - [root] - [INFO] - -------------------------------------------
[2026-01-23 19:54:39,008] - [root] - [INFO] - -------------------------------------------
[2026-01-23 19:54:39,008] - [root] - [INFO] - Processing 1-22-2026 5dpi 123-W2021009-255_R2.png
[2026-01-23 19:55:00,160] - [root] - [INFO] - Finished loading mask: 0m 21s
[2026-01-23 19:55:10,245] - [root] - [INFO] - Finished crop and inference: 0m 31s
[2026-01-23 19:55:11,728] - [root] - [INFO] - Analysis finished: 0m 32s
[2026-01-23 19:55:11,728] - [root] - [INFO] - -------------------------------------------
[2026-01-23 19:55:11,728] - [root] - [INFO] - -------------------------------------------
[2026-01-23 19:55:11,728] - [root] - [INFO] - Processing 1-22-2026 5dpi 141-W2021009-274_R1.png
[2026-01-23 19:55:33,055] - [root] - [INFO] - Finished loading mask: 0m 21s
[2026-01-23 19:55:57,404] - [root] - [INFO] - Finished crop and inference: 0m 45s
[2026-01-23 19:55:58,956] - [root] - [INFO] - Analysis finished: 0m 47s
[2026-01-23 19:55:58,956] - [root] - [INFO] - -------------------------------------------
[2026-01-23 19:55:58,956] - [root] - [INFO] - -------------------------------------------
[2026-01-23 19:55:58,957] - [root] - [INFO] - Processing 1-22-2026 5dpi 173-W2021006-127_R2.png
[2026-01-23 19:56:20,558] - [root] - [INFO] - Finished loading mask: 0m 21s
[2026-01-23 19:56:29,526] - [root] - [INFO] - Finished crop and inference: 0m 30s
[2026-01-23 19:56:31,078] - [root] - [INFO] - Analysis finished: 0m 32s
[2026-01-23 19:56:31,079] - [root] - [INFO] - -------------------------------------------
[2026-01-23 19:56:31,079] - [root] - [INFO] - -------------------------------------------
[2026-01-23 19:56:31,079] - [root] - [INFO] - Processing 1-22-2026 5dpi 191-W2021010-449_R1.png
[2026-01-23 19:56:52,088] - [root] - [INFO] - Finished loading mask: 0m 21s
[2026-01-23 19:57:04,184] - [root] - [INFO] - Finished crop and inference: 0m 33s
[2026-01-23 19:57:05,698] - [root] - [INFO] - Analysis finished: 0m 34s
[2026-01-23 19:57:05,698] - [root] - [INFO] - -------------------------------------------
[2026-01-23 19:57:05,698] - [root] - [INFO] - -------------------------------------------
[2026-01-23 19:57:05,699] - [root] - [INFO] - Processing 1-22-2026 5dpi 254-W2021010-352_R2.png
[2026-01-23 19:57:26,463] - [root] - [INFO] - Finished loading mask: 0m 20s
[2026-01-23 19:57:34,109] - [root] - [INFO] - Finished crop and inference: 0m 28s
[2026-01-23 19:57:35,687] - [root] - [INFO] - Analysis finished: 0m 29s
[2026-01-23 19:57:35,687] - [root] - [INFO] - -------------------------------------------
[2026-01-23 19:57:35,687] - [root] - [INFO] - -------------------------------------------
[2026-01-23 19:57:35,687] - [root] - [INFO] - Processing 1-22-2026 5dpi 266-W2021009-193_R1.png
[2026-01-23 19:57:58,623] - [root] - [INFO] - Finished loading mask: 0m 22s
[2026-01-23 19:58:08,036] - [root] - [INFO] - Finished crop and inference: 0m 32s
[2026-01-23 19:58:09,653] - [root] - [INFO] - Analysis finished: 0m 33s
[2026-01-23 19:58:09,653] - [root] - [INFO] - -------------------------------------------
[2026-01-23 19:58:09,653] - [root] - [INFO] - -------------------------------------------
[2026-01-23 19:58:09,653] - [root] - [INFO] - Processing 1-22-2026 5dpi 336-W2021011-506_R2.png
[2026-01-23 19:58:25,735] - [root] - [INFO] - Finished loading mask: 0m 16s
[2026-01-23 19:58:41,266] - [root] - [INFO] - Finished crop and inference: 0m 31s
[2026-01-23 19:58:42,820] - [root] - [INFO] - Analysis finished: 0m 33s
[2026-01-23 19:58:42,820] - [root] - [INFO] - -------------------------------------------
[2026-01-23 19:58:42,827] - [root] - [INFO] - Saved C:\Users\Intel User\Desktop\blackbird_scripts\data\Results\ResNet_upth0.9_downth0.3_Jan22_10-21-00_2026\1-22-2026\th_0.7\severity_rate_tray_5dpi_u0.9_d0.3_ig0.6_sp0.7.csv
             timestamp time_elapsed  ... severity_rate_patch Gradient_sr2
0  2026-01-23 19:50:11       0m 34s  ...               29.07         0.68

[1 rows x 24 columns]
             timestamp time_elapsed  ... severity_rate_patch Gradient_sr2
0  2026-01-23 19:50:11       0m 34s  ...               29.07         0.68
1  2026-01-23 19:50:45       0m 34s  ...               16.86         0.47

[2 rows x 24 columns]
             timestamp time_elapsed  ... severity_rate_patch Gradient_sr2
0  2026-01-23 19:50:11       0m 34s  ...               29.07         0.68
1  2026-01-23 19:50:45       0m 34s  ...               16.86         0.47
2  2026-01-23 19:51:20       0m 31s  ...                0.48         0.01

[3 rows x 24 columns]
             timestamp time_elapsed  ... severity_rate_patch Gradient_sr2
0  2026-01-23 19:50:11       0m 34s  ...               29.07         0.68
1  2026-01-23 19:50:45       0m 34s  ...               16.86         0.47
2  2026-01-23 19:51:20       0m 31s  ...                0.48         0.01
3  2026-01-23 19:51:51       0m 31s  ...                1.89         0.05

[4 rows x 24 columns]
             timestamp time_elapsed  ... severity_rate_patch Gradient_sr2
0  2026-01-23 19:50:11       0m 34s  ...               29.07         0.68
1  2026-01-23 19:50:45       0m 34s  ...               16.86         0.47
2  2026-01-23 19:51:20       0m 31s  ...                0.48         0.01
3  2026-01-23 19:51:51       0m 31s  ...                1.89         0.05
4  2026-01-23 19:52:23       0m 33s  ...                9.98         0.24

[5 rows x 24 columns]
             timestamp time_elapsed  ... severity_rate_patch Gradient_sr2
0  2026-01-23 19:50:11       0m 34s  ...               29.07         0.68
1  2026-01-23 19:50:45       0m 34s  ...               16.86         0.47
2  2026-01-23 19:51:20       0m 31s  ...                0.48         0.01
3  2026-01-23 19:51:51       0m 31s  ...                1.89         0.05
4  2026-01-23 19:52:23       0m 33s  ...                9.98         0.24
5  2026-01-23 19:52:57       0m 31s  ...                0.60         0.02

[6 rows x 24 columns]
             timestamp time_elapsed  ... severity_rate_patch Gradient_sr2
0  2026-01-23 19:50:11       0m 34s  ...               29.07         0.68
1  2026-01-23 19:50:45       0m 34s  ...               16.86         0.47
2  2026-01-23 19:51:20       0m 31s  ...                0.48         0.01
3  2026-01-23 19:51:51       0m 31s  ...                1.89         0.05
4  2026-01-23 19:52:23       0m 33s  ...                9.98         0.24
5  2026-01-23 19:52:57       0m 31s  ...                0.60         0.02
6  2026-01-23 19:53:28       0m 31s  ...                1.67         0.04

[7 rows x 24 columns]
             timestamp time_elapsed  ... severity_rate_patch Gradient_sr2
0  2026-01-23 19:50:11       0m 34s  ...               29.07         0.68
1  2026-01-23 19:50:45       0m 34s  ...               16.86         0.47
2  2026-01-23 19:51:20       0m 31s  ...                0.48         0.01
3  2026-01-23 19:51:51       0m 31s  ...                1.89         0.05
4  2026-01-23 19:52:23       0m 33s  ...                9.98         0.24
5  2026-01-23 19:52:57       0m 31s  ...                0.60         0.02
6  2026-01-23 19:53:28       0m 31s  ...                1.67         0.04
7  2026-01-23 19:54:00       0m 38s  ...               37.48         0.95

[8 rows x 24 columns]
             timestamp time_elapsed  ... severity_rate_patch Gradient_sr2
0  2026-01-23 19:50:11       0m 34s  ...               29.07         0.68
1  2026-01-23 19:50:45       0m 34s  ...               16.86         0.47
2  2026-01-23 19:51:20       0m 31s  ...                0.48         0.01
3  2026-01-23 19:51:51       0m 31s  ...                1.89         0.05
4  2026-01-23 19:52:23       0m 33s  ...                9.98         0.24
5  2026-01-23 19:52:57       0m 31s  ...                0.60         0.02
6  2026-01-23 19:53:28       0m 31s  ...                1.67         0.04
7  2026-01-23 19:54:00       0m 38s  ...               37.48         0.95
8  2026-01-23 19:54:39       0m 32s  ...                6.32         0.15

[9 rows x 24 columns]
             timestamp time_elapsed  ... severity_rate_patch Gradient_sr2
0  2026-01-23 19:50:11       0m 34s  ...               29.07         0.68
1  2026-01-23 19:50:45       0m 34s  ...               16.86         0.47
2  2026-01-23 19:51:20       0m 31s  ...                0.48         0.01
3  2026-01-23 19:51:51       0m 31s  ...                1.89         0.05
4  2026-01-23 19:52:23       0m 33s  ...                9.98         0.24
5  2026-01-23 19:52:57       0m 31s  ...                0.60         0.02
6  2026-01-23 19:53:28       0m 31s  ...                1.67         0.04
7  2026-01-23 19:54:00       0m 38s  ...               37.48         0.95
8  2026-01-23 19:54:39       0m 32s  ...                6.32         0.15
9  2026-01-23 19:55:11       0m 47s  ...               84.14         2.52

[10 rows x 24 columns]
              timestamp time_elapsed  ... severity_rate_patch Gradient_sr2
0   2026-01-23 19:50:11       0m 34s  ...               29.07         0.68
1   2026-01-23 19:50:45       0m 34s  ...               16.86         0.47
2   2026-01-23 19:51:20       0m 31s  ...                0.48         0.01
3   2026-01-23 19:51:51       0m 31s  ...                1.89         0.05
4   2026-01-23 19:52:23       0m 33s  ...                9.98         0.24
5   2026-01-23 19:52:57       0m 31s  ...                0.60         0.02
6   2026-01-23 19:53:28       0m 31s  ...                1.67         0.04
7   2026-01-23 19:54:00       0m 38s  ...               37.48         0.95
8   2026-01-23 19:54:39       0m 32s  ...                6.32         0.15
9   2026-01-23 19:55:11       0m 47s  ...               84.14         2.52
10  2026-01-23 19:55:58       0m 32s  ...                1.04         0.03

[11 rows x 24 columns]
              timestamp time_elapsed  ... severity_rate_patch Gradient_sr2
0   2026-01-23 19:50:11       0m 34s  ...               29.07         0.68
1   2026-01-23 19:50:45       0m 34s  ...               16.86         0.47
2   2026-01-23 19:51:20       0m 31s  ...                0.48         0.01
3   2026-01-23 19:51:51       0m 31s  ...                1.89         0.05
4   2026-01-23 19:52:23       0m 33s  ...                9.98         0.24
5   2026-01-23 19:52:57       0m 31s  ...                0.60         0.02
6   2026-01-23 19:53:28       0m 31s  ...                1.67         0.04
7   2026-01-23 19:54:00       0m 38s  ...               37.48         0.95
8   2026-01-23 19:54:39       0m 32s  ...                6.32         0.15
9   2026-01-23 19:55:11       0m 47s  ...               84.14         2.52
10  2026-01-23 19:55:58       0m 32s  ...                1.04         0.03
11  2026-01-23 19:56:31       0m 34s  ...               17.58         0.48

[12 rows x 24 columns]
              timestamp time_elapsed  ... severity_rate_patch Gradient_sr2
0   2026-01-23 19:50:11       0m 34s  ...               29.07         0.68
1   2026-01-23 19:50:45       0m 34s  ...               16.86         0.47
2   2026-01-23 19:51:20       0m 31s  ...                0.48         0.01
3   2026-01-23 19:51:51       0m 31s  ...                1.89         0.05
4   2026-01-23 19:52:23       0m 33s  ...                9.98         0.24
5   2026-01-23 19:52:57       0m 31s  ...                0.60         0.02
6   2026-01-23 19:53:28       0m 31s  ...                1.67         0.04
7   2026-01-23 19:54:00       0m 38s  ...               37.48         0.95
8   2026-01-23 19:54:39       0m 32s  ...                6.32         0.15
9   2026-01-23 19:55:11       0m 47s  ...               84.14         2.52
10  2026-01-23 19:55:58       0m 32s  ...                1.04         0.03
11  2026-01-23 19:56:31       0m 34s  ...               17.58         0.48
12  2026-01-23 19:57:05       0m 29s  ...                0.91         0.02

[13 rows x 24 columns]
              timestamp time_elapsed  ... severity_rate_patch Gradient_sr2
0   2026-01-23 19:50:11       0m 34s  ...               29.07         0.68
1   2026-01-23 19:50:45       0m 34s  ...               16.86         0.47
2   2026-01-23 19:51:20       0m 31s  ...                0.48         0.01
3   2026-01-23 19:51:51       0m 31s  ...                1.89         0.05
4   2026-01-23 19:52:23       0m 33s  ...                9.98         0.24
5   2026-01-23 19:52:57       0m 31s  ...                0.60         0.02
6   2026-01-23 19:53:28       0m 31s  ...                1.67         0.04
7   2026-01-23 19:54:00       0m 38s  ...               37.48         0.95
8   2026-01-23 19:54:39       0m 32s  ...                6.32         0.15
9   2026-01-23 19:55:11       0m 47s  ...               84.14         2.52
10  2026-01-23 19:55:58       0m 32s  ...                1.04         0.03
11  2026-01-23 19:56:31       0m 34s  ...               17.58         0.48
12  2026-01-23 19:57:05       0m 29s  ...                0.91         0.02
13  2026-01-23 19:57:35       0m 33s  ...                6.09         0.17

[14 rows x 24 columns]
              timestamp time_elapsed  ... severity_rate_patch Gradient_sr2
0   2026-01-23 19:50:11       0m 34s  ...               29.07         0.68
1   2026-01-23 19:50:45       0m 34s  ...               16.86         0.47
2   2026-01-23 19:51:20       0m 31s  ...                0.48         0.01
3   2026-01-23 19:51:51       0m 31s  ...                1.89         0.05
4   2026-01-23 19:52:23       0m 33s  ...                9.98         0.24
5   2026-01-23 19:52:57       0m 31s  ...                0.60         0.02
6   2026-01-23 19:53:28       0m 31s  ...                1.67         0.04
7   2026-01-23 19:54:00       0m 38s  ...               37.48         0.95
8   2026-01-23 19:54:39       0m 32s  ...                6.32         0.15
9   2026-01-23 19:55:11       0m 47s  ...               84.14         2.52
10  2026-01-23 19:55:58       0m 32s  ...                1.04         0.03
11  2026-01-23 19:56:31       0m 34s  ...               17.58         0.48
12  2026-01-23 19:57:05       0m 29s  ...                0.91         0.02
13  2026-01-23 19:57:35       0m 33s  ...                6.09         0.17
14  2026-01-23 19:58:09       0m 33s  ...               42.27         1.15

[15 rows x 24 columns]

real	8m38.887s
user	0m0.000s
sys	0m0.015s
