[2026-01-23 18:04:04,845] - [root] - [INFO] - leaf_correlation_mw.py
[2026-01-23 18:04:04,845] - [root] - [INFO] - model_type       : ResNet
[2026-01-23 18:04:04,845] - [root] - [INFO] - pretrained       : True
[2026-01-23 18:04:04,845] - [root] - [INFO] - loading_epoch    : 65
[2026-01-23 18:04:04,845] - [root] - [INFO] - timestamp        : Jan22_10-21-00_2026
[2026-01-23 18:04:04,845] - [root] - [INFO] - outdim           : 2
[2026-01-23 18:04:04,845] - [root] - [INFO] - dual_head        : True
[2026-01-23 18:04:04,846] - [root] - [INFO] - model_path       : ../..
[2026-01-23 18:04:04,846] - [root] - [INFO] - step_size        : 224
[2026-01-23 18:04:04,846] - [root] - [INFO] - means            : [0.541, 0.6371, 0.4188]
[2026-01-23 18:04:04,846] - [root] - [INFO] - stds             : [0.1764, 0.165, 0.2326]
[2026-01-23 18:04:04,846] - [root] - [INFO] - target_class     : 1
[2026-01-23 18:04:04,846] - [root] - [INFO] - contam_control   : False
[2026-01-23 18:04:04,846] - [root] - [INFO] - spor_th          : 0.7
[2026-01-23 18:04:04,846] - [root] - [INFO] - inf_gate         : 0.6
[2026-01-23 18:04:04,846] - [root] - [INFO] - pm               : HPM-1269
[2026-01-23 18:04:04,846] - [root] - [INFO] - mps              : False
[2026-01-23 18:04:04,846] - [root] - [INFO] - cuda             : True
[2026-01-23 18:04:04,846] - [root] - [INFO] - cuda_id          : 0
[2026-01-23 18:04:04,846] - [root] - [INFO] - sal_threshold    : 0.5
[2026-01-23 18:04:04,846] - [root] - [INFO] - up_threshold     : 0.7
[2026-01-23 18:04:04,846] - [root] - [INFO] - down_threshold   : 0.1
[2026-01-23 18:04:04,846] - [root] - [INFO] - dataset_path     : C:/Users/Intel User/Desktop/blackbird_scripts/data/human_disk_assessments
[2026-01-23 18:04:04,846] - [root] - [INFO] - img_folder       : 1-22-2026
[2026-01-23 18:04:04,846] - [root] - [INFO] - platform         : BlackBird
[2026-01-23 18:04:04,847] - [root] - [INFO] - threshold        : ['0.7']
[2026-01-23 18:04:04,847] - [root] - [INFO] - log              : ../../results/logs/random.log
[2026-01-23 18:04:04,847] - [root] - [INFO] - dpi              : 5
[2026-01-23 18:04:04,847] - [root] - [INFO] - group            : baseline
[2026-01-23 18:04:04,847] - [root] - [INFO] - trays            : ['5dpi']
[2026-01-23 18:04:04,847] - [root] - [INFO] - sal_gradcam      : False
[2026-01-23 18:04:04,847] - [root] - [INFO] - sal_gradient     : True
[2026-01-23 18:04:04,847] - [root] - [INFO] - sal_smoothgrad   : False
[2026-01-23 18:04:04,847] - [root] - [INFO] - sal_deeplift     : False
[2026-01-23 18:04:04,847] - [root] - [INFO] - sal_thresh_method : fixed
[2026-01-23 18:04:04,847] - [root] - [INFO] - sal_thresh_p     : 95.0
[2026-01-23 18:04:05,765] - [root] - [INFO] - -------------------------------------------
[2026-01-23 18:04:05,766] - [root] - [INFO] - Processing 1-22-2026 5dpi 015-W2021009-160_R1.png
[2026-01-23 18:04:21,616] - [root] - [INFO] - Finished loading mask: 0m 15s
[2026-01-23 18:04:35,970] - [root] - [INFO] - Finished crop and inference: 0m 30s
[2026-01-23 18:04:37,987] - [root] - [INFO] - Analysis finished: 0m 32s
[2026-01-23 18:04:37,987] - [root] - [INFO] - -------------------------------------------
[2026-01-23 18:04:37,988] - [root] - [INFO] - -------------------------------------------
[2026-01-23 18:04:37,988] - [root] - [INFO] - Processing 1-22-2026 5dpi 015-W2021011-633_R1.png
[2026-01-23 18:05:00,203] - [root] - [INFO] - Finished loading mask: 0m 22s
[2026-01-23 18:05:13,322] - [root] - [INFO] - Finished crop and inference: 0m 35s
[2026-01-23 18:05:15,407] - [root] - [INFO] - Analysis finished: 0m 37s
[2026-01-23 18:05:15,407] - [root] - [INFO] - -------------------------------------------
[2026-01-23 18:05:15,407] - [root] - [INFO] - -------------------------------------------
[2026-01-23 18:05:15,407] - [root] - [INFO] - Processing 1-22-2026 5dpi 019-W2021010-428_R2.png
[2026-01-23 18:05:37,328] - [root] - [INFO] - Finished loading mask: 0m 21s
[2026-01-23 18:05:46,190] - [root] - [INFO] - Finished crop and inference: 0m 30s
[2026-01-23 18:05:48,199] - [root] - [INFO] - Analysis finished: 0m 32s
[2026-01-23 18:05:48,199] - [root] - [INFO] - -------------------------------------------
[2026-01-23 18:05:48,200] - [root] - [INFO] - -------------------------------------------
[2026-01-23 18:05:48,200] - [root] - [INFO] - Processing 1-22-2026 5dpi 021-W2021009-175_R1.png
[2026-01-23 18:06:09,957] - [root] - [INFO] - Finished loading mask: 0m 21s
[2026-01-23 18:06:20,004] - [root] - [INFO] - Finished crop and inference: 0m 31s
[2026-01-23 18:06:21,886] - [root] - [INFO] - Analysis finished: 0m 33s
[2026-01-23 18:06:21,887] - [root] - [INFO] - -------------------------------------------
[2026-01-23 18:06:21,887] - [root] - [INFO] - -------------------------------------------
[2026-01-23 18:06:21,887] - [root] - [INFO] - Processing 1-22-2026 5dpi 022-W2021009-198_R2.png
[2026-01-23 18:06:43,433] - [root] - [INFO] - Finished loading mask: 0m 21s
[2026-01-23 18:06:55,546] - [root] - [INFO] - Finished crop and inference: 0m 33s
[2026-01-23 18:06:57,396] - [root] - [INFO] - Analysis finished: 0m 35s
[2026-01-23 18:06:57,397] - [root] - [INFO] - -------------------------------------------
[2026-01-23 18:06:57,397] - [root] - [INFO] - -------------------------------------------
[2026-01-23 18:06:57,397] - [root] - [INFO] - Processing 1-22-2026 5dpi 036-W2021006-047_R2.png
[2026-01-23 18:07:18,922] - [root] - [INFO] - Finished loading mask: 0m 21s
[2026-01-23 18:07:28,152] - [root] - [INFO] - Finished crop and inference: 0m 30s
[2026-01-23 18:07:30,048] - [root] - [INFO] - Analysis finished: 0m 32s
[2026-01-23 18:07:30,048] - [root] - [INFO] - -------------------------------------------
[2026-01-23 18:07:30,049] - [root] - [INFO] - -------------------------------------------
[2026-01-23 18:07:30,049] - [root] - [INFO] - Processing 1-22-2026 5dpi 060-W2021010-324_R2.png
[2026-01-23 18:07:52,255] - [root] - [INFO] - Finished loading mask: 0m 22s
[2026-01-23 18:08:01,733] - [root] - [INFO] - Finished crop and inference: 0m 31s
[2026-01-23 18:08:03,739] - [root] - [INFO] - Analysis finished: 0m 33s
[2026-01-23 18:08:03,739] - [root] - [INFO] - -------------------------------------------
[2026-01-23 18:08:03,739] - [root] - [INFO] - -------------------------------------------
[2026-01-23 18:08:03,739] - [root] - [INFO] - Processing 1-22-2026 5dpi 099-W2021006-611_R2.png
[2026-01-23 18:08:26,004] - [root] - [INFO] - Finished loading mask: 0m 22s
[2026-01-23 18:08:42,596] - [root] - [INFO] - Finished crop and inference: 0m 38s
[2026-01-23 18:08:44,635] - [root] - [INFO] - Analysis finished: 0m 40s
[2026-01-23 18:08:44,635] - [root] - [INFO] - -------------------------------------------
[2026-01-23 18:08:44,635] - [root] - [INFO] - -------------------------------------------
[2026-01-23 18:08:44,635] - [root] - [INFO] - Processing 1-22-2026 5dpi 123-W2021009-255_R2.png
[2026-01-23 18:09:06,854] - [root] - [INFO] - Finished loading mask: 0m 22s
[2026-01-23 18:09:17,884] - [root] - [INFO] - Finished crop and inference: 0m 33s
[2026-01-23 18:09:19,910] - [root] - [INFO] - Analysis finished: 0m 35s
[2026-01-23 18:09:19,910] - [root] - [INFO] - -------------------------------------------
[2026-01-23 18:09:19,910] - [root] - [INFO] - -------------------------------------------
[2026-01-23 18:09:19,910] - [root] - [INFO] - Processing 1-22-2026 5dpi 141-W2021009-274_R1.png
[2026-01-23 18:09:42,492] - [root] - [INFO] - Finished loading mask: 0m 22s
[2026-01-23 18:10:07,946] - [root] - [INFO] - Finished crop and inference: 0m 48s
[2026-01-23 18:10:09,917] - [root] - [INFO] - Analysis finished: 0m 50s
[2026-01-23 18:10:09,917] - [root] - [INFO] - -------------------------------------------
[2026-01-23 18:10:09,917] - [root] - [INFO] - -------------------------------------------
[2026-01-23 18:10:09,917] - [root] - [INFO] - Processing 1-22-2026 5dpi 173-W2021006-127_R2.png
[2026-01-23 18:10:32,346] - [root] - [INFO] - Finished loading mask: 0m 22s
[2026-01-23 18:10:41,621] - [root] - [INFO] - Finished crop and inference: 0m 31s
[2026-01-23 18:10:43,412] - [root] - [INFO] - Analysis finished: 0m 33s
[2026-01-23 18:10:43,412] - [root] - [INFO] - -------------------------------------------
[2026-01-23 18:10:43,412] - [root] - [INFO] - -------------------------------------------
[2026-01-23 18:10:43,412] - [root] - [INFO] - Processing 1-22-2026 5dpi 191-W2021010-449_R1.png
[2026-01-23 18:11:05,748] - [root] - [INFO] - Finished loading mask: 0m 22s
[2026-01-23 18:11:18,869] - [root] - [INFO] - Finished crop and inference: 0m 35s
[2026-01-23 18:11:20,521] - [root] - [INFO] - Analysis finished: 0m 37s
[2026-01-23 18:11:20,522] - [root] - [INFO] - -------------------------------------------
[2026-01-23 18:11:20,522] - [root] - [INFO] - -------------------------------------------
[2026-01-23 18:11:20,522] - [root] - [INFO] - Processing 1-22-2026 5dpi 254-W2021010-352_R2.png
[2026-01-23 18:11:42,403] - [root] - [INFO] - Finished loading mask: 0m 21s
[2026-01-23 18:11:50,121] - [root] - [INFO] - Finished crop and inference: 0m 29s
[2026-01-23 18:11:51,946] - [root] - [INFO] - Analysis finished: 0m 31s
[2026-01-23 18:11:51,946] - [root] - [INFO] - -------------------------------------------
[2026-01-23 18:11:51,946] - [root] - [INFO] - -------------------------------------------
[2026-01-23 18:11:51,946] - [root] - [INFO] - Processing 1-22-2026 5dpi 266-W2021009-193_R1.png
[2026-01-23 18:12:13,926] - [root] - [INFO] - Finished loading mask: 0m 21s
[2026-01-23 18:12:23,535] - [root] - [INFO] - Finished crop and inference: 0m 31s
[2026-01-23 18:12:25,274] - [root] - [INFO] - Analysis finished: 0m 33s
[2026-01-23 18:12:25,275] - [root] - [INFO] - -------------------------------------------
[2026-01-23 18:12:25,275] - [root] - [INFO] - -------------------------------------------
[2026-01-23 18:12:25,275] - [root] - [INFO] - Processing 1-22-2026 5dpi 336-W2021011-506_R2.png
[2026-01-23 18:12:47,482] - [root] - [INFO] - Finished loading mask: 0m 22s
[2026-01-23 18:13:03,994] - [root] - [INFO] - Finished crop and inference: 0m 38s
[2026-01-23 18:13:05,977] - [root] - [INFO] - Analysis finished: 0m 40s
[2026-01-23 18:13:05,977] - [root] - [INFO] - -------------------------------------------
[2026-01-23 18:13:05,986] - [root] - [INFO] - Saved C:\Users\Intel User\Desktop\blackbird_scripts\data\Results\ResNet_upth0.7_downth0.1_Jan22_10-21-00_2026\1-22-2026\th_0.7\severity_rate_tray_5dpi_u0.7_d0.1_ig0.6_sp0.7.csv
             timestamp time_elapsed  ... severity_rate_patch Gradient_sr2
0  2026-01-23 18:04:05       0m 32s  ...               37.43         0.86

[1 rows x 24 columns]
             timestamp time_elapsed  ... severity_rate_patch Gradient_sr2
0  2026-01-23 18:04:05       0m 32s  ...               37.43         0.86
1  2026-01-23 18:04:37       0m 37s  ...               19.28         0.54

[2 rows x 24 columns]
             timestamp time_elapsed  ... severity_rate_patch Gradient_sr2
0  2026-01-23 18:04:05       0m 32s  ...               37.43         0.86
1  2026-01-23 18:04:37       0m 37s  ...               19.28         0.54
2  2026-01-23 18:05:15       0m 32s  ...                1.31         0.03

[3 rows x 24 columns]
             timestamp time_elapsed  ... severity_rate_patch Gradient_sr2
0  2026-01-23 18:04:05       0m 32s  ...               37.43         0.86
1  2026-01-23 18:04:37       0m 37s  ...               19.28         0.54
2  2026-01-23 18:05:15       0m 32s  ...                1.31         0.03
3  2026-01-23 18:05:48       0m 33s  ...                2.65         0.07

[4 rows x 24 columns]
             timestamp time_elapsed  ... severity_rate_patch Gradient_sr2
0  2026-01-23 18:04:05       0m 32s  ...               37.43         0.86
1  2026-01-23 18:04:37       0m 37s  ...               19.28         0.54
2  2026-01-23 18:05:15       0m 32s  ...                1.31         0.03
3  2026-01-23 18:05:48       0m 33s  ...                2.65         0.07
4  2026-01-23 18:06:21       0m 35s  ...               18.20         0.42

[5 rows x 24 columns]
             timestamp time_elapsed  ... severity_rate_patch Gradient_sr2
0  2026-01-23 18:04:05       0m 32s  ...               37.43         0.86
1  2026-01-23 18:04:37       0m 37s  ...               19.28         0.54
2  2026-01-23 18:05:15       0m 32s  ...                1.31         0.03
3  2026-01-23 18:05:48       0m 33s  ...                2.65         0.07
4  2026-01-23 18:06:21       0m 35s  ...               18.20         0.42
5  2026-01-23 18:06:57       0m 32s  ...                0.76         0.02

[6 rows x 24 columns]
             timestamp time_elapsed  ... severity_rate_patch Gradient_sr2
0  2026-01-23 18:04:05       0m 32s  ...               37.43         0.86
1  2026-01-23 18:04:37       0m 37s  ...               19.28         0.54
2  2026-01-23 18:05:15       0m 32s  ...                1.31         0.03
3  2026-01-23 18:05:48       0m 33s  ...                2.65         0.07
4  2026-01-23 18:06:21       0m 35s  ...               18.20         0.42
5  2026-01-23 18:06:57       0m 32s  ...                0.76         0.02
6  2026-01-23 18:07:30       0m 33s  ...                2.33         0.06

[7 rows x 24 columns]
             timestamp time_elapsed  ... severity_rate_patch Gradient_sr2
0  2026-01-23 18:04:05       0m 32s  ...               37.43         0.86
1  2026-01-23 18:04:37       0m 37s  ...               19.28         0.54
2  2026-01-23 18:05:15       0m 32s  ...                1.31         0.03
3  2026-01-23 18:05:48       0m 33s  ...                2.65         0.07
4  2026-01-23 18:06:21       0m 35s  ...               18.20         0.42
5  2026-01-23 18:06:57       0m 32s  ...                0.76         0.02
6  2026-01-23 18:07:30       0m 33s  ...                2.33         0.06
7  2026-01-23 18:08:03       0m 40s  ...               45.55         1.12

[8 rows x 24 columns]
             timestamp time_elapsed  ... severity_rate_patch Gradient_sr2
0  2026-01-23 18:04:05       0m 32s  ...               37.43         0.86
1  2026-01-23 18:04:37       0m 37s  ...               19.28         0.54
2  2026-01-23 18:05:15       0m 32s  ...                1.31         0.03
3  2026-01-23 18:05:48       0m 33s  ...                2.65         0.07
4  2026-01-23 18:06:21       0m 35s  ...               18.20         0.42
5  2026-01-23 18:06:57       0m 32s  ...                0.76         0.02
6  2026-01-23 18:07:30       0m 33s  ...                2.33         0.06
7  2026-01-23 18:08:03       0m 40s  ...               45.55         1.12
8  2026-01-23 18:08:44       0m 35s  ...               10.85         0.23

[9 rows x 24 columns]
             timestamp time_elapsed  ... severity_rate_patch Gradient_sr2
0  2026-01-23 18:04:05       0m 32s  ...               37.43         0.86
1  2026-01-23 18:04:37       0m 37s  ...               19.28         0.54
2  2026-01-23 18:05:15       0m 32s  ...                1.31         0.03
3  2026-01-23 18:05:48       0m 33s  ...                2.65         0.07
4  2026-01-23 18:06:21       0m 35s  ...               18.20         0.42
5  2026-01-23 18:06:57       0m 32s  ...                0.76         0.02
6  2026-01-23 18:07:30       0m 33s  ...                2.33         0.06
7  2026-01-23 18:08:03       0m 40s  ...               45.55         1.12
8  2026-01-23 18:08:44       0m 35s  ...               10.85         0.23
9  2026-01-23 18:09:19       0m 49s  ...               86.54         2.56

[10 rows x 24 columns]
              timestamp time_elapsed  ... severity_rate_patch Gradient_sr2
0   2026-01-23 18:04:05       0m 32s  ...               37.43         0.86
1   2026-01-23 18:04:37       0m 37s  ...               19.28         0.54
2   2026-01-23 18:05:15       0m 32s  ...                1.31         0.03
3   2026-01-23 18:05:48       0m 33s  ...                2.65         0.07
4   2026-01-23 18:06:21       0m 35s  ...               18.20         0.42
5   2026-01-23 18:06:57       0m 32s  ...                0.76         0.02
6   2026-01-23 18:07:30       0m 33s  ...                2.33         0.06
7   2026-01-23 18:08:03       0m 40s  ...               45.55         1.12
8   2026-01-23 18:08:44       0m 35s  ...               10.85         0.23
9   2026-01-23 18:09:19       0m 49s  ...               86.54         2.56
10  2026-01-23 18:10:09       0m 33s  ...                1.35         0.04

[11 rows x 24 columns]
              timestamp time_elapsed  ... severity_rate_patch Gradient_sr2
0   2026-01-23 18:04:05       0m 32s  ...               37.43         0.86
1   2026-01-23 18:04:37       0m 37s  ...               19.28         0.54
2   2026-01-23 18:05:15       0m 32s  ...                1.31         0.03
3   2026-01-23 18:05:48       0m 33s  ...                2.65         0.07
4   2026-01-23 18:06:21       0m 35s  ...               18.20         0.42
5   2026-01-23 18:06:57       0m 32s  ...                0.76         0.02
6   2026-01-23 18:07:30       0m 33s  ...                2.33         0.06
7   2026-01-23 18:08:03       0m 40s  ...               45.55         1.12
8   2026-01-23 18:08:44       0m 35s  ...               10.85         0.23
9   2026-01-23 18:09:19       0m 49s  ...               86.54         2.56
10  2026-01-23 18:10:09       0m 33s  ...                1.35         0.04
11  2026-01-23 18:10:43       0m 37s  ...               21.53         0.57

[12 rows x 24 columns]
              timestamp time_elapsed  ... severity_rate_patch Gradient_sr2
0   2026-01-23 18:04:05       0m 32s  ...               37.43         0.86
1   2026-01-23 18:04:37       0m 37s  ...               19.28         0.54
2   2026-01-23 18:05:15       0m 32s  ...                1.31         0.03
3   2026-01-23 18:05:48       0m 33s  ...                2.65         0.07
4   2026-01-23 18:06:21       0m 35s  ...               18.20         0.42
5   2026-01-23 18:06:57       0m 32s  ...                0.76         0.02
6   2026-01-23 18:07:30       0m 33s  ...                2.33         0.06
7   2026-01-23 18:08:03       0m 40s  ...               45.55         1.12
8   2026-01-23 18:08:44       0m 35s  ...               10.85         0.23
9   2026-01-23 18:09:19       0m 49s  ...               86.54         2.56
10  2026-01-23 18:10:09       0m 33s  ...                1.35         0.04
11  2026-01-23 18:10:43       0m 37s  ...               21.53         0.57
12  2026-01-23 18:11:20       0m 31s  ...                1.84         0.05

[13 rows x 24 columns]
              timestamp time_elapsed  ... severity_rate_patch Gradient_sr2
0   2026-01-23 18:04:05       0m 32s  ...               37.43         0.86
1   2026-01-23 18:04:37       0m 37s  ...               19.28         0.54
2   2026-01-23 18:05:15       0m 32s  ...                1.31         0.03
3   2026-01-23 18:05:48       0m 33s  ...                2.65         0.07
4   2026-01-23 18:06:21       0m 35s  ...               18.20         0.42
5   2026-01-23 18:06:57       0m 32s  ...                0.76         0.02
6   2026-01-23 18:07:30       0m 33s  ...                2.33         0.06
7   2026-01-23 18:08:03       0m 40s  ...               45.55         1.12
8   2026-01-23 18:08:44       0m 35s  ...               10.85         0.23
9   2026-01-23 18:09:19       0m 49s  ...               86.54         2.56
10  2026-01-23 18:10:09       0m 33s  ...                1.35         0.04
11  2026-01-23 18:10:43       0m 37s  ...               21.53         0.57
12  2026-01-23 18:11:20       0m 31s  ...                1.84         0.05
13  2026-01-23 18:11:51       0m 33s  ...                8.53         0.22

[14 rows x 24 columns]
              timestamp time_elapsed  ... severity_rate_patch Gradient_sr2
0   2026-01-23 18:04:05       0m 32s  ...               37.43         0.86
1   2026-01-23 18:04:37       0m 37s  ...               19.28         0.54
2   2026-01-23 18:05:15       0m 32s  ...                1.31         0.03
3   2026-01-23 18:05:48       0m 33s  ...                2.65         0.07
4   2026-01-23 18:06:21       0m 35s  ...               18.20         0.42
5   2026-01-23 18:06:57       0m 32s  ...                0.76         0.02
6   2026-01-23 18:07:30       0m 33s  ...                2.33         0.06
7   2026-01-23 18:08:03       0m 40s  ...               45.55         1.12
8   2026-01-23 18:08:44       0m 35s  ...               10.85         0.23
9   2026-01-23 18:09:19       0m 49s  ...               86.54         2.56
10  2026-01-23 18:10:09       0m 33s  ...                1.35         0.04
11  2026-01-23 18:10:43       0m 37s  ...               21.53         0.57
12  2026-01-23 18:11:20       0m 31s  ...                1.84         0.05
13  2026-01-23 18:11:51       0m 33s  ...                8.53         0.22
14  2026-01-23 18:12:25       0m 40s  ...               46.19         1.20

[15 rows x 24 columns]

real	9m7.242s
user	0m0.000s
sys	0m0.000s
