[2026-01-23 19:32:28,310] - [root] - [INFO] - leaf_correlation_mw.py
[2026-01-23 19:32:28,310] - [root] - [INFO] - model_type       : ResNet
[2026-01-23 19:32:28,311] - [root] - [INFO] - pretrained       : True
[2026-01-23 19:32:28,311] - [root] - [INFO] - loading_epoch    : 65
[2026-01-23 19:32:28,311] - [root] - [INFO] - timestamp        : Jan22_10-21-00_2026
[2026-01-23 19:32:28,311] - [root] - [INFO] - outdim           : 2
[2026-01-23 19:32:28,311] - [root] - [INFO] - dual_head        : True
[2026-01-23 19:32:28,311] - [root] - [INFO] - model_path       : ../..
[2026-01-23 19:32:28,311] - [root] - [INFO] - step_size        : 224
[2026-01-23 19:32:28,311] - [root] - [INFO] - means            : [0.541, 0.6371, 0.4188]
[2026-01-23 19:32:28,312] - [root] - [INFO] - stds             : [0.1764, 0.165, 0.2326]
[2026-01-23 19:32:28,312] - [root] - [INFO] - target_class     : 1
[2026-01-23 19:32:28,312] - [root] - [INFO] - contam_control   : False
[2026-01-23 19:32:28,312] - [root] - [INFO] - spor_th          : 0.9
[2026-01-23 19:32:28,312] - [root] - [INFO] - inf_gate         : 0.6
[2026-01-23 19:32:28,312] - [root] - [INFO] - pm               : HPM-1269
[2026-01-23 19:32:28,312] - [root] - [INFO] - mps              : False
[2026-01-23 19:32:28,312] - [root] - [INFO] - cuda             : True
[2026-01-23 19:32:28,312] - [root] - [INFO] - cuda_id          : 0
[2026-01-23 19:32:28,312] - [root] - [INFO] - sal_threshold    : 0.5
[2026-01-23 19:32:28,312] - [root] - [INFO] - up_threshold     : 0.7
[2026-01-23 19:32:28,312] - [root] - [INFO] - down_threshold   : 0.3
[2026-01-23 19:32:28,312] - [root] - [INFO] - dataset_path     : C:/Users/Intel User/Desktop/blackbird_scripts/data/human_disk_assessments
[2026-01-23 19:32:28,312] - [root] - [INFO] - img_folder       : 1-22-2026
[2026-01-23 19:32:28,312] - [root] - [INFO] - platform         : BlackBird
[2026-01-23 19:32:28,313] - [root] - [INFO] - threshold        : ['0.7']
[2026-01-23 19:32:28,313] - [root] - [INFO] - log              : ../../results/logs/random.log
[2026-01-23 19:32:28,313] - [root] - [INFO] - dpi              : 5
[2026-01-23 19:32:28,313] - [root] - [INFO] - group            : baseline
[2026-01-23 19:32:28,313] - [root] - [INFO] - trays            : ['5dpi']
[2026-01-23 19:32:28,313] - [root] - [INFO] - sal_gradcam      : False
[2026-01-23 19:32:28,313] - [root] - [INFO] - sal_gradient     : True
[2026-01-23 19:32:28,313] - [root] - [INFO] - sal_smoothgrad   : False
[2026-01-23 19:32:28,313] - [root] - [INFO] - sal_deeplift     : False
[2026-01-23 19:32:28,313] - [root] - [INFO] - sal_thresh_method : fixed
[2026-01-23 19:32:28,313] - [root] - [INFO] - sal_thresh_p     : 95.0
[2026-01-23 19:32:29,530] - [root] - [INFO] - -------------------------------------------
[2026-01-23 19:32:29,530] - [root] - [INFO] - Processing 1-22-2026 5dpi 015-W2021009-160_R1.png
[2026-01-23 19:32:51,251] - [root] - [INFO] - Finished loading mask: 0m 21s
[2026-01-23 19:33:04,756] - [root] - [INFO] - Finished crop and inference: 0m 35s
[2026-01-23 19:33:06,464] - [root] - [INFO] - Analysis finished: 0m 36s
[2026-01-23 19:33:06,464] - [root] - [INFO] - -------------------------------------------
[2026-01-23 19:33:06,465] - [root] - [INFO] - -------------------------------------------
[2026-01-23 19:33:06,465] - [root] - [INFO] - Processing 1-22-2026 5dpi 015-W2021011-633_R1.png
[2026-01-23 19:33:28,058] - [root] - [INFO] - Finished loading mask: 0m 21s
[2026-01-23 19:33:40,621] - [root] - [INFO] - Finished crop and inference: 0m 34s
[2026-01-23 19:33:42,469] - [root] - [INFO] - Analysis finished: 0m 36s
[2026-01-23 19:33:42,470] - [root] - [INFO] - -------------------------------------------
[2026-01-23 19:33:42,470] - [root] - [INFO] - -------------------------------------------
[2026-01-23 19:33:42,470] - [root] - [INFO] - Processing 1-22-2026 5dpi 019-W2021010-428_R2.png
[2026-01-23 19:34:04,558] - [root] - [INFO] - Finished loading mask: 0m 22s
[2026-01-23 19:34:13,229] - [root] - [INFO] - Finished crop and inference: 0m 30s
[2026-01-23 19:34:14,904] - [root] - [INFO] - Analysis finished: 0m 32s
[2026-01-23 19:34:14,904] - [root] - [INFO] - -------------------------------------------
[2026-01-23 19:34:14,904] - [root] - [INFO] - -------------------------------------------
[2026-01-23 19:34:14,904] - [root] - [INFO] - Processing 1-22-2026 5dpi 021-W2021009-175_R1.png
[2026-01-23 19:34:36,572] - [root] - [INFO] - Finished loading mask: 0m 21s
[2026-01-23 19:34:46,090] - [root] - [INFO] - Finished crop and inference: 0m 31s
[2026-01-23 19:34:47,671] - [root] - [INFO] - Analysis finished: 0m 32s
[2026-01-23 19:34:47,671] - [root] - [INFO] - -------------------------------------------
[2026-01-23 19:34:47,671] - [root] - [INFO] - -------------------------------------------
[2026-01-23 19:34:47,671] - [root] - [INFO] - Processing 1-22-2026 5dpi 022-W2021009-198_R2.png
[2026-01-23 19:35:09,934] - [root] - [INFO] - Finished loading mask: 0m 22s
[2026-01-23 19:35:21,305] - [root] - [INFO] - Finished crop and inference: 0m 33s
[2026-01-23 19:35:22,875] - [root] - [INFO] - Analysis finished: 0m 35s
[2026-01-23 19:35:22,875] - [root] - [INFO] - -------------------------------------------
[2026-01-23 19:35:22,875] - [root] - [INFO] - -------------------------------------------
[2026-01-23 19:35:22,875] - [root] - [INFO] - Processing 1-22-2026 5dpi 036-W2021006-047_R2.png
[2026-01-23 19:35:44,443] - [root] - [INFO] - Finished loading mask: 0m 21s
[2026-01-23 19:35:53,559] - [root] - [INFO] - Finished crop and inference: 0m 30s
[2026-01-23 19:35:55,227] - [root] - [INFO] - Analysis finished: 0m 32s
[2026-01-23 19:35:55,228] - [root] - [INFO] - -------------------------------------------
[2026-01-23 19:35:55,228] - [root] - [INFO] - -------------------------------------------
[2026-01-23 19:35:55,228] - [root] - [INFO] - Processing 1-22-2026 5dpi 060-W2021010-324_R2.png
[2026-01-23 19:36:17,149] - [root] - [INFO] - Finished loading mask: 0m 21s
[2026-01-23 19:36:26,485] - [root] - [INFO] - Finished crop and inference: 0m 31s
[2026-01-23 19:36:28,126] - [root] - [INFO] - Analysis finished: 0m 32s
[2026-01-23 19:36:28,126] - [root] - [INFO] - -------------------------------------------
[2026-01-23 19:36:28,127] - [root] - [INFO] - -------------------------------------------
[2026-01-23 19:36:28,127] - [root] - [INFO] - Processing 1-22-2026 5dpi 099-W2021006-611_R2.png
[2026-01-23 19:36:50,195] - [root] - [INFO] - Finished loading mask: 0m 22s
[2026-01-23 19:37:05,391] - [root] - [INFO] - Finished crop and inference: 0m 37s
[2026-01-23 19:37:07,014] - [root] - [INFO] - Analysis finished: 0m 38s
[2026-01-23 19:37:07,015] - [root] - [INFO] - -------------------------------------------
[2026-01-23 19:37:07,015] - [root] - [INFO] - -------------------------------------------
[2026-01-23 19:37:07,015] - [root] - [INFO] - Processing 1-22-2026 5dpi 123-W2021009-255_R2.png
[2026-01-23 19:37:27,823] - [root] - [INFO] - Finished loading mask: 0m 20s
[2026-01-23 19:37:38,462] - [root] - [INFO] - Finished crop and inference: 0m 31s
[2026-01-23 19:37:40,025] - [root] - [INFO] - Analysis finished: 0m 33s
[2026-01-23 19:37:40,026] - [root] - [INFO] - -------------------------------------------
[2026-01-23 19:37:40,026] - [root] - [INFO] - -------------------------------------------
[2026-01-23 19:37:40,026] - [root] - [INFO] - Processing 1-22-2026 5dpi 141-W2021009-274_R1.png
[2026-01-23 19:38:01,087] - [root] - [INFO] - Finished loading mask: 0m 21s
[2026-01-23 19:38:23,718] - [root] - [INFO] - Finished crop and inference: 0m 43s
[2026-01-23 19:38:25,341] - [root] - [INFO] - Analysis finished: 0m 45s
[2026-01-23 19:38:25,342] - [root] - [INFO] - -------------------------------------------
[2026-01-23 19:38:25,342] - [root] - [INFO] - -------------------------------------------
[2026-01-23 19:38:25,342] - [root] - [INFO] - Processing 1-22-2026 5dpi 173-W2021006-127_R2.png
[2026-01-23 19:38:47,226] - [root] - [INFO] - Finished loading mask: 0m 21s
[2026-01-23 19:38:56,308] - [root] - [INFO] - Finished crop and inference: 0m 30s
[2026-01-23 19:38:57,885] - [root] - [INFO] - Analysis finished: 0m 32s
[2026-01-23 19:38:57,885] - [root] - [INFO] - -------------------------------------------
[2026-01-23 19:38:57,885] - [root] - [INFO] - -------------------------------------------
[2026-01-23 19:38:57,885] - [root] - [INFO] - Processing 1-22-2026 5dpi 191-W2021010-449_R1.png
[2026-01-23 19:39:19,521] - [root] - [INFO] - Finished loading mask: 0m 21s
[2026-01-23 19:39:31,913] - [root] - [INFO] - Finished crop and inference: 0m 34s
[2026-01-23 19:39:33,666] - [root] - [INFO] - Analysis finished: 0m 35s
[2026-01-23 19:39:33,666] - [root] - [INFO] - -------------------------------------------
[2026-01-23 19:39:33,666] - [root] - [INFO] - -------------------------------------------
[2026-01-23 19:39:33,666] - [root] - [INFO] - Processing 1-22-2026 5dpi 254-W2021010-352_R2.png
[2026-01-23 19:39:54,962] - [root] - [INFO] - Finished loading mask: 0m 21s
[2026-01-23 19:40:02,665] - [root] - [INFO] - Finished crop and inference: 0m 28s
[2026-01-23 19:40:04,246] - [root] - [INFO] - Analysis finished: 0m 30s
[2026-01-23 19:40:04,246] - [root] - [INFO] - -------------------------------------------
[2026-01-23 19:40:04,246] - [root] - [INFO] - -------------------------------------------
[2026-01-23 19:40:04,246] - [root] - [INFO] - Processing 1-22-2026 5dpi 266-W2021009-193_R1.png
[2026-01-23 19:40:26,120] - [root] - [INFO] - Finished loading mask: 0m 21s
[2026-01-23 19:40:35,337] - [root] - [INFO] - Finished crop and inference: 0m 31s
[2026-01-23 19:40:36,897] - [root] - [INFO] - Analysis finished: 0m 32s
[2026-01-23 19:40:36,897] - [root] - [INFO] - -------------------------------------------
[2026-01-23 19:40:36,897] - [root] - [INFO] - -------------------------------------------
[2026-01-23 19:40:36,897] - [root] - [INFO] - Processing 1-22-2026 5dpi 336-W2021011-506_R2.png
[2026-01-23 19:40:58,243] - [root] - [INFO] - Finished loading mask: 0m 21s
[2026-01-23 19:41:13,587] - [root] - [INFO] - Finished crop and inference: 0m 36s
[2026-01-23 19:41:15,157] - [root] - [INFO] - Analysis finished: 0m 38s
[2026-01-23 19:41:15,157] - [root] - [INFO] - -------------------------------------------
[2026-01-23 19:41:15,164] - [root] - [INFO] - Saved C:\Users\Intel User\Desktop\blackbird_scripts\data\Results\ResNet_upth0.7_downth0.3_Jan22_10-21-00_2026\1-22-2026\th_0.7\severity_rate_tray_5dpi_u0.7_d0.3_ig0.6_sp0.9.csv
             timestamp time_elapsed  ... severity_rate_patch Gradient_sr2
0  2026-01-23 19:32:29       0m 36s  ...               34.47         0.86

[1 rows x 24 columns]
             timestamp time_elapsed  ... severity_rate_patch Gradient_sr2
0  2026-01-23 19:32:29       0m 36s  ...               34.47         0.86
1  2026-01-23 19:33:06       0m 35s  ...               18.73         0.54

[2 rows x 24 columns]
             timestamp time_elapsed  ... severity_rate_patch Gradient_sr2
0  2026-01-23 19:32:29       0m 36s  ...               34.47         0.86
1  2026-01-23 19:33:06       0m 35s  ...               18.73         0.54
2  2026-01-23 19:33:42       0m 32s  ...                1.28         0.03

[3 rows x 24 columns]
             timestamp time_elapsed  ... severity_rate_patch Gradient_sr2
0  2026-01-23 19:32:29       0m 36s  ...               34.47         0.86
1  2026-01-23 19:33:06       0m 35s  ...               18.73         0.54
2  2026-01-23 19:33:42       0m 32s  ...                1.28         0.03
3  2026-01-23 19:34:14       0m 32s  ...                2.60         0.07

[4 rows x 24 columns]
             timestamp time_elapsed  ... severity_rate_patch Gradient_sr2
0  2026-01-23 19:32:29       0m 36s  ...               34.47         0.86
1  2026-01-23 19:33:06       0m 35s  ...               18.73         0.54
2  2026-01-23 19:33:42       0m 32s  ...                1.28         0.03
3  2026-01-23 19:34:14       0m 32s  ...                2.60         0.07
4  2026-01-23 19:34:47       0m 35s  ...               15.96         0.42

[5 rows x 24 columns]
             timestamp time_elapsed  ... severity_rate_patch Gradient_sr2
0  2026-01-23 19:32:29       0m 36s  ...               34.47         0.86
1  2026-01-23 19:33:06       0m 35s  ...               18.73         0.54
2  2026-01-23 19:33:42       0m 32s  ...                1.28         0.03
3  2026-01-23 19:34:14       0m 32s  ...                2.60         0.07
4  2026-01-23 19:34:47       0m 35s  ...               15.96         0.42
5  2026-01-23 19:35:22       0m 32s  ...                0.74         0.02

[6 rows x 24 columns]
             timestamp time_elapsed  ... severity_rate_patch Gradient_sr2
0  2026-01-23 19:32:29       0m 36s  ...               34.47         0.86
1  2026-01-23 19:33:06       0m 35s  ...               18.73         0.54
2  2026-01-23 19:33:42       0m 32s  ...                1.28         0.03
3  2026-01-23 19:34:14       0m 32s  ...                2.60         0.07
4  2026-01-23 19:34:47       0m 35s  ...               15.96         0.42
5  2026-01-23 19:35:22       0m 32s  ...                0.74         0.02
6  2026-01-23 19:35:55       0m 32s  ...                2.26         0.06

[7 rows x 24 columns]
             timestamp time_elapsed  ... severity_rate_patch Gradient_sr2
0  2026-01-23 19:32:29       0m 36s  ...               34.47         0.86
1  2026-01-23 19:33:06       0m 35s  ...               18.73         0.54
2  2026-01-23 19:33:42       0m 32s  ...                1.28         0.03
3  2026-01-23 19:34:14       0m 32s  ...                2.60         0.07
4  2026-01-23 19:34:47       0m 35s  ...               15.96         0.42
5  2026-01-23 19:35:22       0m 32s  ...                0.74         0.02
6  2026-01-23 19:35:55       0m 32s  ...                2.26         0.06
7  2026-01-23 19:36:28       0m 38s  ...               41.10         1.12

[8 rows x 24 columns]
             timestamp time_elapsed  ... severity_rate_patch Gradient_sr2
0  2026-01-23 19:32:29       0m 36s  ...               34.47         0.86
1  2026-01-23 19:33:06       0m 35s  ...               18.73         0.54
2  2026-01-23 19:33:42       0m 32s  ...                1.28         0.03
3  2026-01-23 19:34:14       0m 32s  ...                2.60         0.07
4  2026-01-23 19:34:47       0m 35s  ...               15.96         0.42
5  2026-01-23 19:35:22       0m 32s  ...                0.74         0.02
6  2026-01-23 19:35:55       0m 32s  ...                2.26         0.06
7  2026-01-23 19:36:28       0m 38s  ...               41.10         1.12
8  2026-01-23 19:37:07       0m 32s  ...                9.33         0.23

[9 rows x 24 columns]
             timestamp time_elapsed  ... severity_rate_patch Gradient_sr2
0  2026-01-23 19:32:29       0m 36s  ...               34.47         0.86
1  2026-01-23 19:33:06       0m 35s  ...               18.73         0.54
2  2026-01-23 19:33:42       0m 32s  ...                1.28         0.03
3  2026-01-23 19:34:14       0m 32s  ...                2.60         0.07
4  2026-01-23 19:34:47       0m 35s  ...               15.96         0.42
5  2026-01-23 19:35:22       0m 32s  ...                0.74         0.02
6  2026-01-23 19:35:55       0m 32s  ...                2.26         0.06
7  2026-01-23 19:36:28       0m 38s  ...               41.10         1.12
8  2026-01-23 19:37:07       0m 32s  ...                9.33         0.23
9  2026-01-23 19:37:40       0m 45s  ...               84.40         2.56

[10 rows x 24 columns]
              timestamp time_elapsed  ... severity_rate_patch Gradient_sr2
0   2026-01-23 19:32:29       0m 36s  ...               34.47         0.86
1   2026-01-23 19:33:06       0m 35s  ...               18.73         0.54
2   2026-01-23 19:33:42       0m 32s  ...                1.28         0.03
3   2026-01-23 19:34:14       0m 32s  ...                2.60         0.07
4   2026-01-23 19:34:47       0m 35s  ...               15.96         0.42
5   2026-01-23 19:35:22       0m 32s  ...                0.74         0.02
6   2026-01-23 19:35:55       0m 32s  ...                2.26         0.06
7   2026-01-23 19:36:28       0m 38s  ...               41.10         1.12
8   2026-01-23 19:37:07       0m 32s  ...                9.33         0.23
9   2026-01-23 19:37:40       0m 45s  ...               84.40         2.56
10  2026-01-23 19:38:25       0m 32s  ...                1.33         0.04

[11 rows x 24 columns]
              timestamp time_elapsed  ... severity_rate_patch Gradient_sr2
0   2026-01-23 19:32:29       0m 36s  ...               34.47         0.86
1   2026-01-23 19:33:06       0m 35s  ...               18.73         0.54
2   2026-01-23 19:33:42       0m 32s  ...                1.28         0.03
3   2026-01-23 19:34:14       0m 32s  ...                2.60         0.07
4   2026-01-23 19:34:47       0m 35s  ...               15.96         0.42
5   2026-01-23 19:35:22       0m 32s  ...                0.74         0.02
6   2026-01-23 19:35:55       0m 32s  ...                2.26         0.06
7   2026-01-23 19:36:28       0m 38s  ...               41.10         1.12
8   2026-01-23 19:37:07       0m 32s  ...                9.33         0.23
9   2026-01-23 19:37:40       0m 45s  ...               84.40         2.56
10  2026-01-23 19:38:25       0m 32s  ...                1.33         0.04
11  2026-01-23 19:38:57       0m 35s  ...               20.12         0.56

[12 rows x 24 columns]
              timestamp time_elapsed  ... severity_rate_patch Gradient_sr2
0   2026-01-23 19:32:29       0m 36s  ...               34.47         0.86
1   2026-01-23 19:33:06       0m 35s  ...               18.73         0.54
2   2026-01-23 19:33:42       0m 32s  ...                1.28         0.03
3   2026-01-23 19:34:14       0m 32s  ...                2.60         0.07
4   2026-01-23 19:34:47       0m 35s  ...               15.96         0.42
5   2026-01-23 19:35:22       0m 32s  ...                0.74         0.02
6   2026-01-23 19:35:55       0m 32s  ...                2.26         0.06
7   2026-01-23 19:36:28       0m 38s  ...               41.10         1.12
8   2026-01-23 19:37:07       0m 32s  ...                9.33         0.23
9   2026-01-23 19:37:40       0m 45s  ...               84.40         2.56
10  2026-01-23 19:38:25       0m 32s  ...                1.33         0.04
11  2026-01-23 19:38:57       0m 35s  ...               20.12         0.56
12  2026-01-23 19:39:33       0m 30s  ...                1.80         0.05

[13 rows x 24 columns]
              timestamp time_elapsed  ... severity_rate_patch Gradient_sr2
0   2026-01-23 19:32:29       0m 36s  ...               34.47         0.86
1   2026-01-23 19:33:06       0m 35s  ...               18.73         0.54
2   2026-01-23 19:33:42       0m 32s  ...                1.28         0.03
3   2026-01-23 19:34:14       0m 32s  ...                2.60         0.07
4   2026-01-23 19:34:47       0m 35s  ...               15.96         0.42
5   2026-01-23 19:35:22       0m 32s  ...                0.74         0.02
6   2026-01-23 19:35:55       0m 32s  ...                2.26         0.06
7   2026-01-23 19:36:28       0m 38s  ...               41.10         1.12
8   2026-01-23 19:37:07       0m 32s  ...                9.33         0.23
9   2026-01-23 19:37:40       0m 45s  ...               84.40         2.56
10  2026-01-23 19:38:25       0m 32s  ...                1.33         0.04
11  2026-01-23 19:38:57       0m 35s  ...               20.12         0.56
12  2026-01-23 19:39:33       0m 30s  ...                1.80         0.05
13  2026-01-23 19:40:04       0m 32s  ...                7.81         0.22

[14 rows x 24 columns]
              timestamp time_elapsed  ... severity_rate_patch Gradient_sr2
0   2026-01-23 19:32:29       0m 36s  ...               34.47         0.86
1   2026-01-23 19:33:06       0m 35s  ...               18.73         0.54
2   2026-01-23 19:33:42       0m 32s  ...                1.28         0.03
3   2026-01-23 19:34:14       0m 32s  ...                2.60         0.07
4   2026-01-23 19:34:47       0m 35s  ...               15.96         0.42
5   2026-01-23 19:35:22       0m 32s  ...                0.74         0.02
6   2026-01-23 19:35:55       0m 32s  ...                2.26         0.06
7   2026-01-23 19:36:28       0m 38s  ...               41.10         1.12
8   2026-01-23 19:37:07       0m 32s  ...                9.33         0.23
9   2026-01-23 19:37:40       0m 45s  ...               84.40         2.56
10  2026-01-23 19:38:25       0m 32s  ...                1.33         0.04
11  2026-01-23 19:38:57       0m 35s  ...               20.12         0.56
12  2026-01-23 19:39:33       0m 30s  ...                1.80         0.05
13  2026-01-23 19:40:04       0m 32s  ...                7.81         0.22
14  2026-01-23 19:40:36       0m 38s  ...               43.56         1.20

[15 rows x 24 columns]

real	8m52.873s
user	0m0.000s
sys	0m0.000s
