[2026-01-23 18:39:16,068] - [root] - [INFO] - leaf_correlation_mw.py
[2026-01-23 18:39:16,068] - [root] - [INFO] - model_type       : ResNet
[2026-01-23 18:39:16,068] - [root] - [INFO] - pretrained       : True
[2026-01-23 18:39:16,068] - [root] - [INFO] - loading_epoch    : 65
[2026-01-23 18:39:16,068] - [root] - [INFO] - timestamp        : Jan22_10-21-00_2026
[2026-01-23 18:39:16,068] - [root] - [INFO] - outdim           : 2
[2026-01-23 18:39:16,068] - [root] - [INFO] - dual_head        : True
[2026-01-23 18:39:16,069] - [root] - [INFO] - model_path       : ../..
[2026-01-23 18:39:16,069] - [root] - [INFO] - step_size        : 224
[2026-01-23 18:39:16,069] - [root] - [INFO] - means            : [0.541, 0.6371, 0.4188]
[2026-01-23 18:39:16,069] - [root] - [INFO] - stds             : [0.1764, 0.165, 0.2326]
[2026-01-23 18:39:16,069] - [root] - [INFO] - target_class     : 1
[2026-01-23 18:39:16,069] - [root] - [INFO] - contam_control   : False
[2026-01-23 18:39:16,069] - [root] - [INFO] - spor_th          : 0.9
[2026-01-23 18:39:16,069] - [root] - [INFO] - inf_gate         : 0.6
[2026-01-23 18:39:16,069] - [root] - [INFO] - pm               : HPM-1269
[2026-01-23 18:39:16,069] - [root] - [INFO] - mps              : False
[2026-01-23 18:39:16,070] - [root] - [INFO] - cuda             : True
[2026-01-23 18:39:16,070] - [root] - [INFO] - cuda_id          : 0
[2026-01-23 18:39:16,070] - [root] - [INFO] - sal_threshold    : 0.5
[2026-01-23 18:39:16,070] - [root] - [INFO] - up_threshold     : 0.9
[2026-01-23 18:39:16,070] - [root] - [INFO] - down_threshold   : 0.1
[2026-01-23 18:39:16,070] - [root] - [INFO] - dataset_path     : C:/Users/Intel User/Desktop/blackbird_scripts/data/human_disk_assessments
[2026-01-23 18:39:16,070] - [root] - [INFO] - img_folder       : 1-22-2026
[2026-01-23 18:39:16,070] - [root] - [INFO] - platform         : BlackBird
[2026-01-23 18:39:16,070] - [root] - [INFO] - threshold        : ['0.7']
[2026-01-23 18:39:16,070] - [root] - [INFO] - log              : ../../results/logs/random.log
[2026-01-23 18:39:16,070] - [root] - [INFO] - dpi              : 5
[2026-01-23 18:39:16,070] - [root] - [INFO] - group            : baseline
[2026-01-23 18:39:16,070] - [root] - [INFO] - trays            : ['5dpi']
[2026-01-23 18:39:16,071] - [root] - [INFO] - sal_gradcam      : False
[2026-01-23 18:39:16,071] - [root] - [INFO] - sal_gradient     : True
[2026-01-23 18:39:16,071] - [root] - [INFO] - sal_smoothgrad   : False
[2026-01-23 18:39:16,071] - [root] - [INFO] - sal_deeplift     : False
[2026-01-23 18:39:16,071] - [root] - [INFO] - sal_thresh_method : fixed
[2026-01-23 18:39:16,071] - [root] - [INFO] - sal_thresh_p     : 95.0
[2026-01-23 18:39:17,008] - [root] - [INFO] - -------------------------------------------
[2026-01-23 18:39:17,008] - [root] - [INFO] - Processing 1-22-2026 5dpi 015-W2021009-160_R1.png
[2026-01-23 18:39:39,020] - [root] - [INFO] - Finished loading mask: 0m 22s
[2026-01-23 18:39:51,131] - [root] - [INFO] - Finished crop and inference: 0m 34s
[2026-01-23 18:39:52,584] - [root] - [INFO] - Analysis finished: 0m 35s
[2026-01-23 18:39:52,584] - [root] - [INFO] - -------------------------------------------
[2026-01-23 18:39:52,584] - [root] - [INFO] - -------------------------------------------
[2026-01-23 18:39:52,584] - [root] - [INFO] - Processing 1-22-2026 5dpi 015-W2021011-633_R1.png
[2026-01-23 18:40:14,040] - [root] - [INFO] - Finished loading mask: 0m 21s
[2026-01-23 18:40:26,219] - [root] - [INFO] - Finished crop and inference: 0m 33s
[2026-01-23 18:40:27,786] - [root] - [INFO] - Analysis finished: 0m 35s
[2026-01-23 18:40:27,786] - [root] - [INFO] - -------------------------------------------
[2026-01-23 18:40:27,786] - [root] - [INFO] - -------------------------------------------
[2026-01-23 18:40:27,786] - [root] - [INFO] - Processing 1-22-2026 5dpi 019-W2021010-428_R2.png
[2026-01-23 18:40:49,703] - [root] - [INFO] - Finished loading mask: 0m 21s
[2026-01-23 18:40:57,975] - [root] - [INFO] - Finished crop and inference: 0m 30s
[2026-01-23 18:40:59,529] - [root] - [INFO] - Analysis finished: 0m 31s
[2026-01-23 18:40:59,529] - [root] - [INFO] - -------------------------------------------
[2026-01-23 18:40:59,529] - [root] - [INFO] - -------------------------------------------
[2026-01-23 18:40:59,529] - [root] - [INFO] - Processing 1-22-2026 5dpi 021-W2021009-175_R1.png
[2026-01-23 18:41:20,707] - [root] - [INFO] - Finished loading mask: 0m 21s
[2026-01-23 18:41:30,134] - [root] - [INFO] - Finished crop and inference: 0m 30s
[2026-01-23 18:41:31,703] - [root] - [INFO] - Analysis finished: 0m 32s
[2026-01-23 18:41:31,703] - [root] - [INFO] - -------------------------------------------
[2026-01-23 18:41:31,704] - [root] - [INFO] - -------------------------------------------
[2026-01-23 18:41:31,704] - [root] - [INFO] - Processing 1-22-2026 5dpi 022-W2021009-198_R2.png
[2026-01-23 18:41:53,608] - [root] - [INFO] - Finished loading mask: 0m 21s
[2026-01-23 18:42:04,050] - [root] - [INFO] - Finished crop and inference: 0m 32s
[2026-01-23 18:42:05,551] - [root] - [INFO] - Analysis finished: 0m 33s
[2026-01-23 18:42:05,551] - [root] - [INFO] - -------------------------------------------
[2026-01-23 18:42:05,552] - [root] - [INFO] - -------------------------------------------
[2026-01-23 18:42:05,552] - [root] - [INFO] - Processing 1-22-2026 5dpi 036-W2021006-047_R2.png
[2026-01-23 18:42:27,109] - [root] - [INFO] - Finished loading mask: 0m 21s
[2026-01-23 18:42:35,880] - [root] - [INFO] - Finished crop and inference: 0m 30s
[2026-01-23 18:42:37,422] - [root] - [INFO] - Analysis finished: 0m 31s
[2026-01-23 18:42:37,423] - [root] - [INFO] - -------------------------------------------
[2026-01-23 18:42:37,423] - [root] - [INFO] - -------------------------------------------
[2026-01-23 18:42:37,423] - [root] - [INFO] - Processing 1-22-2026 5dpi 060-W2021010-324_R2.png
[2026-01-23 18:42:58,956] - [root] - [INFO] - Finished loading mask: 0m 21s
[2026-01-23 18:43:07,859] - [root] - [INFO] - Finished crop and inference: 0m 30s
[2026-01-23 18:43:09,394] - [root] - [INFO] - Analysis finished: 0m 31s
[2026-01-23 18:43:09,394] - [root] - [INFO] - -------------------------------------------
[2026-01-23 18:43:09,394] - [root] - [INFO] - -------------------------------------------
[2026-01-23 18:43:09,394] - [root] - [INFO] - Processing 1-22-2026 5dpi 099-W2021006-611_R2.png
[2026-01-23 18:43:32,374] - [root] - [INFO] - Finished loading mask: 0m 22s
[2026-01-23 18:43:46,846] - [root] - [INFO] - Finished crop and inference: 0m 37s
[2026-01-23 18:43:48,401] - [root] - [INFO] - Analysis finished: 0m 39s
[2026-01-23 18:43:48,401] - [root] - [INFO] - -------------------------------------------
[2026-01-23 18:43:48,401] - [root] - [INFO] - -------------------------------------------
[2026-01-23 18:43:48,401] - [root] - [INFO] - Processing 1-22-2026 5dpi 123-W2021009-255_R2.png
[2026-01-23 18:44:09,357] - [root] - [INFO] - Finished loading mask: 0m 20s
[2026-01-23 18:44:19,335] - [root] - [INFO] - Finished crop and inference: 0m 30s
[2026-01-23 18:44:20,846] - [root] - [INFO] - Analysis finished: 0m 32s
[2026-01-23 18:44:20,847] - [root] - [INFO] - -------------------------------------------
[2026-01-23 18:44:20,847] - [root] - [INFO] - -------------------------------------------
[2026-01-23 18:44:20,847] - [root] - [INFO] - Processing 1-22-2026 5dpi 141-W2021009-274_R1.png
[2026-01-23 18:44:42,325] - [root] - [INFO] - Finished loading mask: 0m 21s
[2026-01-23 18:45:05,129] - [root] - [INFO] - Finished crop and inference: 0m 44s
[2026-01-23 18:45:06,657] - [root] - [INFO] - Analysis finished: 0m 45s
[2026-01-23 18:45:06,657] - [root] - [INFO] - -------------------------------------------
[2026-01-23 18:45:06,657] - [root] - [INFO] - -------------------------------------------
[2026-01-23 18:45:06,657] - [root] - [INFO] - Processing 1-22-2026 5dpi 173-W2021006-127_R2.png
[2026-01-23 18:45:28,006] - [root] - [INFO] - Finished loading mask: 0m 21s
[2026-01-23 18:45:36,791] - [root] - [INFO] - Finished crop and inference: 0m 30s
[2026-01-23 18:45:38,389] - [root] - [INFO] - Analysis finished: 0m 31s
[2026-01-23 18:45:38,389] - [root] - [INFO] - -------------------------------------------
[2026-01-23 18:45:38,389] - [root] - [INFO] - -------------------------------------------
[2026-01-23 18:45:38,389] - [root] - [INFO] - Processing 1-22-2026 5dpi 191-W2021010-449_R1.png
[2026-01-23 18:45:59,710] - [root] - [INFO] - Finished loading mask: 0m 21s
[2026-01-23 18:46:11,232] - [root] - [INFO] - Finished crop and inference: 0m 32s
[2026-01-23 18:46:12,773] - [root] - [INFO] - Analysis finished: 0m 34s
[2026-01-23 18:46:12,774] - [root] - [INFO] - -------------------------------------------
[2026-01-23 18:46:12,774] - [root] - [INFO] - -------------------------------------------
[2026-01-23 18:46:12,774] - [root] - [INFO] - Processing 1-22-2026 5dpi 254-W2021010-352_R2.png
[2026-01-23 18:46:33,746] - [root] - [INFO] - Finished loading mask: 0m 20s
[2026-01-23 18:46:41,044] - [root] - [INFO] - Finished crop and inference: 0m 28s
[2026-01-23 18:46:42,758] - [root] - [INFO] - Analysis finished: 0m 29s
[2026-01-23 18:46:42,758] - [root] - [INFO] - -------------------------------------------
[2026-01-23 18:46:42,758] - [root] - [INFO] - -------------------------------------------
[2026-01-23 18:46:42,758] - [root] - [INFO] - Processing 1-22-2026 5dpi 266-W2021009-193_R1.png
[2026-01-23 18:47:04,161] - [root] - [INFO] - Finished loading mask: 0m 21s
[2026-01-23 18:47:12,756] - [root] - [INFO] - Finished crop and inference: 0m 29s
[2026-01-23 18:47:14,381] - [root] - [INFO] - Analysis finished: 0m 31s
[2026-01-23 18:47:14,381] - [root] - [INFO] - -------------------------------------------
[2026-01-23 18:47:14,381] - [root] - [INFO] - -------------------------------------------
[2026-01-23 18:47:14,381] - [root] - [INFO] - Processing 1-22-2026 5dpi 336-W2021011-506_R2.png
[2026-01-23 18:47:34,851] - [root] - [INFO] - Finished loading mask: 0m 20s
[2026-01-23 18:47:49,188] - [root] - [INFO] - Finished crop and inference: 0m 34s
[2026-01-23 18:47:50,701] - [root] - [INFO] - Analysis finished: 0m 36s
[2026-01-23 18:47:50,701] - [root] - [INFO] - -------------------------------------------
[2026-01-23 18:47:50,712] - [root] - [INFO] - Saved C:\Users\Intel User\Desktop\blackbird_scripts\data\Results\ResNet_upth0.9_downth0.1_Jan22_10-21-00_2026\1-22-2026\th_0.7\severity_rate_tray_5dpi_u0.9_d0.1_ig0.6_sp0.9.csv
             timestamp time_elapsed  ... severity_rate_patch Gradient_sr2
0  2026-01-23 18:39:17       0m 35s  ...                31.8         0.68

[1 rows x 24 columns]
             timestamp time_elapsed  ... severity_rate_patch Gradient_sr2
0  2026-01-23 18:39:17       0m 35s  ...               31.80         0.68
1  2026-01-23 18:39:52       0m 35s  ...               17.36         0.47

[2 rows x 24 columns]
             timestamp time_elapsed  ... severity_rate_patch Gradient_sr2
0  2026-01-23 18:39:17       0m 35s  ...               31.80         0.68
1  2026-01-23 18:39:52       0m 35s  ...               17.36         0.47
2  2026-01-23 18:40:27       0m 31s  ...                0.49         0.01

[3 rows x 24 columns]
             timestamp time_elapsed  ... severity_rate_patch Gradient_sr2
0  2026-01-23 18:39:17       0m 35s  ...               31.80         0.68
1  2026-01-23 18:39:52       0m 35s  ...               17.36         0.47
2  2026-01-23 18:40:27       0m 31s  ...                0.49         0.01
3  2026-01-23 18:40:59       0m 32s  ...                1.93         0.05

[4 rows x 24 columns]
             timestamp time_elapsed  ... severity_rate_patch Gradient_sr2
0  2026-01-23 18:39:17       0m 35s  ...               31.80         0.68
1  2026-01-23 18:39:52       0m 35s  ...               17.36         0.47
2  2026-01-23 18:40:27       0m 31s  ...                0.49         0.01
3  2026-01-23 18:40:59       0m 32s  ...                1.93         0.05
4  2026-01-23 18:41:31       0m 33s  ...               11.50         0.24

[5 rows x 24 columns]
             timestamp time_elapsed  ... severity_rate_patch Gradient_sr2
0  2026-01-23 18:39:17       0m 35s  ...               31.80         0.68
1  2026-01-23 18:39:52       0m 35s  ...               17.36         0.47
2  2026-01-23 18:40:27       0m 31s  ...                0.49         0.01
3  2026-01-23 18:40:59       0m 32s  ...                1.93         0.05
4  2026-01-23 18:41:31       0m 33s  ...               11.50         0.24
5  2026-01-23 18:42:05       0m 31s  ...                0.61         0.02

[6 rows x 24 columns]
             timestamp time_elapsed  ... severity_rate_patch Gradient_sr2
0  2026-01-23 18:39:17       0m 35s  ...               31.80         0.68
1  2026-01-23 18:39:52       0m 35s  ...               17.36         0.47
2  2026-01-23 18:40:27       0m 31s  ...                0.49         0.01
3  2026-01-23 18:40:59       0m 32s  ...                1.93         0.05
4  2026-01-23 18:41:31       0m 33s  ...               11.50         0.24
5  2026-01-23 18:42:05       0m 31s  ...                0.61         0.02
6  2026-01-23 18:42:37       0m 31s  ...                1.72         0.04

[7 rows x 24 columns]
             timestamp time_elapsed  ... severity_rate_patch Gradient_sr2
0  2026-01-23 18:39:17       0m 35s  ...               31.80         0.68
1  2026-01-23 18:39:52       0m 35s  ...               17.36         0.47
2  2026-01-23 18:40:27       0m 31s  ...                0.49         0.01
3  2026-01-23 18:40:59       0m 32s  ...                1.93         0.05
4  2026-01-23 18:41:31       0m 33s  ...               11.50         0.24
5  2026-01-23 18:42:05       0m 31s  ...                0.61         0.02
6  2026-01-23 18:42:37       0m 31s  ...                1.72         0.04
7  2026-01-23 18:43:09       0m 38s  ...               41.62         0.95

[8 rows x 24 columns]
             timestamp time_elapsed  ... severity_rate_patch Gradient_sr2
0  2026-01-23 18:39:17       0m 35s  ...               31.80         0.68
1  2026-01-23 18:39:52       0m 35s  ...               17.36         0.47
2  2026-01-23 18:40:27       0m 31s  ...                0.49         0.01
3  2026-01-23 18:40:59       0m 32s  ...                1.93         0.05
4  2026-01-23 18:41:31       0m 33s  ...               11.50         0.24
5  2026-01-23 18:42:05       0m 31s  ...                0.61         0.02
6  2026-01-23 18:42:37       0m 31s  ...                1.72         0.04
7  2026-01-23 18:43:09       0m 38s  ...               41.62         0.95
8  2026-01-23 18:43:48       0m 32s  ...                7.39         0.15

[9 rows x 24 columns]
             timestamp time_elapsed  ... severity_rate_patch Gradient_sr2
0  2026-01-23 18:39:17       0m 35s  ...               31.80         0.68
1  2026-01-23 18:39:52       0m 35s  ...               17.36         0.47
2  2026-01-23 18:40:27       0m 31s  ...                0.49         0.01
3  2026-01-23 18:40:59       0m 32s  ...                1.93         0.05
4  2026-01-23 18:41:31       0m 33s  ...               11.50         0.24
5  2026-01-23 18:42:05       0m 31s  ...                0.61         0.02
6  2026-01-23 18:42:37       0m 31s  ...                1.72         0.04
7  2026-01-23 18:43:09       0m 38s  ...               41.62         0.95
8  2026-01-23 18:43:48       0m 32s  ...                7.39         0.15
9  2026-01-23 18:44:20       0m 45s  ...               86.31         2.52

[10 rows x 24 columns]
              timestamp time_elapsed  ... severity_rate_patch Gradient_sr2
0   2026-01-23 18:39:17       0m 35s  ...               31.80         0.68
1   2026-01-23 18:39:52       0m 35s  ...               17.36         0.47
2   2026-01-23 18:40:27       0m 31s  ...                0.49         0.01
3   2026-01-23 18:40:59       0m 32s  ...                1.93         0.05
4   2026-01-23 18:41:31       0m 33s  ...               11.50         0.24
5   2026-01-23 18:42:05       0m 31s  ...                0.61         0.02
6   2026-01-23 18:42:37       0m 31s  ...                1.72         0.04
7   2026-01-23 18:43:09       0m 38s  ...               41.62         0.95
8   2026-01-23 18:43:48       0m 32s  ...                7.39         0.15
9   2026-01-23 18:44:20       0m 45s  ...               86.31         2.52
10  2026-01-23 18:45:06       0m 31s  ...                1.05         0.03

[11 rows x 24 columns]
              timestamp time_elapsed  ... severity_rate_patch Gradient_sr2
0   2026-01-23 18:39:17       0m 35s  ...               31.80         0.68
1   2026-01-23 18:39:52       0m 35s  ...               17.36         0.47
2   2026-01-23 18:40:27       0m 31s  ...                0.49         0.01
3   2026-01-23 18:40:59       0m 32s  ...                1.93         0.05
4   2026-01-23 18:41:31       0m 33s  ...               11.50         0.24
5   2026-01-23 18:42:05       0m 31s  ...                0.61         0.02
6   2026-01-23 18:42:37       0m 31s  ...                1.72         0.04
7   2026-01-23 18:43:09       0m 38s  ...               41.62         0.95
8   2026-01-23 18:43:48       0m 32s  ...                7.39         0.15
9   2026-01-23 18:44:20       0m 45s  ...               86.31         2.52
10  2026-01-23 18:45:06       0m 31s  ...                1.05         0.03
11  2026-01-23 18:45:38       0m 34s  ...               18.61         0.48

[12 rows x 24 columns]
              timestamp time_elapsed  ... severity_rate_patch Gradient_sr2
0   2026-01-23 18:39:17       0m 35s  ...               31.80         0.68
1   2026-01-23 18:39:52       0m 35s  ...               17.36         0.47
2   2026-01-23 18:40:27       0m 31s  ...                0.49         0.01
3   2026-01-23 18:40:59       0m 32s  ...                1.93         0.05
4   2026-01-23 18:41:31       0m 33s  ...               11.50         0.24
5   2026-01-23 18:42:05       0m 31s  ...                0.61         0.02
6   2026-01-23 18:42:37       0m 31s  ...                1.72         0.04
7   2026-01-23 18:43:09       0m 38s  ...               41.62         0.95
8   2026-01-23 18:43:48       0m 32s  ...                7.39         0.15
9   2026-01-23 18:44:20       0m 45s  ...               86.31         2.52
10  2026-01-23 18:45:06       0m 31s  ...                1.05         0.03
11  2026-01-23 18:45:38       0m 34s  ...               18.61         0.48
12  2026-01-23 18:46:12       0m 29s  ...                0.93         0.02

[13 rows x 24 columns]
              timestamp time_elapsed  ... severity_rate_patch Gradient_sr2
0   2026-01-23 18:39:17       0m 35s  ...               31.80         0.68
1   2026-01-23 18:39:52       0m 35s  ...               17.36         0.47
2   2026-01-23 18:40:27       0m 31s  ...                0.49         0.01
3   2026-01-23 18:40:59       0m 32s  ...                1.93         0.05
4   2026-01-23 18:41:31       0m 33s  ...               11.50         0.24
5   2026-01-23 18:42:05       0m 31s  ...                0.61         0.02
6   2026-01-23 18:42:37       0m 31s  ...                1.72         0.04
7   2026-01-23 18:43:09       0m 38s  ...               41.62         0.95
8   2026-01-23 18:43:48       0m 32s  ...                7.39         0.15
9   2026-01-23 18:44:20       0m 45s  ...               86.31         2.52
10  2026-01-23 18:45:06       0m 31s  ...                1.05         0.03
11  2026-01-23 18:45:38       0m 34s  ...               18.61         0.48
12  2026-01-23 18:46:12       0m 29s  ...                0.93         0.02
13  2026-01-23 18:46:42       0m 31s  ...                6.67         0.17

[14 rows x 24 columns]
              timestamp time_elapsed  ... severity_rate_patch Gradient_sr2
0   2026-01-23 18:39:17       0m 35s  ...               31.80         0.68
1   2026-01-23 18:39:52       0m 35s  ...               17.36         0.47
2   2026-01-23 18:40:27       0m 31s  ...                0.49         0.01
3   2026-01-23 18:40:59       0m 32s  ...                1.93         0.05
4   2026-01-23 18:41:31       0m 33s  ...               11.50         0.24
5   2026-01-23 18:42:05       0m 31s  ...                0.61         0.02
6   2026-01-23 18:42:37       0m 31s  ...                1.72         0.04
7   2026-01-23 18:43:09       0m 38s  ...               41.62         0.95
8   2026-01-23 18:43:48       0m 32s  ...                7.39         0.15
9   2026-01-23 18:44:20       0m 45s  ...               86.31         2.52
10  2026-01-23 18:45:06       0m 31s  ...                1.05         0.03
11  2026-01-23 18:45:38       0m 34s  ...               18.61         0.48
12  2026-01-23 18:46:12       0m 29s  ...                0.93         0.02
13  2026-01-23 18:46:42       0m 31s  ...                6.67         0.17
14  2026-01-23 18:47:14       0m 36s  ...               44.88         1.15

[15 rows x 24 columns]

real	8m40.735s
user	0m0.015s
sys	0m0.000s
