[2026-01-23 21:30:44,904] - [root] - [INFO] - leaf_correlation_mw.py
[2026-01-23 21:30:44,904] - [root] - [INFO] - model_type       : ResNet
[2026-01-23 21:30:44,904] - [root] - [INFO] - pretrained       : True
[2026-01-23 21:30:44,904] - [root] - [INFO] - loading_epoch    : 65
[2026-01-23 21:30:44,904] - [root] - [INFO] - timestamp        : Jan22_10-21-00_2026
[2026-01-23 21:30:44,904] - [root] - [INFO] - outdim           : 2
[2026-01-23 21:30:44,905] - [root] - [INFO] - dual_head        : True
[2026-01-23 21:30:44,905] - [root] - [INFO] - model_path       : ../..
[2026-01-23 21:30:44,905] - [root] - [INFO] - step_size        : 224
[2026-01-23 21:30:44,905] - [root] - [INFO] - means            : [0.541, 0.6371, 0.4188]
[2026-01-23 21:30:44,905] - [root] - [INFO] - stds             : [0.1764, 0.165, 0.2326]
[2026-01-23 21:30:44,905] - [root] - [INFO] - target_class     : 1
[2026-01-23 21:30:44,906] - [root] - [INFO] - contam_control   : False
[2026-01-23 21:30:44,906] - [root] - [INFO] - spor_th          : 0.8
[2026-01-23 21:30:44,906] - [root] - [INFO] - inf_gate         : 0.6
[2026-01-23 21:30:44,906] - [root] - [INFO] - pm               : HPM-1269
[2026-01-23 21:30:44,906] - [root] - [INFO] - mps              : False
[2026-01-23 21:30:44,906] - [root] - [INFO] - cuda             : True
[2026-01-23 21:30:44,906] - [root] - [INFO] - cuda_id          : 0
[2026-01-23 21:30:44,906] - [root] - [INFO] - sal_threshold    : 0.5
[2026-01-23 21:30:44,906] - [root] - [INFO] - up_threshold     : 0.8
[2026-01-23 21:30:44,906] - [root] - [INFO] - down_threshold   : 0.3
[2026-01-23 21:30:44,906] - [root] - [INFO] - dataset_path     : C:/Users/Intel User/Desktop/blackbird_scripts/data/human_disk_assessments
[2026-01-23 21:30:44,906] - [root] - [INFO] - img_folder       : 1-22-2026
[2026-01-23 21:30:44,906] - [root] - [INFO] - platform         : BlackBird
[2026-01-23 21:30:44,907] - [root] - [INFO] - threshold        : ['0.7']
[2026-01-23 21:30:44,907] - [root] - [INFO] - log              : ../../results/logs/random.log
[2026-01-23 21:30:44,907] - [root] - [INFO] - dpi              : 10
[2026-01-23 21:30:44,907] - [root] - [INFO] - group            : baseline
[2026-01-23 21:30:44,907] - [root] - [INFO] - trays            : ['10dpi']
[2026-01-23 21:30:44,907] - [root] - [INFO] - sal_gradcam      : False
[2026-01-23 21:30:44,907] - [root] - [INFO] - sal_gradient     : True
[2026-01-23 21:30:44,907] - [root] - [INFO] - sal_smoothgrad   : False
[2026-01-23 21:30:44,907] - [root] - [INFO] - sal_deeplift     : False
[2026-01-23 21:30:44,907] - [root] - [INFO] - sal_thresh_method : fixed
[2026-01-23 21:30:44,907] - [root] - [INFO] - sal_thresh_p     : 95.0
[2026-01-23 21:30:45,922] - [root] - [INFO] - -------------------------------------------
[2026-01-23 21:30:45,923] - [root] - [INFO] - Processing 1-22-2026 10dpi 013-W2021011-633_R2.png
[2026-01-23 21:31:02,704] - [root] - [INFO] - Finished loading mask: 0m 16s
[2026-01-23 21:31:16,271] - [root] - [INFO] - Finished crop and inference: 0m 30s
[2026-01-23 21:31:17,700] - [root] - [INFO] - Analysis finished: 0m 31s
[2026-01-23 21:31:17,700] - [root] - [INFO] - -------------------------------------------
[2026-01-23 21:31:17,701] - [root] - [INFO] - -------------------------------------------
[2026-01-23 21:31:17,701] - [root] - [INFO] - Processing 1-22-2026 10dpi 026-W2021010-346_R2.png
[2026-01-23 21:31:33,957] - [root] - [INFO] - Finished loading mask: 0m 16s
[2026-01-23 21:31:43,293] - [root] - [INFO] - Finished crop and inference: 0m 25s
[2026-01-23 21:31:44,841] - [root] - [INFO] - Analysis finished: 0m 27s
[2026-01-23 21:31:44,842] - [root] - [INFO] - -------------------------------------------
[2026-01-23 21:31:44,842] - [root] - [INFO] - -------------------------------------------
[2026-01-23 21:31:44,842] - [root] - [INFO] - Processing 1-22-2026 10dpi 042-W2021006-015_R1.png
[2026-01-23 21:32:01,115] - [root] - [INFO] - Finished loading mask: 0m 16s
[2026-01-23 21:32:13,019] - [root] - [INFO] - Finished crop and inference: 0m 28s
[2026-01-23 21:32:14,513] - [root] - [INFO] - Analysis finished: 0m 29s
[2026-01-23 21:32:14,514] - [root] - [INFO] - -------------------------------------------
[2026-01-23 21:32:14,514] - [root] - [INFO] - -------------------------------------------
[2026-01-23 21:32:14,514] - [root] - [INFO] - Processing 1-22-2026 10dpi 057-W2021011-504_R2.png
[2026-01-23 21:32:30,486] - [root] - [INFO] - Finished loading mask: 0m 15s
[2026-01-23 21:32:39,441] - [root] - [INFO] - Finished crop and inference: 0m 24s
[2026-01-23 21:32:41,015] - [root] - [INFO] - Analysis finished: 0m 26s
[2026-01-23 21:32:41,016] - [root] - [INFO] - -------------------------------------------
[2026-01-23 21:32:41,016] - [root] - [INFO] - -------------------------------------------
[2026-01-23 21:32:41,016] - [root] - [INFO] - Processing 1-22-2026 10dpi 069-W2021011-574_R1.png
[2026-01-23 21:32:56,966] - [root] - [INFO] - Finished loading mask: 0m 15s
[2026-01-23 21:33:07,548] - [root] - [INFO] - Finished crop and inference: 0m 26s
[2026-01-23 21:33:09,041] - [root] - [INFO] - Analysis finished: 0m 28s
[2026-01-23 21:33:09,041] - [root] - [INFO] - -------------------------------------------
[2026-01-23 21:33:09,042] - [root] - [INFO] - -------------------------------------------
[2026-01-23 21:33:09,042] - [root] - [INFO] - Processing 1-22-2026 10dpi 095-W2021009-283_R1.png
[2026-01-23 21:33:25,782] - [root] - [INFO] - Finished loading mask: 0m 16s
[2026-01-23 21:33:34,084] - [root] - [INFO] - Finished crop and inference: 0m 25s
[2026-01-23 21:33:35,497] - [root] - [INFO] - Analysis finished: 0m 26s
[2026-01-23 21:33:35,497] - [root] - [INFO] - -------------------------------------------
[2026-01-23 21:33:35,497] - [root] - [INFO] - -------------------------------------------
[2026-01-23 21:33:35,497] - [root] - [INFO] - Processing 1-22-2026 10dpi 103-W2021011-591_R2.png
[2026-01-23 21:33:53,778] - [root] - [INFO] - Finished loading mask: 0m 18s
[2026-01-23 21:34:07,926] - [root] - [INFO] - Finished crop and inference: 0m 32s
[2026-01-23 21:34:09,282] - [root] - [INFO] - Analysis finished: 0m 33s
[2026-01-23 21:34:09,282] - [root] - [INFO] - -------------------------------------------
[2026-01-23 21:34:09,282] - [root] - [INFO] - -------------------------------------------
[2026-01-23 21:34:09,282] - [root] - [INFO] - Processing 1-22-2026 10dpi 115-W2021011-638_R1.png
[2026-01-23 21:34:27,007] - [root] - [INFO] - Finished loading mask: 0m 17s
[2026-01-23 21:34:42,842] - [root] - [INFO] - Finished crop and inference: 0m 33s
[2026-01-23 21:34:44,357] - [root] - [INFO] - Analysis finished: 0m 35s
[2026-01-23 21:34:44,357] - [root] - [INFO] - -------------------------------------------
[2026-01-23 21:34:44,357] - [root] - [INFO] - -------------------------------------------
[2026-01-23 21:34:44,357] - [root] - [INFO] - Processing 1-22-2026 10dpi 124-W2021009-278_R1.png
[2026-01-23 21:35:02,894] - [root] - [INFO] - Finished loading mask: 0m 18s
[2026-01-23 21:35:15,952] - [root] - [INFO] - Finished crop and inference: 0m 31s
[2026-01-23 21:35:17,303] - [root] - [INFO] - Analysis finished: 0m 32s
[2026-01-23 21:35:17,303] - [root] - [INFO] - -------------------------------------------
[2026-01-23 21:35:17,304] - [root] - [INFO] - -------------------------------------------
[2026-01-23 21:35:17,304] - [root] - [INFO] - Processing 1-22-2026 10dpi 162-W2021011-551_R2.png
[2026-01-23 21:35:34,407] - [root] - [INFO] - Finished loading mask: 0m 17s
[2026-01-23 21:35:55,560] - [root] - [INFO] - Finished crop and inference: 0m 38s
[2026-01-23 21:35:57,099] - [root] - [INFO] - Analysis finished: 0m 39s
[2026-01-23 21:35:57,099] - [root] - [INFO] - -------------------------------------------
[2026-01-23 21:35:57,099] - [root] - [INFO] - -------------------------------------------
[2026-01-23 21:35:57,099] - [root] - [INFO] - Processing 1-22-2026 10dpi 172-W2021009-156_R2.png
[2026-01-23 21:36:12,773] - [root] - [INFO] - Finished loading mask: 0m 15s
[2026-01-23 21:36:20,825] - [root] - [INFO] - Finished crop and inference: 0m 23s
[2026-01-23 21:36:22,381] - [root] - [INFO] - Analysis finished: 0m 25s
[2026-01-23 21:36:22,381] - [root] - [INFO] - -------------------------------------------
[2026-01-23 21:36:22,382] - [root] - [INFO] - -------------------------------------------
[2026-01-23 21:36:22,382] - [root] - [INFO] - Processing 1-22-2026 10dpi 182-W2021009-251_R1.png
[2026-01-23 21:36:38,968] - [root] - [INFO] - Finished loading mask: 0m 16s
[2026-01-23 21:36:49,053] - [root] - [INFO] - Finished crop and inference: 0m 26s
[2026-01-23 21:36:50,597] - [root] - [INFO] - Analysis finished: 0m 28s
[2026-01-23 21:36:50,598] - [root] - [INFO] - -------------------------------------------
[2026-01-23 21:36:50,598] - [root] - [INFO] - -------------------------------------------
[2026-01-23 21:36:50,598] - [root] - [INFO] - Processing 1-22-2026 10dpi 194-W2021010-339_R2.png
[2026-01-23 21:37:08,212] - [root] - [INFO] - Finished loading mask: 0m 17s
[2026-01-23 21:37:16,573] - [root] - [INFO] - Finished crop and inference: 0m 25s
[2026-01-23 21:37:17,947] - [root] - [INFO] - Analysis finished: 0m 27s
[2026-01-23 21:37:17,947] - [root] - [INFO] - -------------------------------------------
[2026-01-23 21:37:17,947] - [root] - [INFO] - -------------------------------------------
[2026-01-23 21:37:17,947] - [root] - [INFO] - Processing 1-22-2026 10dpi 215-W2021006-045_R1.png
[2026-01-23 21:37:36,112] - [root] - [INFO] - Finished loading mask: 0m 18s
[2026-01-23 21:37:54,464] - [root] - [INFO] - Finished crop and inference: 0m 36s
[2026-01-23 21:37:55,868] - [root] - [INFO] - Analysis finished: 0m 37s
[2026-01-23 21:37:55,868] - [root] - [INFO] - -------------------------------------------
[2026-01-23 21:37:55,868] - [root] - [INFO] - -------------------------------------------
[2026-01-23 21:37:55,868] - [root] - [INFO] - Processing 1-22-2026 10dpi 262-W2021009-187_R2.png
[2026-01-23 21:38:12,863] - [root] - [INFO] - Finished loading mask: 0m 16s
[2026-01-23 21:38:31,680] - [root] - [INFO] - Finished crop and inference: 0m 35s
[2026-01-23 21:38:33,122] - [root] - [INFO] - Analysis finished: 0m 37s
[2026-01-23 21:38:33,122] - [root] - [INFO] - -------------------------------------------
[2026-01-23 21:38:33,128] - [root] - [INFO] - Saved C:\Users\Intel User\Desktop\blackbird_scripts\data\Results\ResNet_upth0.8_downth0.3_Jan22_10-21-00_2026\1-22-2026\th_0.7\severity_rate_tray_10dpi_u0.8_d0.3_ig0.6_sp0.8.csv
             timestamp time_elapsed  ... severity_rate_patch Gradient_sr2
0  2026-01-23 21:30:45       0m 31s  ...               29.82         0.84

[1 rows x 24 columns]
             timestamp time_elapsed  ... severity_rate_patch Gradient_sr2
0  2026-01-23 21:30:45       0m 31s  ...               29.82         0.84
1  2026-01-23 21:31:17       0m 27s  ...                0.28         0.01

[2 rows x 24 columns]
             timestamp time_elapsed  ... severity_rate_patch Gradient_sr2
0  2026-01-23 21:30:45       0m 31s  ...               29.82         0.84
1  2026-01-23 21:31:17       0m 27s  ...                0.28         0.01
2  2026-01-23 21:31:44       0m 29s  ...               23.58         0.62

[3 rows x 24 columns]
             timestamp time_elapsed  ... severity_rate_patch Gradient_sr2
0  2026-01-23 21:30:45       0m 31s  ...               29.82         0.84
1  2026-01-23 21:31:17       0m 27s  ...                0.28         0.01
2  2026-01-23 21:31:44       0m 29s  ...               23.58         0.62
3  2026-01-23 21:32:14       0m 26s  ...                2.51         0.07

[4 rows x 24 columns]
             timestamp time_elapsed  ... severity_rate_patch Gradient_sr2
0  2026-01-23 21:30:45       0m 31s  ...               29.82         0.84
1  2026-01-23 21:31:17       0m 27s  ...                0.28         0.01
2  2026-01-23 21:31:44       0m 29s  ...               23.58         0.62
3  2026-01-23 21:32:14       0m 26s  ...                2.51         0.07
4  2026-01-23 21:32:41       0m 28s  ...               13.88         0.41

[5 rows x 24 columns]
             timestamp time_elapsed  ... severity_rate_patch Gradient_sr2
0  2026-01-23 21:30:45       0m 31s  ...               29.82         0.84
1  2026-01-23 21:31:17       0m 27s  ...                0.28         0.01
2  2026-01-23 21:31:44       0m 29s  ...               23.58         0.62
3  2026-01-23 21:32:14       0m 26s  ...                2.51         0.07
4  2026-01-23 21:32:41       0m 28s  ...               13.88         0.41
5  2026-01-23 21:33:09       0m 26s  ...                6.35         0.15

[6 rows x 24 columns]
             timestamp time_elapsed  ... severity_rate_patch Gradient_sr2
0  2026-01-23 21:30:45       0m 31s  ...               29.82         0.84
1  2026-01-23 21:31:17       0m 27s  ...                0.28         0.01
2  2026-01-23 21:31:44       0m 29s  ...               23.58         0.62
3  2026-01-23 21:32:14       0m 26s  ...                2.51         0.07
4  2026-01-23 21:32:41       0m 28s  ...               13.88         0.41
5  2026-01-23 21:33:09       0m 26s  ...                6.35         0.15
6  2026-01-23 21:33:35       0m 33s  ...               50.08         1.46

[7 rows x 24 columns]
             timestamp time_elapsed  ... severity_rate_patch Gradient_sr2
0  2026-01-23 21:30:45       0m 31s  ...               29.82         0.84
1  2026-01-23 21:31:17       0m 27s  ...                0.28         0.01
2  2026-01-23 21:31:44       0m 29s  ...               23.58         0.62
3  2026-01-23 21:32:14       0m 26s  ...                2.51         0.07
4  2026-01-23 21:32:41       0m 28s  ...               13.88         0.41
5  2026-01-23 21:33:09       0m 26s  ...                6.35         0.15
6  2026-01-23 21:33:35       0m 33s  ...               50.08         1.46
7  2026-01-23 21:34:09       0m 35s  ...               55.22         1.52

[8 rows x 24 columns]
             timestamp time_elapsed  ... severity_rate_patch Gradient_sr2
0  2026-01-23 21:30:45       0m 31s  ...               29.82         0.84
1  2026-01-23 21:31:17       0m 27s  ...                0.28         0.01
2  2026-01-23 21:31:44       0m 29s  ...               23.58         0.62
3  2026-01-23 21:32:14       0m 26s  ...                2.51         0.07
4  2026-01-23 21:32:41       0m 28s  ...               13.88         0.41
5  2026-01-23 21:33:09       0m 26s  ...                6.35         0.15
6  2026-01-23 21:33:35       0m 33s  ...               50.08         1.46
7  2026-01-23 21:34:09       0m 35s  ...               55.22         1.52
8  2026-01-23 21:34:44       0m 32s  ...               44.48         1.27

[9 rows x 24 columns]
             timestamp time_elapsed  ... severity_rate_patch Gradient_sr2
0  2026-01-23 21:30:45       0m 31s  ...               29.82         0.84
1  2026-01-23 21:31:17       0m 27s  ...                0.28         0.01
2  2026-01-23 21:31:44       0m 29s  ...               23.58         0.62
3  2026-01-23 21:32:14       0m 26s  ...                2.51         0.07
4  2026-01-23 21:32:41       0m 28s  ...               13.88         0.41
5  2026-01-23 21:33:09       0m 26s  ...                6.35         0.15
6  2026-01-23 21:33:35       0m 33s  ...               50.08         1.46
7  2026-01-23 21:34:09       0m 35s  ...               55.22         1.52
8  2026-01-23 21:34:44       0m 32s  ...               44.48         1.27
9  2026-01-23 21:35:17       0m 39s  ...               82.93         2.34

[10 rows x 24 columns]
              timestamp time_elapsed  ... severity_rate_patch Gradient_sr2
0   2026-01-23 21:30:45       0m 31s  ...               29.82         0.84
1   2026-01-23 21:31:17       0m 27s  ...                0.28         0.01
2   2026-01-23 21:31:44       0m 29s  ...               23.58         0.62
3   2026-01-23 21:32:14       0m 26s  ...                2.51         0.07
4   2026-01-23 21:32:41       0m 28s  ...               13.88         0.41
5   2026-01-23 21:33:09       0m 26s  ...                6.35         0.15
6   2026-01-23 21:33:35       0m 33s  ...               50.08         1.46
7   2026-01-23 21:34:09       0m 35s  ...               55.22         1.52
8   2026-01-23 21:34:44       0m 32s  ...               44.48         1.27
9   2026-01-23 21:35:17       0m 39s  ...               82.93         2.34
10  2026-01-23 21:35:57       0m 25s  ...                6.57         0.17

[11 rows x 24 columns]
              timestamp time_elapsed  ... severity_rate_patch Gradient_sr2
0   2026-01-23 21:30:45       0m 31s  ...               29.82         0.84
1   2026-01-23 21:31:17       0m 27s  ...                0.28         0.01
2   2026-01-23 21:31:44       0m 29s  ...               23.58         0.62
3   2026-01-23 21:32:14       0m 26s  ...                2.51         0.07
4   2026-01-23 21:32:41       0m 28s  ...               13.88         0.41
5   2026-01-23 21:33:09       0m 26s  ...                6.35         0.15
6   2026-01-23 21:33:35       0m 33s  ...               50.08         1.46
7   2026-01-23 21:34:09       0m 35s  ...               55.22         1.52
8   2026-01-23 21:34:44       0m 32s  ...               44.48         1.27
9   2026-01-23 21:35:17       0m 39s  ...               82.93         2.34
10  2026-01-23 21:35:57       0m 25s  ...                6.57         0.17
11  2026-01-23 21:36:22       0m 28s  ...                6.11         0.17

[12 rows x 24 columns]
              timestamp time_elapsed  ... severity_rate_patch Gradient_sr2
0   2026-01-23 21:30:45       0m 31s  ...               29.82         0.84
1   2026-01-23 21:31:17       0m 27s  ...                0.28         0.01
2   2026-01-23 21:31:44       0m 29s  ...               23.58         0.62
3   2026-01-23 21:32:14       0m 26s  ...                2.51         0.07
4   2026-01-23 21:32:41       0m 28s  ...               13.88         0.41
5   2026-01-23 21:33:09       0m 26s  ...                6.35         0.15
6   2026-01-23 21:33:35       0m 33s  ...               50.08         1.46
7   2026-01-23 21:34:09       0m 35s  ...               55.22         1.52
8   2026-01-23 21:34:44       0m 32s  ...               44.48         1.27
9   2026-01-23 21:35:17       0m 39s  ...               82.93         2.34
10  2026-01-23 21:35:57       0m 25s  ...                6.57         0.17
11  2026-01-23 21:36:22       0m 28s  ...                6.11         0.17
12  2026-01-23 21:36:50       0m 27s  ...                4.37         0.11

[13 rows x 24 columns]
              timestamp time_elapsed  ... severity_rate_patch Gradient_sr2
0   2026-01-23 21:30:45       0m 31s  ...               29.82         0.84
1   2026-01-23 21:31:17       0m 27s  ...                0.28         0.01
2   2026-01-23 21:31:44       0m 29s  ...               23.58         0.62
3   2026-01-23 21:32:14       0m 26s  ...                2.51         0.07
4   2026-01-23 21:32:41       0m 28s  ...               13.88         0.41
5   2026-01-23 21:33:09       0m 26s  ...                6.35         0.15
6   2026-01-23 21:33:35       0m 33s  ...               50.08         1.46
7   2026-01-23 21:34:09       0m 35s  ...               55.22         1.52
8   2026-01-23 21:34:44       0m 32s  ...               44.48         1.27
9   2026-01-23 21:35:17       0m 39s  ...               82.93         2.34
10  2026-01-23 21:35:57       0m 25s  ...                6.57         0.17
11  2026-01-23 21:36:22       0m 28s  ...                6.11         0.17
12  2026-01-23 21:36:50       0m 27s  ...                4.37         0.11
13  2026-01-23 21:37:17       0m 37s  ...               77.27         2.26

[14 rows x 24 columns]
              timestamp time_elapsed  ... severity_rate_patch Gradient_sr2
0   2026-01-23 21:30:45       0m 31s  ...               29.82         0.84
1   2026-01-23 21:31:17       0m 27s  ...                0.28         0.01
2   2026-01-23 21:31:44       0m 29s  ...               23.58         0.62
3   2026-01-23 21:32:14       0m 26s  ...                2.51         0.07
4   2026-01-23 21:32:41       0m 28s  ...               13.88         0.41
5   2026-01-23 21:33:09       0m 26s  ...                6.35         0.15
6   2026-01-23 21:33:35       0m 33s  ...               50.08         1.46
7   2026-01-23 21:34:09       0m 35s  ...               55.22         1.52
8   2026-01-23 21:34:44       0m 32s  ...               44.48         1.27
9   2026-01-23 21:35:17       0m 39s  ...               82.93         2.34
10  2026-01-23 21:35:57       0m 25s  ...                6.57         0.17
11  2026-01-23 21:36:22       0m 28s  ...                6.11         0.17
12  2026-01-23 21:36:50       0m 27s  ...                4.37         0.11
13  2026-01-23 21:37:17       0m 37s  ...               77.27         2.26
14  2026-01-23 21:37:55       0m 37s  ...               79.52         2.33

[15 rows x 24 columns]

real	7m53.940s
user	0m0.000s
sys	0m0.015s
