[2026-01-24 15:14:11,875] - [root] - [INFO] - leaf_correlation_mw.py
[2026-01-24 15:14:11,875] - [root] - [INFO] - model_type       : ResNet
[2026-01-24 15:14:11,875] - [root] - [INFO] - pretrained       : True
[2026-01-24 15:14:11,876] - [root] - [INFO] - loading_epoch    : 59
[2026-01-24 15:14:11,876] - [root] - [INFO] - timestamp        : Feb14_15-53-04_2024
[2026-01-24 15:14:11,876] - [root] - [INFO] - outdim           : 2
[2026-01-24 15:14:11,876] - [root] - [INFO] - dual_head        : False
[2026-01-24 15:14:11,876] - [root] - [INFO] - model_path       : ../..
[2026-01-24 15:14:11,876] - [root] - [INFO] - step_size        : 224
[2026-01-24 15:14:11,876] - [root] - [INFO] - means            : [0.541, 0.6371, 0.4188]
[2026-01-24 15:14:11,876] - [root] - [INFO] - stds             : [0.1764, 0.165, 0.2326]
[2026-01-24 15:14:11,876] - [root] - [INFO] - target_class     : 1
[2026-01-24 15:14:11,876] - [root] - [INFO] - contam_control   : False
[2026-01-24 15:14:11,876] - [root] - [INFO] - spor_th          : None
[2026-01-24 15:14:11,877] - [root] - [INFO] - inf_gate         : None
[2026-01-24 15:14:11,877] - [root] - [INFO] - pm               : HPM-1269
[2026-01-24 15:14:11,877] - [root] - [INFO] - mps              : False
[2026-01-24 15:14:11,877] - [root] - [INFO] - cuda             : True
[2026-01-24 15:14:11,877] - [root] - [INFO] - cuda_id          : 0
[2026-01-24 15:14:11,877] - [root] - [INFO] - sal_threshold    : 0.5
[2026-01-24 15:14:11,877] - [root] - [INFO] - up_threshold     : 0.8
[2026-01-24 15:14:11,877] - [root] - [INFO] - down_threshold   : 0.3
[2026-01-24 15:14:11,877] - [root] - [INFO] - dataset_path     : C:/Users/Intel User/Desktop/blackbird_scripts/data/human_disk_assessments
[2026-01-24 15:14:11,877] - [root] - [INFO] - img_folder       : 1-22-2026
[2026-01-24 15:14:11,877] - [root] - [INFO] - platform         : BlackBird
[2026-01-24 15:14:11,877] - [root] - [INFO] - threshold        : ['0.7']
[2026-01-24 15:14:11,877] - [root] - [INFO] - log              : ../../results/logs/random.log
[2026-01-24 15:14:11,877] - [root] - [INFO] - dpi              : 10
[2026-01-24 15:14:11,877] - [root] - [INFO] - group            : baseline
[2026-01-24 15:14:11,877] - [root] - [INFO] - trays            : ['10dpi']
[2026-01-24 15:14:11,877] - [root] - [INFO] - sal_gradcam      : False
[2026-01-24 15:14:11,877] - [root] - [INFO] - sal_gradient     : True
[2026-01-24 15:14:11,877] - [root] - [INFO] - sal_smoothgrad   : False
[2026-01-24 15:14:11,877] - [root] - [INFO] - sal_deeplift     : False
[2026-01-24 15:14:11,877] - [root] - [INFO] - sal_thresh_method : fixed
[2026-01-24 15:14:11,878] - [root] - [INFO] - sal_thresh_p     : 95.0
[2026-01-24 15:14:12,743] - [root] - [INFO] - -------------------------------------------
[2026-01-24 15:14:12,743] - [root] - [INFO] - Processing 1-22-2026 10dpi 046-W2021009-208_R2.png
[2026-01-24 15:14:34,126] - [root] - [INFO] - Finished loading mask: 0m 21s
[2026-01-24 15:14:44,916] - [root] - [INFO] - Finished crop and inference: 0m 32s
[2026-01-24 15:14:46,277] - [root] - [INFO] - Analysis finished: 0m 33s
[2026-01-24 15:14:46,277] - [root] - [INFO] - -------------------------------------------
[2026-01-24 15:14:46,277] - [root] - [INFO] - -------------------------------------------
[2026-01-24 15:14:46,277] - [root] - [INFO] - Processing 1-22-2026 10dpi 151-W2021011-479_R2.png
[2026-01-24 15:15:08,319] - [root] - [INFO] - Finished loading mask: 0m 22s
[2026-01-24 15:15:35,724] - [root] - [INFO] - Finished crop and inference: 0m 49s
[2026-01-24 15:15:36,956] - [root] - [INFO] - Analysis finished: 0m 50s
[2026-01-24 15:15:36,956] - [root] - [INFO] - -------------------------------------------
[2026-01-24 15:15:36,956] - [root] - [INFO] - -------------------------------------------
[2026-01-24 15:15:36,956] - [root] - [INFO] - Processing 1-22-2026 10dpi 152-W2021010-301_R2.png
[2026-01-24 15:15:59,012] - [root] - [INFO] - Finished loading mask: 0m 22s
[2026-01-24 15:16:09,825] - [root] - [INFO] - Finished crop and inference: 0m 32s
[2026-01-24 15:16:11,102] - [root] - [INFO] - Analysis finished: 0m 34s
[2026-01-24 15:16:11,103] - [root] - [INFO] - -------------------------------------------
[2026-01-24 15:16:11,103] - [root] - [INFO] - -------------------------------------------
[2026-01-24 15:16:11,103] - [root] - [INFO] - Processing 1-22-2026 10dpi 152-W2021011-479_R1.png
[2026-01-24 15:16:33,130] - [root] - [INFO] - Finished loading mask: 0m 22s
[2026-01-24 15:16:50,569] - [root] - [INFO] - Finished crop and inference: 0m 39s
[2026-01-24 15:16:51,768] - [root] - [INFO] - Analysis finished: 0m 40s
[2026-01-24 15:16:51,768] - [root] - [INFO] - -------------------------------------------
[2026-01-24 15:16:51,768] - [root] - [INFO] - -------------------------------------------
[2026-01-24 15:16:51,768] - [root] - [INFO] - Processing 1-22-2026 10dpi 162-W2021011-551_R2.png
[2026-01-24 15:17:14,362] - [root] - [INFO] - Finished loading mask: 0m 22s
[2026-01-24 15:17:41,952] - [root] - [INFO] - Finished crop and inference: 0m 50s
[2026-01-24 15:17:43,062] - [root] - [INFO] - Analysis finished: 0m 51s
[2026-01-24 15:17:43,062] - [root] - [INFO] - -------------------------------------------
[2026-01-24 15:17:43,062] - [root] - [INFO] - -------------------------------------------
[2026-01-24 15:17:43,062] - [root] - [INFO] - Processing 1-22-2026 10dpi 166-W2021006-123_R1.png
[2026-01-24 15:18:04,602] - [root] - [INFO] - Finished loading mask: 0m 21s
[2026-01-24 15:18:13,459] - [root] - [INFO] - Finished crop and inference: 0m 30s
[2026-01-24 15:18:14,620] - [root] - [INFO] - Analysis finished: 0m 31s
[2026-01-24 15:18:14,620] - [root] - [INFO] - -------------------------------------------
[2026-01-24 15:18:14,620] - [root] - [INFO] - -------------------------------------------
[2026-01-24 15:18:14,621] - [root] - [INFO] - Processing 1-22-2026 10dpi 166-W2021006-146_R1.png
[2026-01-24 15:18:36,125] - [root] - [INFO] - Finished loading mask: 0m 21s
[2026-01-24 15:18:57,264] - [root] - [INFO] - Finished crop and inference: 0m 42s
[2026-01-24 15:18:58,468] - [root] - [INFO] - Analysis finished: 0m 43s
[2026-01-24 15:18:58,468] - [root] - [INFO] - -------------------------------------------
[2026-01-24 15:18:58,468] - [root] - [INFO] - -------------------------------------------
[2026-01-24 15:18:58,468] - [root] - [INFO] - Processing 1-22-2026 10dpi 166-W2021006-146_R2.png
[2026-01-24 15:19:20,481] - [root] - [INFO] - Finished loading mask: 0m 22s
[2026-01-24 15:19:34,233] - [root] - [INFO] - Finished crop and inference: 0m 35s
[2026-01-24 15:19:35,464] - [root] - [INFO] - Analysis finished: 0m 36s
[2026-01-24 15:19:35,465] - [root] - [INFO] - -------------------------------------------
[2026-01-24 15:19:35,465] - [root] - [INFO] - -------------------------------------------
[2026-01-24 15:19:35,465] - [root] - [INFO] - Processing 1-22-2026 10dpi 171-W2021011-584_R1.png
[2026-01-24 15:19:57,544] - [root] - [INFO] - Finished loading mask: 0m 22s
[2026-01-24 15:20:21,078] - [root] - [INFO] - Finished crop and inference: 0m 45s
[2026-01-24 15:20:22,265] - [root] - [INFO] - Analysis finished: 0m 46s
[2026-01-24 15:20:22,265] - [root] - [INFO] - -------------------------------------------
[2026-01-24 15:20:22,266] - [root] - [INFO] - -------------------------------------------
[2026-01-24 15:20:22,266] - [root] - [INFO] - Processing 1-22-2026 10dpi 181-W2021009-295_R2.png
[2026-01-24 15:20:44,561] - [root] - [INFO] - Finished loading mask: 0m 22s
[2026-01-24 15:21:00,529] - [root] - [INFO] - Finished crop and inference: 0m 38s
[2026-01-24 15:21:01,779] - [root] - [INFO] - Analysis finished: 0m 39s
[2026-01-24 15:21:01,779] - [root] - [INFO] - -------------------------------------------
[2026-01-24 15:21:01,779] - [root] - [INFO] - -------------------------------------------
[2026-01-24 15:21:01,780] - [root] - [INFO] - Processing 1-22-2026 10dpi 182-W2021009-251_R1.png
[2026-01-24 15:21:23,374] - [root] - [INFO] - Finished loading mask: 0m 21s
[2026-01-24 15:21:35,587] - [root] - [INFO] - Finished crop and inference: 0m 33s
[2026-01-24 15:21:37,026] - [root] - [INFO] - Analysis finished: 0m 35s
[2026-01-24 15:21:37,026] - [root] - [INFO] - -------------------------------------------
[2026-01-24 15:21:37,026] - [root] - [INFO] - -------------------------------------------
[2026-01-24 15:21:37,026] - [root] - [INFO] - Processing 1-22-2026 10dpi 192-W2021010-449_R2.png
[2026-01-24 15:21:57,977] - [root] - [INFO] - Finished loading mask: 0m 20s
[2026-01-24 15:22:20,070] - [root] - [INFO] - Finished crop and inference: 0m 43s
[2026-01-24 15:22:21,396] - [root] - [INFO] - Analysis finished: 0m 44s
[2026-01-24 15:22:21,397] - [root] - [INFO] - -------------------------------------------
[2026-01-24 15:22:21,397] - [root] - [INFO] - -------------------------------------------
[2026-01-24 15:22:21,397] - [root] - [INFO] - Processing 1-22-2026 10dpi 206-W2021009-271_R2.png
[2026-01-24 15:22:42,477] - [root] - [INFO] - Finished loading mask: 0m 21s
[2026-01-24 15:23:08,397] - [root] - [INFO] - Finished crop and inference: 0m 46s
[2026-01-24 15:23:09,693] - [root] - [INFO] - Analysis finished: 0m 48s
[2026-01-24 15:23:09,693] - [root] - [INFO] - -------------------------------------------
[2026-01-24 15:23:09,693] - [root] - [INFO] - -------------------------------------------
[2026-01-24 15:23:09,694] - [root] - [INFO] - Processing 1-22-2026 10dpi 207-W2021009-271_R1.png
[2026-01-24 15:23:31,029] - [root] - [INFO] - Finished loading mask: 0m 21s
[2026-01-24 15:23:44,206] - [root] - [INFO] - Finished crop and inference: 0m 34s
[2026-01-24 15:23:45,531] - [root] - [INFO] - Analysis finished: 0m 35s
[2026-01-24 15:23:45,532] - [root] - [INFO] - -------------------------------------------
[2026-01-24 15:23:45,532] - [root] - [INFO] - -------------------------------------------
[2026-01-24 15:23:45,532] - [root] - [INFO] - Processing 1-22-2026 10dpi 233-W2021006-607_R1.png
[2026-01-24 15:24:06,143] - [root] - [INFO] - Finished loading mask: 0m 20s
[2026-01-24 15:24:17,540] - [root] - [INFO] - Finished crop and inference: 0m 32s
[2026-01-24 15:24:18,748] - [root] - [INFO] - Analysis finished: 0m 33s
[2026-01-24 15:24:18,749] - [root] - [INFO] - -------------------------------------------
[2026-01-24 15:24:18,759] - [root] - [INFO] - Saved C:\Users\Intel User\Desktop\blackbird_scripts\data\Results\ResNet_upth0.8_downth0.3_Feb14_15-53-04_2024\1-22-2026\th_0.7\severity_rate_tray_10dpi_u0.8_d0.3_ig0.3_sp0.8_20260124_152345.csv
WARNING: outdim>=2 but dual_head flag not set. If you're using a dual-head model, please set --dual_head.
             timestamp time_elapsed  ... severity_rate_patch Gradient_sr2
0  2026-01-24 15:14:12       0m 33s  ...                3.34         0.09

[1 rows x 22 columns]
             timestamp time_elapsed  ... severity_rate_patch Gradient_sr2
0  2026-01-24 15:14:12       0m 33s  ...                3.34         0.09
1  2026-01-24 15:14:46       0m 50s  ...               99.18         3.02

[2 rows x 22 columns]
             timestamp time_elapsed  ... severity_rate_patch Gradient_sr2
0  2026-01-24 15:14:12       0m 33s  ...                3.34         0.09
1  2026-01-24 15:14:46       0m 50s  ...               99.18         3.02
2  2026-01-24 15:15:36       0m 34s  ...                0.14         0.00

[3 rows x 22 columns]
             timestamp time_elapsed  ... severity_rate_patch Gradient_sr2
0  2026-01-24 15:14:12       0m 33s  ...                3.34         0.09
1  2026-01-24 15:14:46       0m 50s  ...               99.18         3.02
2  2026-01-24 15:15:36       0m 34s  ...                0.14         0.00
3  2026-01-24 15:16:11       0m 40s  ...               40.45         1.14

[4 rows x 22 columns]
             timestamp time_elapsed  ... severity_rate_patch Gradient_sr2
0  2026-01-24 15:14:12       0m 33s  ...                3.34         0.09
1  2026-01-24 15:14:46       0m 50s  ...               99.18         3.02
2  2026-01-24 15:15:36       0m 34s  ...                0.14         0.00
3  2026-01-24 15:16:11       0m 40s  ...               40.45         1.14
4  2026-01-24 15:16:51       0m 51s  ...               83.21         2.40

[5 rows x 22 columns]
             timestamp time_elapsed  ... severity_rate_patch Gradient_sr2
0  2026-01-24 15:14:12       0m 33s  ...                3.34         0.09
1  2026-01-24 15:14:46       0m 50s  ...               99.18         3.02
2  2026-01-24 15:15:36       0m 34s  ...                0.14         0.00
3  2026-01-24 15:16:11       0m 40s  ...               40.45         1.14
4  2026-01-24 15:16:51       0m 51s  ...               83.21         2.40
5  2026-01-24 15:17:43       0m 31s  ...                0.66         0.02

[6 rows x 22 columns]
             timestamp time_elapsed  ... severity_rate_patch Gradient_sr2
0  2026-01-24 15:14:12       0m 33s  ...                3.34         0.09
1  2026-01-24 15:14:46       0m 50s  ...               99.18         3.02
2  2026-01-24 15:15:36       0m 34s  ...                0.14         0.00
3  2026-01-24 15:16:11       0m 40s  ...               40.45         1.14
4  2026-01-24 15:16:51       0m 51s  ...               83.21         2.40
5  2026-01-24 15:17:43       0m 31s  ...                0.66         0.02
6  2026-01-24 15:18:14       0m 43s  ...               52.39         1.43

[7 rows x 22 columns]
             timestamp time_elapsed  ... severity_rate_patch Gradient_sr2
0  2026-01-24 15:14:12       0m 33s  ...                3.34         0.09
1  2026-01-24 15:14:46       0m 50s  ...               99.18         3.02
2  2026-01-24 15:15:36       0m 34s  ...                0.14         0.00
3  2026-01-24 15:16:11       0m 40s  ...               40.45         1.14
4  2026-01-24 15:16:51       0m 51s  ...               83.21         2.40
5  2026-01-24 15:17:43       0m 31s  ...                0.66         0.02
6  2026-01-24 15:18:14       0m 43s  ...               52.39         1.43
7  2026-01-24 15:18:58       0m 36s  ...               13.16         0.34

[8 rows x 22 columns]
             timestamp time_elapsed  ... severity_rate_patch Gradient_sr2
0  2026-01-24 15:14:12       0m 33s  ...                3.34         0.09
1  2026-01-24 15:14:46       0m 50s  ...               99.18         3.02
2  2026-01-24 15:15:36       0m 34s  ...                0.14         0.00
3  2026-01-24 15:16:11       0m 40s  ...               40.45         1.14
4  2026-01-24 15:16:51       0m 51s  ...               83.21         2.40
5  2026-01-24 15:17:43       0m 31s  ...                0.66         0.02
6  2026-01-24 15:18:14       0m 43s  ...               52.39         1.43
7  2026-01-24 15:18:58       0m 36s  ...               13.16         0.34
8  2026-01-24 15:19:35       0m 46s  ...               65.67         1.59

[9 rows x 22 columns]
             timestamp time_elapsed  ... severity_rate_patch Gradient_sr2
0  2026-01-24 15:14:12       0m 33s  ...                3.34         0.09
1  2026-01-24 15:14:46       0m 50s  ...               99.18         3.02
2  2026-01-24 15:15:36       0m 34s  ...                0.14         0.00
3  2026-01-24 15:16:11       0m 40s  ...               40.45         1.14
4  2026-01-24 15:16:51       0m 51s  ...               83.21         2.40
5  2026-01-24 15:17:43       0m 31s  ...                0.66         0.02
6  2026-01-24 15:18:14       0m 43s  ...               52.39         1.43
7  2026-01-24 15:18:58       0m 36s  ...               13.16         0.34
8  2026-01-24 15:19:35       0m 46s  ...               65.67         1.59
9  2026-01-24 15:20:22       0m 39s  ...               23.59         0.59

[10 rows x 22 columns]
              timestamp time_elapsed  ... severity_rate_patch Gradient_sr2
0   2026-01-24 15:14:12       0m 33s  ...                3.34         0.09
1   2026-01-24 15:14:46       0m 50s  ...               99.18         3.02
2   2026-01-24 15:15:36       0m 34s  ...                0.14         0.00
3   2026-01-24 15:16:11       0m 40s  ...               40.45         1.14
4   2026-01-24 15:16:51       0m 51s  ...               83.21         2.40
5   2026-01-24 15:17:43       0m 31s  ...                0.66         0.02
6   2026-01-24 15:18:14       0m 43s  ...               52.39         1.43
7   2026-01-24 15:18:58       0m 36s  ...               13.16         0.34
8   2026-01-24 15:19:35       0m 46s  ...               65.67         1.59
9   2026-01-24 15:20:22       0m 39s  ...               23.59         0.59
10  2026-01-24 15:21:01       0m 35s  ...                4.28         0.11

[11 rows x 22 columns]
              timestamp time_elapsed  ... severity_rate_patch Gradient_sr2
0   2026-01-24 15:14:12       0m 33s  ...                3.34         0.09
1   2026-01-24 15:14:46       0m 50s  ...               99.18         3.02
2   2026-01-24 15:15:36       0m 34s  ...                0.14         0.00
3   2026-01-24 15:16:11       0m 40s  ...               40.45         1.14
4   2026-01-24 15:16:51       0m 51s  ...               83.21         2.40
5   2026-01-24 15:17:43       0m 31s  ...                0.66         0.02
6   2026-01-24 15:18:14       0m 43s  ...               52.39         1.43
7   2026-01-24 15:18:58       0m 36s  ...               13.16         0.34
8   2026-01-24 15:19:35       0m 46s  ...               65.67         1.59
9   2026-01-24 15:20:22       0m 39s  ...               23.59         0.59
10  2026-01-24 15:21:01       0m 35s  ...                4.28         0.11
11  2026-01-24 15:21:37       0m 44s  ...               65.82         1.83

[12 rows x 22 columns]
              timestamp time_elapsed  ... severity_rate_patch Gradient_sr2
0   2026-01-24 15:14:12       0m 33s  ...                3.34         0.09
1   2026-01-24 15:14:46       0m 50s  ...               99.18         3.02
2   2026-01-24 15:15:36       0m 34s  ...                0.14         0.00
3   2026-01-24 15:16:11       0m 40s  ...               40.45         1.14
4   2026-01-24 15:16:51       0m 51s  ...               83.21         2.40
5   2026-01-24 15:17:43       0m 31s  ...                0.66         0.02
6   2026-01-24 15:18:14       0m 43s  ...               52.39         1.43
7   2026-01-24 15:18:58       0m 36s  ...               13.16         0.34
8   2026-01-24 15:19:35       0m 46s  ...               65.67         1.59
9   2026-01-24 15:20:22       0m 39s  ...               23.59         0.59
10  2026-01-24 15:21:01       0m 35s  ...                4.28         0.11
11  2026-01-24 15:21:37       0m 44s  ...               65.82         1.83
12  2026-01-24 15:22:21       0m 48s  ...               83.10         2.21

[13 rows x 22 columns]
              timestamp time_elapsed  ... severity_rate_patch Gradient_sr2
0   2026-01-24 15:14:12       0m 33s  ...                3.34         0.09
1   2026-01-24 15:14:46       0m 50s  ...               99.18         3.02
2   2026-01-24 15:15:36       0m 34s  ...                0.14         0.00
3   2026-01-24 15:16:11       0m 40s  ...               40.45         1.14
4   2026-01-24 15:16:51       0m 51s  ...               83.21         2.40
5   2026-01-24 15:17:43       0m 31s  ...                0.66         0.02
6   2026-01-24 15:18:14       0m 43s  ...               52.39         1.43
7   2026-01-24 15:18:58       0m 36s  ...               13.16         0.34
8   2026-01-24 15:19:35       0m 46s  ...               65.67         1.59
9   2026-01-24 15:20:22       0m 39s  ...               23.59         0.59
10  2026-01-24 15:21:01       0m 35s  ...                4.28         0.11
11  2026-01-24 15:21:37       0m 44s  ...               65.82         1.83
12  2026-01-24 15:22:21       0m 48s  ...               83.10         2.21
13  2026-01-24 15:23:09       0m 35s  ...               34.65         0.87

[14 rows x 22 columns]
              timestamp time_elapsed  ... severity_rate_patch Gradient_sr2
0   2026-01-24 15:14:12       0m 33s  ...                3.34         0.09
1   2026-01-24 15:14:46       0m 50s  ...               99.18         3.02
2   2026-01-24 15:15:36       0m 34s  ...                0.14         0.00
3   2026-01-24 15:16:11       0m 40s  ...               40.45         1.14
4   2026-01-24 15:16:51       0m 51s  ...               83.21         2.40
5   2026-01-24 15:17:43       0m 31s  ...                0.66         0.02
6   2026-01-24 15:18:14       0m 43s  ...               52.39         1.43
7   2026-01-24 15:18:58       0m 36s  ...               13.16         0.34
8   2026-01-24 15:19:35       0m 46s  ...               65.67         1.59
9   2026-01-24 15:20:22       0m 39s  ...               23.59         0.59
10  2026-01-24 15:21:01       0m 35s  ...                4.28         0.11
11  2026-01-24 15:21:37       0m 44s  ...               65.82         1.83
12  2026-01-24 15:22:21       0m 48s  ...               83.10         2.21
13  2026-01-24 15:23:09       0m 35s  ...               34.65         0.87
14  2026-01-24 15:23:45       0m 33s  ...               14.63         0.37

[15 rows x 22 columns]

real	10m13.179s
user	0m0.000s
sys	0m0.015s
