[2026-01-23 19:05:36,190] - [root] - [INFO] - leaf_correlation_mw.py
[2026-01-23 19:05:36,190] - [root] - [INFO] - model_type       : ResNet
[2026-01-23 19:05:36,190] - [root] - [INFO] - pretrained       : True
[2026-01-23 19:05:36,190] - [root] - [INFO] - loading_epoch    : 65
[2026-01-23 19:05:36,190] - [root] - [INFO] - timestamp        : Jan22_10-21-00_2026
[2026-01-23 19:05:36,190] - [root] - [INFO] - outdim           : 2
[2026-01-23 19:05:36,190] - [root] - [INFO] - dual_head        : True
[2026-01-23 19:05:36,191] - [root] - [INFO] - model_path       : ../..
[2026-01-23 19:05:36,191] - [root] - [INFO] - step_size        : 224
[2026-01-23 19:05:36,191] - [root] - [INFO] - means            : [0.541, 0.6371, 0.4188]
[2026-01-23 19:05:36,191] - [root] - [INFO] - stds             : [0.1764, 0.165, 0.2326]
[2026-01-23 19:05:36,191] - [root] - [INFO] - target_class     : 1
[2026-01-23 19:05:36,191] - [root] - [INFO] - contam_control   : False
[2026-01-23 19:05:36,191] - [root] - [INFO] - spor_th          : 0.7
[2026-01-23 19:05:36,191] - [root] - [INFO] - inf_gate         : 0.6
[2026-01-23 19:05:36,192] - [root] - [INFO] - pm               : HPM-1269
[2026-01-23 19:05:36,192] - [root] - [INFO] - mps              : False
[2026-01-23 19:05:36,192] - [root] - [INFO] - cuda             : True
[2026-01-23 19:05:36,192] - [root] - [INFO] - cuda_id          : 0
[2026-01-23 19:05:36,192] - [root] - [INFO] - sal_threshold    : 0.5
[2026-01-23 19:05:36,192] - [root] - [INFO] - up_threshold     : 0.9
[2026-01-23 19:05:36,192] - [root] - [INFO] - down_threshold   : 0.2
[2026-01-23 19:05:36,192] - [root] - [INFO] - dataset_path     : C:/Users/Intel User/Desktop/blackbird_scripts/data/human_disk_assessments
[2026-01-23 19:05:36,192] - [root] - [INFO] - img_folder       : 1-22-2026
[2026-01-23 19:05:36,192] - [root] - [INFO] - platform         : BlackBird
[2026-01-23 19:05:36,192] - [root] - [INFO] - threshold        : ['0.7']
[2026-01-23 19:05:36,192] - [root] - [INFO] - log              : ../../results/logs/random.log
[2026-01-23 19:05:36,192] - [root] - [INFO] - dpi              : 5
[2026-01-23 19:05:36,192] - [root] - [INFO] - group            : baseline
[2026-01-23 19:05:36,192] - [root] - [INFO] - trays            : ['5dpi']
[2026-01-23 19:05:36,192] - [root] - [INFO] - sal_gradcam      : False
[2026-01-23 19:05:36,193] - [root] - [INFO] - sal_gradient     : True
[2026-01-23 19:05:36,193] - [root] - [INFO] - sal_smoothgrad   : False
[2026-01-23 19:05:36,193] - [root] - [INFO] - sal_deeplift     : False
[2026-01-23 19:05:36,193] - [root] - [INFO] - sal_thresh_method : fixed
[2026-01-23 19:05:36,193] - [root] - [INFO] - sal_thresh_p     : 95.0
[2026-01-23 19:05:37,293] - [root] - [INFO] - -------------------------------------------
[2026-01-23 19:05:37,294] - [root] - [INFO] - Processing 1-22-2026 5dpi 015-W2021009-160_R1.png
[2026-01-23 19:05:58,848] - [root] - [INFO] - Finished loading mask: 0m 21s
[2026-01-23 19:06:12,025] - [root] - [INFO] - Finished crop and inference: 0m 34s
[2026-01-23 19:06:13,757] - [root] - [INFO] - Analysis finished: 0m 36s
[2026-01-23 19:06:13,757] - [root] - [INFO] - -------------------------------------------
[2026-01-23 19:06:13,757] - [root] - [INFO] - -------------------------------------------
[2026-01-23 19:06:13,757] - [root] - [INFO] - Processing 1-22-2026 5dpi 015-W2021011-633_R1.png
[2026-01-23 19:06:36,123] - [root] - [INFO] - Finished loading mask: 0m 22s
[2026-01-23 19:06:48,626] - [root] - [INFO] - Finished crop and inference: 0m 34s
[2026-01-23 19:06:50,512] - [root] - [INFO] - Analysis finished: 0m 36s
[2026-01-23 19:06:50,513] - [root] - [INFO] - -------------------------------------------
[2026-01-23 19:06:50,513] - [root] - [INFO] - -------------------------------------------
[2026-01-23 19:06:50,513] - [root] - [INFO] - Processing 1-22-2026 5dpi 019-W2021010-428_R2.png
[2026-01-23 19:07:12,529] - [root] - [INFO] - Finished loading mask: 0m 22s
[2026-01-23 19:07:20,966] - [root] - [INFO] - Finished crop and inference: 0m 30s
[2026-01-23 19:07:22,933] - [root] - [INFO] - Analysis finished: 0m 32s
[2026-01-23 19:07:22,933] - [root] - [INFO] - -------------------------------------------
[2026-01-23 19:07:22,933] - [root] - [INFO] - -------------------------------------------
[2026-01-23 19:07:22,934] - [root] - [INFO] - Processing 1-22-2026 5dpi 021-W2021009-175_R1.png
[2026-01-23 19:07:44,129] - [root] - [INFO] - Finished loading mask: 0m 21s
[2026-01-23 19:07:53,648] - [root] - [INFO] - Finished crop and inference: 0m 30s
[2026-01-23 19:07:55,576] - [root] - [INFO] - Analysis finished: 0m 32s
[2026-01-23 19:07:55,576] - [root] - [INFO] - -------------------------------------------
[2026-01-23 19:07:55,576] - [root] - [INFO] - -------------------------------------------
[2026-01-23 19:07:55,576] - [root] - [INFO] - Processing 1-22-2026 5dpi 022-W2021009-198_R2.png
[2026-01-23 19:08:17,174] - [root] - [INFO] - Finished loading mask: 0m 21s
[2026-01-23 19:08:28,272] - [root] - [INFO] - Finished crop and inference: 0m 32s
[2026-01-23 19:08:30,200] - [root] - [INFO] - Analysis finished: 0m 34s
[2026-01-23 19:08:30,200] - [root] - [INFO] - -------------------------------------------
[2026-01-23 19:08:30,200] - [root] - [INFO] - -------------------------------------------
[2026-01-23 19:08:30,200] - [root] - [INFO] - Processing 1-22-2026 5dpi 036-W2021006-047_R2.png
[2026-01-23 19:08:53,229] - [root] - [INFO] - Finished loading mask: 0m 23s
[2026-01-23 19:09:02,561] - [root] - [INFO] - Finished crop and inference: 0m 32s
[2026-01-23 19:09:04,661] - [root] - [INFO] - Analysis finished: 0m 34s
[2026-01-23 19:09:04,661] - [root] - [INFO] - -------------------------------------------
[2026-01-23 19:09:04,662] - [root] - [INFO] - -------------------------------------------
[2026-01-23 19:09:04,662] - [root] - [INFO] - Processing 1-22-2026 5dpi 060-W2021010-324_R2.png
[2026-01-23 19:09:26,400] - [root] - [INFO] - Finished loading mask: 0m 21s
[2026-01-23 19:09:35,744] - [root] - [INFO] - Finished crop and inference: 0m 31s
[2026-01-23 19:09:37,805] - [root] - [INFO] - Analysis finished: 0m 33s
[2026-01-23 19:09:37,805] - [root] - [INFO] - -------------------------------------------
[2026-01-23 19:09:37,805] - [root] - [INFO] - -------------------------------------------
[2026-01-23 19:09:37,805] - [root] - [INFO] - Processing 1-22-2026 5dpi 099-W2021006-611_R2.png
[2026-01-23 19:09:59,882] - [root] - [INFO] - Finished loading mask: 0m 22s
[2026-01-23 19:10:15,826] - [root] - [INFO] - Finished crop and inference: 0m 38s
[2026-01-23 19:10:17,601] - [root] - [INFO] - Analysis finished: 0m 39s
[2026-01-23 19:10:17,601] - [root] - [INFO] - -------------------------------------------
[2026-01-23 19:10:17,601] - [root] - [INFO] - -------------------------------------------
[2026-01-23 19:10:17,601] - [root] - [INFO] - Processing 1-22-2026 5dpi 123-W2021009-255_R2.png
[2026-01-23 19:10:39,147] - [root] - [INFO] - Finished loading mask: 0m 21s
[2026-01-23 19:10:49,685] - [root] - [INFO] - Finished crop and inference: 0m 32s
[2026-01-23 19:10:51,320] - [root] - [INFO] - Analysis finished: 0m 33s
[2026-01-23 19:10:51,320] - [root] - [INFO] - -------------------------------------------
[2026-01-23 19:10:51,320] - [root] - [INFO] - -------------------------------------------
[2026-01-23 19:10:51,320] - [root] - [INFO] - Processing 1-22-2026 5dpi 141-W2021009-274_R1.png
[2026-01-23 19:11:13,716] - [root] - [INFO] - Finished loading mask: 0m 22s
[2026-01-23 19:11:38,965] - [root] - [INFO] - Finished crop and inference: 0m 47s
[2026-01-23 19:11:40,477] - [root] - [INFO] - Analysis finished: 0m 49s
[2026-01-23 19:11:40,477] - [root] - [INFO] - -------------------------------------------
[2026-01-23 19:11:40,477] - [root] - [INFO] - -------------------------------------------
[2026-01-23 19:11:40,477] - [root] - [INFO] - Processing 1-22-2026 5dpi 173-W2021006-127_R2.png
[2026-01-23 19:12:01,889] - [root] - [INFO] - Finished loading mask: 0m 21s
[2026-01-23 19:12:10,865] - [root] - [INFO] - Finished crop and inference: 0m 30s
[2026-01-23 19:12:12,436] - [root] - [INFO] - Analysis finished: 0m 31s
[2026-01-23 19:12:12,436] - [root] - [INFO] - -------------------------------------------
[2026-01-23 19:12:12,436] - [root] - [INFO] - -------------------------------------------
[2026-01-23 19:12:12,436] - [root] - [INFO] - Processing 1-22-2026 5dpi 191-W2021010-449_R1.png
[2026-01-23 19:12:34,333] - [root] - [INFO] - Finished loading mask: 0m 21s
[2026-01-23 19:12:46,827] - [root] - [INFO] - Finished crop and inference: 0m 34s
[2026-01-23 19:12:48,363] - [root] - [INFO] - Analysis finished: 0m 35s
[2026-01-23 19:12:48,363] - [root] - [INFO] - -------------------------------------------
[2026-01-23 19:12:48,363] - [root] - [INFO] - -------------------------------------------
[2026-01-23 19:12:48,363] - [root] - [INFO] - Processing 1-22-2026 5dpi 254-W2021010-352_R2.png
[2026-01-23 19:13:09,723] - [root] - [INFO] - Finished loading mask: 0m 21s
[2026-01-23 19:13:17,329] - [root] - [INFO] - Finished crop and inference: 0m 28s
[2026-01-23 19:13:18,865] - [root] - [INFO] - Analysis finished: 0m 30s
[2026-01-23 19:13:18,865] - [root] - [INFO] - -------------------------------------------
[2026-01-23 19:13:18,866] - [root] - [INFO] - -------------------------------------------
[2026-01-23 19:13:18,866] - [root] - [INFO] - Processing 1-22-2026 5dpi 266-W2021009-193_R1.png
[2026-01-23 19:13:39,781] - [root] - [INFO] - Finished loading mask: 0m 20s
[2026-01-23 19:13:49,197] - [root] - [INFO] - Finished crop and inference: 0m 30s
[2026-01-23 19:13:50,791] - [root] - [INFO] - Analysis finished: 0m 31s
[2026-01-23 19:13:50,791] - [root] - [INFO] - -------------------------------------------
[2026-01-23 19:13:50,791] - [root] - [INFO] - -------------------------------------------
[2026-01-23 19:13:50,791] - [root] - [INFO] - Processing 1-22-2026 5dpi 336-W2021011-506_R2.png
[2026-01-23 19:14:11,751] - [root] - [INFO] - Finished loading mask: 0m 20s
[2026-01-23 19:14:27,643] - [root] - [INFO] - Finished crop and inference: 0m 36s
[2026-01-23 19:14:29,123] - [root] - [INFO] - Analysis finished: 0m 38s
[2026-01-23 19:14:29,123] - [root] - [INFO] - -------------------------------------------
[2026-01-23 19:14:29,130] - [root] - [INFO] - Saved C:\Users\Intel User\Desktop\blackbird_scripts\data\Results\ResNet_upth0.9_downth0.2_Jan22_10-21-00_2026\1-22-2026\th_0.7\severity_rate_tray_5dpi_u0.9_d0.2_ig0.6_sp0.7.csv
             timestamp time_elapsed  ... severity_rate_patch Gradient_sr2
0  2026-01-23 19:05:37       0m 36s  ...               30.24         0.68

[1 rows x 24 columns]
             timestamp time_elapsed  ... severity_rate_patch Gradient_sr2
0  2026-01-23 19:05:37       0m 36s  ...               30.24         0.68
1  2026-01-23 19:06:13       0m 36s  ...               16.96         0.47

[2 rows x 24 columns]
             timestamp time_elapsed  ... severity_rate_patch Gradient_sr2
0  2026-01-23 19:05:37       0m 36s  ...               30.24         0.68
1  2026-01-23 19:06:13       0m 36s  ...               16.96         0.47
2  2026-01-23 19:06:50       0m 32s  ...                0.48         0.01

[3 rows x 24 columns]
             timestamp time_elapsed  ... severity_rate_patch Gradient_sr2
0  2026-01-23 19:05:37       0m 36s  ...               30.24         0.68
1  2026-01-23 19:06:13       0m 36s  ...               16.96         0.47
2  2026-01-23 19:06:50       0m 32s  ...                0.48         0.01
3  2026-01-23 19:07:22       0m 32s  ...                1.90         0.05

[4 rows x 24 columns]
             timestamp time_elapsed  ... severity_rate_patch Gradient_sr2
0  2026-01-23 19:05:37       0m 36s  ...               30.24         0.68
1  2026-01-23 19:06:13       0m 36s  ...               16.96         0.47
2  2026-01-23 19:06:50       0m 32s  ...                0.48         0.01
3  2026-01-23 19:07:22       0m 32s  ...                1.90         0.05
4  2026-01-23 19:07:55       0m 34s  ...               10.46         0.24

[5 rows x 24 columns]
             timestamp time_elapsed  ... severity_rate_patch Gradient_sr2
0  2026-01-23 19:05:37       0m 36s  ...               30.24         0.68
1  2026-01-23 19:06:13       0m 36s  ...               16.96         0.47
2  2026-01-23 19:06:50       0m 32s  ...                0.48         0.01
3  2026-01-23 19:07:22       0m 32s  ...                1.90         0.05
4  2026-01-23 19:07:55       0m 34s  ...               10.46         0.24
5  2026-01-23 19:08:30       0m 34s  ...                0.60         0.02

[6 rows x 24 columns]
             timestamp time_elapsed  ... severity_rate_patch Gradient_sr2
0  2026-01-23 19:05:37       0m 36s  ...               30.24         0.68
1  2026-01-23 19:06:13       0m 36s  ...               16.96         0.47
2  2026-01-23 19:06:50       0m 32s  ...                0.48         0.01
3  2026-01-23 19:07:22       0m 32s  ...                1.90         0.05
4  2026-01-23 19:07:55       0m 34s  ...               10.46         0.24
5  2026-01-23 19:08:30       0m 34s  ...                0.60         0.02
6  2026-01-23 19:09:04       0m 33s  ...                1.69         0.04

[7 rows x 24 columns]
             timestamp time_elapsed  ... severity_rate_patch Gradient_sr2
0  2026-01-23 19:05:37       0m 36s  ...               30.24         0.68
1  2026-01-23 19:06:13       0m 36s  ...               16.96         0.47
2  2026-01-23 19:06:50       0m 32s  ...                0.48         0.01
3  2026-01-23 19:07:22       0m 32s  ...                1.90         0.05
4  2026-01-23 19:07:55       0m 34s  ...               10.46         0.24
5  2026-01-23 19:08:30       0m 34s  ...                0.60         0.02
6  2026-01-23 19:09:04       0m 33s  ...                1.69         0.04
7  2026-01-23 19:09:37       0m 39s  ...               39.39         0.95

[8 rows x 24 columns]
             timestamp time_elapsed  ... severity_rate_patch Gradient_sr2
0  2026-01-23 19:05:37       0m 36s  ...               30.24         0.68
1  2026-01-23 19:06:13       0m 36s  ...               16.96         0.47
2  2026-01-23 19:06:50       0m 32s  ...                0.48         0.01
3  2026-01-23 19:07:22       0m 32s  ...                1.90         0.05
4  2026-01-23 19:07:55       0m 34s  ...               10.46         0.24
5  2026-01-23 19:08:30       0m 34s  ...                0.60         0.02
6  2026-01-23 19:09:04       0m 33s  ...                1.69         0.04
7  2026-01-23 19:09:37       0m 39s  ...               39.39         0.95
8  2026-01-23 19:10:17       0m 33s  ...                6.56         0.15

[9 rows x 24 columns]
             timestamp time_elapsed  ... severity_rate_patch Gradient_sr2
0  2026-01-23 19:05:37       0m 36s  ...               30.24         0.68
1  2026-01-23 19:06:13       0m 36s  ...               16.96         0.47
2  2026-01-23 19:06:50       0m 32s  ...                0.48         0.01
3  2026-01-23 19:07:22       0m 32s  ...                1.90         0.05
4  2026-01-23 19:07:55       0m 34s  ...               10.46         0.24
5  2026-01-23 19:08:30       0m 34s  ...                0.60         0.02
6  2026-01-23 19:09:04       0m 33s  ...                1.69         0.04
7  2026-01-23 19:09:37       0m 39s  ...               39.39         0.95
8  2026-01-23 19:10:17       0m 33s  ...                6.56         0.15
9  2026-01-23 19:10:51       0m 49s  ...               84.97         2.52

[10 rows x 24 columns]
              timestamp time_elapsed  ... severity_rate_patch Gradient_sr2
0   2026-01-23 19:05:37       0m 36s  ...               30.24         0.68
1   2026-01-23 19:06:13       0m 36s  ...               16.96         0.47
2   2026-01-23 19:06:50       0m 32s  ...                0.48         0.01
3   2026-01-23 19:07:22       0m 32s  ...                1.90         0.05
4   2026-01-23 19:07:55       0m 34s  ...               10.46         0.24
5   2026-01-23 19:08:30       0m 34s  ...                0.60         0.02
6   2026-01-23 19:09:04       0m 33s  ...                1.69         0.04
7   2026-01-23 19:09:37       0m 39s  ...               39.39         0.95
8   2026-01-23 19:10:17       0m 33s  ...                6.56         0.15
9   2026-01-23 19:10:51       0m 49s  ...               84.97         2.52
10  2026-01-23 19:11:40       0m 31s  ...                1.04         0.03

[11 rows x 24 columns]
              timestamp time_elapsed  ... severity_rate_patch Gradient_sr2
0   2026-01-23 19:05:37       0m 36s  ...               30.24         0.68
1   2026-01-23 19:06:13       0m 36s  ...               16.96         0.47
2   2026-01-23 19:06:50       0m 32s  ...                0.48         0.01
3   2026-01-23 19:07:22       0m 32s  ...                1.90         0.05
4   2026-01-23 19:07:55       0m 34s  ...               10.46         0.24
5   2026-01-23 19:08:30       0m 34s  ...                0.60         0.02
6   2026-01-23 19:09:04       0m 33s  ...                1.69         0.04
7   2026-01-23 19:09:37       0m 39s  ...               39.39         0.95
8   2026-01-23 19:10:17       0m 33s  ...                6.56         0.15
9   2026-01-23 19:10:51       0m 49s  ...               84.97         2.52
10  2026-01-23 19:11:40       0m 31s  ...                1.04         0.03
11  2026-01-23 19:12:12       0m 35s  ...               18.04         0.48

[12 rows x 24 columns]
              timestamp time_elapsed  ... severity_rate_patch Gradient_sr2
0   2026-01-23 19:05:37       0m 36s  ...               30.24         0.68
1   2026-01-23 19:06:13       0m 36s  ...               16.96         0.47
2   2026-01-23 19:06:50       0m 32s  ...                0.48         0.01
3   2026-01-23 19:07:22       0m 32s  ...                1.90         0.05
4   2026-01-23 19:07:55       0m 34s  ...               10.46         0.24
5   2026-01-23 19:08:30       0m 34s  ...                0.60         0.02
6   2026-01-23 19:09:04       0m 33s  ...                1.69         0.04
7   2026-01-23 19:09:37       0m 39s  ...               39.39         0.95
8   2026-01-23 19:10:17       0m 33s  ...                6.56         0.15
9   2026-01-23 19:10:51       0m 49s  ...               84.97         2.52
10  2026-01-23 19:11:40       0m 31s  ...                1.04         0.03
11  2026-01-23 19:12:12       0m 35s  ...               18.04         0.48
12  2026-01-23 19:12:48       0m 30s  ...                0.91         0.02

[13 rows x 24 columns]
              timestamp time_elapsed  ... severity_rate_patch Gradient_sr2
0   2026-01-23 19:05:37       0m 36s  ...               30.24         0.68
1   2026-01-23 19:06:13       0m 36s  ...               16.96         0.47
2   2026-01-23 19:06:50       0m 32s  ...                0.48         0.01
3   2026-01-23 19:07:22       0m 32s  ...                1.90         0.05
4   2026-01-23 19:07:55       0m 34s  ...               10.46         0.24
5   2026-01-23 19:08:30       0m 34s  ...                0.60         0.02
6   2026-01-23 19:09:04       0m 33s  ...                1.69         0.04
7   2026-01-23 19:09:37       0m 39s  ...               39.39         0.95
8   2026-01-23 19:10:17       0m 33s  ...                6.56         0.15
9   2026-01-23 19:10:51       0m 49s  ...               84.97         2.52
10  2026-01-23 19:11:40       0m 31s  ...                1.04         0.03
11  2026-01-23 19:12:12       0m 35s  ...               18.04         0.48
12  2026-01-23 19:12:48       0m 30s  ...                0.91         0.02
13  2026-01-23 19:13:18       0m 31s  ...                6.27         0.17

[14 rows x 24 columns]
              timestamp time_elapsed  ... severity_rate_patch Gradient_sr2
0   2026-01-23 19:05:37       0m 36s  ...               30.24         0.68
1   2026-01-23 19:06:13       0m 36s  ...               16.96         0.47
2   2026-01-23 19:06:50       0m 32s  ...                0.48         0.01
3   2026-01-23 19:07:22       0m 32s  ...                1.90         0.05
4   2026-01-23 19:07:55       0m 34s  ...               10.46         0.24
5   2026-01-23 19:08:30       0m 34s  ...                0.60         0.02
6   2026-01-23 19:09:04       0m 33s  ...                1.69         0.04
7   2026-01-23 19:09:37       0m 39s  ...               39.39         0.95
8   2026-01-23 19:10:17       0m 33s  ...                6.56         0.15
9   2026-01-23 19:10:51       0m 49s  ...               84.97         2.52
10  2026-01-23 19:11:40       0m 31s  ...                1.04         0.03
11  2026-01-23 19:12:12       0m 35s  ...               18.04         0.48
12  2026-01-23 19:12:48       0m 30s  ...                0.91         0.02
13  2026-01-23 19:13:18       0m 31s  ...                6.27         0.17
14  2026-01-23 19:13:50       0m 38s  ...               43.19         1.15

[15 rows x 24 columns]

real	9m1.061s
user	0m0.015s
sys	0m0.000s
