[2026-01-23 21:38:39,612] - [root] - [INFO] - leaf_correlation_mw.py
[2026-01-23 21:38:39,612] - [root] - [INFO] - model_type       : ResNet
[2026-01-23 21:38:39,612] - [root] - [INFO] - pretrained       : True
[2026-01-23 21:38:39,612] - [root] - [INFO] - loading_epoch    : 65
[2026-01-23 21:38:39,612] - [root] - [INFO] - timestamp        : Jan22_10-21-00_2026
[2026-01-23 21:38:39,612] - [root] - [INFO] - outdim           : 2
[2026-01-23 21:38:39,612] - [root] - [INFO] - dual_head        : True
[2026-01-23 21:38:39,613] - [root] - [INFO] - model_path       : ../..
[2026-01-23 21:38:39,613] - [root] - [INFO] - step_size        : 224
[2026-01-23 21:38:39,613] - [root] - [INFO] - means            : [0.541, 0.6371, 0.4188]
[2026-01-23 21:38:39,613] - [root] - [INFO] - stds             : [0.1764, 0.165, 0.2326]
[2026-01-23 21:38:39,613] - [root] - [INFO] - target_class     : 1
[2026-01-23 21:38:39,613] - [root] - [INFO] - contam_control   : False
[2026-01-23 21:38:39,613] - [root] - [INFO] - spor_th          : 0.7
[2026-01-23 21:38:39,614] - [root] - [INFO] - inf_gate         : 0.6
[2026-01-23 21:38:39,614] - [root] - [INFO] - pm               : HPM-1269
[2026-01-23 21:38:39,614] - [root] - [INFO] - mps              : False
[2026-01-23 21:38:39,614] - [root] - [INFO] - cuda             : True
[2026-01-23 21:38:39,614] - [root] - [INFO] - cuda_id          : 0
[2026-01-23 21:38:39,614] - [root] - [INFO] - sal_threshold    : 0.5
[2026-01-23 21:38:39,614] - [root] - [INFO] - up_threshold     : 0.9
[2026-01-23 21:38:39,614] - [root] - [INFO] - down_threshold   : 0.3
[2026-01-23 21:38:39,614] - [root] - [INFO] - dataset_path     : C:/Users/Intel User/Desktop/blackbird_scripts/data/human_disk_assessments
[2026-01-23 21:38:39,614] - [root] - [INFO] - img_folder       : 1-22-2026
[2026-01-23 21:38:39,614] - [root] - [INFO] - platform         : BlackBird
[2026-01-23 21:38:39,614] - [root] - [INFO] - threshold        : ['0.7']
[2026-01-23 21:38:39,614] - [root] - [INFO] - log              : ../../results/logs/random.log
[2026-01-23 21:38:39,614] - [root] - [INFO] - dpi              : 10
[2026-01-23 21:38:39,615] - [root] - [INFO] - group            : baseline
[2026-01-23 21:38:39,615] - [root] - [INFO] - trays            : ['10dpi']
[2026-01-23 21:38:39,615] - [root] - [INFO] - sal_gradcam      : False
[2026-01-23 21:38:39,615] - [root] - [INFO] - sal_gradient     : True
[2026-01-23 21:38:39,615] - [root] - [INFO] - sal_smoothgrad   : False
[2026-01-23 21:38:39,615] - [root] - [INFO] - sal_deeplift     : False
[2026-01-23 21:38:39,615] - [root] - [INFO] - sal_thresh_method : fixed
[2026-01-23 21:38:39,615] - [root] - [INFO] - sal_thresh_p     : 95.0
[2026-01-23 21:38:40,656] - [root] - [INFO] - -------------------------------------------
[2026-01-23 21:38:40,657] - [root] - [INFO] - Processing 1-22-2026 10dpi 013-W2021011-633_R2.png
[2026-01-23 21:38:57,732] - [root] - [INFO] - Finished loading mask: 0m 17s
[2026-01-23 21:39:10,598] - [root] - [INFO] - Finished crop and inference: 0m 29s
[2026-01-23 21:39:12,019] - [root] - [INFO] - Analysis finished: 0m 31s
[2026-01-23 21:39:12,019] - [root] - [INFO] - -------------------------------------------
[2026-01-23 21:39:12,020] - [root] - [INFO] - -------------------------------------------
[2026-01-23 21:39:12,020] - [root] - [INFO] - Processing 1-22-2026 10dpi 026-W2021010-346_R2.png
[2026-01-23 21:39:28,644] - [root] - [INFO] - Finished loading mask: 0m 16s
[2026-01-23 21:39:37,868] - [root] - [INFO] - Finished crop and inference: 0m 25s
[2026-01-23 21:39:39,422] - [root] - [INFO] - Analysis finished: 0m 27s
[2026-01-23 21:39:39,423] - [root] - [INFO] - -------------------------------------------
[2026-01-23 21:39:39,423] - [root] - [INFO] - -------------------------------------------
[2026-01-23 21:39:39,423] - [root] - [INFO] - Processing 1-22-2026 10dpi 042-W2021006-015_R1.png
[2026-01-23 21:39:56,000] - [root] - [INFO] - Finished loading mask: 0m 16s
[2026-01-23 21:40:07,469] - [root] - [INFO] - Finished crop and inference: 0m 28s
[2026-01-23 21:40:08,991] - [root] - [INFO] - Analysis finished: 0m 29s
[2026-01-23 21:40:08,992] - [root] - [INFO] - -------------------------------------------
[2026-01-23 21:40:08,992] - [root] - [INFO] - -------------------------------------------
[2026-01-23 21:40:08,992] - [root] - [INFO] - Processing 1-22-2026 10dpi 057-W2021011-504_R2.png
[2026-01-23 21:40:25,031] - [root] - [INFO] - Finished loading mask: 0m 16s
[2026-01-23 21:40:33,659] - [root] - [INFO] - Finished crop and inference: 0m 24s
[2026-01-23 21:40:35,174] - [root] - [INFO] - Analysis finished: 0m 26s
[2026-01-23 21:40:35,174] - [root] - [INFO] - -------------------------------------------
[2026-01-23 21:40:35,174] - [root] - [INFO] - -------------------------------------------
[2026-01-23 21:40:35,174] - [root] - [INFO] - Processing 1-22-2026 10dpi 069-W2021011-574_R1.png
[2026-01-23 21:40:51,522] - [root] - [INFO] - Finished loading mask: 0m 16s
[2026-01-23 21:41:02,067] - [root] - [INFO] - Finished crop and inference: 0m 26s
[2026-01-23 21:41:03,589] - [root] - [INFO] - Analysis finished: 0m 28s
[2026-01-23 21:41:03,590] - [root] - [INFO] - -------------------------------------------
[2026-01-23 21:41:03,590] - [root] - [INFO] - -------------------------------------------
[2026-01-23 21:41:03,590] - [root] - [INFO] - Processing 1-22-2026 10dpi 095-W2021009-283_R1.png
[2026-01-23 21:41:20,456] - [root] - [INFO] - Finished loading mask: 0m 16s
[2026-01-23 21:41:28,570] - [root] - [INFO] - Finished crop and inference: 0m 24s
[2026-01-23 21:41:29,973] - [root] - [INFO] - Analysis finished: 0m 26s
[2026-01-23 21:41:29,973] - [root] - [INFO] - -------------------------------------------
[2026-01-23 21:41:29,973] - [root] - [INFO] - -------------------------------------------
[2026-01-23 21:41:29,974] - [root] - [INFO] - Processing 1-22-2026 10dpi 103-W2021011-591_R2.png
[2026-01-23 21:41:48,323] - [root] - [INFO] - Finished loading mask: 0m 18s
[2026-01-23 21:42:02,414] - [root] - [INFO] - Finished crop and inference: 0m 32s
[2026-01-23 21:42:03,786] - [root] - [INFO] - Analysis finished: 0m 33s
[2026-01-23 21:42:03,786] - [root] - [INFO] - -------------------------------------------
[2026-01-23 21:42:03,786] - [root] - [INFO] - -------------------------------------------
[2026-01-23 21:42:03,786] - [root] - [INFO] - Processing 1-22-2026 10dpi 115-W2021011-638_R1.png
[2026-01-23 21:42:21,664] - [root] - [INFO] - Finished loading mask: 0m 17s
[2026-01-23 21:42:37,170] - [root] - [INFO] - Finished crop and inference: 0m 33s
[2026-01-23 21:42:38,626] - [root] - [INFO] - Analysis finished: 0m 34s
[2026-01-23 21:42:38,626] - [root] - [INFO] - -------------------------------------------
[2026-01-23 21:42:38,626] - [root] - [INFO] - -------------------------------------------
[2026-01-23 21:42:38,626] - [root] - [INFO] - Processing 1-22-2026 10dpi 124-W2021009-278_R1.png
[2026-01-23 21:42:57,182] - [root] - [INFO] - Finished loading mask: 0m 18s
[2026-01-23 21:43:10,169] - [root] - [INFO] - Finished crop and inference: 0m 31s
[2026-01-23 21:43:11,587] - [root] - [INFO] - Analysis finished: 0m 32s
[2026-01-23 21:43:11,587] - [root] - [INFO] - -------------------------------------------
[2026-01-23 21:43:11,587] - [root] - [INFO] - -------------------------------------------
[2026-01-23 21:43:11,587] - [root] - [INFO] - Processing 1-22-2026 10dpi 162-W2021011-551_R2.png
[2026-01-23 21:43:29,057] - [root] - [INFO] - Finished loading mask: 0m 17s
[2026-01-23 21:43:49,501] - [root] - [INFO] - Finished crop and inference: 0m 37s
[2026-01-23 21:43:51,074] - [root] - [INFO] - Analysis finished: 0m 39s
[2026-01-23 21:43:51,074] - [root] - [INFO] - -------------------------------------------
[2026-01-23 21:43:51,074] - [root] - [INFO] - -------------------------------------------
[2026-01-23 21:43:51,074] - [root] - [INFO] - Processing 1-22-2026 10dpi 172-W2021009-156_R2.png
[2026-01-23 21:44:07,050] - [root] - [INFO] - Finished loading mask: 0m 15s
[2026-01-23 21:44:15,163] - [root] - [INFO] - Finished crop and inference: 0m 24s
[2026-01-23 21:44:16,738] - [root] - [INFO] - Analysis finished: 0m 25s
[2026-01-23 21:44:16,738] - [root] - [INFO] - -------------------------------------------
[2026-01-23 21:44:16,738] - [root] - [INFO] - -------------------------------------------
[2026-01-23 21:44:16,738] - [root] - [INFO] - Processing 1-22-2026 10dpi 182-W2021009-251_R1.png
[2026-01-23 21:44:33,443] - [root] - [INFO] - Finished loading mask: 0m 16s
[2026-01-23 21:44:43,272] - [root] - [INFO] - Finished crop and inference: 0m 26s
[2026-01-23 21:44:44,779] - [root] - [INFO] - Analysis finished: 0m 28s
[2026-01-23 21:44:44,779] - [root] - [INFO] - -------------------------------------------
[2026-01-23 21:44:44,779] - [root] - [INFO] - -------------------------------------------
[2026-01-23 21:44:44,779] - [root] - [INFO] - Processing 1-22-2026 10dpi 194-W2021010-339_R2.png
[2026-01-23 21:45:02,442] - [root] - [INFO] - Finished loading mask: 0m 17s
[2026-01-23 21:45:10,761] - [root] - [INFO] - Finished crop and inference: 0m 25s
[2026-01-23 21:45:12,140] - [root] - [INFO] - Analysis finished: 0m 27s
[2026-01-23 21:45:12,141] - [root] - [INFO] - -------------------------------------------
[2026-01-23 21:45:12,141] - [root] - [INFO] - -------------------------------------------
[2026-01-23 21:45:12,141] - [root] - [INFO] - Processing 1-22-2026 10dpi 215-W2021006-045_R1.png
[2026-01-23 21:45:30,240] - [root] - [INFO] - Finished loading mask: 0m 18s
[2026-01-23 21:45:47,971] - [root] - [INFO] - Finished crop and inference: 0m 35s
[2026-01-23 21:45:49,358] - [root] - [INFO] - Analysis finished: 0m 37s
[2026-01-23 21:45:49,358] - [root] - [INFO] - -------------------------------------------
[2026-01-23 21:45:49,358] - [root] - [INFO] - -------------------------------------------
[2026-01-23 21:45:49,358] - [root] - [INFO] - Processing 1-22-2026 10dpi 262-W2021009-187_R2.png
[2026-01-23 21:46:05,996] - [root] - [INFO] - Finished loading mask: 0m 16s
[2026-01-23 21:46:24,395] - [root] - [INFO] - Finished crop and inference: 0m 35s
[2026-01-23 21:46:25,806] - [root] - [INFO] - Analysis finished: 0m 36s
[2026-01-23 21:46:25,806] - [root] - [INFO] - -------------------------------------------
[2026-01-23 21:46:25,812] - [root] - [INFO] - Saved C:\Users\Intel User\Desktop\blackbird_scripts\data\Results\ResNet_upth0.9_downth0.3_Jan22_10-21-00_2026\1-22-2026\th_0.7\severity_rate_tray_10dpi_u0.9_d0.3_ig0.6_sp0.7.csv
             timestamp time_elapsed  ... severity_rate_patch Gradient_sr2
0  2026-01-23 21:38:40       0m 31s  ...               28.44         0.79

[1 rows x 24 columns]
             timestamp time_elapsed  ... severity_rate_patch Gradient_sr2
0  2026-01-23 21:38:40       0m 31s  ...               28.44         0.79
1  2026-01-23 21:39:12       0m 27s  ...                0.14         0.00

[2 rows x 24 columns]
             timestamp time_elapsed  ... severity_rate_patch Gradient_sr2
0  2026-01-23 21:38:40       0m 31s  ...               28.44         0.79
1  2026-01-23 21:39:12       0m 27s  ...                0.14         0.00
2  2026-01-23 21:39:39       0m 29s  ...               21.74         0.56

[3 rows x 24 columns]
             timestamp time_elapsed  ... severity_rate_patch Gradient_sr2
0  2026-01-23 21:38:40       0m 31s  ...               28.44         0.79
1  2026-01-23 21:39:12       0m 27s  ...                0.14         0.00
2  2026-01-23 21:39:39       0m 29s  ...               21.74         0.56
3  2026-01-23 21:40:08       0m 26s  ...                1.43         0.04

[4 rows x 24 columns]
             timestamp time_elapsed  ... severity_rate_patch Gradient_sr2
0  2026-01-23 21:38:40       0m 31s  ...               28.44         0.79
1  2026-01-23 21:39:12       0m 27s  ...                0.14         0.00
2  2026-01-23 21:39:39       0m 29s  ...               21.74         0.56
3  2026-01-23 21:40:08       0m 26s  ...                1.43         0.04
4  2026-01-23 21:40:35       0m 28s  ...               13.24         0.39

[5 rows x 24 columns]
             timestamp time_elapsed  ... severity_rate_patch Gradient_sr2
0  2026-01-23 21:38:40       0m 31s  ...               28.44         0.79
1  2026-01-23 21:39:12       0m 27s  ...                0.14         0.00
2  2026-01-23 21:39:39       0m 29s  ...               21.74         0.56
3  2026-01-23 21:40:08       0m 26s  ...                1.43         0.04
4  2026-01-23 21:40:35       0m 28s  ...               13.24         0.39
5  2026-01-23 21:41:03       0m 26s  ...                5.04         0.12

[6 rows x 24 columns]
             timestamp time_elapsed  ... severity_rate_patch Gradient_sr2
0  2026-01-23 21:38:40       0m 31s  ...               28.44         0.79
1  2026-01-23 21:39:12       0m 27s  ...                0.14         0.00
2  2026-01-23 21:39:39       0m 29s  ...               21.74         0.56
3  2026-01-23 21:40:08       0m 26s  ...                1.43         0.04
4  2026-01-23 21:40:35       0m 28s  ...               13.24         0.39
5  2026-01-23 21:41:03       0m 26s  ...                5.04         0.12
6  2026-01-23 21:41:29       0m 33s  ...               49.45         1.42

[7 rows x 24 columns]
             timestamp time_elapsed  ... severity_rate_patch Gradient_sr2
0  2026-01-23 21:38:40       0m 31s  ...               28.44         0.79
1  2026-01-23 21:39:12       0m 27s  ...                0.14         0.00
2  2026-01-23 21:39:39       0m 29s  ...               21.74         0.56
3  2026-01-23 21:40:08       0m 26s  ...                1.43         0.04
4  2026-01-23 21:40:35       0m 28s  ...               13.24         0.39
5  2026-01-23 21:41:03       0m 26s  ...                5.04         0.12
6  2026-01-23 21:41:29       0m 33s  ...               49.45         1.42
7  2026-01-23 21:42:03       0m 34s  ...               54.27         1.46

[8 rows x 24 columns]
             timestamp time_elapsed  ... severity_rate_patch Gradient_sr2
0  2026-01-23 21:38:40       0m 31s  ...               28.44         0.79
1  2026-01-23 21:39:12       0m 27s  ...                0.14         0.00
2  2026-01-23 21:39:39       0m 29s  ...               21.74         0.56
3  2026-01-23 21:40:08       0m 26s  ...                1.43         0.04
4  2026-01-23 21:40:35       0m 28s  ...               13.24         0.39
5  2026-01-23 21:41:03       0m 26s  ...                5.04         0.12
6  2026-01-23 21:41:29       0m 33s  ...               49.45         1.42
7  2026-01-23 21:42:03       0m 34s  ...               54.27         1.46
8  2026-01-23 21:42:38       0m 32s  ...               43.83         1.24

[9 rows x 24 columns]
             timestamp time_elapsed  ... severity_rate_patch Gradient_sr2
0  2026-01-23 21:38:40       0m 31s  ...               28.44         0.79
1  2026-01-23 21:39:12       0m 27s  ...                0.14         0.00
2  2026-01-23 21:39:39       0m 29s  ...               21.74         0.56
3  2026-01-23 21:40:08       0m 26s  ...                1.43         0.04
4  2026-01-23 21:40:35       0m 28s  ...               13.24         0.39
5  2026-01-23 21:41:03       0m 26s  ...                5.04         0.12
6  2026-01-23 21:41:29       0m 33s  ...               49.45         1.42
7  2026-01-23 21:42:03       0m 34s  ...               54.27         1.46
8  2026-01-23 21:42:38       0m 32s  ...               43.83         1.24
9  2026-01-23 21:43:11       0m 39s  ...               82.75         2.32

[10 rows x 24 columns]
              timestamp time_elapsed  ... severity_rate_patch Gradient_sr2
0   2026-01-23 21:38:40       0m 31s  ...               28.44         0.79
1   2026-01-23 21:39:12       0m 27s  ...                0.14         0.00
2   2026-01-23 21:39:39       0m 29s  ...               21.74         0.56
3   2026-01-23 21:40:08       0m 26s  ...                1.43         0.04
4   2026-01-23 21:40:35       0m 28s  ...               13.24         0.39
5   2026-01-23 21:41:03       0m 26s  ...                5.04         0.12
6   2026-01-23 21:41:29       0m 33s  ...               49.45         1.42
7   2026-01-23 21:42:03       0m 34s  ...               54.27         1.46
8   2026-01-23 21:42:38       0m 32s  ...               43.83         1.24
9   2026-01-23 21:43:11       0m 39s  ...               82.75         2.32
10  2026-01-23 21:43:51       0m 25s  ...                6.24         0.16

[11 rows x 24 columns]
              timestamp time_elapsed  ... severity_rate_patch Gradient_sr2
0   2026-01-23 21:38:40       0m 31s  ...               28.44         0.79
1   2026-01-23 21:39:12       0m 27s  ...                0.14         0.00
2   2026-01-23 21:39:39       0m 29s  ...               21.74         0.56
3   2026-01-23 21:40:08       0m 26s  ...                1.43         0.04
4   2026-01-23 21:40:35       0m 28s  ...               13.24         0.39
5   2026-01-23 21:41:03       0m 26s  ...                5.04         0.12
6   2026-01-23 21:41:29       0m 33s  ...               49.45         1.42
7   2026-01-23 21:42:03       0m 34s  ...               54.27         1.46
8   2026-01-23 21:42:38       0m 32s  ...               43.83         1.24
9   2026-01-23 21:43:11       0m 39s  ...               82.75         2.32
10  2026-01-23 21:43:51       0m 25s  ...                6.24         0.16
11  2026-01-23 21:44:16       0m 28s  ...                5.98         0.16

[12 rows x 24 columns]
              timestamp time_elapsed  ... severity_rate_patch Gradient_sr2
0   2026-01-23 21:38:40       0m 31s  ...               28.44         0.79
1   2026-01-23 21:39:12       0m 27s  ...                0.14         0.00
2   2026-01-23 21:39:39       0m 29s  ...               21.74         0.56
3   2026-01-23 21:40:08       0m 26s  ...                1.43         0.04
4   2026-01-23 21:40:35       0m 28s  ...               13.24         0.39
5   2026-01-23 21:41:03       0m 26s  ...                5.04         0.12
6   2026-01-23 21:41:29       0m 33s  ...               49.45         1.42
7   2026-01-23 21:42:03       0m 34s  ...               54.27         1.46
8   2026-01-23 21:42:38       0m 32s  ...               43.83         1.24
9   2026-01-23 21:43:11       0m 39s  ...               82.75         2.32
10  2026-01-23 21:43:51       0m 25s  ...                6.24         0.16
11  2026-01-23 21:44:16       0m 28s  ...                5.98         0.16
12  2026-01-23 21:44:44       0m 27s  ...                3.75         0.09

[13 rows x 24 columns]
              timestamp time_elapsed  ... severity_rate_patch Gradient_sr2
0   2026-01-23 21:38:40       0m 31s  ...               28.44         0.79
1   2026-01-23 21:39:12       0m 27s  ...                0.14         0.00
2   2026-01-23 21:39:39       0m 29s  ...               21.74         0.56
3   2026-01-23 21:40:08       0m 26s  ...                1.43         0.04
4   2026-01-23 21:40:35       0m 28s  ...               13.24         0.39
5   2026-01-23 21:41:03       0m 26s  ...                5.04         0.12
6   2026-01-23 21:41:29       0m 33s  ...               49.45         1.42
7   2026-01-23 21:42:03       0m 34s  ...               54.27         1.46
8   2026-01-23 21:42:38       0m 32s  ...               43.83         1.24
9   2026-01-23 21:43:11       0m 39s  ...               82.75         2.32
10  2026-01-23 21:43:51       0m 25s  ...                6.24         0.16
11  2026-01-23 21:44:16       0m 28s  ...                5.98         0.16
12  2026-01-23 21:44:44       0m 27s  ...                3.75         0.09
13  2026-01-23 21:45:12       0m 37s  ...               77.01         2.22

[14 rows x 24 columns]
              timestamp time_elapsed  ... severity_rate_patch Gradient_sr2
0   2026-01-23 21:38:40       0m 31s  ...               28.44         0.79
1   2026-01-23 21:39:12       0m 27s  ...                0.14         0.00
2   2026-01-23 21:39:39       0m 29s  ...               21.74         0.56
3   2026-01-23 21:40:08       0m 26s  ...                1.43         0.04
4   2026-01-23 21:40:35       0m 28s  ...               13.24         0.39
5   2026-01-23 21:41:03       0m 26s  ...                5.04         0.12
6   2026-01-23 21:41:29       0m 33s  ...               49.45         1.42
7   2026-01-23 21:42:03       0m 34s  ...               54.27         1.46
8   2026-01-23 21:42:38       0m 32s  ...               43.83         1.24
9   2026-01-23 21:43:11       0m 39s  ...               82.75         2.32
10  2026-01-23 21:43:51       0m 25s  ...                6.24         0.16
11  2026-01-23 21:44:16       0m 28s  ...                5.98         0.16
12  2026-01-23 21:44:44       0m 27s  ...                3.75         0.09
13  2026-01-23 21:45:12       0m 37s  ...               77.01         2.22
14  2026-01-23 21:45:49       0m 36s  ...               79.16         2.28

[15 rows x 24 columns]

real	7m51.930s
user	0m0.015s
sys	0m0.030s
