[2026-01-23 20:30:14,179] - [root] - [INFO] - leaf_correlation_mw.py
[2026-01-23 20:30:14,179] - [root] - [INFO] - model_type       : ResNet
[2026-01-23 20:30:14,179] - [root] - [INFO] - pretrained       : True
[2026-01-23 20:30:14,179] - [root] - [INFO] - loading_epoch    : 65
[2026-01-23 20:30:14,180] - [root] - [INFO] - timestamp        : Jan22_10-21-00_2026
[2026-01-23 20:30:14,180] - [root] - [INFO] - outdim           : 2
[2026-01-23 20:30:14,180] - [root] - [INFO] - dual_head        : True
[2026-01-23 20:30:14,180] - [root] - [INFO] - model_path       : ../..
[2026-01-23 20:30:14,180] - [root] - [INFO] - step_size        : 224
[2026-01-23 20:30:14,180] - [root] - [INFO] - means            : [0.541, 0.6371, 0.4188]
[2026-01-23 20:30:14,180] - [root] - [INFO] - stds             : [0.1764, 0.165, 0.2326]
[2026-01-23 20:30:14,180] - [root] - [INFO] - target_class     : 1
[2026-01-23 20:30:14,180] - [root] - [INFO] - contam_control   : False
[2026-01-23 20:30:14,180] - [root] - [INFO] - spor_th          : 0.8
[2026-01-23 20:30:14,180] - [root] - [INFO] - inf_gate         : 0.6
[2026-01-23 20:30:14,180] - [root] - [INFO] - pm               : HPM-1269
[2026-01-23 20:30:14,180] - [root] - [INFO] - mps              : False
[2026-01-23 20:30:14,180] - [root] - [INFO] - cuda             : True
[2026-01-23 20:30:14,180] - [root] - [INFO] - cuda_id          : 0
[2026-01-23 20:30:14,180] - [root] - [INFO] - sal_threshold    : 0.5
[2026-01-23 20:30:14,181] - [root] - [INFO] - up_threshold     : 0.9
[2026-01-23 20:30:14,181] - [root] - [INFO] - down_threshold   : 0.1
[2026-01-23 20:30:14,181] - [root] - [INFO] - dataset_path     : C:/Users/Intel User/Desktop/blackbird_scripts/data/human_disk_assessments
[2026-01-23 20:30:14,181] - [root] - [INFO] - img_folder       : 1-22-2026
[2026-01-23 20:30:14,181] - [root] - [INFO] - platform         : BlackBird
[2026-01-23 20:30:14,181] - [root] - [INFO] - threshold        : ['0.7']
[2026-01-23 20:30:14,181] - [root] - [INFO] - log              : ../../results/logs/random.log
[2026-01-23 20:30:14,181] - [root] - [INFO] - dpi              : 10
[2026-01-23 20:30:14,181] - [root] - [INFO] - group            : baseline
[2026-01-23 20:30:14,181] - [root] - [INFO] - trays            : ['10dpi']
[2026-01-23 20:30:14,181] - [root] - [INFO] - sal_gradcam      : False
[2026-01-23 20:30:14,181] - [root] - [INFO] - sal_gradient     : True
[2026-01-23 20:30:14,181] - [root] - [INFO] - sal_smoothgrad   : False
[2026-01-23 20:30:14,181] - [root] - [INFO] - sal_deeplift     : False
[2026-01-23 20:30:14,181] - [root] - [INFO] - sal_thresh_method : fixed
[2026-01-23 20:30:14,181] - [root] - [INFO] - sal_thresh_p     : 95.0
[2026-01-23 20:30:15,002] - [root] - [INFO] - -------------------------------------------
[2026-01-23 20:30:15,002] - [root] - [INFO] - Processing 1-22-2026 10dpi 013-W2021011-633_R2.png
[2026-01-23 20:30:30,695] - [root] - [INFO] - Finished loading mask: 0m 15s
[2026-01-23 20:30:44,991] - [root] - [INFO] - Finished crop and inference: 0m 29s
[2026-01-23 20:30:46,445] - [root] - [INFO] - Analysis finished: 0m 31s
[2026-01-23 20:30:46,446] - [root] - [INFO] - -------------------------------------------
[2026-01-23 20:30:46,446] - [root] - [INFO] - -------------------------------------------
[2026-01-23 20:30:46,446] - [root] - [INFO] - Processing 1-22-2026 10dpi 026-W2021010-346_R2.png
[2026-01-23 20:31:02,682] - [root] - [INFO] - Finished loading mask: 0m 16s
[2026-01-23 20:31:11,479] - [root] - [INFO] - Finished crop and inference: 0m 25s
[2026-01-23 20:31:12,836] - [root] - [INFO] - Analysis finished: 0m 26s
[2026-01-23 20:31:12,836] - [root] - [INFO] - -------------------------------------------
[2026-01-23 20:31:12,836] - [root] - [INFO] - -------------------------------------------
[2026-01-23 20:31:12,836] - [root] - [INFO] - Processing 1-22-2026 10dpi 042-W2021006-015_R1.png
[2026-01-23 20:31:30,598] - [root] - [INFO] - Finished loading mask: 0m 17s
[2026-01-23 20:31:41,546] - [root] - [INFO] - Finished crop and inference: 0m 28s
[2026-01-23 20:31:42,971] - [root] - [INFO] - Analysis finished: 0m 30s
[2026-01-23 20:31:42,971] - [root] - [INFO] - -------------------------------------------
[2026-01-23 20:31:42,972] - [root] - [INFO] - -------------------------------------------
[2026-01-23 20:31:42,972] - [root] - [INFO] - Processing 1-22-2026 10dpi 057-W2021011-504_R2.png
[2026-01-23 20:31:59,704] - [root] - [INFO] - Finished loading mask: 0m 16s
[2026-01-23 20:32:07,992] - [root] - [INFO] - Finished crop and inference: 0m 25s
[2026-01-23 20:32:09,460] - [root] - [INFO] - Analysis finished: 0m 26s
[2026-01-23 20:32:09,460] - [root] - [INFO] - -------------------------------------------
[2026-01-23 20:32:09,460] - [root] - [INFO] - -------------------------------------------
[2026-01-23 20:32:09,460] - [root] - [INFO] - Processing 1-22-2026 10dpi 069-W2021011-574_R1.png
[2026-01-23 20:32:26,875] - [root] - [INFO] - Finished loading mask: 0m 17s
[2026-01-23 20:32:37,439] - [root] - [INFO] - Finished crop and inference: 0m 27s
[2026-01-23 20:32:39,181] - [root] - [INFO] - Analysis finished: 0m 29s
[2026-01-23 20:32:39,181] - [root] - [INFO] - -------------------------------------------
[2026-01-23 20:32:39,181] - [root] - [INFO] - -------------------------------------------
[2026-01-23 20:32:39,181] - [root] - [INFO] - Processing 1-22-2026 10dpi 095-W2021009-283_R1.png
[2026-01-23 20:32:56,506] - [root] - [INFO] - Finished loading mask: 0m 17s
[2026-01-23 20:33:04,917] - [root] - [INFO] - Finished crop and inference: 0m 25s
[2026-01-23 20:33:06,467] - [root] - [INFO] - Analysis finished: 0m 27s
[2026-01-23 20:33:06,467] - [root] - [INFO] - -------------------------------------------
[2026-01-23 20:33:06,467] - [root] - [INFO] - -------------------------------------------
[2026-01-23 20:33:06,467] - [root] - [INFO] - Processing 1-22-2026 10dpi 103-W2021011-591_R2.png
[2026-01-23 20:33:24,224] - [root] - [INFO] - Finished loading mask: 0m 17s
[2026-01-23 20:33:38,569] - [root] - [INFO] - Finished crop and inference: 0m 32s
[2026-01-23 20:33:40,069] - [root] - [INFO] - Analysis finished: 0m 33s
[2026-01-23 20:33:40,069] - [root] - [INFO] - -------------------------------------------
[2026-01-23 20:33:40,069] - [root] - [INFO] - -------------------------------------------
[2026-01-23 20:33:40,069] - [root] - [INFO] - Processing 1-22-2026 10dpi 115-W2021011-638_R1.png
[2026-01-23 20:33:57,190] - [root] - [INFO] - Finished loading mask: 0m 17s
[2026-01-23 20:34:14,478] - [root] - [INFO] - Finished crop and inference: 0m 34s
[2026-01-23 20:34:16,073] - [root] - [INFO] - Analysis finished: 0m 36s
[2026-01-23 20:34:16,073] - [root] - [INFO] - -------------------------------------------
[2026-01-23 20:34:16,073] - [root] - [INFO] - -------------------------------------------
[2026-01-23 20:34:16,073] - [root] - [INFO] - Processing 1-22-2026 10dpi 124-W2021009-278_R1.png
[2026-01-23 20:34:35,652] - [root] - [INFO] - Finished loading mask: 0m 19s
[2026-01-23 20:34:50,023] - [root] - [INFO] - Finished crop and inference: 0m 33s
[2026-01-23 20:34:51,664] - [root] - [INFO] - Analysis finished: 0m 35s
[2026-01-23 20:34:51,664] - [root] - [INFO] - -------------------------------------------
[2026-01-23 20:34:51,664] - [root] - [INFO] - -------------------------------------------
[2026-01-23 20:34:51,664] - [root] - [INFO] - Processing 1-22-2026 10dpi 162-W2021011-551_R2.png
[2026-01-23 20:35:13,029] - [root] - [INFO] - Finished loading mask: 0m 21s
[2026-01-23 20:35:35,894] - [root] - [INFO] - Finished crop and inference: 0m 44s
[2026-01-23 20:35:37,490] - [root] - [INFO] - Analysis finished: 0m 45s
[2026-01-23 20:35:37,490] - [root] - [INFO] - -------------------------------------------
[2026-01-23 20:35:37,490] - [root] - [INFO] - -------------------------------------------
[2026-01-23 20:35:37,490] - [root] - [INFO] - Processing 1-22-2026 10dpi 172-W2021009-156_R2.png
[2026-01-23 20:35:59,037] - [root] - [INFO] - Finished loading mask: 0m 21s
[2026-01-23 20:36:07,750] - [root] - [INFO] - Finished crop and inference: 0m 30s
[2026-01-23 20:36:09,344] - [root] - [INFO] - Analysis finished: 0m 31s
[2026-01-23 20:36:09,344] - [root] - [INFO] - -------------------------------------------
[2026-01-23 20:36:09,344] - [root] - [INFO] - -------------------------------------------
[2026-01-23 20:36:09,344] - [root] - [INFO] - Processing 1-22-2026 10dpi 182-W2021009-251_R1.png
[2026-01-23 20:36:30,069] - [root] - [INFO] - Finished loading mask: 0m 20s
[2026-01-23 20:36:40,849] - [root] - [INFO] - Finished crop and inference: 0m 31s
[2026-01-23 20:36:42,460] - [root] - [INFO] - Analysis finished: 0m 33s
[2026-01-23 20:36:42,460] - [root] - [INFO] - -------------------------------------------
[2026-01-23 20:36:42,460] - [root] - [INFO] - -------------------------------------------
[2026-01-23 20:36:42,460] - [root] - [INFO] - Processing 1-22-2026 10dpi 194-W2021010-339_R2.png
[2026-01-23 20:37:03,463] - [root] - [INFO] - Finished loading mask: 0m 21s
[2026-01-23 20:37:12,880] - [root] - [INFO] - Finished crop and inference: 0m 30s
[2026-01-23 20:37:14,506] - [root] - [INFO] - Analysis finished: 0m 32s
[2026-01-23 20:37:14,506] - [root] - [INFO] - -------------------------------------------
[2026-01-23 20:37:14,506] - [root] - [INFO] - -------------------------------------------
[2026-01-23 20:37:14,506] - [root] - [INFO] - Processing 1-22-2026 10dpi 215-W2021006-045_R1.png
[2026-01-23 20:37:35,265] - [root] - [INFO] - Finished loading mask: 0m 20s
[2026-01-23 20:37:54,617] - [root] - [INFO] - Finished crop and inference: 0m 40s
[2026-01-23 20:37:56,287] - [root] - [INFO] - Analysis finished: 0m 41s
[2026-01-23 20:37:56,287] - [root] - [INFO] - -------------------------------------------
[2026-01-23 20:37:56,287] - [root] - [INFO] - -------------------------------------------
[2026-01-23 20:37:56,287] - [root] - [INFO] - Processing 1-22-2026 10dpi 262-W2021009-187_R2.png
[2026-01-23 20:38:17,564] - [root] - [INFO] - Finished loading mask: 0m 21s
[2026-01-23 20:38:37,700] - [root] - [INFO] - Finished crop and inference: 0m 41s
[2026-01-23 20:38:39,277] - [root] - [INFO] - Analysis finished: 0m 42s
[2026-01-23 20:38:39,277] - [root] - [INFO] - -------------------------------------------
[2026-01-23 20:38:39,283] - [root] - [INFO] - Saved C:\Users\Intel User\Desktop\blackbird_scripts\data\Results\ResNet_upth0.9_downth0.1_Jan22_10-21-00_2026\1-22-2026\th_0.7\severity_rate_tray_10dpi_u0.9_d0.1_ig0.6_sp0.8.csv
             timestamp time_elapsed  ... severity_rate_patch Gradient_sr2
0  2026-01-23 20:30:15       0m 31s  ...               30.13         0.79

[1 rows x 24 columns]
             timestamp time_elapsed  ... severity_rate_patch Gradient_sr2
0  2026-01-23 20:30:15       0m 31s  ...               30.13         0.79
1  2026-01-23 20:30:46       0m 26s  ...                0.14         0.00

[2 rows x 24 columns]
             timestamp time_elapsed  ... severity_rate_patch Gradient_sr2
0  2026-01-23 20:30:15       0m 31s  ...               30.13         0.79
1  2026-01-23 20:30:46       0m 26s  ...                0.14         0.00
2  2026-01-23 20:31:12       0m 30s  ...               22.77         0.56

[3 rows x 24 columns]
             timestamp time_elapsed  ... severity_rate_patch Gradient_sr2
0  2026-01-23 20:30:15       0m 31s  ...               30.13         0.79
1  2026-01-23 20:30:46       0m 26s  ...                0.14         0.00
2  2026-01-23 20:31:12       0m 30s  ...               22.77         0.56
3  2026-01-23 20:31:42       0m 26s  ...                1.50         0.04

[4 rows x 24 columns]
             timestamp time_elapsed  ... severity_rate_patch Gradient_sr2
0  2026-01-23 20:30:15       0m 31s  ...               30.13         0.79
1  2026-01-23 20:30:46       0m 26s  ...                0.14         0.00
2  2026-01-23 20:31:12       0m 30s  ...               22.77         0.56
3  2026-01-23 20:31:42       0m 26s  ...                1.50         0.04
4  2026-01-23 20:32:09       0m 29s  ...               13.59         0.39

[5 rows x 24 columns]
             timestamp time_elapsed  ... severity_rate_patch Gradient_sr2
0  2026-01-23 20:30:15       0m 31s  ...               30.13         0.79
1  2026-01-23 20:30:46       0m 26s  ...                0.14         0.00
2  2026-01-23 20:31:12       0m 30s  ...               22.77         0.56
3  2026-01-23 20:31:42       0m 26s  ...                1.50         0.04
4  2026-01-23 20:32:09       0m 29s  ...               13.59         0.39
5  2026-01-23 20:32:39       0m 27s  ...                5.30         0.12

[6 rows x 24 columns]
             timestamp time_elapsed  ... severity_rate_patch Gradient_sr2
0  2026-01-23 20:30:15       0m 31s  ...               30.13         0.79
1  2026-01-23 20:30:46       0m 26s  ...                0.14         0.00
2  2026-01-23 20:31:12       0m 30s  ...               22.77         0.56
3  2026-01-23 20:31:42       0m 26s  ...                1.50         0.04
4  2026-01-23 20:32:09       0m 29s  ...               13.59         0.39
5  2026-01-23 20:32:39       0m 27s  ...                5.30         0.12
6  2026-01-23 20:33:06       0m 33s  ...               50.73         1.42

[7 rows x 24 columns]
             timestamp time_elapsed  ... severity_rate_patch Gradient_sr2
0  2026-01-23 20:30:15       0m 31s  ...               30.13         0.79
1  2026-01-23 20:30:46       0m 26s  ...                0.14         0.00
2  2026-01-23 20:31:12       0m 30s  ...               22.77         0.56
3  2026-01-23 20:31:42       0m 26s  ...                1.50         0.04
4  2026-01-23 20:32:09       0m 29s  ...               13.59         0.39
5  2026-01-23 20:32:39       0m 27s  ...                5.30         0.12
6  2026-01-23 20:33:06       0m 33s  ...               50.73         1.42
7  2026-01-23 20:33:40       0m 35s  ...               57.98         1.46

[8 rows x 24 columns]
             timestamp time_elapsed  ... severity_rate_patch Gradient_sr2
0  2026-01-23 20:30:15       0m 31s  ...               30.13         0.79
1  2026-01-23 20:30:46       0m 26s  ...                0.14         0.00
2  2026-01-23 20:31:12       0m 30s  ...               22.77         0.56
3  2026-01-23 20:31:42       0m 26s  ...                1.50         0.04
4  2026-01-23 20:32:09       0m 29s  ...               13.59         0.39
5  2026-01-23 20:32:39       0m 27s  ...                5.30         0.12
6  2026-01-23 20:33:06       0m 33s  ...               50.73         1.42
7  2026-01-23 20:33:40       0m 35s  ...               57.98         1.46
8  2026-01-23 20:34:16       0m 35s  ...               45.03         1.24

[9 rows x 24 columns]
             timestamp time_elapsed  ... severity_rate_patch Gradient_sr2
0  2026-01-23 20:30:15       0m 31s  ...               30.13         0.79
1  2026-01-23 20:30:46       0m 26s  ...                0.14         0.00
2  2026-01-23 20:31:12       0m 30s  ...               22.77         0.56
3  2026-01-23 20:31:42       0m 26s  ...                1.50         0.04
4  2026-01-23 20:32:09       0m 29s  ...               13.59         0.39
5  2026-01-23 20:32:39       0m 27s  ...                5.30         0.12
6  2026-01-23 20:33:06       0m 33s  ...               50.73         1.42
7  2026-01-23 20:33:40       0m 35s  ...               57.98         1.46
8  2026-01-23 20:34:16       0m 35s  ...               45.03         1.24
9  2026-01-23 20:34:51       0m 45s  ...               84.09         2.32

[10 rows x 24 columns]
              timestamp time_elapsed  ... severity_rate_patch Gradient_sr2
0   2026-01-23 20:30:15       0m 31s  ...               30.13         0.79
1   2026-01-23 20:30:46       0m 26s  ...                0.14         0.00
2   2026-01-23 20:31:12       0m 30s  ...               22.77         0.56
3   2026-01-23 20:31:42       0m 26s  ...                1.50         0.04
4   2026-01-23 20:32:09       0m 29s  ...               13.59         0.39
5   2026-01-23 20:32:39       0m 27s  ...                5.30         0.12
6   2026-01-23 20:33:06       0m 33s  ...               50.73         1.42
7   2026-01-23 20:33:40       0m 35s  ...               57.98         1.46
8   2026-01-23 20:34:16       0m 35s  ...               45.03         1.24
9   2026-01-23 20:34:51       0m 45s  ...               84.09         2.32
10  2026-01-23 20:35:37       0m 31s  ...                6.38         0.16

[11 rows x 24 columns]
              timestamp time_elapsed  ... severity_rate_patch Gradient_sr2
0   2026-01-23 20:30:15       0m 31s  ...               30.13         0.79
1   2026-01-23 20:30:46       0m 26s  ...                0.14         0.00
2   2026-01-23 20:31:12       0m 30s  ...               22.77         0.56
3   2026-01-23 20:31:42       0m 26s  ...                1.50         0.04
4   2026-01-23 20:32:09       0m 29s  ...               13.59         0.39
5   2026-01-23 20:32:39       0m 27s  ...                5.30         0.12
6   2026-01-23 20:33:06       0m 33s  ...               50.73         1.42
7   2026-01-23 20:33:40       0m 35s  ...               57.98         1.46
8   2026-01-23 20:34:16       0m 35s  ...               45.03         1.24
9   2026-01-23 20:34:51       0m 45s  ...               84.09         2.32
10  2026-01-23 20:35:37       0m 31s  ...                6.38         0.16
11  2026-01-23 20:36:09       0m 33s  ...                6.39         0.16

[12 rows x 24 columns]
              timestamp time_elapsed  ... severity_rate_patch Gradient_sr2
0   2026-01-23 20:30:15       0m 31s  ...               30.13         0.79
1   2026-01-23 20:30:46       0m 26s  ...                0.14         0.00
2   2026-01-23 20:31:12       0m 30s  ...               22.77         0.56
3   2026-01-23 20:31:42       0m 26s  ...                1.50         0.04
4   2026-01-23 20:32:09       0m 29s  ...               13.59         0.39
5   2026-01-23 20:32:39       0m 27s  ...                5.30         0.12
6   2026-01-23 20:33:06       0m 33s  ...               50.73         1.42
7   2026-01-23 20:33:40       0m 35s  ...               57.98         1.46
8   2026-01-23 20:34:16       0m 35s  ...               45.03         1.24
9   2026-01-23 20:34:51       0m 45s  ...               84.09         2.32
10  2026-01-23 20:35:37       0m 31s  ...                6.38         0.16
11  2026-01-23 20:36:09       0m 33s  ...                6.39         0.16
12  2026-01-23 20:36:42       0m 32s  ...                3.98         0.09

[13 rows x 24 columns]
              timestamp time_elapsed  ... severity_rate_patch Gradient_sr2
0   2026-01-23 20:30:15       0m 31s  ...               30.13         0.79
1   2026-01-23 20:30:46       0m 26s  ...                0.14         0.00
2   2026-01-23 20:31:12       0m 30s  ...               22.77         0.56
3   2026-01-23 20:31:42       0m 26s  ...                1.50         0.04
4   2026-01-23 20:32:09       0m 29s  ...               13.59         0.39
5   2026-01-23 20:32:39       0m 27s  ...                5.30         0.12
6   2026-01-23 20:33:06       0m 33s  ...               50.73         1.42
7   2026-01-23 20:33:40       0m 35s  ...               57.98         1.46
8   2026-01-23 20:34:16       0m 35s  ...               45.03         1.24
9   2026-01-23 20:34:51       0m 45s  ...               84.09         2.32
10  2026-01-23 20:35:37       0m 31s  ...                6.38         0.16
11  2026-01-23 20:36:09       0m 33s  ...                6.39         0.16
12  2026-01-23 20:36:42       0m 32s  ...                3.98         0.09
13  2026-01-23 20:37:14       0m 41s  ...               78.65         2.23

[14 rows x 24 columns]
              timestamp time_elapsed  ... severity_rate_patch Gradient_sr2
0   2026-01-23 20:30:15       0m 31s  ...               30.13         0.79
1   2026-01-23 20:30:46       0m 26s  ...                0.14         0.00
2   2026-01-23 20:31:12       0m 30s  ...               22.77         0.56
3   2026-01-23 20:31:42       0m 26s  ...                1.50         0.04
4   2026-01-23 20:32:09       0m 29s  ...               13.59         0.39
5   2026-01-23 20:32:39       0m 27s  ...                5.30         0.12
6   2026-01-23 20:33:06       0m 33s  ...               50.73         1.42
7   2026-01-23 20:33:40       0m 35s  ...               57.98         1.46
8   2026-01-23 20:34:16       0m 35s  ...               45.03         1.24
9   2026-01-23 20:34:51       0m 45s  ...               84.09         2.32
10  2026-01-23 20:35:37       0m 31s  ...                6.38         0.16
11  2026-01-23 20:36:09       0m 33s  ...                6.39         0.16
12  2026-01-23 20:36:42       0m 32s  ...                3.98         0.09
13  2026-01-23 20:37:14       0m 41s  ...               78.65         2.23
14  2026-01-23 20:37:56       0m 42s  ...               80.46         2.28

[15 rows x 24 columns]

real	8m31.604s
user	0m0.000s
sys	0m0.015s
