[2026-01-24 15:55:27,632] - [root] - [INFO] - leaf_correlation_mw.py
[2026-01-24 15:55:27,632] - [root] - [INFO] - model_type       : ResNet
[2026-01-24 15:55:27,632] - [root] - [INFO] - pretrained       : True
[2026-01-24 15:55:27,632] - [root] - [INFO] - loading_epoch    : 65
[2026-01-24 15:55:27,634] - [root] - [INFO] - timestamp        : Jan22_10-21-00_2026
[2026-01-24 15:55:27,634] - [root] - [INFO] - outdim           : 2
[2026-01-24 15:55:27,634] - [root] - [INFO] - dual_head        : True
[2026-01-24 15:55:27,634] - [root] - [INFO] - model_path       : ../..
[2026-01-24 15:55:27,634] - [root] - [INFO] - step_size        : 224
[2026-01-24 15:55:27,634] - [root] - [INFO] - means            : [0.541, 0.6371, 0.4188]
[2026-01-24 15:55:27,634] - [root] - [INFO] - stds             : [0.1764, 0.165, 0.2326]
[2026-01-24 15:55:27,634] - [root] - [INFO] - target_class     : 1
[2026-01-24 15:55:27,634] - [root] - [INFO] - contam_control   : False
[2026-01-24 15:55:27,634] - [root] - [INFO] - spor_th          : 0.9
[2026-01-24 15:55:27,634] - [root] - [INFO] - inf_gate         : 0.3
[2026-01-24 15:55:27,634] - [root] - [INFO] - pm               : HPM-1269
[2026-01-24 15:55:27,634] - [root] - [INFO] - mps              : False
[2026-01-24 15:55:27,634] - [root] - [INFO] - cuda             : True
[2026-01-24 15:55:27,634] - [root] - [INFO] - cuda_id          : 0
[2026-01-24 15:55:27,634] - [root] - [INFO] - sal_threshold    : 0.5
[2026-01-24 15:55:27,636] - [root] - [INFO] - up_threshold     : 0.5
[2026-01-24 15:55:27,636] - [root] - [INFO] - down_threshold   : 0.3
[2026-01-24 15:55:27,636] - [root] - [INFO] - dataset_path     : C:/Users/Intel User/Desktop/blackbird_scripts/data/human_disk_assessments
[2026-01-24 15:55:27,636] - [root] - [INFO] - img_folder       : 1-22-2026
[2026-01-24 15:55:27,636] - [root] - [INFO] - platform         : BlackBird
[2026-01-24 15:55:27,636] - [root] - [INFO] - threshold        : ['0.7']
[2026-01-24 15:55:27,636] - [root] - [INFO] - log              : ../../results/logs/random.log
[2026-01-24 15:55:27,636] - [root] - [INFO] - dpi              : 5
[2026-01-24 15:55:27,636] - [root] - [INFO] - group            : baseline
[2026-01-24 15:55:27,636] - [root] - [INFO] - trays            : ['5dpi']
[2026-01-24 15:55:27,636] - [root] - [INFO] - sal_gradcam      : False
[2026-01-24 15:55:27,636] - [root] - [INFO] - sal_gradient     : True
[2026-01-24 15:55:27,636] - [root] - [INFO] - sal_smoothgrad   : False
[2026-01-24 15:55:27,636] - [root] - [INFO] - sal_deeplift     : False
[2026-01-24 15:55:27,636] - [root] - [INFO] - sal_thresh_method : fixed
[2026-01-24 15:55:27,636] - [root] - [INFO] - sal_thresh_p     : 95.0
[2026-01-24 15:55:28,822] - [root] - [INFO] - -------------------------------------------
[2026-01-24 15:55:28,822] - [root] - [INFO] - Processing 1-22-2026 5dpi 005-W2021011-592_R2.png
[2026-01-24 15:55:50,694] - [root] - [INFO] - Finished loading mask: 0m 21s
[2026-01-24 15:56:02,093] - [root] - [INFO] - Finished crop and inference: 0m 33s
[2026-01-24 15:56:03,864] - [root] - [INFO] - Analysis finished: 0m 35s
[2026-01-24 15:56:03,864] - [root] - [INFO] - -------------------------------------------
[2026-01-24 15:56:03,864] - [root] - [INFO] - -------------------------------------------
[2026-01-24 15:56:03,864] - [root] - [INFO] - Processing 1-22-2026 5dpi 022-W2021009-198_R2.png
[2026-01-24 15:56:26,305] - [root] - [INFO] - Finished loading mask: 0m 22s
[2026-01-24 15:56:40,961] - [root] - [INFO] - Finished crop and inference: 0m 37s
[2026-01-24 15:56:42,851] - [root] - [INFO] - Analysis finished: 0m 38s
[2026-01-24 15:56:42,851] - [root] - [INFO] - -------------------------------------------
[2026-01-24 15:56:42,851] - [root] - [INFO] - -------------------------------------------
[2026-01-24 15:56:42,852] - [root] - [INFO] - Processing 1-22-2026 5dpi 047-W2021011-482_R1.png
[2026-01-24 15:57:05,404] - [root] - [INFO] - Finished loading mask: 0m 22s
[2026-01-24 15:57:21,670] - [root] - [INFO] - Finished crop and inference: 0m 38s
[2026-01-24 15:57:23,492] - [root] - [INFO] - Analysis finished: 0m 40s
[2026-01-24 15:57:23,492] - [root] - [INFO] - -------------------------------------------
[2026-01-24 15:57:23,493] - [root] - [INFO] - -------------------------------------------
[2026-01-24 15:57:23,493] - [root] - [INFO] - Processing 1-22-2026 5dpi 055-W2021010-397_R2.png
[2026-01-24 15:57:46,022] - [root] - [INFO] - Finished loading mask: 0m 22s
[2026-01-24 15:57:58,631] - [root] - [INFO] - Finished crop and inference: 0m 35s
[2026-01-24 15:58:00,548] - [root] - [INFO] - Analysis finished: 0m 37s
[2026-01-24 15:58:00,548] - [root] - [INFO] - -------------------------------------------
[2026-01-24 15:58:00,548] - [root] - [INFO] - -------------------------------------------
[2026-01-24 15:58:00,548] - [root] - [INFO] - Processing 1-22-2026 5dpi 121-W2021009-185_R1.png
[2026-01-24 15:58:22,688] - [root] - [INFO] - Finished loading mask: 0m 22s
[2026-01-24 15:58:34,373] - [root] - [INFO] - Finished crop and inference: 0m 33s
[2026-01-24 15:58:36,296] - [root] - [INFO] - Analysis finished: 0m 35s
[2026-01-24 15:58:36,296] - [root] - [INFO] - -------------------------------------------
[2026-01-24 15:58:36,296] - [root] - [INFO] - -------------------------------------------
[2026-01-24 15:58:36,296] - [root] - [INFO] - Processing 1-22-2026 5dpi 128-W2021006-013_R1.png
[2026-01-24 15:58:59,191] - [root] - [INFO] - Finished loading mask: 0m 22s
[2026-01-24 15:59:20,646] - [root] - [INFO] - Finished crop and inference: 0m 44s
[2026-01-24 15:59:22,628] - [root] - [INFO] - Analysis finished: 0m 46s
[2026-01-24 15:59:22,628] - [root] - [INFO] - -------------------------------------------
[2026-01-24 15:59:22,628] - [root] - [INFO] - -------------------------------------------
[2026-01-24 15:59:22,628] - [root] - [INFO] - Processing 1-22-2026 5dpi 149-W2021010-417_R1.png
[2026-01-24 15:59:45,024] - [root] - [INFO] - Finished loading mask: 0m 22s
[2026-01-24 15:59:57,218] - [root] - [INFO] - Finished crop and inference: 0m 34s
[2026-01-24 15:59:59,090] - [root] - [INFO] - Analysis finished: 0m 36s
[2026-01-24 15:59:59,090] - [root] - [INFO] - -------------------------------------------
[2026-01-24 15:59:59,091] - [root] - [INFO] - -------------------------------------------
[2026-01-24 15:59:59,091] - [root] - [INFO] - Processing 1-22-2026 5dpi 156-W2021009-276_R2.png
[2026-01-24 16:00:21,329] - [root] - [INFO] - Finished loading mask: 0m 22s
[2026-01-24 16:00:33,743] - [root] - [INFO] - Finished crop and inference: 0m 34s
[2026-01-24 16:00:35,579] - [root] - [INFO] - Analysis finished: 0m 36s
[2026-01-24 16:00:35,579] - [root] - [INFO] - -------------------------------------------
[2026-01-24 16:00:35,579] - [root] - [INFO] - -------------------------------------------
[2026-01-24 16:00:35,579] - [root] - [INFO] - Processing 1-22-2026 5dpi 172-W2021011-557_R2.png
[2026-01-24 16:00:58,009] - [root] - [INFO] - Finished loading mask: 0m 22s
[2026-01-24 16:01:10,877] - [root] - [INFO] - Finished crop and inference: 0m 35s
[2026-01-24 16:01:12,722] - [root] - [INFO] - Analysis finished: 0m 37s
[2026-01-24 16:01:12,722] - [root] - [INFO] - -------------------------------------------
[2026-01-24 16:01:12,722] - [root] - [INFO] - -------------------------------------------
[2026-01-24 16:01:12,722] - [root] - [INFO] - Processing 1-22-2026 5dpi 180-W2021011-476_R2.png
[2026-01-24 16:01:35,605] - [root] - [INFO] - Finished loading mask: 0m 22s
[2026-01-24 16:01:56,375] - [root] - [INFO] - Finished crop and inference: 0m 43s
[2026-01-24 16:01:58,184] - [root] - [INFO] - Analysis finished: 0m 45s
[2026-01-24 16:01:58,185] - [root] - [INFO] - -------------------------------------------
[2026-01-24 16:01:58,185] - [root] - [INFO] - -------------------------------------------
[2026-01-24 16:01:58,185] - [root] - [INFO] - Processing 1-22-2026 5dpi 183-W2021009-295_R1.png
[2026-01-24 16:02:20,528] - [root] - [INFO] - Finished loading mask: 0m 22s
[2026-01-24 16:02:30,204] - [root] - [INFO] - Finished crop and inference: 0m 32s
[2026-01-24 16:02:31,979] - [root] - [INFO] - Analysis finished: 0m 33s
[2026-01-24 16:02:31,979] - [root] - [INFO] - -------------------------------------------
[2026-01-24 16:02:31,979] - [root] - [INFO] - -------------------------------------------
[2026-01-24 16:02:31,979] - [root] - [INFO] - Processing 1-22-2026 5dpi 187-W2021010-348_R2.png
[2026-01-24 16:02:54,239] - [root] - [INFO] - Finished loading mask: 0m 22s
[2026-01-24 16:03:16,166] - [root] - [INFO] - Finished crop and inference: 0m 44s
[2026-01-24 16:03:17,923] - [root] - [INFO] - Analysis finished: 0m 45s
[2026-01-24 16:03:17,923] - [root] - [INFO] - -------------------------------------------
[2026-01-24 16:03:17,923] - [root] - [INFO] - -------------------------------------------
[2026-01-24 16:03:17,923] - [root] - [INFO] - Processing 1-22-2026 5dpi 206-W2021010-344_R1.png
[2026-01-24 16:03:40,655] - [root] - [INFO] - Finished loading mask: 0m 22s
[2026-01-24 16:03:50,809] - [root] - [INFO] - Finished crop and inference: 0m 32s
[2026-01-24 16:03:52,482] - [root] - [INFO] - Analysis finished: 0m 34s
[2026-01-24 16:03:52,482] - [root] - [INFO] - -------------------------------------------
[2026-01-24 16:03:52,482] - [root] - [INFO] - -------------------------------------------
[2026-01-24 16:03:52,482] - [root] - [INFO] - Processing 1-22-2026 5dpi 208-W2021009-268_R2.png
[2026-01-24 16:04:14,150] - [root] - [INFO] - Finished loading mask: 0m 21s
[2026-01-24 16:04:28,572] - [root] - [INFO] - Finished crop and inference: 0m 36s
[2026-01-24 16:04:30,307] - [root] - [INFO] - Analysis finished: 0m 37s
[2026-01-24 16:04:30,307] - [root] - [INFO] - -------------------------------------------
[2026-01-24 16:04:30,307] - [root] - [INFO] - -------------------------------------------
[2026-01-24 16:04:30,307] - [root] - [INFO] - Processing 1-22-2026 5dpi 254-W2021010-352_R2.png
[2026-01-24 16:04:52,511] - [root] - [INFO] - Finished loading mask: 0m 22s
[2026-01-24 16:05:01,027] - [root] - [INFO] - Finished crop and inference: 0m 30s
[2026-01-24 16:05:02,741] - [root] - [INFO] - Analysis finished: 0m 32s
[2026-01-24 16:05:02,741] - [root] - [INFO] - -------------------------------------------
[2026-01-24 16:05:02,748] - [root] - [INFO] - Saved C:\Users\Intel User\Desktop\blackbird_scripts\data\Results\ResNet_upth0.5_downth0.3_Jan22_10-21-00_2026\1-22-2026\th_0.7\severity_rate_tray_5dpi_u0.5_d0.3_ig0.3_sp0.9_20260124_160430.csv
             timestamp time_elapsed  ... severity_rate_patch Gradient_sr2
0  2026-01-24 15:55:28       0m 35s  ...                0.84         0.02

[1 rows x 26 columns]
             timestamp time_elapsed  ... severity_rate_patch Gradient_sr2
0  2026-01-24 15:55:28       0m 35s  ...                0.84         0.02
1  2026-01-24 15:56:03       0m 38s  ...               20.60         0.57

[2 rows x 26 columns]
             timestamp time_elapsed  ... severity_rate_patch Gradient_sr2
0  2026-01-24 15:55:28       0m 35s  ...                0.84         0.02
1  2026-01-24 15:56:03       0m 38s  ...               20.60         0.57
2  2026-01-24 15:56:42       0m 40s  ...               39.97         1.20

[3 rows x 26 columns]
             timestamp time_elapsed  ... severity_rate_patch Gradient_sr2
0  2026-01-24 15:55:28       0m 35s  ...                0.84         0.02
1  2026-01-24 15:56:03       0m 38s  ...               20.60         0.57
2  2026-01-24 15:56:42       0m 40s  ...               39.97         1.20
3  2026-01-24 15:57:23       0m 37s  ...               12.56         0.35

[4 rows x 26 columns]
             timestamp time_elapsed  ... severity_rate_patch Gradient_sr2
0  2026-01-24 15:55:28       0m 35s  ...                0.84         0.02
1  2026-01-24 15:56:03       0m 38s  ...               20.60         0.57
2  2026-01-24 15:56:42       0m 40s  ...               39.97         1.20
3  2026-01-24 15:57:23       0m 37s  ...               12.56         0.35
4  2026-01-24 15:58:00       0m 35s  ...               11.82         0.32

[5 rows x 26 columns]
             timestamp time_elapsed  ... severity_rate_patch Gradient_sr2
0  2026-01-24 15:55:28       0m 35s  ...                0.84         0.02
1  2026-01-24 15:56:03       0m 38s  ...               20.60         0.57
2  2026-01-24 15:56:42       0m 40s  ...               39.97         1.20
3  2026-01-24 15:57:23       0m 37s  ...               12.56         0.35
4  2026-01-24 15:58:00       0m 35s  ...               11.82         0.32
5  2026-01-24 15:58:36       0m 46s  ...               74.68         2.10

[6 rows x 26 columns]
             timestamp time_elapsed  ... severity_rate_patch Gradient_sr2
0  2026-01-24 15:55:28       0m 35s  ...                0.84         0.02
1  2026-01-24 15:56:03       0m 38s  ...               20.60         0.57
2  2026-01-24 15:56:42       0m 40s  ...               39.97         1.20
3  2026-01-24 15:57:23       0m 37s  ...               12.56         0.35
4  2026-01-24 15:58:00       0m 35s  ...               11.82         0.32
5  2026-01-24 15:58:36       0m 46s  ...               74.68         2.10
6  2026-01-24 15:59:22       0m 36s  ...               12.95         0.37

[7 rows x 26 columns]
             timestamp time_elapsed  ... severity_rate_patch Gradient_sr2
0  2026-01-24 15:55:28       0m 35s  ...                0.84         0.02
1  2026-01-24 15:56:03       0m 38s  ...               20.60         0.57
2  2026-01-24 15:56:42       0m 40s  ...               39.97         1.20
3  2026-01-24 15:57:23       0m 37s  ...               12.56         0.35
4  2026-01-24 15:58:00       0m 35s  ...               11.82         0.32
5  2026-01-24 15:58:36       0m 46s  ...               74.68         2.10
6  2026-01-24 15:59:22       0m 36s  ...               12.95         0.37
7  2026-01-24 15:59:59       0m 36s  ...                8.12         0.21

[8 rows x 26 columns]
             timestamp time_elapsed  ... severity_rate_patch Gradient_sr2
0  2026-01-24 15:55:28       0m 35s  ...                0.84         0.02
1  2026-01-24 15:56:03       0m 38s  ...               20.60         0.57
2  2026-01-24 15:56:42       0m 40s  ...               39.97         1.20
3  2026-01-24 15:57:23       0m 37s  ...               12.56         0.35
4  2026-01-24 15:58:00       0m 35s  ...               11.82         0.32
5  2026-01-24 15:58:36       0m 46s  ...               74.68         2.10
6  2026-01-24 15:59:22       0m 36s  ...               12.95         0.37
7  2026-01-24 15:59:59       0m 36s  ...                8.12         0.21
8  2026-01-24 16:00:35       0m 37s  ...                9.14         0.26

[9 rows x 26 columns]
             timestamp time_elapsed  ... severity_rate_patch Gradient_sr2
0  2026-01-24 15:55:28       0m 35s  ...                0.84         0.02
1  2026-01-24 15:56:03       0m 38s  ...               20.60         0.57
2  2026-01-24 15:56:42       0m 40s  ...               39.97         1.20
3  2026-01-24 15:57:23       0m 37s  ...               12.56         0.35
4  2026-01-24 15:58:00       0m 35s  ...               11.82         0.32
5  2026-01-24 15:58:36       0m 46s  ...               74.68         2.10
6  2026-01-24 15:59:22       0m 36s  ...               12.95         0.37
7  2026-01-24 15:59:59       0m 36s  ...                8.12         0.21
8  2026-01-24 16:00:35       0m 37s  ...                9.14         0.26
9  2026-01-24 16:01:12       0m 45s  ...               75.80         2.16

[10 rows x 26 columns]
              timestamp time_elapsed  ... severity_rate_patch Gradient_sr2
0   2026-01-24 15:55:28       0m 35s  ...                0.84         0.02
1   2026-01-24 15:56:03       0m 38s  ...               20.60         0.57
2   2026-01-24 15:56:42       0m 40s  ...               39.97         1.20
3   2026-01-24 15:57:23       0m 37s  ...               12.56         0.35
4   2026-01-24 15:58:00       0m 35s  ...               11.82         0.32
5   2026-01-24 15:58:36       0m 46s  ...               74.68         2.10
6   2026-01-24 15:59:22       0m 36s  ...               12.95         0.37
7   2026-01-24 15:59:59       0m 36s  ...                8.12         0.21
8   2026-01-24 16:00:35       0m 37s  ...                9.14         0.26
9   2026-01-24 16:01:12       0m 45s  ...               75.80         2.16
10  2026-01-24 16:01:58       0m 33s  ...                6.80         0.17

[11 rows x 26 columns]
              timestamp time_elapsed  ... severity_rate_patch Gradient_sr2
0   2026-01-24 15:55:28       0m 35s  ...                0.84         0.02
1   2026-01-24 15:56:03       0m 38s  ...               20.60         0.57
2   2026-01-24 15:56:42       0m 40s  ...               39.97         1.20
3   2026-01-24 15:57:23       0m 37s  ...               12.56         0.35
4   2026-01-24 15:58:00       0m 35s  ...               11.82         0.32
5   2026-01-24 15:58:36       0m 46s  ...               74.68         2.10
6   2026-01-24 15:59:22       0m 36s  ...               12.95         0.37
7   2026-01-24 15:59:59       0m 36s  ...                8.12         0.21
8   2026-01-24 16:00:35       0m 37s  ...                9.14         0.26
9   2026-01-24 16:01:12       0m 45s  ...               75.80         2.16
10  2026-01-24 16:01:58       0m 33s  ...                6.80         0.17
11  2026-01-24 16:02:31       0m 45s  ...               82.53         2.55

[12 rows x 26 columns]
              timestamp time_elapsed  ... severity_rate_patch Gradient_sr2
0   2026-01-24 15:55:28       0m 35s  ...                0.84         0.02
1   2026-01-24 15:56:03       0m 38s  ...               20.60         0.57
2   2026-01-24 15:56:42       0m 40s  ...               39.97         1.20
3   2026-01-24 15:57:23       0m 37s  ...               12.56         0.35
4   2026-01-24 15:58:00       0m 35s  ...               11.82         0.32
5   2026-01-24 15:58:36       0m 46s  ...               74.68         2.10
6   2026-01-24 15:59:22       0m 36s  ...               12.95         0.37
7   2026-01-24 15:59:59       0m 36s  ...                8.12         0.21
8   2026-01-24 16:00:35       0m 37s  ...                9.14         0.26
9   2026-01-24 16:01:12       0m 45s  ...               75.80         2.16
10  2026-01-24 16:01:58       0m 33s  ...                6.80         0.17
11  2026-01-24 16:02:31       0m 45s  ...               82.53         2.55
12  2026-01-24 16:03:17       0m 34s  ...                6.18         0.18

[13 rows x 26 columns]
              timestamp time_elapsed  ... severity_rate_patch Gradient_sr2
0   2026-01-24 15:55:28       0m 35s  ...                0.84         0.02
1   2026-01-24 15:56:03       0m 38s  ...               20.60         0.57
2   2026-01-24 15:56:42       0m 40s  ...               39.97         1.20
3   2026-01-24 15:57:23       0m 37s  ...               12.56         0.35
4   2026-01-24 15:58:00       0m 35s  ...               11.82         0.32
5   2026-01-24 15:58:36       0m 46s  ...               74.68         2.10
6   2026-01-24 15:59:22       0m 36s  ...               12.95         0.37
7   2026-01-24 15:59:59       0m 36s  ...                8.12         0.21
8   2026-01-24 16:00:35       0m 37s  ...                9.14         0.26
9   2026-01-24 16:01:12       0m 45s  ...               75.80         2.16
10  2026-01-24 16:01:58       0m 33s  ...                6.80         0.17
11  2026-01-24 16:02:31       0m 45s  ...               82.53         2.55
12  2026-01-24 16:03:17       0m 34s  ...                6.18         0.18
13  2026-01-24 16:03:52       0m 37s  ...               30.13         0.79

[14 rows x 26 columns]
              timestamp time_elapsed  ... severity_rate_patch Gradient_sr2
0   2026-01-24 15:55:28       0m 35s  ...                0.84         0.02
1   2026-01-24 15:56:03       0m 38s  ...               20.60         0.57
2   2026-01-24 15:56:42       0m 40s  ...               39.97         1.20
3   2026-01-24 15:57:23       0m 37s  ...               12.56         0.35
4   2026-01-24 15:58:00       0m 35s  ...               11.82         0.32
5   2026-01-24 15:58:36       0m 46s  ...               74.68         2.10
6   2026-01-24 15:59:22       0m 36s  ...               12.95         0.37
7   2026-01-24 15:59:59       0m 36s  ...                8.12         0.21
8   2026-01-24 16:00:35       0m 37s  ...                9.14         0.26
9   2026-01-24 16:01:12       0m 45s  ...               75.80         2.16
10  2026-01-24 16:01:58       0m 33s  ...                6.80         0.17
11  2026-01-24 16:02:31       0m 45s  ...               82.53         2.55
12  2026-01-24 16:03:17       0m 34s  ...                6.18         0.18
13  2026-01-24 16:03:52       0m 37s  ...               30.13         0.79
14  2026-01-24 16:04:30       0m 32s  ...                2.50         0.07

[15 rows x 26 columns]

real	9m43.171s
user	0m0.000s
sys	0m0.015s
