[2026-01-23 20:38:46,630] - [root] - [INFO] - leaf_correlation_mw.py
[2026-01-23 20:38:46,630] - [root] - [INFO] - model_type       : ResNet
[2026-01-23 20:38:46,630] - [root] - [INFO] - pretrained       : True
[2026-01-23 20:38:46,630] - [root] - [INFO] - loading_epoch    : 65
[2026-01-23 20:38:46,630] - [root] - [INFO] - timestamp        : Jan22_10-21-00_2026
[2026-01-23 20:38:46,630] - [root] - [INFO] - outdim           : 2
[2026-01-23 20:38:46,630] - [root] - [INFO] - dual_head        : True
[2026-01-23 20:38:46,630] - [root] - [INFO] - model_path       : ../..
[2026-01-23 20:38:46,630] - [root] - [INFO] - step_size        : 224
[2026-01-23 20:38:46,630] - [root] - [INFO] - means            : [0.541, 0.6371, 0.4188]
[2026-01-23 20:38:46,630] - [root] - [INFO] - stds             : [0.1764, 0.165, 0.2326]
[2026-01-23 20:38:46,630] - [root] - [INFO] - target_class     : 1
[2026-01-23 20:38:46,630] - [root] - [INFO] - contam_control   : False
[2026-01-23 20:38:46,630] - [root] - [INFO] - spor_th          : 0.7
[2026-01-23 20:38:46,630] - [root] - [INFO] - inf_gate         : 0.6
[2026-01-23 20:38:46,630] - [root] - [INFO] - pm               : HPM-1269
[2026-01-23 20:38:46,630] - [root] - [INFO] - mps              : False
[2026-01-23 20:38:46,630] - [root] - [INFO] - cuda             : True
[2026-01-23 20:38:46,630] - [root] - [INFO] - cuda_id          : 0
[2026-01-23 20:38:46,630] - [root] - [INFO] - sal_threshold    : 0.5
[2026-01-23 20:38:46,630] - [root] - [INFO] - up_threshold     : 0.7
[2026-01-23 20:38:46,630] - [root] - [INFO] - down_threshold   : 0.2
[2026-01-23 20:38:46,630] - [root] - [INFO] - dataset_path     : C:/Users/Intel User/Desktop/blackbird_scripts/data/human_disk_assessments
[2026-01-23 20:38:46,630] - [root] - [INFO] - img_folder       : 1-22-2026
[2026-01-23 20:38:46,630] - [root] - [INFO] - platform         : BlackBird
[2026-01-23 20:38:46,630] - [root] - [INFO] - threshold        : ['0.7']
[2026-01-23 20:38:46,630] - [root] - [INFO] - log              : ../../results/logs/random.log
[2026-01-23 20:38:46,630] - [root] - [INFO] - dpi              : 10
[2026-01-23 20:38:46,630] - [root] - [INFO] - group            : baseline
[2026-01-23 20:38:46,630] - [root] - [INFO] - trays            : ['10dpi']
[2026-01-23 20:38:46,630] - [root] - [INFO] - sal_gradcam      : False
[2026-01-23 20:38:46,630] - [root] - [INFO] - sal_gradient     : True
[2026-01-23 20:38:46,630] - [root] - [INFO] - sal_smoothgrad   : False
[2026-01-23 20:38:46,630] - [root] - [INFO] - sal_deeplift     : False
[2026-01-23 20:38:46,630] - [root] - [INFO] - sal_thresh_method : fixed
[2026-01-23 20:38:46,630] - [root] - [INFO] - sal_thresh_p     : 95.0
[2026-01-23 20:38:47,620] - [root] - [INFO] - -------------------------------------------
[2026-01-23 20:38:47,620] - [root] - [INFO] - Processing 1-22-2026 10dpi 013-W2021011-633_R2.png
[2026-01-23 20:39:08,443] - [root] - [INFO] - Finished loading mask: 0m 20s
[2026-01-23 20:39:23,298] - [root] - [INFO] - Finished crop and inference: 0m 35s
[2026-01-23 20:39:24,874] - [root] - [INFO] - Analysis finished: 0m 37s
[2026-01-23 20:39:24,874] - [root] - [INFO] - -------------------------------------------
[2026-01-23 20:39:24,874] - [root] - [INFO] - -------------------------------------------
[2026-01-23 20:39:24,874] - [root] - [INFO] - Processing 1-22-2026 10dpi 026-W2021010-346_R2.png
[2026-01-23 20:39:45,582] - [root] - [INFO] - Finished loading mask: 0m 20s
[2026-01-23 20:39:55,678] - [root] - [INFO] - Finished crop and inference: 0m 30s
[2026-01-23 20:39:57,208] - [root] - [INFO] - Analysis finished: 0m 32s
[2026-01-23 20:39:57,208] - [root] - [INFO] - -------------------------------------------
[2026-01-23 20:39:57,208] - [root] - [INFO] - -------------------------------------------
[2026-01-23 20:39:57,208] - [root] - [INFO] - Processing 1-22-2026 10dpi 042-W2021006-015_R1.png
[2026-01-23 20:40:18,048] - [root] - [INFO] - Finished loading mask: 0m 20s
[2026-01-23 20:40:30,411] - [root] - [INFO] - Finished crop and inference: 0m 33s
[2026-01-23 20:40:32,098] - [root] - [INFO] - Analysis finished: 0m 34s
[2026-01-23 20:40:32,098] - [root] - [INFO] - -------------------------------------------
[2026-01-23 20:40:32,098] - [root] - [INFO] - -------------------------------------------
[2026-01-23 20:40:32,098] - [root] - [INFO] - Processing 1-22-2026 10dpi 057-W2021011-504_R2.png
[2026-01-23 20:40:52,774] - [root] - [INFO] - Finished loading mask: 0m 20s
[2026-01-23 20:41:02,773] - [root] - [INFO] - Finished crop and inference: 0m 30s
[2026-01-23 20:41:04,458] - [root] - [INFO] - Analysis finished: 0m 32s
[2026-01-23 20:41:04,458] - [root] - [INFO] - -------------------------------------------
[2026-01-23 20:41:04,458] - [root] - [INFO] - -------------------------------------------
[2026-01-23 20:41:04,458] - [root] - [INFO] - Processing 1-22-2026 10dpi 069-W2021011-574_R1.png
[2026-01-23 20:41:25,512] - [root] - [INFO] - Finished loading mask: 0m 21s
[2026-01-23 20:41:37,034] - [root] - [INFO] - Finished crop and inference: 0m 32s
[2026-01-23 20:41:38,786] - [root] - [INFO] - Analysis finished: 0m 34s
[2026-01-23 20:41:38,786] - [root] - [INFO] - -------------------------------------------
[2026-01-23 20:41:38,786] - [root] - [INFO] - -------------------------------------------
[2026-01-23 20:41:38,786] - [root] - [INFO] - Processing 1-22-2026 10dpi 095-W2021009-283_R1.png
[2026-01-23 20:41:59,944] - [root] - [INFO] - Finished loading mask: 0m 21s
[2026-01-23 20:42:09,092] - [root] - [INFO] - Finished crop and inference: 0m 30s
[2026-01-23 20:42:10,788] - [root] - [INFO] - Analysis finished: 0m 32s
[2026-01-23 20:42:10,788] - [root] - [INFO] - -------------------------------------------
[2026-01-23 20:42:10,788] - [root] - [INFO] - -------------------------------------------
[2026-01-23 20:42:10,788] - [root] - [INFO] - Processing 1-22-2026 10dpi 103-W2021011-591_R2.png
[2026-01-23 20:42:31,855] - [root] - [INFO] - Finished loading mask: 0m 21s
[2026-01-23 20:42:47,697] - [root] - [INFO] - Finished crop and inference: 0m 36s
[2026-01-23 20:42:49,427] - [root] - [INFO] - Analysis finished: 0m 38s
[2026-01-23 20:42:49,427] - [root] - [INFO] - -------------------------------------------
[2026-01-23 20:42:49,428] - [root] - [INFO] - -------------------------------------------
[2026-01-23 20:42:49,428] - [root] - [INFO] - Processing 1-22-2026 10dpi 115-W2021011-638_R1.png
[2026-01-23 20:43:10,633] - [root] - [INFO] - Finished loading mask: 0m 21s
[2026-01-23 20:43:28,862] - [root] - [INFO] - Finished crop and inference: 0m 39s
[2026-01-23 20:43:30,472] - [root] - [INFO] - Analysis finished: 0m 41s
[2026-01-23 20:43:30,472] - [root] - [INFO] - -------------------------------------------
[2026-01-23 20:43:30,474] - [root] - [INFO] - -------------------------------------------
[2026-01-23 20:43:30,474] - [root] - [INFO] - Processing 1-22-2026 10dpi 124-W2021009-278_R1.png
[2026-01-23 20:43:51,416] - [root] - [INFO] - Finished loading mask: 0m 20s
[2026-01-23 20:44:06,221] - [root] - [INFO] - Finished crop and inference: 0m 35s
[2026-01-23 20:44:07,836] - [root] - [INFO] - Analysis finished: 0m 37s
[2026-01-23 20:44:07,836] - [root] - [INFO] - -------------------------------------------
[2026-01-23 20:44:07,836] - [root] - [INFO] - -------------------------------------------
[2026-01-23 20:44:07,836] - [root] - [INFO] - Processing 1-22-2026 10dpi 162-W2021011-551_R2.png
[2026-01-23 20:44:28,779] - [root] - [INFO] - Finished loading mask: 0m 20s
[2026-01-23 20:44:51,242] - [root] - [INFO] - Finished crop and inference: 0m 43s
[2026-01-23 20:44:52,889] - [root] - [INFO] - Analysis finished: 0m 45s
[2026-01-23 20:44:52,889] - [root] - [INFO] - -------------------------------------------
[2026-01-23 20:44:52,889] - [root] - [INFO] - -------------------------------------------
[2026-01-23 20:44:52,889] - [root] - [INFO] - Processing 1-22-2026 10dpi 172-W2021009-156_R2.png
[2026-01-23 20:45:13,530] - [root] - [INFO] - Finished loading mask: 0m 20s
[2026-01-23 20:45:22,402] - [root] - [INFO] - Finished crop and inference: 0m 29s
[2026-01-23 20:45:23,999] - [root] - [INFO] - Analysis finished: 0m 31s
[2026-01-23 20:45:23,999] - [root] - [INFO] - -------------------------------------------
[2026-01-23 20:45:23,999] - [root] - [INFO] - -------------------------------------------
[2026-01-23 20:45:23,999] - [root] - [INFO] - Processing 1-22-2026 10dpi 182-W2021009-251_R1.png
[2026-01-23 20:45:45,003] - [root] - [INFO] - Finished loading mask: 0m 21s
[2026-01-23 20:45:55,543] - [root] - [INFO] - Finished crop and inference: 0m 31s
[2026-01-23 20:45:57,144] - [root] - [INFO] - Analysis finished: 0m 33s
[2026-01-23 20:45:57,144] - [root] - [INFO] - -------------------------------------------
[2026-01-23 20:45:57,144] - [root] - [INFO] - -------------------------------------------
[2026-01-23 20:45:57,144] - [root] - [INFO] - Processing 1-22-2026 10dpi 194-W2021010-339_R2.png
[2026-01-23 20:46:17,878] - [root] - [INFO] - Finished loading mask: 0m 20s
[2026-01-23 20:46:27,405] - [root] - [INFO] - Finished crop and inference: 0m 30s
[2026-01-23 20:46:29,030] - [root] - [INFO] - Analysis finished: 0m 31s
[2026-01-23 20:46:29,030] - [root] - [INFO] - -------------------------------------------
[2026-01-23 20:46:29,030] - [root] - [INFO] - -------------------------------------------
[2026-01-23 20:46:29,030] - [root] - [INFO] - Processing 1-22-2026 10dpi 215-W2021006-045_R1.png
[2026-01-23 20:46:49,382] - [root] - [INFO] - Finished loading mask: 0m 20s
[2026-01-23 20:47:08,746] - [root] - [INFO] - Finished crop and inference: 0m 39s
[2026-01-23 20:47:10,407] - [root] - [INFO] - Analysis finished: 0m 41s
[2026-01-23 20:47:10,407] - [root] - [INFO] - -------------------------------------------
[2026-01-23 20:47:10,407] - [root] - [INFO] - -------------------------------------------
[2026-01-23 20:47:10,407] - [root] - [INFO] - Processing 1-22-2026 10dpi 262-W2021009-187_R2.png
[2026-01-23 20:47:30,487] - [root] - [INFO] - Finished loading mask: 0m 20s
[2026-01-23 20:47:51,053] - [root] - [INFO] - Finished crop and inference: 0m 40s
[2026-01-23 20:47:52,667] - [root] - [INFO] - Analysis finished: 0m 42s
[2026-01-23 20:47:52,667] - [root] - [INFO] - -------------------------------------------
[2026-01-23 20:47:52,675] - [root] - [INFO] - Saved C:\Users\Intel User\Desktop\blackbird_scripts\data\Results\ResNet_upth0.7_downth0.2_Jan22_10-21-00_2026\1-22-2026\th_0.7\severity_rate_tray_10dpi_u0.7_d0.2_ig0.6_sp0.7.csv
             timestamp time_elapsed  ... severity_rate_patch Gradient_sr2
0  2026-01-23 20:38:47       0m 37s  ...                31.5         0.88

[1 rows x 24 columns]
             timestamp time_elapsed  ... severity_rate_patch Gradient_sr2
0  2026-01-23 20:38:47       0m 37s  ...               31.50         0.88
1  2026-01-23 20:39:24       0m 32s  ...                0.28         0.01

[2 rows x 24 columns]
             timestamp time_elapsed  ... severity_rate_patch Gradient_sr2
0  2026-01-23 20:38:47       0m 37s  ...               31.50         0.88
1  2026-01-23 20:39:24       0m 32s  ...                0.28         0.01
2  2026-01-23 20:39:57       0m 34s  ...               24.53         0.64

[3 rows x 24 columns]
             timestamp time_elapsed  ... severity_rate_patch Gradient_sr2
0  2026-01-23 20:38:47       0m 37s  ...               31.50         0.88
1  2026-01-23 20:39:24       0m 32s  ...                0.28         0.01
2  2026-01-23 20:39:57       0m 34s  ...               24.53         0.64
3  2026-01-23 20:40:32       0m 32s  ...                3.15         0.08

[4 rows x 24 columns]
             timestamp time_elapsed  ... severity_rate_patch Gradient_sr2
0  2026-01-23 20:38:47       0m 37s  ...               31.50         0.88
1  2026-01-23 20:39:24       0m 32s  ...                0.28         0.01
2  2026-01-23 20:39:57       0m 34s  ...               24.53         0.64
3  2026-01-23 20:40:32       0m 32s  ...                3.15         0.08
4  2026-01-23 20:41:04       0m 34s  ...               14.22         0.41

[5 rows x 24 columns]
             timestamp time_elapsed  ... severity_rate_patch Gradient_sr2
0  2026-01-23 20:38:47       0m 37s  ...               31.50         0.88
1  2026-01-23 20:39:24       0m 32s  ...                0.28         0.01
2  2026-01-23 20:39:57       0m 34s  ...               24.53         0.64
3  2026-01-23 20:40:32       0m 32s  ...                3.15         0.08
4  2026-01-23 20:41:04       0m 34s  ...               14.22         0.41
5  2026-01-23 20:41:38       0m 31s  ...                7.38         0.17

[6 rows x 24 columns]
             timestamp time_elapsed  ... severity_rate_patch Gradient_sr2
0  2026-01-23 20:38:47       0m 37s  ...               31.50         0.88
1  2026-01-23 20:39:24       0m 32s  ...                0.28         0.01
2  2026-01-23 20:39:57       0m 34s  ...               24.53         0.64
3  2026-01-23 20:40:32       0m 32s  ...                3.15         0.08
4  2026-01-23 20:41:04       0m 34s  ...               14.22         0.41
5  2026-01-23 20:41:38       0m 31s  ...                7.38         0.17
6  2026-01-23 20:42:10       0m 38s  ...               50.93         1.48

[7 rows x 24 columns]
             timestamp time_elapsed  ... severity_rate_patch Gradient_sr2
0  2026-01-23 20:38:47       0m 37s  ...               31.50         0.88
1  2026-01-23 20:39:24       0m 32s  ...                0.28         0.01
2  2026-01-23 20:39:57       0m 34s  ...               24.53         0.64
3  2026-01-23 20:40:32       0m 32s  ...                3.15         0.08
4  2026-01-23 20:41:04       0m 34s  ...               14.22         0.41
5  2026-01-23 20:41:38       0m 31s  ...                7.38         0.17
6  2026-01-23 20:42:10       0m 38s  ...               50.93         1.48
7  2026-01-23 20:42:49       0m 41s  ...               57.68         1.57

[8 rows x 24 columns]
             timestamp time_elapsed  ... severity_rate_patch Gradient_sr2
0  2026-01-23 20:38:47       0m 37s  ...               31.50         0.88
1  2026-01-23 20:39:24       0m 32s  ...                0.28         0.01
2  2026-01-23 20:39:57       0m 34s  ...               24.53         0.64
3  2026-01-23 20:40:32       0m 32s  ...                3.15         0.08
4  2026-01-23 20:41:04       0m 34s  ...               14.22         0.41
5  2026-01-23 20:41:38       0m 31s  ...                7.38         0.17
6  2026-01-23 20:42:10       0m 38s  ...               50.93         1.48
7  2026-01-23 20:42:49       0m 41s  ...               57.68         1.57
8  2026-01-23 20:43:30       0m 37s  ...               45.80         1.30

[9 rows x 24 columns]
             timestamp time_elapsed  ... severity_rate_patch Gradient_sr2
0  2026-01-23 20:38:47       0m 37s  ...               31.50         0.88
1  2026-01-23 20:39:24       0m 32s  ...                0.28         0.01
2  2026-01-23 20:39:57       0m 34s  ...               24.53         0.64
3  2026-01-23 20:40:32       0m 32s  ...                3.15         0.08
4  2026-01-23 20:41:04       0m 34s  ...               14.22         0.41
5  2026-01-23 20:41:38       0m 31s  ...                7.38         0.17
6  2026-01-23 20:42:10       0m 38s  ...               50.93         1.48
7  2026-01-23 20:42:49       0m 41s  ...               57.68         1.57
8  2026-01-23 20:43:30       0m 37s  ...               45.80         1.30
9  2026-01-23 20:44:07       0m 45s  ...               83.50         2.35

[10 rows x 24 columns]
              timestamp time_elapsed  ... severity_rate_patch Gradient_sr2
0   2026-01-23 20:38:47       0m 37s  ...               31.50         0.88
1   2026-01-23 20:39:24       0m 32s  ...                0.28         0.01
2   2026-01-23 20:39:57       0m 34s  ...               24.53         0.64
3   2026-01-23 20:40:32       0m 32s  ...                3.15         0.08
4   2026-01-23 20:41:04       0m 34s  ...               14.22         0.41
5   2026-01-23 20:41:38       0m 31s  ...                7.38         0.17
6   2026-01-23 20:42:10       0m 38s  ...               50.93         1.48
7   2026-01-23 20:42:49       0m 41s  ...               57.68         1.57
8   2026-01-23 20:43:30       0m 37s  ...               45.80         1.30
9   2026-01-23 20:44:07       0m 45s  ...               83.50         2.35
10  2026-01-23 20:44:52       0m 31s  ...                6.77         0.17

[11 rows x 24 columns]
              timestamp time_elapsed  ... severity_rate_patch Gradient_sr2
0   2026-01-23 20:38:47       0m 37s  ...               31.50         0.88
1   2026-01-23 20:39:24       0m 32s  ...                0.28         0.01
2   2026-01-23 20:39:57       0m 34s  ...               24.53         0.64
3   2026-01-23 20:40:32       0m 32s  ...                3.15         0.08
4   2026-01-23 20:41:04       0m 34s  ...               14.22         0.41
5   2026-01-23 20:41:38       0m 31s  ...                7.38         0.17
6   2026-01-23 20:42:10       0m 38s  ...               50.93         1.48
7   2026-01-23 20:42:49       0m 41s  ...               57.68         1.57
8   2026-01-23 20:43:30       0m 37s  ...               45.80         1.30
9   2026-01-23 20:44:07       0m 45s  ...               83.50         2.35
10  2026-01-23 20:44:52       0m 31s  ...                6.77         0.17
11  2026-01-23 20:45:23       0m 33s  ...                6.62         0.18

[12 rows x 24 columns]
              timestamp time_elapsed  ... severity_rate_patch Gradient_sr2
0   2026-01-23 20:38:47       0m 37s  ...               31.50         0.88
1   2026-01-23 20:39:24       0m 32s  ...                0.28         0.01
2   2026-01-23 20:39:57       0m 34s  ...               24.53         0.64
3   2026-01-23 20:40:32       0m 32s  ...                3.15         0.08
4   2026-01-23 20:41:04       0m 34s  ...               14.22         0.41
5   2026-01-23 20:41:38       0m 31s  ...                7.38         0.17
6   2026-01-23 20:42:10       0m 38s  ...               50.93         1.48
7   2026-01-23 20:42:49       0m 41s  ...               57.68         1.57
8   2026-01-23 20:43:30       0m 37s  ...               45.80         1.30
9   2026-01-23 20:44:07       0m 45s  ...               83.50         2.35
10  2026-01-23 20:44:52       0m 31s  ...                6.77         0.17
11  2026-01-23 20:45:23       0m 33s  ...                6.62         0.18
12  2026-01-23 20:45:57       0m 31s  ...                5.55         0.14

[13 rows x 24 columns]
              timestamp time_elapsed  ... severity_rate_patch Gradient_sr2
0   2026-01-23 20:38:47       0m 37s  ...               31.50         0.88
1   2026-01-23 20:39:24       0m 32s  ...                0.28         0.01
2   2026-01-23 20:39:57       0m 34s  ...               24.53         0.64
3   2026-01-23 20:40:32       0m 32s  ...                3.15         0.08
4   2026-01-23 20:41:04       0m 34s  ...               14.22         0.41
5   2026-01-23 20:41:38       0m 31s  ...                7.38         0.17
6   2026-01-23 20:42:10       0m 38s  ...               50.93         1.48
7   2026-01-23 20:42:49       0m 41s  ...               57.68         1.57
8   2026-01-23 20:43:30       0m 37s  ...               45.80         1.30
9   2026-01-23 20:44:07       0m 45s  ...               83.50         2.35
10  2026-01-23 20:44:52       0m 31s  ...                6.77         0.17
11  2026-01-23 20:45:23       0m 33s  ...                6.62         0.18
12  2026-01-23 20:45:57       0m 31s  ...                5.55         0.14
13  2026-01-23 20:46:29       0m 41s  ...               77.90         2.27

[14 rows x 24 columns]
              timestamp time_elapsed  ... severity_rate_patch Gradient_sr2
0   2026-01-23 20:38:47       0m 37s  ...               31.50         0.88
1   2026-01-23 20:39:24       0m 32s  ...                0.28         0.01
2   2026-01-23 20:39:57       0m 34s  ...               24.53         0.64
3   2026-01-23 20:40:32       0m 32s  ...                3.15         0.08
4   2026-01-23 20:41:04       0m 34s  ...               14.22         0.41
5   2026-01-23 20:41:38       0m 31s  ...                7.38         0.17
6   2026-01-23 20:42:10       0m 38s  ...               50.93         1.48
7   2026-01-23 20:42:49       0m 41s  ...               57.68         1.57
8   2026-01-23 20:43:30       0m 37s  ...               45.80         1.30
9   2026-01-23 20:44:07       0m 45s  ...               83.50         2.35
10  2026-01-23 20:44:52       0m 31s  ...                6.77         0.17
11  2026-01-23 20:45:23       0m 33s  ...                6.62         0.18
12  2026-01-23 20:45:57       0m 31s  ...                5.55         0.14
13  2026-01-23 20:46:29       0m 41s  ...               77.90         2.27
14  2026-01-23 20:47:10       0m 42s  ...               80.00         2.36

[15 rows x 24 columns]

real	9m12.792s
user	0m0.000s
sys	0m0.015s
