[2026-01-24 17:42:18,420] - [root] - [INFO] - leaf_correlation_mw.py
[2026-01-24 17:42:18,420] - [root] - [INFO] - model_type       : ResNet
[2026-01-24 17:42:18,420] - [root] - [INFO] - pretrained       : True
[2026-01-24 17:42:18,420] - [root] - [INFO] - loading_epoch    : 65
[2026-01-24 17:42:18,420] - [root] - [INFO] - timestamp        : Jan22_10-21-00_2026
[2026-01-24 17:42:18,420] - [root] - [INFO] - outdim           : 2
[2026-01-24 17:42:18,420] - [root] - [INFO] - dual_head        : True
[2026-01-24 17:42:18,422] - [root] - [INFO] - model_path       : ../..
[2026-01-24 17:42:18,422] - [root] - [INFO] - step_size        : 224
[2026-01-24 17:42:18,422] - [root] - [INFO] - means            : [0.541, 0.6371, 0.4188]
[2026-01-24 17:42:18,422] - [root] - [INFO] - stds             : [0.1764, 0.165, 0.2326]
[2026-01-24 17:42:18,422] - [root] - [INFO] - target_class     : 1
[2026-01-24 17:42:18,422] - [root] - [INFO] - contam_control   : False
[2026-01-24 17:42:18,422] - [root] - [INFO] - spor_th          : 0.7
[2026-01-24 17:42:18,422] - [root] - [INFO] - inf_gate         : 0.3
[2026-01-24 17:42:18,422] - [root] - [INFO] - pm               : HPM-1269
[2026-01-24 17:42:18,422] - [root] - [INFO] - mps              : False
[2026-01-24 17:42:18,422] - [root] - [INFO] - cuda             : True
[2026-01-24 17:42:18,422] - [root] - [INFO] - cuda_id          : 0
[2026-01-24 17:42:18,422] - [root] - [INFO] - sal_threshold    : 0.5
[2026-01-24 17:42:18,422] - [root] - [INFO] - up_threshold     : 0.9
[2026-01-24 17:42:18,422] - [root] - [INFO] - down_threshold   : 0.3
[2026-01-24 17:42:18,422] - [root] - [INFO] - dataset_path     : C:/Users/Intel User/Desktop/blackbird_scripts/data/human_disk_assessments
[2026-01-24 17:42:18,422] - [root] - [INFO] - img_folder       : 1-22-2026
[2026-01-24 17:42:18,422] - [root] - [INFO] - platform         : BlackBird
[2026-01-24 17:42:18,422] - [root] - [INFO] - threshold        : ['0.7']
[2026-01-24 17:42:18,423] - [root] - [INFO] - log              : ../../results/logs/random.log
[2026-01-24 17:42:18,423] - [root] - [INFO] - dpi              : 10
[2026-01-24 17:42:18,423] - [root] - [INFO] - group            : baseline
[2026-01-24 17:42:18,423] - [root] - [INFO] - trays            : ['10dpi']
[2026-01-24 17:42:18,423] - [root] - [INFO] - sal_gradcam      : False
[2026-01-24 17:42:18,423] - [root] - [INFO] - sal_gradient     : True
[2026-01-24 17:42:18,423] - [root] - [INFO] - sal_smoothgrad   : False
[2026-01-24 17:42:18,423] - [root] - [INFO] - sal_deeplift     : False
[2026-01-24 17:42:18,423] - [root] - [INFO] - sal_thresh_method : fixed
[2026-01-24 17:42:18,423] - [root] - [INFO] - sal_thresh_p     : 95.0
[2026-01-24 17:42:19,346] - [root] - [INFO] - -------------------------------------------
[2026-01-24 17:42:19,346] - [root] - [INFO] - Processing 1-22-2026 10dpi 046-W2021009-208_R2.png
[2026-01-24 17:42:41,169] - [root] - [INFO] - Finished loading mask: 0m 21s
[2026-01-24 17:42:52,682] - [root] - [INFO] - Finished crop and inference: 0m 33s
[2026-01-24 17:42:54,536] - [root] - [INFO] - Analysis finished: 0m 35s
[2026-01-24 17:42:54,536] - [root] - [INFO] - -------------------------------------------
[2026-01-24 17:42:54,536] - [root] - [INFO] - -------------------------------------------
[2026-01-24 17:42:54,536] - [root] - [INFO] - Processing 1-22-2026 10dpi 151-W2021011-479_R2.png
[2026-01-24 17:43:18,888] - [root] - [INFO] - Finished loading mask: 0m 24s
[2026-01-24 17:43:49,095] - [root] - [INFO] - Finished crop and inference: 0m 54s
[2026-01-24 17:43:51,035] - [root] - [INFO] - Analysis finished: 0m 56s
[2026-01-24 17:43:51,035] - [root] - [INFO] - -------------------------------------------
[2026-01-24 17:43:51,036] - [root] - [INFO] - -------------------------------------------
[2026-01-24 17:43:51,036] - [root] - [INFO] - Processing 1-22-2026 10dpi 152-W2021010-301_R2.png
[2026-01-24 17:44:11,941] - [root] - [INFO] - Finished loading mask: 0m 20s
[2026-01-24 17:44:22,159] - [root] - [INFO] - Finished crop and inference: 0m 31s
[2026-01-24 17:44:23,705] - [root] - [INFO] - Analysis finished: 0m 32s
[2026-01-24 17:44:23,705] - [root] - [INFO] - -------------------------------------------
[2026-01-24 17:44:23,705] - [root] - [INFO] - -------------------------------------------
[2026-01-24 17:44:23,706] - [root] - [INFO] - Processing 1-22-2026 10dpi 152-W2021011-479_R1.png
[2026-01-24 17:44:46,589] - [root] - [INFO] - Finished loading mask: 0m 22s
[2026-01-24 17:45:05,140] - [root] - [INFO] - Finished crop and inference: 0m 41s
[2026-01-24 17:45:06,793] - [root] - [INFO] - Analysis finished: 0m 43s
[2026-01-24 17:45:06,793] - [root] - [INFO] - -------------------------------------------
[2026-01-24 17:45:06,794] - [root] - [INFO] - -------------------------------------------
[2026-01-24 17:45:06,794] - [root] - [INFO] - Processing 1-22-2026 10dpi 162-W2021011-551_R2.png
[2026-01-24 17:45:29,133] - [root] - [INFO] - Finished loading mask: 0m 22s
[2026-01-24 17:45:58,807] - [root] - [INFO] - Finished crop and inference: 0m 52s
[2026-01-24 17:46:00,653] - [root] - [INFO] - Analysis finished: 0m 53s
[2026-01-24 17:46:00,653] - [root] - [INFO] - -------------------------------------------
[2026-01-24 17:46:00,653] - [root] - [INFO] - -------------------------------------------
[2026-01-24 17:46:00,653] - [root] - [INFO] - Processing 1-22-2026 10dpi 166-W2021006-123_R1.png
[2026-01-24 17:46:22,941] - [root] - [INFO] - Finished loading mask: 0m 22s
[2026-01-24 17:46:33,628] - [root] - [INFO] - Finished crop and inference: 0m 32s
[2026-01-24 17:46:35,532] - [root] - [INFO] - Analysis finished: 0m 34s
[2026-01-24 17:46:35,533] - [root] - [INFO] - -------------------------------------------
[2026-01-24 17:46:35,533] - [root] - [INFO] - -------------------------------------------
[2026-01-24 17:46:35,533] - [root] - [INFO] - Processing 1-22-2026 10dpi 166-W2021006-146_R1.png
[2026-01-24 17:46:57,332] - [root] - [INFO] - Finished loading mask: 0m 21s
[2026-01-24 17:47:17,206] - [root] - [INFO] - Finished crop and inference: 0m 41s
[2026-01-24 17:47:18,959] - [root] - [INFO] - Analysis finished: 0m 43s
[2026-01-24 17:47:18,959] - [root] - [INFO] - -------------------------------------------
[2026-01-24 17:47:18,959] - [root] - [INFO] - -------------------------------------------
[2026-01-24 17:47:18,960] - [root] - [INFO] - Processing 1-22-2026 10dpi 166-W2021006-146_R2.png
[2026-01-24 17:47:39,903] - [root] - [INFO] - Finished loading mask: 0m 20s
[2026-01-24 17:47:53,978] - [root] - [INFO] - Finished crop and inference: 0m 35s
[2026-01-24 17:47:55,899] - [root] - [INFO] - Analysis finished: 0m 36s
[2026-01-24 17:47:55,900] - [root] - [INFO] - -------------------------------------------
[2026-01-24 17:47:55,900] - [root] - [INFO] - -------------------------------------------
[2026-01-24 17:47:55,900] - [root] - [INFO] - Processing 1-22-2026 10dpi 171-W2021011-584_R1.png
[2026-01-24 17:48:17,818] - [root] - [INFO] - Finished loading mask: 0m 21s
[2026-01-24 17:48:43,932] - [root] - [INFO] - Finished crop and inference: 0m 48s
[2026-01-24 17:48:45,790] - [root] - [INFO] - Analysis finished: 0m 49s
[2026-01-24 17:48:45,791] - [root] - [INFO] - -------------------------------------------
[2026-01-24 17:48:45,791] - [root] - [INFO] - -------------------------------------------
[2026-01-24 17:48:45,791] - [root] - [INFO] - Processing 1-22-2026 10dpi 181-W2021009-295_R2.png
[2026-01-24 17:49:07,935] - [root] - [INFO] - Finished loading mask: 0m 22s
[2026-01-24 17:49:21,281] - [root] - [INFO] - Finished crop and inference: 0m 35s
[2026-01-24 17:49:23,013] - [root] - [INFO] - Analysis finished: 0m 37s
[2026-01-24 17:49:23,013] - [root] - [INFO] - -------------------------------------------
[2026-01-24 17:49:23,013] - [root] - [INFO] - -------------------------------------------
[2026-01-24 17:49:23,013] - [root] - [INFO] - Processing 1-22-2026 10dpi 182-W2021009-251_R1.png
[2026-01-24 17:49:43,979] - [root] - [INFO] - Finished loading mask: 0m 20s
[2026-01-24 17:49:54,796] - [root] - [INFO] - Finished crop and inference: 0m 31s
[2026-01-24 17:49:56,467] - [root] - [INFO] - Analysis finished: 0m 33s
[2026-01-24 17:49:56,467] - [root] - [INFO] - -------------------------------------------
[2026-01-24 17:49:56,467] - [root] - [INFO] - -------------------------------------------
[2026-01-24 17:49:56,467] - [root] - [INFO] - Processing 1-22-2026 10dpi 192-W2021010-449_R2.png
[2026-01-24 17:50:17,360] - [root] - [INFO] - Finished loading mask: 0m 20s
[2026-01-24 17:50:36,765] - [root] - [INFO] - Finished crop and inference: 0m 40s
[2026-01-24 17:50:38,639] - [root] - [INFO] - Analysis finished: 0m 42s
[2026-01-24 17:50:38,640] - [root] - [INFO] - -------------------------------------------
[2026-01-24 17:50:38,640] - [root] - [INFO] - -------------------------------------------
[2026-01-24 17:50:38,640] - [root] - [INFO] - Processing 1-22-2026 10dpi 206-W2021009-271_R2.png
[2026-01-24 17:51:00,485] - [root] - [INFO] - Finished loading mask: 0m 21s
[2026-01-24 17:51:23,533] - [root] - [INFO] - Finished crop and inference: 0m 44s
[2026-01-24 17:51:25,263] - [root] - [INFO] - Analysis finished: 0m 46s
[2026-01-24 17:51:25,263] - [root] - [INFO] - -------------------------------------------
[2026-01-24 17:51:25,264] - [root] - [INFO] - -------------------------------------------
[2026-01-24 17:51:25,264] - [root] - [INFO] - Processing 1-22-2026 10dpi 207-W2021009-271_R1.png
[2026-01-24 17:51:44,902] - [root] - [INFO] - Finished loading mask: 0m 19s
[2026-01-24 17:51:57,392] - [root] - [INFO] - Finished crop and inference: 0m 32s
[2026-01-24 17:51:59,155] - [root] - [INFO] - Analysis finished: 0m 33s
[2026-01-24 17:51:59,155] - [root] - [INFO] - -------------------------------------------
[2026-01-24 17:51:59,155] - [root] - [INFO] - -------------------------------------------
[2026-01-24 17:51:59,156] - [root] - [INFO] - Processing 1-22-2026 10dpi 233-W2021006-607_R1.png
[2026-01-24 17:52:18,419] - [root] - [INFO] - Finished loading mask: 0m 19s
[2026-01-24 17:52:29,342] - [root] - [INFO] - Finished crop and inference: 0m 30s
[2026-01-24 17:52:30,967] - [root] - [INFO] - Analysis finished: 0m 31s
[2026-01-24 17:52:30,967] - [root] - [INFO] - -------------------------------------------
[2026-01-24 17:52:30,977] - [root] - [INFO] - Saved C:\Users\Intel User\Desktop\blackbird_scripts\data\Results\ResNet_upth0.9_downth0.3_Jan22_10-21-00_2026\1-22-2026\th_0.7\severity_rate_tray_10dpi_u0.9_d0.3_ig0.3_sp0.7_20260124_175159.csv
             timestamp time_elapsed  ... severity_rate_patch Gradient_sr2
0  2026-01-24 17:42:19       0m 35s  ...                3.82          0.1

[1 rows x 26 columns]
             timestamp time_elapsed  ... severity_rate_patch Gradient_sr2
0  2026-01-24 17:42:19       0m 35s  ...                3.82         0.10
1  2026-01-24 17:42:54       0m 56s  ...               98.89         3.03

[2 rows x 26 columns]
             timestamp time_elapsed  ... severity_rate_patch Gradient_sr2
0  2026-01-24 17:42:19       0m 35s  ...                3.82         0.10
1  2026-01-24 17:42:54       0m 56s  ...               98.89         3.03
2  2026-01-24 17:43:51       0m 32s  ...                1.23         0.03

[3 rows x 26 columns]
             timestamp time_elapsed  ... severity_rate_patch Gradient_sr2
0  2026-01-24 17:42:19       0m 35s  ...                3.82         0.10
1  2026-01-24 17:42:54       0m 56s  ...               98.89         3.03
2  2026-01-24 17:43:51       0m 32s  ...                1.23         0.03
3  2026-01-24 17:44:23       0m 43s  ...               42.90         1.23

[4 rows x 26 columns]
             timestamp time_elapsed  ... severity_rate_patch Gradient_sr2
0  2026-01-24 17:42:19       0m 35s  ...                3.82         0.10
1  2026-01-24 17:42:54       0m 56s  ...               98.89         3.03
2  2026-01-24 17:43:51       0m 32s  ...                1.23         0.03
3  2026-01-24 17:44:23       0m 43s  ...               42.90         1.23
4  2026-01-24 17:45:06       0m 53s  ...               82.75         2.32

[5 rows x 26 columns]
             timestamp time_elapsed  ... severity_rate_patch Gradient_sr2
0  2026-01-24 17:42:19       0m 35s  ...                3.82         0.10
1  2026-01-24 17:42:54       0m 56s  ...               98.89         3.03
2  2026-01-24 17:43:51       0m 32s  ...                1.23         0.03
3  2026-01-24 17:44:23       0m 43s  ...               42.90         1.23
4  2026-01-24 17:45:06       0m 53s  ...               82.75         2.32
5  2026-01-24 17:46:00       0m 34s  ...                0.66         0.02

[6 rows x 26 columns]
             timestamp time_elapsed  ... severity_rate_patch Gradient_sr2
0  2026-01-24 17:42:19       0m 35s  ...                3.82         0.10
1  2026-01-24 17:42:54       0m 56s  ...               98.89         3.03
2  2026-01-24 17:43:51       0m 32s  ...                1.23         0.03
3  2026-01-24 17:44:23       0m 43s  ...               42.90         1.23
4  2026-01-24 17:45:06       0m 53s  ...               82.75         2.32
5  2026-01-24 17:46:00       0m 34s  ...                0.66         0.02
6  2026-01-24 17:46:35       0m 43s  ...               52.31         1.48

[7 rows x 26 columns]
             timestamp time_elapsed  ... severity_rate_patch Gradient_sr2
0  2026-01-24 17:42:19       0m 35s  ...                3.82         0.10
1  2026-01-24 17:42:54       0m 56s  ...               98.89         3.03
2  2026-01-24 17:43:51       0m 32s  ...                1.23         0.03
3  2026-01-24 17:44:23       0m 43s  ...               42.90         1.23
4  2026-01-24 17:45:06       0m 53s  ...               82.75         2.32
5  2026-01-24 17:46:00       0m 34s  ...                0.66         0.02
6  2026-01-24 17:46:35       0m 43s  ...               52.31         1.48
7  2026-01-24 17:47:18       0m 36s  ...               15.33         0.41

[8 rows x 26 columns]
             timestamp time_elapsed  ... severity_rate_patch Gradient_sr2
0  2026-01-24 17:42:19       0m 35s  ...                3.82         0.10
1  2026-01-24 17:42:54       0m 56s  ...               98.89         3.03
2  2026-01-24 17:43:51       0m 32s  ...                1.23         0.03
3  2026-01-24 17:44:23       0m 43s  ...               42.90         1.23
4  2026-01-24 17:45:06       0m 53s  ...               82.75         2.32
5  2026-01-24 17:46:00       0m 34s  ...                0.66         0.02
6  2026-01-24 17:46:35       0m 43s  ...               52.31         1.48
7  2026-01-24 17:47:18       0m 36s  ...               15.33         0.41
8  2026-01-24 17:47:55       0m 49s  ...               68.12         1.84

[9 rows x 26 columns]
             timestamp time_elapsed  ... severity_rate_patch Gradient_sr2
0  2026-01-24 17:42:19       0m 35s  ...                3.82         0.10
1  2026-01-24 17:42:54       0m 56s  ...               98.89         3.03
2  2026-01-24 17:43:51       0m 32s  ...                1.23         0.03
3  2026-01-24 17:44:23       0m 43s  ...               42.90         1.23
4  2026-01-24 17:45:06       0m 53s  ...               82.75         2.32
5  2026-01-24 17:46:00       0m 34s  ...                0.66         0.02
6  2026-01-24 17:46:35       0m 43s  ...               52.31         1.48
7  2026-01-24 17:47:18       0m 36s  ...               15.33         0.41
8  2026-01-24 17:47:55       0m 49s  ...               68.12         1.84
9  2026-01-24 17:48:45       0m 37s  ...               25.49         0.69

[10 rows x 26 columns]
              timestamp time_elapsed  ... severity_rate_patch Gradient_sr2
0   2026-01-24 17:42:19       0m 35s  ...                3.82         0.10
1   2026-01-24 17:42:54       0m 56s  ...               98.89         3.03
2   2026-01-24 17:43:51       0m 32s  ...                1.23         0.03
3   2026-01-24 17:44:23       0m 43s  ...               42.90         1.23
4   2026-01-24 17:45:06       0m 53s  ...               82.75         2.32
5   2026-01-24 17:46:00       0m 34s  ...                0.66         0.02
6   2026-01-24 17:46:35       0m 43s  ...               52.31         1.48
7   2026-01-24 17:47:18       0m 36s  ...               15.33         0.41
8   2026-01-24 17:47:55       0m 49s  ...               68.12         1.84
9   2026-01-24 17:48:45       0m 37s  ...               25.49         0.69
10  2026-01-24 17:49:23       0m 33s  ...                5.98         0.16

[11 rows x 26 columns]
              timestamp time_elapsed  ... severity_rate_patch Gradient_sr2
0   2026-01-24 17:42:19       0m 35s  ...                3.82         0.10
1   2026-01-24 17:42:54       0m 56s  ...               98.89         3.03
2   2026-01-24 17:43:51       0m 32s  ...                1.23         0.03
3   2026-01-24 17:44:23       0m 43s  ...               42.90         1.23
4   2026-01-24 17:45:06       0m 53s  ...               82.75         2.32
5   2026-01-24 17:46:00       0m 34s  ...                0.66         0.02
6   2026-01-24 17:46:35       0m 43s  ...               52.31         1.48
7   2026-01-24 17:47:18       0m 36s  ...               15.33         0.41
8   2026-01-24 17:47:55       0m 49s  ...               68.12         1.84
9   2026-01-24 17:48:45       0m 37s  ...               25.49         0.69
10  2026-01-24 17:49:23       0m 33s  ...                5.98         0.16
11  2026-01-24 17:49:56       0m 42s  ...               66.31         1.84

[12 rows x 26 columns]
              timestamp time_elapsed  ... severity_rate_patch Gradient_sr2
0   2026-01-24 17:42:19       0m 35s  ...                3.82         0.10
1   2026-01-24 17:42:54       0m 56s  ...               98.89         3.03
2   2026-01-24 17:43:51       0m 32s  ...                1.23         0.03
3   2026-01-24 17:44:23       0m 43s  ...               42.90         1.23
4   2026-01-24 17:45:06       0m 53s  ...               82.75         2.32
5   2026-01-24 17:46:00       0m 34s  ...                0.66         0.02
6   2026-01-24 17:46:35       0m 43s  ...               52.31         1.48
7   2026-01-24 17:47:18       0m 36s  ...               15.33         0.41
8   2026-01-24 17:47:55       0m 49s  ...               68.12         1.84
9   2026-01-24 17:48:45       0m 37s  ...               25.49         0.69
10  2026-01-24 17:49:23       0m 33s  ...                5.98         0.16
11  2026-01-24 17:49:56       0m 42s  ...               66.31         1.84
12  2026-01-24 17:50:38       0m 46s  ...               83.36         2.38

[13 rows x 26 columns]
              timestamp time_elapsed  ... severity_rate_patch Gradient_sr2
0   2026-01-24 17:42:19       0m 35s  ...                3.82         0.10
1   2026-01-24 17:42:54       0m 56s  ...               98.89         3.03
2   2026-01-24 17:43:51       0m 32s  ...                1.23         0.03
3   2026-01-24 17:44:23       0m 43s  ...               42.90         1.23
4   2026-01-24 17:45:06       0m 53s  ...               82.75         2.32
5   2026-01-24 17:46:00       0m 34s  ...                0.66         0.02
6   2026-01-24 17:46:35       0m 43s  ...               52.31         1.48
7   2026-01-24 17:47:18       0m 36s  ...               15.33         0.41
8   2026-01-24 17:47:55       0m 49s  ...               68.12         1.84
9   2026-01-24 17:48:45       0m 37s  ...               25.49         0.69
10  2026-01-24 17:49:23       0m 33s  ...                5.98         0.16
11  2026-01-24 17:49:56       0m 42s  ...               66.31         1.84
12  2026-01-24 17:50:38       0m 46s  ...               83.36         2.38
13  2026-01-24 17:51:25       0m 33s  ...               39.40         1.06

[14 rows x 26 columns]
              timestamp time_elapsed  ... severity_rate_patch Gradient_sr2
0   2026-01-24 17:42:19       0m 35s  ...                3.82         0.10
1   2026-01-24 17:42:54       0m 56s  ...               98.89         3.03
2   2026-01-24 17:43:51       0m 32s  ...                1.23         0.03
3   2026-01-24 17:44:23       0m 43s  ...               42.90         1.23
4   2026-01-24 17:45:06       0m 53s  ...               82.75         2.32
5   2026-01-24 17:46:00       0m 34s  ...                0.66         0.02
6   2026-01-24 17:46:35       0m 43s  ...               52.31         1.48
7   2026-01-24 17:47:18       0m 36s  ...               15.33         0.41
8   2026-01-24 17:47:55       0m 49s  ...               68.12         1.84
9   2026-01-24 17:48:45       0m 37s  ...               25.49         0.69
10  2026-01-24 17:49:23       0m 33s  ...                5.98         0.16
11  2026-01-24 17:49:56       0m 42s  ...               66.31         1.84
12  2026-01-24 17:50:38       0m 46s  ...               83.36         2.38
13  2026-01-24 17:51:25       0m 33s  ...               39.40         1.06
14  2026-01-24 17:51:59       0m 31s  ...               19.00         0.48

[15 rows x 26 columns]

real	10m20.056s
user	0m0.000s
sys	0m0.016s
