[2026-01-24 17:32:38,328] - [root] - [INFO] - leaf_correlation_mw.py
[2026-01-24 17:32:38,328] - [root] - [INFO] - model_type       : ResNet
[2026-01-24 17:32:38,328] - [root] - [INFO] - pretrained       : True
[2026-01-24 17:32:38,328] - [root] - [INFO] - loading_epoch    : 65
[2026-01-24 17:32:38,328] - [root] - [INFO] - timestamp        : Jan22_10-21-00_2026
[2026-01-24 17:32:38,328] - [root] - [INFO] - outdim           : 2
[2026-01-24 17:32:38,328] - [root] - [INFO] - dual_head        : True
[2026-01-24 17:32:38,328] - [root] - [INFO] - model_path       : ../..
[2026-01-24 17:32:38,328] - [root] - [INFO] - step_size        : 224
[2026-01-24 17:32:38,328] - [root] - [INFO] - means            : [0.541, 0.6371, 0.4188]
[2026-01-24 17:32:38,329] - [root] - [INFO] - stds             : [0.1764, 0.165, 0.2326]
[2026-01-24 17:32:38,329] - [root] - [INFO] - target_class     : 1
[2026-01-24 17:32:38,329] - [root] - [INFO] - contam_control   : False
[2026-01-24 17:32:38,329] - [root] - [INFO] - spor_th          : 0.7
[2026-01-24 17:32:38,329] - [root] - [INFO] - inf_gate         : 0.3
[2026-01-24 17:32:38,329] - [root] - [INFO] - pm               : HPM-1269
[2026-01-24 17:32:38,329] - [root] - [INFO] - mps              : False
[2026-01-24 17:32:38,329] - [root] - [INFO] - cuda             : True
[2026-01-24 17:32:38,329] - [root] - [INFO] - cuda_id          : 0
[2026-01-24 17:32:38,329] - [root] - [INFO] - sal_threshold    : 0.5
[2026-01-24 17:32:38,329] - [root] - [INFO] - up_threshold     : 0.9
[2026-01-24 17:32:38,329] - [root] - [INFO] - down_threshold   : 0.1
[2026-01-24 17:32:38,329] - [root] - [INFO] - dataset_path     : C:/Users/Intel User/Desktop/blackbird_scripts/data/human_disk_assessments
[2026-01-24 17:32:38,329] - [root] - [INFO] - img_folder       : 1-22-2026
[2026-01-24 17:32:38,329] - [root] - [INFO] - platform         : BlackBird
[2026-01-24 17:32:38,329] - [root] - [INFO] - threshold        : ['0.7']
[2026-01-24 17:32:38,329] - [root] - [INFO] - log              : ../../results/logs/random.log
[2026-01-24 17:32:38,329] - [root] - [INFO] - dpi              : 5
[2026-01-24 17:32:38,329] - [root] - [INFO] - group            : baseline
[2026-01-24 17:32:38,330] - [root] - [INFO] - trays            : ['5dpi']
[2026-01-24 17:32:38,330] - [root] - [INFO] - sal_gradcam      : False
[2026-01-24 17:32:38,330] - [root] - [INFO] - sal_gradient     : True
[2026-01-24 17:32:38,330] - [root] - [INFO] - sal_smoothgrad   : False
[2026-01-24 17:32:38,330] - [root] - [INFO] - sal_deeplift     : False
[2026-01-24 17:32:38,330] - [root] - [INFO] - sal_thresh_method : fixed
[2026-01-24 17:32:38,330] - [root] - [INFO] - sal_thresh_p     : 95.0
[2026-01-24 17:32:39,505] - [root] - [INFO] - -------------------------------------------
[2026-01-24 17:32:39,505] - [root] - [INFO] - Processing 1-22-2026 5dpi 005-W2021011-592_R2.png
[2026-01-24 17:32:55,960] - [root] - [INFO] - Finished loading mask: 0m 16s
[2026-01-24 17:33:09,063] - [root] - [INFO] - Finished crop and inference: 0m 29s
[2026-01-24 17:33:13,350] - [root] - [INFO] - Analysis finished: 0m 33s
[2026-01-24 17:33:13,353] - [root] - [INFO] - -------------------------------------------
[2026-01-24 17:33:13,354] - [root] - [INFO] - -------------------------------------------
[2026-01-24 17:33:13,354] - [root] - [INFO] - Processing 1-22-2026 5dpi 022-W2021009-198_R2.png
[2026-01-24 17:33:29,944] - [root] - [INFO] - Finished loading mask: 0m 16s
[2026-01-24 17:33:45,324] - [root] - [INFO] - Finished crop and inference: 0m 31s
[2026-01-24 17:33:48,025] - [root] - [INFO] - Analysis finished: 0m 34s
[2026-01-24 17:33:48,025] - [root] - [INFO] - -------------------------------------------
[2026-01-24 17:33:48,025] - [root] - [INFO] - -------------------------------------------
[2026-01-24 17:33:48,025] - [root] - [INFO] - Processing 1-22-2026 5dpi 047-W2021011-482_R1.png
[2026-01-24 17:34:04,734] - [root] - [INFO] - Finished loading mask: 0m 16s
[2026-01-24 17:34:24,307] - [root] - [INFO] - Finished crop and inference: 0m 36s
[2026-01-24 17:34:26,363] - [root] - [INFO] - Analysis finished: 0m 38s
[2026-01-24 17:34:26,363] - [root] - [INFO] - -------------------------------------------
[2026-01-24 17:34:26,363] - [root] - [INFO] - -------------------------------------------
[2026-01-24 17:34:26,363] - [root] - [INFO] - Processing 1-22-2026 5dpi 055-W2021010-397_R2.png
[2026-01-24 17:34:43,434] - [root] - [INFO] - Finished loading mask: 0m 17s
[2026-01-24 17:34:57,813] - [root] - [INFO] - Finished crop and inference: 0m 31s
[2026-01-24 17:34:59,758] - [root] - [INFO] - Analysis finished: 0m 33s
[2026-01-24 17:34:59,758] - [root] - [INFO] - -------------------------------------------
[2026-01-24 17:34:59,758] - [root] - [INFO] - -------------------------------------------
[2026-01-24 17:34:59,758] - [root] - [INFO] - Processing 1-22-2026 5dpi 121-W2021009-185_R1.png
[2026-01-24 17:35:22,103] - [root] - [INFO] - Finished loading mask: 0m 22s
[2026-01-24 17:35:34,928] - [root] - [INFO] - Finished crop and inference: 0m 35s
[2026-01-24 17:35:36,827] - [root] - [INFO] - Analysis finished: 0m 37s
[2026-01-24 17:35:36,827] - [root] - [INFO] - -------------------------------------------
[2026-01-24 17:35:36,827] - [root] - [INFO] - -------------------------------------------
[2026-01-24 17:35:36,828] - [root] - [INFO] - Processing 1-22-2026 5dpi 128-W2021006-013_R1.png
[2026-01-24 17:35:59,750] - [root] - [INFO] - Finished loading mask: 0m 22s
[2026-01-24 17:36:24,469] - [root] - [INFO] - Finished crop and inference: 0m 47s
[2026-01-24 17:36:26,259] - [root] - [INFO] - Analysis finished: 0m 49s
[2026-01-24 17:36:26,259] - [root] - [INFO] - -------------------------------------------
[2026-01-24 17:36:26,259] - [root] - [INFO] - -------------------------------------------
[2026-01-24 17:36:26,259] - [root] - [INFO] - Processing 1-22-2026 5dpi 149-W2021010-417_R1.png
[2026-01-24 17:36:49,362] - [root] - [INFO] - Finished loading mask: 0m 23s
[2026-01-24 17:37:03,468] - [root] - [INFO] - Finished crop and inference: 0m 37s
[2026-01-24 17:37:05,248] - [root] - [INFO] - Analysis finished: 0m 38s
[2026-01-24 17:37:05,248] - [root] - [INFO] - -------------------------------------------
[2026-01-24 17:37:05,248] - [root] - [INFO] - -------------------------------------------
[2026-01-24 17:37:05,248] - [root] - [INFO] - Processing 1-22-2026 5dpi 156-W2021009-276_R2.png
[2026-01-24 17:37:26,152] - [root] - [INFO] - Finished loading mask: 0m 20s
[2026-01-24 17:37:39,738] - [root] - [INFO] - Finished crop and inference: 0m 34s
[2026-01-24 17:37:41,335] - [root] - [INFO] - Analysis finished: 0m 36s
[2026-01-24 17:37:41,335] - [root] - [INFO] - -------------------------------------------
[2026-01-24 17:37:41,335] - [root] - [INFO] - -------------------------------------------
[2026-01-24 17:37:41,335] - [root] - [INFO] - Processing 1-22-2026 5dpi 172-W2021011-557_R2.png
[2026-01-24 17:38:00,756] - [root] - [INFO] - Finished loading mask: 0m 19s
[2026-01-24 17:38:14,441] - [root] - [INFO] - Finished crop and inference: 0m 33s
[2026-01-24 17:38:16,073] - [root] - [INFO] - Analysis finished: 0m 34s
[2026-01-24 17:38:16,073] - [root] - [INFO] - -------------------------------------------
[2026-01-24 17:38:16,073] - [root] - [INFO] - -------------------------------------------
[2026-01-24 17:38:16,073] - [root] - [INFO] - Processing 1-22-2026 5dpi 180-W2021011-476_R2.png
[2026-01-24 17:38:35,455] - [root] - [INFO] - Finished loading mask: 0m 19s
[2026-01-24 17:38:58,360] - [root] - [INFO] - Finished crop and inference: 0m 42s
[2026-01-24 17:39:00,005] - [root] - [INFO] - Analysis finished: 0m 43s
[2026-01-24 17:39:00,005] - [root] - [INFO] - -------------------------------------------
[2026-01-24 17:39:00,005] - [root] - [INFO] - -------------------------------------------
[2026-01-24 17:39:00,005] - [root] - [INFO] - Processing 1-22-2026 5dpi 183-W2021009-295_R1.png
[2026-01-24 17:39:20,004] - [root] - [INFO] - Finished loading mask: 0m 19s
[2026-01-24 17:39:29,524] - [root] - [INFO] - Finished crop and inference: 0m 29s
[2026-01-24 17:39:31,267] - [root] - [INFO] - Analysis finished: 0m 31s
[2026-01-24 17:39:31,267] - [root] - [INFO] - -------------------------------------------
[2026-01-24 17:39:31,267] - [root] - [INFO] - -------------------------------------------
[2026-01-24 17:39:31,267] - [root] - [INFO] - Processing 1-22-2026 5dpi 187-W2021010-348_R2.png
[2026-01-24 17:39:51,559] - [root] - [INFO] - Finished loading mask: 0m 20s
[2026-01-24 17:40:21,893] - [root] - [INFO] - Finished crop and inference: 0m 50s
[2026-01-24 17:40:23,814] - [root] - [INFO] - Analysis finished: 0m 52s
[2026-01-24 17:40:23,815] - [root] - [INFO] - -------------------------------------------
[2026-01-24 17:40:23,815] - [root] - [INFO] - -------------------------------------------
[2026-01-24 17:40:23,815] - [root] - [INFO] - Processing 1-22-2026 5dpi 206-W2021010-344_R1.png
[2026-01-24 17:40:48,541] - [root] - [INFO] - Finished loading mask: 0m 24s
[2026-01-24 17:41:01,906] - [root] - [INFO] - Finished crop and inference: 0m 38s
[2026-01-24 17:41:03,890] - [root] - [INFO] - Analysis finished: 0m 40s
[2026-01-24 17:41:03,890] - [root] - [INFO] - -------------------------------------------
[2026-01-24 17:41:03,891] - [root] - [INFO] - -------------------------------------------
[2026-01-24 17:41:03,891] - [root] - [INFO] - Processing 1-22-2026 5dpi 208-W2021009-268_R2.png
[2026-01-24 17:41:26,865] - [root] - [INFO] - Finished loading mask: 0m 22s
[2026-01-24 17:41:41,704] - [root] - [INFO] - Finished crop and inference: 0m 37s
[2026-01-24 17:41:43,440] - [root] - [INFO] - Analysis finished: 0m 39s
[2026-01-24 17:41:43,440] - [root] - [INFO] - -------------------------------------------
[2026-01-24 17:41:43,440] - [root] - [INFO] - -------------------------------------------
[2026-01-24 17:41:43,440] - [root] - [INFO] - Processing 1-22-2026 5dpi 254-W2021010-352_R2.png
[2026-01-24 17:42:05,227] - [root] - [INFO] - Finished loading mask: 0m 21s
[2026-01-24 17:42:13,643] - [root] - [INFO] - Finished crop and inference: 0m 30s
[2026-01-24 17:42:15,477] - [root] - [INFO] - Analysis finished: 0m 32s
[2026-01-24 17:42:15,477] - [root] - [INFO] - -------------------------------------------
[2026-01-24 17:42:15,500] - [root] - [INFO] - Saved C:\Users\Intel User\Desktop\blackbird_scripts\data\Results\ResNet_upth0.9_downth0.1_Jan22_10-21-00_2026\1-22-2026\th_0.7\severity_rate_tray_5dpi_u0.9_d0.1_ig0.3_sp0.7_20260124_174143.csv
             timestamp time_elapsed  ... severity_rate_patch Gradient_sr2
0  2026-01-24 17:32:39       0m 33s  ...                0.85         0.02

[1 rows x 26 columns]
             timestamp time_elapsed  ... severity_rate_patch Gradient_sr2
0  2026-01-24 17:32:39       0m 33s  ...                0.85         0.02
1  2026-01-24 17:33:13       0m 34s  ...               11.50         0.24

[2 rows x 26 columns]
             timestamp time_elapsed  ... severity_rate_patch Gradient_sr2
0  2026-01-24 17:32:39       0m 33s  ...                0.85         0.02
1  2026-01-24 17:33:13       0m 34s  ...               11.50         0.24
2  2026-01-24 17:33:48       0m 38s  ...               39.57         1.06

[3 rows x 26 columns]
             timestamp time_elapsed  ... severity_rate_patch Gradient_sr2
0  2026-01-24 17:32:39       0m 33s  ...                0.85         0.02
1  2026-01-24 17:33:13       0m 34s  ...               11.50         0.24
2  2026-01-24 17:33:48       0m 38s  ...               39.57         1.06
3  2026-01-24 17:34:26       0m 33s  ...                7.39         0.18

[4 rows x 26 columns]
             timestamp time_elapsed  ... severity_rate_patch Gradient_sr2
0  2026-01-24 17:32:39       0m 33s  ...                0.85         0.02
1  2026-01-24 17:33:13       0m 34s  ...               11.50         0.24
2  2026-01-24 17:33:48       0m 38s  ...               39.57         1.06
3  2026-01-24 17:34:26       0m 33s  ...                7.39         0.18
4  2026-01-24 17:34:59       0m 37s  ...                6.50         0.16

[5 rows x 26 columns]
             timestamp time_elapsed  ... severity_rate_patch Gradient_sr2
0  2026-01-24 17:32:39       0m 33s  ...                0.85         0.02
1  2026-01-24 17:33:13       0m 34s  ...               11.50         0.24
2  2026-01-24 17:33:48       0m 38s  ...               39.57         1.06
3  2026-01-24 17:34:26       0m 33s  ...                7.39         0.18
4  2026-01-24 17:34:59       0m 37s  ...                6.50         0.16
5  2026-01-24 17:35:36       0m 49s  ...               75.98         1.87

[6 rows x 26 columns]
             timestamp time_elapsed  ... severity_rate_patch Gradient_sr2
0  2026-01-24 17:32:39       0m 33s  ...                0.85         0.02
1  2026-01-24 17:33:13       0m 34s  ...               11.50         0.24
2  2026-01-24 17:33:48       0m 38s  ...               39.57         1.06
3  2026-01-24 17:34:26       0m 33s  ...                7.39         0.18
4  2026-01-24 17:34:59       0m 37s  ...                6.50         0.16
5  2026-01-24 17:35:36       0m 49s  ...               75.98         1.87
6  2026-01-24 17:36:26       0m 38s  ...               10.32         0.27

[7 rows x 26 columns]
             timestamp time_elapsed  ... severity_rate_patch Gradient_sr2
0  2026-01-24 17:32:39       0m 33s  ...                0.85         0.02
1  2026-01-24 17:33:13       0m 34s  ...               11.50         0.24
2  2026-01-24 17:33:48       0m 38s  ...               39.57         1.06
3  2026-01-24 17:34:26       0m 33s  ...                7.39         0.18
4  2026-01-24 17:34:59       0m 37s  ...                6.50         0.16
5  2026-01-24 17:35:36       0m 49s  ...               75.98         1.87
6  2026-01-24 17:36:26       0m 38s  ...               10.32         0.27
7  2026-01-24 17:37:05       0m 36s  ...                6.01         0.15

[8 rows x 26 columns]
             timestamp time_elapsed  ... severity_rate_patch Gradient_sr2
0  2026-01-24 17:32:39       0m 33s  ...                0.85         0.02
1  2026-01-24 17:33:13       0m 34s  ...               11.50         0.24
2  2026-01-24 17:33:48       0m 38s  ...               39.57         1.06
3  2026-01-24 17:34:26       0m 33s  ...                7.39         0.18
4  2026-01-24 17:34:59       0m 37s  ...                6.50         0.16
5  2026-01-24 17:35:36       0m 49s  ...               75.98         1.87
6  2026-01-24 17:36:26       0m 38s  ...               10.32         0.27
7  2026-01-24 17:37:05       0m 36s  ...                6.01         0.15
8  2026-01-24 17:37:41       0m 34s  ...                7.21         0.20

[9 rows x 26 columns]
             timestamp time_elapsed  ... severity_rate_patch Gradient_sr2
0  2026-01-24 17:32:39       0m 33s  ...                0.85         0.02
1  2026-01-24 17:33:13       0m 34s  ...               11.50         0.24
2  2026-01-24 17:33:48       0m 38s  ...               39.57         1.06
3  2026-01-24 17:34:26       0m 33s  ...                7.39         0.18
4  2026-01-24 17:34:59       0m 37s  ...                6.50         0.16
5  2026-01-24 17:35:36       0m 49s  ...               75.98         1.87
6  2026-01-24 17:36:26       0m 38s  ...               10.32         0.27
7  2026-01-24 17:37:05       0m 36s  ...                6.01         0.15
8  2026-01-24 17:37:41       0m 34s  ...                7.21         0.20
9  2026-01-24 17:38:16       0m 43s  ...               77.32         1.90

[10 rows x 26 columns]
              timestamp time_elapsed  ... severity_rate_patch Gradient_sr2
0   2026-01-24 17:32:39       0m 33s  ...                0.85         0.02
1   2026-01-24 17:33:13       0m 34s  ...               11.50         0.24
2   2026-01-24 17:33:48       0m 38s  ...               39.57         1.06
3   2026-01-24 17:34:26       0m 33s  ...                7.39         0.18
4   2026-01-24 17:34:59       0m 37s  ...                6.50         0.16
5   2026-01-24 17:35:36       0m 49s  ...               75.98         1.87
6   2026-01-24 17:36:26       0m 38s  ...               10.32         0.27
7   2026-01-24 17:37:05       0m 36s  ...                6.01         0.15
8   2026-01-24 17:37:41       0m 34s  ...                7.21         0.20
9   2026-01-24 17:38:16       0m 43s  ...               77.32         1.90
10  2026-01-24 17:39:00       0m 31s  ...                4.88         0.12

[11 rows x 26 columns]
              timestamp time_elapsed  ... severity_rate_patch Gradient_sr2
0   2026-01-24 17:32:39       0m 33s  ...                0.85         0.02
1   2026-01-24 17:33:13       0m 34s  ...               11.50         0.24
2   2026-01-24 17:33:48       0m 38s  ...               39.57         1.06
3   2026-01-24 17:34:26       0m 33s  ...                7.39         0.18
4   2026-01-24 17:34:59       0m 37s  ...                6.50         0.16
5   2026-01-24 17:35:36       0m 49s  ...               75.98         1.87
6   2026-01-24 17:36:26       0m 38s  ...               10.32         0.27
7   2026-01-24 17:37:05       0m 36s  ...                6.01         0.15
8   2026-01-24 17:37:41       0m 34s  ...                7.21         0.20
9   2026-01-24 17:38:16       0m 43s  ...               77.32         1.90
10  2026-01-24 17:39:00       0m 31s  ...                4.88         0.12
11  2026-01-24 17:39:31       0m 52s  ...               84.22         2.24

[12 rows x 26 columns]
              timestamp time_elapsed  ... severity_rate_patch Gradient_sr2
0   2026-01-24 17:32:39       0m 33s  ...                0.85         0.02
1   2026-01-24 17:33:13       0m 34s  ...               11.50         0.24
2   2026-01-24 17:33:48       0m 38s  ...               39.57         1.06
3   2026-01-24 17:34:26       0m 33s  ...                7.39         0.18
4   2026-01-24 17:34:59       0m 37s  ...                6.50         0.16
5   2026-01-24 17:35:36       0m 49s  ...               75.98         1.87
6   2026-01-24 17:36:26       0m 38s  ...               10.32         0.27
7   2026-01-24 17:37:05       0m 36s  ...                6.01         0.15
8   2026-01-24 17:37:41       0m 34s  ...                7.21         0.20
9   2026-01-24 17:38:16       0m 43s  ...               77.32         1.90
10  2026-01-24 17:39:00       0m 31s  ...                4.88         0.12
11  2026-01-24 17:39:31       0m 52s  ...               84.22         2.24
12  2026-01-24 17:40:23       0m 40s  ...                3.04         0.07

[13 rows x 26 columns]
              timestamp time_elapsed  ... severity_rate_patch Gradient_sr2
0   2026-01-24 17:32:39       0m 33s  ...                0.85         0.02
1   2026-01-24 17:33:13       0m 34s  ...               11.50         0.24
2   2026-01-24 17:33:48       0m 38s  ...               39.57         1.06
3   2026-01-24 17:34:26       0m 33s  ...                7.39         0.18
4   2026-01-24 17:34:59       0m 37s  ...                6.50         0.16
5   2026-01-24 17:35:36       0m 49s  ...               75.98         1.87
6   2026-01-24 17:36:26       0m 38s  ...               10.32         0.27
7   2026-01-24 17:37:05       0m 36s  ...                6.01         0.15
8   2026-01-24 17:37:41       0m 34s  ...                7.21         0.20
9   2026-01-24 17:38:16       0m 43s  ...               77.32         1.90
10  2026-01-24 17:39:00       0m 31s  ...                4.88         0.12
11  2026-01-24 17:39:31       0m 52s  ...               84.22         2.24
12  2026-01-24 17:40:23       0m 40s  ...                3.04         0.07
13  2026-01-24 17:41:03       0m 39s  ...               28.71         0.67

[14 rows x 26 columns]
              timestamp time_elapsed  ... severity_rate_patch Gradient_sr2
0   2026-01-24 17:32:39       0m 33s  ...                0.85         0.02
1   2026-01-24 17:33:13       0m 34s  ...               11.50         0.24
2   2026-01-24 17:33:48       0m 38s  ...               39.57         1.06
3   2026-01-24 17:34:26       0m 33s  ...                7.39         0.18
4   2026-01-24 17:34:59       0m 37s  ...                6.50         0.16
5   2026-01-24 17:35:36       0m 49s  ...               75.98         1.87
6   2026-01-24 17:36:26       0m 38s  ...               10.32         0.27
7   2026-01-24 17:37:05       0m 36s  ...                6.01         0.15
8   2026-01-24 17:37:41       0m 34s  ...                7.21         0.20
9   2026-01-24 17:38:16       0m 43s  ...               77.32         1.90
10  2026-01-24 17:39:00       0m 31s  ...                4.88         0.12
11  2026-01-24 17:39:31       0m 52s  ...               84.22         2.24
12  2026-01-24 17:40:23       0m 40s  ...                3.04         0.07
13  2026-01-24 17:41:03       0m 39s  ...               28.71         0.67
14  2026-01-24 17:41:43       0m 31s  ...                0.93         0.02

[15 rows x 26 columns]

real	9m43.947s
user	0m0.000s
sys	0m0.000s
