[2026-01-23 19:50:15,104] - [root] - [INFO] - leaf_correlation_mw.py
[2026-01-23 19:50:15,104] - [root] - [INFO] - model_type       : ResNet
[2026-01-23 19:50:15,104] - [root] - [INFO] - pretrained       : True
[2026-01-23 19:50:15,104] - [root] - [INFO] - loading_epoch    : 65
[2026-01-23 19:50:15,104] - [root] - [INFO] - timestamp        : Jan22_10-21-00_2026
[2026-01-23 19:50:15,104] - [root] - [INFO] - outdim           : 2
[2026-01-23 19:50:15,104] - [root] - [INFO] - dual_head        : True
[2026-01-23 19:50:15,105] - [root] - [INFO] - model_path       : ../..
[2026-01-23 19:50:15,105] - [root] - [INFO] - step_size        : 224
[2026-01-23 19:50:15,105] - [root] - [INFO] - means            : [0.541, 0.6371, 0.4188]
[2026-01-23 19:50:15,105] - [root] - [INFO] - stds             : [0.1764, 0.165, 0.2326]
[2026-01-23 19:50:15,105] - [root] - [INFO] - target_class     : 1
[2026-01-23 19:50:15,105] - [root] - [INFO] - contam_control   : False
[2026-01-23 19:50:15,105] - [root] - [INFO] - spor_th          : 0.8
[2026-01-23 19:50:15,105] - [root] - [INFO] - inf_gate         : 0.6
[2026-01-23 19:50:15,105] - [root] - [INFO] - pm               : HPM-1269
[2026-01-23 19:50:15,105] - [root] - [INFO] - mps              : False
[2026-01-23 19:50:15,105] - [root] - [INFO] - cuda             : True
[2026-01-23 19:50:15,105] - [root] - [INFO] - cuda_id          : 0
[2026-01-23 19:50:15,105] - [root] - [INFO] - sal_threshold    : 0.5
[2026-01-23 19:50:15,105] - [root] - [INFO] - up_threshold     : 0.9
[2026-01-23 19:50:15,106] - [root] - [INFO] - down_threshold   : 0.3
[2026-01-23 19:50:15,106] - [root] - [INFO] - dataset_path     : C:/Users/Intel User/Desktop/blackbird_scripts/data/human_disk_assessments
[2026-01-23 19:50:15,106] - [root] - [INFO] - img_folder       : 1-22-2026
[2026-01-23 19:50:15,106] - [root] - [INFO] - platform         : BlackBird
[2026-01-23 19:50:15,106] - [root] - [INFO] - threshold        : ['0.7']
[2026-01-23 19:50:15,106] - [root] - [INFO] - log              : ../../results/logs/random.log
[2026-01-23 19:50:15,106] - [root] - [INFO] - dpi              : 5
[2026-01-23 19:50:15,106] - [root] - [INFO] - group            : baseline
[2026-01-23 19:50:15,106] - [root] - [INFO] - trays            : ['5dpi']
[2026-01-23 19:50:15,106] - [root] - [INFO] - sal_gradcam      : False
[2026-01-23 19:50:15,106] - [root] - [INFO] - sal_gradient     : True
[2026-01-23 19:50:15,106] - [root] - [INFO] - sal_smoothgrad   : False
[2026-01-23 19:50:15,106] - [root] - [INFO] - sal_deeplift     : False
[2026-01-23 19:50:15,106] - [root] - [INFO] - sal_thresh_method : fixed
[2026-01-23 19:50:15,106] - [root] - [INFO] - sal_thresh_p     : 95.0
[2026-01-23 19:50:16,135] - [root] - [INFO] - -------------------------------------------
[2026-01-23 19:50:16,136] - [root] - [INFO] - Processing 1-22-2026 5dpi 015-W2021009-160_R1.png
[2026-01-23 19:50:36,875] - [root] - [INFO] - Finished loading mask: 0m 20s
[2026-01-23 19:50:49,140] - [root] - [INFO] - Finished crop and inference: 0m 33s
[2026-01-23 19:50:50,591] - [root] - [INFO] - Analysis finished: 0m 34s
[2026-01-23 19:50:50,591] - [root] - [INFO] - -------------------------------------------
[2026-01-23 19:50:50,591] - [root] - [INFO] - -------------------------------------------
[2026-01-23 19:50:50,592] - [root] - [INFO] - Processing 1-22-2026 5dpi 015-W2021011-633_R1.png
[2026-01-23 19:51:11,607] - [root] - [INFO] - Finished loading mask: 0m 21s
[2026-01-23 19:51:23,648] - [root] - [INFO] - Finished crop and inference: 0m 33s
[2026-01-23 19:51:25,318] - [root] - [INFO] - Analysis finished: 0m 34s
[2026-01-23 19:51:25,318] - [root] - [INFO] - -------------------------------------------
[2026-01-23 19:51:25,318] - [root] - [INFO] - -------------------------------------------
[2026-01-23 19:51:25,318] - [root] - [INFO] - Processing 1-22-2026 5dpi 019-W2021010-428_R2.png
[2026-01-23 19:51:46,624] - [root] - [INFO] - Finished loading mask: 0m 21s
[2026-01-23 19:51:54,840] - [root] - [INFO] - Finished crop and inference: 0m 29s
[2026-01-23 19:51:56,491] - [root] - [INFO] - Analysis finished: 0m 31s
[2026-01-23 19:51:56,491] - [root] - [INFO] - -------------------------------------------
[2026-01-23 19:51:56,491] - [root] - [INFO] - -------------------------------------------
[2026-01-23 19:51:56,491] - [root] - [INFO] - Processing 1-22-2026 5dpi 021-W2021009-175_R1.png
[2026-01-23 19:52:17,151] - [root] - [INFO] - Finished loading mask: 0m 20s
[2026-01-23 19:52:26,526] - [root] - [INFO] - Finished crop and inference: 0m 30s
[2026-01-23 19:52:28,251] - [root] - [INFO] - Analysis finished: 0m 31s
[2026-01-23 19:52:28,251] - [root] - [INFO] - -------------------------------------------
[2026-01-23 19:52:28,251] - [root] - [INFO] - -------------------------------------------
[2026-01-23 19:52:28,251] - [root] - [INFO] - Processing 1-22-2026 5dpi 022-W2021009-198_R2.png
[2026-01-23 19:52:49,791] - [root] - [INFO] - Finished loading mask: 0m 21s
[2026-01-23 19:53:00,139] - [root] - [INFO] - Finished crop and inference: 0m 31s
[2026-01-23 19:53:01,718] - [root] - [INFO] - Analysis finished: 0m 33s
[2026-01-23 19:53:01,718] - [root] - [INFO] - -------------------------------------------
[2026-01-23 19:53:01,718] - [root] - [INFO] - -------------------------------------------
[2026-01-23 19:53:01,718] - [root] - [INFO] - Processing 1-22-2026 5dpi 036-W2021006-047_R2.png
[2026-01-23 19:53:23,080] - [root] - [INFO] - Finished loading mask: 0m 21s
[2026-01-23 19:53:31,839] - [root] - [INFO] - Finished crop and inference: 0m 30s
[2026-01-23 19:53:33,511] - [root] - [INFO] - Analysis finished: 0m 31s
[2026-01-23 19:53:33,511] - [root] - [INFO] - -------------------------------------------
[2026-01-23 19:53:33,511] - [root] - [INFO] - -------------------------------------------
[2026-01-23 19:53:33,511] - [root] - [INFO] - Processing 1-22-2026 5dpi 060-W2021010-324_R2.png
[2026-01-23 19:53:54,747] - [root] - [INFO] - Finished loading mask: 0m 21s
[2026-01-23 19:54:03,567] - [root] - [INFO] - Finished crop and inference: 0m 30s
[2026-01-23 19:54:05,225] - [root] - [INFO] - Analysis finished: 0m 31s
[2026-01-23 19:54:05,226] - [root] - [INFO] - -------------------------------------------
[2026-01-23 19:54:05,226] - [root] - [INFO] - -------------------------------------------
[2026-01-23 19:54:05,226] - [root] - [INFO] - Processing 1-22-2026 5dpi 099-W2021006-611_R2.png
[2026-01-23 19:54:26,800] - [root] - [INFO] - Finished loading mask: 0m 21s
[2026-01-23 19:54:41,470] - [root] - [INFO] - Finished crop and inference: 0m 36s
[2026-01-23 19:54:43,149] - [root] - [INFO] - Analysis finished: 0m 37s
[2026-01-23 19:54:43,149] - [root] - [INFO] - -------------------------------------------
[2026-01-23 19:54:43,149] - [root] - [INFO] - -------------------------------------------
[2026-01-23 19:54:43,149] - [root] - [INFO] - Processing 1-22-2026 5dpi 123-W2021009-255_R2.png
[2026-01-23 19:55:04,387] - [root] - [INFO] - Finished loading mask: 0m 21s
[2026-01-23 19:55:14,441] - [root] - [INFO] - Finished crop and inference: 0m 31s
[2026-01-23 19:55:16,080] - [root] - [INFO] - Analysis finished: 0m 32s
[2026-01-23 19:55:16,081] - [root] - [INFO] - -------------------------------------------
[2026-01-23 19:55:16,081] - [root] - [INFO] - -------------------------------------------
[2026-01-23 19:55:16,081] - [root] - [INFO] - Processing 1-22-2026 5dpi 141-W2021009-274_R1.png
[2026-01-23 19:55:37,152] - [root] - [INFO] - Finished loading mask: 0m 21s
[2026-01-23 19:56:01,434] - [root] - [INFO] - Finished crop and inference: 0m 45s
[2026-01-23 19:56:03,123] - [root] - [INFO] - Analysis finished: 0m 47s
[2026-01-23 19:56:03,123] - [root] - [INFO] - -------------------------------------------
[2026-01-23 19:56:03,123] - [root] - [INFO] - -------------------------------------------
[2026-01-23 19:56:03,123] - [root] - [INFO] - Processing 1-22-2026 5dpi 173-W2021006-127_R2.png
[2026-01-23 19:56:24,661] - [root] - [INFO] - Finished loading mask: 0m 21s
[2026-01-23 19:56:33,671] - [root] - [INFO] - Finished crop and inference: 0m 30s
[2026-01-23 19:56:35,368] - [root] - [INFO] - Analysis finished: 0m 32s
[2026-01-23 19:56:35,368] - [root] - [INFO] - -------------------------------------------
[2026-01-23 19:56:35,369] - [root] - [INFO] - -------------------------------------------
[2026-01-23 19:56:35,369] - [root] - [INFO] - Processing 1-22-2026 5dpi 191-W2021010-449_R1.png
[2026-01-23 19:56:56,256] - [root] - [INFO] - Finished loading mask: 0m 20s
[2026-01-23 19:57:08,412] - [root] - [INFO] - Finished crop and inference: 0m 33s
[2026-01-23 19:57:10,098] - [root] - [INFO] - Analysis finished: 0m 34s
[2026-01-23 19:57:10,099] - [root] - [INFO] - -------------------------------------------
[2026-01-23 19:57:10,099] - [root] - [INFO] - -------------------------------------------
[2026-01-23 19:57:10,099] - [root] - [INFO] - Processing 1-22-2026 5dpi 254-W2021010-352_R2.png
[2026-01-23 19:57:30,685] - [root] - [INFO] - Finished loading mask: 0m 20s
[2026-01-23 19:57:38,301] - [root] - [INFO] - Finished crop and inference: 0m 28s
[2026-01-23 19:57:40,334] - [root] - [INFO] - Analysis finished: 0m 30s
[2026-01-23 19:57:40,334] - [root] - [INFO] - -------------------------------------------
[2026-01-23 19:57:40,334] - [root] - [INFO] - -------------------------------------------
[2026-01-23 19:57:40,334] - [root] - [INFO] - Processing 1-22-2026 5dpi 266-W2021009-193_R1.png
[2026-01-23 19:58:02,781] - [root] - [INFO] - Finished loading mask: 0m 22s
[2026-01-23 19:58:12,055] - [root] - [INFO] - Finished crop and inference: 0m 31s
[2026-01-23 19:58:13,561] - [root] - [INFO] - Analysis finished: 0m 33s
[2026-01-23 19:58:13,561] - [root] - [INFO] - -------------------------------------------
[2026-01-23 19:58:13,562] - [root] - [INFO] - -------------------------------------------
[2026-01-23 19:58:13,562] - [root] - [INFO] - Processing 1-22-2026 5dpi 336-W2021011-506_R2.png
[2026-01-23 19:58:29,872] - [root] - [INFO] - Finished loading mask: 0m 16s
[2026-01-23 19:58:45,639] - [root] - [INFO] - Finished crop and inference: 0m 32s
[2026-01-23 19:58:47,114] - [root] - [INFO] - Analysis finished: 0m 33s
[2026-01-23 19:58:47,114] - [root] - [INFO] - -------------------------------------------
[2026-01-23 19:58:47,119] - [root] - [INFO] - Saved C:\Users\Intel User\Desktop\blackbird_scripts\data\Results\ResNet_upth0.9_downth0.3_Jan22_10-21-00_2026\1-22-2026\th_0.7\severity_rate_tray_5dpi_u0.9_d0.3_ig0.6_sp0.8.csv
             timestamp time_elapsed  ... severity_rate_patch Gradient_sr2
0  2026-01-23 19:50:16       0m 34s  ...               29.07         0.68

[1 rows x 24 columns]
             timestamp time_elapsed  ... severity_rate_patch Gradient_sr2
0  2026-01-23 19:50:16       0m 34s  ...               29.07         0.68
1  2026-01-23 19:50:50       0m 34s  ...               16.86         0.47

[2 rows x 24 columns]
             timestamp time_elapsed  ... severity_rate_patch Gradient_sr2
0  2026-01-23 19:50:16       0m 34s  ...               29.07         0.68
1  2026-01-23 19:50:50       0m 34s  ...               16.86         0.47
2  2026-01-23 19:51:25       0m 31s  ...                0.48         0.01

[3 rows x 24 columns]
             timestamp time_elapsed  ... severity_rate_patch Gradient_sr2
0  2026-01-23 19:50:16       0m 34s  ...               29.07         0.68
1  2026-01-23 19:50:50       0m 34s  ...               16.86         0.47
2  2026-01-23 19:51:25       0m 31s  ...                0.48         0.01
3  2026-01-23 19:51:56       0m 31s  ...                1.89         0.05

[4 rows x 24 columns]
             timestamp time_elapsed  ... severity_rate_patch Gradient_sr2
0  2026-01-23 19:50:16       0m 34s  ...               29.07         0.68
1  2026-01-23 19:50:50       0m 34s  ...               16.86         0.47
2  2026-01-23 19:51:25       0m 31s  ...                0.48         0.01
3  2026-01-23 19:51:56       0m 31s  ...                1.89         0.05
4  2026-01-23 19:52:28       0m 33s  ...                9.98         0.24

[5 rows x 24 columns]
             timestamp time_elapsed  ... severity_rate_patch Gradient_sr2
0  2026-01-23 19:50:16       0m 34s  ...               29.07         0.68
1  2026-01-23 19:50:50       0m 34s  ...               16.86         0.47
2  2026-01-23 19:51:25       0m 31s  ...                0.48         0.01
3  2026-01-23 19:51:56       0m 31s  ...                1.89         0.05
4  2026-01-23 19:52:28       0m 33s  ...                9.98         0.24
5  2026-01-23 19:53:01       0m 31s  ...                0.60         0.02

[6 rows x 24 columns]
             timestamp time_elapsed  ... severity_rate_patch Gradient_sr2
0  2026-01-23 19:50:16       0m 34s  ...               29.07         0.68
1  2026-01-23 19:50:50       0m 34s  ...               16.86         0.47
2  2026-01-23 19:51:25       0m 31s  ...                0.48         0.01
3  2026-01-23 19:51:56       0m 31s  ...                1.89         0.05
4  2026-01-23 19:52:28       0m 33s  ...                9.98         0.24
5  2026-01-23 19:53:01       0m 31s  ...                0.60         0.02
6  2026-01-23 19:53:33       0m 31s  ...                1.67         0.04

[7 rows x 24 columns]
             timestamp time_elapsed  ... severity_rate_patch Gradient_sr2
0  2026-01-23 19:50:16       0m 34s  ...               29.07         0.68
1  2026-01-23 19:50:50       0m 34s  ...               16.86         0.47
2  2026-01-23 19:51:25       0m 31s  ...                0.48         0.01
3  2026-01-23 19:51:56       0m 31s  ...                1.89         0.05
4  2026-01-23 19:52:28       0m 33s  ...                9.98         0.24
5  2026-01-23 19:53:01       0m 31s  ...                0.60         0.02
6  2026-01-23 19:53:33       0m 31s  ...                1.67         0.04
7  2026-01-23 19:54:05       0m 37s  ...               37.38         0.95

[8 rows x 24 columns]
             timestamp time_elapsed  ... severity_rate_patch Gradient_sr2
0  2026-01-23 19:50:16       0m 34s  ...               29.07         0.68
1  2026-01-23 19:50:50       0m 34s  ...               16.86         0.47
2  2026-01-23 19:51:25       0m 31s  ...                0.48         0.01
3  2026-01-23 19:51:56       0m 31s  ...                1.89         0.05
4  2026-01-23 19:52:28       0m 33s  ...                9.98         0.24
5  2026-01-23 19:53:01       0m 31s  ...                0.60         0.02
6  2026-01-23 19:53:33       0m 31s  ...                1.67         0.04
7  2026-01-23 19:54:05       0m 37s  ...               37.38         0.95
8  2026-01-23 19:54:43       0m 32s  ...                6.32         0.15

[9 rows x 24 columns]
             timestamp time_elapsed  ... severity_rate_patch Gradient_sr2
0  2026-01-23 19:50:16       0m 34s  ...               29.07         0.68
1  2026-01-23 19:50:50       0m 34s  ...               16.86         0.47
2  2026-01-23 19:51:25       0m 31s  ...                0.48         0.01
3  2026-01-23 19:51:56       0m 31s  ...                1.89         0.05
4  2026-01-23 19:52:28       0m 33s  ...                9.98         0.24
5  2026-01-23 19:53:01       0m 31s  ...                0.60         0.02
6  2026-01-23 19:53:33       0m 31s  ...                1.67         0.04
7  2026-01-23 19:54:05       0m 37s  ...               37.38         0.95
8  2026-01-23 19:54:43       0m 32s  ...                6.32         0.15
9  2026-01-23 19:55:16       0m 47s  ...               84.14         2.52

[10 rows x 24 columns]
              timestamp time_elapsed  ... severity_rate_patch Gradient_sr2
0   2026-01-23 19:50:16       0m 34s  ...               29.07         0.68
1   2026-01-23 19:50:50       0m 34s  ...               16.86         0.47
2   2026-01-23 19:51:25       0m 31s  ...                0.48         0.01
3   2026-01-23 19:51:56       0m 31s  ...                1.89         0.05
4   2026-01-23 19:52:28       0m 33s  ...                9.98         0.24
5   2026-01-23 19:53:01       0m 31s  ...                0.60         0.02
6   2026-01-23 19:53:33       0m 31s  ...                1.67         0.04
7   2026-01-23 19:54:05       0m 37s  ...               37.38         0.95
8   2026-01-23 19:54:43       0m 32s  ...                6.32         0.15
9   2026-01-23 19:55:16       0m 47s  ...               84.14         2.52
10  2026-01-23 19:56:03       0m 32s  ...                1.04         0.03

[11 rows x 24 columns]
              timestamp time_elapsed  ... severity_rate_patch Gradient_sr2
0   2026-01-23 19:50:16       0m 34s  ...               29.07         0.68
1   2026-01-23 19:50:50       0m 34s  ...               16.86         0.47
2   2026-01-23 19:51:25       0m 31s  ...                0.48         0.01
3   2026-01-23 19:51:56       0m 31s  ...                1.89         0.05
4   2026-01-23 19:52:28       0m 33s  ...                9.98         0.24
5   2026-01-23 19:53:01       0m 31s  ...                0.60         0.02
6   2026-01-23 19:53:33       0m 31s  ...                1.67         0.04
7   2026-01-23 19:54:05       0m 37s  ...               37.38         0.95
8   2026-01-23 19:54:43       0m 32s  ...                6.32         0.15
9   2026-01-23 19:55:16       0m 47s  ...               84.14         2.52
10  2026-01-23 19:56:03       0m 32s  ...                1.04         0.03
11  2026-01-23 19:56:35       0m 34s  ...               17.58         0.48

[12 rows x 24 columns]
              timestamp time_elapsed  ... severity_rate_patch Gradient_sr2
0   2026-01-23 19:50:16       0m 34s  ...               29.07         0.68
1   2026-01-23 19:50:50       0m 34s  ...               16.86         0.47
2   2026-01-23 19:51:25       0m 31s  ...                0.48         0.01
3   2026-01-23 19:51:56       0m 31s  ...                1.89         0.05
4   2026-01-23 19:52:28       0m 33s  ...                9.98         0.24
5   2026-01-23 19:53:01       0m 31s  ...                0.60         0.02
6   2026-01-23 19:53:33       0m 31s  ...                1.67         0.04
7   2026-01-23 19:54:05       0m 37s  ...               37.38         0.95
8   2026-01-23 19:54:43       0m 32s  ...                6.32         0.15
9   2026-01-23 19:55:16       0m 47s  ...               84.14         2.52
10  2026-01-23 19:56:03       0m 32s  ...                1.04         0.03
11  2026-01-23 19:56:35       0m 34s  ...               17.58         0.48
12  2026-01-23 19:57:10       0m 30s  ...                0.91         0.02

[13 rows x 24 columns]
              timestamp time_elapsed  ... severity_rate_patch Gradient_sr2
0   2026-01-23 19:50:16       0m 34s  ...               29.07         0.68
1   2026-01-23 19:50:50       0m 34s  ...               16.86         0.47
2   2026-01-23 19:51:25       0m 31s  ...                0.48         0.01
3   2026-01-23 19:51:56       0m 31s  ...                1.89         0.05
4   2026-01-23 19:52:28       0m 33s  ...                9.98         0.24
5   2026-01-23 19:53:01       0m 31s  ...                0.60         0.02
6   2026-01-23 19:53:33       0m 31s  ...                1.67         0.04
7   2026-01-23 19:54:05       0m 37s  ...               37.38         0.95
8   2026-01-23 19:54:43       0m 32s  ...                6.32         0.15
9   2026-01-23 19:55:16       0m 47s  ...               84.14         2.52
10  2026-01-23 19:56:03       0m 32s  ...                1.04         0.03
11  2026-01-23 19:56:35       0m 34s  ...               17.58         0.48
12  2026-01-23 19:57:10       0m 30s  ...                0.91         0.02
13  2026-01-23 19:57:40       0m 33s  ...                6.09         0.17

[14 rows x 24 columns]
              timestamp time_elapsed  ... severity_rate_patch Gradient_sr2
0   2026-01-23 19:50:16       0m 34s  ...               29.07         0.68
1   2026-01-23 19:50:50       0m 34s  ...               16.86         0.47
2   2026-01-23 19:51:25       0m 31s  ...                0.48         0.01
3   2026-01-23 19:51:56       0m 31s  ...                1.89         0.05
4   2026-01-23 19:52:28       0m 33s  ...                9.98         0.24
5   2026-01-23 19:53:01       0m 31s  ...                0.60         0.02
6   2026-01-23 19:53:33       0m 31s  ...                1.67         0.04
7   2026-01-23 19:54:05       0m 37s  ...               37.38         0.95
8   2026-01-23 19:54:43       0m 32s  ...                6.32         0.15
9   2026-01-23 19:55:16       0m 47s  ...               84.14         2.52
10  2026-01-23 19:56:03       0m 32s  ...                1.04         0.03
11  2026-01-23 19:56:35       0m 34s  ...               17.58         0.48
12  2026-01-23 19:57:10       0m 30s  ...                0.91         0.02
13  2026-01-23 19:57:40       0m 33s  ...                6.09         0.17
14  2026-01-23 19:58:13       0m 33s  ...               42.27         1.15

[15 rows x 24 columns]

real	8m37.891s
user	0m0.000s
sys	0m0.015s
