[2026-01-24 16:47:03,418] - [root] - [INFO] - leaf_correlation_mw.py
[2026-01-24 16:47:03,418] - [root] - [INFO] - model_type       : ResNet
[2026-01-24 16:47:03,418] - [root] - [INFO] - pretrained       : True
[2026-01-24 16:47:03,418] - [root] - [INFO] - loading_epoch    : 65
[2026-01-24 16:47:03,418] - [root] - [INFO] - timestamp        : Jan22_10-21-00_2026
[2026-01-24 16:47:03,418] - [root] - [INFO] - outdim           : 2
[2026-01-24 16:47:03,418] - [root] - [INFO] - dual_head        : True
[2026-01-24 16:47:03,419] - [root] - [INFO] - model_path       : ../..
[2026-01-24 16:47:03,419] - [root] - [INFO] - step_size        : 224
[2026-01-24 16:47:03,419] - [root] - [INFO] - means            : [0.541, 0.6371, 0.4188]
[2026-01-24 16:47:03,419] - [root] - [INFO] - stds             : [0.1764, 0.165, 0.2326]
[2026-01-24 16:47:03,419] - [root] - [INFO] - target_class     : 1
[2026-01-24 16:47:03,420] - [root] - [INFO] - contam_control   : False
[2026-01-24 16:47:03,420] - [root] - [INFO] - spor_th          : 0.7
[2026-01-24 16:47:03,420] - [root] - [INFO] - inf_gate         : 0.5
[2026-01-24 16:47:03,420] - [root] - [INFO] - pm               : HPM-1269
[2026-01-24 16:47:03,420] - [root] - [INFO] - mps              : False
[2026-01-24 16:47:03,420] - [root] - [INFO] - cuda             : True
[2026-01-24 16:47:03,420] - [root] - [INFO] - cuda_id          : 0
[2026-01-24 16:47:03,420] - [root] - [INFO] - sal_threshold    : 0.5
[2026-01-24 16:47:03,420] - [root] - [INFO] - up_threshold     : 0.8
[2026-01-24 16:47:03,420] - [root] - [INFO] - down_threshold   : 0.3
[2026-01-24 16:47:03,420] - [root] - [INFO] - dataset_path     : C:/Users/Intel User/Desktop/blackbird_scripts/data/human_disk_assessments
[2026-01-24 16:47:03,420] - [root] - [INFO] - img_folder       : 1-22-2026
[2026-01-24 16:47:03,420] - [root] - [INFO] - platform         : BlackBird
[2026-01-24 16:47:03,420] - [root] - [INFO] - threshold        : ['0.7']
[2026-01-24 16:47:03,420] - [root] - [INFO] - log              : ../../results/logs/random.log
[2026-01-24 16:47:03,421] - [root] - [INFO] - dpi              : 10
[2026-01-24 16:47:03,421] - [root] - [INFO] - group            : baseline
[2026-01-24 16:47:03,421] - [root] - [INFO] - trays            : ['10dpi']
[2026-01-24 16:47:03,421] - [root] - [INFO] - sal_gradcam      : False
[2026-01-24 16:47:03,421] - [root] - [INFO] - sal_gradient     : True
[2026-01-24 16:47:03,421] - [root] - [INFO] - sal_smoothgrad   : False
[2026-01-24 16:47:03,421] - [root] - [INFO] - sal_deeplift     : False
[2026-01-24 16:47:03,421] - [root] - [INFO] - sal_thresh_method : fixed
[2026-01-24 16:47:03,421] - [root] - [INFO] - sal_thresh_p     : 95.0
[2026-01-24 16:47:04,627] - [root] - [INFO] - -------------------------------------------
[2026-01-24 16:47:04,627] - [root] - [INFO] - Processing 1-22-2026 10dpi 046-W2021009-208_R2.png
[2026-01-24 16:47:21,144] - [root] - [INFO] - Finished loading mask: 0m 16s
[2026-01-24 16:47:31,816] - [root] - [INFO] - Finished crop and inference: 0m 27s
[2026-01-24 16:47:33,485] - [root] - [INFO] - Analysis finished: 0m 28s
[2026-01-24 16:47:33,485] - [root] - [INFO] - -------------------------------------------
[2026-01-24 16:47:33,485] - [root] - [INFO] - -------------------------------------------
[2026-01-24 16:47:33,485] - [root] - [INFO] - Processing 1-22-2026 10dpi 151-W2021011-479_R2.png
[2026-01-24 16:47:52,430] - [root] - [INFO] - Finished loading mask: 0m 18s
[2026-01-24 16:48:20,011] - [root] - [INFO] - Finished crop and inference: 0m 46s
[2026-01-24 16:48:21,902] - [root] - [INFO] - Analysis finished: 0m 48s
[2026-01-24 16:48:21,902] - [root] - [INFO] - -------------------------------------------
[2026-01-24 16:48:21,902] - [root] - [INFO] - -------------------------------------------
[2026-01-24 16:48:21,902] - [root] - [INFO] - Processing 1-22-2026 10dpi 152-W2021010-301_R2.png
[2026-01-24 16:48:40,591] - [root] - [INFO] - Finished loading mask: 0m 18s
[2026-01-24 16:48:51,611] - [root] - [INFO] - Finished crop and inference: 0m 29s
[2026-01-24 16:48:53,364] - [root] - [INFO] - Analysis finished: 0m 31s
[2026-01-24 16:48:53,364] - [root] - [INFO] - -------------------------------------------
[2026-01-24 16:48:53,365] - [root] - [INFO] - -------------------------------------------
[2026-01-24 16:48:53,365] - [root] - [INFO] - Processing 1-22-2026 10dpi 152-W2021011-479_R1.png
[2026-01-24 16:49:11,980] - [root] - [INFO] - Finished loading mask: 0m 18s
[2026-01-24 16:49:30,747] - [root] - [INFO] - Finished crop and inference: 0m 37s
[2026-01-24 16:49:32,496] - [root] - [INFO] - Analysis finished: 0m 39s
[2026-01-24 16:49:32,496] - [root] - [INFO] - -------------------------------------------
[2026-01-24 16:49:32,496] - [root] - [INFO] - -------------------------------------------
[2026-01-24 16:49:32,496] - [root] - [INFO] - Processing 1-22-2026 10dpi 162-W2021011-551_R2.png
[2026-01-24 16:49:51,184] - [root] - [INFO] - Finished loading mask: 0m 18s
[2026-01-24 16:50:20,126] - [root] - [INFO] - Finished crop and inference: 0m 47s
[2026-01-24 16:50:21,958] - [root] - [INFO] - Analysis finished: 0m 49s
[2026-01-24 16:50:21,958] - [root] - [INFO] - -------------------------------------------
[2026-01-24 16:50:21,959] - [root] - [INFO] - -------------------------------------------
[2026-01-24 16:50:21,959] - [root] - [INFO] - Processing 1-22-2026 10dpi 166-W2021006-123_R1.png
[2026-01-24 16:50:40,002] - [root] - [INFO] - Finished loading mask: 0m 18s
[2026-01-24 16:50:48,980] - [root] - [INFO] - Finished crop and inference: 0m 27s
[2026-01-24 16:50:50,762] - [root] - [INFO] - Analysis finished: 0m 28s
[2026-01-24 16:50:50,763] - [root] - [INFO] - -------------------------------------------
[2026-01-24 16:50:50,763] - [root] - [INFO] - -------------------------------------------
[2026-01-24 16:50:50,763] - [root] - [INFO] - Processing 1-22-2026 10dpi 166-W2021006-146_R1.png
[2026-01-24 16:51:08,814] - [root] - [INFO] - Finished loading mask: 0m 18s
[2026-01-24 16:51:31,892] - [root] - [INFO] - Finished crop and inference: 0m 41s
[2026-01-24 16:51:33,655] - [root] - [INFO] - Analysis finished: 0m 42s
[2026-01-24 16:51:33,655] - [root] - [INFO] - -------------------------------------------
[2026-01-24 16:51:33,655] - [root] - [INFO] - -------------------------------------------
[2026-01-24 16:51:33,655] - [root] - [INFO] - Processing 1-22-2026 10dpi 166-W2021006-146_R2.png
[2026-01-24 16:51:51,939] - [root] - [INFO] - Finished loading mask: 0m 18s
[2026-01-24 16:52:05,796] - [root] - [INFO] - Finished crop and inference: 0m 32s
[2026-01-24 16:52:07,549] - [root] - [INFO] - Analysis finished: 0m 33s
[2026-01-24 16:52:07,549] - [root] - [INFO] - -------------------------------------------
[2026-01-24 16:52:07,550] - [root] - [INFO] - -------------------------------------------
[2026-01-24 16:52:07,550] - [root] - [INFO] - Processing 1-22-2026 10dpi 171-W2021011-584_R1.png
[2026-01-24 16:52:26,432] - [root] - [INFO] - Finished loading mask: 0m 18s
[2026-01-24 16:52:54,049] - [root] - [INFO] - Finished crop and inference: 0m 46s
[2026-01-24 16:52:55,748] - [root] - [INFO] - Analysis finished: 0m 48s
[2026-01-24 16:52:55,748] - [root] - [INFO] - -------------------------------------------
[2026-01-24 16:52:55,748] - [root] - [INFO] - -------------------------------------------
[2026-01-24 16:52:55,749] - [root] - [INFO] - Processing 1-22-2026 10dpi 181-W2021009-295_R2.png
[2026-01-24 16:53:14,940] - [root] - [INFO] - Finished loading mask: 0m 19s
[2026-01-24 16:53:30,951] - [root] - [INFO] - Finished crop and inference: 0m 35s
[2026-01-24 16:53:32,588] - [root] - [INFO] - Analysis finished: 0m 36s
[2026-01-24 16:53:32,588] - [root] - [INFO] - -------------------------------------------
[2026-01-24 16:53:32,589] - [root] - [INFO] - -------------------------------------------
[2026-01-24 16:53:32,589] - [root] - [INFO] - Processing 1-22-2026 10dpi 182-W2021009-251_R1.png
[2026-01-24 16:53:51,404] - [root] - [INFO] - Finished loading mask: 0m 18s
[2026-01-24 16:54:03,329] - [root] - [INFO] - Finished crop and inference: 0m 30s
[2026-01-24 16:54:04,961] - [root] - [INFO] - Analysis finished: 0m 32s
[2026-01-24 16:54:04,961] - [root] - [INFO] - -------------------------------------------
[2026-01-24 16:54:04,961] - [root] - [INFO] - -------------------------------------------
[2026-01-24 16:54:04,961] - [root] - [INFO] - Processing 1-22-2026 10dpi 192-W2021010-449_R2.png
[2026-01-24 16:54:24,857] - [root] - [INFO] - Finished loading mask: 0m 19s
[2026-01-24 16:54:48,818] - [root] - [INFO] - Finished crop and inference: 0m 43s
[2026-01-24 16:54:50,593] - [root] - [INFO] - Analysis finished: 0m 45s
[2026-01-24 16:54:50,593] - [root] - [INFO] - -------------------------------------------
[2026-01-24 16:54:50,593] - [root] - [INFO] - -------------------------------------------
[2026-01-24 16:54:50,593] - [root] - [INFO] - Processing 1-22-2026 10dpi 206-W2021009-271_R2.png
[2026-01-24 16:55:11,128] - [root] - [INFO] - Finished loading mask: 0m 20s
[2026-01-24 16:55:41,413] - [root] - [INFO] - Finished crop and inference: 0m 50s
[2026-01-24 16:55:43,001] - [root] - [INFO] - Analysis finished: 0m 52s
[2026-01-24 16:55:43,001] - [root] - [INFO] - -------------------------------------------
[2026-01-24 16:55:43,001] - [root] - [INFO] - -------------------------------------------
[2026-01-24 16:55:43,002] - [root] - [INFO] - Processing 1-22-2026 10dpi 207-W2021009-271_R1.png
[2026-01-24 16:56:02,079] - [root] - [INFO] - Finished loading mask: 0m 19s
[2026-01-24 16:56:16,720] - [root] - [INFO] - Finished crop and inference: 0m 33s
[2026-01-24 16:56:18,290] - [root] - [INFO] - Analysis finished: 0m 35s
[2026-01-24 16:56:18,291] - [root] - [INFO] - -------------------------------------------
[2026-01-24 16:56:18,291] - [root] - [INFO] - -------------------------------------------
[2026-01-24 16:56:18,291] - [root] - [INFO] - Processing 1-22-2026 10dpi 233-W2021006-607_R1.png
[2026-01-24 16:56:36,853] - [root] - [INFO] - Finished loading mask: 0m 18s
[2026-01-24 16:56:47,478] - [root] - [INFO] - Finished crop and inference: 0m 29s
[2026-01-24 16:56:48,710] - [root] - [INFO] - Analysis finished: 0m 30s
[2026-01-24 16:56:48,710] - [root] - [INFO] - -------------------------------------------
[2026-01-24 16:56:48,717] - [root] - [INFO] - Saved C:\Users\Intel User\Desktop\blackbird_scripts\data\Results\ResNet_upth0.8_downth0.3_Jan22_10-21-00_2026\1-22-2026\th_0.7\severity_rate_tray_10dpi_u0.8_d0.3_ig0.5_sp0.7_20260124_165618.csv
             timestamp time_elapsed  ... severity_rate_patch Gradient_sr2
0  2026-01-24 16:47:04       0m 28s  ...                4.55         0.13

[1 rows x 26 columns]
             timestamp time_elapsed  ... severity_rate_patch Gradient_sr2
0  2026-01-24 16:47:04       0m 28s  ...                4.55         0.13
1  2026-01-24 16:47:33       0m 48s  ...               98.89         3.04

[2 rows x 26 columns]
             timestamp time_elapsed  ... severity_rate_patch Gradient_sr2
0  2026-01-24 16:47:04       0m 28s  ...                4.55         0.13
1  2026-01-24 16:47:33       0m 48s  ...               98.89         3.04
2  2026-01-24 16:48:21       0m 31s  ...                1.37         0.03

[3 rows x 26 columns]
             timestamp time_elapsed  ... severity_rate_patch Gradient_sr2
0  2026-01-24 16:47:04       0m 28s  ...                4.55         0.13
1  2026-01-24 16:47:33       0m 48s  ...               98.89         3.04
2  2026-01-24 16:48:21       0m 31s  ...                1.37         0.03
3  2026-01-24 16:48:53       0m 39s  ...               43.52         1.26

[4 rows x 26 columns]
             timestamp time_elapsed  ... severity_rate_patch Gradient_sr2
0  2026-01-24 16:47:04       0m 28s  ...                4.55         0.13
1  2026-01-24 16:47:33       0m 48s  ...               98.89         3.04
2  2026-01-24 16:48:21       0m 31s  ...                1.37         0.03
3  2026-01-24 16:48:53       0m 39s  ...               43.52         1.26
4  2026-01-24 16:49:32       0m 49s  ...               82.93         2.34

[5 rows x 26 columns]
             timestamp time_elapsed  ... severity_rate_patch Gradient_sr2
0  2026-01-24 16:47:04       0m 28s  ...                4.55         0.13
1  2026-01-24 16:47:33       0m 48s  ...               98.89         3.04
2  2026-01-24 16:48:21       0m 31s  ...                1.37         0.03
3  2026-01-24 16:48:53       0m 39s  ...               43.52         1.26
4  2026-01-24 16:49:32       0m 49s  ...               82.93         2.34
5  2026-01-24 16:50:21       0m 28s  ...                0.83         0.02

[6 rows x 26 columns]
             timestamp time_elapsed  ... severity_rate_patch Gradient_sr2
0  2026-01-24 16:47:04       0m 28s  ...                4.55         0.13
1  2026-01-24 16:47:33       0m 48s  ...               98.89         3.04
2  2026-01-24 16:48:21       0m 31s  ...                1.37         0.03
3  2026-01-24 16:48:53       0m 39s  ...               43.52         1.26
4  2026-01-24 16:49:32       0m 49s  ...               82.93         2.34
5  2026-01-24 16:50:21       0m 28s  ...                0.83         0.02
6  2026-01-24 16:50:50       0m 42s  ...               53.01         1.52

[7 rows x 26 columns]
             timestamp time_elapsed  ... severity_rate_patch Gradient_sr2
0  2026-01-24 16:47:04       0m 28s  ...                4.55         0.13
1  2026-01-24 16:47:33       0m 48s  ...               98.89         3.04
2  2026-01-24 16:48:21       0m 31s  ...                1.37         0.03
3  2026-01-24 16:48:53       0m 39s  ...               43.52         1.26
4  2026-01-24 16:49:32       0m 49s  ...               82.93         2.34
5  2026-01-24 16:50:21       0m 28s  ...                0.83         0.02
6  2026-01-24 16:50:50       0m 42s  ...               53.01         1.52
7  2026-01-24 16:51:33       0m 33s  ...               15.70         0.43

[8 rows x 26 columns]
             timestamp time_elapsed  ... severity_rate_patch Gradient_sr2
0  2026-01-24 16:47:04       0m 28s  ...                4.55         0.13
1  2026-01-24 16:47:33       0m 48s  ...               98.89         3.04
2  2026-01-24 16:48:21       0m 31s  ...                1.37         0.03
3  2026-01-24 16:48:53       0m 39s  ...               43.52         1.26
4  2026-01-24 16:49:32       0m 49s  ...               82.93         2.34
5  2026-01-24 16:50:21       0m 28s  ...                0.83         0.02
6  2026-01-24 16:50:50       0m 42s  ...               53.01         1.52
7  2026-01-24 16:51:33       0m 33s  ...               15.70         0.43
8  2026-01-24 16:52:07       0m 48s  ...               68.67         1.88

[9 rows x 26 columns]
             timestamp time_elapsed  ... severity_rate_patch Gradient_sr2
0  2026-01-24 16:47:04       0m 28s  ...                4.55         0.13
1  2026-01-24 16:47:33       0m 48s  ...               98.89         3.04
2  2026-01-24 16:48:21       0m 31s  ...                1.37         0.03
3  2026-01-24 16:48:53       0m 39s  ...               43.52         1.26
4  2026-01-24 16:49:32       0m 49s  ...               82.93         2.34
5  2026-01-24 16:50:21       0m 28s  ...                0.83         0.02
6  2026-01-24 16:50:50       0m 42s  ...               53.01         1.52
7  2026-01-24 16:51:33       0m 33s  ...               15.70         0.43
8  2026-01-24 16:52:07       0m 48s  ...               68.67         1.88
9  2026-01-24 16:52:55       0m 36s  ...               27.03         0.74

[10 rows x 26 columns]
              timestamp time_elapsed  ... severity_rate_patch Gradient_sr2
0   2026-01-24 16:47:04       0m 28s  ...                4.55         0.13
1   2026-01-24 16:47:33       0m 48s  ...               98.89         3.04
2   2026-01-24 16:48:21       0m 31s  ...                1.37         0.03
3   2026-01-24 16:48:53       0m 39s  ...               43.52         1.26
4   2026-01-24 16:49:32       0m 49s  ...               82.93         2.34
5   2026-01-24 16:50:21       0m 28s  ...                0.83         0.02
6   2026-01-24 16:50:50       0m 42s  ...               53.01         1.52
7   2026-01-24 16:51:33       0m 33s  ...               15.70         0.43
8   2026-01-24 16:52:07       0m 48s  ...               68.67         1.88
9   2026-01-24 16:52:55       0m 36s  ...               27.03         0.74
10  2026-01-24 16:53:32       0m 32s  ...                6.11         0.17

[11 rows x 26 columns]
              timestamp time_elapsed  ... severity_rate_patch Gradient_sr2
0   2026-01-24 16:47:04       0m 28s  ...                4.55         0.13
1   2026-01-24 16:47:33       0m 48s  ...               98.89         3.04
2   2026-01-24 16:48:21       0m 31s  ...                1.37         0.03
3   2026-01-24 16:48:53       0m 39s  ...               43.52         1.26
4   2026-01-24 16:49:32       0m 49s  ...               82.93         2.34
5   2026-01-24 16:50:21       0m 28s  ...                0.83         0.02
6   2026-01-24 16:50:50       0m 42s  ...               53.01         1.52
7   2026-01-24 16:51:33       0m 33s  ...               15.70         0.43
8   2026-01-24 16:52:07       0m 48s  ...               68.67         1.88
9   2026-01-24 16:52:55       0m 36s  ...               27.03         0.74
10  2026-01-24 16:53:32       0m 32s  ...                6.11         0.17
11  2026-01-24 16:54:04       0m 45s  ...               66.36         1.84

[12 rows x 26 columns]
              timestamp time_elapsed  ... severity_rate_patch Gradient_sr2
0   2026-01-24 16:47:04       0m 28s  ...                4.55         0.13
1   2026-01-24 16:47:33       0m 48s  ...               98.89         3.04
2   2026-01-24 16:48:21       0m 31s  ...                1.37         0.03
3   2026-01-24 16:48:53       0m 39s  ...               43.52         1.26
4   2026-01-24 16:49:32       0m 49s  ...               82.93         2.34
5   2026-01-24 16:50:21       0m 28s  ...                0.83         0.02
6   2026-01-24 16:50:50       0m 42s  ...               53.01         1.52
7   2026-01-24 16:51:33       0m 33s  ...               15.70         0.43
8   2026-01-24 16:52:07       0m 48s  ...               68.67         1.88
9   2026-01-24 16:52:55       0m 36s  ...               27.03         0.74
10  2026-01-24 16:53:32       0m 32s  ...                6.11         0.17
11  2026-01-24 16:54:04       0m 45s  ...               66.36         1.84
12  2026-01-24 16:54:50       0m 52s  ...               83.43         2.39

[13 rows x 26 columns]
              timestamp time_elapsed  ... severity_rate_patch Gradient_sr2
0   2026-01-24 16:47:04       0m 28s  ...                4.55         0.13
1   2026-01-24 16:47:33       0m 48s  ...               98.89         3.04
2   2026-01-24 16:48:21       0m 31s  ...                1.37         0.03
3   2026-01-24 16:48:53       0m 39s  ...               43.52         1.26
4   2026-01-24 16:49:32       0m 49s  ...               82.93         2.34
5   2026-01-24 16:50:21       0m 28s  ...                0.83         0.02
6   2026-01-24 16:50:50       0m 42s  ...               53.01         1.52
7   2026-01-24 16:51:33       0m 33s  ...               15.70         0.43
8   2026-01-24 16:52:07       0m 48s  ...               68.67         1.88
9   2026-01-24 16:52:55       0m 36s  ...               27.03         0.74
10  2026-01-24 16:53:32       0m 32s  ...                6.11         0.17
11  2026-01-24 16:54:04       0m 45s  ...               66.36         1.84
12  2026-01-24 16:54:50       0m 52s  ...               83.43         2.39
13  2026-01-24 16:55:43       0m 35s  ...               40.07         1.08

[14 rows x 26 columns]
              timestamp time_elapsed  ... severity_rate_patch Gradient_sr2
0   2026-01-24 16:47:04       0m 28s  ...                4.55         0.13
1   2026-01-24 16:47:33       0m 48s  ...               98.89         3.04
2   2026-01-24 16:48:21       0m 31s  ...                1.37         0.03
3   2026-01-24 16:48:53       0m 39s  ...               43.52         1.26
4   2026-01-24 16:49:32       0m 49s  ...               82.93         2.34
5   2026-01-24 16:50:21       0m 28s  ...                0.83         0.02
6   2026-01-24 16:50:50       0m 42s  ...               53.01         1.52
7   2026-01-24 16:51:33       0m 33s  ...               15.70         0.43
8   2026-01-24 16:52:07       0m 48s  ...               68.67         1.88
9   2026-01-24 16:52:55       0m 36s  ...               27.03         0.74
10  2026-01-24 16:53:32       0m 32s  ...                6.11         0.17
11  2026-01-24 16:54:04       0m 45s  ...               66.36         1.84
12  2026-01-24 16:54:50       0m 52s  ...               83.43         2.39
13  2026-01-24 16:55:43       0m 35s  ...               40.07         1.08
14  2026-01-24 16:56:18       0m 30s  ...               21.04         0.54

[15 rows x 26 columns]

real	9m53.468s
user	0m0.000s
sys	0m0.000s
