[2026-01-23 18:47:57,328] - [root] - [INFO] - leaf_correlation_mw.py
[2026-01-23 18:47:57,328] - [root] - [INFO] - model_type       : ResNet
[2026-01-23 18:47:57,328] - [root] - [INFO] - pretrained       : True
[2026-01-23 18:47:57,328] - [root] - [INFO] - loading_epoch    : 65
[2026-01-23 18:47:57,328] - [root] - [INFO] - timestamp        : Jan22_10-21-00_2026
[2026-01-23 18:47:57,328] - [root] - [INFO] - outdim           : 2
[2026-01-23 18:47:57,328] - [root] - [INFO] - dual_head        : True
[2026-01-23 18:47:57,329] - [root] - [INFO] - model_path       : ../..
[2026-01-23 18:47:57,329] - [root] - [INFO] - step_size        : 224
[2026-01-23 18:47:57,329] - [root] - [INFO] - means            : [0.541, 0.6371, 0.4188]
[2026-01-23 18:47:57,329] - [root] - [INFO] - stds             : [0.1764, 0.165, 0.2326]
[2026-01-23 18:47:57,329] - [root] - [INFO] - target_class     : 1
[2026-01-23 18:47:57,329] - [root] - [INFO] - contam_control   : False
[2026-01-23 18:47:57,329] - [root] - [INFO] - spor_th          : 0.8
[2026-01-23 18:47:57,329] - [root] - [INFO] - inf_gate         : 0.6
[2026-01-23 18:47:57,329] - [root] - [INFO] - pm               : HPM-1269
[2026-01-23 18:47:57,329] - [root] - [INFO] - mps              : False
[2026-01-23 18:47:57,329] - [root] - [INFO] - cuda             : True
[2026-01-23 18:47:57,329] - [root] - [INFO] - cuda_id          : 0
[2026-01-23 18:47:57,329] - [root] - [INFO] - sal_threshold    : 0.5
[2026-01-23 18:47:57,329] - [root] - [INFO] - up_threshold     : 0.7
[2026-01-23 18:47:57,329] - [root] - [INFO] - down_threshold   : 0.2
[2026-01-23 18:47:57,330] - [root] - [INFO] - dataset_path     : C:/Users/Intel User/Desktop/blackbird_scripts/data/human_disk_assessments
[2026-01-23 18:47:57,330] - [root] - [INFO] - img_folder       : 1-22-2026
[2026-01-23 18:47:57,330] - [root] - [INFO] - platform         : BlackBird
[2026-01-23 18:47:57,330] - [root] - [INFO] - threshold        : ['0.7']
[2026-01-23 18:47:57,330] - [root] - [INFO] - log              : ../../results/logs/random.log
[2026-01-23 18:47:57,330] - [root] - [INFO] - dpi              : 5
[2026-01-23 18:47:57,330] - [root] - [INFO] - group            : baseline
[2026-01-23 18:47:57,330] - [root] - [INFO] - trays            : ['5dpi']
[2026-01-23 18:47:57,330] - [root] - [INFO] - sal_gradcam      : False
[2026-01-23 18:47:57,330] - [root] - [INFO] - sal_gradient     : True
[2026-01-23 18:47:57,330] - [root] - [INFO] - sal_smoothgrad   : False
[2026-01-23 18:47:57,330] - [root] - [INFO] - sal_deeplift     : False
[2026-01-23 18:47:57,330] - [root] - [INFO] - sal_thresh_method : fixed
[2026-01-23 18:47:57,330] - [root] - [INFO] - sal_thresh_p     : 95.0
[2026-01-23 18:47:58,385] - [root] - [INFO] - -------------------------------------------
[2026-01-23 18:47:58,385] - [root] - [INFO] - Processing 1-22-2026 5dpi 015-W2021009-160_R1.png
[2026-01-23 18:48:18,558] - [root] - [INFO] - Finished loading mask: 0m 20s
[2026-01-23 18:48:31,424] - [root] - [INFO] - Finished crop and inference: 0m 33s
[2026-01-23 18:48:32,876] - [root] - [INFO] - Analysis finished: 0m 34s
[2026-01-23 18:48:32,876] - [root] - [INFO] - -------------------------------------------
[2026-01-23 18:48:32,877] - [root] - [INFO] - -------------------------------------------
[2026-01-23 18:48:32,877] - [root] - [INFO] - Processing 1-22-2026 5dpi 015-W2021011-633_R1.png
[2026-01-23 18:48:53,790] - [root] - [INFO] - Finished loading mask: 0m 20s
[2026-01-23 18:49:05,465] - [root] - [INFO] - Finished crop and inference: 0m 32s
[2026-01-23 18:49:07,002] - [root] - [INFO] - Analysis finished: 0m 34s
[2026-01-23 18:49:07,002] - [root] - [INFO] - -------------------------------------------
[2026-01-23 18:49:07,002] - [root] - [INFO] - -------------------------------------------
[2026-01-23 18:49:07,002] - [root] - [INFO] - Processing 1-22-2026 5dpi 019-W2021010-428_R2.png
[2026-01-23 18:49:27,952] - [root] - [INFO] - Finished loading mask: 0m 20s
[2026-01-23 18:49:35,976] - [root] - [INFO] - Finished crop and inference: 0m 28s
[2026-01-23 18:49:37,631] - [root] - [INFO] - Analysis finished: 0m 30s
[2026-01-23 18:49:37,631] - [root] - [INFO] - -------------------------------------------
[2026-01-23 18:49:37,631] - [root] - [INFO] - -------------------------------------------
[2026-01-23 18:49:37,631] - [root] - [INFO] - Processing 1-22-2026 5dpi 021-W2021009-175_R1.png
[2026-01-23 18:49:58,278] - [root] - [INFO] - Finished loading mask: 0m 20s
[2026-01-23 18:50:07,214] - [root] - [INFO] - Finished crop and inference: 0m 29s
[2026-01-23 18:50:08,852] - [root] - [INFO] - Analysis finished: 0m 31s
[2026-01-23 18:50:08,852] - [root] - [INFO] - -------------------------------------------
[2026-01-23 18:50:08,852] - [root] - [INFO] - -------------------------------------------
[2026-01-23 18:50:08,852] - [root] - [INFO] - Processing 1-22-2026 5dpi 022-W2021009-198_R2.png
[2026-01-23 18:50:30,148] - [root] - [INFO] - Finished loading mask: 0m 21s
[2026-01-23 18:50:41,133] - [root] - [INFO] - Finished crop and inference: 0m 32s
[2026-01-23 18:50:42,654] - [root] - [INFO] - Analysis finished: 0m 33s
[2026-01-23 18:50:42,654] - [root] - [INFO] - -------------------------------------------
[2026-01-23 18:50:42,654] - [root] - [INFO] - -------------------------------------------
[2026-01-23 18:50:42,654] - [root] - [INFO] - Processing 1-22-2026 5dpi 036-W2021006-047_R2.png
[2026-01-23 18:51:03,892] - [root] - [INFO] - Finished loading mask: 0m 21s
[2026-01-23 18:51:12,323] - [root] - [INFO] - Finished crop and inference: 0m 29s
[2026-01-23 18:51:14,019] - [root] - [INFO] - Analysis finished: 0m 31s
[2026-01-23 18:51:14,019] - [root] - [INFO] - -------------------------------------------
[2026-01-23 18:51:14,019] - [root] - [INFO] - -------------------------------------------
[2026-01-23 18:51:14,019] - [root] - [INFO] - Processing 1-22-2026 5dpi 060-W2021010-324_R2.png
[2026-01-23 18:51:35,270] - [root] - [INFO] - Finished loading mask: 0m 21s
[2026-01-23 18:51:43,880] - [root] - [INFO] - Finished crop and inference: 0m 29s
[2026-01-23 18:51:45,529] - [root] - [INFO] - Analysis finished: 0m 31s
[2026-01-23 18:51:45,529] - [root] - [INFO] - -------------------------------------------
[2026-01-23 18:51:45,529] - [root] - [INFO] - -------------------------------------------
[2026-01-23 18:51:45,529] - [root] - [INFO] - Processing 1-22-2026 5dpi 099-W2021006-611_R2.png
[2026-01-23 18:52:06,742] - [root] - [INFO] - Finished loading mask: 0m 21s
[2026-01-23 18:52:22,139] - [root] - [INFO] - Finished crop and inference: 0m 36s
[2026-01-23 18:52:23,698] - [root] - [INFO] - Analysis finished: 0m 38s
[2026-01-23 18:52:23,698] - [root] - [INFO] - -------------------------------------------
[2026-01-23 18:52:23,698] - [root] - [INFO] - -------------------------------------------
[2026-01-23 18:52:23,698] - [root] - [INFO] - Processing 1-22-2026 5dpi 123-W2021009-255_R2.png
[2026-01-23 18:52:45,755] - [root] - [INFO] - Finished loading mask: 0m 22s
[2026-01-23 18:52:56,082] - [root] - [INFO] - Finished crop and inference: 0m 32s
[2026-01-23 18:52:57,631] - [root] - [INFO] - Analysis finished: 0m 33s
[2026-01-23 18:52:57,632] - [root] - [INFO] - -------------------------------------------
[2026-01-23 18:52:57,632] - [root] - [INFO] - -------------------------------------------
[2026-01-23 18:52:57,632] - [root] - [INFO] - Processing 1-22-2026 5dpi 141-W2021009-274_R1.png
[2026-01-23 18:53:19,717] - [root] - [INFO] - Finished loading mask: 0m 22s
[2026-01-23 18:53:44,978] - [root] - [INFO] - Finished crop and inference: 0m 47s
[2026-01-23 18:53:46,532] - [root] - [INFO] - Analysis finished: 0m 48s
[2026-01-23 18:53:46,532] - [root] - [INFO] - -------------------------------------------
[2026-01-23 18:53:46,532] - [root] - [INFO] - -------------------------------------------
[2026-01-23 18:53:46,533] - [root] - [INFO] - Processing 1-22-2026 5dpi 173-W2021006-127_R2.png
[2026-01-23 18:54:08,213] - [root] - [INFO] - Finished loading mask: 0m 21s
[2026-01-23 18:54:17,109] - [root] - [INFO] - Finished crop and inference: 0m 30s
[2026-01-23 18:54:18,691] - [root] - [INFO] - Analysis finished: 0m 32s
[2026-01-23 18:54:18,691] - [root] - [INFO] - -------------------------------------------
[2026-01-23 18:54:18,692] - [root] - [INFO] - -------------------------------------------
[2026-01-23 18:54:18,692] - [root] - [INFO] - Processing 1-22-2026 5dpi 191-W2021010-449_R1.png
[2026-01-23 18:54:39,794] - [root] - [INFO] - Finished loading mask: 0m 21s
[2026-01-23 18:54:52,326] - [root] - [INFO] - Finished crop and inference: 0m 33s
[2026-01-23 18:54:53,875] - [root] - [INFO] - Analysis finished: 0m 35s
[2026-01-23 18:54:53,875] - [root] - [INFO] - -------------------------------------------
[2026-01-23 18:54:53,876] - [root] - [INFO] - -------------------------------------------
[2026-01-23 18:54:53,876] - [root] - [INFO] - Processing 1-22-2026 5dpi 254-W2021010-352_R2.png
[2026-01-23 18:55:15,139] - [root] - [INFO] - Finished loading mask: 0m 21s
[2026-01-23 18:55:22,541] - [root] - [INFO] - Finished crop and inference: 0m 28s
[2026-01-23 18:55:24,118] - [root] - [INFO] - Analysis finished: 0m 30s
[2026-01-23 18:55:24,118] - [root] - [INFO] - -------------------------------------------
[2026-01-23 18:55:24,118] - [root] - [INFO] - -------------------------------------------
[2026-01-23 18:55:24,118] - [root] - [INFO] - Processing 1-22-2026 5dpi 266-W2021009-193_R1.png
[2026-01-23 18:55:45,438] - [root] - [INFO] - Finished loading mask: 0m 21s
[2026-01-23 18:55:54,551] - [root] - [INFO] - Finished crop and inference: 0m 30s
[2026-01-23 18:55:56,129] - [root] - [INFO] - Analysis finished: 0m 32s
[2026-01-23 18:55:56,129] - [root] - [INFO] - -------------------------------------------
[2026-01-23 18:55:56,129] - [root] - [INFO] - -------------------------------------------
[2026-01-23 18:55:56,129] - [root] - [INFO] - Processing 1-22-2026 5dpi 336-W2021011-506_R2.png
[2026-01-23 18:56:17,254] - [root] - [INFO] - Finished loading mask: 0m 21s
[2026-01-23 18:56:33,051] - [root] - [INFO] - Finished crop and inference: 0m 36s
[2026-01-23 18:56:34,581] - [root] - [INFO] - Analysis finished: 0m 38s
[2026-01-23 18:56:34,581] - [root] - [INFO] - -------------------------------------------
[2026-01-23 18:56:34,589] - [root] - [INFO] - Saved C:\Users\Intel User\Desktop\blackbird_scripts\data\Results\ResNet_upth0.7_downth0.2_Jan22_10-21-00_2026\1-22-2026\th_0.7\severity_rate_tray_5dpi_u0.7_d0.2_ig0.6_sp0.8.csv
             timestamp time_elapsed  ... severity_rate_patch Gradient_sr2
0  2026-01-23 18:47:58       0m 34s  ...               35.74         0.86

[1 rows x 24 columns]
             timestamp time_elapsed  ... severity_rate_patch Gradient_sr2
0  2026-01-23 18:47:58       0m 34s  ...               35.74         0.86
1  2026-01-23 18:48:32       0m 34s  ...               18.84         0.54

[2 rows x 24 columns]
             timestamp time_elapsed  ... severity_rate_patch Gradient_sr2
0  2026-01-23 18:47:58       0m 34s  ...               35.74         0.86
1  2026-01-23 18:48:32       0m 34s  ...               18.84         0.54
2  2026-01-23 18:49:07       0m 30s  ...                1.28         0.03

[3 rows x 24 columns]
             timestamp time_elapsed  ... severity_rate_patch Gradient_sr2
0  2026-01-23 18:47:58       0m 34s  ...               35.74         0.86
1  2026-01-23 18:48:32       0m 34s  ...               18.84         0.54
2  2026-01-23 18:49:07       0m 30s  ...                1.28         0.03
3  2026-01-23 18:49:37       0m 31s  ...                2.61         0.07

[4 rows x 24 columns]
             timestamp time_elapsed  ... severity_rate_patch Gradient_sr2
0  2026-01-23 18:47:58       0m 34s  ...               35.74         0.86
1  2026-01-23 18:48:32       0m 34s  ...               18.84         0.54
2  2026-01-23 18:49:07       0m 30s  ...                1.28         0.03
3  2026-01-23 18:49:37       0m 31s  ...                2.61         0.07
4  2026-01-23 18:50:08       0m 33s  ...               16.67         0.42

[5 rows x 24 columns]
             timestamp time_elapsed  ... severity_rate_patch Gradient_sr2
0  2026-01-23 18:47:58       0m 34s  ...               35.74         0.86
1  2026-01-23 18:48:32       0m 34s  ...               18.84         0.54
2  2026-01-23 18:49:07       0m 30s  ...                1.28         0.03
3  2026-01-23 18:49:37       0m 31s  ...                2.61         0.07
4  2026-01-23 18:50:08       0m 33s  ...               16.67         0.42
5  2026-01-23 18:50:42       0m 31s  ...                0.74         0.02

[6 rows x 24 columns]
             timestamp time_elapsed  ... severity_rate_patch Gradient_sr2
0  2026-01-23 18:47:58       0m 34s  ...               35.74         0.86
1  2026-01-23 18:48:32       0m 34s  ...               18.84         0.54
2  2026-01-23 18:49:07       0m 30s  ...                1.28         0.03
3  2026-01-23 18:49:37       0m 31s  ...                2.61         0.07
4  2026-01-23 18:50:08       0m 33s  ...               16.67         0.42
5  2026-01-23 18:50:42       0m 31s  ...                0.74         0.02
6  2026-01-23 18:51:14       0m 31s  ...                2.30         0.06

[7 rows x 24 columns]
             timestamp time_elapsed  ... severity_rate_patch Gradient_sr2
0  2026-01-23 18:47:58       0m 34s  ...               35.74         0.86
1  2026-01-23 18:48:32       0m 34s  ...               18.84         0.54
2  2026-01-23 18:49:07       0m 30s  ...                1.28         0.03
3  2026-01-23 18:49:37       0m 31s  ...                2.61         0.07
4  2026-01-23 18:50:08       0m 33s  ...               16.67         0.42
5  2026-01-23 18:50:42       0m 31s  ...                0.74         0.02
6  2026-01-23 18:51:14       0m 31s  ...                2.30         0.06
7  2026-01-23 18:51:45       0m 38s  ...               43.06         1.12

[8 rows x 24 columns]
             timestamp time_elapsed  ... severity_rate_patch Gradient_sr2
0  2026-01-23 18:47:58       0m 34s  ...               35.74         0.86
1  2026-01-23 18:48:32       0m 34s  ...               18.84         0.54
2  2026-01-23 18:49:07       0m 30s  ...                1.28         0.03
3  2026-01-23 18:49:37       0m 31s  ...                2.61         0.07
4  2026-01-23 18:50:08       0m 33s  ...               16.67         0.42
5  2026-01-23 18:50:42       0m 31s  ...                0.74         0.02
6  2026-01-23 18:51:14       0m 31s  ...                2.30         0.06
7  2026-01-23 18:51:45       0m 38s  ...               43.06         1.12
8  2026-01-23 18:52:23       0m 33s  ...                9.67         0.23

[9 rows x 24 columns]
             timestamp time_elapsed  ... severity_rate_patch Gradient_sr2
0  2026-01-23 18:47:58       0m 34s  ...               35.74         0.86
1  2026-01-23 18:48:32       0m 34s  ...               18.84         0.54
2  2026-01-23 18:49:07       0m 30s  ...                1.28         0.03
3  2026-01-23 18:49:37       0m 31s  ...                2.61         0.07
4  2026-01-23 18:50:08       0m 33s  ...               16.67         0.42
5  2026-01-23 18:50:42       0m 31s  ...                0.74         0.02
6  2026-01-23 18:51:14       0m 31s  ...                2.30         0.06
7  2026-01-23 18:51:45       0m 38s  ...               43.06         1.12
8  2026-01-23 18:52:23       0m 33s  ...                9.67         0.23
9  2026-01-23 18:52:57       0m 48s  ...               85.22         2.56

[10 rows x 24 columns]
              timestamp time_elapsed  ... severity_rate_patch Gradient_sr2
0   2026-01-23 18:47:58       0m 34s  ...               35.74         0.86
1   2026-01-23 18:48:32       0m 34s  ...               18.84         0.54
2   2026-01-23 18:49:07       0m 30s  ...                1.28         0.03
3   2026-01-23 18:49:37       0m 31s  ...                2.61         0.07
4   2026-01-23 18:50:08       0m 33s  ...               16.67         0.42
5   2026-01-23 18:50:42       0m 31s  ...                0.74         0.02
6   2026-01-23 18:51:14       0m 31s  ...                2.30         0.06
7   2026-01-23 18:51:45       0m 38s  ...               43.06         1.12
8   2026-01-23 18:52:23       0m 33s  ...                9.67         0.23
9   2026-01-23 18:52:57       0m 48s  ...               85.22         2.56
10  2026-01-23 18:53:46       0m 32s  ...                1.33         0.04

[11 rows x 24 columns]
              timestamp time_elapsed  ... severity_rate_patch Gradient_sr2
0   2026-01-23 18:47:58       0m 34s  ...               35.74         0.86
1   2026-01-23 18:48:32       0m 34s  ...               18.84         0.54
2   2026-01-23 18:49:07       0m 30s  ...                1.28         0.03
3   2026-01-23 18:49:37       0m 31s  ...                2.61         0.07
4   2026-01-23 18:50:08       0m 33s  ...               16.67         0.42
5   2026-01-23 18:50:42       0m 31s  ...                0.74         0.02
6   2026-01-23 18:51:14       0m 31s  ...                2.30         0.06
7   2026-01-23 18:51:45       0m 38s  ...               43.06         1.12
8   2026-01-23 18:52:23       0m 33s  ...                9.67         0.23
9   2026-01-23 18:52:57       0m 48s  ...               85.22         2.56
10  2026-01-23 18:53:46       0m 32s  ...                1.33         0.04
11  2026-01-23 18:54:18       0m 35s  ...               20.75         0.57

[12 rows x 24 columns]
              timestamp time_elapsed  ... severity_rate_patch Gradient_sr2
0   2026-01-23 18:47:58       0m 34s  ...               35.74         0.86
1   2026-01-23 18:48:32       0m 34s  ...               18.84         0.54
2   2026-01-23 18:49:07       0m 30s  ...                1.28         0.03
3   2026-01-23 18:49:37       0m 31s  ...                2.61         0.07
4   2026-01-23 18:50:08       0m 33s  ...               16.67         0.42
5   2026-01-23 18:50:42       0m 31s  ...                0.74         0.02
6   2026-01-23 18:51:14       0m 31s  ...                2.30         0.06
7   2026-01-23 18:51:45       0m 38s  ...               43.06         1.12
8   2026-01-23 18:52:23       0m 33s  ...                9.67         0.23
9   2026-01-23 18:52:57       0m 48s  ...               85.22         2.56
10  2026-01-23 18:53:46       0m 32s  ...                1.33         0.04
11  2026-01-23 18:54:18       0m 35s  ...               20.75         0.57
12  2026-01-23 18:54:53       0m 30s  ...                1.81         0.05

[13 rows x 24 columns]
              timestamp time_elapsed  ... severity_rate_patch Gradient_sr2
0   2026-01-23 18:47:58       0m 34s  ...               35.74         0.86
1   2026-01-23 18:48:32       0m 34s  ...               18.84         0.54
2   2026-01-23 18:49:07       0m 30s  ...                1.28         0.03
3   2026-01-23 18:49:37       0m 31s  ...                2.61         0.07
4   2026-01-23 18:50:08       0m 33s  ...               16.67         0.42
5   2026-01-23 18:50:42       0m 31s  ...                0.74         0.02
6   2026-01-23 18:51:14       0m 31s  ...                2.30         0.06
7   2026-01-23 18:51:45       0m 38s  ...               43.06         1.12
8   2026-01-23 18:52:23       0m 33s  ...                9.67         0.23
9   2026-01-23 18:52:57       0m 48s  ...               85.22         2.56
10  2026-01-23 18:53:46       0m 32s  ...                1.33         0.04
11  2026-01-23 18:54:18       0m 35s  ...               20.75         0.57
12  2026-01-23 18:54:53       0m 30s  ...                1.81         0.05
13  2026-01-23 18:55:24       0m 31s  ...                8.03         0.22

[14 rows x 24 columns]
              timestamp time_elapsed  ... severity_rate_patch Gradient_sr2
0   2026-01-23 18:47:58       0m 34s  ...               35.74         0.86
1   2026-01-23 18:48:32       0m 34s  ...               18.84         0.54
2   2026-01-23 18:49:07       0m 30s  ...                1.28         0.03
3   2026-01-23 18:49:37       0m 31s  ...                2.61         0.07
4   2026-01-23 18:50:08       0m 33s  ...               16.67         0.42
5   2026-01-23 18:50:42       0m 31s  ...                0.74         0.02
6   2026-01-23 18:51:14       0m 31s  ...                2.30         0.06
7   2026-01-23 18:51:45       0m 38s  ...               43.06         1.12
8   2026-01-23 18:52:23       0m 33s  ...                9.67         0.23
9   2026-01-23 18:52:57       0m 48s  ...               85.22         2.56
10  2026-01-23 18:53:46       0m 32s  ...                1.33         0.04
11  2026-01-23 18:54:18       0m 35s  ...               20.75         0.57
12  2026-01-23 18:54:53       0m 30s  ...                1.81         0.05
13  2026-01-23 18:55:24       0m 31s  ...                8.03         0.22
14  2026-01-23 18:55:56       0m 38s  ...               44.50         1.20

[15 rows x 24 columns]

real	8m43.734s
user	0m0.015s
sys	0m0.000s
