[2026-01-23 19:23:21,019] - [root] - [INFO] - leaf_correlation_mw.py
[2026-01-23 19:23:21,019] - [root] - [INFO] - model_type       : ResNet
[2026-01-23 19:23:21,019] - [root] - [INFO] - pretrained       : True
[2026-01-23 19:23:21,019] - [root] - [INFO] - loading_epoch    : 65
[2026-01-23 19:23:21,019] - [root] - [INFO] - timestamp        : Jan22_10-21-00_2026
[2026-01-23 19:23:21,020] - [root] - [INFO] - outdim           : 2
[2026-01-23 19:23:21,020] - [root] - [INFO] - dual_head        : True
[2026-01-23 19:23:21,020] - [root] - [INFO] - model_path       : ../..
[2026-01-23 19:23:21,020] - [root] - [INFO] - step_size        : 224
[2026-01-23 19:23:21,020] - [root] - [INFO] - means            : [0.541, 0.6371, 0.4188]
[2026-01-23 19:23:21,020] - [root] - [INFO] - stds             : [0.1764, 0.165, 0.2326]
[2026-01-23 19:23:21,020] - [root] - [INFO] - target_class     : 1
[2026-01-23 19:23:21,020] - [root] - [INFO] - contam_control   : False
[2026-01-23 19:23:21,021] - [root] - [INFO] - spor_th          : 0.7
[2026-01-23 19:23:21,021] - [root] - [INFO] - inf_gate         : 0.6
[2026-01-23 19:23:21,021] - [root] - [INFO] - pm               : HPM-1269
[2026-01-23 19:23:21,021] - [root] - [INFO] - mps              : False
[2026-01-23 19:23:21,021] - [root] - [INFO] - cuda             : True
[2026-01-23 19:23:21,021] - [root] - [INFO] - cuda_id          : 0
[2026-01-23 19:23:21,021] - [root] - [INFO] - sal_threshold    : 0.5
[2026-01-23 19:23:21,021] - [root] - [INFO] - up_threshold     : 0.7
[2026-01-23 19:23:21,021] - [root] - [INFO] - down_threshold   : 0.3
[2026-01-23 19:23:21,021] - [root] - [INFO] - dataset_path     : C:/Users/Intel User/Desktop/blackbird_scripts/data/human_disk_assessments
[2026-01-23 19:23:21,021] - [root] - [INFO] - img_folder       : 1-22-2026
[2026-01-23 19:23:21,021] - [root] - [INFO] - platform         : BlackBird
[2026-01-23 19:23:21,021] - [root] - [INFO] - threshold        : ['0.7']
[2026-01-23 19:23:21,021] - [root] - [INFO] - log              : ../../results/logs/random.log
[2026-01-23 19:23:21,022] - [root] - [INFO] - dpi              : 5
[2026-01-23 19:23:21,022] - [root] - [INFO] - group            : baseline
[2026-01-23 19:23:21,022] - [root] - [INFO] - trays            : ['5dpi']
[2026-01-23 19:23:21,022] - [root] - [INFO] - sal_gradcam      : False
[2026-01-23 19:23:21,022] - [root] - [INFO] - sal_gradient     : True
[2026-01-23 19:23:21,022] - [root] - [INFO] - sal_smoothgrad   : False
[2026-01-23 19:23:21,022] - [root] - [INFO] - sal_deeplift     : False
[2026-01-23 19:23:21,022] - [root] - [INFO] - sal_thresh_method : fixed
[2026-01-23 19:23:21,022] - [root] - [INFO] - sal_thresh_p     : 95.0
[2026-01-23 19:23:21,927] - [root] - [INFO] - -------------------------------------------
[2026-01-23 19:23:21,927] - [root] - [INFO] - Processing 1-22-2026 5dpi 015-W2021009-160_R1.png
[2026-01-23 19:23:43,522] - [root] - [INFO] - Finished loading mask: 0m 21s
[2026-01-23 19:23:57,588] - [root] - [INFO] - Finished crop and inference: 0m 35s
[2026-01-23 19:23:59,137] - [root] - [INFO] - Analysis finished: 0m 37s
[2026-01-23 19:23:59,137] - [root] - [INFO] - -------------------------------------------
[2026-01-23 19:23:59,137] - [root] - [INFO] - -------------------------------------------
[2026-01-23 19:23:59,137] - [root] - [INFO] - Processing 1-22-2026 5dpi 015-W2021011-633_R1.png
[2026-01-23 19:24:20,203] - [root] - [INFO] - Finished loading mask: 0m 21s
[2026-01-23 19:24:33,345] - [root] - [INFO] - Finished crop and inference: 0m 34s
[2026-01-23 19:24:34,985] - [root] - [INFO] - Analysis finished: 0m 35s
[2026-01-23 19:24:34,985] - [root] - [INFO] - -------------------------------------------
[2026-01-23 19:24:34,985] - [root] - [INFO] - -------------------------------------------
[2026-01-23 19:24:34,986] - [root] - [INFO] - Processing 1-22-2026 5dpi 019-W2021010-428_R2.png
[2026-01-23 19:24:56,716] - [root] - [INFO] - Finished loading mask: 0m 21s
[2026-01-23 19:25:05,388] - [root] - [INFO] - Finished crop and inference: 0m 30s
[2026-01-23 19:25:06,996] - [root] - [INFO] - Analysis finished: 0m 32s
[2026-01-23 19:25:06,996] - [root] - [INFO] - -------------------------------------------
[2026-01-23 19:25:06,996] - [root] - [INFO] - -------------------------------------------
[2026-01-23 19:25:06,996] - [root] - [INFO] - Processing 1-22-2026 5dpi 021-W2021009-175_R1.png
[2026-01-23 19:25:28,318] - [root] - [INFO] - Finished loading mask: 0m 21s
[2026-01-23 19:25:38,037] - [root] - [INFO] - Finished crop and inference: 0m 31s
[2026-01-23 19:25:39,671] - [root] - [INFO] - Analysis finished: 0m 32s
[2026-01-23 19:25:39,672] - [root] - [INFO] - -------------------------------------------
[2026-01-23 19:25:39,672] - [root] - [INFO] - -------------------------------------------
[2026-01-23 19:25:39,672] - [root] - [INFO] - Processing 1-22-2026 5dpi 022-W2021009-198_R2.png
[2026-01-23 19:26:01,335] - [root] - [INFO] - Finished loading mask: 0m 21s
[2026-01-23 19:26:13,304] - [root] - [INFO] - Finished crop and inference: 0m 33s
[2026-01-23 19:26:15,082] - [root] - [INFO] - Analysis finished: 0m 35s
[2026-01-23 19:26:15,082] - [root] - [INFO] - -------------------------------------------
[2026-01-23 19:26:15,082] - [root] - [INFO] - -------------------------------------------
[2026-01-23 19:26:15,082] - [root] - [INFO] - Processing 1-22-2026 5dpi 036-W2021006-047_R2.png
[2026-01-23 19:26:36,957] - [root] - [INFO] - Finished loading mask: 0m 21s
[2026-01-23 19:26:46,064] - [root] - [INFO] - Finished crop and inference: 0m 30s
[2026-01-23 19:26:47,939] - [root] - [INFO] - Analysis finished: 0m 32s
[2026-01-23 19:26:47,939] - [root] - [INFO] - -------------------------------------------
[2026-01-23 19:26:47,939] - [root] - [INFO] - -------------------------------------------
[2026-01-23 19:26:47,939] - [root] - [INFO] - Processing 1-22-2026 5dpi 060-W2021010-324_R2.png
[2026-01-23 19:27:10,146] - [root] - [INFO] - Finished loading mask: 0m 22s
[2026-01-23 19:27:19,324] - [root] - [INFO] - Finished crop and inference: 0m 31s
[2026-01-23 19:27:21,202] - [root] - [INFO] - Analysis finished: 0m 33s
[2026-01-23 19:27:21,202] - [root] - [INFO] - -------------------------------------------
[2026-01-23 19:27:21,202] - [root] - [INFO] - -------------------------------------------
[2026-01-23 19:27:21,202] - [root] - [INFO] - Processing 1-22-2026 5dpi 099-W2021006-611_R2.png
[2026-01-23 19:27:43,724] - [root] - [INFO] - Finished loading mask: 0m 22s
[2026-01-23 19:28:00,520] - [root] - [INFO] - Finished crop and inference: 0m 39s
[2026-01-23 19:28:02,432] - [root] - [INFO] - Analysis finished: 0m 41s
[2026-01-23 19:28:02,432] - [root] - [INFO] - -------------------------------------------
[2026-01-23 19:28:02,433] - [root] - [INFO] - -------------------------------------------
[2026-01-23 19:28:02,433] - [root] - [INFO] - Processing 1-22-2026 5dpi 123-W2021009-255_R2.png
[2026-01-23 19:28:24,268] - [root] - [INFO] - Finished loading mask: 0m 21s
[2026-01-23 19:28:35,471] - [root] - [INFO] - Finished crop and inference: 0m 33s
[2026-01-23 19:28:37,355] - [root] - [INFO] - Analysis finished: 0m 34s
[2026-01-23 19:28:37,355] - [root] - [INFO] - -------------------------------------------
[2026-01-23 19:28:37,355] - [root] - [INFO] - -------------------------------------------
[2026-01-23 19:28:37,355] - [root] - [INFO] - Processing 1-22-2026 5dpi 141-W2021009-274_R1.png
[2026-01-23 19:28:59,350] - [root] - [INFO] - Finished loading mask: 0m 21s
[2026-01-23 19:29:24,723] - [root] - [INFO] - Finished crop and inference: 0m 47s
[2026-01-23 19:29:26,608] - [root] - [INFO] - Analysis finished: 0m 49s
[2026-01-23 19:29:26,608] - [root] - [INFO] - -------------------------------------------
[2026-01-23 19:29:26,608] - [root] - [INFO] - -------------------------------------------
[2026-01-23 19:29:26,608] - [root] - [INFO] - Processing 1-22-2026 5dpi 173-W2021006-127_R2.png
[2026-01-23 19:29:48,238] - [root] - [INFO] - Finished loading mask: 0m 21s
[2026-01-23 19:29:57,723] - [root] - [INFO] - Finished crop and inference: 0m 31s
[2026-01-23 19:29:59,764] - [root] - [INFO] - Analysis finished: 0m 33s
[2026-01-23 19:29:59,764] - [root] - [INFO] - -------------------------------------------
[2026-01-23 19:29:59,764] - [root] - [INFO] - -------------------------------------------
[2026-01-23 19:29:59,764] - [root] - [INFO] - Processing 1-22-2026 5dpi 191-W2021010-449_R1.png
[2026-01-23 19:30:21,865] - [root] - [INFO] - Finished loading mask: 0m 22s
[2026-01-23 19:30:35,350] - [root] - [INFO] - Finished crop and inference: 0m 35s
[2026-01-23 19:30:37,246] - [root] - [INFO] - Analysis finished: 0m 37s
[2026-01-23 19:30:37,246] - [root] - [INFO] - -------------------------------------------
[2026-01-23 19:30:37,246] - [root] - [INFO] - -------------------------------------------
[2026-01-23 19:30:37,246] - [root] - [INFO] - Processing 1-22-2026 5dpi 254-W2021010-352_R2.png
[2026-01-23 19:30:58,318] - [root] - [INFO] - Finished loading mask: 0m 21s
[2026-01-23 19:31:06,174] - [root] - [INFO] - Finished crop and inference: 0m 28s
[2026-01-23 19:31:08,219] - [root] - [INFO] - Analysis finished: 0m 30s
[2026-01-23 19:31:08,219] - [root] - [INFO] - -------------------------------------------
[2026-01-23 19:31:08,220] - [root] - [INFO] - -------------------------------------------
[2026-01-23 19:31:08,220] - [root] - [INFO] - Processing 1-22-2026 5dpi 266-W2021009-193_R1.png
[2026-01-23 19:31:30,237] - [root] - [INFO] - Finished loading mask: 0m 22s
[2026-01-23 19:31:40,014] - [root] - [INFO] - Finished crop and inference: 0m 31s
[2026-01-23 19:31:41,974] - [root] - [INFO] - Analysis finished: 0m 33s
[2026-01-23 19:31:41,974] - [root] - [INFO] - -------------------------------------------
[2026-01-23 19:31:41,974] - [root] - [INFO] - -------------------------------------------
[2026-01-23 19:31:41,975] - [root] - [INFO] - Processing 1-22-2026 5dpi 336-W2021011-506_R2.png
[2026-01-23 19:32:03,437] - [root] - [INFO] - Finished loading mask: 0m 21s
[2026-01-23 19:32:19,920] - [root] - [INFO] - Finished crop and inference: 0m 37s
[2026-01-23 19:32:21,928] - [root] - [INFO] - Analysis finished: 0m 39s
[2026-01-23 19:32:21,928] - [root] - [INFO] - -------------------------------------------
[2026-01-23 19:32:21,936] - [root] - [INFO] - Saved C:\Users\Intel User\Desktop\blackbird_scripts\data\Results\ResNet_upth0.7_downth0.3_Jan22_10-21-00_2026\1-22-2026\th_0.7\severity_rate_tray_5dpi_u0.7_d0.3_ig0.6_sp0.7.csv
             timestamp time_elapsed  ... severity_rate_patch Gradient_sr2
0  2026-01-23 19:23:21       0m 37s  ...               34.47         0.86

[1 rows x 24 columns]
             timestamp time_elapsed  ... severity_rate_patch Gradient_sr2
0  2026-01-23 19:23:21       0m 37s  ...               34.47         0.86
1  2026-01-23 19:23:59       0m 35s  ...               18.73         0.54

[2 rows x 24 columns]
             timestamp time_elapsed  ... severity_rate_patch Gradient_sr2
0  2026-01-23 19:23:21       0m 37s  ...               34.47         0.86
1  2026-01-23 19:23:59       0m 35s  ...               18.73         0.54
2  2026-01-23 19:24:34       0m 31s  ...                1.28         0.03

[3 rows x 24 columns]
             timestamp time_elapsed  ... severity_rate_patch Gradient_sr2
0  2026-01-23 19:23:21       0m 37s  ...               34.47         0.86
1  2026-01-23 19:23:59       0m 35s  ...               18.73         0.54
2  2026-01-23 19:24:34       0m 31s  ...                1.28         0.03
3  2026-01-23 19:25:06       0m 32s  ...                2.60         0.07

[4 rows x 24 columns]
             timestamp time_elapsed  ... severity_rate_patch Gradient_sr2
0  2026-01-23 19:23:21       0m 37s  ...               34.47         0.86
1  2026-01-23 19:23:59       0m 35s  ...               18.73         0.54
2  2026-01-23 19:24:34       0m 31s  ...                1.28         0.03
3  2026-01-23 19:25:06       0m 32s  ...                2.60         0.07
4  2026-01-23 19:25:39       0m 35s  ...               15.96         0.42

[5 rows x 24 columns]
             timestamp time_elapsed  ... severity_rate_patch Gradient_sr2
0  2026-01-23 19:23:21       0m 37s  ...               34.47         0.86
1  2026-01-23 19:23:59       0m 35s  ...               18.73         0.54
2  2026-01-23 19:24:34       0m 31s  ...                1.28         0.03
3  2026-01-23 19:25:06       0m 32s  ...                2.60         0.07
4  2026-01-23 19:25:39       0m 35s  ...               15.96         0.42
5  2026-01-23 19:26:15       0m 32s  ...                0.74         0.02

[6 rows x 24 columns]
             timestamp time_elapsed  ... severity_rate_patch Gradient_sr2
0  2026-01-23 19:23:21       0m 37s  ...               34.47         0.86
1  2026-01-23 19:23:59       0m 35s  ...               18.73         0.54
2  2026-01-23 19:24:34       0m 31s  ...                1.28         0.03
3  2026-01-23 19:25:06       0m 32s  ...                2.60         0.07
4  2026-01-23 19:25:39       0m 35s  ...               15.96         0.42
5  2026-01-23 19:26:15       0m 32s  ...                0.74         0.02
6  2026-01-23 19:26:47       0m 33s  ...                2.26         0.06

[7 rows x 24 columns]
             timestamp time_elapsed  ... severity_rate_patch Gradient_sr2
0  2026-01-23 19:23:21       0m 37s  ...               34.47         0.86
1  2026-01-23 19:23:59       0m 35s  ...               18.73         0.54
2  2026-01-23 19:24:34       0m 31s  ...                1.28         0.03
3  2026-01-23 19:25:06       0m 32s  ...                2.60         0.07
4  2026-01-23 19:25:39       0m 35s  ...               15.96         0.42
5  2026-01-23 19:26:15       0m 32s  ...                0.74         0.02
6  2026-01-23 19:26:47       0m 33s  ...                2.26         0.06
7  2026-01-23 19:27:21       0m 41s  ...               41.19         1.12

[8 rows x 24 columns]
             timestamp time_elapsed  ... severity_rate_patch Gradient_sr2
0  2026-01-23 19:23:21       0m 37s  ...               34.47         0.86
1  2026-01-23 19:23:59       0m 35s  ...               18.73         0.54
2  2026-01-23 19:24:34       0m 31s  ...                1.28         0.03
3  2026-01-23 19:25:06       0m 32s  ...                2.60         0.07
4  2026-01-23 19:25:39       0m 35s  ...               15.96         0.42
5  2026-01-23 19:26:15       0m 32s  ...                0.74         0.02
6  2026-01-23 19:26:47       0m 33s  ...                2.26         0.06
7  2026-01-23 19:27:21       0m 41s  ...               41.19         1.12
8  2026-01-23 19:28:02       0m 34s  ...                9.33         0.23

[9 rows x 24 columns]
             timestamp time_elapsed  ... severity_rate_patch Gradient_sr2
0  2026-01-23 19:23:21       0m 37s  ...               34.47         0.86
1  2026-01-23 19:23:59       0m 35s  ...               18.73         0.54
2  2026-01-23 19:24:34       0m 31s  ...                1.28         0.03
3  2026-01-23 19:25:06       0m 32s  ...                2.60         0.07
4  2026-01-23 19:25:39       0m 35s  ...               15.96         0.42
5  2026-01-23 19:26:15       0m 32s  ...                0.74         0.02
6  2026-01-23 19:26:47       0m 33s  ...                2.26         0.06
7  2026-01-23 19:27:21       0m 41s  ...               41.19         1.12
8  2026-01-23 19:28:02       0m 34s  ...                9.33         0.23
9  2026-01-23 19:28:37       0m 49s  ...               84.40         2.56

[10 rows x 24 columns]
              timestamp time_elapsed  ... severity_rate_patch Gradient_sr2
0   2026-01-23 19:23:21       0m 37s  ...               34.47         0.86
1   2026-01-23 19:23:59       0m 35s  ...               18.73         0.54
2   2026-01-23 19:24:34       0m 31s  ...                1.28         0.03
3   2026-01-23 19:25:06       0m 32s  ...                2.60         0.07
4   2026-01-23 19:25:39       0m 35s  ...               15.96         0.42
5   2026-01-23 19:26:15       0m 32s  ...                0.74         0.02
6   2026-01-23 19:26:47       0m 33s  ...                2.26         0.06
7   2026-01-23 19:27:21       0m 41s  ...               41.19         1.12
8   2026-01-23 19:28:02       0m 34s  ...                9.33         0.23
9   2026-01-23 19:28:37       0m 49s  ...               84.40         2.56
10  2026-01-23 19:29:26       0m 33s  ...                1.33         0.04

[11 rows x 24 columns]
              timestamp time_elapsed  ... severity_rate_patch Gradient_sr2
0   2026-01-23 19:23:21       0m 37s  ...               34.47         0.86
1   2026-01-23 19:23:59       0m 35s  ...               18.73         0.54
2   2026-01-23 19:24:34       0m 31s  ...                1.28         0.03
3   2026-01-23 19:25:06       0m 32s  ...                2.60         0.07
4   2026-01-23 19:25:39       0m 35s  ...               15.96         0.42
5   2026-01-23 19:26:15       0m 32s  ...                0.74         0.02
6   2026-01-23 19:26:47       0m 33s  ...                2.26         0.06
7   2026-01-23 19:27:21       0m 41s  ...               41.19         1.12
8   2026-01-23 19:28:02       0m 34s  ...                9.33         0.23
9   2026-01-23 19:28:37       0m 49s  ...               84.40         2.56
10  2026-01-23 19:29:26       0m 33s  ...                1.33         0.04
11  2026-01-23 19:29:59       0m 37s  ...               20.23         0.57

[12 rows x 24 columns]
              timestamp time_elapsed  ... severity_rate_patch Gradient_sr2
0   2026-01-23 19:23:21       0m 37s  ...               34.47         0.86
1   2026-01-23 19:23:59       0m 35s  ...               18.73         0.54
2   2026-01-23 19:24:34       0m 31s  ...                1.28         0.03
3   2026-01-23 19:25:06       0m 32s  ...                2.60         0.07
4   2026-01-23 19:25:39       0m 35s  ...               15.96         0.42
5   2026-01-23 19:26:15       0m 32s  ...                0.74         0.02
6   2026-01-23 19:26:47       0m 33s  ...                2.26         0.06
7   2026-01-23 19:27:21       0m 41s  ...               41.19         1.12
8   2026-01-23 19:28:02       0m 34s  ...                9.33         0.23
9   2026-01-23 19:28:37       0m 49s  ...               84.40         2.56
10  2026-01-23 19:29:26       0m 33s  ...                1.33         0.04
11  2026-01-23 19:29:59       0m 37s  ...               20.23         0.57
12  2026-01-23 19:30:37       0m 30s  ...                1.80         0.05

[13 rows x 24 columns]
              timestamp time_elapsed  ... severity_rate_patch Gradient_sr2
0   2026-01-23 19:23:21       0m 37s  ...               34.47         0.86
1   2026-01-23 19:23:59       0m 35s  ...               18.73         0.54
2   2026-01-23 19:24:34       0m 31s  ...                1.28         0.03
3   2026-01-23 19:25:06       0m 32s  ...                2.60         0.07
4   2026-01-23 19:25:39       0m 35s  ...               15.96         0.42
5   2026-01-23 19:26:15       0m 32s  ...                0.74         0.02
6   2026-01-23 19:26:47       0m 33s  ...                2.26         0.06
7   2026-01-23 19:27:21       0m 41s  ...               41.19         1.12
8   2026-01-23 19:28:02       0m 34s  ...                9.33         0.23
9   2026-01-23 19:28:37       0m 49s  ...               84.40         2.56
10  2026-01-23 19:29:26       0m 33s  ...                1.33         0.04
11  2026-01-23 19:29:59       0m 37s  ...               20.23         0.57
12  2026-01-23 19:30:37       0m 30s  ...                1.80         0.05
13  2026-01-23 19:31:08       0m 33s  ...                7.81         0.22

[14 rows x 24 columns]
              timestamp time_elapsed  ... severity_rate_patch Gradient_sr2
0   2026-01-23 19:23:21       0m 37s  ...               34.47         0.86
1   2026-01-23 19:23:59       0m 35s  ...               18.73         0.54
2   2026-01-23 19:24:34       0m 31s  ...                1.28         0.03
3   2026-01-23 19:25:06       0m 32s  ...                2.60         0.07
4   2026-01-23 19:25:39       0m 35s  ...               15.96         0.42
5   2026-01-23 19:26:15       0m 32s  ...                0.74         0.02
6   2026-01-23 19:26:47       0m 33s  ...                2.26         0.06
7   2026-01-23 19:27:21       0m 41s  ...               41.19         1.12
8   2026-01-23 19:28:02       0m 34s  ...                9.33         0.23
9   2026-01-23 19:28:37       0m 49s  ...               84.40         2.56
10  2026-01-23 19:29:26       0m 33s  ...                1.33         0.04
11  2026-01-23 19:29:59       0m 37s  ...               20.23         0.57
12  2026-01-23 19:30:37       0m 30s  ...                1.80         0.05
13  2026-01-23 19:31:08       0m 33s  ...                7.81         0.22
14  2026-01-23 19:31:41       0m 39s  ...               43.56         1.20

[15 rows x 24 columns]

real	9m7.169s
user	0m0.000s
sys	0m0.000s
