[2026-01-24 15:14:05,651] - [root] - [INFO] - leaf_correlation_mw.py
[2026-01-24 15:14:05,651] - [root] - [INFO] - model_type       : ResNet
[2026-01-24 15:14:05,651] - [root] - [INFO] - pretrained       : True
[2026-01-24 15:14:05,651] - [root] - [INFO] - loading_epoch    : 59
[2026-01-24 15:14:05,651] - [root] - [INFO] - timestamp        : Feb14_15-53-04_2024
[2026-01-24 15:14:05,651] - [root] - [INFO] - outdim           : 2
[2026-01-24 15:14:05,651] - [root] - [INFO] - dual_head        : False
[2026-01-24 15:14:05,652] - [root] - [INFO] - model_path       : ../..
[2026-01-24 15:14:05,652] - [root] - [INFO] - step_size        : 224
[2026-01-24 15:14:05,652] - [root] - [INFO] - means            : [0.541, 0.6371, 0.4188]
[2026-01-24 15:14:05,652] - [root] - [INFO] - stds             : [0.1764, 0.165, 0.2326]
[2026-01-24 15:14:05,652] - [root] - [INFO] - target_class     : 1
[2026-01-24 15:14:05,652] - [root] - [INFO] - contam_control   : False
[2026-01-24 15:14:05,652] - [root] - [INFO] - spor_th          : None
[2026-01-24 15:14:05,653] - [root] - [INFO] - inf_gate         : None
[2026-01-24 15:14:05,653] - [root] - [INFO] - pm               : HPM-1269
[2026-01-24 15:14:05,653] - [root] - [INFO] - mps              : False
[2026-01-24 15:14:05,653] - [root] - [INFO] - cuda             : True
[2026-01-24 15:14:05,653] - [root] - [INFO] - cuda_id          : 0
[2026-01-24 15:14:05,653] - [root] - [INFO] - sal_threshold    : 0.5
[2026-01-24 15:14:05,653] - [root] - [INFO] - up_threshold     : 0.8
[2026-01-24 15:14:05,653] - [root] - [INFO] - down_threshold   : 0.1
[2026-01-24 15:14:05,653] - [root] - [INFO] - dataset_path     : C:/Users/Intel User/Desktop/blackbird_scripts/data/human_disk_assessments
[2026-01-24 15:14:05,653] - [root] - [INFO] - img_folder       : 1-22-2026
[2026-01-24 15:14:05,653] - [root] - [INFO] - platform         : BlackBird
[2026-01-24 15:14:05,653] - [root] - [INFO] - threshold        : ['0.7']
[2026-01-24 15:14:05,653] - [root] - [INFO] - log              : ../../results/logs/random.log
[2026-01-24 15:14:05,654] - [root] - [INFO] - dpi              : 10
[2026-01-24 15:14:05,654] - [root] - [INFO] - group            : baseline
[2026-01-24 15:14:05,654] - [root] - [INFO] - trays            : ['10dpi']
[2026-01-24 15:14:05,654] - [root] - [INFO] - sal_gradcam      : False
[2026-01-24 15:14:05,654] - [root] - [INFO] - sal_gradient     : True
[2026-01-24 15:14:05,654] - [root] - [INFO] - sal_smoothgrad   : False
[2026-01-24 15:14:05,654] - [root] - [INFO] - sal_deeplift     : False
[2026-01-24 15:14:05,654] - [root] - [INFO] - sal_thresh_method : fixed
[2026-01-24 15:14:05,654] - [root] - [INFO] - sal_thresh_p     : 95.0
[2026-01-24 15:14:06,568] - [root] - [INFO] - -------------------------------------------
[2026-01-24 15:14:06,568] - [root] - [INFO] - Processing 1-22-2026 10dpi 046-W2021009-208_R2.png
[2026-01-24 15:14:27,702] - [root] - [INFO] - Finished loading mask: 0m 21s
[2026-01-24 15:14:38,233] - [root] - [INFO] - Finished crop and inference: 0m 31s
[2026-01-24 15:14:39,336] - [root] - [INFO] - Analysis finished: 0m 32s
[2026-01-24 15:14:39,337] - [root] - [INFO] - -------------------------------------------
[2026-01-24 15:14:39,337] - [root] - [INFO] - -------------------------------------------
[2026-01-24 15:14:39,337] - [root] - [INFO] - Processing 1-22-2026 10dpi 151-W2021011-479_R2.png
[2026-01-24 15:15:01,446] - [root] - [INFO] - Finished loading mask: 0m 22s
[2026-01-24 15:15:27,680] - [root] - [INFO] - Finished crop and inference: 0m 48s
[2026-01-24 15:15:28,918] - [root] - [INFO] - Analysis finished: 0m 49s
[2026-01-24 15:15:28,919] - [root] - [INFO] - -------------------------------------------
[2026-01-24 15:15:28,919] - [root] - [INFO] - -------------------------------------------
[2026-01-24 15:15:28,919] - [root] - [INFO] - Processing 1-22-2026 10dpi 152-W2021010-301_R2.png
[2026-01-24 15:15:50,816] - [root] - [INFO] - Finished loading mask: 0m 21s
[2026-01-24 15:16:02,134] - [root] - [INFO] - Finished crop and inference: 0m 33s
[2026-01-24 15:16:03,388] - [root] - [INFO] - Analysis finished: 0m 34s
[2026-01-24 15:16:03,388] - [root] - [INFO] - -------------------------------------------
[2026-01-24 15:16:03,389] - [root] - [INFO] - -------------------------------------------
[2026-01-24 15:16:03,389] - [root] - [INFO] - Processing 1-22-2026 10dpi 152-W2021011-479_R1.png
[2026-01-24 15:16:25,393] - [root] - [INFO] - Finished loading mask: 0m 22s
[2026-01-24 15:16:42,382] - [root] - [INFO] - Finished crop and inference: 0m 38s
[2026-01-24 15:16:43,740] - [root] - [INFO] - Analysis finished: 0m 40s
[2026-01-24 15:16:43,741] - [root] - [INFO] - -------------------------------------------
[2026-01-24 15:16:43,741] - [root] - [INFO] - -------------------------------------------
[2026-01-24 15:16:43,741] - [root] - [INFO] - Processing 1-22-2026 10dpi 162-W2021011-551_R2.png
[2026-01-24 15:17:05,946] - [root] - [INFO] - Finished loading mask: 0m 22s
[2026-01-24 15:17:32,219] - [root] - [INFO] - Finished crop and inference: 0m 48s
[2026-01-24 15:17:33,503] - [root] - [INFO] - Analysis finished: 0m 49s
[2026-01-24 15:17:33,503] - [root] - [INFO] - -------------------------------------------
[2026-01-24 15:17:33,503] - [root] - [INFO] - -------------------------------------------
[2026-01-24 15:17:33,503] - [root] - [INFO] - Processing 1-22-2026 10dpi 166-W2021006-123_R1.png
[2026-01-24 15:17:55,104] - [root] - [INFO] - Finished loading mask: 0m 21s
[2026-01-24 15:18:03,975] - [root] - [INFO] - Finished crop and inference: 0m 30s
[2026-01-24 15:18:05,225] - [root] - [INFO] - Analysis finished: 0m 31s
[2026-01-24 15:18:05,225] - [root] - [INFO] - -------------------------------------------
[2026-01-24 15:18:05,225] - [root] - [INFO] - -------------------------------------------
[2026-01-24 15:18:05,225] - [root] - [INFO] - Processing 1-22-2026 10dpi 166-W2021006-146_R1.png
[2026-01-24 15:18:27,212] - [root] - [INFO] - Finished loading mask: 0m 21s
[2026-01-24 15:18:46,925] - [root] - [INFO] - Finished crop and inference: 0m 41s
[2026-01-24 15:18:48,172] - [root] - [INFO] - Analysis finished: 0m 42s
[2026-01-24 15:18:48,172] - [root] - [INFO] - -------------------------------------------
[2026-01-24 15:18:48,173] - [root] - [INFO] - -------------------------------------------
[2026-01-24 15:18:48,173] - [root] - [INFO] - Processing 1-22-2026 10dpi 166-W2021006-146_R2.png
[2026-01-24 15:19:10,264] - [root] - [INFO] - Finished loading mask: 0m 22s
[2026-01-24 15:19:23,542] - [root] - [INFO] - Finished crop and inference: 0m 35s
[2026-01-24 15:19:24,881] - [root] - [INFO] - Analysis finished: 0m 36s
[2026-01-24 15:19:24,881] - [root] - [INFO] - -------------------------------------------
[2026-01-24 15:19:24,881] - [root] - [INFO] - -------------------------------------------
[2026-01-24 15:19:24,881] - [root] - [INFO] - Processing 1-22-2026 10dpi 171-W2021011-584_R1.png
[2026-01-24 15:19:47,537] - [root] - [INFO] - Finished loading mask: 0m 22s
[2026-01-24 15:20:08,934] - [root] - [INFO] - Finished crop and inference: 0m 44s
[2026-01-24 15:20:10,173] - [root] - [INFO] - Analysis finished: 0m 45s
[2026-01-24 15:20:10,174] - [root] - [INFO] - -------------------------------------------
[2026-01-24 15:20:10,174] - [root] - [INFO] - -------------------------------------------
[2026-01-24 15:20:10,174] - [root] - [INFO] - Processing 1-22-2026 10dpi 181-W2021009-295_R2.png
[2026-01-24 15:20:32,936] - [root] - [INFO] - Finished loading mask: 0m 22s
[2026-01-24 15:20:46,700] - [root] - [INFO] - Finished crop and inference: 0m 36s
[2026-01-24 15:20:47,982] - [root] - [INFO] - Analysis finished: 0m 37s
[2026-01-24 15:20:47,982] - [root] - [INFO] - -------------------------------------------
[2026-01-24 15:20:47,982] - [root] - [INFO] - -------------------------------------------
[2026-01-24 15:20:47,982] - [root] - [INFO] - Processing 1-22-2026 10dpi 182-W2021009-251_R1.png
[2026-01-24 15:21:11,152] - [root] - [INFO] - Finished loading mask: 0m 23s
[2026-01-24 15:21:21,160] - [root] - [INFO] - Finished crop and inference: 0m 33s
[2026-01-24 15:21:22,283] - [root] - [INFO] - Analysis finished: 0m 34s
[2026-01-24 15:21:22,283] - [root] - [INFO] - -------------------------------------------
[2026-01-24 15:21:22,283] - [root] - [INFO] - -------------------------------------------
[2026-01-24 15:21:22,283] - [root] - [INFO] - Processing 1-22-2026 10dpi 192-W2021010-449_R2.png
[2026-01-24 15:21:43,951] - [root] - [INFO] - Finished loading mask: 0m 21s
[2026-01-24 15:22:02,933] - [root] - [INFO] - Finished crop and inference: 0m 40s
[2026-01-24 15:22:04,234] - [root] - [INFO] - Analysis finished: 0m 41s
[2026-01-24 15:22:04,234] - [root] - [INFO] - -------------------------------------------
[2026-01-24 15:22:04,234] - [root] - [INFO] - -------------------------------------------
[2026-01-24 15:22:04,234] - [root] - [INFO] - Processing 1-22-2026 10dpi 206-W2021009-271_R2.png
[2026-01-24 15:22:26,089] - [root] - [INFO] - Finished loading mask: 0m 21s
[2026-01-24 15:22:47,965] - [root] - [INFO] - Finished crop and inference: 0m 43s
[2026-01-24 15:22:49,178] - [root] - [INFO] - Analysis finished: 0m 44s
[2026-01-24 15:22:49,178] - [root] - [INFO] - -------------------------------------------
[2026-01-24 15:22:49,178] - [root] - [INFO] - -------------------------------------------
[2026-01-24 15:22:49,179] - [root] - [INFO] - Processing 1-22-2026 10dpi 207-W2021009-271_R1.png
[2026-01-24 15:23:11,026] - [root] - [INFO] - Finished loading mask: 0m 21s
[2026-01-24 15:23:22,098] - [root] - [INFO] - Finished crop and inference: 0m 32s
[2026-01-24 15:23:23,189] - [root] - [INFO] - Analysis finished: 0m 34s
[2026-01-24 15:23:23,189] - [root] - [INFO] - -------------------------------------------
[2026-01-24 15:23:23,189] - [root] - [INFO] - -------------------------------------------
[2026-01-24 15:23:23,189] - [root] - [INFO] - Processing 1-22-2026 10dpi 233-W2021006-607_R1.png
[2026-01-24 15:23:44,598] - [root] - [INFO] - Finished loading mask: 0m 21s
[2026-01-24 15:23:54,918] - [root] - [INFO] - Finished crop and inference: 0m 31s
[2026-01-24 15:23:56,003] - [root] - [INFO] - Analysis finished: 0m 32s
[2026-01-24 15:23:56,003] - [root] - [INFO] - -------------------------------------------
[2026-01-24 15:23:56,019] - [root] - [INFO] - Saved C:\Users\Intel User\Desktop\blackbird_scripts\data\Results\ResNet_upth0.8_downth0.1_Feb14_15-53-04_2024\1-22-2026\th_0.7\severity_rate_tray_10dpi_u0.8_d0.1_ig0.1_sp0.8_20260124_152323.csv
WARNING: outdim>=2 but dual_head flag not set. If you're using a dual-head model, please set --dual_head.
             timestamp time_elapsed  ... severity_rate_patch Gradient_sr2
0  2026-01-24 15:14:06       0m 32s  ...                 3.5         0.09

[1 rows x 22 columns]
             timestamp time_elapsed  ... severity_rate_patch Gradient_sr2
0  2026-01-24 15:14:06       0m 32s  ...                 3.5         0.09
1  2026-01-24 15:14:39       0m 49s  ...               100.0         3.02

[2 rows x 22 columns]
             timestamp time_elapsed  ... severity_rate_patch Gradient_sr2
0  2026-01-24 15:14:06       0m 32s  ...                3.50         0.09
1  2026-01-24 15:14:39       0m 49s  ...              100.00         3.02
2  2026-01-24 15:15:28       0m 34s  ...                0.14         0.00

[3 rows x 22 columns]
             timestamp time_elapsed  ... severity_rate_patch Gradient_sr2
0  2026-01-24 15:14:06       0m 32s  ...                3.50         0.09
1  2026-01-24 15:14:39       0m 49s  ...              100.00         3.02
2  2026-01-24 15:15:28       0m 34s  ...                0.14         0.00
3  2026-01-24 15:16:03       0m 40s  ...               42.55         1.14

[4 rows x 22 columns]
             timestamp time_elapsed  ... severity_rate_patch Gradient_sr2
0  2026-01-24 15:14:06       0m 32s  ...                3.50         0.09
1  2026-01-24 15:14:39       0m 49s  ...              100.00         3.02
2  2026-01-24 15:15:28       0m 34s  ...                0.14         0.00
3  2026-01-24 15:16:03       0m 40s  ...               42.55         1.14
4  2026-01-24 15:16:43       0m 49s  ...               86.96         2.40

[5 rows x 22 columns]
             timestamp time_elapsed  ... severity_rate_patch Gradient_sr2
0  2026-01-24 15:14:06       0m 32s  ...                3.50         0.09
1  2026-01-24 15:14:39       0m 49s  ...              100.00         3.02
2  2026-01-24 15:15:28       0m 34s  ...                0.14         0.00
3  2026-01-24 15:16:03       0m 40s  ...               42.55         1.14
4  2026-01-24 15:16:43       0m 49s  ...               86.96         2.40
5  2026-01-24 15:17:33       0m 31s  ...                0.73         0.02

[6 rows x 22 columns]
             timestamp time_elapsed  ... severity_rate_patch Gradient_sr2
0  2026-01-24 15:14:06       0m 32s  ...                3.50         0.09
1  2026-01-24 15:14:39       0m 49s  ...              100.00         3.02
2  2026-01-24 15:15:28       0m 34s  ...                0.14         0.00
3  2026-01-24 15:16:03       0m 40s  ...               42.55         1.14
4  2026-01-24 15:16:43       0m 49s  ...               86.96         2.40
5  2026-01-24 15:17:33       0m 31s  ...                0.73         0.02
6  2026-01-24 15:18:05       0m 42s  ...               54.31         1.43

[7 rows x 22 columns]
             timestamp time_elapsed  ... severity_rate_patch Gradient_sr2
0  2026-01-24 15:14:06       0m 32s  ...                3.50         0.09
1  2026-01-24 15:14:39       0m 49s  ...              100.00         3.02
2  2026-01-24 15:15:28       0m 34s  ...                0.14         0.00
3  2026-01-24 15:16:03       0m 40s  ...               42.55         1.14
4  2026-01-24 15:16:43       0m 49s  ...               86.96         2.40
5  2026-01-24 15:17:33       0m 31s  ...                0.73         0.02
6  2026-01-24 15:18:05       0m 42s  ...               54.31         1.43
7  2026-01-24 15:18:48       0m 36s  ...               14.22         0.34

[8 rows x 22 columns]
             timestamp time_elapsed  ... severity_rate_patch Gradient_sr2
0  2026-01-24 15:14:06       0m 32s  ...                3.50         0.09
1  2026-01-24 15:14:39       0m 49s  ...              100.00         3.02
2  2026-01-24 15:15:28       0m 34s  ...                0.14         0.00
3  2026-01-24 15:16:03       0m 40s  ...               42.55         1.14
4  2026-01-24 15:16:43       0m 49s  ...               86.96         2.40
5  2026-01-24 15:17:33       0m 31s  ...                0.73         0.02
6  2026-01-24 15:18:05       0m 42s  ...               54.31         1.43
7  2026-01-24 15:18:48       0m 36s  ...               14.22         0.34
8  2026-01-24 15:19:24       0m 45s  ...               71.28         1.59

[9 rows x 22 columns]
             timestamp time_elapsed  ... severity_rate_patch Gradient_sr2
0  2026-01-24 15:14:06       0m 32s  ...                3.50         0.09
1  2026-01-24 15:14:39       0m 49s  ...              100.00         3.02
2  2026-01-24 15:15:28       0m 34s  ...                0.14         0.00
3  2026-01-24 15:16:03       0m 40s  ...               42.55         1.14
4  2026-01-24 15:16:43       0m 49s  ...               86.96         2.40
5  2026-01-24 15:17:33       0m 31s  ...                0.73         0.02
6  2026-01-24 15:18:05       0m 42s  ...               54.31         1.43
7  2026-01-24 15:18:48       0m 36s  ...               14.22         0.34
8  2026-01-24 15:19:24       0m 45s  ...               71.28         1.59
9  2026-01-24 15:20:10       0m 37s  ...               24.72         0.59

[10 rows x 22 columns]
              timestamp time_elapsed  ... severity_rate_patch Gradient_sr2
0   2026-01-24 15:14:06       0m 32s  ...                3.50         0.09
1   2026-01-24 15:14:39       0m 49s  ...              100.00         3.02
2   2026-01-24 15:15:28       0m 34s  ...                0.14         0.00
3   2026-01-24 15:16:03       0m 40s  ...               42.55         1.14
4   2026-01-24 15:16:43       0m 49s  ...               86.96         2.40
5   2026-01-24 15:17:33       0m 31s  ...                0.73         0.02
6   2026-01-24 15:18:05       0m 42s  ...               54.31         1.43
7   2026-01-24 15:18:48       0m 36s  ...               14.22         0.34
8   2026-01-24 15:19:24       0m 45s  ...               71.28         1.59
9   2026-01-24 15:20:10       0m 37s  ...               24.72         0.59
10  2026-01-24 15:20:47       0m 34s  ...                4.78         0.11

[11 rows x 22 columns]
              timestamp time_elapsed  ... severity_rate_patch Gradient_sr2
0   2026-01-24 15:14:06       0m 32s  ...                3.50         0.09
1   2026-01-24 15:14:39       0m 49s  ...              100.00         3.02
2   2026-01-24 15:15:28       0m 34s  ...                0.14         0.00
3   2026-01-24 15:16:03       0m 40s  ...               42.55         1.14
4   2026-01-24 15:16:43       0m 49s  ...               86.96         2.40
5   2026-01-24 15:17:33       0m 31s  ...                0.73         0.02
6   2026-01-24 15:18:05       0m 42s  ...               54.31         1.43
7   2026-01-24 15:18:48       0m 36s  ...               14.22         0.34
8   2026-01-24 15:19:24       0m 45s  ...               71.28         1.59
9   2026-01-24 15:20:10       0m 37s  ...               24.72         0.59
10  2026-01-24 15:20:47       0m 34s  ...                4.78         0.11
11  2026-01-24 15:21:22       0m 41s  ...               68.77         1.83

[12 rows x 22 columns]
              timestamp time_elapsed  ... severity_rate_patch Gradient_sr2
0   2026-01-24 15:14:06       0m 32s  ...                3.50         0.09
1   2026-01-24 15:14:39       0m 49s  ...              100.00         3.02
2   2026-01-24 15:15:28       0m 34s  ...                0.14         0.00
3   2026-01-24 15:16:03       0m 40s  ...               42.55         1.14
4   2026-01-24 15:16:43       0m 49s  ...               86.96         2.40
5   2026-01-24 15:17:33       0m 31s  ...                0.73         0.02
6   2026-01-24 15:18:05       0m 42s  ...               54.31         1.43
7   2026-01-24 15:18:48       0m 36s  ...               14.22         0.34
8   2026-01-24 15:19:24       0m 45s  ...               71.28         1.59
9   2026-01-24 15:20:10       0m 37s  ...               24.72         0.59
10  2026-01-24 15:20:47       0m 34s  ...                4.78         0.11
11  2026-01-24 15:21:22       0m 41s  ...               68.77         1.83
12  2026-01-24 15:22:04       0m 44s  ...               87.68         2.21

[13 rows x 22 columns]
              timestamp time_elapsed  ... severity_rate_patch Gradient_sr2
0   2026-01-24 15:14:06       0m 32s  ...                3.50         0.09
1   2026-01-24 15:14:39       0m 49s  ...              100.00         3.02
2   2026-01-24 15:15:28       0m 34s  ...                0.14         0.00
3   2026-01-24 15:16:03       0m 40s  ...               42.55         1.14
4   2026-01-24 15:16:43       0m 49s  ...               86.96         2.40
5   2026-01-24 15:17:33       0m 31s  ...                0.73         0.02
6   2026-01-24 15:18:05       0m 42s  ...               54.31         1.43
7   2026-01-24 15:18:48       0m 36s  ...               14.22         0.34
8   2026-01-24 15:19:24       0m 45s  ...               71.28         1.59
9   2026-01-24 15:20:10       0m 37s  ...               24.72         0.59
10  2026-01-24 15:20:47       0m 34s  ...                4.78         0.11
11  2026-01-24 15:21:22       0m 41s  ...               68.77         1.83
12  2026-01-24 15:22:04       0m 44s  ...               87.68         2.21
13  2026-01-24 15:22:49       0m 33s  ...               38.21         0.87

[14 rows x 22 columns]
              timestamp time_elapsed  ... severity_rate_patch Gradient_sr2
0   2026-01-24 15:14:06       0m 32s  ...                3.50         0.09
1   2026-01-24 15:14:39       0m 49s  ...              100.00         3.02
2   2026-01-24 15:15:28       0m 34s  ...                0.14         0.00
3   2026-01-24 15:16:03       0m 40s  ...               42.55         1.14
4   2026-01-24 15:16:43       0m 49s  ...               86.96         2.40
5   2026-01-24 15:17:33       0m 31s  ...                0.73         0.02
6   2026-01-24 15:18:05       0m 42s  ...               54.31         1.43
7   2026-01-24 15:18:48       0m 36s  ...               14.22         0.34
8   2026-01-24 15:19:24       0m 45s  ...               71.28         1.59
9   2026-01-24 15:20:10       0m 37s  ...               24.72         0.59
10  2026-01-24 15:20:47       0m 34s  ...                4.78         0.11
11  2026-01-24 15:21:22       0m 41s  ...               68.77         1.83
12  2026-01-24 15:22:04       0m 44s  ...               87.68         2.21
13  2026-01-24 15:22:49       0m 33s  ...               38.21         0.87
14  2026-01-24 15:23:23       0m 32s  ...               15.60         0.37

[15 rows x 22 columns]

real	9m58.661s
user	0m0.015s
sys	0m0.000s
