[2026-01-24 15:55:32,231] - [root] - [INFO] - leaf_correlation_mw.py
[2026-01-24 15:55:32,231] - [root] - [INFO] - model_type       : ResNet
[2026-01-24 15:55:32,231] - [root] - [INFO] - pretrained       : True
[2026-01-24 15:55:32,231] - [root] - [INFO] - loading_epoch    : 65
[2026-01-24 15:55:32,231] - [root] - [INFO] - timestamp        : Jan22_10-21-00_2026
[2026-01-24 15:55:32,231] - [root] - [INFO] - outdim           : 2
[2026-01-24 15:55:32,231] - [root] - [INFO] - dual_head        : True
[2026-01-24 15:55:32,231] - [root] - [INFO] - model_path       : ../..
[2026-01-24 15:55:32,231] - [root] - [INFO] - step_size        : 224
[2026-01-24 15:55:32,231] - [root] - [INFO] - means            : [0.541, 0.6371, 0.4188]
[2026-01-24 15:55:32,231] - [root] - [INFO] - stds             : [0.1764, 0.165, 0.2326]
[2026-01-24 15:55:32,231] - [root] - [INFO] - target_class     : 1
[2026-01-24 15:55:32,231] - [root] - [INFO] - contam_control   : False
[2026-01-24 15:55:32,234] - [root] - [INFO] - spor_th          : 0.9
[2026-01-24 15:55:32,234] - [root] - [INFO] - inf_gate         : 0.5
[2026-01-24 15:55:32,234] - [root] - [INFO] - pm               : HPM-1269
[2026-01-24 15:55:32,234] - [root] - [INFO] - mps              : False
[2026-01-24 15:55:32,234] - [root] - [INFO] - cuda             : True
[2026-01-24 15:55:32,234] - [root] - [INFO] - cuda_id          : 0
[2026-01-24 15:55:32,234] - [root] - [INFO] - sal_threshold    : 0.5
[2026-01-24 15:55:32,234] - [root] - [INFO] - up_threshold     : 0.5
[2026-01-24 15:55:32,234] - [root] - [INFO] - down_threshold   : 0.3
[2026-01-24 15:55:32,234] - [root] - [INFO] - dataset_path     : C:/Users/Intel User/Desktop/blackbird_scripts/data/human_disk_assessments
[2026-01-24 15:55:32,234] - [root] - [INFO] - img_folder       : 1-22-2026
[2026-01-24 15:55:32,234] - [root] - [INFO] - platform         : BlackBird
[2026-01-24 15:55:32,234] - [root] - [INFO] - threshold        : ['0.7']
[2026-01-24 15:55:32,234] - [root] - [INFO] - log              : ../../results/logs/random.log
[2026-01-24 15:55:32,234] - [root] - [INFO] - dpi              : 5
[2026-01-24 15:55:32,234] - [root] - [INFO] - group            : baseline
[2026-01-24 15:55:32,234] - [root] - [INFO] - trays            : ['5dpi']
[2026-01-24 15:55:32,234] - [root] - [INFO] - sal_gradcam      : False
[2026-01-24 15:55:32,234] - [root] - [INFO] - sal_gradient     : True
[2026-01-24 15:55:32,234] - [root] - [INFO] - sal_smoothgrad   : False
[2026-01-24 15:55:32,234] - [root] - [INFO] - sal_deeplift     : False
[2026-01-24 15:55:32,234] - [root] - [INFO] - sal_thresh_method : fixed
[2026-01-24 15:55:32,234] - [root] - [INFO] - sal_thresh_p     : 95.0
[2026-01-24 15:55:33,242] - [root] - [INFO] - -------------------------------------------
[2026-01-24 15:55:33,242] - [root] - [INFO] - Processing 1-22-2026 5dpi 005-W2021011-592_R2.png
[2026-01-24 15:55:55,229] - [root] - [INFO] - Finished loading mask: 0m 21s
[2026-01-24 15:56:07,131] - [root] - [INFO] - Finished crop and inference: 0m 33s
[2026-01-24 15:56:09,159] - [root] - [INFO] - Analysis finished: 0m 35s
[2026-01-24 15:56:09,159] - [root] - [INFO] - -------------------------------------------
[2026-01-24 15:56:09,159] - [root] - [INFO] - -------------------------------------------
[2026-01-24 15:56:09,159] - [root] - [INFO] - Processing 1-22-2026 5dpi 022-W2021009-198_R2.png
[2026-01-24 15:56:31,511] - [root] - [INFO] - Finished loading mask: 0m 22s
[2026-01-24 15:56:46,593] - [root] - [INFO] - Finished crop and inference: 0m 37s
[2026-01-24 15:56:48,429] - [root] - [INFO] - Analysis finished: 0m 39s
[2026-01-24 15:56:48,429] - [root] - [INFO] - -------------------------------------------
[2026-01-24 15:56:48,430] - [root] - [INFO] - -------------------------------------------
[2026-01-24 15:56:48,430] - [root] - [INFO] - Processing 1-22-2026 5dpi 047-W2021011-482_R1.png
[2026-01-24 15:57:10,949] - [root] - [INFO] - Finished loading mask: 0m 22s
[2026-01-24 15:57:27,757] - [root] - [INFO] - Finished crop and inference: 0m 39s
[2026-01-24 15:57:29,713] - [root] - [INFO] - Analysis finished: 0m 41s
[2026-01-24 15:57:29,713] - [root] - [INFO] - -------------------------------------------
[2026-01-24 15:57:29,713] - [root] - [INFO] - -------------------------------------------
[2026-01-24 15:57:29,713] - [root] - [INFO] - Processing 1-22-2026 5dpi 055-W2021010-397_R2.png
[2026-01-24 15:57:52,089] - [root] - [INFO] - Finished loading mask: 0m 22s
[2026-01-24 15:58:04,984] - [root] - [INFO] - Finished crop and inference: 0m 35s
[2026-01-24 15:58:06,807] - [root] - [INFO] - Analysis finished: 0m 37s
[2026-01-24 15:58:06,807] - [root] - [INFO] - -------------------------------------------
[2026-01-24 15:58:06,807] - [root] - [INFO] - -------------------------------------------
[2026-01-24 15:58:06,807] - [root] - [INFO] - Processing 1-22-2026 5dpi 121-W2021009-185_R1.png
[2026-01-24 15:58:28,976] - [root] - [INFO] - Finished loading mask: 0m 22s
[2026-01-24 15:58:41,169] - [root] - [INFO] - Finished crop and inference: 0m 34s
[2026-01-24 15:58:43,054] - [root] - [INFO] - Analysis finished: 0m 36s
[2026-01-24 15:58:43,055] - [root] - [INFO] - -------------------------------------------
[2026-01-24 15:58:43,055] - [root] - [INFO] - -------------------------------------------
[2026-01-24 15:58:43,055] - [root] - [INFO] - Processing 1-22-2026 5dpi 128-W2021006-013_R1.png
[2026-01-24 15:59:05,798] - [root] - [INFO] - Finished loading mask: 0m 22s
[2026-01-24 15:59:27,964] - [root] - [INFO] - Finished crop and inference: 0m 44s
[2026-01-24 15:59:29,787] - [root] - [INFO] - Analysis finished: 0m 46s
[2026-01-24 15:59:29,787] - [root] - [INFO] - -------------------------------------------
[2026-01-24 15:59:29,788] - [root] - [INFO] - -------------------------------------------
[2026-01-24 15:59:29,788] - [root] - [INFO] - Processing 1-22-2026 5dpi 149-W2021010-417_R1.png
[2026-01-24 15:59:52,150] - [root] - [INFO] - Finished loading mask: 0m 22s
[2026-01-24 16:00:05,450] - [root] - [INFO] - Finished crop and inference: 0m 35s
[2026-01-24 16:00:07,377] - [root] - [INFO] - Analysis finished: 0m 37s
[2026-01-24 16:00:07,377] - [root] - [INFO] - -------------------------------------------
[2026-01-24 16:00:07,377] - [root] - [INFO] - -------------------------------------------
[2026-01-24 16:00:07,377] - [root] - [INFO] - Processing 1-22-2026 5dpi 156-W2021009-276_R2.png
[2026-01-24 16:00:29,150] - [root] - [INFO] - Finished loading mask: 0m 21s
[2026-01-24 16:00:42,449] - [root] - [INFO] - Finished crop and inference: 0m 35s
[2026-01-24 16:00:44,253] - [root] - [INFO] - Analysis finished: 0m 36s
[2026-01-24 16:00:44,253] - [root] - [INFO] - -------------------------------------------
[2026-01-24 16:00:44,253] - [root] - [INFO] - -------------------------------------------
[2026-01-24 16:00:44,255] - [root] - [INFO] - Processing 1-22-2026 5dpi 172-W2021011-557_R2.png
[2026-01-24 16:01:06,481] - [root] - [INFO] - Finished loading mask: 0m 22s
[2026-01-24 16:01:20,679] - [root] - [INFO] - Finished crop and inference: 0m 36s
[2026-01-24 16:01:22,516] - [root] - [INFO] - Analysis finished: 0m 38s
[2026-01-24 16:01:22,517] - [root] - [INFO] - -------------------------------------------
[2026-01-24 16:01:22,517] - [root] - [INFO] - -------------------------------------------
[2026-01-24 16:01:22,517] - [root] - [INFO] - Processing 1-22-2026 5dpi 180-W2021011-476_R2.png
[2026-01-24 16:01:45,044] - [root] - [INFO] - Finished loading mask: 0m 22s
[2026-01-24 16:02:07,354] - [root] - [INFO] - Finished crop and inference: 0m 44s
[2026-01-24 16:02:09,068] - [root] - [INFO] - Analysis finished: 0m 46s
[2026-01-24 16:02:09,068] - [root] - [INFO] - -------------------------------------------
[2026-01-24 16:02:09,068] - [root] - [INFO] - -------------------------------------------
[2026-01-24 16:02:09,069] - [root] - [INFO] - Processing 1-22-2026 5dpi 183-W2021009-295_R1.png
[2026-01-24 16:02:31,070] - [root] - [INFO] - Finished loading mask: 0m 22s
[2026-01-24 16:02:41,844] - [root] - [INFO] - Finished crop and inference: 0m 32s
[2026-01-24 16:02:43,716] - [root] - [INFO] - Analysis finished: 0m 34s
[2026-01-24 16:02:43,716] - [root] - [INFO] - -------------------------------------------
[2026-01-24 16:02:43,716] - [root] - [INFO] - -------------------------------------------
[2026-01-24 16:02:43,716] - [root] - [INFO] - Processing 1-22-2026 5dpi 187-W2021010-348_R2.png
[2026-01-24 16:03:06,125] - [root] - [INFO] - Finished loading mask: 0m 22s
[2026-01-24 16:03:29,749] - [root] - [INFO] - Finished crop and inference: 0m 46s
[2026-01-24 16:03:31,563] - [root] - [INFO] - Analysis finished: 0m 47s
[2026-01-24 16:03:31,563] - [root] - [INFO] - -------------------------------------------
[2026-01-24 16:03:31,563] - [root] - [INFO] - -------------------------------------------
[2026-01-24 16:03:31,563] - [root] - [INFO] - Processing 1-22-2026 5dpi 206-W2021010-344_R1.png
[2026-01-24 16:03:54,062] - [root] - [INFO] - Finished loading mask: 0m 22s
[2026-01-24 16:04:05,108] - [root] - [INFO] - Finished crop and inference: 0m 33s
[2026-01-24 16:04:06,906] - [root] - [INFO] - Analysis finished: 0m 35s
[2026-01-24 16:04:06,906] - [root] - [INFO] - -------------------------------------------
[2026-01-24 16:04:06,906] - [root] - [INFO] - -------------------------------------------
[2026-01-24 16:04:06,906] - [root] - [INFO] - Processing 1-22-2026 5dpi 208-W2021009-268_R2.png
[2026-01-24 16:04:28,783] - [root] - [INFO] - Finished loading mask: 0m 21s
[2026-01-24 16:04:44,485] - [root] - [INFO] - Finished crop and inference: 0m 37s
[2026-01-24 16:04:46,420] - [root] - [INFO] - Analysis finished: 0m 39s
[2026-01-24 16:04:46,420] - [root] - [INFO] - -------------------------------------------
[2026-01-24 16:04:46,420] - [root] - [INFO] - -------------------------------------------
[2026-01-24 16:04:46,420] - [root] - [INFO] - Processing 1-22-2026 5dpi 254-W2021010-352_R2.png
[2026-01-24 16:05:08,072] - [root] - [INFO] - Finished loading mask: 0m 21s
[2026-01-24 16:05:16,718] - [root] - [INFO] - Finished crop and inference: 0m 30s
[2026-01-24 16:05:18,501] - [root] - [INFO] - Analysis finished: 0m 32s
[2026-01-24 16:05:18,501] - [root] - [INFO] - -------------------------------------------
[2026-01-24 16:05:18,512] - [root] - [INFO] - Saved C:\Users\Intel User\Desktop\blackbird_scripts\data\Results\ResNet_upth0.5_downth0.3_Jan22_10-21-00_2026\1-22-2026\th_0.7\severity_rate_tray_5dpi_u0.5_d0.3_ig0.5_sp0.9_20260124_160446.csv
             timestamp time_elapsed  ... severity_rate_patch Gradient_sr2
0  2026-01-24 15:55:33       0m 35s  ...                0.84         0.02

[1 rows x 26 columns]
             timestamp time_elapsed  ... severity_rate_patch Gradient_sr2
0  2026-01-24 15:55:33       0m 35s  ...                0.84         0.02
1  2026-01-24 15:56:09       0m 39s  ...               20.60         0.57

[2 rows x 26 columns]
             timestamp time_elapsed  ... severity_rate_patch Gradient_sr2
0  2026-01-24 15:55:33       0m 35s  ...                0.84         0.02
1  2026-01-24 15:56:09       0m 39s  ...               20.60         0.57
2  2026-01-24 15:56:48       0m 41s  ...               39.97         1.20

[3 rows x 26 columns]
             timestamp time_elapsed  ... severity_rate_patch Gradient_sr2
0  2026-01-24 15:55:33       0m 35s  ...                0.84         0.02
1  2026-01-24 15:56:09       0m 39s  ...               20.60         0.57
2  2026-01-24 15:56:48       0m 41s  ...               39.97         1.20
3  2026-01-24 15:57:29       0m 37s  ...               12.56         0.35

[4 rows x 26 columns]
             timestamp time_elapsed  ... severity_rate_patch Gradient_sr2
0  2026-01-24 15:55:33       0m 35s  ...                0.84         0.02
1  2026-01-24 15:56:09       0m 39s  ...               20.60         0.57
2  2026-01-24 15:56:48       0m 41s  ...               39.97         1.20
3  2026-01-24 15:57:29       0m 37s  ...               12.56         0.35
4  2026-01-24 15:58:06       0m 36s  ...               11.82         0.32

[5 rows x 26 columns]
             timestamp time_elapsed  ... severity_rate_patch Gradient_sr2
0  2026-01-24 15:55:33       0m 35s  ...                0.84         0.02
1  2026-01-24 15:56:09       0m 39s  ...               20.60         0.57
2  2026-01-24 15:56:48       0m 41s  ...               39.97         1.20
3  2026-01-24 15:57:29       0m 37s  ...               12.56         0.35
4  2026-01-24 15:58:06       0m 36s  ...               11.82         0.32
5  2026-01-24 15:58:43       0m 46s  ...               74.68         2.10

[6 rows x 26 columns]
             timestamp time_elapsed  ... severity_rate_patch Gradient_sr2
0  2026-01-24 15:55:33       0m 35s  ...                0.84         0.02
1  2026-01-24 15:56:09       0m 39s  ...               20.60         0.57
2  2026-01-24 15:56:48       0m 41s  ...               39.97         1.20
3  2026-01-24 15:57:29       0m 37s  ...               12.56         0.35
4  2026-01-24 15:58:06       0m 36s  ...               11.82         0.32
5  2026-01-24 15:58:43       0m 46s  ...               74.68         2.10
6  2026-01-24 15:59:29       0m 37s  ...               12.95         0.37

[7 rows x 26 columns]
             timestamp time_elapsed  ... severity_rate_patch Gradient_sr2
0  2026-01-24 15:55:33       0m 35s  ...                0.84         0.02
1  2026-01-24 15:56:09       0m 39s  ...               20.60         0.57
2  2026-01-24 15:56:48       0m 41s  ...               39.97         1.20
3  2026-01-24 15:57:29       0m 37s  ...               12.56         0.35
4  2026-01-24 15:58:06       0m 36s  ...               11.82         0.32
5  2026-01-24 15:58:43       0m 46s  ...               74.68         2.10
6  2026-01-24 15:59:29       0m 37s  ...               12.95         0.37
7  2026-01-24 16:00:07       0m 36s  ...                8.12         0.21

[8 rows x 26 columns]
             timestamp time_elapsed  ... severity_rate_patch Gradient_sr2
0  2026-01-24 15:55:33       0m 35s  ...                0.84         0.02
1  2026-01-24 15:56:09       0m 39s  ...               20.60         0.57
2  2026-01-24 15:56:48       0m 41s  ...               39.97         1.20
3  2026-01-24 15:57:29       0m 37s  ...               12.56         0.35
4  2026-01-24 15:58:06       0m 36s  ...               11.82         0.32
5  2026-01-24 15:58:43       0m 46s  ...               74.68         2.10
6  2026-01-24 15:59:29       0m 37s  ...               12.95         0.37
7  2026-01-24 16:00:07       0m 36s  ...                8.12         0.21
8  2026-01-24 16:00:44       0m 38s  ...                9.14         0.26

[9 rows x 26 columns]
             timestamp time_elapsed  ... severity_rate_patch Gradient_sr2
0  2026-01-24 15:55:33       0m 35s  ...                0.84         0.02
1  2026-01-24 15:56:09       0m 39s  ...               20.60         0.57
2  2026-01-24 15:56:48       0m 41s  ...               39.97         1.20
3  2026-01-24 15:57:29       0m 37s  ...               12.56         0.35
4  2026-01-24 15:58:06       0m 36s  ...               11.82         0.32
5  2026-01-24 15:58:43       0m 46s  ...               74.68         2.10
6  2026-01-24 15:59:29       0m 37s  ...               12.95         0.37
7  2026-01-24 16:00:07       0m 36s  ...                8.12         0.21
8  2026-01-24 16:00:44       0m 38s  ...                9.14         0.26
9  2026-01-24 16:01:22       0m 46s  ...               75.80         2.16

[10 rows x 26 columns]
              timestamp time_elapsed  ... severity_rate_patch Gradient_sr2
0   2026-01-24 15:55:33       0m 35s  ...                0.84         0.02
1   2026-01-24 15:56:09       0m 39s  ...               20.60         0.57
2   2026-01-24 15:56:48       0m 41s  ...               39.97         1.20
3   2026-01-24 15:57:29       0m 37s  ...               12.56         0.35
4   2026-01-24 15:58:06       0m 36s  ...               11.82         0.32
5   2026-01-24 15:58:43       0m 46s  ...               74.68         2.10
6   2026-01-24 15:59:29       0m 37s  ...               12.95         0.37
7   2026-01-24 16:00:07       0m 36s  ...                8.12         0.21
8   2026-01-24 16:00:44       0m 38s  ...                9.14         0.26
9   2026-01-24 16:01:22       0m 46s  ...               75.80         2.16
10  2026-01-24 16:02:09       0m 34s  ...                6.80         0.17

[11 rows x 26 columns]
              timestamp time_elapsed  ... severity_rate_patch Gradient_sr2
0   2026-01-24 15:55:33       0m 35s  ...                0.84         0.02
1   2026-01-24 15:56:09       0m 39s  ...               20.60         0.57
2   2026-01-24 15:56:48       0m 41s  ...               39.97         1.20
3   2026-01-24 15:57:29       0m 37s  ...               12.56         0.35
4   2026-01-24 15:58:06       0m 36s  ...               11.82         0.32
5   2026-01-24 15:58:43       0m 46s  ...               74.68         2.10
6   2026-01-24 15:59:29       0m 37s  ...               12.95         0.37
7   2026-01-24 16:00:07       0m 36s  ...                8.12         0.21
8   2026-01-24 16:00:44       0m 38s  ...                9.14         0.26
9   2026-01-24 16:01:22       0m 46s  ...               75.80         2.16
10  2026-01-24 16:02:09       0m 34s  ...                6.80         0.17
11  2026-01-24 16:02:43       0m 47s  ...               82.53         2.55

[12 rows x 26 columns]
              timestamp time_elapsed  ... severity_rate_patch Gradient_sr2
0   2026-01-24 15:55:33       0m 35s  ...                0.84         0.02
1   2026-01-24 15:56:09       0m 39s  ...               20.60         0.57
2   2026-01-24 15:56:48       0m 41s  ...               39.97         1.20
3   2026-01-24 15:57:29       0m 37s  ...               12.56         0.35
4   2026-01-24 15:58:06       0m 36s  ...               11.82         0.32
5   2026-01-24 15:58:43       0m 46s  ...               74.68         2.10
6   2026-01-24 15:59:29       0m 37s  ...               12.95         0.37
7   2026-01-24 16:00:07       0m 36s  ...                8.12         0.21
8   2026-01-24 16:00:44       0m 38s  ...                9.14         0.26
9   2026-01-24 16:01:22       0m 46s  ...               75.80         2.16
10  2026-01-24 16:02:09       0m 34s  ...                6.80         0.17
11  2026-01-24 16:02:43       0m 47s  ...               82.53         2.55
12  2026-01-24 16:03:31       0m 35s  ...                6.18         0.18

[13 rows x 26 columns]
              timestamp time_elapsed  ... severity_rate_patch Gradient_sr2
0   2026-01-24 15:55:33       0m 35s  ...                0.84         0.02
1   2026-01-24 15:56:09       0m 39s  ...               20.60         0.57
2   2026-01-24 15:56:48       0m 41s  ...               39.97         1.20
3   2026-01-24 15:57:29       0m 37s  ...               12.56         0.35
4   2026-01-24 15:58:06       0m 36s  ...               11.82         0.32
5   2026-01-24 15:58:43       0m 46s  ...               74.68         2.10
6   2026-01-24 15:59:29       0m 37s  ...               12.95         0.37
7   2026-01-24 16:00:07       0m 36s  ...                8.12         0.21
8   2026-01-24 16:00:44       0m 38s  ...                9.14         0.26
9   2026-01-24 16:01:22       0m 46s  ...               75.80         2.16
10  2026-01-24 16:02:09       0m 34s  ...                6.80         0.17
11  2026-01-24 16:02:43       0m 47s  ...               82.53         2.55
12  2026-01-24 16:03:31       0m 35s  ...                6.18         0.18
13  2026-01-24 16:04:06       0m 39s  ...               30.13         0.79

[14 rows x 26 columns]
              timestamp time_elapsed  ... severity_rate_patch Gradient_sr2
0   2026-01-24 15:55:33       0m 35s  ...                0.84         0.02
1   2026-01-24 15:56:09       0m 39s  ...               20.60         0.57
2   2026-01-24 15:56:48       0m 41s  ...               39.97         1.20
3   2026-01-24 15:57:29       0m 37s  ...               12.56         0.35
4   2026-01-24 15:58:06       0m 36s  ...               11.82         0.32
5   2026-01-24 15:58:43       0m 46s  ...               74.68         2.10
6   2026-01-24 15:59:29       0m 37s  ...               12.95         0.37
7   2026-01-24 16:00:07       0m 36s  ...                8.12         0.21
8   2026-01-24 16:00:44       0m 38s  ...                9.14         0.26
9   2026-01-24 16:01:22       0m 46s  ...               75.80         2.16
10  2026-01-24 16:02:09       0m 34s  ...                6.80         0.17
11  2026-01-24 16:02:43       0m 47s  ...               82.53         2.55
12  2026-01-24 16:03:31       0m 35s  ...                6.18         0.18
13  2026-01-24 16:04:06       0m 39s  ...               30.13         0.79
14  2026-01-24 16:04:46       0m 32s  ...                2.50         0.07

[15 rows x 26 columns]

real	9m54.036s
user	0m0.000s
sys	0m0.015s
