[2026-01-23 19:41:20,651] - [root] - [INFO] - leaf_correlation_mw.py
[2026-01-23 19:41:20,652] - [root] - [INFO] - model_type       : ResNet
[2026-01-23 19:41:20,652] - [root] - [INFO] - pretrained       : True
[2026-01-23 19:41:20,652] - [root] - [INFO] - loading_epoch    : 65
[2026-01-23 19:41:20,652] - [root] - [INFO] - timestamp        : Jan22_10-21-00_2026
[2026-01-23 19:41:20,652] - [root] - [INFO] - outdim           : 2
[2026-01-23 19:41:20,652] - [root] - [INFO] - dual_head        : True
[2026-01-23 19:41:20,652] - [root] - [INFO] - model_path       : ../..
[2026-01-23 19:41:20,652] - [root] - [INFO] - step_size        : 224
[2026-01-23 19:41:20,653] - [root] - [INFO] - means            : [0.541, 0.6371, 0.4188]
[2026-01-23 19:41:20,653] - [root] - [INFO] - stds             : [0.1764, 0.165, 0.2326]
[2026-01-23 19:41:20,653] - [root] - [INFO] - target_class     : 1
[2026-01-23 19:41:20,653] - [root] - [INFO] - contam_control   : False
[2026-01-23 19:41:20,653] - [root] - [INFO] - spor_th          : 0.8
[2026-01-23 19:41:20,653] - [root] - [INFO] - inf_gate         : 0.6
[2026-01-23 19:41:20,653] - [root] - [INFO] - pm               : HPM-1269
[2026-01-23 19:41:20,653] - [root] - [INFO] - mps              : False
[2026-01-23 19:41:20,653] - [root] - [INFO] - cuda             : True
[2026-01-23 19:41:20,653] - [root] - [INFO] - cuda_id          : 0
[2026-01-23 19:41:20,653] - [root] - [INFO] - sal_threshold    : 0.5
[2026-01-23 19:41:20,653] - [root] - [INFO] - up_threshold     : 0.8
[2026-01-23 19:41:20,653] - [root] - [INFO] - down_threshold   : 0.3
[2026-01-23 19:41:20,653] - [root] - [INFO] - dataset_path     : C:/Users/Intel User/Desktop/blackbird_scripts/data/human_disk_assessments
[2026-01-23 19:41:20,654] - [root] - [INFO] - img_folder       : 1-22-2026
[2026-01-23 19:41:20,654] - [root] - [INFO] - platform         : BlackBird
[2026-01-23 19:41:20,654] - [root] - [INFO] - threshold        : ['0.7']
[2026-01-23 19:41:20,654] - [root] - [INFO] - log              : ../../results/logs/random.log
[2026-01-23 19:41:20,654] - [root] - [INFO] - dpi              : 5
[2026-01-23 19:41:20,654] - [root] - [INFO] - group            : baseline
[2026-01-23 19:41:20,654] - [root] - [INFO] - trays            : ['5dpi']
[2026-01-23 19:41:20,654] - [root] - [INFO] - sal_gradcam      : False
[2026-01-23 19:41:20,654] - [root] - [INFO] - sal_gradient     : True
[2026-01-23 19:41:20,654] - [root] - [INFO] - sal_smoothgrad   : False
[2026-01-23 19:41:20,654] - [root] - [INFO] - sal_deeplift     : False
[2026-01-23 19:41:20,654] - [root] - [INFO] - sal_thresh_method : fixed
[2026-01-23 19:41:20,654] - [root] - [INFO] - sal_thresh_p     : 95.0
[2026-01-23 19:41:21,577] - [root] - [INFO] - -------------------------------------------
[2026-01-23 19:41:21,577] - [root] - [INFO] - Processing 1-22-2026 5dpi 015-W2021009-160_R1.png
[2026-01-23 19:41:43,460] - [root] - [INFO] - Finished loading mask: 0m 21s
[2026-01-23 19:41:56,791] - [root] - [INFO] - Finished crop and inference: 0m 35s
[2026-01-23 19:41:58,527] - [root] - [INFO] - Analysis finished: 0m 36s
[2026-01-23 19:41:58,527] - [root] - [INFO] - -------------------------------------------
[2026-01-23 19:41:58,527] - [root] - [INFO] - -------------------------------------------
[2026-01-23 19:41:58,527] - [root] - [INFO] - Processing 1-22-2026 5dpi 015-W2021011-633_R1.png
[2026-01-23 19:42:20,694] - [root] - [INFO] - Finished loading mask: 0m 22s
[2026-01-23 19:42:33,755] - [root] - [INFO] - Finished crop and inference: 0m 35s
[2026-01-23 19:42:35,454] - [root] - [INFO] - Analysis finished: 0m 36s
[2026-01-23 19:42:35,454] - [root] - [INFO] - -------------------------------------------
[2026-01-23 19:42:35,454] - [root] - [INFO] - -------------------------------------------
[2026-01-23 19:42:35,454] - [root] - [INFO] - Processing 1-22-2026 5dpi 019-W2021010-428_R2.png
[2026-01-23 19:42:57,025] - [root] - [INFO] - Finished loading mask: 0m 21s
[2026-01-23 19:43:05,521] - [root] - [INFO] - Finished crop and inference: 0m 30s
[2026-01-23 19:43:07,145] - [root] - [INFO] - Analysis finished: 0m 31s
[2026-01-23 19:43:07,145] - [root] - [INFO] - -------------------------------------------
[2026-01-23 19:43:07,145] - [root] - [INFO] - -------------------------------------------
[2026-01-23 19:43:07,145] - [root] - [INFO] - Processing 1-22-2026 5dpi 021-W2021009-175_R1.png
[2026-01-23 19:43:28,670] - [root] - [INFO] - Finished loading mask: 0m 21s
[2026-01-23 19:43:38,398] - [root] - [INFO] - Finished crop and inference: 0m 31s
[2026-01-23 19:43:40,056] - [root] - [INFO] - Analysis finished: 0m 32s
[2026-01-23 19:43:40,057] - [root] - [INFO] - -------------------------------------------
[2026-01-23 19:43:40,057] - [root] - [INFO] - -------------------------------------------
[2026-01-23 19:43:40,057] - [root] - [INFO] - Processing 1-22-2026 5dpi 022-W2021009-198_R2.png
[2026-01-23 19:44:01,577] - [root] - [INFO] - Finished loading mask: 0m 21s
[2026-01-23 19:44:13,040] - [root] - [INFO] - Finished crop and inference: 0m 32s
[2026-01-23 19:44:14,565] - [root] - [INFO] - Analysis finished: 0m 34s
[2026-01-23 19:44:14,565] - [root] - [INFO] - -------------------------------------------
[2026-01-23 19:44:14,565] - [root] - [INFO] - -------------------------------------------
[2026-01-23 19:44:14,565] - [root] - [INFO] - Processing 1-22-2026 5dpi 036-W2021006-047_R2.png
[2026-01-23 19:44:36,578] - [root] - [INFO] - Finished loading mask: 0m 22s
[2026-01-23 19:44:45,579] - [root] - [INFO] - Finished crop and inference: 0m 31s
[2026-01-23 19:44:47,296] - [root] - [INFO] - Analysis finished: 0m 32s
[2026-01-23 19:44:47,296] - [root] - [INFO] - -------------------------------------------
[2026-01-23 19:44:47,296] - [root] - [INFO] - -------------------------------------------
[2026-01-23 19:44:47,297] - [root] - [INFO] - Processing 1-22-2026 5dpi 060-W2021010-324_R2.png
[2026-01-23 19:45:09,726] - [root] - [INFO] - Finished loading mask: 0m 22s
[2026-01-23 19:45:19,089] - [root] - [INFO] - Finished crop and inference: 0m 31s
[2026-01-23 19:45:20,642] - [root] - [INFO] - Analysis finished: 0m 33s
[2026-01-23 19:45:20,643] - [root] - [INFO] - -------------------------------------------
[2026-01-23 19:45:20,643] - [root] - [INFO] - -------------------------------------------
[2026-01-23 19:45:20,643] - [root] - [INFO] - Processing 1-22-2026 5dpi 099-W2021006-611_R2.png
[2026-01-23 19:45:42,631] - [root] - [INFO] - Finished loading mask: 0m 21s
[2026-01-23 19:45:58,446] - [root] - [INFO] - Finished crop and inference: 0m 37s
[2026-01-23 19:46:00,151] - [root] - [INFO] - Analysis finished: 0m 39s
[2026-01-23 19:46:00,151] - [root] - [INFO] - -------------------------------------------
[2026-01-23 19:46:00,151] - [root] - [INFO] - -------------------------------------------
[2026-01-23 19:46:00,151] - [root] - [INFO] - Processing 1-22-2026 5dpi 123-W2021009-255_R2.png
[2026-01-23 19:46:21,767] - [root] - [INFO] - Finished loading mask: 0m 21s
[2026-01-23 19:46:32,271] - [root] - [INFO] - Finished crop and inference: 0m 32s
[2026-01-23 19:46:34,001] - [root] - [INFO] - Analysis finished: 0m 33s
[2026-01-23 19:46:34,001] - [root] - [INFO] - -------------------------------------------
[2026-01-23 19:46:34,001] - [root] - [INFO] - -------------------------------------------
[2026-01-23 19:46:34,001] - [root] - [INFO] - Processing 1-22-2026 5dpi 141-W2021009-274_R1.png
[2026-01-23 19:46:55,812] - [root] - [INFO] - Finished loading mask: 0m 21s
[2026-01-23 19:47:20,684] - [root] - [INFO] - Finished crop and inference: 0m 46s
[2026-01-23 19:47:22,305] - [root] - [INFO] - Analysis finished: 0m 48s
[2026-01-23 19:47:22,306] - [root] - [INFO] - -------------------------------------------
[2026-01-23 19:47:22,306] - [root] - [INFO] - -------------------------------------------
[2026-01-23 19:47:22,306] - [root] - [INFO] - Processing 1-22-2026 5dpi 173-W2021006-127_R2.png
[2026-01-23 19:47:44,091] - [root] - [INFO] - Finished loading mask: 0m 21s
[2026-01-23 19:47:53,016] - [root] - [INFO] - Finished crop and inference: 0m 30s
[2026-01-23 19:47:54,715] - [root] - [INFO] - Analysis finished: 0m 32s
[2026-01-23 19:47:54,715] - [root] - [INFO] - -------------------------------------------
[2026-01-23 19:47:54,715] - [root] - [INFO] - -------------------------------------------
[2026-01-23 19:47:54,715] - [root] - [INFO] - Processing 1-22-2026 5dpi 191-W2021010-449_R1.png
[2026-01-23 19:48:15,947] - [root] - [INFO] - Finished loading mask: 0m 21s
[2026-01-23 19:48:28,229] - [root] - [INFO] - Finished crop and inference: 0m 33s
[2026-01-23 19:48:29,907] - [root] - [INFO] - Analysis finished: 0m 35s
[2026-01-23 19:48:29,907] - [root] - [INFO] - -------------------------------------------
[2026-01-23 19:48:29,907] - [root] - [INFO] - -------------------------------------------
[2026-01-23 19:48:29,907] - [root] - [INFO] - Processing 1-22-2026 5dpi 254-W2021010-352_R2.png
[2026-01-23 19:48:50,719] - [root] - [INFO] - Finished loading mask: 0m 20s
[2026-01-23 19:48:58,172] - [root] - [INFO] - Finished crop and inference: 0m 28s
[2026-01-23 19:48:59,873] - [root] - [INFO] - Analysis finished: 0m 29s
[2026-01-23 19:48:59,873] - [root] - [INFO] - -------------------------------------------
[2026-01-23 19:48:59,874] - [root] - [INFO] - -------------------------------------------
[2026-01-23 19:48:59,874] - [root] - [INFO] - Processing 1-22-2026 5dpi 266-W2021009-193_R1.png
[2026-01-23 19:49:20,336] - [root] - [INFO] - Finished loading mask: 0m 20s
[2026-01-23 19:49:29,491] - [root] - [INFO] - Finished crop and inference: 0m 29s
[2026-01-23 19:49:31,146] - [root] - [INFO] - Analysis finished: 0m 31s
[2026-01-23 19:49:31,146] - [root] - [INFO] - -------------------------------------------
[2026-01-23 19:49:31,147] - [root] - [INFO] - -------------------------------------------
[2026-01-23 19:49:31,147] - [root] - [INFO] - Processing 1-22-2026 5dpi 336-W2021011-506_R2.png
[2026-01-23 19:49:51,609] - [root] - [INFO] - Finished loading mask: 0m 20s
[2026-01-23 19:50:07,257] - [root] - [INFO] - Finished crop and inference: 0m 36s
[2026-01-23 19:50:08,812] - [root] - [INFO] - Analysis finished: 0m 37s
[2026-01-23 19:50:08,812] - [root] - [INFO] - -------------------------------------------
[2026-01-23 19:50:08,822] - [root] - [INFO] - Saved C:\Users\Intel User\Desktop\blackbird_scripts\data\Results\ResNet_upth0.8_downth0.3_Jan22_10-21-00_2026\1-22-2026\th_0.7\severity_rate_tray_5dpi_u0.8_d0.3_ig0.6_sp0.8.csv
             timestamp time_elapsed  ... severity_rate_patch Gradient_sr2
0  2026-01-23 19:41:21       0m 36s  ...               31.47         0.76

[1 rows x 24 columns]
             timestamp time_elapsed  ... severity_rate_patch Gradient_sr2
0  2026-01-23 19:41:21       0m 36s  ...               31.47         0.76
1  2026-01-23 19:41:58       0m 36s  ...               17.45         0.49

[2 rows x 24 columns]
             timestamp time_elapsed  ... severity_rate_patch Gradient_sr2
0  2026-01-23 19:41:21       0m 36s  ...               31.47         0.76
1  2026-01-23 19:41:58       0m 36s  ...               17.45         0.49
2  2026-01-23 19:42:35       0m 31s  ...                0.96         0.02

[3 rows x 24 columns]
             timestamp time_elapsed  ... severity_rate_patch Gradient_sr2
0  2026-01-23 19:41:21       0m 36s  ...               31.47         0.76
1  2026-01-23 19:41:58       0m 36s  ...               17.45         0.49
2  2026-01-23 19:42:35       0m 31s  ...                0.96         0.02
3  2026-01-23 19:43:07       0m 32s  ...                2.17         0.06

[4 rows x 24 columns]
             timestamp time_elapsed  ... severity_rate_patch Gradient_sr2
0  2026-01-23 19:41:21       0m 36s  ...               31.47         0.76
1  2026-01-23 19:41:58       0m 36s  ...               17.45         0.49
2  2026-01-23 19:42:35       0m 31s  ...                0.96         0.02
3  2026-01-23 19:43:07       0m 32s  ...                2.17         0.06
4  2026-01-23 19:43:40       0m 34s  ...               13.64         0.35

[5 rows x 24 columns]
             timestamp time_elapsed  ... severity_rate_patch Gradient_sr2
0  2026-01-23 19:41:21       0m 36s  ...               31.47         0.76
1  2026-01-23 19:41:58       0m 36s  ...               17.45         0.49
2  2026-01-23 19:42:35       0m 31s  ...                0.96         0.02
3  2026-01-23 19:43:07       0m 32s  ...                2.17         0.06
4  2026-01-23 19:43:40       0m 34s  ...               13.64         0.35
5  2026-01-23 19:44:14       0m 32s  ...                0.74         0.02

[6 rows x 24 columns]
             timestamp time_elapsed  ... severity_rate_patch Gradient_sr2
0  2026-01-23 19:41:21       0m 36s  ...               31.47         0.76
1  2026-01-23 19:41:58       0m 36s  ...               17.45         0.49
2  2026-01-23 19:42:35       0m 31s  ...                0.96         0.02
3  2026-01-23 19:43:07       0m 32s  ...                2.17         0.06
4  2026-01-23 19:43:40       0m 34s  ...               13.64         0.35
5  2026-01-23 19:44:14       0m 32s  ...                0.74         0.02
6  2026-01-23 19:44:47       0m 33s  ...                1.97         0.05

[7 rows x 24 columns]
             timestamp time_elapsed  ... severity_rate_patch Gradient_sr2
0  2026-01-23 19:41:21       0m 36s  ...               31.47         0.76
1  2026-01-23 19:41:58       0m 36s  ...               17.45         0.49
2  2026-01-23 19:42:35       0m 31s  ...                0.96         0.02
3  2026-01-23 19:43:07       0m 32s  ...                2.17         0.06
4  2026-01-23 19:43:40       0m 34s  ...               13.64         0.35
5  2026-01-23 19:44:14       0m 32s  ...                0.74         0.02
6  2026-01-23 19:44:47       0m 33s  ...                1.97         0.05
7  2026-01-23 19:45:20       0m 39s  ...               39.25         1.03

[8 rows x 24 columns]
             timestamp time_elapsed  ... severity_rate_patch Gradient_sr2
0  2026-01-23 19:41:21       0m 36s  ...               31.47         0.76
1  2026-01-23 19:41:58       0m 36s  ...               17.45         0.49
2  2026-01-23 19:42:35       0m 31s  ...                0.96         0.02
3  2026-01-23 19:43:07       0m 32s  ...                2.17         0.06
4  2026-01-23 19:43:40       0m 34s  ...               13.64         0.35
5  2026-01-23 19:44:14       0m 32s  ...                0.74         0.02
6  2026-01-23 19:44:47       0m 33s  ...                1.97         0.05
7  2026-01-23 19:45:20       0m 39s  ...               39.25         1.03
8  2026-01-23 19:46:00       0m 33s  ...                8.20         0.20

[9 rows x 24 columns]
             timestamp time_elapsed  ... severity_rate_patch Gradient_sr2
0  2026-01-23 19:41:21       0m 36s  ...               31.47         0.76
1  2026-01-23 19:41:58       0m 36s  ...               17.45         0.49
2  2026-01-23 19:42:35       0m 31s  ...                0.96         0.02
3  2026-01-23 19:43:07       0m 32s  ...                2.17         0.06
4  2026-01-23 19:43:40       0m 34s  ...               13.64         0.35
5  2026-01-23 19:44:14       0m 32s  ...                0.74         0.02
6  2026-01-23 19:44:47       0m 33s  ...                1.97         0.05
7  2026-01-23 19:45:20       0m 39s  ...               39.25         1.03
8  2026-01-23 19:46:00       0m 33s  ...                8.20         0.20
9  2026-01-23 19:46:34       0m 48s  ...               84.32         2.54

[10 rows x 24 columns]
              timestamp time_elapsed  ... severity_rate_patch Gradient_sr2
0   2026-01-23 19:41:21       0m 36s  ...               31.47         0.76
1   2026-01-23 19:41:58       0m 36s  ...               17.45         0.49
2   2026-01-23 19:42:35       0m 31s  ...                0.96         0.02
3   2026-01-23 19:43:07       0m 32s  ...                2.17         0.06
4   2026-01-23 19:43:40       0m 34s  ...               13.64         0.35
5   2026-01-23 19:44:14       0m 32s  ...                0.74         0.02
6   2026-01-23 19:44:47       0m 33s  ...                1.97         0.05
7   2026-01-23 19:45:20       0m 39s  ...               39.25         1.03
8   2026-01-23 19:46:00       0m 33s  ...                8.20         0.20
9   2026-01-23 19:46:34       0m 48s  ...               84.32         2.54
10  2026-01-23 19:47:22       0m 32s  ...                1.18         0.03

[11 rows x 24 columns]
              timestamp time_elapsed  ... severity_rate_patch Gradient_sr2
0   2026-01-23 19:41:21       0m 36s  ...               31.47         0.76
1   2026-01-23 19:41:58       0m 36s  ...               17.45         0.49
2   2026-01-23 19:42:35       0m 31s  ...                0.96         0.02
3   2026-01-23 19:43:07       0m 32s  ...                2.17         0.06
4   2026-01-23 19:43:40       0m 34s  ...               13.64         0.35
5   2026-01-23 19:44:14       0m 32s  ...                0.74         0.02
6   2026-01-23 19:44:47       0m 33s  ...                1.97         0.05
7   2026-01-23 19:45:20       0m 39s  ...               39.25         1.03
8   2026-01-23 19:46:00       0m 33s  ...                8.20         0.20
9   2026-01-23 19:46:34       0m 48s  ...               84.32         2.54
10  2026-01-23 19:47:22       0m 32s  ...                1.18         0.03
11  2026-01-23 19:47:54       0m 35s  ...               19.05         0.53

[12 rows x 24 columns]
              timestamp time_elapsed  ... severity_rate_patch Gradient_sr2
0   2026-01-23 19:41:21       0m 36s  ...               31.47         0.76
1   2026-01-23 19:41:58       0m 36s  ...               17.45         0.49
2   2026-01-23 19:42:35       0m 31s  ...                0.96         0.02
3   2026-01-23 19:43:07       0m 32s  ...                2.17         0.06
4   2026-01-23 19:43:40       0m 34s  ...               13.64         0.35
5   2026-01-23 19:44:14       0m 32s  ...                0.74         0.02
6   2026-01-23 19:44:47       0m 33s  ...                1.97         0.05
7   2026-01-23 19:45:20       0m 39s  ...               39.25         1.03
8   2026-01-23 19:46:00       0m 33s  ...                8.20         0.20
9   2026-01-23 19:46:34       0m 48s  ...               84.32         2.54
10  2026-01-23 19:47:22       0m 32s  ...                1.18         0.03
11  2026-01-23 19:47:54       0m 35s  ...               19.05         0.53
12  2026-01-23 19:48:29       0m 29s  ...                1.44         0.04

[13 rows x 24 columns]
              timestamp time_elapsed  ... severity_rate_patch Gradient_sr2
0   2026-01-23 19:41:21       0m 36s  ...               31.47         0.76
1   2026-01-23 19:41:58       0m 36s  ...               17.45         0.49
2   2026-01-23 19:42:35       0m 31s  ...                0.96         0.02
3   2026-01-23 19:43:07       0m 32s  ...                2.17         0.06
4   2026-01-23 19:43:40       0m 34s  ...               13.64         0.35
5   2026-01-23 19:44:14       0m 32s  ...                0.74         0.02
6   2026-01-23 19:44:47       0m 33s  ...                1.97         0.05
7   2026-01-23 19:45:20       0m 39s  ...               39.25         1.03
8   2026-01-23 19:46:00       0m 33s  ...                8.20         0.20
9   2026-01-23 19:46:34       0m 48s  ...               84.32         2.54
10  2026-01-23 19:47:22       0m 32s  ...                1.18         0.03
11  2026-01-23 19:47:54       0m 35s  ...               19.05         0.53
12  2026-01-23 19:48:29       0m 29s  ...                1.44         0.04
13  2026-01-23 19:48:59       0m 31s  ...                7.04         0.20

[14 rows x 24 columns]
              timestamp time_elapsed  ... severity_rate_patch Gradient_sr2
0   2026-01-23 19:41:21       0m 36s  ...               31.47         0.76
1   2026-01-23 19:41:58       0m 36s  ...               17.45         0.49
2   2026-01-23 19:42:35       0m 31s  ...                0.96         0.02
3   2026-01-23 19:43:07       0m 32s  ...                2.17         0.06
4   2026-01-23 19:43:40       0m 34s  ...               13.64         0.35
5   2026-01-23 19:44:14       0m 32s  ...                0.74         0.02
6   2026-01-23 19:44:47       0m 33s  ...                1.97         0.05
7   2026-01-23 19:45:20       0m 39s  ...               39.25         1.03
8   2026-01-23 19:46:00       0m 33s  ...                8.20         0.20
9   2026-01-23 19:46:34       0m 48s  ...               84.32         2.54
10  2026-01-23 19:47:22       0m 32s  ...                1.18         0.03
11  2026-01-23 19:47:54       0m 35s  ...               19.05         0.53
12  2026-01-23 19:48:29       0m 29s  ...                1.44         0.04
13  2026-01-23 19:48:59       0m 31s  ...                7.04         0.20
14  2026-01-23 19:49:31       0m 37s  ...               43.14         1.18

[15 rows x 24 columns]

real	8m54.129s
user	0m0.000s
sys	0m0.015s
