[2026-01-23 20:14:17,368] - [root] - [INFO] - leaf_correlation_mw.py
[2026-01-23 20:14:17,368] - [root] - [INFO] - model_type       : ResNet
[2026-01-23 20:14:17,368] - [root] - [INFO] - pretrained       : True
[2026-01-23 20:14:17,368] - [root] - [INFO] - loading_epoch    : 65
[2026-01-23 20:14:17,368] - [root] - [INFO] - timestamp        : Jan22_10-21-00_2026
[2026-01-23 20:14:17,368] - [root] - [INFO] - outdim           : 2
[2026-01-23 20:14:17,368] - [root] - [INFO] - dual_head        : True
[2026-01-23 20:14:17,368] - [root] - [INFO] - model_path       : ../..
[2026-01-23 20:14:17,368] - [root] - [INFO] - step_size        : 224
[2026-01-23 20:14:17,369] - [root] - [INFO] - means            : [0.541, 0.6371, 0.4188]
[2026-01-23 20:14:17,369] - [root] - [INFO] - stds             : [0.1764, 0.165, 0.2326]
[2026-01-23 20:14:17,369] - [root] - [INFO] - target_class     : 1
[2026-01-23 20:14:17,369] - [root] - [INFO] - contam_control   : False
[2026-01-23 20:14:17,369] - [root] - [INFO] - spor_th          : 0.7
[2026-01-23 20:14:17,369] - [root] - [INFO] - inf_gate         : 0.6
[2026-01-23 20:14:17,369] - [root] - [INFO] - pm               : HPM-1269
[2026-01-23 20:14:17,369] - [root] - [INFO] - mps              : False
[2026-01-23 20:14:17,369] - [root] - [INFO] - cuda             : True
[2026-01-23 20:14:17,369] - [root] - [INFO] - cuda_id          : 0
[2026-01-23 20:14:17,369] - [root] - [INFO] - sal_threshold    : 0.5
[2026-01-23 20:14:17,369] - [root] - [INFO] - up_threshold     : 0.8
[2026-01-23 20:14:17,369] - [root] - [INFO] - down_threshold   : 0.1
[2026-01-23 20:14:17,369] - [root] - [INFO] - dataset_path     : C:/Users/Intel User/Desktop/blackbird_scripts/data/human_disk_assessments
[2026-01-23 20:14:17,369] - [root] - [INFO] - img_folder       : 1-22-2026
[2026-01-23 20:14:17,369] - [root] - [INFO] - platform         : BlackBird
[2026-01-23 20:14:17,369] - [root] - [INFO] - threshold        : ['0.7']
[2026-01-23 20:14:17,369] - [root] - [INFO] - log              : ../../results/logs/random.log
[2026-01-23 20:14:17,369] - [root] - [INFO] - dpi              : 10
[2026-01-23 20:14:17,369] - [root] - [INFO] - group            : baseline
[2026-01-23 20:14:17,370] - [root] - [INFO] - trays            : ['10dpi']
[2026-01-23 20:14:17,370] - [root] - [INFO] - sal_gradcam      : False
[2026-01-23 20:14:17,370] - [root] - [INFO] - sal_gradient     : True
[2026-01-23 20:14:17,370] - [root] - [INFO] - sal_smoothgrad   : False
[2026-01-23 20:14:17,370] - [root] - [INFO] - sal_deeplift     : False
[2026-01-23 20:14:17,370] - [root] - [INFO] - sal_thresh_method : fixed
[2026-01-23 20:14:17,370] - [root] - [INFO] - sal_thresh_p     : 95.0
[2026-01-23 20:14:18,210] - [root] - [INFO] - -------------------------------------------
[2026-01-23 20:14:18,210] - [root] - [INFO] - Processing 1-22-2026 10dpi 013-W2021011-633_R2.png
[2026-01-23 20:14:34,999] - [root] - [INFO] - Finished loading mask: 0m 16s
[2026-01-23 20:14:49,572] - [root] - [INFO] - Finished crop and inference: 0m 31s
[2026-01-23 20:14:50,929] - [root] - [INFO] - Analysis finished: 0m 32s
[2026-01-23 20:14:50,929] - [root] - [INFO] - -------------------------------------------
[2026-01-23 20:14:50,929] - [root] - [INFO] - -------------------------------------------
[2026-01-23 20:14:50,929] - [root] - [INFO] - Processing 1-22-2026 10dpi 026-W2021010-346_R2.png
[2026-01-23 20:15:06,478] - [root] - [INFO] - Finished loading mask: 0m 15s
[2026-01-23 20:15:15,602] - [root] - [INFO] - Finished crop and inference: 0m 24s
[2026-01-23 20:15:17,133] - [root] - [INFO] - Analysis finished: 0m 26s
[2026-01-23 20:15:17,133] - [root] - [INFO] - -------------------------------------------
[2026-01-23 20:15:17,133] - [root] - [INFO] - -------------------------------------------
[2026-01-23 20:15:17,133] - [root] - [INFO] - Processing 1-22-2026 10dpi 042-W2021006-015_R1.png
[2026-01-23 20:15:34,338] - [root] - [INFO] - Finished loading mask: 0m 17s
[2026-01-23 20:15:45,510] - [root] - [INFO] - Finished crop and inference: 0m 28s
[2026-01-23 20:15:47,035] - [root] - [INFO] - Analysis finished: 0m 29s
[2026-01-23 20:15:47,035] - [root] - [INFO] - -------------------------------------------
[2026-01-23 20:15:47,035] - [root] - [INFO] - -------------------------------------------
[2026-01-23 20:15:47,035] - [root] - [INFO] - Processing 1-22-2026 10dpi 057-W2021011-504_R2.png
[2026-01-23 20:16:03,406] - [root] - [INFO] - Finished loading mask: 0m 16s
[2026-01-23 20:16:11,755] - [root] - [INFO] - Finished crop and inference: 0m 24s
[2026-01-23 20:16:13,307] - [root] - [INFO] - Analysis finished: 0m 26s
[2026-01-23 20:16:13,307] - [root] - [INFO] - -------------------------------------------
[2026-01-23 20:16:13,307] - [root] - [INFO] - -------------------------------------------
[2026-01-23 20:16:13,307] - [root] - [INFO] - Processing 1-22-2026 10dpi 069-W2021011-574_R1.png
[2026-01-23 20:16:30,630] - [root] - [INFO] - Finished loading mask: 0m 17s
[2026-01-23 20:16:40,602] - [root] - [INFO] - Finished crop and inference: 0m 27s
[2026-01-23 20:16:42,106] - [root] - [INFO] - Analysis finished: 0m 28s
[2026-01-23 20:16:42,107] - [root] - [INFO] - -------------------------------------------
[2026-01-23 20:16:42,107] - [root] - [INFO] - -------------------------------------------
[2026-01-23 20:16:42,107] - [root] - [INFO] - Processing 1-22-2026 10dpi 095-W2021009-283_R1.png
[2026-01-23 20:16:58,870] - [root] - [INFO] - Finished loading mask: 0m 16s
[2026-01-23 20:17:07,176] - [root] - [INFO] - Finished crop and inference: 0m 25s
[2026-01-23 20:17:08,674] - [root] - [INFO] - Analysis finished: 0m 26s
[2026-01-23 20:17:08,674] - [root] - [INFO] - -------------------------------------------
[2026-01-23 20:17:08,674] - [root] - [INFO] - -------------------------------------------
[2026-01-23 20:17:08,674] - [root] - [INFO] - Processing 1-22-2026 10dpi 103-W2021011-591_R2.png
[2026-01-23 20:17:26,107] - [root] - [INFO] - Finished loading mask: 0m 17s
[2026-01-23 20:17:41,029] - [root] - [INFO] - Finished crop and inference: 0m 32s
[2026-01-23 20:17:42,564] - [root] - [INFO] - Analysis finished: 0m 33s
[2026-01-23 20:17:42,565] - [root] - [INFO] - -------------------------------------------
[2026-01-23 20:17:42,565] - [root] - [INFO] - -------------------------------------------
[2026-01-23 20:17:42,565] - [root] - [INFO] - Processing 1-22-2026 10dpi 115-W2021011-638_R1.png
[2026-01-23 20:17:58,892] - [root] - [INFO] - Finished loading mask: 0m 16s
[2026-01-23 20:18:16,780] - [root] - [INFO] - Finished crop and inference: 0m 34s
[2026-01-23 20:18:18,301] - [root] - [INFO] - Analysis finished: 0m 35s
[2026-01-23 20:18:18,301] - [root] - [INFO] - -------------------------------------------
[2026-01-23 20:18:18,301] - [root] - [INFO] - -------------------------------------------
[2026-01-23 20:18:18,301] - [root] - [INFO] - Processing 1-22-2026 10dpi 124-W2021009-278_R1.png
[2026-01-23 20:18:34,411] - [root] - [INFO] - Finished loading mask: 0m 16s
[2026-01-23 20:18:48,949] - [root] - [INFO] - Finished crop and inference: 0m 30s
[2026-01-23 20:18:50,469] - [root] - [INFO] - Analysis finished: 0m 32s
[2026-01-23 20:18:50,469] - [root] - [INFO] - -------------------------------------------
[2026-01-23 20:18:50,469] - [root] - [INFO] - -------------------------------------------
[2026-01-23 20:18:50,469] - [root] - [INFO] - Processing 1-22-2026 10dpi 162-W2021011-551_R2.png
[2026-01-23 20:19:07,284] - [root] - [INFO] - Finished loading mask: 0m 16s
[2026-01-23 20:19:29,815] - [root] - [INFO] - Finished crop and inference: 0m 39s
[2026-01-23 20:19:31,454] - [root] - [INFO] - Analysis finished: 0m 40s
[2026-01-23 20:19:31,454] - [root] - [INFO] - -------------------------------------------
[2026-01-23 20:19:31,454] - [root] - [INFO] - -------------------------------------------
[2026-01-23 20:19:31,454] - [root] - [INFO] - Processing 1-22-2026 10dpi 172-W2021009-156_R2.png
[2026-01-23 20:19:46,683] - [root] - [INFO] - Finished loading mask: 0m 15s
[2026-01-23 20:19:55,075] - [root] - [INFO] - Finished crop and inference: 0m 23s
[2026-01-23 20:19:56,602] - [root] - [INFO] - Analysis finished: 0m 25s
[2026-01-23 20:19:56,602] - [root] - [INFO] - -------------------------------------------
[2026-01-23 20:19:56,602] - [root] - [INFO] - -------------------------------------------
[2026-01-23 20:19:56,602] - [root] - [INFO] - Processing 1-22-2026 10dpi 182-W2021009-251_R1.png
[2026-01-23 20:20:14,465] - [root] - [INFO] - Finished loading mask: 0m 17s
[2026-01-23 20:20:23,933] - [root] - [INFO] - Finished crop and inference: 0m 27s
[2026-01-23 20:20:25,322] - [root] - [INFO] - Analysis finished: 0m 28s
[2026-01-23 20:20:25,322] - [root] - [INFO] - -------------------------------------------
[2026-01-23 20:20:25,322] - [root] - [INFO] - -------------------------------------------
[2026-01-23 20:20:25,322] - [root] - [INFO] - Processing 1-22-2026 10dpi 194-W2021010-339_R2.png
[2026-01-23 20:20:42,296] - [root] - [INFO] - Finished loading mask: 0m 16s
[2026-01-23 20:20:50,737] - [root] - [INFO] - Finished crop and inference: 0m 25s
[2026-01-23 20:20:52,207] - [root] - [INFO] - Analysis finished: 0m 26s
[2026-01-23 20:20:52,207] - [root] - [INFO] - -------------------------------------------
[2026-01-23 20:20:52,207] - [root] - [INFO] - -------------------------------------------
[2026-01-23 20:20:52,207] - [root] - [INFO] - Processing 1-22-2026 10dpi 215-W2021006-045_R1.png
[2026-01-23 20:21:09,596] - [root] - [INFO] - Finished loading mask: 0m 17s
[2026-01-23 20:21:27,733] - [root] - [INFO] - Finished crop and inference: 0m 35s
[2026-01-23 20:21:29,298] - [root] - [INFO] - Analysis finished: 0m 37s
[2026-01-23 20:21:29,298] - [root] - [INFO] - -------------------------------------------
[2026-01-23 20:21:29,298] - [root] - [INFO] - -------------------------------------------
[2026-01-23 20:21:29,298] - [root] - [INFO] - Processing 1-22-2026 10dpi 262-W2021009-187_R2.png
[2026-01-23 20:21:46,026] - [root] - [INFO] - Finished loading mask: 0m 16s
[2026-01-23 20:22:06,496] - [root] - [INFO] - Finished crop and inference: 0m 37s
[2026-01-23 20:22:08,025] - [root] - [INFO] - Analysis finished: 0m 38s
[2026-01-23 20:22:08,025] - [root] - [INFO] - -------------------------------------------
[2026-01-23 20:22:08,032] - [root] - [INFO] - Saved C:\Users\Intel User\Desktop\blackbird_scripts\data\Results\ResNet_upth0.8_downth0.1_Jan22_10-21-00_2026\1-22-2026\th_0.7\severity_rate_tray_10dpi_u0.8_d0.1_ig0.6_sp0.7.csv
             timestamp time_elapsed  ... severity_rate_patch Gradient_sr2
0  2026-01-23 20:14:18       0m 32s  ...               31.55         0.84

[1 rows x 24 columns]
             timestamp time_elapsed  ... severity_rate_patch Gradient_sr2
0  2026-01-23 20:14:18       0m 32s  ...               31.55         0.84
1  2026-01-23 20:14:50       0m 26s  ...                0.28         0.01

[2 rows x 24 columns]
             timestamp time_elapsed  ... severity_rate_patch Gradient_sr2
0  2026-01-23 20:14:18       0m 32s  ...               31.55         0.84
1  2026-01-23 20:14:50       0m 26s  ...                0.28         0.01
2  2026-01-23 20:15:17       0m 29s  ...               24.67         0.62

[3 rows x 24 columns]
             timestamp time_elapsed  ... severity_rate_patch Gradient_sr2
0  2026-01-23 20:14:18       0m 32s  ...               31.55         0.84
1  2026-01-23 20:14:50       0m 26s  ...                0.28         0.01
2  2026-01-23 20:15:17       0m 29s  ...               24.67         0.62
3  2026-01-23 20:15:47       0m 26s  ...                2.64         0.07

[4 rows x 24 columns]
             timestamp time_elapsed  ... severity_rate_patch Gradient_sr2
0  2026-01-23 20:14:18       0m 32s  ...               31.55         0.84
1  2026-01-23 20:14:50       0m 26s  ...                0.28         0.01
2  2026-01-23 20:15:17       0m 29s  ...               24.67         0.62
3  2026-01-23 20:15:47       0m 26s  ...                2.64         0.07
4  2026-01-23 20:16:13       0m 28s  ...               14.24         0.41

[5 rows x 24 columns]
             timestamp time_elapsed  ... severity_rate_patch Gradient_sr2
0  2026-01-23 20:14:18       0m 32s  ...               31.55         0.84
1  2026-01-23 20:14:50       0m 26s  ...                0.28         0.01
2  2026-01-23 20:15:17       0m 29s  ...               24.67         0.62
3  2026-01-23 20:15:47       0m 26s  ...                2.64         0.07
4  2026-01-23 20:16:13       0m 28s  ...               14.24         0.41
5  2026-01-23 20:16:42       0m 26s  ...                6.67         0.15

[6 rows x 24 columns]
             timestamp time_elapsed  ... severity_rate_patch Gradient_sr2
0  2026-01-23 20:14:18       0m 32s  ...               31.55         0.84
1  2026-01-23 20:14:50       0m 26s  ...                0.28         0.01
2  2026-01-23 20:15:17       0m 29s  ...               24.67         0.62
3  2026-01-23 20:15:47       0m 26s  ...                2.64         0.07
4  2026-01-23 20:16:13       0m 28s  ...               14.24         0.41
5  2026-01-23 20:16:42       0m 26s  ...                6.67         0.15
6  2026-01-23 20:17:08       0m 33s  ...               51.36         1.45

[7 rows x 24 columns]
             timestamp time_elapsed  ... severity_rate_patch Gradient_sr2
0  2026-01-23 20:14:18       0m 32s  ...               31.55         0.84
1  2026-01-23 20:14:50       0m 26s  ...                0.28         0.01
2  2026-01-23 20:15:17       0m 29s  ...               24.67         0.62
3  2026-01-23 20:15:47       0m 26s  ...                2.64         0.07
4  2026-01-23 20:16:13       0m 28s  ...               14.24         0.41
5  2026-01-23 20:16:42       0m 26s  ...                6.67         0.15
6  2026-01-23 20:17:08       0m 33s  ...               51.36         1.45
7  2026-01-23 20:17:42       0m 35s  ...               58.92         1.52

[8 rows x 24 columns]
             timestamp time_elapsed  ... severity_rate_patch Gradient_sr2
0  2026-01-23 20:14:18       0m 32s  ...               31.55         0.84
1  2026-01-23 20:14:50       0m 26s  ...                0.28         0.01
2  2026-01-23 20:15:17       0m 29s  ...               24.67         0.62
3  2026-01-23 20:15:47       0m 26s  ...                2.64         0.07
4  2026-01-23 20:16:13       0m 28s  ...               14.24         0.41
5  2026-01-23 20:16:42       0m 26s  ...                6.67         0.15
6  2026-01-23 20:17:08       0m 33s  ...               51.36         1.45
7  2026-01-23 20:17:42       0m 35s  ...               58.92         1.52
8  2026-01-23 20:18:18       0m 32s  ...               45.69         1.26

[9 rows x 24 columns]
             timestamp time_elapsed  ... severity_rate_patch Gradient_sr2
0  2026-01-23 20:14:18       0m 32s  ...               31.55         0.84
1  2026-01-23 20:14:50       0m 26s  ...                0.28         0.01
2  2026-01-23 20:15:17       0m 29s  ...               24.67         0.62
3  2026-01-23 20:15:47       0m 26s  ...                2.64         0.07
4  2026-01-23 20:16:13       0m 28s  ...               14.24         0.41
5  2026-01-23 20:16:42       0m 26s  ...                6.67         0.15
6  2026-01-23 20:17:08       0m 33s  ...               51.36         1.45
7  2026-01-23 20:17:42       0m 35s  ...               58.92         1.52
8  2026-01-23 20:18:18       0m 32s  ...               45.69         1.26
9  2026-01-23 20:18:50       0m 40s  ...               84.26         2.34

[10 rows x 24 columns]
              timestamp time_elapsed  ... severity_rate_patch Gradient_sr2
0   2026-01-23 20:14:18       0m 32s  ...               31.55         0.84
1   2026-01-23 20:14:50       0m 26s  ...                0.28         0.01
2   2026-01-23 20:15:17       0m 29s  ...               24.67         0.62
3   2026-01-23 20:15:47       0m 26s  ...                2.64         0.07
4   2026-01-23 20:16:13       0m 28s  ...               14.24         0.41
5   2026-01-23 20:16:42       0m 26s  ...                6.67         0.15
6   2026-01-23 20:17:08       0m 33s  ...               51.36         1.45
7   2026-01-23 20:17:42       0m 35s  ...               58.92         1.52
8   2026-01-23 20:18:18       0m 32s  ...               45.69         1.26
9   2026-01-23 20:18:50       0m 40s  ...               84.26         2.34
10  2026-01-23 20:19:31       0m 25s  ...                6.72         0.17

[11 rows x 24 columns]
              timestamp time_elapsed  ... severity_rate_patch Gradient_sr2
0   2026-01-23 20:14:18       0m 32s  ...               31.55         0.84
1   2026-01-23 20:14:50       0m 26s  ...                0.28         0.01
2   2026-01-23 20:15:17       0m 29s  ...               24.67         0.62
3   2026-01-23 20:15:47       0m 26s  ...                2.64         0.07
4   2026-01-23 20:16:13       0m 28s  ...               14.24         0.41
5   2026-01-23 20:16:42       0m 26s  ...                6.67         0.15
6   2026-01-23 20:17:08       0m 33s  ...               51.36         1.45
7   2026-01-23 20:17:42       0m 35s  ...               58.92         1.52
8   2026-01-23 20:18:18       0m 32s  ...               45.69         1.26
9   2026-01-23 20:18:50       0m 40s  ...               84.26         2.34
10  2026-01-23 20:19:31       0m 25s  ...                6.72         0.17
11  2026-01-23 20:19:56       0m 28s  ...                6.53         0.17

[12 rows x 24 columns]
              timestamp time_elapsed  ... severity_rate_patch Gradient_sr2
0   2026-01-23 20:14:18       0m 32s  ...               31.55         0.84
1   2026-01-23 20:14:50       0m 26s  ...                0.28         0.01
2   2026-01-23 20:15:17       0m 29s  ...               24.67         0.62
3   2026-01-23 20:15:47       0m 26s  ...                2.64         0.07
4   2026-01-23 20:16:13       0m 28s  ...               14.24         0.41
5   2026-01-23 20:16:42       0m 26s  ...                6.67         0.15
6   2026-01-23 20:17:08       0m 33s  ...               51.36         1.45
7   2026-01-23 20:17:42       0m 35s  ...               58.92         1.52
8   2026-01-23 20:18:18       0m 32s  ...               45.69         1.26
9   2026-01-23 20:18:50       0m 40s  ...               84.26         2.34
10  2026-01-23 20:19:31       0m 25s  ...                6.72         0.17
11  2026-01-23 20:19:56       0m 28s  ...                6.53         0.17
12  2026-01-23 20:20:25       0m 26s  ...                4.64         0.11

[13 rows x 24 columns]
              timestamp time_elapsed  ... severity_rate_patch Gradient_sr2
0   2026-01-23 20:14:18       0m 32s  ...               31.55         0.84
1   2026-01-23 20:14:50       0m 26s  ...                0.28         0.01
2   2026-01-23 20:15:17       0m 29s  ...               24.67         0.62
3   2026-01-23 20:15:47       0m 26s  ...                2.64         0.07
4   2026-01-23 20:16:13       0m 28s  ...               14.24         0.41
5   2026-01-23 20:16:42       0m 26s  ...                6.67         0.15
6   2026-01-23 20:17:08       0m 33s  ...               51.36         1.45
7   2026-01-23 20:17:42       0m 35s  ...               58.92         1.52
8   2026-01-23 20:18:18       0m 32s  ...               45.69         1.26
9   2026-01-23 20:18:50       0m 40s  ...               84.26         2.34
10  2026-01-23 20:19:31       0m 25s  ...                6.72         0.17
11  2026-01-23 20:19:56       0m 28s  ...                6.53         0.17
12  2026-01-23 20:20:25       0m 26s  ...                4.64         0.11
13  2026-01-23 20:20:52       0m 37s  ...               78.90         2.25

[14 rows x 24 columns]
              timestamp time_elapsed  ... severity_rate_patch Gradient_sr2
0   2026-01-23 20:14:18       0m 32s  ...               31.55         0.84
1   2026-01-23 20:14:50       0m 26s  ...                0.28         0.01
2   2026-01-23 20:15:17       0m 29s  ...               24.67         0.62
3   2026-01-23 20:15:47       0m 26s  ...                2.64         0.07
4   2026-01-23 20:16:13       0m 28s  ...               14.24         0.41
5   2026-01-23 20:16:42       0m 26s  ...                6.67         0.15
6   2026-01-23 20:17:08       0m 33s  ...               51.36         1.45
7   2026-01-23 20:17:42       0m 35s  ...               58.92         1.52
8   2026-01-23 20:18:18       0m 32s  ...               45.69         1.26
9   2026-01-23 20:18:50       0m 40s  ...               84.26         2.34
10  2026-01-23 20:19:31       0m 25s  ...                6.72         0.17
11  2026-01-23 20:19:56       0m 28s  ...                6.53         0.17
12  2026-01-23 20:20:25       0m 26s  ...                4.64         0.11
13  2026-01-23 20:20:52       0m 37s  ...               78.90         2.25
14  2026-01-23 20:21:29       0m 38s  ...               80.81         2.33

[15 rows x 24 columns]

real	7m56.276s
user	0m0.015s
sys	0m0.000s
