[2026-01-23 19:14:32,695] - [root] - [INFO] - leaf_correlation_mw.py
[2026-01-23 19:14:32,695] - [root] - [INFO] - model_type       : ResNet
[2026-01-23 19:14:32,695] - [root] - [INFO] - pretrained       : True
[2026-01-23 19:14:32,695] - [root] - [INFO] - loading_epoch    : 65
[2026-01-23 19:14:32,695] - [root] - [INFO] - timestamp        : Jan22_10-21-00_2026
[2026-01-23 19:14:32,696] - [root] - [INFO] - outdim           : 2
[2026-01-23 19:14:32,696] - [root] - [INFO] - dual_head        : True
[2026-01-23 19:14:32,697] - [root] - [INFO] - model_path       : ../..
[2026-01-23 19:14:32,697] - [root] - [INFO] - step_size        : 224
[2026-01-23 19:14:32,697] - [root] - [INFO] - means            : [0.541, 0.6371, 0.4188]
[2026-01-23 19:14:32,697] - [root] - [INFO] - stds             : [0.1764, 0.165, 0.2326]
[2026-01-23 19:14:32,697] - [root] - [INFO] - target_class     : 1
[2026-01-23 19:14:32,697] - [root] - [INFO] - contam_control   : False
[2026-01-23 19:14:32,697] - [root] - [INFO] - spor_th          : 0.8
[2026-01-23 19:14:32,697] - [root] - [INFO] - inf_gate         : 0.6
[2026-01-23 19:14:32,697] - [root] - [INFO] - pm               : HPM-1269
[2026-01-23 19:14:32,697] - [root] - [INFO] - mps              : False
[2026-01-23 19:14:32,697] - [root] - [INFO] - cuda             : True
[2026-01-23 19:14:32,697] - [root] - [INFO] - cuda_id          : 0
[2026-01-23 19:14:32,697] - [root] - [INFO] - sal_threshold    : 0.5
[2026-01-23 19:14:32,697] - [root] - [INFO] - up_threshold     : 0.9
[2026-01-23 19:14:32,698] - [root] - [INFO] - down_threshold   : 0.2
[2026-01-23 19:14:32,698] - [root] - [INFO] - dataset_path     : C:/Users/Intel User/Desktop/blackbird_scripts/data/human_disk_assessments
[2026-01-23 19:14:32,698] - [root] - [INFO] - img_folder       : 1-22-2026
[2026-01-23 19:14:32,698] - [root] - [INFO] - platform         : BlackBird
[2026-01-23 19:14:32,698] - [root] - [INFO] - threshold        : ['0.7']
[2026-01-23 19:14:32,698] - [root] - [INFO] - log              : ../../results/logs/random.log
[2026-01-23 19:14:32,698] - [root] - [INFO] - dpi              : 5
[2026-01-23 19:14:32,698] - [root] - [INFO] - group            : baseline
[2026-01-23 19:14:32,698] - [root] - [INFO] - trays            : ['5dpi']
[2026-01-23 19:14:32,698] - [root] - [INFO] - sal_gradcam      : False
[2026-01-23 19:14:32,698] - [root] - [INFO] - sal_gradient     : True
[2026-01-23 19:14:32,698] - [root] - [INFO] - sal_smoothgrad   : False
[2026-01-23 19:14:32,698] - [root] - [INFO] - sal_deeplift     : False
[2026-01-23 19:14:32,698] - [root] - [INFO] - sal_thresh_method : fixed
[2026-01-23 19:14:32,698] - [root] - [INFO] - sal_thresh_p     : 95.0
[2026-01-23 19:14:33,627] - [root] - [INFO] - -------------------------------------------
[2026-01-23 19:14:33,627] - [root] - [INFO] - Processing 1-22-2026 5dpi 015-W2021009-160_R1.png
[2026-01-23 19:14:55,175] - [root] - [INFO] - Finished loading mask: 0m 21s
[2026-01-23 19:15:07,347] - [root] - [INFO] - Finished crop and inference: 0m 33s
[2026-01-23 19:15:08,784] - [root] - [INFO] - Analysis finished: 0m 35s
[2026-01-23 19:15:08,785] - [root] - [INFO] - -------------------------------------------
[2026-01-23 19:15:08,785] - [root] - [INFO] - -------------------------------------------
[2026-01-23 19:15:08,785] - [root] - [INFO] - Processing 1-22-2026 5dpi 015-W2021011-633_R1.png
[2026-01-23 19:15:30,384] - [root] - [INFO] - Finished loading mask: 0m 21s
[2026-01-23 19:15:42,620] - [root] - [INFO] - Finished crop and inference: 0m 33s
[2026-01-23 19:15:44,180] - [root] - [INFO] - Analysis finished: 0m 35s
[2026-01-23 19:15:44,181] - [root] - [INFO] - -------------------------------------------
[2026-01-23 19:15:44,181] - [root] - [INFO] - -------------------------------------------
[2026-01-23 19:15:44,181] - [root] - [INFO] - Processing 1-22-2026 5dpi 019-W2021010-428_R2.png
[2026-01-23 19:16:06,398] - [root] - [INFO] - Finished loading mask: 0m 22s
[2026-01-23 19:16:14,778] - [root] - [INFO] - Finished crop and inference: 0m 30s
[2026-01-23 19:16:16,311] - [root] - [INFO] - Analysis finished: 0m 32s
[2026-01-23 19:16:16,311] - [root] - [INFO] - -------------------------------------------
[2026-01-23 19:16:16,311] - [root] - [INFO] - -------------------------------------------
[2026-01-23 19:16:16,311] - [root] - [INFO] - Processing 1-22-2026 5dpi 021-W2021009-175_R1.png
[2026-01-23 19:16:38,363] - [root] - [INFO] - Finished loading mask: 0m 22s
[2026-01-23 19:16:47,876] - [root] - [INFO] - Finished crop and inference: 0m 31s
[2026-01-23 19:16:49,431] - [root] - [INFO] - Analysis finished: 0m 33s
[2026-01-23 19:16:49,431] - [root] - [INFO] - -------------------------------------------
[2026-01-23 19:16:49,431] - [root] - [INFO] - -------------------------------------------
[2026-01-23 19:16:49,431] - [root] - [INFO] - Processing 1-22-2026 5dpi 022-W2021009-198_R2.png
[2026-01-23 19:17:11,088] - [root] - [INFO] - Finished loading mask: 0m 21s
[2026-01-23 19:17:21,574] - [root] - [INFO] - Finished crop and inference: 0m 32s
[2026-01-23 19:17:23,042] - [root] - [INFO] - Analysis finished: 0m 33s
[2026-01-23 19:17:23,042] - [root] - [INFO] - -------------------------------------------
[2026-01-23 19:17:23,042] - [root] - [INFO] - -------------------------------------------
[2026-01-23 19:17:23,042] - [root] - [INFO] - Processing 1-22-2026 5dpi 036-W2021006-047_R2.png
[2026-01-23 19:17:45,363] - [root] - [INFO] - Finished loading mask: 0m 22s
[2026-01-23 19:17:54,294] - [root] - [INFO] - Finished crop and inference: 0m 31s
[2026-01-23 19:17:55,855] - [root] - [INFO] - Analysis finished: 0m 32s
[2026-01-23 19:17:55,855] - [root] - [INFO] - -------------------------------------------
[2026-01-23 19:17:55,856] - [root] - [INFO] - -------------------------------------------
[2026-01-23 19:17:55,856] - [root] - [INFO] - Processing 1-22-2026 5dpi 060-W2021010-324_R2.png
[2026-01-23 19:18:17,480] - [root] - [INFO] - Finished loading mask: 0m 21s
[2026-01-23 19:18:26,572] - [root] - [INFO] - Finished crop and inference: 0m 30s
[2026-01-23 19:18:28,099] - [root] - [INFO] - Analysis finished: 0m 32s
[2026-01-23 19:18:28,099] - [root] - [INFO] - -------------------------------------------
[2026-01-23 19:18:28,099] - [root] - [INFO] - -------------------------------------------
[2026-01-23 19:18:28,099] - [root] - [INFO] - Processing 1-22-2026 5dpi 099-W2021006-611_R2.png
[2026-01-23 19:18:49,759] - [root] - [INFO] - Finished loading mask: 0m 21s
[2026-01-23 19:19:04,080] - [root] - [INFO] - Finished crop and inference: 0m 35s
[2026-01-23 19:19:05,628] - [root] - [INFO] - Analysis finished: 0m 37s
[2026-01-23 19:19:05,628] - [root] - [INFO] - -------------------------------------------
[2026-01-23 19:19:05,628] - [root] - [INFO] - -------------------------------------------
[2026-01-23 19:19:05,628] - [root] - [INFO] - Processing 1-22-2026 5dpi 123-W2021009-255_R2.png
[2026-01-23 19:19:27,416] - [root] - [INFO] - Finished loading mask: 0m 21s
[2026-01-23 19:19:37,553] - [root] - [INFO] - Finished crop and inference: 0m 31s
[2026-01-23 19:19:39,033] - [root] - [INFO] - Analysis finished: 0m 33s
[2026-01-23 19:19:39,033] - [root] - [INFO] - -------------------------------------------
[2026-01-23 19:19:39,033] - [root] - [INFO] - -------------------------------------------
[2026-01-23 19:19:39,033] - [root] - [INFO] - Processing 1-22-2026 5dpi 141-W2021009-274_R1.png
[2026-01-23 19:20:00,720] - [root] - [INFO] - Finished loading mask: 0m 21s
[2026-01-23 19:20:23,212] - [root] - [INFO] - Finished crop and inference: 0m 44s
[2026-01-23 19:20:24,733] - [root] - [INFO] - Analysis finished: 0m 45s
[2026-01-23 19:20:24,733] - [root] - [INFO] - -------------------------------------------
[2026-01-23 19:20:24,733] - [root] - [INFO] - -------------------------------------------
[2026-01-23 19:20:24,733] - [root] - [INFO] - Processing 1-22-2026 5dpi 173-W2021006-127_R2.png
[2026-01-23 19:20:46,976] - [root] - [INFO] - Finished loading mask: 0m 22s
[2026-01-23 19:20:56,119] - [root] - [INFO] - Finished crop and inference: 0m 31s
[2026-01-23 19:20:57,701] - [root] - [INFO] - Analysis finished: 0m 32s
[2026-01-23 19:20:57,701] - [root] - [INFO] - -------------------------------------------
[2026-01-23 19:20:57,701] - [root] - [INFO] - -------------------------------------------
[2026-01-23 19:20:57,701] - [root] - [INFO] - Processing 1-22-2026 5dpi 191-W2021010-449_R1.png
[2026-01-23 19:21:19,373] - [root] - [INFO] - Finished loading mask: 0m 21s
[2026-01-23 19:21:31,438] - [root] - [INFO] - Finished crop and inference: 0m 33s
[2026-01-23 19:21:33,206] - [root] - [INFO] - Analysis finished: 0m 35s
[2026-01-23 19:21:33,207] - [root] - [INFO] - -------------------------------------------
[2026-01-23 19:21:33,207] - [root] - [INFO] - -------------------------------------------
[2026-01-23 19:21:33,207] - [root] - [INFO] - Processing 1-22-2026 5dpi 254-W2021010-352_R2.png
[2026-01-23 19:21:54,917] - [root] - [INFO] - Finished loading mask: 0m 21s
[2026-01-23 19:22:02,467] - [root] - [INFO] - Finished crop and inference: 0m 29s
[2026-01-23 19:22:04,131] - [root] - [INFO] - Analysis finished: 0m 30s
[2026-01-23 19:22:04,131] - [root] - [INFO] - -------------------------------------------
[2026-01-23 19:22:04,132] - [root] - [INFO] - -------------------------------------------
[2026-01-23 19:22:04,132] - [root] - [INFO] - Processing 1-22-2026 5dpi 266-W2021009-193_R1.png
[2026-01-23 19:22:25,784] - [root] - [INFO] - Finished loading mask: 0m 21s
[2026-01-23 19:22:34,787] - [root] - [INFO] - Finished crop and inference: 0m 30s
[2026-01-23 19:22:36,323] - [root] - [INFO] - Analysis finished: 0m 32s
[2026-01-23 19:22:36,323] - [root] - [INFO] - -------------------------------------------
[2026-01-23 19:22:36,324] - [root] - [INFO] - -------------------------------------------
[2026-01-23 19:22:36,324] - [root] - [INFO] - Processing 1-22-2026 5dpi 336-W2021011-506_R2.png
[2026-01-23 19:22:57,586] - [root] - [INFO] - Finished loading mask: 0m 21s
[2026-01-23 19:23:12,429] - [root] - [INFO] - Finished crop and inference: 0m 36s
[2026-01-23 19:23:13,904] - [root] - [INFO] - Analysis finished: 0m 37s
[2026-01-23 19:23:13,904] - [root] - [INFO] - -------------------------------------------
[2026-01-23 19:23:13,911] - [root] - [INFO] - Saved C:\Users\Intel User\Desktop\blackbird_scripts\data\Results\ResNet_upth0.9_downth0.2_Jan22_10-21-00_2026\1-22-2026\th_0.7\severity_rate_tray_5dpi_u0.9_d0.2_ig0.6_sp0.8.csv
             timestamp time_elapsed  ... severity_rate_patch Gradient_sr2
0  2026-01-23 19:14:33       0m 35s  ...               30.24         0.68

[1 rows x 24 columns]
             timestamp time_elapsed  ... severity_rate_patch Gradient_sr2
0  2026-01-23 19:14:33       0m 35s  ...               30.24         0.68
1  2026-01-23 19:15:08       0m 35s  ...               16.96         0.47

[2 rows x 24 columns]
             timestamp time_elapsed  ... severity_rate_patch Gradient_sr2
0  2026-01-23 19:14:33       0m 35s  ...               30.24         0.68
1  2026-01-23 19:15:08       0m 35s  ...               16.96         0.47
2  2026-01-23 19:15:44       0m 32s  ...                0.48         0.01

[3 rows x 24 columns]
             timestamp time_elapsed  ... severity_rate_patch Gradient_sr2
0  2026-01-23 19:14:33       0m 35s  ...               30.24         0.68
1  2026-01-23 19:15:08       0m 35s  ...               16.96         0.47
2  2026-01-23 19:15:44       0m 32s  ...                0.48         0.01
3  2026-01-23 19:16:16       0m 33s  ...                1.90         0.05

[4 rows x 24 columns]
             timestamp time_elapsed  ... severity_rate_patch Gradient_sr2
0  2026-01-23 19:14:33       0m 35s  ...               30.24         0.68
1  2026-01-23 19:15:08       0m 35s  ...               16.96         0.47
2  2026-01-23 19:15:44       0m 32s  ...                0.48         0.01
3  2026-01-23 19:16:16       0m 33s  ...                1.90         0.05
4  2026-01-23 19:16:49       0m 33s  ...               10.46         0.24

[5 rows x 24 columns]
             timestamp time_elapsed  ... severity_rate_patch Gradient_sr2
0  2026-01-23 19:14:33       0m 35s  ...               30.24         0.68
1  2026-01-23 19:15:08       0m 35s  ...               16.96         0.47
2  2026-01-23 19:15:44       0m 32s  ...                0.48         0.01
3  2026-01-23 19:16:16       0m 33s  ...                1.90         0.05
4  2026-01-23 19:16:49       0m 33s  ...               10.46         0.24
5  2026-01-23 19:17:23       0m 32s  ...                0.60         0.02

[6 rows x 24 columns]
             timestamp time_elapsed  ... severity_rate_patch Gradient_sr2
0  2026-01-23 19:14:33       0m 35s  ...               30.24         0.68
1  2026-01-23 19:15:08       0m 35s  ...               16.96         0.47
2  2026-01-23 19:15:44       0m 32s  ...                0.48         0.01
3  2026-01-23 19:16:16       0m 33s  ...                1.90         0.05
4  2026-01-23 19:16:49       0m 33s  ...               10.46         0.24
5  2026-01-23 19:17:23       0m 32s  ...                0.60         0.02
6  2026-01-23 19:17:55       0m 32s  ...                1.69         0.04

[7 rows x 24 columns]
             timestamp time_elapsed  ... severity_rate_patch Gradient_sr2
0  2026-01-23 19:14:33       0m 35s  ...               30.24         0.68
1  2026-01-23 19:15:08       0m 35s  ...               16.96         0.47
2  2026-01-23 19:15:44       0m 32s  ...                0.48         0.01
3  2026-01-23 19:16:16       0m 33s  ...                1.90         0.05
4  2026-01-23 19:16:49       0m 33s  ...               10.46         0.24
5  2026-01-23 19:17:23       0m 32s  ...                0.60         0.02
6  2026-01-23 19:17:55       0m 32s  ...                1.69         0.04
7  2026-01-23 19:18:28       0m 37s  ...               39.29         0.95

[8 rows x 24 columns]
             timestamp time_elapsed  ... severity_rate_patch Gradient_sr2
0  2026-01-23 19:14:33       0m 35s  ...               30.24         0.68
1  2026-01-23 19:15:08       0m 35s  ...               16.96         0.47
2  2026-01-23 19:15:44       0m 32s  ...                0.48         0.01
3  2026-01-23 19:16:16       0m 33s  ...                1.90         0.05
4  2026-01-23 19:16:49       0m 33s  ...               10.46         0.24
5  2026-01-23 19:17:23       0m 32s  ...                0.60         0.02
6  2026-01-23 19:17:55       0m 32s  ...                1.69         0.04
7  2026-01-23 19:18:28       0m 37s  ...               39.29         0.95
8  2026-01-23 19:19:05       0m 33s  ...                6.56         0.15

[9 rows x 24 columns]
             timestamp time_elapsed  ... severity_rate_patch Gradient_sr2
0  2026-01-23 19:14:33       0m 35s  ...               30.24         0.68
1  2026-01-23 19:15:08       0m 35s  ...               16.96         0.47
2  2026-01-23 19:15:44       0m 32s  ...                0.48         0.01
3  2026-01-23 19:16:16       0m 33s  ...                1.90         0.05
4  2026-01-23 19:16:49       0m 33s  ...               10.46         0.24
5  2026-01-23 19:17:23       0m 32s  ...                0.60         0.02
6  2026-01-23 19:17:55       0m 32s  ...                1.69         0.04
7  2026-01-23 19:18:28       0m 37s  ...               39.29         0.95
8  2026-01-23 19:19:05       0m 33s  ...                6.56         0.15
9  2026-01-23 19:19:39       0m 45s  ...               84.97         2.52

[10 rows x 24 columns]
              timestamp time_elapsed  ... severity_rate_patch Gradient_sr2
0   2026-01-23 19:14:33       0m 35s  ...               30.24         0.68
1   2026-01-23 19:15:08       0m 35s  ...               16.96         0.47
2   2026-01-23 19:15:44       0m 32s  ...                0.48         0.01
3   2026-01-23 19:16:16       0m 33s  ...                1.90         0.05
4   2026-01-23 19:16:49       0m 33s  ...               10.46         0.24
5   2026-01-23 19:17:23       0m 32s  ...                0.60         0.02
6   2026-01-23 19:17:55       0m 32s  ...                1.69         0.04
7   2026-01-23 19:18:28       0m 37s  ...               39.29         0.95
8   2026-01-23 19:19:05       0m 33s  ...                6.56         0.15
9   2026-01-23 19:19:39       0m 45s  ...               84.97         2.52
10  2026-01-23 19:20:24       0m 32s  ...                1.04         0.03

[11 rows x 24 columns]
              timestamp time_elapsed  ... severity_rate_patch Gradient_sr2
0   2026-01-23 19:14:33       0m 35s  ...               30.24         0.68
1   2026-01-23 19:15:08       0m 35s  ...               16.96         0.47
2   2026-01-23 19:15:44       0m 32s  ...                0.48         0.01
3   2026-01-23 19:16:16       0m 33s  ...                1.90         0.05
4   2026-01-23 19:16:49       0m 33s  ...               10.46         0.24
5   2026-01-23 19:17:23       0m 32s  ...                0.60         0.02
6   2026-01-23 19:17:55       0m 32s  ...                1.69         0.04
7   2026-01-23 19:18:28       0m 37s  ...               39.29         0.95
8   2026-01-23 19:19:05       0m 33s  ...                6.56         0.15
9   2026-01-23 19:19:39       0m 45s  ...               84.97         2.52
10  2026-01-23 19:20:24       0m 32s  ...                1.04         0.03
11  2026-01-23 19:20:57       0m 35s  ...               18.04         0.48

[12 rows x 24 columns]
              timestamp time_elapsed  ... severity_rate_patch Gradient_sr2
0   2026-01-23 19:14:33       0m 35s  ...               30.24         0.68
1   2026-01-23 19:15:08       0m 35s  ...               16.96         0.47
2   2026-01-23 19:15:44       0m 32s  ...                0.48         0.01
3   2026-01-23 19:16:16       0m 33s  ...                1.90         0.05
4   2026-01-23 19:16:49       0m 33s  ...               10.46         0.24
5   2026-01-23 19:17:23       0m 32s  ...                0.60         0.02
6   2026-01-23 19:17:55       0m 32s  ...                1.69         0.04
7   2026-01-23 19:18:28       0m 37s  ...               39.29         0.95
8   2026-01-23 19:19:05       0m 33s  ...                6.56         0.15
9   2026-01-23 19:19:39       0m 45s  ...               84.97         2.52
10  2026-01-23 19:20:24       0m 32s  ...                1.04         0.03
11  2026-01-23 19:20:57       0m 35s  ...               18.04         0.48
12  2026-01-23 19:21:33       0m 30s  ...                0.91         0.02

[13 rows x 24 columns]
              timestamp time_elapsed  ... severity_rate_patch Gradient_sr2
0   2026-01-23 19:14:33       0m 35s  ...               30.24         0.68
1   2026-01-23 19:15:08       0m 35s  ...               16.96         0.47
2   2026-01-23 19:15:44       0m 32s  ...                0.48         0.01
3   2026-01-23 19:16:16       0m 33s  ...                1.90         0.05
4   2026-01-23 19:16:49       0m 33s  ...               10.46         0.24
5   2026-01-23 19:17:23       0m 32s  ...                0.60         0.02
6   2026-01-23 19:17:55       0m 32s  ...                1.69         0.04
7   2026-01-23 19:18:28       0m 37s  ...               39.29         0.95
8   2026-01-23 19:19:05       0m 33s  ...                6.56         0.15
9   2026-01-23 19:19:39       0m 45s  ...               84.97         2.52
10  2026-01-23 19:20:24       0m 32s  ...                1.04         0.03
11  2026-01-23 19:20:57       0m 35s  ...               18.04         0.48
12  2026-01-23 19:21:33       0m 30s  ...                0.91         0.02
13  2026-01-23 19:22:04       0m 32s  ...                6.27         0.17

[14 rows x 24 columns]
              timestamp time_elapsed  ... severity_rate_patch Gradient_sr2
0   2026-01-23 19:14:33       0m 35s  ...               30.24         0.68
1   2026-01-23 19:15:08       0m 35s  ...               16.96         0.47
2   2026-01-23 19:15:44       0m 32s  ...                0.48         0.01
3   2026-01-23 19:16:16       0m 33s  ...                1.90         0.05
4   2026-01-23 19:16:49       0m 33s  ...               10.46         0.24
5   2026-01-23 19:17:23       0m 32s  ...                0.60         0.02
6   2026-01-23 19:17:55       0m 32s  ...                1.69         0.04
7   2026-01-23 19:18:28       0m 37s  ...               39.29         0.95
8   2026-01-23 19:19:05       0m 33s  ...                6.56         0.15
9   2026-01-23 19:19:39       0m 45s  ...               84.97         2.52
10  2026-01-23 19:20:24       0m 32s  ...                1.04         0.03
11  2026-01-23 19:20:57       0m 35s  ...               18.04         0.48
12  2026-01-23 19:21:33       0m 30s  ...                0.91         0.02
13  2026-01-23 19:22:04       0m 32s  ...                6.27         0.17
14  2026-01-23 19:22:36       0m 37s  ...               43.19         1.15

[15 rows x 24 columns]

real	8m47.417s
user	0m0.000s
sys	0m0.000s
