[2026-01-23 21:37:47,721] - [root] - [INFO] - leaf_correlation_mw.py
[2026-01-23 21:37:47,721] - [root] - [INFO] - model_type       : ResNet
[2026-01-23 21:37:47,721] - [root] - [INFO] - pretrained       : True
[2026-01-23 21:37:47,721] - [root] - [INFO] - loading_epoch    : 65
[2026-01-23 21:37:47,721] - [root] - [INFO] - timestamp        : Jan22_10-21-00_2026
[2026-01-23 21:37:47,721] - [root] - [INFO] - outdim           : 2
[2026-01-23 21:37:47,721] - [root] - [INFO] - dual_head        : True
[2026-01-23 21:37:47,722] - [root] - [INFO] - model_path       : ../..
[2026-01-23 21:37:47,722] - [root] - [INFO] - step_size        : 224
[2026-01-23 21:37:47,722] - [root] - [INFO] - means            : [0.541, 0.6371, 0.4188]
[2026-01-23 21:37:47,722] - [root] - [INFO] - stds             : [0.1764, 0.165, 0.2326]
[2026-01-23 21:37:47,722] - [root] - [INFO] - target_class     : 1
[2026-01-23 21:37:47,722] - [root] - [INFO] - contam_control   : False
[2026-01-23 21:37:47,723] - [root] - [INFO] - spor_th          : 0.9
[2026-01-23 21:37:47,723] - [root] - [INFO] - inf_gate         : 0.6
[2026-01-23 21:37:47,723] - [root] - [INFO] - pm               : HPM-1269
[2026-01-23 21:37:47,723] - [root] - [INFO] - mps              : False
[2026-01-23 21:37:47,723] - [root] - [INFO] - cuda             : True
[2026-01-23 21:37:47,723] - [root] - [INFO] - cuda_id          : 0
[2026-01-23 21:37:47,723] - [root] - [INFO] - sal_threshold    : 0.5
[2026-01-23 21:37:47,723] - [root] - [INFO] - up_threshold     : 0.8
[2026-01-23 21:37:47,723] - [root] - [INFO] - down_threshold   : 0.3
[2026-01-23 21:37:47,723] - [root] - [INFO] - dataset_path     : C:/Users/Intel User/Desktop/blackbird_scripts/data/human_disk_assessments
[2026-01-23 21:37:47,723] - [root] - [INFO] - img_folder       : 1-22-2026
[2026-01-23 21:37:47,723] - [root] - [INFO] - platform         : BlackBird
[2026-01-23 21:37:47,724] - [root] - [INFO] - threshold        : ['0.7']
[2026-01-23 21:37:47,724] - [root] - [INFO] - log              : ../../results/logs/random.log
[2026-01-23 21:37:47,724] - [root] - [INFO] - dpi              : 10
[2026-01-23 21:37:47,724] - [root] - [INFO] - group            : baseline
[2026-01-23 21:37:47,724] - [root] - [INFO] - trays            : ['10dpi']
[2026-01-23 21:37:47,724] - [root] - [INFO] - sal_gradcam      : False
[2026-01-23 21:37:47,724] - [root] - [INFO] - sal_gradient     : True
[2026-01-23 21:37:47,724] - [root] - [INFO] - sal_smoothgrad   : False
[2026-01-23 21:37:47,724] - [root] - [INFO] - sal_deeplift     : False
[2026-01-23 21:37:47,724] - [root] - [INFO] - sal_thresh_method : fixed
[2026-01-23 21:37:47,724] - [root] - [INFO] - sal_thresh_p     : 95.0
[2026-01-23 21:37:48,741] - [root] - [INFO] - -------------------------------------------
[2026-01-23 21:37:48,741] - [root] - [INFO] - Processing 1-22-2026 10dpi 013-W2021011-633_R2.png
[2026-01-23 21:38:05,271] - [root] - [INFO] - Finished loading mask: 0m 16s
[2026-01-23 21:38:18,841] - [root] - [INFO] - Finished crop and inference: 0m 30s
[2026-01-23 21:38:20,287] - [root] - [INFO] - Analysis finished: 0m 31s
[2026-01-23 21:38:20,288] - [root] - [INFO] - -------------------------------------------
[2026-01-23 21:38:20,288] - [root] - [INFO] - -------------------------------------------
[2026-01-23 21:38:20,288] - [root] - [INFO] - Processing 1-22-2026 10dpi 026-W2021010-346_R2.png
[2026-01-23 21:38:37,592] - [root] - [INFO] - Finished loading mask: 0m 17s
[2026-01-23 21:38:46,963] - [root] - [INFO] - Finished crop and inference: 0m 26s
[2026-01-23 21:38:48,345] - [root] - [INFO] - Analysis finished: 0m 28s
[2026-01-23 21:38:48,345] - [root] - [INFO] - -------------------------------------------
[2026-01-23 21:38:48,346] - [root] - [INFO] - -------------------------------------------
[2026-01-23 21:38:48,346] - [root] - [INFO] - Processing 1-22-2026 10dpi 042-W2021006-015_R1.png
[2026-01-23 21:39:05,565] - [root] - [INFO] - Finished loading mask: 0m 17s
[2026-01-23 21:39:17,384] - [root] - [INFO] - Finished crop and inference: 0m 29s
[2026-01-23 21:39:18,796] - [root] - [INFO] - Analysis finished: 0m 30s
[2026-01-23 21:39:18,796] - [root] - [INFO] - -------------------------------------------
[2026-01-23 21:39:18,797] - [root] - [INFO] - -------------------------------------------
[2026-01-23 21:39:18,797] - [root] - [INFO] - Processing 1-22-2026 10dpi 057-W2021011-504_R2.png
[2026-01-23 21:39:35,454] - [root] - [INFO] - Finished loading mask: 0m 16s
[2026-01-23 21:39:44,169] - [root] - [INFO] - Finished crop and inference: 0m 25s
[2026-01-23 21:39:45,536] - [root] - [INFO] - Analysis finished: 0m 26s
[2026-01-23 21:39:45,536] - [root] - [INFO] - -------------------------------------------
[2026-01-23 21:39:45,536] - [root] - [INFO] - -------------------------------------------
[2026-01-23 21:39:45,536] - [root] - [INFO] - Processing 1-22-2026 10dpi 069-W2021011-574_R1.png
[2026-01-23 21:40:02,231] - [root] - [INFO] - Finished loading mask: 0m 16s
[2026-01-23 21:40:13,111] - [root] - [INFO] - Finished crop and inference: 0m 27s
[2026-01-23 21:40:14,434] - [root] - [INFO] - Analysis finished: 0m 28s
[2026-01-23 21:40:14,434] - [root] - [INFO] - -------------------------------------------
[2026-01-23 21:40:14,434] - [root] - [INFO] - -------------------------------------------
[2026-01-23 21:40:14,434] - [root] - [INFO] - Processing 1-22-2026 10dpi 095-W2021009-283_R1.png
[2026-01-23 21:40:30,732] - [root] - [INFO] - Finished loading mask: 0m 16s
[2026-01-23 21:40:39,322] - [root] - [INFO] - Finished crop and inference: 0m 24s
[2026-01-23 21:40:40,741] - [root] - [INFO] - Analysis finished: 0m 26s
[2026-01-23 21:40:40,742] - [root] - [INFO] - -------------------------------------------
[2026-01-23 21:40:40,742] - [root] - [INFO] - -------------------------------------------
[2026-01-23 21:40:40,742] - [root] - [INFO] - Processing 1-22-2026 10dpi 103-W2021011-591_R2.png
[2026-01-23 21:40:57,458] - [root] - [INFO] - Finished loading mask: 0m 16s
[2026-01-23 21:41:12,559] - [root] - [INFO] - Finished crop and inference: 0m 31s
[2026-01-23 21:41:13,894] - [root] - [INFO] - Analysis finished: 0m 33s
[2026-01-23 21:41:13,895] - [root] - [INFO] - -------------------------------------------
[2026-01-23 21:41:13,895] - [root] - [INFO] - -------------------------------------------
[2026-01-23 21:41:13,895] - [root] - [INFO] - Processing 1-22-2026 10dpi 115-W2021011-638_R1.png
[2026-01-23 21:41:30,736] - [root] - [INFO] - Finished loading mask: 0m 16s
[2026-01-23 21:41:46,415] - [root] - [INFO] - Finished crop and inference: 0m 32s
[2026-01-23 21:41:47,771] - [root] - [INFO] - Analysis finished: 0m 33s
[2026-01-23 21:41:47,772] - [root] - [INFO] - -------------------------------------------
[2026-01-23 21:41:47,772] - [root] - [INFO] - -------------------------------------------
[2026-01-23 21:41:47,772] - [root] - [INFO] - Processing 1-22-2026 10dpi 124-W2021009-278_R1.png
[2026-01-23 21:42:05,538] - [root] - [INFO] - Finished loading mask: 0m 17s
[2026-01-23 21:42:18,464] - [root] - [INFO] - Finished crop and inference: 0m 30s
[2026-01-23 21:42:19,828] - [root] - [INFO] - Analysis finished: 0m 32s
[2026-01-23 21:42:19,828] - [root] - [INFO] - -------------------------------------------
[2026-01-23 21:42:19,828] - [root] - [INFO] - -------------------------------------------
[2026-01-23 21:42:19,828] - [root] - [INFO] - Processing 1-22-2026 10dpi 162-W2021011-551_R2.png
[2026-01-23 21:42:38,131] - [root] - [INFO] - Finished loading mask: 0m 18s
[2026-01-23 21:42:58,092] - [root] - [INFO] - Finished crop and inference: 0m 38s
[2026-01-23 21:42:59,618] - [root] - [INFO] - Analysis finished: 0m 39s
[2026-01-23 21:42:59,618] - [root] - [INFO] - -------------------------------------------
[2026-01-23 21:42:59,618] - [root] - [INFO] - -------------------------------------------
[2026-01-23 21:42:59,619] - [root] - [INFO] - Processing 1-22-2026 10dpi 172-W2021009-156_R2.png
[2026-01-23 21:43:16,803] - [root] - [INFO] - Finished loading mask: 0m 17s
[2026-01-23 21:43:24,506] - [root] - [INFO] - Finished crop and inference: 0m 24s
[2026-01-23 21:43:25,905] - [root] - [INFO] - Analysis finished: 0m 26s
[2026-01-23 21:43:25,905] - [root] - [INFO] - -------------------------------------------
[2026-01-23 21:43:25,905] - [root] - [INFO] - -------------------------------------------
[2026-01-23 21:43:25,905] - [root] - [INFO] - Processing 1-22-2026 10dpi 182-W2021009-251_R1.png
[2026-01-23 21:43:44,313] - [root] - [INFO] - Finished loading mask: 0m 18s
[2026-01-23 21:43:54,504] - [root] - [INFO] - Finished crop and inference: 0m 28s
[2026-01-23 21:43:55,836] - [root] - [INFO] - Analysis finished: 0m 29s
[2026-01-23 21:43:55,837] - [root] - [INFO] - -------------------------------------------
[2026-01-23 21:43:55,837] - [root] - [INFO] - -------------------------------------------
[2026-01-23 21:43:55,837] - [root] - [INFO] - Processing 1-22-2026 10dpi 194-W2021010-339_R2.png
[2026-01-23 21:44:12,338] - [root] - [INFO] - Finished loading mask: 0m 16s
[2026-01-23 21:44:21,318] - [root] - [INFO] - Finished crop and inference: 0m 25s
[2026-01-23 21:44:22,687] - [root] - [INFO] - Analysis finished: 0m 26s
[2026-01-23 21:44:22,687] - [root] - [INFO] - -------------------------------------------
[2026-01-23 21:44:22,688] - [root] - [INFO] - -------------------------------------------
[2026-01-23 21:44:22,688] - [root] - [INFO] - Processing 1-22-2026 10dpi 215-W2021006-045_R1.png
[2026-01-23 21:44:39,429] - [root] - [INFO] - Finished loading mask: 0m 16s
[2026-01-23 21:44:57,506] - [root] - [INFO] - Finished crop and inference: 0m 34s
[2026-01-23 21:44:58,890] - [root] - [INFO] - Analysis finished: 0m 36s
[2026-01-23 21:44:58,890] - [root] - [INFO] - -------------------------------------------
[2026-01-23 21:44:58,890] - [root] - [INFO] - -------------------------------------------
[2026-01-23 21:44:58,890] - [root] - [INFO] - Processing 1-22-2026 10dpi 262-W2021009-187_R2.png
[2026-01-23 21:45:15,884] - [root] - [INFO] - Finished loading mask: 0m 16s
[2026-01-23 21:45:34,226] - [root] - [INFO] - Finished crop and inference: 0m 35s
[2026-01-23 21:45:35,741] - [root] - [INFO] - Analysis finished: 0m 36s
[2026-01-23 21:45:35,741] - [root] - [INFO] - -------------------------------------------
[2026-01-23 21:45:35,748] - [root] - [INFO] - Saved C:\Users\Intel User\Desktop\blackbird_scripts\data\Results\ResNet_upth0.8_downth0.3_Jan22_10-21-00_2026\1-22-2026\th_0.7\severity_rate_tray_10dpi_u0.8_d0.3_ig0.6_sp0.9.csv
             timestamp time_elapsed  ... severity_rate_patch Gradient_sr2
0  2026-01-23 21:37:48       0m 31s  ...               29.82         0.84

[1 rows x 24 columns]
             timestamp time_elapsed  ... severity_rate_patch Gradient_sr2
0  2026-01-23 21:37:48       0m 31s  ...               29.82         0.84
1  2026-01-23 21:38:20       0m 28s  ...                0.28         0.01

[2 rows x 24 columns]
             timestamp time_elapsed  ... severity_rate_patch Gradient_sr2
0  2026-01-23 21:37:48       0m 31s  ...               29.82         0.84
1  2026-01-23 21:38:20       0m 28s  ...                0.28         0.01
2  2026-01-23 21:38:48       0m 30s  ...               23.58         0.62

[3 rows x 24 columns]
             timestamp time_elapsed  ... severity_rate_patch Gradient_sr2
0  2026-01-23 21:37:48       0m 31s  ...               29.82         0.84
1  2026-01-23 21:38:20       0m 28s  ...                0.28         0.01
2  2026-01-23 21:38:48       0m 30s  ...               23.58         0.62
3  2026-01-23 21:39:18       0m 26s  ...                2.51         0.07

[4 rows x 24 columns]
             timestamp time_elapsed  ... severity_rate_patch Gradient_sr2
0  2026-01-23 21:37:48       0m 31s  ...               29.82         0.84
1  2026-01-23 21:38:20       0m 28s  ...                0.28         0.01
2  2026-01-23 21:38:48       0m 30s  ...               23.58         0.62
3  2026-01-23 21:39:18       0m 26s  ...                2.51         0.07
4  2026-01-23 21:39:45       0m 28s  ...               13.88         0.41

[5 rows x 24 columns]
             timestamp time_elapsed  ... severity_rate_patch Gradient_sr2
0  2026-01-23 21:37:48       0m 31s  ...               29.82         0.84
1  2026-01-23 21:38:20       0m 28s  ...                0.28         0.01
2  2026-01-23 21:38:48       0m 30s  ...               23.58         0.62
3  2026-01-23 21:39:18       0m 26s  ...                2.51         0.07
4  2026-01-23 21:39:45       0m 28s  ...               13.88         0.41
5  2026-01-23 21:40:14       0m 26s  ...                6.35         0.15

[6 rows x 24 columns]
             timestamp time_elapsed  ... severity_rate_patch Gradient_sr2
0  2026-01-23 21:37:48       0m 31s  ...               29.82         0.84
1  2026-01-23 21:38:20       0m 28s  ...                0.28         0.01
2  2026-01-23 21:38:48       0m 30s  ...               23.58         0.62
3  2026-01-23 21:39:18       0m 26s  ...                2.51         0.07
4  2026-01-23 21:39:45       0m 28s  ...               13.88         0.41
5  2026-01-23 21:40:14       0m 26s  ...                6.35         0.15
6  2026-01-23 21:40:40       0m 33s  ...               50.00         1.46

[7 rows x 24 columns]
             timestamp time_elapsed  ... severity_rate_patch Gradient_sr2
0  2026-01-23 21:37:48       0m 31s  ...               29.82         0.84
1  2026-01-23 21:38:20       0m 28s  ...                0.28         0.01
2  2026-01-23 21:38:48       0m 30s  ...               23.58         0.62
3  2026-01-23 21:39:18       0m 26s  ...                2.51         0.07
4  2026-01-23 21:39:45       0m 28s  ...               13.88         0.41
5  2026-01-23 21:40:14       0m 26s  ...                6.35         0.15
6  2026-01-23 21:40:40       0m 33s  ...               50.00         1.46
7  2026-01-23 21:41:13       0m 33s  ...               55.16         1.51

[8 rows x 24 columns]
             timestamp time_elapsed  ... severity_rate_patch Gradient_sr2
0  2026-01-23 21:37:48       0m 31s  ...               29.82         0.84
1  2026-01-23 21:38:20       0m 28s  ...                0.28         0.01
2  2026-01-23 21:38:48       0m 30s  ...               23.58         0.62
3  2026-01-23 21:39:18       0m 26s  ...                2.51         0.07
4  2026-01-23 21:39:45       0m 28s  ...               13.88         0.41
5  2026-01-23 21:40:14       0m 26s  ...                6.35         0.15
6  2026-01-23 21:40:40       0m 33s  ...               50.00         1.46
7  2026-01-23 21:41:13       0m 33s  ...               55.16         1.51
8  2026-01-23 21:41:47       0m 32s  ...               44.48         1.27

[9 rows x 24 columns]
             timestamp time_elapsed  ... severity_rate_patch Gradient_sr2
0  2026-01-23 21:37:48       0m 31s  ...               29.82         0.84
1  2026-01-23 21:38:20       0m 28s  ...                0.28         0.01
2  2026-01-23 21:38:48       0m 30s  ...               23.58         0.62
3  2026-01-23 21:39:18       0m 26s  ...                2.51         0.07
4  2026-01-23 21:39:45       0m 28s  ...               13.88         0.41
5  2026-01-23 21:40:14       0m 26s  ...                6.35         0.15
6  2026-01-23 21:40:40       0m 33s  ...               50.00         1.46
7  2026-01-23 21:41:13       0m 33s  ...               55.16         1.51
8  2026-01-23 21:41:47       0m 32s  ...               44.48         1.27
9  2026-01-23 21:42:19       0m 39s  ...               82.93         2.35

[10 rows x 24 columns]
              timestamp time_elapsed  ... severity_rate_patch Gradient_sr2
0   2026-01-23 21:37:48       0m 31s  ...               29.82         0.84
1   2026-01-23 21:38:20       0m 28s  ...                0.28         0.01
2   2026-01-23 21:38:48       0m 30s  ...               23.58         0.62
3   2026-01-23 21:39:18       0m 26s  ...                2.51         0.07
4   2026-01-23 21:39:45       0m 28s  ...               13.88         0.41
5   2026-01-23 21:40:14       0m 26s  ...                6.35         0.15
6   2026-01-23 21:40:40       0m 33s  ...               50.00         1.46
7   2026-01-23 21:41:13       0m 33s  ...               55.16         1.51
8   2026-01-23 21:41:47       0m 32s  ...               44.48         1.27
9   2026-01-23 21:42:19       0m 39s  ...               82.93         2.35
10  2026-01-23 21:42:59       0m 26s  ...                6.57         0.17

[11 rows x 24 columns]
              timestamp time_elapsed  ... severity_rate_patch Gradient_sr2
0   2026-01-23 21:37:48       0m 31s  ...               29.82         0.84
1   2026-01-23 21:38:20       0m 28s  ...                0.28         0.01
2   2026-01-23 21:38:48       0m 30s  ...               23.58         0.62
3   2026-01-23 21:39:18       0m 26s  ...                2.51         0.07
4   2026-01-23 21:39:45       0m 28s  ...               13.88         0.41
5   2026-01-23 21:40:14       0m 26s  ...                6.35         0.15
6   2026-01-23 21:40:40       0m 33s  ...               50.00         1.46
7   2026-01-23 21:41:13       0m 33s  ...               55.16         1.51
8   2026-01-23 21:41:47       0m 32s  ...               44.48         1.27
9   2026-01-23 21:42:19       0m 39s  ...               82.93         2.35
10  2026-01-23 21:42:59       0m 26s  ...                6.57         0.17
11  2026-01-23 21:43:25       0m 29s  ...                6.11         0.17

[12 rows x 24 columns]
              timestamp time_elapsed  ... severity_rate_patch Gradient_sr2
0   2026-01-23 21:37:48       0m 31s  ...               29.82         0.84
1   2026-01-23 21:38:20       0m 28s  ...                0.28         0.01
2   2026-01-23 21:38:48       0m 30s  ...               23.58         0.62
3   2026-01-23 21:39:18       0m 26s  ...                2.51         0.07
4   2026-01-23 21:39:45       0m 28s  ...               13.88         0.41
5   2026-01-23 21:40:14       0m 26s  ...                6.35         0.15
6   2026-01-23 21:40:40       0m 33s  ...               50.00         1.46
7   2026-01-23 21:41:13       0m 33s  ...               55.16         1.51
8   2026-01-23 21:41:47       0m 32s  ...               44.48         1.27
9   2026-01-23 21:42:19       0m 39s  ...               82.93         2.35
10  2026-01-23 21:42:59       0m 26s  ...                6.57         0.17
11  2026-01-23 21:43:25       0m 29s  ...                6.11         0.17
12  2026-01-23 21:43:55       0m 26s  ...                4.37         0.11

[13 rows x 24 columns]
              timestamp time_elapsed  ... severity_rate_patch Gradient_sr2
0   2026-01-23 21:37:48       0m 31s  ...               29.82         0.84
1   2026-01-23 21:38:20       0m 28s  ...                0.28         0.01
2   2026-01-23 21:38:48       0m 30s  ...               23.58         0.62
3   2026-01-23 21:39:18       0m 26s  ...                2.51         0.07
4   2026-01-23 21:39:45       0m 28s  ...               13.88         0.41
5   2026-01-23 21:40:14       0m 26s  ...                6.35         0.15
6   2026-01-23 21:40:40       0m 33s  ...               50.00         1.46
7   2026-01-23 21:41:13       0m 33s  ...               55.16         1.51
8   2026-01-23 21:41:47       0m 32s  ...               44.48         1.27
9   2026-01-23 21:42:19       0m 39s  ...               82.93         2.35
10  2026-01-23 21:42:59       0m 26s  ...                6.57         0.17
11  2026-01-23 21:43:25       0m 29s  ...                6.11         0.17
12  2026-01-23 21:43:55       0m 26s  ...                4.37         0.11
13  2026-01-23 21:44:22       0m 36s  ...               77.27         2.26

[14 rows x 24 columns]
              timestamp time_elapsed  ... severity_rate_patch Gradient_sr2
0   2026-01-23 21:37:48       0m 31s  ...               29.82         0.84
1   2026-01-23 21:38:20       0m 28s  ...                0.28         0.01
2   2026-01-23 21:38:48       0m 30s  ...               23.58         0.62
3   2026-01-23 21:39:18       0m 26s  ...                2.51         0.07
4   2026-01-23 21:39:45       0m 28s  ...               13.88         0.41
5   2026-01-23 21:40:14       0m 26s  ...                6.35         0.15
6   2026-01-23 21:40:40       0m 33s  ...               50.00         1.46
7   2026-01-23 21:41:13       0m 33s  ...               55.16         1.51
8   2026-01-23 21:41:47       0m 32s  ...               44.48         1.27
9   2026-01-23 21:42:19       0m 39s  ...               82.93         2.35
10  2026-01-23 21:42:59       0m 26s  ...                6.57         0.17
11  2026-01-23 21:43:25       0m 29s  ...                6.11         0.17
12  2026-01-23 21:43:55       0m 26s  ...                4.37         0.11
13  2026-01-23 21:44:22       0m 36s  ...               77.27         2.26
14  2026-01-23 21:44:58       0m 36s  ...               79.52         2.33

[15 rows x 24 columns]

real	7m54.548s
user	0m0.000s
sys	0m0.015s
