[2026-01-23 17:42:30,274] - [root] - [INFO] - leaf_correlation_mw.py
[2026-01-23 17:42:30,274] - [root] - [INFO] - model_type       : ResNet
[2026-01-23 17:42:30,275] - [root] - [INFO] - pretrained       : True
[2026-01-23 17:42:30,275] - [root] - [INFO] - loading_epoch    : 65
[2026-01-23 17:42:30,275] - [root] - [INFO] - timestamp        : Jan22_10-21-00_2026
[2026-01-23 17:42:30,275] - [root] - [INFO] - outdim           : 2
[2026-01-23 17:42:30,275] - [root] - [INFO] - dual_head        : True
[2026-01-23 17:42:30,275] - [root] - [INFO] - model_path       : ../..
[2026-01-23 17:42:30,275] - [root] - [INFO] - step_size        : 224
[2026-01-23 17:42:30,275] - [root] - [INFO] - means            : [0.541, 0.6371, 0.4188]
[2026-01-23 17:42:30,275] - [root] - [INFO] - stds             : [0.1764, 0.165, 0.2326]
[2026-01-23 17:42:30,275] - [root] - [INFO] - target_class     : 1
[2026-01-23 17:42:30,275] - [root] - [INFO] - contam_control   : False
[2026-01-23 17:42:30,275] - [root] - [INFO] - spor_th          : 0.6
[2026-01-23 17:42:30,275] - [root] - [INFO] - inf_gate         : 0.3
[2026-01-23 17:42:30,275] - [root] - [INFO] - pm               : HPM-1269
[2026-01-23 17:42:30,275] - [root] - [INFO] - mps              : False
[2026-01-23 17:42:30,276] - [root] - [INFO] - cuda             : True
[2026-01-23 17:42:30,276] - [root] - [INFO] - cuda_id          : 0
[2026-01-23 17:42:30,276] - [root] - [INFO] - sal_threshold    : 0.5
[2026-01-23 17:42:30,276] - [root] - [INFO] - up_threshold     : 0.7
[2026-01-23 17:42:30,276] - [root] - [INFO] - down_threshold   : 0.1
[2026-01-23 17:42:30,276] - [root] - [INFO] - dataset_path     : C:/Users/Intel User/Desktop/blackbird_scripts/data/human_disk_assessments
[2026-01-23 17:42:30,276] - [root] - [INFO] - img_folder       : 1-22-2026
[2026-01-23 17:42:30,276] - [root] - [INFO] - platform         : BlackBird
[2026-01-23 17:42:30,276] - [root] - [INFO] - threshold        : ['0.7']
[2026-01-23 17:42:30,276] - [root] - [INFO] - log              : ../../results/logs/random.log
[2026-01-23 17:42:30,276] - [root] - [INFO] - dpi              : 5
[2026-01-23 17:42:30,276] - [root] - [INFO] - group            : baseline
[2026-01-23 17:42:30,276] - [root] - [INFO] - trays            : ['5dpi']
[2026-01-23 17:42:30,276] - [root] - [INFO] - sal_gradcam      : False
[2026-01-23 17:42:30,276] - [root] - [INFO] - sal_gradient     : True
[2026-01-23 17:42:30,276] - [root] - [INFO] - sal_smoothgrad   : False
[2026-01-23 17:42:30,276] - [root] - [INFO] - sal_deeplift     : False
[2026-01-23 17:42:30,276] - [root] - [INFO] - sal_thresh_method : fixed
[2026-01-23 17:42:30,276] - [root] - [INFO] - sal_thresh_p     : 95.0
[2026-01-23 17:42:31,295] - [root] - [INFO] - -------------------------------------------
[2026-01-23 17:42:31,295] - [root] - [INFO] - Processing 1-22-2026 5dpi 015-W2021009-160_R1.png
[2026-01-23 17:42:52,589] - [root] - [INFO] - Finished loading mask: 0m 21s
[2026-01-23 17:43:06,487] - [root] - [INFO] - Finished crop and inference: 0m 35s
[2026-01-23 17:43:08,712] - [root] - [INFO] - Analysis finished: 0m 37s
[2026-01-23 17:43:08,712] - [root] - [INFO] - -------------------------------------------
[2026-01-23 17:43:08,713] - [root] - [INFO] - -------------------------------------------
[2026-01-23 17:43:08,713] - [root] - [INFO] - Processing 1-22-2026 5dpi 015-W2021011-633_R1.png
[2026-01-23 17:43:31,369] - [root] - [INFO] - Finished loading mask: 0m 22s
[2026-01-23 17:43:44,880] - [root] - [INFO] - Finished crop and inference: 0m 36s
[2026-01-23 17:43:46,705] - [root] - [INFO] - Analysis finished: 0m 37s
[2026-01-23 17:43:46,705] - [root] - [INFO] - -------------------------------------------
[2026-01-23 17:43:46,706] - [root] - [INFO] - -------------------------------------------
[2026-01-23 17:43:46,706] - [root] - [INFO] - Processing 1-22-2026 5dpi 019-W2021010-428_R2.png
[2026-01-23 17:44:08,684] - [root] - [INFO] - Finished loading mask: 0m 21s
[2026-01-23 17:44:17,483] - [root] - [INFO] - Finished crop and inference: 0m 30s
[2026-01-23 17:44:19,223] - [root] - [INFO] - Analysis finished: 0m 32s
[2026-01-23 17:44:19,224] - [root] - [INFO] - -------------------------------------------
[2026-01-23 17:44:19,224] - [root] - [INFO] - -------------------------------------------
[2026-01-23 17:44:19,224] - [root] - [INFO] - Processing 1-22-2026 5dpi 021-W2021009-175_R1.png
[2026-01-23 17:44:41,526] - [root] - [INFO] - Finished loading mask: 0m 22s
[2026-01-23 17:44:51,723] - [root] - [INFO] - Finished crop and inference: 0m 32s
[2026-01-23 17:44:53,522] - [root] - [INFO] - Analysis finished: 0m 34s
[2026-01-23 17:44:53,523] - [root] - [INFO] - -------------------------------------------
[2026-01-23 17:44:53,523] - [root] - [INFO] - -------------------------------------------
[2026-01-23 17:44:53,523] - [root] - [INFO] - Processing 1-22-2026 5dpi 022-W2021009-198_R2.png
[2026-01-23 17:45:15,490] - [root] - [INFO] - Finished loading mask: 0m 21s
[2026-01-23 17:45:27,649] - [root] - [INFO] - Finished crop and inference: 0m 34s
[2026-01-23 17:45:29,276] - [root] - [INFO] - Analysis finished: 0m 35s
[2026-01-23 17:45:29,277] - [root] - [INFO] - -------------------------------------------
[2026-01-23 17:45:29,277] - [root] - [INFO] - -------------------------------------------
[2026-01-23 17:45:29,277] - [root] - [INFO] - Processing 1-22-2026 5dpi 036-W2021006-047_R2.png
[2026-01-23 17:45:51,684] - [root] - [INFO] - Finished loading mask: 0m 22s
[2026-01-23 17:46:01,049] - [root] - [INFO] - Finished crop and inference: 0m 31s
[2026-01-23 17:46:02,744] - [root] - [INFO] - Analysis finished: 0m 33s
[2026-01-23 17:46:02,744] - [root] - [INFO] - -------------------------------------------
[2026-01-23 17:46:02,745] - [root] - [INFO] - -------------------------------------------
[2026-01-23 17:46:02,745] - [root] - [INFO] - Processing 1-22-2026 5dpi 060-W2021010-324_R2.png
[2026-01-23 17:46:24,906] - [root] - [INFO] - Finished loading mask: 0m 22s
[2026-01-23 17:46:34,658] - [root] - [INFO] - Finished crop and inference: 0m 31s
[2026-01-23 17:46:36,280] - [root] - [INFO] - Analysis finished: 0m 33s
[2026-01-23 17:46:36,281] - [root] - [INFO] - -------------------------------------------
[2026-01-23 17:46:36,281] - [root] - [INFO] - -------------------------------------------
[2026-01-23 17:46:36,281] - [root] - [INFO] - Processing 1-22-2026 5dpi 099-W2021006-611_R2.png
[2026-01-23 17:46:59,240] - [root] - [INFO] - Finished loading mask: 0m 22s
[2026-01-23 17:47:14,800] - [root] - [INFO] - Finished crop and inference: 0m 38s
[2026-01-23 17:47:16,450] - [root] - [INFO] - Analysis finished: 0m 40s
[2026-01-23 17:47:16,450] - [root] - [INFO] - -------------------------------------------
[2026-01-23 17:47:16,450] - [root] - [INFO] - -------------------------------------------
[2026-01-23 17:47:16,450] - [root] - [INFO] - Processing 1-22-2026 5dpi 123-W2021009-255_R2.png
[2026-01-23 17:47:38,626] - [root] - [INFO] - Finished loading mask: 0m 22s
[2026-01-23 17:47:50,171] - [root] - [INFO] - Finished crop and inference: 0m 33s
[2026-01-23 17:47:51,797] - [root] - [INFO] - Analysis finished: 0m 35s
[2026-01-23 17:47:51,797] - [root] - [INFO] - -------------------------------------------
[2026-01-23 17:47:51,797] - [root] - [INFO] - -------------------------------------------
[2026-01-23 17:47:51,797] - [root] - [INFO] - Processing 1-22-2026 5dpi 141-W2021009-274_R1.png
[2026-01-23 17:48:14,308] - [root] - [INFO] - Finished loading mask: 0m 22s
[2026-01-23 17:48:37,910] - [root] - [INFO] - Finished crop and inference: 0m 46s
[2026-01-23 17:48:39,584] - [root] - [INFO] - Analysis finished: 0m 47s
[2026-01-23 17:48:39,584] - [root] - [INFO] - -------------------------------------------
[2026-01-23 17:48:39,584] - [root] - [INFO] - -------------------------------------------
[2026-01-23 17:48:39,585] - [root] - [INFO] - Processing 1-22-2026 5dpi 173-W2021006-127_R2.png
[2026-01-23 17:49:02,399] - [root] - [INFO] - Finished loading mask: 0m 22s
[2026-01-23 17:49:11,654] - [root] - [INFO] - Finished crop and inference: 0m 32s
[2026-01-23 17:49:13,256] - [root] - [INFO] - Analysis finished: 0m 33s
[2026-01-23 17:49:13,256] - [root] - [INFO] - -------------------------------------------
[2026-01-23 17:49:13,256] - [root] - [INFO] - -------------------------------------------
[2026-01-23 17:49:13,256] - [root] - [INFO] - Processing 1-22-2026 5dpi 191-W2021010-449_R1.png
[2026-01-23 17:49:35,052] - [root] - [INFO] - Finished loading mask: 0m 21s
[2026-01-23 17:49:48,429] - [root] - [INFO] - Finished crop and inference: 0m 35s
[2026-01-23 17:49:50,065] - [root] - [INFO] - Analysis finished: 0m 36s
[2026-01-23 17:49:50,066] - [root] - [INFO] - -------------------------------------------
[2026-01-23 17:49:50,066] - [root] - [INFO] - -------------------------------------------
[2026-01-23 17:49:50,066] - [root] - [INFO] - Processing 1-22-2026 5dpi 254-W2021010-352_R2.png
[2026-01-23 17:50:11,738] - [root] - [INFO] - Finished loading mask: 0m 21s
[2026-01-23 17:50:19,452] - [root] - [INFO] - Finished crop and inference: 0m 29s
[2026-01-23 17:50:21,041] - [root] - [INFO] - Analysis finished: 0m 30s
[2026-01-23 17:50:21,041] - [root] - [INFO] - -------------------------------------------
[2026-01-23 17:50:21,041] - [root] - [INFO] - -------------------------------------------
[2026-01-23 17:50:21,041] - [root] - [INFO] - Processing 1-22-2026 5dpi 266-W2021009-193_R1.png
[2026-01-23 17:50:42,833] - [root] - [INFO] - Finished loading mask: 0m 21s
[2026-01-23 17:50:52,037] - [root] - [INFO] - Finished crop and inference: 0m 30s
[2026-01-23 17:50:53,635] - [root] - [INFO] - Analysis finished: 0m 32s
[2026-01-23 17:50:53,635] - [root] - [INFO] - -------------------------------------------
[2026-01-23 17:50:53,635] - [root] - [INFO] - -------------------------------------------
[2026-01-23 17:50:53,635] - [root] - [INFO] - Processing 1-22-2026 5dpi 336-W2021011-506_R2.png
[2026-01-23 17:51:14,960] - [root] - [INFO] - Finished loading mask: 0m 21s
[2026-01-23 17:51:29,971] - [root] - [INFO] - Finished crop and inference: 0m 36s
[2026-01-23 17:51:31,573] - [root] - [INFO] - Analysis finished: 0m 37s
[2026-01-23 17:51:31,573] - [root] - [INFO] - -------------------------------------------
[2026-01-23 17:51:31,582] - [root] - [INFO] - Saved C:\Users\Intel User\Desktop\blackbird_scripts\data\Results\ResNet_upth0.7_downth0.1_Jan22_10-21-00_2026\1-22-2026\th_0.7\severity_rate_tray_5dpi_u0.7_d0.1_ig0.3_sp0.6.csv
             timestamp time_elapsed  ... severity_rate_patch Gradient_sr2
0  2026-01-23 17:42:31       0m 37s  ...               37.43         0.86

[1 rows x 24 columns]
             timestamp time_elapsed  ... severity_rate_patch Gradient_sr2
0  2026-01-23 17:42:31       0m 37s  ...               37.43         0.86
1  2026-01-23 17:43:08       0m 37s  ...               19.28         0.54

[2 rows x 24 columns]
             timestamp time_elapsed  ... severity_rate_patch Gradient_sr2
0  2026-01-23 17:42:31       0m 37s  ...               37.43         0.86
1  2026-01-23 17:43:08       0m 37s  ...               19.28         0.54
2  2026-01-23 17:43:46       0m 32s  ...                1.31         0.03

[3 rows x 24 columns]
             timestamp time_elapsed  ... severity_rate_patch Gradient_sr2
0  2026-01-23 17:42:31       0m 37s  ...               37.43         0.86
1  2026-01-23 17:43:08       0m 37s  ...               19.28         0.54
2  2026-01-23 17:43:46       0m 32s  ...                1.31         0.03
3  2026-01-23 17:44:19       0m 34s  ...                2.65         0.07

[4 rows x 24 columns]
             timestamp time_elapsed  ... severity_rate_patch Gradient_sr2
0  2026-01-23 17:42:31       0m 37s  ...               37.43         0.86
1  2026-01-23 17:43:08       0m 37s  ...               19.28         0.54
2  2026-01-23 17:43:46       0m 32s  ...                1.31         0.03
3  2026-01-23 17:44:19       0m 34s  ...                2.65         0.07
4  2026-01-23 17:44:53       0m 35s  ...               18.20         0.42

[5 rows x 24 columns]
             timestamp time_elapsed  ... severity_rate_patch Gradient_sr2
0  2026-01-23 17:42:31       0m 37s  ...               37.43         0.86
1  2026-01-23 17:43:08       0m 37s  ...               19.28         0.54
2  2026-01-23 17:43:46       0m 32s  ...                1.31         0.03
3  2026-01-23 17:44:19       0m 34s  ...                2.65         0.07
4  2026-01-23 17:44:53       0m 35s  ...               18.20         0.42
5  2026-01-23 17:45:29       0m 33s  ...                0.76         0.02

[6 rows x 24 columns]
             timestamp time_elapsed  ... severity_rate_patch Gradient_sr2
0  2026-01-23 17:42:31       0m 37s  ...               37.43         0.86
1  2026-01-23 17:43:08       0m 37s  ...               19.28         0.54
2  2026-01-23 17:43:46       0m 32s  ...                1.31         0.03
3  2026-01-23 17:44:19       0m 34s  ...                2.65         0.07
4  2026-01-23 17:44:53       0m 35s  ...               18.20         0.42
5  2026-01-23 17:45:29       0m 33s  ...                0.76         0.02
6  2026-01-23 17:46:02       0m 33s  ...                2.33         0.06

[7 rows x 24 columns]
             timestamp time_elapsed  ... severity_rate_patch Gradient_sr2
0  2026-01-23 17:42:31       0m 37s  ...               37.43         0.86
1  2026-01-23 17:43:08       0m 37s  ...               19.28         0.54
2  2026-01-23 17:43:46       0m 32s  ...                1.31         0.03
3  2026-01-23 17:44:19       0m 34s  ...                2.65         0.07
4  2026-01-23 17:44:53       0m 35s  ...               18.20         0.42
5  2026-01-23 17:45:29       0m 33s  ...                0.76         0.02
6  2026-01-23 17:46:02       0m 33s  ...                2.33         0.06
7  2026-01-23 17:46:36       0m 40s  ...               45.55         1.12

[8 rows x 24 columns]
             timestamp time_elapsed  ... severity_rate_patch Gradient_sr2
0  2026-01-23 17:42:31       0m 37s  ...               37.43         0.86
1  2026-01-23 17:43:08       0m 37s  ...               19.28         0.54
2  2026-01-23 17:43:46       0m 32s  ...                1.31         0.03
3  2026-01-23 17:44:19       0m 34s  ...                2.65         0.07
4  2026-01-23 17:44:53       0m 35s  ...               18.20         0.42
5  2026-01-23 17:45:29       0m 33s  ...                0.76         0.02
6  2026-01-23 17:46:02       0m 33s  ...                2.33         0.06
7  2026-01-23 17:46:36       0m 40s  ...               45.55         1.12
8  2026-01-23 17:47:16       0m 35s  ...               10.85         0.23

[9 rows x 24 columns]
             timestamp time_elapsed  ... severity_rate_patch Gradient_sr2
0  2026-01-23 17:42:31       0m 37s  ...               37.43         0.86
1  2026-01-23 17:43:08       0m 37s  ...               19.28         0.54
2  2026-01-23 17:43:46       0m 32s  ...                1.31         0.03
3  2026-01-23 17:44:19       0m 34s  ...                2.65         0.07
4  2026-01-23 17:44:53       0m 35s  ...               18.20         0.42
5  2026-01-23 17:45:29       0m 33s  ...                0.76         0.02
6  2026-01-23 17:46:02       0m 33s  ...                2.33         0.06
7  2026-01-23 17:46:36       0m 40s  ...               45.55         1.12
8  2026-01-23 17:47:16       0m 35s  ...               10.85         0.23
9  2026-01-23 17:47:51       0m 47s  ...               86.54         2.56

[10 rows x 24 columns]
              timestamp time_elapsed  ... severity_rate_patch Gradient_sr2
0   2026-01-23 17:42:31       0m 37s  ...               37.43         0.86
1   2026-01-23 17:43:08       0m 37s  ...               19.28         0.54
2   2026-01-23 17:43:46       0m 32s  ...                1.31         0.03
3   2026-01-23 17:44:19       0m 34s  ...                2.65         0.07
4   2026-01-23 17:44:53       0m 35s  ...               18.20         0.42
5   2026-01-23 17:45:29       0m 33s  ...                0.76         0.02
6   2026-01-23 17:46:02       0m 33s  ...                2.33         0.06
7   2026-01-23 17:46:36       0m 40s  ...               45.55         1.12
8   2026-01-23 17:47:16       0m 35s  ...               10.85         0.23
9   2026-01-23 17:47:51       0m 47s  ...               86.54         2.56
10  2026-01-23 17:48:39       0m 33s  ...                1.50         0.04

[11 rows x 24 columns]
              timestamp time_elapsed  ... severity_rate_patch Gradient_sr2
0   2026-01-23 17:42:31       0m 37s  ...               37.43         0.86
1   2026-01-23 17:43:08       0m 37s  ...               19.28         0.54
2   2026-01-23 17:43:46       0m 32s  ...                1.31         0.03
3   2026-01-23 17:44:19       0m 34s  ...                2.65         0.07
4   2026-01-23 17:44:53       0m 35s  ...               18.20         0.42
5   2026-01-23 17:45:29       0m 33s  ...                0.76         0.02
6   2026-01-23 17:46:02       0m 33s  ...                2.33         0.06
7   2026-01-23 17:46:36       0m 40s  ...               45.55         1.12
8   2026-01-23 17:47:16       0m 35s  ...               10.85         0.23
9   2026-01-23 17:47:51       0m 47s  ...               86.54         2.56
10  2026-01-23 17:48:39       0m 33s  ...                1.50         0.04
11  2026-01-23 17:49:13       0m 36s  ...               21.53         0.57

[12 rows x 24 columns]
              timestamp time_elapsed  ... severity_rate_patch Gradient_sr2
0   2026-01-23 17:42:31       0m 37s  ...               37.43         0.86
1   2026-01-23 17:43:08       0m 37s  ...               19.28         0.54
2   2026-01-23 17:43:46       0m 32s  ...                1.31         0.03
3   2026-01-23 17:44:19       0m 34s  ...                2.65         0.07
4   2026-01-23 17:44:53       0m 35s  ...               18.20         0.42
5   2026-01-23 17:45:29       0m 33s  ...                0.76         0.02
6   2026-01-23 17:46:02       0m 33s  ...                2.33         0.06
7   2026-01-23 17:46:36       0m 40s  ...               45.55         1.12
8   2026-01-23 17:47:16       0m 35s  ...               10.85         0.23
9   2026-01-23 17:47:51       0m 47s  ...               86.54         2.56
10  2026-01-23 17:48:39       0m 33s  ...                1.50         0.04
11  2026-01-23 17:49:13       0m 36s  ...               21.53         0.57
12  2026-01-23 17:49:50       0m 30s  ...                1.84         0.05

[13 rows x 24 columns]
              timestamp time_elapsed  ... severity_rate_patch Gradient_sr2
0   2026-01-23 17:42:31       0m 37s  ...               37.43         0.86
1   2026-01-23 17:43:08       0m 37s  ...               19.28         0.54
2   2026-01-23 17:43:46       0m 32s  ...                1.31         0.03
3   2026-01-23 17:44:19       0m 34s  ...                2.65         0.07
4   2026-01-23 17:44:53       0m 35s  ...               18.20         0.42
5   2026-01-23 17:45:29       0m 33s  ...                0.76         0.02
6   2026-01-23 17:46:02       0m 33s  ...                2.33         0.06
7   2026-01-23 17:46:36       0m 40s  ...               45.55         1.12
8   2026-01-23 17:47:16       0m 35s  ...               10.85         0.23
9   2026-01-23 17:47:51       0m 47s  ...               86.54         2.56
10  2026-01-23 17:48:39       0m 33s  ...                1.50         0.04
11  2026-01-23 17:49:13       0m 36s  ...               21.53         0.57
12  2026-01-23 17:49:50       0m 30s  ...                1.84         0.05
13  2026-01-23 17:50:21       0m 32s  ...                8.53         0.22

[14 rows x 24 columns]
              timestamp time_elapsed  ... severity_rate_patch Gradient_sr2
0   2026-01-23 17:42:31       0m 37s  ...               37.43         0.86
1   2026-01-23 17:43:08       0m 37s  ...               19.28         0.54
2   2026-01-23 17:43:46       0m 32s  ...                1.31         0.03
3   2026-01-23 17:44:19       0m 34s  ...                2.65         0.07
4   2026-01-23 17:44:53       0m 35s  ...               18.20         0.42
5   2026-01-23 17:45:29       0m 33s  ...                0.76         0.02
6   2026-01-23 17:46:02       0m 33s  ...                2.33         0.06
7   2026-01-23 17:46:36       0m 40s  ...               45.55         1.12
8   2026-01-23 17:47:16       0m 35s  ...               10.85         0.23
9   2026-01-23 17:47:51       0m 47s  ...               86.54         2.56
10  2026-01-23 17:48:39       0m 33s  ...                1.50         0.04
11  2026-01-23 17:49:13       0m 36s  ...               21.53         0.57
12  2026-01-23 17:49:50       0m 30s  ...                1.84         0.05
13  2026-01-23 17:50:21       0m 32s  ...                8.53         0.22
14  2026-01-23 17:50:53       0m 37s  ...               46.19         1.20

[15 rows x 24 columns]

real	9m8.242s
user	0m0.000s
sys	0m0.015s
