[2026-01-23 18:48:07,253] - [root] - [INFO] - leaf_correlation_mw.py
[2026-01-23 18:48:07,254] - [root] - [INFO] - model_type       : ResNet
[2026-01-23 18:48:07,254] - [root] - [INFO] - pretrained       : True
[2026-01-23 18:48:07,254] - [root] - [INFO] - loading_epoch    : 65
[2026-01-23 18:48:07,254] - [root] - [INFO] - timestamp        : Jan22_10-21-00_2026
[2026-01-23 18:48:07,254] - [root] - [INFO] - outdim           : 2
[2026-01-23 18:48:07,254] - [root] - [INFO] - dual_head        : True
[2026-01-23 18:48:07,254] - [root] - [INFO] - model_path       : ../..
[2026-01-23 18:48:07,254] - [root] - [INFO] - step_size        : 224
[2026-01-23 18:48:07,255] - [root] - [INFO] - means            : [0.541, 0.6371, 0.4188]
[2026-01-23 18:48:07,255] - [root] - [INFO] - stds             : [0.1764, 0.165, 0.2326]
[2026-01-23 18:48:07,255] - [root] - [INFO] - target_class     : 1
[2026-01-23 18:48:07,255] - [root] - [INFO] - contam_control   : False
[2026-01-23 18:48:07,255] - [root] - [INFO] - spor_th          : 0.9
[2026-01-23 18:48:07,255] - [root] - [INFO] - inf_gate         : 0.6
[2026-01-23 18:48:07,255] - [root] - [INFO] - pm               : HPM-1269
[2026-01-23 18:48:07,255] - [root] - [INFO] - mps              : False
[2026-01-23 18:48:07,255] - [root] - [INFO] - cuda             : True
[2026-01-23 18:48:07,255] - [root] - [INFO] - cuda_id          : 0
[2026-01-23 18:48:07,255] - [root] - [INFO] - sal_threshold    : 0.5
[2026-01-23 18:48:07,255] - [root] - [INFO] - up_threshold     : 0.7
[2026-01-23 18:48:07,255] - [root] - [INFO] - down_threshold   : 0.2
[2026-01-23 18:48:07,256] - [root] - [INFO] - dataset_path     : C:/Users/Intel User/Desktop/blackbird_scripts/data/human_disk_assessments
[2026-01-23 18:48:07,256] - [root] - [INFO] - img_folder       : 1-22-2026
[2026-01-23 18:48:07,256] - [root] - [INFO] - platform         : BlackBird
[2026-01-23 18:48:07,256] - [root] - [INFO] - threshold        : ['0.7']
[2026-01-23 18:48:07,256] - [root] - [INFO] - log              : ../../results/logs/random.log
[2026-01-23 18:48:07,256] - [root] - [INFO] - dpi              : 5
[2026-01-23 18:48:07,256] - [root] - [INFO] - group            : baseline
[2026-01-23 18:48:07,256] - [root] - [INFO] - trays            : ['5dpi']
[2026-01-23 18:48:07,256] - [root] - [INFO] - sal_gradcam      : False
[2026-01-23 18:48:07,256] - [root] - [INFO] - sal_gradient     : True
[2026-01-23 18:48:07,256] - [root] - [INFO] - sal_smoothgrad   : False
[2026-01-23 18:48:07,256] - [root] - [INFO] - sal_deeplift     : False
[2026-01-23 18:48:07,256] - [root] - [INFO] - sal_thresh_method : fixed
[2026-01-23 18:48:07,257] - [root] - [INFO] - sal_thresh_p     : 95.0
[2026-01-23 18:48:08,292] - [root] - [INFO] - -------------------------------------------
[2026-01-23 18:48:08,292] - [root] - [INFO] - Processing 1-22-2026 5dpi 015-W2021009-160_R1.png
[2026-01-23 18:48:28,770] - [root] - [INFO] - Finished loading mask: 0m 20s
[2026-01-23 18:48:41,347] - [root] - [INFO] - Finished crop and inference: 0m 33s
[2026-01-23 18:48:42,895] - [root] - [INFO] - Analysis finished: 0m 34s
[2026-01-23 18:48:42,895] - [root] - [INFO] - -------------------------------------------
[2026-01-23 18:48:42,895] - [root] - [INFO] - -------------------------------------------
[2026-01-23 18:48:42,895] - [root] - [INFO] - Processing 1-22-2026 5dpi 015-W2021011-633_R1.png
[2026-01-23 18:49:03,505] - [root] - [INFO] - Finished loading mask: 0m 20s
[2026-01-23 18:49:15,334] - [root] - [INFO] - Finished crop and inference: 0m 32s
[2026-01-23 18:49:17,014] - [root] - [INFO] - Analysis finished: 0m 34s
[2026-01-23 18:49:17,014] - [root] - [INFO] - -------------------------------------------
[2026-01-23 18:49:17,014] - [root] - [INFO] - -------------------------------------------
[2026-01-23 18:49:17,014] - [root] - [INFO] - Processing 1-22-2026 5dpi 019-W2021010-428_R2.png
[2026-01-23 18:49:37,963] - [root] - [INFO] - Finished loading mask: 0m 20s
[2026-01-23 18:49:45,933] - [root] - [INFO] - Finished crop and inference: 0m 28s
[2026-01-23 18:49:47,603] - [root] - [INFO] - Analysis finished: 0m 30s
[2026-01-23 18:49:47,603] - [root] - [INFO] - -------------------------------------------
[2026-01-23 18:49:47,603] - [root] - [INFO] - -------------------------------------------
[2026-01-23 18:49:47,604] - [root] - [INFO] - Processing 1-22-2026 5dpi 021-W2021009-175_R1.png
[2026-01-23 18:50:08,100] - [root] - [INFO] - Finished loading mask: 0m 20s
[2026-01-23 18:50:17,054] - [root] - [INFO] - Finished crop and inference: 0m 29s
[2026-01-23 18:50:18,738] - [root] - [INFO] - Analysis finished: 0m 31s
[2026-01-23 18:50:18,738] - [root] - [INFO] - -------------------------------------------
[2026-01-23 18:50:18,738] - [root] - [INFO] - -------------------------------------------
[2026-01-23 18:50:18,738] - [root] - [INFO] - Processing 1-22-2026 5dpi 022-W2021009-198_R2.png
[2026-01-23 18:50:39,786] - [root] - [INFO] - Finished loading mask: 0m 21s
[2026-01-23 18:50:50,763] - [root] - [INFO] - Finished crop and inference: 0m 32s
[2026-01-23 18:50:52,471] - [root] - [INFO] - Analysis finished: 0m 33s
[2026-01-23 18:50:52,471] - [root] - [INFO] - -------------------------------------------
[2026-01-23 18:50:52,471] - [root] - [INFO] - -------------------------------------------
[2026-01-23 18:50:52,471] - [root] - [INFO] - Processing 1-22-2026 5dpi 036-W2021006-047_R2.png
[2026-01-23 18:51:13,622] - [root] - [INFO] - Finished loading mask: 0m 21s
[2026-01-23 18:51:22,099] - [root] - [INFO] - Finished crop and inference: 0m 29s
[2026-01-23 18:51:23,730] - [root] - [INFO] - Analysis finished: 0m 31s
[2026-01-23 18:51:23,730] - [root] - [INFO] - -------------------------------------------
[2026-01-23 18:51:23,730] - [root] - [INFO] - -------------------------------------------
[2026-01-23 18:51:23,730] - [root] - [INFO] - Processing 1-22-2026 5dpi 060-W2021010-324_R2.png
[2026-01-23 18:51:44,785] - [root] - [INFO] - Finished loading mask: 0m 21s
[2026-01-23 18:51:53,410] - [root] - [INFO] - Finished crop and inference: 0m 29s
[2026-01-23 18:51:55,074] - [root] - [INFO] - Analysis finished: 0m 31s
[2026-01-23 18:51:55,074] - [root] - [INFO] - -------------------------------------------
[2026-01-23 18:51:55,074] - [root] - [INFO] - -------------------------------------------
[2026-01-23 18:51:55,074] - [root] - [INFO] - Processing 1-22-2026 5dpi 099-W2021006-611_R2.png
[2026-01-23 18:52:16,136] - [root] - [INFO] - Finished loading mask: 0m 21s
[2026-01-23 18:52:31,393] - [root] - [INFO] - Finished crop and inference: 0m 36s
[2026-01-23 18:52:33,320] - [root] - [INFO] - Analysis finished: 0m 38s
[2026-01-23 18:52:33,320] - [root] - [INFO] - -------------------------------------------
[2026-01-23 18:52:33,320] - [root] - [INFO] - -------------------------------------------
[2026-01-23 18:52:33,321] - [root] - [INFO] - Processing 1-22-2026 5dpi 123-W2021009-255_R2.png
[2026-01-23 18:52:54,756] - [root] - [INFO] - Finished loading mask: 0m 21s
[2026-01-23 18:53:05,256] - [root] - [INFO] - Finished crop and inference: 0m 31s
[2026-01-23 18:53:07,018] - [root] - [INFO] - Analysis finished: 0m 33s
[2026-01-23 18:53:07,019] - [root] - [INFO] - -------------------------------------------
[2026-01-23 18:53:07,019] - [root] - [INFO] - -------------------------------------------
[2026-01-23 18:53:07,019] - [root] - [INFO] - Processing 1-22-2026 5dpi 141-W2021009-274_R1.png
[2026-01-23 18:53:28,549] - [root] - [INFO] - Finished loading mask: 0m 21s
[2026-01-23 18:53:51,982] - [root] - [INFO] - Finished crop and inference: 0m 44s
[2026-01-23 18:53:53,825] - [root] - [INFO] - Analysis finished: 0m 46s
[2026-01-23 18:53:53,825] - [root] - [INFO] - -------------------------------------------
[2026-01-23 18:53:53,826] - [root] - [INFO] - -------------------------------------------
[2026-01-23 18:53:53,826] - [root] - [INFO] - Processing 1-22-2026 5dpi 173-W2021006-127_R2.png
[2026-01-23 18:54:15,183] - [root] - [INFO] - Finished loading mask: 0m 21s
[2026-01-23 18:54:24,025] - [root] - [INFO] - Finished crop and inference: 0m 30s
[2026-01-23 18:54:25,734] - [root] - [INFO] - Analysis finished: 0m 31s
[2026-01-23 18:54:25,734] - [root] - [INFO] - -------------------------------------------
[2026-01-23 18:54:25,734] - [root] - [INFO] - -------------------------------------------
[2026-01-23 18:54:25,735] - [root] - [INFO] - Processing 1-22-2026 5dpi 191-W2021010-449_R1.png
[2026-01-23 18:54:46,705] - [root] - [INFO] - Finished loading mask: 0m 20s
[2026-01-23 18:54:58,854] - [root] - [INFO] - Finished crop and inference: 0m 33s
[2026-01-23 18:55:00,544] - [root] - [INFO] - Analysis finished: 0m 34s
[2026-01-23 18:55:00,544] - [root] - [INFO] - -------------------------------------------
[2026-01-23 18:55:00,544] - [root] - [INFO] - -------------------------------------------
[2026-01-23 18:55:00,544] - [root] - [INFO] - Processing 1-22-2026 5dpi 254-W2021010-352_R2.png
[2026-01-23 18:55:21,843] - [root] - [INFO] - Finished loading mask: 0m 21s
[2026-01-23 18:55:29,264] - [root] - [INFO] - Finished crop and inference: 0m 28s
[2026-01-23 18:55:31,051] - [root] - [INFO] - Analysis finished: 0m 30s
[2026-01-23 18:55:31,051] - [root] - [INFO] - -------------------------------------------
[2026-01-23 18:55:31,051] - [root] - [INFO] - -------------------------------------------
[2026-01-23 18:55:31,051] - [root] - [INFO] - Processing 1-22-2026 5dpi 266-W2021009-193_R1.png
[2026-01-23 18:55:51,970] - [root] - [INFO] - Finished loading mask: 0m 20s
[2026-01-23 18:56:01,086] - [root] - [INFO] - Finished crop and inference: 0m 30s
[2026-01-23 18:56:02,794] - [root] - [INFO] - Analysis finished: 0m 31s
[2026-01-23 18:56:02,794] - [root] - [INFO] - -------------------------------------------
[2026-01-23 18:56:02,794] - [root] - [INFO] - -------------------------------------------
[2026-01-23 18:56:02,794] - [root] - [INFO] - Processing 1-22-2026 5dpi 336-W2021011-506_R2.png
[2026-01-23 18:56:23,432] - [root] - [INFO] - Finished loading mask: 0m 20s
[2026-01-23 18:56:38,321] - [root] - [INFO] - Finished crop and inference: 0m 35s
[2026-01-23 18:56:39,820] - [root] - [INFO] - Analysis finished: 0m 37s
[2026-01-23 18:56:39,821] - [root] - [INFO] - -------------------------------------------
[2026-01-23 18:56:39,827] - [root] - [INFO] - Saved C:\Users\Intel User\Desktop\blackbird_scripts\data\Results\ResNet_upth0.7_downth0.2_Jan22_10-21-00_2026\1-22-2026\th_0.7\severity_rate_tray_5dpi_u0.7_d0.2_ig0.6_sp0.9.csv
             timestamp time_elapsed  ... severity_rate_patch Gradient_sr2
0  2026-01-23 18:48:08       0m 34s  ...               35.74         0.86

[1 rows x 24 columns]
             timestamp time_elapsed  ... severity_rate_patch Gradient_sr2
0  2026-01-23 18:48:08       0m 34s  ...               35.74         0.86
1  2026-01-23 18:48:42       0m 34s  ...               18.84         0.54

[2 rows x 24 columns]
             timestamp time_elapsed  ... severity_rate_patch Gradient_sr2
0  2026-01-23 18:48:08       0m 34s  ...               35.74         0.86
1  2026-01-23 18:48:42       0m 34s  ...               18.84         0.54
2  2026-01-23 18:49:17       0m 30s  ...                1.28         0.03

[3 rows x 24 columns]
             timestamp time_elapsed  ... severity_rate_patch Gradient_sr2
0  2026-01-23 18:48:08       0m 34s  ...               35.74         0.86
1  2026-01-23 18:48:42       0m 34s  ...               18.84         0.54
2  2026-01-23 18:49:17       0m 30s  ...                1.28         0.03
3  2026-01-23 18:49:47       0m 31s  ...                2.61         0.07

[4 rows x 24 columns]
             timestamp time_elapsed  ... severity_rate_patch Gradient_sr2
0  2026-01-23 18:48:08       0m 34s  ...               35.74         0.86
1  2026-01-23 18:48:42       0m 34s  ...               18.84         0.54
2  2026-01-23 18:49:17       0m 30s  ...                1.28         0.03
3  2026-01-23 18:49:47       0m 31s  ...                2.61         0.07
4  2026-01-23 18:50:18       0m 33s  ...               16.67         0.42

[5 rows x 24 columns]
             timestamp time_elapsed  ... severity_rate_patch Gradient_sr2
0  2026-01-23 18:48:08       0m 34s  ...               35.74         0.86
1  2026-01-23 18:48:42       0m 34s  ...               18.84         0.54
2  2026-01-23 18:49:17       0m 30s  ...                1.28         0.03
3  2026-01-23 18:49:47       0m 31s  ...                2.61         0.07
4  2026-01-23 18:50:18       0m 33s  ...               16.67         0.42
5  2026-01-23 18:50:52       0m 31s  ...                0.74         0.02

[6 rows x 24 columns]
             timestamp time_elapsed  ... severity_rate_patch Gradient_sr2
0  2026-01-23 18:48:08       0m 34s  ...               35.74         0.86
1  2026-01-23 18:48:42       0m 34s  ...               18.84         0.54
2  2026-01-23 18:49:17       0m 30s  ...                1.28         0.03
3  2026-01-23 18:49:47       0m 31s  ...                2.61         0.07
4  2026-01-23 18:50:18       0m 33s  ...               16.67         0.42
5  2026-01-23 18:50:52       0m 31s  ...                0.74         0.02
6  2026-01-23 18:51:23       0m 31s  ...                2.30         0.06

[7 rows x 24 columns]
             timestamp time_elapsed  ... severity_rate_patch Gradient_sr2
0  2026-01-23 18:48:08       0m 34s  ...               35.74         0.86
1  2026-01-23 18:48:42       0m 34s  ...               18.84         0.54
2  2026-01-23 18:49:17       0m 30s  ...                1.28         0.03
3  2026-01-23 18:49:47       0m 31s  ...                2.61         0.07
4  2026-01-23 18:50:18       0m 33s  ...               16.67         0.42
5  2026-01-23 18:50:52       0m 31s  ...                0.74         0.02
6  2026-01-23 18:51:23       0m 31s  ...                2.30         0.06
7  2026-01-23 18:51:55       0m 38s  ...               43.06         1.12

[8 rows x 24 columns]
             timestamp time_elapsed  ... severity_rate_patch Gradient_sr2
0  2026-01-23 18:48:08       0m 34s  ...               35.74         0.86
1  2026-01-23 18:48:42       0m 34s  ...               18.84         0.54
2  2026-01-23 18:49:17       0m 30s  ...                1.28         0.03
3  2026-01-23 18:49:47       0m 31s  ...                2.61         0.07
4  2026-01-23 18:50:18       0m 33s  ...               16.67         0.42
5  2026-01-23 18:50:52       0m 31s  ...                0.74         0.02
6  2026-01-23 18:51:23       0m 31s  ...                2.30         0.06
7  2026-01-23 18:51:55       0m 38s  ...               43.06         1.12
8  2026-01-23 18:52:33       0m 33s  ...                9.67         0.23

[9 rows x 24 columns]
             timestamp time_elapsed  ... severity_rate_patch Gradient_sr2
0  2026-01-23 18:48:08       0m 34s  ...               35.74         0.86
1  2026-01-23 18:48:42       0m 34s  ...               18.84         0.54
2  2026-01-23 18:49:17       0m 30s  ...                1.28         0.03
3  2026-01-23 18:49:47       0m 31s  ...                2.61         0.07
4  2026-01-23 18:50:18       0m 33s  ...               16.67         0.42
5  2026-01-23 18:50:52       0m 31s  ...                0.74         0.02
6  2026-01-23 18:51:23       0m 31s  ...                2.30         0.06
7  2026-01-23 18:51:55       0m 38s  ...               43.06         1.12
8  2026-01-23 18:52:33       0m 33s  ...                9.67         0.23
9  2026-01-23 18:53:07       0m 46s  ...               85.22         2.56

[10 rows x 24 columns]
              timestamp time_elapsed  ... severity_rate_patch Gradient_sr2
0   2026-01-23 18:48:08       0m 34s  ...               35.74         0.86
1   2026-01-23 18:48:42       0m 34s  ...               18.84         0.54
2   2026-01-23 18:49:17       0m 30s  ...                1.28         0.03
3   2026-01-23 18:49:47       0m 31s  ...                2.61         0.07
4   2026-01-23 18:50:18       0m 33s  ...               16.67         0.42
5   2026-01-23 18:50:52       0m 31s  ...                0.74         0.02
6   2026-01-23 18:51:23       0m 31s  ...                2.30         0.06
7   2026-01-23 18:51:55       0m 38s  ...               43.06         1.12
8   2026-01-23 18:52:33       0m 33s  ...                9.67         0.23
9   2026-01-23 18:53:07       0m 46s  ...               85.22         2.56
10  2026-01-23 18:53:53       0m 31s  ...                1.33         0.04

[11 rows x 24 columns]
              timestamp time_elapsed  ... severity_rate_patch Gradient_sr2
0   2026-01-23 18:48:08       0m 34s  ...               35.74         0.86
1   2026-01-23 18:48:42       0m 34s  ...               18.84         0.54
2   2026-01-23 18:49:17       0m 30s  ...                1.28         0.03
3   2026-01-23 18:49:47       0m 31s  ...                2.61         0.07
4   2026-01-23 18:50:18       0m 33s  ...               16.67         0.42
5   2026-01-23 18:50:52       0m 31s  ...                0.74         0.02
6   2026-01-23 18:51:23       0m 31s  ...                2.30         0.06
7   2026-01-23 18:51:55       0m 38s  ...               43.06         1.12
8   2026-01-23 18:52:33       0m 33s  ...                9.67         0.23
9   2026-01-23 18:53:07       0m 46s  ...               85.22         2.56
10  2026-01-23 18:53:53       0m 31s  ...                1.33         0.04
11  2026-01-23 18:54:25       0m 34s  ...               20.63         0.56

[12 rows x 24 columns]
              timestamp time_elapsed  ... severity_rate_patch Gradient_sr2
0   2026-01-23 18:48:08       0m 34s  ...               35.74         0.86
1   2026-01-23 18:48:42       0m 34s  ...               18.84         0.54
2   2026-01-23 18:49:17       0m 30s  ...                1.28         0.03
3   2026-01-23 18:49:47       0m 31s  ...                2.61         0.07
4   2026-01-23 18:50:18       0m 33s  ...               16.67         0.42
5   2026-01-23 18:50:52       0m 31s  ...                0.74         0.02
6   2026-01-23 18:51:23       0m 31s  ...                2.30         0.06
7   2026-01-23 18:51:55       0m 38s  ...               43.06         1.12
8   2026-01-23 18:52:33       0m 33s  ...                9.67         0.23
9   2026-01-23 18:53:07       0m 46s  ...               85.22         2.56
10  2026-01-23 18:53:53       0m 31s  ...                1.33         0.04
11  2026-01-23 18:54:25       0m 34s  ...               20.63         0.56
12  2026-01-23 18:55:00       0m 30s  ...                1.81         0.05

[13 rows x 24 columns]
              timestamp time_elapsed  ... severity_rate_patch Gradient_sr2
0   2026-01-23 18:48:08       0m 34s  ...               35.74         0.86
1   2026-01-23 18:48:42       0m 34s  ...               18.84         0.54
2   2026-01-23 18:49:17       0m 30s  ...                1.28         0.03
3   2026-01-23 18:49:47       0m 31s  ...                2.61         0.07
4   2026-01-23 18:50:18       0m 33s  ...               16.67         0.42
5   2026-01-23 18:50:52       0m 31s  ...                0.74         0.02
6   2026-01-23 18:51:23       0m 31s  ...                2.30         0.06
7   2026-01-23 18:51:55       0m 38s  ...               43.06         1.12
8   2026-01-23 18:52:33       0m 33s  ...                9.67         0.23
9   2026-01-23 18:53:07       0m 46s  ...               85.22         2.56
10  2026-01-23 18:53:53       0m 31s  ...                1.33         0.04
11  2026-01-23 18:54:25       0m 34s  ...               20.63         0.56
12  2026-01-23 18:55:00       0m 30s  ...                1.81         0.05
13  2026-01-23 18:55:31       0m 31s  ...                8.03         0.22

[14 rows x 24 columns]
              timestamp time_elapsed  ... severity_rate_patch Gradient_sr2
0   2026-01-23 18:48:08       0m 34s  ...               35.74         0.86
1   2026-01-23 18:48:42       0m 34s  ...               18.84         0.54
2   2026-01-23 18:49:17       0m 30s  ...                1.28         0.03
3   2026-01-23 18:49:47       0m 31s  ...                2.61         0.07
4   2026-01-23 18:50:18       0m 33s  ...               16.67         0.42
5   2026-01-23 18:50:52       0m 31s  ...                0.74         0.02
6   2026-01-23 18:51:23       0m 31s  ...                2.30         0.06
7   2026-01-23 18:51:55       0m 38s  ...               43.06         1.12
8   2026-01-23 18:52:33       0m 33s  ...                9.67         0.23
9   2026-01-23 18:53:07       0m 46s  ...               85.22         2.56
10  2026-01-23 18:53:53       0m 31s  ...                1.33         0.04
11  2026-01-23 18:54:25       0m 34s  ...               20.63         0.56
12  2026-01-23 18:55:00       0m 30s  ...                1.81         0.05
13  2026-01-23 18:55:31       0m 31s  ...                8.03         0.22
14  2026-01-23 18:56:02       0m 36s  ...               44.50         1.20

[15 rows x 24 columns]

real	8m38.645s
user	0m0.015s
sys	0m0.000s
