[2026-01-23 20:56:59,468] - [root] - [INFO] - leaf_correlation_mw.py
[2026-01-23 20:56:59,469] - [root] - [INFO] - model_type       : ResNet
[2026-01-23 20:56:59,469] - [root] - [INFO] - pretrained       : True
[2026-01-23 20:56:59,469] - [root] - [INFO] - loading_epoch    : 65
[2026-01-23 20:56:59,469] - [root] - [INFO] - timestamp        : Jan22_10-21-00_2026
[2026-01-23 20:56:59,469] - [root] - [INFO] - outdim           : 2
[2026-01-23 20:56:59,469] - [root] - [INFO] - dual_head        : True
[2026-01-23 20:56:59,470] - [root] - [INFO] - model_path       : ../..
[2026-01-23 20:56:59,470] - [root] - [INFO] - step_size        : 224
[2026-01-23 20:56:59,470] - [root] - [INFO] - means            : [0.541, 0.6371, 0.4188]
[2026-01-23 20:56:59,470] - [root] - [INFO] - stds             : [0.1764, 0.165, 0.2326]
[2026-01-23 20:56:59,470] - [root] - [INFO] - target_class     : 1
[2026-01-23 20:56:59,470] - [root] - [INFO] - contam_control   : False
[2026-01-23 20:56:59,470] - [root] - [INFO] - spor_th          : 0.8
[2026-01-23 20:56:59,470] - [root] - [INFO] - inf_gate         : 0.6
[2026-01-23 20:56:59,470] - [root] - [INFO] - pm               : HPM-1269
[2026-01-23 20:56:59,470] - [root] - [INFO] - mps              : False
[2026-01-23 20:56:59,470] - [root] - [INFO] - cuda             : True
[2026-01-23 20:56:59,470] - [root] - [INFO] - cuda_id          : 0
[2026-01-23 20:56:59,470] - [root] - [INFO] - sal_threshold    : 0.5
[2026-01-23 20:56:59,471] - [root] - [INFO] - up_threshold     : 0.8
[2026-01-23 20:56:59,471] - [root] - [INFO] - down_threshold   : 0.2
[2026-01-23 20:56:59,471] - [root] - [INFO] - dataset_path     : C:/Users/Intel User/Desktop/blackbird_scripts/data/human_disk_assessments
[2026-01-23 20:56:59,471] - [root] - [INFO] - img_folder       : 1-22-2026
[2026-01-23 20:56:59,471] - [root] - [INFO] - platform         : BlackBird
[2026-01-23 20:56:59,471] - [root] - [INFO] - threshold        : ['0.7']
[2026-01-23 20:56:59,471] - [root] - [INFO] - log              : ../../results/logs/random.log
[2026-01-23 20:56:59,471] - [root] - [INFO] - dpi              : 10
[2026-01-23 20:56:59,471] - [root] - [INFO] - group            : baseline
[2026-01-23 20:56:59,471] - [root] - [INFO] - trays            : ['10dpi']
[2026-01-23 20:56:59,471] - [root] - [INFO] - sal_gradcam      : False
[2026-01-23 20:56:59,471] - [root] - [INFO] - sal_gradient     : True
[2026-01-23 20:56:59,471] - [root] - [INFO] - sal_smoothgrad   : False
[2026-01-23 20:56:59,471] - [root] - [INFO] - sal_deeplift     : False
[2026-01-23 20:56:59,471] - [root] - [INFO] - sal_thresh_method : fixed
[2026-01-23 20:56:59,471] - [root] - [INFO] - sal_thresh_p     : 95.0
[2026-01-23 20:57:00,319] - [root] - [INFO] - -------------------------------------------
[2026-01-23 20:57:00,319] - [root] - [INFO] - Processing 1-22-2026 10dpi 013-W2021011-633_R2.png
[2026-01-23 20:57:17,912] - [root] - [INFO] - Finished loading mask: 0m 17s
[2026-01-23 20:57:31,864] - [root] - [INFO] - Finished crop and inference: 0m 31s
[2026-01-23 20:57:33,200] - [root] - [INFO] - Analysis finished: 0m 32s
[2026-01-23 20:57:33,201] - [root] - [INFO] - -------------------------------------------
[2026-01-23 20:57:33,201] - [root] - [INFO] - -------------------------------------------
[2026-01-23 20:57:33,201] - [root] - [INFO] - Processing 1-22-2026 10dpi 026-W2021010-346_R2.png
[2026-01-23 20:57:48,925] - [root] - [INFO] - Finished loading mask: 0m 15s
[2026-01-23 20:57:58,990] - [root] - [INFO] - Finished crop and inference: 0m 25s
[2026-01-23 20:58:00,603] - [root] - [INFO] - Analysis finished: 0m 27s
[2026-01-23 20:58:00,603] - [root] - [INFO] - -------------------------------------------
[2026-01-23 20:58:00,603] - [root] - [INFO] - -------------------------------------------
[2026-01-23 20:58:00,603] - [root] - [INFO] - Processing 1-22-2026 10dpi 042-W2021006-015_R1.png
[2026-01-23 20:58:17,428] - [root] - [INFO] - Finished loading mask: 0m 16s
[2026-01-23 20:58:29,341] - [root] - [INFO] - Finished crop and inference: 0m 28s
[2026-01-23 20:58:30,988] - [root] - [INFO] - Analysis finished: 0m 30s
[2026-01-23 20:58:30,988] - [root] - [INFO] - -------------------------------------------
[2026-01-23 20:58:30,988] - [root] - [INFO] - -------------------------------------------
[2026-01-23 20:58:30,988] - [root] - [INFO] - Processing 1-22-2026 10dpi 057-W2021011-504_R2.png
[2026-01-23 20:58:47,041] - [root] - [INFO] - Finished loading mask: 0m 16s
[2026-01-23 20:58:56,045] - [root] - [INFO] - Finished crop and inference: 0m 25s
[2026-01-23 20:58:57,592] - [root] - [INFO] - Analysis finished: 0m 26s
[2026-01-23 20:58:57,592] - [root] - [INFO] - -------------------------------------------
[2026-01-23 20:58:57,592] - [root] - [INFO] - -------------------------------------------
[2026-01-23 20:58:57,592] - [root] - [INFO] - Processing 1-22-2026 10dpi 069-W2021011-574_R1.png
[2026-01-23 20:59:16,851] - [root] - [INFO] - Finished loading mask: 0m 19s
[2026-01-23 20:59:27,958] - [root] - [INFO] - Finished crop and inference: 0m 30s
[2026-01-23 20:59:29,584] - [root] - [INFO] - Analysis finished: 0m 31s
[2026-01-23 20:59:29,585] - [root] - [INFO] - -------------------------------------------
[2026-01-23 20:59:29,585] - [root] - [INFO] - -------------------------------------------
[2026-01-23 20:59:29,585] - [root] - [INFO] - Processing 1-22-2026 10dpi 095-W2021009-283_R1.png
[2026-01-23 20:59:51,270] - [root] - [INFO] - Finished loading mask: 0m 21s
[2026-01-23 21:00:00,346] - [root] - [INFO] - Finished crop and inference: 0m 30s
[2026-01-23 21:00:02,009] - [root] - [INFO] - Analysis finished: 0m 32s
[2026-01-23 21:00:02,009] - [root] - [INFO] - -------------------------------------------
[2026-01-23 21:00:02,009] - [root] - [INFO] - -------------------------------------------
[2026-01-23 21:00:02,009] - [root] - [INFO] - Processing 1-22-2026 10dpi 103-W2021011-591_R2.png
[2026-01-23 21:00:20,378] - [root] - [INFO] - Finished loading mask: 0m 18s
[2026-01-23 21:00:35,855] - [root] - [INFO] - Finished crop and inference: 0m 33s
[2026-01-23 21:00:37,391] - [root] - [INFO] - Analysis finished: 0m 35s
[2026-01-23 21:00:37,391] - [root] - [INFO] - -------------------------------------------
[2026-01-23 21:00:37,392] - [root] - [INFO] - -------------------------------------------
[2026-01-23 21:00:37,392] - [root] - [INFO] - Processing 1-22-2026 10dpi 115-W2021011-638_R1.png
[2026-01-23 21:00:53,232] - [root] - [INFO] - Finished loading mask: 0m 15s
[2026-01-23 21:01:11,115] - [root] - [INFO] - Finished crop and inference: 0m 33s
[2026-01-23 21:01:13,118] - [root] - [INFO] - Analysis finished: 0m 35s
[2026-01-23 21:01:13,118] - [root] - [INFO] - -------------------------------------------
[2026-01-23 21:01:13,118] - [root] - [INFO] - -------------------------------------------
[2026-01-23 21:01:13,118] - [root] - [INFO] - Processing 1-22-2026 10dpi 124-W2021009-278_R1.png
[2026-01-23 21:01:35,849] - [root] - [INFO] - Finished loading mask: 0m 22s
[2026-01-23 21:01:50,601] - [root] - [INFO] - Finished crop and inference: 0m 37s
[2026-01-23 21:01:52,278] - [root] - [INFO] - Analysis finished: 0m 39s
[2026-01-23 21:01:52,278] - [root] - [INFO] - -------------------------------------------
[2026-01-23 21:01:52,278] - [root] - [INFO] - -------------------------------------------
[2026-01-23 21:01:52,278] - [root] - [INFO] - Processing 1-22-2026 10dpi 162-W2021011-551_R2.png
[2026-01-23 21:02:14,486] - [root] - [INFO] - Finished loading mask: 0m 22s
[2026-01-23 21:02:37,008] - [root] - [INFO] - Finished crop and inference: 0m 44s
[2026-01-23 21:02:38,783] - [root] - [INFO] - Analysis finished: 0m 46s
[2026-01-23 21:02:38,784] - [root] - [INFO] - -------------------------------------------
[2026-01-23 21:02:38,784] - [root] - [INFO] - -------------------------------------------
[2026-01-23 21:02:38,784] - [root] - [INFO] - Processing 1-22-2026 10dpi 172-W2021009-156_R2.png
[2026-01-23 21:02:56,901] - [root] - [INFO] - Finished loading mask: 0m 18s
[2026-01-23 21:03:05,532] - [root] - [INFO] - Finished crop and inference: 0m 26s
[2026-01-23 21:03:07,126] - [root] - [INFO] - Analysis finished: 0m 28s
[2026-01-23 21:03:07,126] - [root] - [INFO] - -------------------------------------------
[2026-01-23 21:03:07,126] - [root] - [INFO] - -------------------------------------------
[2026-01-23 21:03:07,127] - [root] - [INFO] - Processing 1-22-2026 10dpi 182-W2021009-251_R1.png
[2026-01-23 21:03:24,850] - [root] - [INFO] - Finished loading mask: 0m 17s
[2026-01-23 21:03:34,971] - [root] - [INFO] - Finished crop and inference: 0m 27s
[2026-01-23 21:03:36,578] - [root] - [INFO] - Analysis finished: 0m 29s
[2026-01-23 21:03:36,578] - [root] - [INFO] - -------------------------------------------
[2026-01-23 21:03:36,578] - [root] - [INFO] - -------------------------------------------
[2026-01-23 21:03:36,578] - [root] - [INFO] - Processing 1-22-2026 10dpi 194-W2021010-339_R2.png
[2026-01-23 21:03:55,474] - [root] - [INFO] - Finished loading mask: 0m 18s
[2026-01-23 21:04:04,918] - [root] - [INFO] - Finished crop and inference: 0m 28s
[2026-01-23 21:04:06,554] - [root] - [INFO] - Analysis finished: 0m 29s
[2026-01-23 21:04:06,554] - [root] - [INFO] - -------------------------------------------
[2026-01-23 21:04:06,554] - [root] - [INFO] - -------------------------------------------
[2026-01-23 21:04:06,554] - [root] - [INFO] - Processing 1-22-2026 10dpi 215-W2021006-045_R1.png
[2026-01-23 21:04:23,624] - [root] - [INFO] - Finished loading mask: 0m 17s
[2026-01-23 21:04:42,524] - [root] - [INFO] - Finished crop and inference: 0m 35s
[2026-01-23 21:04:44,002] - [root] - [INFO] - Analysis finished: 0m 37s
[2026-01-23 21:04:44,002] - [root] - [INFO] - -------------------------------------------
[2026-01-23 21:04:44,002] - [root] - [INFO] - -------------------------------------------
[2026-01-23 21:04:44,002] - [root] - [INFO] - Processing 1-22-2026 10dpi 262-W2021009-187_R2.png
[2026-01-23 21:05:02,108] - [root] - [INFO] - Finished loading mask: 0m 18s
[2026-01-23 21:05:23,070] - [root] - [INFO] - Finished crop and inference: 0m 39s
[2026-01-23 21:05:24,837] - [root] - [INFO] - Analysis finished: 0m 40s
[2026-01-23 21:05:24,837] - [root] - [INFO] - -------------------------------------------
[2026-01-23 21:05:24,845] - [root] - [INFO] - Saved C:\Users\Intel User\Desktop\blackbird_scripts\data\Results\ResNet_upth0.8_downth0.2_Jan22_10-21-00_2026\1-22-2026\th_0.7\severity_rate_tray_10dpi_u0.8_d0.2_ig0.6_sp0.8.csv
             timestamp time_elapsed  ... severity_rate_patch Gradient_sr2
0  2026-01-23 20:57:00       0m 32s  ...               30.36         0.84

[1 rows x 24 columns]
             timestamp time_elapsed  ... severity_rate_patch Gradient_sr2
0  2026-01-23 20:57:00       0m 32s  ...               30.36         0.84
1  2026-01-23 20:57:33       0m 27s  ...                0.28         0.01

[2 rows x 24 columns]
             timestamp time_elapsed  ... severity_rate_patch Gradient_sr2
0  2026-01-23 20:57:00       0m 32s  ...               30.36         0.84
1  2026-01-23 20:57:33       0m 27s  ...                0.28         0.01
2  2026-01-23 20:58:00       0m 30s  ...               23.92         0.62

[3 rows x 24 columns]
             timestamp time_elapsed  ... severity_rate_patch Gradient_sr2
0  2026-01-23 20:57:00       0m 32s  ...               30.36         0.84
1  2026-01-23 20:57:33       0m 27s  ...                0.28         0.01
2  2026-01-23 20:58:00       0m 30s  ...               23.92         0.62
3  2026-01-23 20:58:30       0m 26s  ...                2.54         0.07

[4 rows x 24 columns]
             timestamp time_elapsed  ... severity_rate_patch Gradient_sr2
0  2026-01-23 20:57:00       0m 32s  ...               30.36         0.84
1  2026-01-23 20:57:33       0m 27s  ...                0.28         0.01
2  2026-01-23 20:58:00       0m 30s  ...               23.92         0.62
3  2026-01-23 20:58:30       0m 26s  ...                2.54         0.07
4  2026-01-23 20:58:57       0m 31s  ...               13.97         0.41

[5 rows x 24 columns]
             timestamp time_elapsed  ... severity_rate_patch Gradient_sr2
0  2026-01-23 20:57:00       0m 32s  ...               30.36         0.84
1  2026-01-23 20:57:33       0m 27s  ...                0.28         0.01
2  2026-01-23 20:58:00       0m 30s  ...               23.92         0.62
3  2026-01-23 20:58:30       0m 26s  ...                2.54         0.07
4  2026-01-23 20:58:57       0m 31s  ...               13.97         0.41
5  2026-01-23 20:59:29       0m 32s  ...                6.41         0.15

[6 rows x 24 columns]
             timestamp time_elapsed  ... severity_rate_patch Gradient_sr2
0  2026-01-23 20:57:00       0m 32s  ...               30.36         0.84
1  2026-01-23 20:57:33       0m 27s  ...                0.28         0.01
2  2026-01-23 20:58:00       0m 30s  ...               23.92         0.62
3  2026-01-23 20:58:30       0m 26s  ...                2.54         0.07
4  2026-01-23 20:58:57       0m 31s  ...               13.97         0.41
5  2026-01-23 20:59:29       0m 32s  ...                6.41         0.15
6  2026-01-23 21:00:02       0m 35s  ...               50.47         1.46

[7 rows x 24 columns]
             timestamp time_elapsed  ... severity_rate_patch Gradient_sr2
0  2026-01-23 20:57:00       0m 32s  ...               30.36         0.84
1  2026-01-23 20:57:33       0m 27s  ...                0.28         0.01
2  2026-01-23 20:58:00       0m 30s  ...               23.92         0.62
3  2026-01-23 20:58:30       0m 26s  ...                2.54         0.07
4  2026-01-23 20:58:57       0m 31s  ...               13.97         0.41
5  2026-01-23 20:59:29       0m 32s  ...                6.41         0.15
6  2026-01-23 21:00:02       0m 35s  ...               50.47         1.46
7  2026-01-23 21:00:37       0m 35s  ...               56.84         1.52

[8 rows x 24 columns]
             timestamp time_elapsed  ... severity_rate_patch Gradient_sr2
0  2026-01-23 20:57:00       0m 32s  ...               30.36         0.84
1  2026-01-23 20:57:33       0m 27s  ...                0.28         0.01
2  2026-01-23 20:58:00       0m 30s  ...               23.92         0.62
3  2026-01-23 20:58:30       0m 26s  ...                2.54         0.07
4  2026-01-23 20:58:57       0m 31s  ...               13.97         0.41
5  2026-01-23 20:59:29       0m 32s  ...                6.41         0.15
6  2026-01-23 21:00:02       0m 35s  ...               50.47         1.46
7  2026-01-23 21:00:37       0m 35s  ...               56.84         1.52
8  2026-01-23 21:01:13       0m 39s  ...               45.08         1.27

[9 rows x 24 columns]
             timestamp time_elapsed  ... severity_rate_patch Gradient_sr2
0  2026-01-23 20:57:00       0m 32s  ...               30.36         0.84
1  2026-01-23 20:57:33       0m 27s  ...                0.28         0.01
2  2026-01-23 20:58:00       0m 30s  ...               23.92         0.62
3  2026-01-23 20:58:30       0m 26s  ...                2.54         0.07
4  2026-01-23 20:58:57       0m 31s  ...               13.97         0.41
5  2026-01-23 20:59:29       0m 32s  ...                6.41         0.15
6  2026-01-23 21:00:02       0m 35s  ...               50.47         1.46
7  2026-01-23 21:00:37       0m 35s  ...               56.84         1.52
8  2026-01-23 21:01:13       0m 39s  ...               45.08         1.27
9  2026-01-23 21:01:52       0m 46s  ...               83.41         2.34

[10 rows x 24 columns]
              timestamp time_elapsed  ... severity_rate_patch Gradient_sr2
0   2026-01-23 20:57:00       0m 32s  ...               30.36         0.84
1   2026-01-23 20:57:33       0m 27s  ...                0.28         0.01
2   2026-01-23 20:58:00       0m 30s  ...               23.92         0.62
3   2026-01-23 20:58:30       0m 26s  ...                2.54         0.07
4   2026-01-23 20:58:57       0m 31s  ...               13.97         0.41
5   2026-01-23 20:59:29       0m 32s  ...                6.41         0.15
6   2026-01-23 21:00:02       0m 35s  ...               50.47         1.46
7   2026-01-23 21:00:37       0m 35s  ...               56.84         1.52
8   2026-01-23 21:01:13       0m 39s  ...               45.08         1.27
9   2026-01-23 21:01:52       0m 46s  ...               83.41         2.34
10  2026-01-23 21:02:38       0m 28s  ...                6.61         0.17

[11 rows x 24 columns]
              timestamp time_elapsed  ... severity_rate_patch Gradient_sr2
0   2026-01-23 20:57:00       0m 32s  ...               30.36         0.84
1   2026-01-23 20:57:33       0m 27s  ...                0.28         0.01
2   2026-01-23 20:58:00       0m 30s  ...               23.92         0.62
3   2026-01-23 20:58:30       0m 26s  ...                2.54         0.07
4   2026-01-23 20:58:57       0m 31s  ...               13.97         0.41
5   2026-01-23 20:59:29       0m 32s  ...                6.41         0.15
6   2026-01-23 21:00:02       0m 35s  ...               50.47         1.46
7   2026-01-23 21:00:37       0m 35s  ...               56.84         1.52
8   2026-01-23 21:01:13       0m 39s  ...               45.08         1.27
9   2026-01-23 21:01:52       0m 46s  ...               83.41         2.34
10  2026-01-23 21:02:38       0m 28s  ...                6.61         0.17
11  2026-01-23 21:03:07       0m 29s  ...                6.20         0.17

[12 rows x 24 columns]
              timestamp time_elapsed  ... severity_rate_patch Gradient_sr2
0   2026-01-23 20:57:00       0m 32s  ...               30.36         0.84
1   2026-01-23 20:57:33       0m 27s  ...                0.28         0.01
2   2026-01-23 20:58:00       0m 30s  ...               23.92         0.62
3   2026-01-23 20:58:30       0m 26s  ...                2.54         0.07
4   2026-01-23 20:58:57       0m 31s  ...               13.97         0.41
5   2026-01-23 20:59:29       0m 32s  ...                6.41         0.15
6   2026-01-23 21:00:02       0m 35s  ...               50.47         1.46
7   2026-01-23 21:00:37       0m 35s  ...               56.84         1.52
8   2026-01-23 21:01:13       0m 39s  ...               45.08         1.27
9   2026-01-23 21:01:52       0m 46s  ...               83.41         2.34
10  2026-01-23 21:02:38       0m 28s  ...                6.61         0.17
11  2026-01-23 21:03:07       0m 29s  ...                6.20         0.17
12  2026-01-23 21:03:36       0m 29s  ...                4.46         0.11

[13 rows x 24 columns]
              timestamp time_elapsed  ... severity_rate_patch Gradient_sr2
0   2026-01-23 20:57:00       0m 32s  ...               30.36         0.84
1   2026-01-23 20:57:33       0m 27s  ...                0.28         0.01
2   2026-01-23 20:58:00       0m 30s  ...               23.92         0.62
3   2026-01-23 20:58:30       0m 26s  ...                2.54         0.07
4   2026-01-23 20:58:57       0m 31s  ...               13.97         0.41
5   2026-01-23 20:59:29       0m 32s  ...                6.41         0.15
6   2026-01-23 21:00:02       0m 35s  ...               50.47         1.46
7   2026-01-23 21:00:37       0m 35s  ...               56.84         1.52
8   2026-01-23 21:01:13       0m 39s  ...               45.08         1.27
9   2026-01-23 21:01:52       0m 46s  ...               83.41         2.34
10  2026-01-23 21:02:38       0m 28s  ...                6.61         0.17
11  2026-01-23 21:03:07       0m 29s  ...                6.20         0.17
12  2026-01-23 21:03:36       0m 29s  ...                4.46         0.11
13  2026-01-23 21:04:06       0m 37s  ...               77.76         2.26

[14 rows x 24 columns]
              timestamp time_elapsed  ... severity_rate_patch Gradient_sr2
0   2026-01-23 20:57:00       0m 32s  ...               30.36         0.84
1   2026-01-23 20:57:33       0m 27s  ...                0.28         0.01
2   2026-01-23 20:58:00       0m 30s  ...               23.92         0.62
3   2026-01-23 20:58:30       0m 26s  ...                2.54         0.07
4   2026-01-23 20:58:57       0m 31s  ...               13.97         0.41
5   2026-01-23 20:59:29       0m 32s  ...                6.41         0.15
6   2026-01-23 21:00:02       0m 35s  ...               50.47         1.46
7   2026-01-23 21:00:37       0m 35s  ...               56.84         1.52
8   2026-01-23 21:01:13       0m 39s  ...               45.08         1.27
9   2026-01-23 21:01:52       0m 46s  ...               83.41         2.34
10  2026-01-23 21:02:38       0m 28s  ...                6.61         0.17
11  2026-01-23 21:03:07       0m 29s  ...                6.20         0.17
12  2026-01-23 21:03:36       0m 29s  ...                4.46         0.11
13  2026-01-23 21:04:06       0m 37s  ...               77.76         2.26
14  2026-01-23 21:04:44       0m 40s  ...               79.78         2.33

[15 rows x 24 columns]

real	8m30.980s
user	0m0.000s
sys	0m0.000s
