[2026-01-23 20:48:00,644] - [root] - [INFO] - leaf_correlation_mw.py
[2026-01-23 20:48:00,644] - [root] - [INFO] - model_type       : ResNet
[2026-01-23 20:48:00,644] - [root] - [INFO] - pretrained       : True
[2026-01-23 20:48:00,644] - [root] - [INFO] - loading_epoch    : 65
[2026-01-23 20:48:00,644] - [root] - [INFO] - timestamp        : Jan22_10-21-00_2026
[2026-01-23 20:48:00,644] - [root] - [INFO] - outdim           : 2
[2026-01-23 20:48:00,644] - [root] - [INFO] - dual_head        : True
[2026-01-23 20:48:00,644] - [root] - [INFO] - model_path       : ../..
[2026-01-23 20:48:00,644] - [root] - [INFO] - step_size        : 224
[2026-01-23 20:48:00,644] - [root] - [INFO] - means            : [0.541, 0.6371, 0.4188]
[2026-01-23 20:48:00,644] - [root] - [INFO] - stds             : [0.1764, 0.165, 0.2326]
[2026-01-23 20:48:00,644] - [root] - [INFO] - target_class     : 1
[2026-01-23 20:48:00,644] - [root] - [INFO] - contam_control   : False
[2026-01-23 20:48:00,644] - [root] - [INFO] - spor_th          : 0.9
[2026-01-23 20:48:00,644] - [root] - [INFO] - inf_gate         : 0.6
[2026-01-23 20:48:00,644] - [root] - [INFO] - pm               : HPM-1269
[2026-01-23 20:48:00,644] - [root] - [INFO] - mps              : False
[2026-01-23 20:48:00,644] - [root] - [INFO] - cuda             : True
[2026-01-23 20:48:00,644] - [root] - [INFO] - cuda_id          : 0
[2026-01-23 20:48:00,644] - [root] - [INFO] - sal_threshold    : 0.5
[2026-01-23 20:48:00,644] - [root] - [INFO] - up_threshold     : 0.7
[2026-01-23 20:48:00,644] - [root] - [INFO] - down_threshold   : 0.2
[2026-01-23 20:48:00,644] - [root] - [INFO] - dataset_path     : C:/Users/Intel User/Desktop/blackbird_scripts/data/human_disk_assessments
[2026-01-23 20:48:00,644] - [root] - [INFO] - img_folder       : 1-22-2026
[2026-01-23 20:48:00,644] - [root] - [INFO] - platform         : BlackBird
[2026-01-23 20:48:00,644] - [root] - [INFO] - threshold        : ['0.7']
[2026-01-23 20:48:00,644] - [root] - [INFO] - log              : ../../results/logs/random.log
[2026-01-23 20:48:00,644] - [root] - [INFO] - dpi              : 10
[2026-01-23 20:48:00,644] - [root] - [INFO] - group            : baseline
[2026-01-23 20:48:00,644] - [root] - [INFO] - trays            : ['10dpi']
[2026-01-23 20:48:00,644] - [root] - [INFO] - sal_gradcam      : False
[2026-01-23 20:48:00,644] - [root] - [INFO] - sal_gradient     : True
[2026-01-23 20:48:00,644] - [root] - [INFO] - sal_smoothgrad   : False
[2026-01-23 20:48:00,644] - [root] - [INFO] - sal_deeplift     : False
[2026-01-23 20:48:00,644] - [root] - [INFO] - sal_thresh_method : fixed
[2026-01-23 20:48:00,644] - [root] - [INFO] - sal_thresh_p     : 95.0
[2026-01-23 20:48:01,737] - [root] - [INFO] - -------------------------------------------
[2026-01-23 20:48:01,737] - [root] - [INFO] - Processing 1-22-2026 10dpi 013-W2021011-633_R2.png
[2026-01-23 20:48:22,822] - [root] - [INFO] - Finished loading mask: 0m 21s
[2026-01-23 20:48:37,545] - [root] - [INFO] - Finished crop and inference: 0m 35s
[2026-01-23 20:48:39,055] - [root] - [INFO] - Analysis finished: 0m 37s
[2026-01-23 20:48:39,055] - [root] - [INFO] - -------------------------------------------
[2026-01-23 20:48:39,055] - [root] - [INFO] - -------------------------------------------
[2026-01-23 20:48:39,055] - [root] - [INFO] - Processing 1-22-2026 10dpi 026-W2021010-346_R2.png
[2026-01-23 20:48:59,012] - [root] - [INFO] - Finished loading mask: 0m 19s
[2026-01-23 20:49:08,901] - [root] - [INFO] - Finished crop and inference: 0m 29s
[2026-01-23 20:49:10,470] - [root] - [INFO] - Analysis finished: 0m 31s
[2026-01-23 20:49:10,470] - [root] - [INFO] - -------------------------------------------
[2026-01-23 20:49:10,470] - [root] - [INFO] - -------------------------------------------
[2026-01-23 20:49:10,470] - [root] - [INFO] - Processing 1-22-2026 10dpi 042-W2021006-015_R1.png
[2026-01-23 20:49:31,053] - [root] - [INFO] - Finished loading mask: 0m 20s
[2026-01-23 20:49:43,674] - [root] - [INFO] - Finished crop and inference: 0m 33s
[2026-01-23 20:49:45,355] - [root] - [INFO] - Analysis finished: 0m 34s
[2026-01-23 20:49:45,355] - [root] - [INFO] - -------------------------------------------
[2026-01-23 20:49:45,355] - [root] - [INFO] - -------------------------------------------
[2026-01-23 20:49:45,355] - [root] - [INFO] - Processing 1-22-2026 10dpi 057-W2021011-504_R2.png
[2026-01-23 20:50:05,925] - [root] - [INFO] - Finished loading mask: 0m 20s
[2026-01-23 20:50:15,409] - [root] - [INFO] - Finished crop and inference: 0m 30s
[2026-01-23 20:50:17,143] - [root] - [INFO] - Analysis finished: 0m 31s
[2026-01-23 20:50:17,143] - [root] - [INFO] - -------------------------------------------
[2026-01-23 20:50:17,143] - [root] - [INFO] - -------------------------------------------
[2026-01-23 20:50:17,143] - [root] - [INFO] - Processing 1-22-2026 10dpi 069-W2021011-574_R1.png
[2026-01-23 20:50:37,747] - [root] - [INFO] - Finished loading mask: 0m 20s
[2026-01-23 20:50:49,148] - [root] - [INFO] - Finished crop and inference: 0m 32s
[2026-01-23 20:50:50,864] - [root] - [INFO] - Analysis finished: 0m 33s
[2026-01-23 20:50:50,864] - [root] - [INFO] - -------------------------------------------
[2026-01-23 20:50:50,864] - [root] - [INFO] - -------------------------------------------
[2026-01-23 20:50:50,864] - [root] - [INFO] - Processing 1-22-2026 10dpi 095-W2021009-283_R1.png
[2026-01-23 20:51:11,127] - [root] - [INFO] - Finished loading mask: 0m 20s
[2026-01-23 20:51:20,371] - [root] - [INFO] - Finished crop and inference: 0m 29s
[2026-01-23 20:51:22,159] - [root] - [INFO] - Analysis finished: 0m 31s
[2026-01-23 20:51:22,159] - [root] - [INFO] - -------------------------------------------
[2026-01-23 20:51:22,159] - [root] - [INFO] - -------------------------------------------
[2026-01-23 20:51:22,159] - [root] - [INFO] - Processing 1-22-2026 10dpi 103-W2021011-591_R2.png
[2026-01-23 20:51:43,243] - [root] - [INFO] - Finished loading mask: 0m 21s
[2026-01-23 20:51:59,521] - [root] - [INFO] - Finished crop and inference: 0m 37s
[2026-01-23 20:52:01,144] - [root] - [INFO] - Analysis finished: 0m 38s
[2026-01-23 20:52:01,144] - [root] - [INFO] - -------------------------------------------
[2026-01-23 20:52:01,144] - [root] - [INFO] - -------------------------------------------
[2026-01-23 20:52:01,144] - [root] - [INFO] - Processing 1-22-2026 10dpi 115-W2021011-638_R1.png
[2026-01-23 20:52:21,346] - [root] - [INFO] - Finished loading mask: 0m 20s
[2026-01-23 20:52:39,788] - [root] - [INFO] - Finished crop and inference: 0m 38s
[2026-01-23 20:52:41,358] - [root] - [INFO] - Analysis finished: 0m 40s
[2026-01-23 20:52:41,358] - [root] - [INFO] - -------------------------------------------
[2026-01-23 20:52:41,358] - [root] - [INFO] - -------------------------------------------
[2026-01-23 20:52:41,358] - [root] - [INFO] - Processing 1-22-2026 10dpi 124-W2021009-278_R1.png
[2026-01-23 20:53:01,752] - [root] - [INFO] - Finished loading mask: 0m 20s
[2026-01-23 20:53:16,851] - [root] - [INFO] - Finished crop and inference: 0m 35s
[2026-01-23 20:53:18,391] - [root] - [INFO] - Analysis finished: 0m 37s
[2026-01-23 20:53:18,391] - [root] - [INFO] - -------------------------------------------
[2026-01-23 20:53:18,391] - [root] - [INFO] - -------------------------------------------
[2026-01-23 20:53:18,391] - [root] - [INFO] - Processing 1-22-2026 10dpi 162-W2021011-551_R2.png
[2026-01-23 20:53:39,198] - [root] - [INFO] - Finished loading mask: 0m 20s
[2026-01-23 20:54:02,314] - [root] - [INFO] - Finished crop and inference: 0m 43s
[2026-01-23 20:54:04,049] - [root] - [INFO] - Analysis finished: 0m 45s
[2026-01-23 20:54:04,049] - [root] - [INFO] - -------------------------------------------
[2026-01-23 20:54:04,049] - [root] - [INFO] - -------------------------------------------
[2026-01-23 20:54:04,049] - [root] - [INFO] - Processing 1-22-2026 10dpi 172-W2021009-156_R2.png
[2026-01-23 20:54:24,087] - [root] - [INFO] - Finished loading mask: 0m 20s
[2026-01-23 20:54:32,742] - [root] - [INFO] - Finished crop and inference: 0m 28s
[2026-01-23 20:54:34,357] - [root] - [INFO] - Analysis finished: 0m 30s
[2026-01-23 20:54:34,357] - [root] - [INFO] - -------------------------------------------
[2026-01-23 20:54:34,357] - [root] - [INFO] - -------------------------------------------
[2026-01-23 20:54:34,357] - [root] - [INFO] - Processing 1-22-2026 10dpi 182-W2021009-251_R1.png
[2026-01-23 20:54:54,845] - [root] - [INFO] - Finished loading mask: 0m 20s
[2026-01-23 20:55:05,632] - [root] - [INFO] - Finished crop and inference: 0m 31s
[2026-01-23 20:55:07,347] - [root] - [INFO] - Analysis finished: 0m 32s
[2026-01-23 20:55:07,347] - [root] - [INFO] - -------------------------------------------
[2026-01-23 20:55:07,347] - [root] - [INFO] - -------------------------------------------
[2026-01-23 20:55:07,347] - [root] - [INFO] - Processing 1-22-2026 10dpi 194-W2021010-339_R2.png
[2026-01-23 20:55:24,843] - [root] - [INFO] - Finished loading mask: 0m 17s
[2026-01-23 20:55:33,701] - [root] - [INFO] - Finished crop and inference: 0m 26s
[2026-01-23 20:55:35,281] - [root] - [INFO] - Analysis finished: 0m 27s
[2026-01-23 20:55:35,281] - [root] - [INFO] - -------------------------------------------
[2026-01-23 20:55:35,281] - [root] - [INFO] - -------------------------------------------
[2026-01-23 20:55:35,281] - [root] - [INFO] - Processing 1-22-2026 10dpi 215-W2021006-045_R1.png
[2026-01-23 20:55:53,244] - [root] - [INFO] - Finished loading mask: 0m 17s
[2026-01-23 20:56:12,574] - [root] - [INFO] - Finished crop and inference: 0m 37s
[2026-01-23 20:56:14,241] - [root] - [INFO] - Analysis finished: 0m 38s
[2026-01-23 20:56:14,241] - [root] - [INFO] - -------------------------------------------
[2026-01-23 20:56:14,241] - [root] - [INFO] - -------------------------------------------
[2026-01-23 20:56:14,241] - [root] - [INFO] - Processing 1-22-2026 10dpi 262-W2021009-187_R2.png
[2026-01-23 20:56:30,099] - [root] - [INFO] - Finished loading mask: 0m 15s
[2026-01-23 20:56:52,017] - [root] - [INFO] - Finished crop and inference: 0m 37s
[2026-01-23 20:56:53,522] - [root] - [INFO] - Analysis finished: 0m 39s
[2026-01-23 20:56:53,522] - [root] - [INFO] - -------------------------------------------
[2026-01-23 20:56:53,528] - [root] - [INFO] - Saved C:\Users\Intel User\Desktop\blackbird_scripts\data\Results\ResNet_upth0.7_downth0.2_Jan22_10-21-00_2026\1-22-2026\th_0.7\severity_rate_tray_10dpi_u0.7_d0.2_ig0.6_sp0.9.csv
             timestamp time_elapsed  ... severity_rate_patch Gradient_sr2
0  2026-01-23 20:48:01       0m 37s  ...                31.5         0.88

[1 rows x 24 columns]
             timestamp time_elapsed  ... severity_rate_patch Gradient_sr2
0  2026-01-23 20:48:01       0m 37s  ...               31.50         0.88
1  2026-01-23 20:48:39       0m 31s  ...                0.28         0.01

[2 rows x 24 columns]
             timestamp time_elapsed  ... severity_rate_patch Gradient_sr2
0  2026-01-23 20:48:01       0m 37s  ...               31.50         0.88
1  2026-01-23 20:48:39       0m 31s  ...                0.28         0.01
2  2026-01-23 20:49:10       0m 34s  ...               24.53         0.64

[3 rows x 24 columns]
             timestamp time_elapsed  ... severity_rate_patch Gradient_sr2
0  2026-01-23 20:48:01       0m 37s  ...               31.50         0.88
1  2026-01-23 20:48:39       0m 31s  ...                0.28         0.01
2  2026-01-23 20:49:10       0m 34s  ...               24.53         0.64
3  2026-01-23 20:49:45       0m 31s  ...                3.15         0.08

[4 rows x 24 columns]
             timestamp time_elapsed  ... severity_rate_patch Gradient_sr2
0  2026-01-23 20:48:01       0m 37s  ...               31.50         0.88
1  2026-01-23 20:48:39       0m 31s  ...                0.28         0.01
2  2026-01-23 20:49:10       0m 34s  ...               24.53         0.64
3  2026-01-23 20:49:45       0m 31s  ...                3.15         0.08
4  2026-01-23 20:50:17       0m 33s  ...               14.22         0.41

[5 rows x 24 columns]
             timestamp time_elapsed  ... severity_rate_patch Gradient_sr2
0  2026-01-23 20:48:01       0m 37s  ...               31.50         0.88
1  2026-01-23 20:48:39       0m 31s  ...                0.28         0.01
2  2026-01-23 20:49:10       0m 34s  ...               24.53         0.64
3  2026-01-23 20:49:45       0m 31s  ...                3.15         0.08
4  2026-01-23 20:50:17       0m 33s  ...               14.22         0.41
5  2026-01-23 20:50:50       0m 31s  ...                7.38         0.17

[6 rows x 24 columns]
             timestamp time_elapsed  ... severity_rate_patch Gradient_sr2
0  2026-01-23 20:48:01       0m 37s  ...               31.50         0.88
1  2026-01-23 20:48:39       0m 31s  ...                0.28         0.01
2  2026-01-23 20:49:10       0m 34s  ...               24.53         0.64
3  2026-01-23 20:49:45       0m 31s  ...                3.15         0.08
4  2026-01-23 20:50:17       0m 33s  ...               14.22         0.41
5  2026-01-23 20:50:50       0m 31s  ...                7.38         0.17
6  2026-01-23 20:51:22       0m 38s  ...               50.93         1.49

[7 rows x 24 columns]
             timestamp time_elapsed  ... severity_rate_patch Gradient_sr2
0  2026-01-23 20:48:01       0m 37s  ...               31.50         0.88
1  2026-01-23 20:48:39       0m 31s  ...                0.28         0.01
2  2026-01-23 20:49:10       0m 34s  ...               24.53         0.64
3  2026-01-23 20:49:45       0m 31s  ...                3.15         0.08
4  2026-01-23 20:50:17       0m 33s  ...               14.22         0.41
5  2026-01-23 20:50:50       0m 31s  ...                7.38         0.17
6  2026-01-23 20:51:22       0m 38s  ...               50.93         1.49
7  2026-01-23 20:52:01       0m 40s  ...               57.68         1.57

[8 rows x 24 columns]
             timestamp time_elapsed  ... severity_rate_patch Gradient_sr2
0  2026-01-23 20:48:01       0m 37s  ...               31.50         0.88
1  2026-01-23 20:48:39       0m 31s  ...                0.28         0.01
2  2026-01-23 20:49:10       0m 34s  ...               24.53         0.64
3  2026-01-23 20:49:45       0m 31s  ...                3.15         0.08
4  2026-01-23 20:50:17       0m 33s  ...               14.22         0.41
5  2026-01-23 20:50:50       0m 31s  ...                7.38         0.17
6  2026-01-23 20:51:22       0m 38s  ...               50.93         1.49
7  2026-01-23 20:52:01       0m 40s  ...               57.68         1.57
8  2026-01-23 20:52:41       0m 37s  ...               45.80         1.30

[9 rows x 24 columns]
             timestamp time_elapsed  ... severity_rate_patch Gradient_sr2
0  2026-01-23 20:48:01       0m 37s  ...               31.50         0.88
1  2026-01-23 20:48:39       0m 31s  ...                0.28         0.01
2  2026-01-23 20:49:10       0m 34s  ...               24.53         0.64
3  2026-01-23 20:49:45       0m 31s  ...                3.15         0.08
4  2026-01-23 20:50:17       0m 33s  ...               14.22         0.41
5  2026-01-23 20:50:50       0m 31s  ...                7.38         0.17
6  2026-01-23 20:51:22       0m 38s  ...               50.93         1.49
7  2026-01-23 20:52:01       0m 40s  ...               57.68         1.57
8  2026-01-23 20:52:41       0m 37s  ...               45.80         1.30
9  2026-01-23 20:53:18       0m 45s  ...               83.50         2.36

[10 rows x 24 columns]
              timestamp time_elapsed  ... severity_rate_patch Gradient_sr2
0   2026-01-23 20:48:01       0m 37s  ...               31.50         0.88
1   2026-01-23 20:48:39       0m 31s  ...                0.28         0.01
2   2026-01-23 20:49:10       0m 34s  ...               24.53         0.64
3   2026-01-23 20:49:45       0m 31s  ...                3.15         0.08
4   2026-01-23 20:50:17       0m 33s  ...               14.22         0.41
5   2026-01-23 20:50:50       0m 31s  ...                7.38         0.17
6   2026-01-23 20:51:22       0m 38s  ...               50.93         1.49
7   2026-01-23 20:52:01       0m 40s  ...               57.68         1.57
8   2026-01-23 20:52:41       0m 37s  ...               45.80         1.30
9   2026-01-23 20:53:18       0m 45s  ...               83.50         2.36
10  2026-01-23 20:54:04       0m 30s  ...                6.77         0.17

[11 rows x 24 columns]
              timestamp time_elapsed  ... severity_rate_patch Gradient_sr2
0   2026-01-23 20:48:01       0m 37s  ...               31.50         0.88
1   2026-01-23 20:48:39       0m 31s  ...                0.28         0.01
2   2026-01-23 20:49:10       0m 34s  ...               24.53         0.64
3   2026-01-23 20:49:45       0m 31s  ...                3.15         0.08
4   2026-01-23 20:50:17       0m 33s  ...               14.22         0.41
5   2026-01-23 20:50:50       0m 31s  ...                7.38         0.17
6   2026-01-23 20:51:22       0m 38s  ...               50.93         1.49
7   2026-01-23 20:52:01       0m 40s  ...               57.68         1.57
8   2026-01-23 20:52:41       0m 37s  ...               45.80         1.30
9   2026-01-23 20:53:18       0m 45s  ...               83.50         2.36
10  2026-01-23 20:54:04       0m 30s  ...                6.77         0.17
11  2026-01-23 20:54:34       0m 32s  ...                6.62         0.18

[12 rows x 24 columns]
              timestamp time_elapsed  ... severity_rate_patch Gradient_sr2
0   2026-01-23 20:48:01       0m 37s  ...               31.50         0.88
1   2026-01-23 20:48:39       0m 31s  ...                0.28         0.01
2   2026-01-23 20:49:10       0m 34s  ...               24.53         0.64
3   2026-01-23 20:49:45       0m 31s  ...                3.15         0.08
4   2026-01-23 20:50:17       0m 33s  ...               14.22         0.41
5   2026-01-23 20:50:50       0m 31s  ...                7.38         0.17
6   2026-01-23 20:51:22       0m 38s  ...               50.93         1.49
7   2026-01-23 20:52:01       0m 40s  ...               57.68         1.57
8   2026-01-23 20:52:41       0m 37s  ...               45.80         1.30
9   2026-01-23 20:53:18       0m 45s  ...               83.50         2.36
10  2026-01-23 20:54:04       0m 30s  ...                6.77         0.17
11  2026-01-23 20:54:34       0m 32s  ...                6.62         0.18
12  2026-01-23 20:55:07       0m 27s  ...                5.55         0.14

[13 rows x 24 columns]
              timestamp time_elapsed  ... severity_rate_patch Gradient_sr2
0   2026-01-23 20:48:01       0m 37s  ...               31.50         0.88
1   2026-01-23 20:48:39       0m 31s  ...                0.28         0.01
2   2026-01-23 20:49:10       0m 34s  ...               24.53         0.64
3   2026-01-23 20:49:45       0m 31s  ...                3.15         0.08
4   2026-01-23 20:50:17       0m 33s  ...               14.22         0.41
5   2026-01-23 20:50:50       0m 31s  ...                7.38         0.17
6   2026-01-23 20:51:22       0m 38s  ...               50.93         1.49
7   2026-01-23 20:52:01       0m 40s  ...               57.68         1.57
8   2026-01-23 20:52:41       0m 37s  ...               45.80         1.30
9   2026-01-23 20:53:18       0m 45s  ...               83.50         2.36
10  2026-01-23 20:54:04       0m 30s  ...                6.77         0.17
11  2026-01-23 20:54:34       0m 32s  ...                6.62         0.18
12  2026-01-23 20:55:07       0m 27s  ...                5.55         0.14
13  2026-01-23 20:55:35       0m 38s  ...               77.90         2.28

[14 rows x 24 columns]
              timestamp time_elapsed  ... severity_rate_patch Gradient_sr2
0   2026-01-23 20:48:01       0m 37s  ...               31.50         0.88
1   2026-01-23 20:48:39       0m 31s  ...                0.28         0.01
2   2026-01-23 20:49:10       0m 34s  ...               24.53         0.64
3   2026-01-23 20:49:45       0m 31s  ...                3.15         0.08
4   2026-01-23 20:50:17       0m 33s  ...               14.22         0.41
5   2026-01-23 20:50:50       0m 31s  ...                7.38         0.17
6   2026-01-23 20:51:22       0m 38s  ...               50.93         1.49
7   2026-01-23 20:52:01       0m 40s  ...               57.68         1.57
8   2026-01-23 20:52:41       0m 37s  ...               45.80         1.30
9   2026-01-23 20:53:18       0m 45s  ...               83.50         2.36
10  2026-01-23 20:54:04       0m 30s  ...                6.77         0.17
11  2026-01-23 20:54:34       0m 32s  ...                6.62         0.18
12  2026-01-23 20:55:07       0m 27s  ...                5.55         0.14
13  2026-01-23 20:55:35       0m 38s  ...               77.90         2.28
14  2026-01-23 20:56:14       0m 39s  ...               80.00         2.37

[15 rows x 24 columns]

real	8m59.636s
user	0m0.000s
sys	0m0.000s
