[2026-01-24 16:25:39,257] - [root] - [INFO] - leaf_correlation_mw.py
[2026-01-24 16:25:39,258] - [root] - [INFO] - model_type       : ResNet
[2026-01-24 16:25:39,258] - [root] - [INFO] - pretrained       : True
[2026-01-24 16:25:39,258] - [root] - [INFO] - loading_epoch    : 65
[2026-01-24 16:25:39,258] - [root] - [INFO] - timestamp        : Jan22_10-21-00_2026
[2026-01-24 16:25:39,258] - [root] - [INFO] - outdim           : 2
[2026-01-24 16:25:39,258] - [root] - [INFO] - dual_head        : True
[2026-01-24 16:25:39,258] - [root] - [INFO] - model_path       : ../..
[2026-01-24 16:25:39,258] - [root] - [INFO] - step_size        : 224
[2026-01-24 16:25:39,258] - [root] - [INFO] - means            : [0.541, 0.6371, 0.4188]
[2026-01-24 16:25:39,259] - [root] - [INFO] - stds             : [0.1764, 0.165, 0.2326]
[2026-01-24 16:25:39,259] - [root] - [INFO] - target_class     : 1
[2026-01-24 16:25:39,259] - [root] - [INFO] - contam_control   : False
[2026-01-24 16:25:39,259] - [root] - [INFO] - spor_th          : 0.9
[2026-01-24 16:25:39,259] - [root] - [INFO] - inf_gate         : 0.5
[2026-01-24 16:25:39,259] - [root] - [INFO] - pm               : HPM-1269
[2026-01-24 16:25:39,259] - [root] - [INFO] - mps              : False
[2026-01-24 16:25:39,259] - [root] - [INFO] - cuda             : True
[2026-01-24 16:25:39,259] - [root] - [INFO] - cuda_id          : 0
[2026-01-24 16:25:39,259] - [root] - [INFO] - sal_threshold    : 0.5
[2026-01-24 16:25:39,259] - [root] - [INFO] - up_threshold     : 0.8
[2026-01-24 16:25:39,260] - [root] - [INFO] - down_threshold   : 0.1
[2026-01-24 16:25:39,260] - [root] - [INFO] - dataset_path     : C:/Users/Intel User/Desktop/blackbird_scripts/data/human_disk_assessments
[2026-01-24 16:25:39,260] - [root] - [INFO] - img_folder       : 1-22-2026
[2026-01-24 16:25:39,260] - [root] - [INFO] - platform         : BlackBird
[2026-01-24 16:25:39,260] - [root] - [INFO] - threshold        : ['0.7']
[2026-01-24 16:25:39,260] - [root] - [INFO] - log              : ../../results/logs/random.log
[2026-01-24 16:25:39,260] - [root] - [INFO] - dpi              : 10
[2026-01-24 16:25:39,260] - [root] - [INFO] - group            : baseline
[2026-01-24 16:25:39,260] - [root] - [INFO] - trays            : ['10dpi']
[2026-01-24 16:25:39,260] - [root] - [INFO] - sal_gradcam      : False
[2026-01-24 16:25:39,260] - [root] - [INFO] - sal_gradient     : True
[2026-01-24 16:25:39,260] - [root] - [INFO] - sal_smoothgrad   : False
[2026-01-24 16:25:39,261] - [root] - [INFO] - sal_deeplift     : False
[2026-01-24 16:25:39,261] - [root] - [INFO] - sal_thresh_method : fixed
[2026-01-24 16:25:39,261] - [root] - [INFO] - sal_thresh_p     : 95.0
[2026-01-24 16:25:40,301] - [root] - [INFO] - -------------------------------------------
[2026-01-24 16:25:40,301] - [root] - [INFO] - Processing 1-22-2026 10dpi 046-W2021009-208_R2.png
[2026-01-24 16:26:02,810] - [root] - [INFO] - Finished loading mask: 0m 22s
[2026-01-24 16:26:14,330] - [root] - [INFO] - Finished crop and inference: 0m 34s
[2026-01-24 16:26:16,343] - [root] - [INFO] - Analysis finished: 0m 36s
[2026-01-24 16:26:16,343] - [root] - [INFO] - -------------------------------------------
[2026-01-24 16:26:16,343] - [root] - [INFO] - -------------------------------------------
[2026-01-24 16:26:16,343] - [root] - [INFO] - Processing 1-22-2026 10dpi 151-W2021011-479_R2.png
[2026-01-24 16:26:38,599] - [root] - [INFO] - Finished loading mask: 0m 22s
[2026-01-24 16:27:06,747] - [root] - [INFO] - Finished crop and inference: 0m 50s
[2026-01-24 16:27:08,948] - [root] - [INFO] - Analysis finished: 0m 52s
[2026-01-24 16:27:08,948] - [root] - [INFO] - -------------------------------------------
[2026-01-24 16:27:08,948] - [root] - [INFO] - -------------------------------------------
[2026-01-24 16:27:08,948] - [root] - [INFO] - Processing 1-22-2026 10dpi 152-W2021010-301_R2.png
[2026-01-24 16:27:31,565] - [root] - [INFO] - Finished loading mask: 0m 22s
[2026-01-24 16:27:42,932] - [root] - [INFO] - Finished crop and inference: 0m 33s
[2026-01-24 16:27:44,690] - [root] - [INFO] - Analysis finished: 0m 35s
[2026-01-24 16:27:44,691] - [root] - [INFO] - -------------------------------------------
[2026-01-24 16:27:44,691] - [root] - [INFO] - -------------------------------------------
[2026-01-24 16:27:44,691] - [root] - [INFO] - Processing 1-22-2026 10dpi 152-W2021011-479_R1.png
[2026-01-24 16:28:06,905] - [root] - [INFO] - Finished loading mask: 0m 22s
[2026-01-24 16:28:25,487] - [root] - [INFO] - Finished crop and inference: 0m 40s
[2026-01-24 16:28:27,296] - [root] - [INFO] - Analysis finished: 0m 42s
[2026-01-24 16:28:27,296] - [root] - [INFO] - -------------------------------------------
[2026-01-24 16:28:27,296] - [root] - [INFO] - -------------------------------------------
[2026-01-24 16:28:27,296] - [root] - [INFO] - Processing 1-22-2026 10dpi 162-W2021011-551_R2.png
[2026-01-24 16:28:48,566] - [root] - [INFO] - Finished loading mask: 0m 21s
[2026-01-24 16:29:18,281] - [root] - [INFO] - Finished crop and inference: 0m 50s
[2026-01-24 16:29:20,475] - [root] - [INFO] - Analysis finished: 0m 53s
[2026-01-24 16:29:20,475] - [root] - [INFO] - -------------------------------------------
[2026-01-24 16:29:20,475] - [root] - [INFO] - -------------------------------------------
[2026-01-24 16:29:20,475] - [root] - [INFO] - Processing 1-22-2026 10dpi 166-W2021006-123_R1.png
[2026-01-24 16:29:42,364] - [root] - [INFO] - Finished loading mask: 0m 21s
[2026-01-24 16:29:52,239] - [root] - [INFO] - Finished crop and inference: 0m 31s
[2026-01-24 16:29:54,152] - [root] - [INFO] - Analysis finished: 0m 33s
[2026-01-24 16:29:54,153] - [root] - [INFO] - -------------------------------------------
[2026-01-24 16:29:54,153] - [root] - [INFO] - -------------------------------------------
[2026-01-24 16:29:54,153] - [root] - [INFO] - Processing 1-22-2026 10dpi 166-W2021006-146_R1.png
[2026-01-24 16:30:16,267] - [root] - [INFO] - Finished loading mask: 0m 22s
[2026-01-24 16:30:37,735] - [root] - [INFO] - Finished crop and inference: 0m 43s
[2026-01-24 16:30:39,535] - [root] - [INFO] - Analysis finished: 0m 45s
[2026-01-24 16:30:39,536] - [root] - [INFO] - -------------------------------------------
[2026-01-24 16:30:39,536] - [root] - [INFO] - -------------------------------------------
[2026-01-24 16:30:39,536] - [root] - [INFO] - Processing 1-22-2026 10dpi 166-W2021006-146_R2.png
[2026-01-24 16:31:01,723] - [root] - [INFO] - Finished loading mask: 0m 22s
[2026-01-24 16:31:15,686] - [root] - [INFO] - Finished crop and inference: 0m 36s
[2026-01-24 16:31:17,519] - [root] - [INFO] - Analysis finished: 0m 37s
[2026-01-24 16:31:17,520] - [root] - [INFO] - -------------------------------------------
[2026-01-24 16:31:17,520] - [root] - [INFO] - -------------------------------------------
[2026-01-24 16:31:17,520] - [root] - [INFO] - Processing 1-22-2026 10dpi 171-W2021011-584_R1.png
[2026-01-24 16:31:40,452] - [root] - [INFO] - Finished loading mask: 0m 22s
[2026-01-24 16:32:05,717] - [root] - [INFO] - Finished crop and inference: 0m 48s
[2026-01-24 16:32:07,438] - [root] - [INFO] - Analysis finished: 0m 49s
[2026-01-24 16:32:07,438] - [root] - [INFO] - -------------------------------------------
[2026-01-24 16:32:07,439] - [root] - [INFO] - -------------------------------------------
[2026-01-24 16:32:07,439] - [root] - [INFO] - Processing 1-22-2026 10dpi 181-W2021009-295_R2.png
[2026-01-24 16:32:30,538] - [root] - [INFO] - Finished loading mask: 0m 23s
[2026-01-24 16:32:46,397] - [root] - [INFO] - Finished crop and inference: 0m 38s
[2026-01-24 16:32:48,067] - [root] - [INFO] - Analysis finished: 0m 40s
[2026-01-24 16:32:48,067] - [root] - [INFO] - -------------------------------------------
[2026-01-24 16:32:48,067] - [root] - [INFO] - -------------------------------------------
[2026-01-24 16:32:48,067] - [root] - [INFO] - Processing 1-22-2026 10dpi 182-W2021009-251_R1.png
[2026-01-24 16:33:10,971] - [root] - [INFO] - Finished loading mask: 0m 22s
[2026-01-24 16:33:23,150] - [root] - [INFO] - Finished crop and inference: 0m 35s
[2026-01-24 16:33:24,853] - [root] - [INFO] - Analysis finished: 0m 36s
[2026-01-24 16:33:24,853] - [root] - [INFO] - -------------------------------------------
[2026-01-24 16:33:24,853] - [root] - [INFO] - -------------------------------------------
[2026-01-24 16:33:24,853] - [root] - [INFO] - Processing 1-22-2026 10dpi 192-W2021010-449_R2.png
[2026-01-24 16:33:46,839] - [root] - [INFO] - Finished loading mask: 0m 21s
[2026-01-24 16:34:09,833] - [root] - [INFO] - Finished crop and inference: 0m 44s
[2026-01-24 16:34:11,553] - [root] - [INFO] - Analysis finished: 0m 46s
[2026-01-24 16:34:11,553] - [root] - [INFO] - -------------------------------------------
[2026-01-24 16:34:11,553] - [root] - [INFO] - -------------------------------------------
[2026-01-24 16:34:11,553] - [root] - [INFO] - Processing 1-22-2026 10dpi 206-W2021009-271_R2.png
[2026-01-24 16:34:34,082] - [root] - [INFO] - Finished loading mask: 0m 22s
[2026-01-24 16:35:01,889] - [root] - [INFO] - Finished crop and inference: 0m 50s
[2026-01-24 16:35:03,612] - [root] - [INFO] - Analysis finished: 0m 52s
[2026-01-24 16:35:03,612] - [root] - [INFO] - -------------------------------------------
[2026-01-24 16:35:03,612] - [root] - [INFO] - -------------------------------------------
[2026-01-24 16:35:03,612] - [root] - [INFO] - Processing 1-22-2026 10dpi 207-W2021009-271_R1.png
[2026-01-24 16:35:25,944] - [root] - [INFO] - Finished loading mask: 0m 22s
[2026-01-24 16:35:40,301] - [root] - [INFO] - Finished crop and inference: 0m 36s
[2026-01-24 16:35:42,056] - [root] - [INFO] - Analysis finished: 0m 38s
[2026-01-24 16:35:42,056] - [root] - [INFO] - -------------------------------------------
[2026-01-24 16:35:42,056] - [root] - [INFO] - -------------------------------------------
[2026-01-24 16:35:42,056] - [root] - [INFO] - Processing 1-22-2026 10dpi 233-W2021006-607_R1.png
[2026-01-24 16:36:04,540] - [root] - [INFO] - Finished loading mask: 0m 22s
[2026-01-24 16:36:18,345] - [root] - [INFO] - Finished crop and inference: 0m 36s
[2026-01-24 16:36:20,058] - [root] - [INFO] - Analysis finished: 0m 38s
[2026-01-24 16:36:20,058] - [root] - [INFO] - -------------------------------------------
[2026-01-24 16:36:20,066] - [root] - [INFO] - Saved C:\Users\Intel User\Desktop\blackbird_scripts\data\Results\ResNet_upth0.8_downth0.1_Jan22_10-21-00_2026\1-22-2026\th_0.7\severity_rate_tray_10dpi_u0.8_d0.1_ig0.5_sp0.9_20260124_163542.csv
             timestamp time_elapsed  ... severity_rate_patch Gradient_sr2
0  2026-01-24 16:25:40       0m 36s  ...                4.66         0.13

[1 rows x 26 columns]
             timestamp time_elapsed  ... severity_rate_patch Gradient_sr2
0  2026-01-24 16:25:40       0m 36s  ...                4.66         0.13
1  2026-01-24 16:26:16       0m 52s  ...               99.36         3.04

[2 rows x 26 columns]
             timestamp time_elapsed  ... severity_rate_patch Gradient_sr2
0  2026-01-24 16:25:40       0m 36s  ...                4.66         0.13
1  2026-01-24 16:26:16       0m 52s  ...               99.36         3.04
2  2026-01-24 16:27:08       0m 35s  ...                1.42         0.03

[3 rows x 26 columns]
             timestamp time_elapsed  ... severity_rate_patch Gradient_sr2
0  2026-01-24 16:25:40       0m 36s  ...                4.66         0.13
1  2026-01-24 16:26:16       0m 52s  ...               99.36         3.04
2  2026-01-24 16:27:08       0m 35s  ...                1.42         0.03
3  2026-01-24 16:27:44       0m 42s  ...               44.27         1.26

[4 rows x 26 columns]
             timestamp time_elapsed  ... severity_rate_patch Gradient_sr2
0  2026-01-24 16:25:40       0m 36s  ...                4.66         0.13
1  2026-01-24 16:26:16       0m 52s  ...               99.36         3.04
2  2026-01-24 16:27:08       0m 35s  ...                1.42         0.03
3  2026-01-24 16:27:44       0m 42s  ...               44.27         1.26
4  2026-01-24 16:28:27       0m 53s  ...               84.26         2.35

[5 rows x 26 columns]
             timestamp time_elapsed  ... severity_rate_patch Gradient_sr2
0  2026-01-24 16:25:40       0m 36s  ...                4.66         0.13
1  2026-01-24 16:26:16       0m 52s  ...               99.36         3.04
2  2026-01-24 16:27:08       0m 35s  ...                1.42         0.03
3  2026-01-24 16:27:44       0m 42s  ...               44.27         1.26
4  2026-01-24 16:28:27       0m 53s  ...               84.26         2.35
5  2026-01-24 16:29:20       0m 33s  ...                0.86         0.02

[6 rows x 26 columns]
             timestamp time_elapsed  ... severity_rate_patch Gradient_sr2
0  2026-01-24 16:25:40       0m 36s  ...                4.66         0.13
1  2026-01-24 16:26:16       0m 52s  ...               99.36         3.04
2  2026-01-24 16:27:08       0m 35s  ...                1.42         0.03
3  2026-01-24 16:27:44       0m 42s  ...               44.27         1.26
4  2026-01-24 16:28:27       0m 53s  ...               84.26         2.35
5  2026-01-24 16:29:20       0m 33s  ...                0.86         0.02
6  2026-01-24 16:29:54       0m 45s  ...               54.38         1.51

[7 rows x 26 columns]
             timestamp time_elapsed  ... severity_rate_patch Gradient_sr2
0  2026-01-24 16:25:40       0m 36s  ...                4.66         0.13
1  2026-01-24 16:26:16       0m 52s  ...               99.36         3.04
2  2026-01-24 16:27:08       0m 35s  ...                1.42         0.03
3  2026-01-24 16:27:44       0m 42s  ...               44.27         1.26
4  2026-01-24 16:28:27       0m 53s  ...               84.26         2.35
5  2026-01-24 16:29:20       0m 33s  ...                0.86         0.02
6  2026-01-24 16:29:54       0m 45s  ...               54.38         1.51
7  2026-01-24 16:30:39       0m 37s  ...               16.61         0.43

[8 rows x 26 columns]
             timestamp time_elapsed  ... severity_rate_patch Gradient_sr2
0  2026-01-24 16:25:40       0m 36s  ...                4.66         0.13
1  2026-01-24 16:26:16       0m 52s  ...               99.36         3.04
2  2026-01-24 16:27:08       0m 35s  ...                1.42         0.03
3  2026-01-24 16:27:44       0m 42s  ...               44.27         1.26
4  2026-01-24 16:28:27       0m 53s  ...               84.26         2.35
5  2026-01-24 16:29:20       0m 33s  ...                0.86         0.02
6  2026-01-24 16:29:54       0m 45s  ...               54.38         1.51
7  2026-01-24 16:30:39       0m 37s  ...               16.61         0.43
8  2026-01-24 16:31:17       0m 49s  ...               70.75         1.88

[9 rows x 26 columns]
             timestamp time_elapsed  ... severity_rate_patch Gradient_sr2
0  2026-01-24 16:25:40       0m 36s  ...                4.66         0.13
1  2026-01-24 16:26:16       0m 52s  ...               99.36         3.04
2  2026-01-24 16:27:08       0m 35s  ...                1.42         0.03
3  2026-01-24 16:27:44       0m 42s  ...               44.27         1.26
4  2026-01-24 16:28:27       0m 53s  ...               84.26         2.35
5  2026-01-24 16:29:20       0m 33s  ...                0.86         0.02
6  2026-01-24 16:29:54       0m 45s  ...               54.38         1.51
7  2026-01-24 16:30:39       0m 37s  ...               16.61         0.43
8  2026-01-24 16:31:17       0m 49s  ...               70.75         1.88
9  2026-01-24 16:32:07       0m 40s  ...               28.24         0.74

[10 rows x 26 columns]
              timestamp time_elapsed  ... severity_rate_patch Gradient_sr2
0   2026-01-24 16:25:40       0m 36s  ...                4.66         0.13
1   2026-01-24 16:26:16       0m 52s  ...               99.36         3.04
2   2026-01-24 16:27:08       0m 35s  ...                1.42         0.03
3   2026-01-24 16:27:44       0m 42s  ...               44.27         1.26
4   2026-01-24 16:28:27       0m 53s  ...               84.26         2.35
5   2026-01-24 16:29:20       0m 33s  ...                0.86         0.02
6   2026-01-24 16:29:54       0m 45s  ...               54.38         1.51
7   2026-01-24 16:30:39       0m 37s  ...               16.61         0.43
8   2026-01-24 16:31:17       0m 49s  ...               70.75         1.88
9   2026-01-24 16:32:07       0m 40s  ...               28.24         0.74
10  2026-01-24 16:32:48       0m 36s  ...                6.53         0.17

[11 rows x 26 columns]
              timestamp time_elapsed  ... severity_rate_patch Gradient_sr2
0   2026-01-24 16:25:40       0m 36s  ...                4.66         0.13
1   2026-01-24 16:26:16       0m 52s  ...               99.36         3.04
2   2026-01-24 16:27:08       0m 35s  ...                1.42         0.03
3   2026-01-24 16:27:44       0m 42s  ...               44.27         1.26
4   2026-01-24 16:28:27       0m 53s  ...               84.26         2.35
5   2026-01-24 16:29:20       0m 33s  ...                0.86         0.02
6   2026-01-24 16:29:54       0m 45s  ...               54.38         1.51
7   2026-01-24 16:30:39       0m 37s  ...               16.61         0.43
8   2026-01-24 16:31:17       0m 49s  ...               70.75         1.88
9   2026-01-24 16:32:07       0m 40s  ...               28.24         0.74
10  2026-01-24 16:32:48       0m 36s  ...                6.53         0.17
11  2026-01-24 16:33:24       0m 46s  ...               68.04         1.85

[12 rows x 26 columns]
              timestamp time_elapsed  ... severity_rate_patch Gradient_sr2
0   2026-01-24 16:25:40       0m 36s  ...                4.66         0.13
1   2026-01-24 16:26:16       0m 52s  ...               99.36         3.04
2   2026-01-24 16:27:08       0m 35s  ...                1.42         0.03
3   2026-01-24 16:27:44       0m 42s  ...               44.27         1.26
4   2026-01-24 16:28:27       0m 53s  ...               84.26         2.35
5   2026-01-24 16:29:20       0m 33s  ...                0.86         0.02
6   2026-01-24 16:29:54       0m 45s  ...               54.38         1.51
7   2026-01-24 16:30:39       0m 37s  ...               16.61         0.43
8   2026-01-24 16:31:17       0m 49s  ...               70.75         1.88
9   2026-01-24 16:32:07       0m 40s  ...               28.24         0.74
10  2026-01-24 16:32:48       0m 36s  ...                6.53         0.17
11  2026-01-24 16:33:24       0m 46s  ...               68.04         1.85
12  2026-01-24 16:34:11       0m 52s  ...               84.66         2.39

[13 rows x 26 columns]
              timestamp time_elapsed  ... severity_rate_patch Gradient_sr2
0   2026-01-24 16:25:40       0m 36s  ...                4.66         0.13
1   2026-01-24 16:26:16       0m 52s  ...               99.36         3.04
2   2026-01-24 16:27:08       0m 35s  ...                1.42         0.03
3   2026-01-24 16:27:44       0m 42s  ...               44.27         1.26
4   2026-01-24 16:28:27       0m 53s  ...               84.26         2.35
5   2026-01-24 16:29:20       0m 33s  ...                0.86         0.02
6   2026-01-24 16:29:54       0m 45s  ...               54.38         1.51
7   2026-01-24 16:30:39       0m 37s  ...               16.61         0.43
8   2026-01-24 16:31:17       0m 49s  ...               70.75         1.88
9   2026-01-24 16:32:07       0m 40s  ...               28.24         0.74
10  2026-01-24 16:32:48       0m 36s  ...                6.53         0.17
11  2026-01-24 16:33:24       0m 46s  ...               68.04         1.85
12  2026-01-24 16:34:11       0m 52s  ...               84.66         2.39
13  2026-01-24 16:35:03       0m 38s  ...               41.06         1.08

[14 rows x 26 columns]
              timestamp time_elapsed  ... severity_rate_patch Gradient_sr2
0   2026-01-24 16:25:40       0m 36s  ...                4.66         0.13
1   2026-01-24 16:26:16       0m 52s  ...               99.36         3.04
2   2026-01-24 16:27:08       0m 35s  ...                1.42         0.03
3   2026-01-24 16:27:44       0m 42s  ...               44.27         1.26
4   2026-01-24 16:28:27       0m 53s  ...               84.26         2.35
5   2026-01-24 16:29:20       0m 33s  ...                0.86         0.02
6   2026-01-24 16:29:54       0m 45s  ...               54.38         1.51
7   2026-01-24 16:30:39       0m 37s  ...               16.61         0.43
8   2026-01-24 16:31:17       0m 49s  ...               70.75         1.88
9   2026-01-24 16:32:07       0m 40s  ...               28.24         0.74
10  2026-01-24 16:32:48       0m 36s  ...                6.53         0.17
11  2026-01-24 16:33:24       0m 46s  ...               68.04         1.85
12  2026-01-24 16:34:11       0m 52s  ...               84.66         2.39
13  2026-01-24 16:35:03       0m 38s  ...               41.06         1.08
14  2026-01-24 16:35:42       0m 37s  ...               22.52         0.54

[15 rows x 26 columns]

real	10m47.771s
user	0m0.015s
sys	0m0.015s
