[2026-01-23 19:32:28,311] - [root] - [INFO] - leaf_correlation_mw.py
[2026-01-23 19:32:28,311] - [root] - [INFO] - model_type       : ResNet
[2026-01-23 19:32:28,311] - [root] - [INFO] - pretrained       : True
[2026-01-23 19:32:28,311] - [root] - [INFO] - loading_epoch    : 65
[2026-01-23 19:32:28,311] - [root] - [INFO] - timestamp        : Jan22_10-21-00_2026
[2026-01-23 19:32:28,311] - [root] - [INFO] - outdim           : 2
[2026-01-23 19:32:28,311] - [root] - [INFO] - dual_head        : True
[2026-01-23 19:32:28,312] - [root] - [INFO] - model_path       : ../..
[2026-01-23 19:32:28,312] - [root] - [INFO] - step_size        : 224
[2026-01-23 19:32:28,312] - [root] - [INFO] - means            : [0.541, 0.6371, 0.4188]
[2026-01-23 19:32:28,312] - [root] - [INFO] - stds             : [0.1764, 0.165, 0.2326]
[2026-01-23 19:32:28,312] - [root] - [INFO] - target_class     : 1
[2026-01-23 19:32:28,312] - [root] - [INFO] - contam_control   : False
[2026-01-23 19:32:28,312] - [root] - [INFO] - spor_th          : 0.7
[2026-01-23 19:32:28,312] - [root] - [INFO] - inf_gate         : 0.6
[2026-01-23 19:32:28,313] - [root] - [INFO] - pm               : HPM-1269
[2026-01-23 19:32:28,313] - [root] - [INFO] - mps              : False
[2026-01-23 19:32:28,313] - [root] - [INFO] - cuda             : True
[2026-01-23 19:32:28,313] - [root] - [INFO] - cuda_id          : 0
[2026-01-23 19:32:28,313] - [root] - [INFO] - sal_threshold    : 0.5
[2026-01-23 19:32:28,313] - [root] - [INFO] - up_threshold     : 0.8
[2026-01-23 19:32:28,313] - [root] - [INFO] - down_threshold   : 0.3
[2026-01-23 19:32:28,313] - [root] - [INFO] - dataset_path     : C:/Users/Intel User/Desktop/blackbird_scripts/data/human_disk_assessments
[2026-01-23 19:32:28,313] - [root] - [INFO] - img_folder       : 1-22-2026
[2026-01-23 19:32:28,313] - [root] - [INFO] - platform         : BlackBird
[2026-01-23 19:32:28,313] - [root] - [INFO] - threshold        : ['0.7']
[2026-01-23 19:32:28,313] - [root] - [INFO] - log              : ../../results/logs/random.log
[2026-01-23 19:32:28,313] - [root] - [INFO] - dpi              : 5
[2026-01-23 19:32:28,313] - [root] - [INFO] - group            : baseline
[2026-01-23 19:32:28,313] - [root] - [INFO] - trays            : ['5dpi']
[2026-01-23 19:32:28,313] - [root] - [INFO] - sal_gradcam      : False
[2026-01-23 19:32:28,313] - [root] - [INFO] - sal_gradient     : True
[2026-01-23 19:32:28,313] - [root] - [INFO] - sal_smoothgrad   : False
[2026-01-23 19:32:28,314] - [root] - [INFO] - sal_deeplift     : False
[2026-01-23 19:32:28,314] - [root] - [INFO] - sal_thresh_method : fixed
[2026-01-23 19:32:28,314] - [root] - [INFO] - sal_thresh_p     : 95.0
[2026-01-23 19:32:29,548] - [root] - [INFO] - -------------------------------------------
[2026-01-23 19:32:29,549] - [root] - [INFO] - Processing 1-22-2026 5dpi 015-W2021009-160_R1.png
[2026-01-23 19:32:51,207] - [root] - [INFO] - Finished loading mask: 0m 21s
[2026-01-23 19:33:04,092] - [root] - [INFO] - Finished crop and inference: 0m 34s
[2026-01-23 19:33:05,745] - [root] - [INFO] - Analysis finished: 0m 36s
[2026-01-23 19:33:05,745] - [root] - [INFO] - -------------------------------------------
[2026-01-23 19:33:05,745] - [root] - [INFO] - -------------------------------------------
[2026-01-23 19:33:05,745] - [root] - [INFO] - Processing 1-22-2026 5dpi 015-W2021011-633_R1.png
[2026-01-23 19:33:27,337] - [root] - [INFO] - Finished loading mask: 0m 21s
[2026-01-23 19:33:39,711] - [root] - [INFO] - Finished crop and inference: 0m 33s
[2026-01-23 19:33:41,451] - [root] - [INFO] - Analysis finished: 0m 35s
[2026-01-23 19:33:41,451] - [root] - [INFO] - -------------------------------------------
[2026-01-23 19:33:41,452] - [root] - [INFO] - -------------------------------------------
[2026-01-23 19:33:41,452] - [root] - [INFO] - Processing 1-22-2026 5dpi 019-W2021010-428_R2.png
[2026-01-23 19:34:03,622] - [root] - [INFO] - Finished loading mask: 0m 22s
[2026-01-23 19:34:12,176] - [root] - [INFO] - Finished crop and inference: 0m 30s
[2026-01-23 19:34:13,804] - [root] - [INFO] - Analysis finished: 0m 32s
[2026-01-23 19:34:13,805] - [root] - [INFO] - -------------------------------------------
[2026-01-23 19:34:13,805] - [root] - [INFO] - -------------------------------------------
[2026-01-23 19:34:13,805] - [root] - [INFO] - Processing 1-22-2026 5dpi 021-W2021009-175_R1.png
[2026-01-23 19:34:35,622] - [root] - [INFO] - Finished loading mask: 0m 21s
[2026-01-23 19:34:45,138] - [root] - [INFO] - Finished crop and inference: 0m 31s
[2026-01-23 19:34:46,721] - [root] - [INFO] - Analysis finished: 0m 32s
[2026-01-23 19:34:46,721] - [root] - [INFO] - -------------------------------------------
[2026-01-23 19:34:46,721] - [root] - [INFO] - -------------------------------------------
[2026-01-23 19:34:46,722] - [root] - [INFO] - Processing 1-22-2026 5dpi 022-W2021009-198_R2.png
[2026-01-23 19:35:09,063] - [root] - [INFO] - Finished loading mask: 0m 22s
[2026-01-23 19:35:20,121] - [root] - [INFO] - Finished crop and inference: 0m 33s
[2026-01-23 19:35:21,681] - [root] - [INFO] - Analysis finished: 0m 34s
[2026-01-23 19:35:21,681] - [root] - [INFO] - -------------------------------------------
[2026-01-23 19:35:21,681] - [root] - [INFO] - -------------------------------------------
[2026-01-23 19:35:21,681] - [root] - [INFO] - Processing 1-22-2026 5dpi 036-W2021006-047_R2.png
[2026-01-23 19:35:43,524] - [root] - [INFO] - Finished loading mask: 0m 21s
[2026-01-23 19:35:52,669] - [root] - [INFO] - Finished crop and inference: 0m 30s
[2026-01-23 19:35:54,313] - [root] - [INFO] - Analysis finished: 0m 32s
[2026-01-23 19:35:54,313] - [root] - [INFO] - -------------------------------------------
[2026-01-23 19:35:54,313] - [root] - [INFO] - -------------------------------------------
[2026-01-23 19:35:54,313] - [root] - [INFO] - Processing 1-22-2026 5dpi 060-W2021010-324_R2.png
[2026-01-23 19:36:16,317] - [root] - [INFO] - Finished loading mask: 0m 22s
[2026-01-23 19:36:25,549] - [root] - [INFO] - Finished crop and inference: 0m 31s
[2026-01-23 19:36:27,164] - [root] - [INFO] - Analysis finished: 0m 32s
[2026-01-23 19:36:27,164] - [root] - [INFO] - -------------------------------------------
[2026-01-23 19:36:27,165] - [root] - [INFO] - -------------------------------------------
[2026-01-23 19:36:27,165] - [root] - [INFO] - Processing 1-22-2026 5dpi 099-W2021006-611_R2.png
[2026-01-23 19:36:49,083] - [root] - [INFO] - Finished loading mask: 0m 21s
[2026-01-23 19:37:03,977] - [root] - [INFO] - Finished crop and inference: 0m 36s
[2026-01-23 19:37:05,520] - [root] - [INFO] - Analysis finished: 0m 38s
[2026-01-23 19:37:05,521] - [root] - [INFO] - -------------------------------------------
[2026-01-23 19:37:05,521] - [root] - [INFO] - -------------------------------------------
[2026-01-23 19:37:05,521] - [root] - [INFO] - Processing 1-22-2026 5dpi 123-W2021009-255_R2.png
[2026-01-23 19:37:26,691] - [root] - [INFO] - Finished loading mask: 0m 21s
[2026-01-23 19:37:37,162] - [root] - [INFO] - Finished crop and inference: 0m 31s
[2026-01-23 19:37:38,711] - [root] - [INFO] - Analysis finished: 0m 33s
[2026-01-23 19:37:38,712] - [root] - [INFO] - -------------------------------------------
[2026-01-23 19:37:38,712] - [root] - [INFO] - -------------------------------------------
[2026-01-23 19:37:38,712] - [root] - [INFO] - Processing 1-22-2026 5dpi 141-W2021009-274_R1.png
[2026-01-23 19:37:59,885] - [root] - [INFO] - Finished loading mask: 0m 21s
[2026-01-23 19:38:22,695] - [root] - [INFO] - Finished crop and inference: 0m 43s
[2026-01-23 19:38:24,294] - [root] - [INFO] - Analysis finished: 0m 45s
[2026-01-23 19:38:24,295] - [root] - [INFO] - -------------------------------------------
[2026-01-23 19:38:24,295] - [root] - [INFO] - -------------------------------------------
[2026-01-23 19:38:24,295] - [root] - [INFO] - Processing 1-22-2026 5dpi 173-W2021006-127_R2.png
[2026-01-23 19:38:46,265] - [root] - [INFO] - Finished loading mask: 0m 21s
[2026-01-23 19:38:55,301] - [root] - [INFO] - Finished crop and inference: 0m 31s
[2026-01-23 19:38:56,901] - [root] - [INFO] - Analysis finished: 0m 32s
[2026-01-23 19:38:56,901] - [root] - [INFO] - -------------------------------------------
[2026-01-23 19:38:56,901] - [root] - [INFO] - -------------------------------------------
[2026-01-23 19:38:56,901] - [root] - [INFO] - Processing 1-22-2026 5dpi 191-W2021010-449_R1.png
[2026-01-23 19:39:18,458] - [root] - [INFO] - Finished loading mask: 0m 21s
[2026-01-23 19:39:30,637] - [root] - [INFO] - Finished crop and inference: 0m 33s
[2026-01-23 19:39:32,229] - [root] - [INFO] - Analysis finished: 0m 35s
[2026-01-23 19:39:32,229] - [root] - [INFO] - -------------------------------------------
[2026-01-23 19:39:32,229] - [root] - [INFO] - -------------------------------------------
[2026-01-23 19:39:32,229] - [root] - [INFO] - Processing 1-22-2026 5dpi 254-W2021010-352_R2.png
[2026-01-23 19:39:53,729] - [root] - [INFO] - Finished loading mask: 0m 21s
[2026-01-23 19:40:01,441] - [root] - [INFO] - Finished crop and inference: 0m 29s
[2026-01-23 19:40:03,038] - [root] - [INFO] - Analysis finished: 0m 30s
[2026-01-23 19:40:03,038] - [root] - [INFO] - -------------------------------------------
[2026-01-23 19:40:03,039] - [root] - [INFO] - -------------------------------------------
[2026-01-23 19:40:03,039] - [root] - [INFO] - Processing 1-22-2026 5dpi 266-W2021009-193_R1.png
[2026-01-23 19:40:25,007] - [root] - [INFO] - Finished loading mask: 0m 21s
[2026-01-23 19:40:34,121] - [root] - [INFO] - Finished crop and inference: 0m 31s
[2026-01-23 19:40:35,699] - [root] - [INFO] - Analysis finished: 0m 32s
[2026-01-23 19:40:35,700] - [root] - [INFO] - -------------------------------------------
[2026-01-23 19:40:35,700] - [root] - [INFO] - -------------------------------------------
[2026-01-23 19:40:35,700] - [root] - [INFO] - Processing 1-22-2026 5dpi 336-W2021011-506_R2.png
[2026-01-23 19:40:57,080] - [root] - [INFO] - Finished loading mask: 0m 21s
[2026-01-23 19:41:12,289] - [root] - [INFO] - Finished crop and inference: 0m 36s
[2026-01-23 19:41:13,781] - [root] - [INFO] - Analysis finished: 0m 38s
[2026-01-23 19:41:13,781] - [root] - [INFO] - -------------------------------------------
[2026-01-23 19:41:13,790] - [root] - [INFO] - Saved C:\Users\Intel User\Desktop\blackbird_scripts\data\Results\ResNet_upth0.8_downth0.3_Jan22_10-21-00_2026\1-22-2026\th_0.7\severity_rate_tray_5dpi_u0.8_d0.3_ig0.6_sp0.7.csv
             timestamp time_elapsed  ... severity_rate_patch Gradient_sr2
0  2026-01-23 19:32:29       0m 36s  ...               31.47         0.76

[1 rows x 24 columns]
             timestamp time_elapsed  ... severity_rate_patch Gradient_sr2
0  2026-01-23 19:32:29       0m 36s  ...               31.47         0.76
1  2026-01-23 19:33:05       0m 35s  ...               17.45         0.49

[2 rows x 24 columns]
             timestamp time_elapsed  ... severity_rate_patch Gradient_sr2
0  2026-01-23 19:32:29       0m 36s  ...               31.47         0.76
1  2026-01-23 19:33:05       0m 35s  ...               17.45         0.49
2  2026-01-23 19:33:41       0m 32s  ...                0.96         0.02

[3 rows x 24 columns]
             timestamp time_elapsed  ... severity_rate_patch Gradient_sr2
0  2026-01-23 19:32:29       0m 36s  ...               31.47         0.76
1  2026-01-23 19:33:05       0m 35s  ...               17.45         0.49
2  2026-01-23 19:33:41       0m 32s  ...                0.96         0.02
3  2026-01-23 19:34:13       0m 32s  ...                2.17         0.06

[4 rows x 24 columns]
             timestamp time_elapsed  ... severity_rate_patch Gradient_sr2
0  2026-01-23 19:32:29       0m 36s  ...               31.47         0.76
1  2026-01-23 19:33:05       0m 35s  ...               17.45         0.49
2  2026-01-23 19:33:41       0m 32s  ...                0.96         0.02
3  2026-01-23 19:34:13       0m 32s  ...                2.17         0.06
4  2026-01-23 19:34:46       0m 34s  ...               13.64         0.35

[5 rows x 24 columns]
             timestamp time_elapsed  ... severity_rate_patch Gradient_sr2
0  2026-01-23 19:32:29       0m 36s  ...               31.47         0.76
1  2026-01-23 19:33:05       0m 35s  ...               17.45         0.49
2  2026-01-23 19:33:41       0m 32s  ...                0.96         0.02
3  2026-01-23 19:34:13       0m 32s  ...                2.17         0.06
4  2026-01-23 19:34:46       0m 34s  ...               13.64         0.35
5  2026-01-23 19:35:21       0m 32s  ...                0.74         0.02

[6 rows x 24 columns]
             timestamp time_elapsed  ... severity_rate_patch Gradient_sr2
0  2026-01-23 19:32:29       0m 36s  ...               31.47         0.76
1  2026-01-23 19:33:05       0m 35s  ...               17.45         0.49
2  2026-01-23 19:33:41       0m 32s  ...                0.96         0.02
3  2026-01-23 19:34:13       0m 32s  ...                2.17         0.06
4  2026-01-23 19:34:46       0m 34s  ...               13.64         0.35
5  2026-01-23 19:35:21       0m 32s  ...                0.74         0.02
6  2026-01-23 19:35:54       0m 32s  ...                1.97         0.05

[7 rows x 24 columns]
             timestamp time_elapsed  ... severity_rate_patch Gradient_sr2
0  2026-01-23 19:32:29       0m 36s  ...               31.47         0.76
1  2026-01-23 19:33:05       0m 35s  ...               17.45         0.49
2  2026-01-23 19:33:41       0m 32s  ...                0.96         0.02
3  2026-01-23 19:34:13       0m 32s  ...                2.17         0.06
4  2026-01-23 19:34:46       0m 34s  ...               13.64         0.35
5  2026-01-23 19:35:21       0m 32s  ...                0.74         0.02
6  2026-01-23 19:35:54       0m 32s  ...                1.97         0.05
7  2026-01-23 19:36:27       0m 38s  ...               39.34         1.03

[8 rows x 24 columns]
             timestamp time_elapsed  ... severity_rate_patch Gradient_sr2
0  2026-01-23 19:32:29       0m 36s  ...               31.47         0.76
1  2026-01-23 19:33:05       0m 35s  ...               17.45         0.49
2  2026-01-23 19:33:41       0m 32s  ...                0.96         0.02
3  2026-01-23 19:34:13       0m 32s  ...                2.17         0.06
4  2026-01-23 19:34:46       0m 34s  ...               13.64         0.35
5  2026-01-23 19:35:21       0m 32s  ...                0.74         0.02
6  2026-01-23 19:35:54       0m 32s  ...                1.97         0.05
7  2026-01-23 19:36:27       0m 38s  ...               39.34         1.03
8  2026-01-23 19:37:05       0m 33s  ...                8.20         0.20

[9 rows x 24 columns]
             timestamp time_elapsed  ... severity_rate_patch Gradient_sr2
0  2026-01-23 19:32:29       0m 36s  ...               31.47         0.76
1  2026-01-23 19:33:05       0m 35s  ...               17.45         0.49
2  2026-01-23 19:33:41       0m 32s  ...                0.96         0.02
3  2026-01-23 19:34:13       0m 32s  ...                2.17         0.06
4  2026-01-23 19:34:46       0m 34s  ...               13.64         0.35
5  2026-01-23 19:35:21       0m 32s  ...                0.74         0.02
6  2026-01-23 19:35:54       0m 32s  ...                1.97         0.05
7  2026-01-23 19:36:27       0m 38s  ...               39.34         1.03
8  2026-01-23 19:37:05       0m 33s  ...                8.20         0.20
9  2026-01-23 19:37:38       0m 45s  ...               84.32         2.54

[10 rows x 24 columns]
              timestamp time_elapsed  ... severity_rate_patch Gradient_sr2
0   2026-01-23 19:32:29       0m 36s  ...               31.47         0.76
1   2026-01-23 19:33:05       0m 35s  ...               17.45         0.49
2   2026-01-23 19:33:41       0m 32s  ...                0.96         0.02
3   2026-01-23 19:34:13       0m 32s  ...                2.17         0.06
4   2026-01-23 19:34:46       0m 34s  ...               13.64         0.35
5   2026-01-23 19:35:21       0m 32s  ...                0.74         0.02
6   2026-01-23 19:35:54       0m 32s  ...                1.97         0.05
7   2026-01-23 19:36:27       0m 38s  ...               39.34         1.03
8   2026-01-23 19:37:05       0m 33s  ...                8.20         0.20
9   2026-01-23 19:37:38       0m 45s  ...               84.32         2.54
10  2026-01-23 19:38:24       0m 32s  ...                1.18         0.03

[11 rows x 24 columns]
              timestamp time_elapsed  ... severity_rate_patch Gradient_sr2
0   2026-01-23 19:32:29       0m 36s  ...               31.47         0.76
1   2026-01-23 19:33:05       0m 35s  ...               17.45         0.49
2   2026-01-23 19:33:41       0m 32s  ...                0.96         0.02
3   2026-01-23 19:34:13       0m 32s  ...                2.17         0.06
4   2026-01-23 19:34:46       0m 34s  ...               13.64         0.35
5   2026-01-23 19:35:21       0m 32s  ...                0.74         0.02
6   2026-01-23 19:35:54       0m 32s  ...                1.97         0.05
7   2026-01-23 19:36:27       0m 38s  ...               39.34         1.03
8   2026-01-23 19:37:05       0m 33s  ...                8.20         0.20
9   2026-01-23 19:37:38       0m 45s  ...               84.32         2.54
10  2026-01-23 19:38:24       0m 32s  ...                1.18         0.03
11  2026-01-23 19:38:56       0m 35s  ...               19.05         0.53

[12 rows x 24 columns]
              timestamp time_elapsed  ... severity_rate_patch Gradient_sr2
0   2026-01-23 19:32:29       0m 36s  ...               31.47         0.76
1   2026-01-23 19:33:05       0m 35s  ...               17.45         0.49
2   2026-01-23 19:33:41       0m 32s  ...                0.96         0.02
3   2026-01-23 19:34:13       0m 32s  ...                2.17         0.06
4   2026-01-23 19:34:46       0m 34s  ...               13.64         0.35
5   2026-01-23 19:35:21       0m 32s  ...                0.74         0.02
6   2026-01-23 19:35:54       0m 32s  ...                1.97         0.05
7   2026-01-23 19:36:27       0m 38s  ...               39.34         1.03
8   2026-01-23 19:37:05       0m 33s  ...                8.20         0.20
9   2026-01-23 19:37:38       0m 45s  ...               84.32         2.54
10  2026-01-23 19:38:24       0m 32s  ...                1.18         0.03
11  2026-01-23 19:38:56       0m 35s  ...               19.05         0.53
12  2026-01-23 19:39:32       0m 30s  ...                1.44         0.04

[13 rows x 24 columns]
              timestamp time_elapsed  ... severity_rate_patch Gradient_sr2
0   2026-01-23 19:32:29       0m 36s  ...               31.47         0.76
1   2026-01-23 19:33:05       0m 35s  ...               17.45         0.49
2   2026-01-23 19:33:41       0m 32s  ...                0.96         0.02
3   2026-01-23 19:34:13       0m 32s  ...                2.17         0.06
4   2026-01-23 19:34:46       0m 34s  ...               13.64         0.35
5   2026-01-23 19:35:21       0m 32s  ...                0.74         0.02
6   2026-01-23 19:35:54       0m 32s  ...                1.97         0.05
7   2026-01-23 19:36:27       0m 38s  ...               39.34         1.03
8   2026-01-23 19:37:05       0m 33s  ...                8.20         0.20
9   2026-01-23 19:37:38       0m 45s  ...               84.32         2.54
10  2026-01-23 19:38:24       0m 32s  ...                1.18         0.03
11  2026-01-23 19:38:56       0m 35s  ...               19.05         0.53
12  2026-01-23 19:39:32       0m 30s  ...                1.44         0.04
13  2026-01-23 19:40:03       0m 32s  ...                7.04         0.20

[14 rows x 24 columns]
              timestamp time_elapsed  ... severity_rate_patch Gradient_sr2
0   2026-01-23 19:32:29       0m 36s  ...               31.47         0.76
1   2026-01-23 19:33:05       0m 35s  ...               17.45         0.49
2   2026-01-23 19:33:41       0m 32s  ...                0.96         0.02
3   2026-01-23 19:34:13       0m 32s  ...                2.17         0.06
4   2026-01-23 19:34:46       0m 34s  ...               13.64         0.35
5   2026-01-23 19:35:21       0m 32s  ...                0.74         0.02
6   2026-01-23 19:35:54       0m 32s  ...                1.97         0.05
7   2026-01-23 19:36:27       0m 38s  ...               39.34         1.03
8   2026-01-23 19:37:05       0m 33s  ...                8.20         0.20
9   2026-01-23 19:37:38       0m 45s  ...               84.32         2.54
10  2026-01-23 19:38:24       0m 32s  ...                1.18         0.03
11  2026-01-23 19:38:56       0m 35s  ...               19.05         0.53
12  2026-01-23 19:39:32       0m 30s  ...                1.44         0.04
13  2026-01-23 19:40:03       0m 32s  ...                7.04         0.20
14  2026-01-23 19:40:35       0m 38s  ...               43.14         1.18

[15 rows x 24 columns]

real	8m51.735s
user	0m0.000s
sys	0m0.015s
