[2026-01-24 15:35:49,664] - [root] - [INFO] - leaf_correlation_mw.py
[2026-01-24 15:35:49,664] - [root] - [INFO] - model_type       : ResNet
[2026-01-24 15:35:49,665] - [root] - [INFO] - pretrained       : True
[2026-01-24 15:35:49,665] - [root] - [INFO] - loading_epoch    : 65
[2026-01-24 15:35:49,665] - [root] - [INFO] - timestamp        : Jan22_10-21-00_2026
[2026-01-24 15:35:49,665] - [root] - [INFO] - outdim           : 2
[2026-01-24 15:35:49,665] - [root] - [INFO] - dual_head        : True
[2026-01-24 15:35:49,665] - [root] - [INFO] - model_path       : ../..
[2026-01-24 15:35:49,665] - [root] - [INFO] - step_size        : 224
[2026-01-24 15:35:49,665] - [root] - [INFO] - means            : [0.541, 0.6371, 0.4188]
[2026-01-24 15:35:49,665] - [root] - [INFO] - stds             : [0.1764, 0.165, 0.2326]
[2026-01-24 15:35:49,665] - [root] - [INFO] - target_class     : 1
[2026-01-24 15:35:49,665] - [root] - [INFO] - contam_control   : False
[2026-01-24 15:35:49,665] - [root] - [INFO] - spor_th          : 0.7
[2026-01-24 15:35:49,665] - [root] - [INFO] - inf_gate         : 0.3
[2026-01-24 15:35:49,665] - [root] - [INFO] - pm               : HPM-1269
[2026-01-24 15:35:49,665] - [root] - [INFO] - mps              : False
[2026-01-24 15:35:49,665] - [root] - [INFO] - cuda             : True
[2026-01-24 15:35:49,666] - [root] - [INFO] - cuda_id          : 0
[2026-01-24 15:35:49,666] - [root] - [INFO] - sal_threshold    : 0.5
[2026-01-24 15:35:49,666] - [root] - [INFO] - up_threshold     : 0.5
[2026-01-24 15:35:49,666] - [root] - [INFO] - down_threshold   : 0.1
[2026-01-24 15:35:49,666] - [root] - [INFO] - dataset_path     : C:/Users/Intel User/Desktop/blackbird_scripts/data/human_disk_assessments
[2026-01-24 15:35:49,666] - [root] - [INFO] - img_folder       : 1-22-2026
[2026-01-24 15:35:49,666] - [root] - [INFO] - platform         : BlackBird
[2026-01-24 15:35:49,666] - [root] - [INFO] - threshold        : ['0.7']
[2026-01-24 15:35:49,666] - [root] - [INFO] - log              : ../../results/logs/random.log
[2026-01-24 15:35:49,666] - [root] - [INFO] - dpi              : 5
[2026-01-24 15:35:49,666] - [root] - [INFO] - group            : baseline
[2026-01-24 15:35:49,666] - [root] - [INFO] - trays            : ['5dpi']
[2026-01-24 15:35:49,666] - [root] - [INFO] - sal_gradcam      : False
[2026-01-24 15:35:49,666] - [root] - [INFO] - sal_gradient     : True
[2026-01-24 15:35:49,666] - [root] - [INFO] - sal_smoothgrad   : False
[2026-01-24 15:35:49,666] - [root] - [INFO] - sal_deeplift     : False
[2026-01-24 15:35:49,666] - [root] - [INFO] - sal_thresh_method : fixed
[2026-01-24 15:35:49,666] - [root] - [INFO] - sal_thresh_p     : 95.0
[2026-01-24 15:35:50,945] - [root] - [INFO] - -------------------------------------------
[2026-01-24 15:35:50,945] - [root] - [INFO] - Processing 1-22-2026 5dpi 005-W2021011-592_R2.png
[2026-01-24 15:36:07,512] - [root] - [INFO] - Finished loading mask: 0m 16s
[2026-01-24 15:36:19,702] - [root] - [INFO] - Finished crop and inference: 0m 28s
[2026-01-24 15:36:22,271] - [root] - [INFO] - Analysis finished: 0m 31s
[2026-01-24 15:36:22,271] - [root] - [INFO] - -------------------------------------------
[2026-01-24 15:36:22,271] - [root] - [INFO] - -------------------------------------------
[2026-01-24 15:36:22,272] - [root] - [INFO] - Processing 1-22-2026 5dpi 022-W2021009-198_R2.png
[2026-01-24 15:36:39,368] - [root] - [INFO] - Finished loading mask: 0m 17s
[2026-01-24 15:36:54,673] - [root] - [INFO] - Finished crop and inference: 0m 32s
[2026-01-24 15:36:56,673] - [root] - [INFO] - Analysis finished: 0m 34s
[2026-01-24 15:36:56,673] - [root] - [INFO] - -------------------------------------------
[2026-01-24 15:36:56,673] - [root] - [INFO] - -------------------------------------------
[2026-01-24 15:36:56,673] - [root] - [INFO] - Processing 1-22-2026 5dpi 047-W2021011-482_R1.png
[2026-01-24 15:37:14,285] - [root] - [INFO] - Finished loading mask: 0m 17s
[2026-01-24 15:37:30,944] - [root] - [INFO] - Finished crop and inference: 0m 34s
[2026-01-24 15:37:32,805] - [root] - [INFO] - Analysis finished: 0m 36s
[2026-01-24 15:37:32,806] - [root] - [INFO] - -------------------------------------------
[2026-01-24 15:37:32,806] - [root] - [INFO] - -------------------------------------------
[2026-01-24 15:37:32,806] - [root] - [INFO] - Processing 1-22-2026 5dpi 055-W2021010-397_R2.png
[2026-01-24 15:37:51,033] - [root] - [INFO] - Finished loading mask: 0m 18s
[2026-01-24 15:38:02,695] - [root] - [INFO] - Finished crop and inference: 0m 29s
[2026-01-24 15:38:04,507] - [root] - [INFO] - Analysis finished: 0m 31s
[2026-01-24 15:38:04,507] - [root] - [INFO] - -------------------------------------------
[2026-01-24 15:38:04,507] - [root] - [INFO] - -------------------------------------------
[2026-01-24 15:38:04,507] - [root] - [INFO] - Processing 1-22-2026 5dpi 121-W2021009-185_R1.png
[2026-01-24 15:38:24,652] - [root] - [INFO] - Finished loading mask: 0m 20s
[2026-01-24 15:38:34,161] - [root] - [INFO] - Finished crop and inference: 0m 29s
[2026-01-24 15:38:35,577] - [root] - [INFO] - Analysis finished: 0m 31s
[2026-01-24 15:38:35,577] - [root] - [INFO] - -------------------------------------------
[2026-01-24 15:38:35,577] - [root] - [INFO] - -------------------------------------------
[2026-01-24 15:38:35,577] - [root] - [INFO] - Processing 1-22-2026 5dpi 128-W2021006-013_R1.png
[2026-01-24 15:38:55,800] - [root] - [INFO] - Finished loading mask: 0m 20s
[2026-01-24 15:39:14,454] - [root] - [INFO] - Finished crop and inference: 0m 38s
[2026-01-24 15:39:16,303] - [root] - [INFO] - Analysis finished: 0m 40s
[2026-01-24 15:39:16,303] - [root] - [INFO] - -------------------------------------------
[2026-01-24 15:39:16,303] - [root] - [INFO] - -------------------------------------------
[2026-01-24 15:39:16,304] - [root] - [INFO] - Processing 1-22-2026 5dpi 149-W2021010-417_R1.png
[2026-01-24 15:39:44,250] - [root] - [INFO] - Finished loading mask: 0m 27s
[2026-01-24 15:39:55,098] - [root] - [INFO] - Finished crop and inference: 0m 38s
[2026-01-24 15:39:56,515] - [root] - [INFO] - Analysis finished: 0m 40s
[2026-01-24 15:39:56,515] - [root] - [INFO] - -------------------------------------------
[2026-01-24 15:39:56,515] - [root] - [INFO] - -------------------------------------------
[2026-01-24 15:39:56,515] - [root] - [INFO] - Processing 1-22-2026 5dpi 156-W2021009-276_R2.png
[2026-01-24 15:40:20,719] - [root] - [INFO] - Finished loading mask: 0m 24s
[2026-01-24 15:40:31,439] - [root] - [INFO] - Finished crop and inference: 0m 34s
[2026-01-24 15:40:32,831] - [root] - [INFO] - Analysis finished: 0m 36s
[2026-01-24 15:40:32,831] - [root] - [INFO] - -------------------------------------------
[2026-01-24 15:40:32,831] - [root] - [INFO] - -------------------------------------------
[2026-01-24 15:40:32,831] - [root] - [INFO] - Processing 1-22-2026 5dpi 172-W2021011-557_R2.png
[2026-01-24 15:40:57,063] - [root] - [INFO] - Finished loading mask: 0m 24s
[2026-01-24 15:41:08,056] - [root] - [INFO] - Finished crop and inference: 0m 35s
[2026-01-24 15:41:09,512] - [root] - [INFO] - Analysis finished: 0m 36s
[2026-01-24 15:41:09,512] - [root] - [INFO] - -------------------------------------------
[2026-01-24 15:41:09,513] - [root] - [INFO] - -------------------------------------------
[2026-01-24 15:41:09,513] - [root] - [INFO] - Processing 1-22-2026 5dpi 180-W2021011-476_R2.png
[2026-01-24 15:41:33,851] - [root] - [INFO] - Finished loading mask: 0m 24s
[2026-01-24 15:41:54,038] - [root] - [INFO] - Finished crop and inference: 0m 44s
[2026-01-24 15:41:55,937] - [root] - [INFO] - Analysis finished: 0m 46s
[2026-01-24 15:41:55,937] - [root] - [INFO] - -------------------------------------------
[2026-01-24 15:41:55,937] - [root] - [INFO] - -------------------------------------------
[2026-01-24 15:41:55,937] - [root] - [INFO] - Processing 1-22-2026 5dpi 183-W2021009-295_R1.png
[2026-01-24 15:42:21,427] - [root] - [INFO] - Finished loading mask: 0m 25s
[2026-01-24 15:42:30,218] - [root] - [INFO] - Finished crop and inference: 0m 34s
[2026-01-24 15:42:31,786] - [root] - [INFO] - Analysis finished: 0m 35s
[2026-01-24 15:42:31,786] - [root] - [INFO] - -------------------------------------------
[2026-01-24 15:42:31,786] - [root] - [INFO] - -------------------------------------------
[2026-01-24 15:42:31,786] - [root] - [INFO] - Processing 1-22-2026 5dpi 187-W2021010-348_R2.png
[2026-01-24 15:42:55,547] - [root] - [INFO] - Finished loading mask: 0m 23s
[2026-01-24 15:43:17,145] - [root] - [INFO] - Finished crop and inference: 0m 45s
[2026-01-24 15:43:19,036] - [root] - [INFO] - Analysis finished: 0m 47s
[2026-01-24 15:43:19,036] - [root] - [INFO] - -------------------------------------------
[2026-01-24 15:43:19,036] - [root] - [INFO] - -------------------------------------------
[2026-01-24 15:43:19,037] - [root] - [INFO] - Processing 1-22-2026 5dpi 206-W2021010-344_R1.png
[2026-01-24 15:43:44,614] - [root] - [INFO] - Finished loading mask: 0m 25s
[2026-01-24 15:43:53,871] - [root] - [INFO] - Finished crop and inference: 0m 34s
[2026-01-24 15:43:55,526] - [root] - [INFO] - Analysis finished: 0m 36s
[2026-01-24 15:43:55,526] - [root] - [INFO] - -------------------------------------------
[2026-01-24 15:43:55,526] - [root] - [INFO] - -------------------------------------------
[2026-01-24 15:43:55,526] - [root] - [INFO] - Processing 1-22-2026 5dpi 208-W2021009-268_R2.png
[2026-01-24 15:44:15,090] - [root] - [INFO] - Finished loading mask: 0m 19s
[2026-01-24 15:44:29,682] - [root] - [INFO] - Finished crop and inference: 0m 34s
[2026-01-24 15:44:31,495] - [root] - [INFO] - Analysis finished: 0m 35s
[2026-01-24 15:44:31,496] - [root] - [INFO] - -------------------------------------------
[2026-01-24 15:44:31,496] - [root] - [INFO] - -------------------------------------------
[2026-01-24 15:44:31,496] - [root] - [INFO] - Processing 1-22-2026 5dpi 254-W2021010-352_R2.png
[2026-01-24 15:44:58,699] - [root] - [INFO] - Finished loading mask: 0m 27s
[2026-01-24 15:45:06,676] - [root] - [INFO] - Finished crop and inference: 0m 35s
[2026-01-24 15:45:08,222] - [root] - [INFO] - Analysis finished: 0m 36s
[2026-01-24 15:45:08,222] - [root] - [INFO] - -------------------------------------------
[2026-01-24 15:45:08,243] - [root] - [INFO] - Saved C:\Users\Intel User\Desktop\blackbird_scripts\data\Results\ResNet_upth0.5_downth0.1_Jan22_10-21-00_2026\1-22-2026\th_0.7\severity_rate_tray_5dpi_u0.5_d0.1_ig0.3_sp0.7_20260124_154431.csv
             timestamp time_elapsed  ... severity_rate_patch Gradient_sr2
0  2026-01-24 15:35:50       0m 31s  ...                0.85         0.02

[1 rows x 26 columns]
             timestamp time_elapsed  ... severity_rate_patch Gradient_sr2
0  2026-01-24 15:35:50       0m 31s  ...                0.85         0.02
1  2026-01-24 15:36:22       0m 34s  ...               23.31         0.57

[2 rows x 26 columns]
             timestamp time_elapsed  ... severity_rate_patch Gradient_sr2
0  2026-01-24 15:35:50       0m 31s  ...                0.85         0.02
1  2026-01-24 15:36:22       0m 34s  ...               23.31         0.57
2  2026-01-24 15:36:56       0m 36s  ...               42.93         1.20

[3 rows x 26 columns]
             timestamp time_elapsed  ... severity_rate_patch Gradient_sr2
0  2026-01-24 15:35:50       0m 31s  ...                0.85         0.02
1  2026-01-24 15:36:22       0m 34s  ...               23.31         0.57
2  2026-01-24 15:36:56       0m 36s  ...               42.93         1.20
3  2026-01-24 15:37:32       0m 31s  ...               13.23         0.35

[4 rows x 26 columns]
             timestamp time_elapsed  ... severity_rate_patch Gradient_sr2
0  2026-01-24 15:35:50       0m 31s  ...                0.85         0.02
1  2026-01-24 15:36:22       0m 34s  ...               23.31         0.57
2  2026-01-24 15:36:56       0m 36s  ...               42.93         1.20
3  2026-01-24 15:37:32       0m 31s  ...               13.23         0.35
4  2026-01-24 15:38:04       0m 31s  ...               12.20         0.32

[5 rows x 26 columns]
             timestamp time_elapsed  ... severity_rate_patch Gradient_sr2
0  2026-01-24 15:35:50       0m 31s  ...                0.85         0.02
1  2026-01-24 15:36:22       0m 34s  ...               23.31         0.57
2  2026-01-24 15:36:56       0m 36s  ...               42.93         1.20
3  2026-01-24 15:37:32       0m 31s  ...               13.23         0.35
4  2026-01-24 15:38:04       0m 31s  ...               12.20         0.32
5  2026-01-24 15:38:35       0m 40s  ...               78.21         2.10

[6 rows x 26 columns]
             timestamp time_elapsed  ... severity_rate_patch Gradient_sr2
0  2026-01-24 15:35:50       0m 31s  ...                0.85         0.02
1  2026-01-24 15:36:22       0m 34s  ...               23.31         0.57
2  2026-01-24 15:36:56       0m 36s  ...               42.93         1.20
3  2026-01-24 15:37:32       0m 31s  ...               13.23         0.35
4  2026-01-24 15:38:04       0m 31s  ...               12.20         0.32
5  2026-01-24 15:38:35       0m 40s  ...               78.21         2.10
6  2026-01-24 15:39:16       0m 40s  ...               13.53         0.37

[7 rows x 26 columns]
             timestamp time_elapsed  ... severity_rate_patch Gradient_sr2
0  2026-01-24 15:35:50       0m 31s  ...                0.85         0.02
1  2026-01-24 15:36:22       0m 34s  ...               23.31         0.57
2  2026-01-24 15:36:56       0m 36s  ...               42.93         1.20
3  2026-01-24 15:37:32       0m 31s  ...               13.23         0.35
4  2026-01-24 15:38:04       0m 31s  ...               12.20         0.32
5  2026-01-24 15:38:35       0m 40s  ...               78.21         2.10
6  2026-01-24 15:39:16       0m 40s  ...               13.53         0.37
7  2026-01-24 15:39:56       0m 36s  ...                8.43         0.21

[8 rows x 26 columns]
             timestamp time_elapsed  ... severity_rate_patch Gradient_sr2
0  2026-01-24 15:35:50       0m 31s  ...                0.85         0.02
1  2026-01-24 15:36:22       0m 34s  ...               23.31         0.57
2  2026-01-24 15:36:56       0m 36s  ...               42.93         1.20
3  2026-01-24 15:37:32       0m 31s  ...               13.23         0.35
4  2026-01-24 15:38:04       0m 31s  ...               12.20         0.32
5  2026-01-24 15:38:35       0m 40s  ...               78.21         2.10
6  2026-01-24 15:39:16       0m 40s  ...               13.53         0.37
7  2026-01-24 15:39:56       0m 36s  ...                8.43         0.21
8  2026-01-24 15:40:32       0m 36s  ...                9.39         0.26

[9 rows x 26 columns]
             timestamp time_elapsed  ... severity_rate_patch Gradient_sr2
0  2026-01-24 15:35:50       0m 31s  ...                0.85         0.02
1  2026-01-24 15:36:22       0m 34s  ...               23.31         0.57
2  2026-01-24 15:36:56       0m 36s  ...               42.93         1.20
3  2026-01-24 15:37:32       0m 31s  ...               13.23         0.35
4  2026-01-24 15:38:04       0m 31s  ...               12.20         0.32
5  2026-01-24 15:38:35       0m 40s  ...               78.21         2.10
6  2026-01-24 15:39:16       0m 40s  ...               13.53         0.37
7  2026-01-24 15:39:56       0m 36s  ...                8.43         0.21
8  2026-01-24 15:40:32       0m 36s  ...                9.39         0.26
9  2026-01-24 15:41:09       0m 46s  ...               79.50         2.15

[10 rows x 26 columns]
              timestamp time_elapsed  ... severity_rate_patch Gradient_sr2
0   2026-01-24 15:35:50       0m 31s  ...                0.85         0.02
1   2026-01-24 15:36:22       0m 34s  ...               23.31         0.57
2   2026-01-24 15:36:56       0m 36s  ...               42.93         1.20
3   2026-01-24 15:37:32       0m 31s  ...               13.23         0.35
4   2026-01-24 15:38:04       0m 31s  ...               12.20         0.32
5   2026-01-24 15:38:35       0m 40s  ...               78.21         2.10
6   2026-01-24 15:39:16       0m 40s  ...               13.53         0.37
7   2026-01-24 15:39:56       0m 36s  ...                8.43         0.21
8   2026-01-24 15:40:32       0m 36s  ...                9.39         0.26
9   2026-01-24 15:41:09       0m 46s  ...               79.50         2.15
10  2026-01-24 15:41:55       0m 35s  ...                6.98         0.17

[11 rows x 26 columns]
              timestamp time_elapsed  ... severity_rate_patch Gradient_sr2
0   2026-01-24 15:35:50       0m 31s  ...                0.85         0.02
1   2026-01-24 15:36:22       0m 34s  ...               23.31         0.57
2   2026-01-24 15:36:56       0m 36s  ...               42.93         1.20
3   2026-01-24 15:37:32       0m 31s  ...               13.23         0.35
4   2026-01-24 15:38:04       0m 31s  ...               12.20         0.32
5   2026-01-24 15:38:35       0m 40s  ...               78.21         2.10
6   2026-01-24 15:39:16       0m 40s  ...               13.53         0.37
7   2026-01-24 15:39:56       0m 36s  ...                8.43         0.21
8   2026-01-24 15:40:32       0m 36s  ...                9.39         0.26
9   2026-01-24 15:41:09       0m 46s  ...               79.50         2.15
10  2026-01-24 15:41:55       0m 35s  ...                6.98         0.17
11  2026-01-24 15:42:31       0m 47s  ...               85.69         2.55

[12 rows x 26 columns]
              timestamp time_elapsed  ... severity_rate_patch Gradient_sr2
0   2026-01-24 15:35:50       0m 31s  ...                0.85         0.02
1   2026-01-24 15:36:22       0m 34s  ...               23.31         0.57
2   2026-01-24 15:36:56       0m 36s  ...               42.93         1.20
3   2026-01-24 15:37:32       0m 31s  ...               13.23         0.35
4   2026-01-24 15:38:04       0m 31s  ...               12.20         0.32
5   2026-01-24 15:38:35       0m 40s  ...               78.21         2.10
6   2026-01-24 15:39:16       0m 40s  ...               13.53         0.37
7   2026-01-24 15:39:56       0m 36s  ...                8.43         0.21
8   2026-01-24 15:40:32       0m 36s  ...                9.39         0.26
9   2026-01-24 15:41:09       0m 46s  ...               79.50         2.15
10  2026-01-24 15:41:55       0m 35s  ...                6.98         0.17
11  2026-01-24 15:42:31       0m 47s  ...               85.69         2.55
12  2026-01-24 15:43:19       0m 36s  ...                6.70         0.18

[13 rows x 26 columns]
              timestamp time_elapsed  ... severity_rate_patch Gradient_sr2
0   2026-01-24 15:35:50       0m 31s  ...                0.85         0.02
1   2026-01-24 15:36:22       0m 34s  ...               23.31         0.57
2   2026-01-24 15:36:56       0m 36s  ...               42.93         1.20
3   2026-01-24 15:37:32       0m 31s  ...               13.23         0.35
4   2026-01-24 15:38:04       0m 31s  ...               12.20         0.32
5   2026-01-24 15:38:35       0m 40s  ...               78.21         2.10
6   2026-01-24 15:39:16       0m 40s  ...               13.53         0.37
7   2026-01-24 15:39:56       0m 36s  ...                8.43         0.21
8   2026-01-24 15:40:32       0m 36s  ...                9.39         0.26
9   2026-01-24 15:41:09       0m 46s  ...               79.50         2.15
10  2026-01-24 15:41:55       0m 35s  ...                6.98         0.17
11  2026-01-24 15:42:31       0m 47s  ...               85.69         2.55
12  2026-01-24 15:43:19       0m 36s  ...                6.70         0.18
13  2026-01-24 15:43:55       0m 35s  ...               32.39         0.79

[14 rows x 26 columns]
              timestamp time_elapsed  ... severity_rate_patch Gradient_sr2
0   2026-01-24 15:35:50       0m 31s  ...                0.85         0.02
1   2026-01-24 15:36:22       0m 34s  ...               23.31         0.57
2   2026-01-24 15:36:56       0m 36s  ...               42.93         1.20
3   2026-01-24 15:37:32       0m 31s  ...               13.23         0.35
4   2026-01-24 15:38:04       0m 31s  ...               12.20         0.32
5   2026-01-24 15:38:35       0m 40s  ...               78.21         2.10
6   2026-01-24 15:39:16       0m 40s  ...               13.53         0.37
7   2026-01-24 15:39:56       0m 36s  ...                8.43         0.21
8   2026-01-24 15:40:32       0m 36s  ...                9.39         0.26
9   2026-01-24 15:41:09       0m 46s  ...               79.50         2.15
10  2026-01-24 15:41:55       0m 35s  ...                6.98         0.17
11  2026-01-24 15:42:31       0m 47s  ...               85.69         2.55
12  2026-01-24 15:43:19       0m 36s  ...                6.70         0.18
13  2026-01-24 15:43:55       0m 35s  ...               32.39         0.79
14  2026-01-24 15:44:31       0m 36s  ...                2.56         0.07

[15 rows x 26 columns]

real	9m25.400s
user	0m0.000s
sys	0m0.015s
