[2026-01-23 20:22:56,636] - [root] - [INFO] - leaf_correlation_mw.py
[2026-01-23 20:22:56,637] - [root] - [INFO] - model_type       : ResNet
[2026-01-23 20:22:56,637] - [root] - [INFO] - pretrained       : True
[2026-01-23 20:22:56,637] - [root] - [INFO] - loading_epoch    : 65
[2026-01-23 20:22:56,637] - [root] - [INFO] - timestamp        : Jan22_10-21-00_2026
[2026-01-23 20:22:56,637] - [root] - [INFO] - outdim           : 2
[2026-01-23 20:22:56,637] - [root] - [INFO] - dual_head        : True
[2026-01-23 20:22:56,637] - [root] - [INFO] - model_path       : ../..
[2026-01-23 20:22:56,637] - [root] - [INFO] - step_size        : 224
[2026-01-23 20:22:56,637] - [root] - [INFO] - means            : [0.541, 0.6371, 0.4188]
[2026-01-23 20:22:56,637] - [root] - [INFO] - stds             : [0.1764, 0.165, 0.2326]
[2026-01-23 20:22:56,637] - [root] - [INFO] - target_class     : 1
[2026-01-23 20:22:56,638] - [root] - [INFO] - contam_control   : False
[2026-01-23 20:22:56,638] - [root] - [INFO] - spor_th          : 0.7
[2026-01-23 20:22:56,638] - [root] - [INFO] - inf_gate         : 0.6
[2026-01-23 20:22:56,638] - [root] - [INFO] - pm               : HPM-1269
[2026-01-23 20:22:56,638] - [root] - [INFO] - mps              : False
[2026-01-23 20:22:56,638] - [root] - [INFO] - cuda             : True
[2026-01-23 20:22:56,638] - [root] - [INFO] - cuda_id          : 0
[2026-01-23 20:22:56,638] - [root] - [INFO] - sal_threshold    : 0.5
[2026-01-23 20:22:56,638] - [root] - [INFO] - up_threshold     : 0.9
[2026-01-23 20:22:56,638] - [root] - [INFO] - down_threshold   : 0.1
[2026-01-23 20:22:56,638] - [root] - [INFO] - dataset_path     : C:/Users/Intel User/Desktop/blackbird_scripts/data/human_disk_assessments
[2026-01-23 20:22:56,638] - [root] - [INFO] - img_folder       : 1-22-2026
[2026-01-23 20:22:56,638] - [root] - [INFO] - platform         : BlackBird
[2026-01-23 20:22:56,638] - [root] - [INFO] - threshold        : ['0.7']
[2026-01-23 20:22:56,638] - [root] - [INFO] - log              : ../../results/logs/random.log
[2026-01-23 20:22:56,638] - [root] - [INFO] - dpi              : 10
[2026-01-23 20:22:56,638] - [root] - [INFO] - group            : baseline
[2026-01-23 20:22:56,638] - [root] - [INFO] - trays            : ['10dpi']
[2026-01-23 20:22:56,638] - [root] - [INFO] - sal_gradcam      : False
[2026-01-23 20:22:56,638] - [root] - [INFO] - sal_gradient     : True
[2026-01-23 20:22:56,638] - [root] - [INFO] - sal_smoothgrad   : False
[2026-01-23 20:22:56,639] - [root] - [INFO] - sal_deeplift     : False
[2026-01-23 20:22:56,639] - [root] - [INFO] - sal_thresh_method : fixed
[2026-01-23 20:22:56,639] - [root] - [INFO] - sal_thresh_p     : 95.0
[2026-01-23 20:22:57,453] - [root] - [INFO] - -------------------------------------------
[2026-01-23 20:22:57,453] - [root] - [INFO] - Processing 1-22-2026 10dpi 013-W2021011-633_R2.png
[2026-01-23 20:23:14,724] - [root] - [INFO] - Finished loading mask: 0m 17s
[2026-01-23 20:23:27,522] - [root] - [INFO] - Finished crop and inference: 0m 30s
[2026-01-23 20:23:28,865] - [root] - [INFO] - Analysis finished: 0m 31s
[2026-01-23 20:23:28,866] - [root] - [INFO] - -------------------------------------------
[2026-01-23 20:23:28,866] - [root] - [INFO] - -------------------------------------------
[2026-01-23 20:23:28,866] - [root] - [INFO] - Processing 1-22-2026 10dpi 026-W2021010-346_R2.png
[2026-01-23 20:23:46,274] - [root] - [INFO] - Finished loading mask: 0m 17s
[2026-01-23 20:23:55,246] - [root] - [INFO] - Finished crop and inference: 0m 26s
[2026-01-23 20:23:56,694] - [root] - [INFO] - Analysis finished: 0m 27s
[2026-01-23 20:23:56,694] - [root] - [INFO] - -------------------------------------------
[2026-01-23 20:23:56,694] - [root] - [INFO] - -------------------------------------------
[2026-01-23 20:23:56,695] - [root] - [INFO] - Processing 1-22-2026 10dpi 042-W2021006-015_R1.png
[2026-01-23 20:24:13,979] - [root] - [INFO] - Finished loading mask: 0m 17s
[2026-01-23 20:24:25,029] - [root] - [INFO] - Finished crop and inference: 0m 28s
[2026-01-23 20:24:26,514] - [root] - [INFO] - Analysis finished: 0m 29s
[2026-01-23 20:24:26,514] - [root] - [INFO] - -------------------------------------------
[2026-01-23 20:24:26,514] - [root] - [INFO] - -------------------------------------------
[2026-01-23 20:24:26,514] - [root] - [INFO] - Processing 1-22-2026 10dpi 057-W2021011-504_R2.png
[2026-01-23 20:24:43,560] - [root] - [INFO] - Finished loading mask: 0m 17s
[2026-01-23 20:24:51,938] - [root] - [INFO] - Finished crop and inference: 0m 25s
[2026-01-23 20:24:53,408] - [root] - [INFO] - Analysis finished: 0m 26s
[2026-01-23 20:24:53,408] - [root] - [INFO] - -------------------------------------------
[2026-01-23 20:24:53,408] - [root] - [INFO] - -------------------------------------------
[2026-01-23 20:24:53,408] - [root] - [INFO] - Processing 1-22-2026 10dpi 069-W2021011-574_R1.png
[2026-01-23 20:25:10,266] - [root] - [INFO] - Finished loading mask: 0m 16s
[2026-01-23 20:25:20,368] - [root] - [INFO] - Finished crop and inference: 0m 26s
[2026-01-23 20:25:21,865] - [root] - [INFO] - Analysis finished: 0m 28s
[2026-01-23 20:25:21,865] - [root] - [INFO] - -------------------------------------------
[2026-01-23 20:25:21,865] - [root] - [INFO] - -------------------------------------------
[2026-01-23 20:25:21,865] - [root] - [INFO] - Processing 1-22-2026 10dpi 095-W2021009-283_R1.png
[2026-01-23 20:25:39,616] - [root] - [INFO] - Finished loading mask: 0m 17s
[2026-01-23 20:25:47,714] - [root] - [INFO] - Finished crop and inference: 0m 25s
[2026-01-23 20:25:49,268] - [root] - [INFO] - Analysis finished: 0m 27s
[2026-01-23 20:25:49,268] - [root] - [INFO] - -------------------------------------------
[2026-01-23 20:25:49,268] - [root] - [INFO] - -------------------------------------------
[2026-01-23 20:25:49,268] - [root] - [INFO] - Processing 1-22-2026 10dpi 103-W2021011-591_R2.png
[2026-01-23 20:26:06,735] - [root] - [INFO] - Finished loading mask: 0m 17s
[2026-01-23 20:26:22,476] - [root] - [INFO] - Finished crop and inference: 0m 33s
[2026-01-23 20:26:24,023] - [root] - [INFO] - Analysis finished: 0m 34s
[2026-01-23 20:26:24,024] - [root] - [INFO] - -------------------------------------------
[2026-01-23 20:26:24,024] - [root] - [INFO] - -------------------------------------------
[2026-01-23 20:26:24,024] - [root] - [INFO] - Processing 1-22-2026 10dpi 115-W2021011-638_R1.png
[2026-01-23 20:26:41,096] - [root] - [INFO] - Finished loading mask: 0m 17s
[2026-01-23 20:26:57,935] - [root] - [INFO] - Finished crop and inference: 0m 33s
[2026-01-23 20:26:59,448] - [root] - [INFO] - Analysis finished: 0m 35s
[2026-01-23 20:26:59,449] - [root] - [INFO] - -------------------------------------------
[2026-01-23 20:26:59,449] - [root] - [INFO] - -------------------------------------------
[2026-01-23 20:26:59,449] - [root] - [INFO] - Processing 1-22-2026 10dpi 124-W2021009-278_R1.png
[2026-01-23 20:27:16,660] - [root] - [INFO] - Finished loading mask: 0m 17s
[2026-01-23 20:27:31,624] - [root] - [INFO] - Finished crop and inference: 0m 32s
[2026-01-23 20:27:33,140] - [root] - [INFO] - Analysis finished: 0m 33s
[2026-01-23 20:27:33,140] - [root] - [INFO] - -------------------------------------------
[2026-01-23 20:27:33,140] - [root] - [INFO] - -------------------------------------------
[2026-01-23 20:27:33,140] - [root] - [INFO] - Processing 1-22-2026 10dpi 162-W2021011-551_R2.png
[2026-01-23 20:27:49,336] - [root] - [INFO] - Finished loading mask: 0m 16s
[2026-01-23 20:28:10,465] - [root] - [INFO] - Finished crop and inference: 0m 37s
[2026-01-23 20:28:11,991] - [root] - [INFO] - Analysis finished: 0m 38s
[2026-01-23 20:28:11,991] - [root] - [INFO] - -------------------------------------------
[2026-01-23 20:28:11,991] - [root] - [INFO] - -------------------------------------------
[2026-01-23 20:28:11,991] - [root] - [INFO] - Processing 1-22-2026 10dpi 172-W2021009-156_R2.png
[2026-01-23 20:28:29,076] - [root] - [INFO] - Finished loading mask: 0m 17s
[2026-01-23 20:28:37,012] - [root] - [INFO] - Finished crop and inference: 0m 25s
[2026-01-23 20:28:38,496] - [root] - [INFO] - Analysis finished: 0m 26s
[2026-01-23 20:28:38,496] - [root] - [INFO] - -------------------------------------------
[2026-01-23 20:28:38,496] - [root] - [INFO] - -------------------------------------------
[2026-01-23 20:28:38,496] - [root] - [INFO] - Processing 1-22-2026 10dpi 182-W2021009-251_R1.png
[2026-01-23 20:28:55,839] - [root] - [INFO] - Finished loading mask: 0m 17s
[2026-01-23 20:29:05,423] - [root] - [INFO] - Finished crop and inference: 0m 26s
[2026-01-23 20:29:06,931] - [root] - [INFO] - Analysis finished: 0m 28s
[2026-01-23 20:29:06,931] - [root] - [INFO] - -------------------------------------------
[2026-01-23 20:29:06,931] - [root] - [INFO] - -------------------------------------------
[2026-01-23 20:29:06,931] - [root] - [INFO] - Processing 1-22-2026 10dpi 194-W2021010-339_R2.png
[2026-01-23 20:29:25,194] - [root] - [INFO] - Finished loading mask: 0m 18s
[2026-01-23 20:29:33,956] - [root] - [INFO] - Finished crop and inference: 0m 27s
[2026-01-23 20:29:35,473] - [root] - [INFO] - Analysis finished: 0m 28s
[2026-01-23 20:29:35,473] - [root] - [INFO] - -------------------------------------------
[2026-01-23 20:29:35,473] - [root] - [INFO] - -------------------------------------------
[2026-01-23 20:29:35,473] - [root] - [INFO] - Processing 1-22-2026 10dpi 215-W2021006-045_R1.png
[2026-01-23 20:29:52,267] - [root] - [INFO] - Finished loading mask: 0m 16s
[2026-01-23 20:30:12,524] - [root] - [INFO] - Finished crop and inference: 0m 37s
[2026-01-23 20:30:14,003] - [root] - [INFO] - Analysis finished: 0m 38s
[2026-01-23 20:30:14,003] - [root] - [INFO] - -------------------------------------------
[2026-01-23 20:30:14,003] - [root] - [INFO] - -------------------------------------------
[2026-01-23 20:30:14,003] - [root] - [INFO] - Processing 1-22-2026 10dpi 262-W2021009-187_R2.png
[2026-01-23 20:30:29,514] - [root] - [INFO] - Finished loading mask: 0m 15s
[2026-01-23 20:30:50,553] - [root] - [INFO] - Finished crop and inference: 0m 36s
[2026-01-23 20:30:51,993] - [root] - [INFO] - Analysis finished: 0m 37s
[2026-01-23 20:30:51,993] - [root] - [INFO] - -------------------------------------------
[2026-01-23 20:30:51,999] - [root] - [INFO] - Saved C:\Users\Intel User\Desktop\blackbird_scripts\data\Results\ResNet_upth0.9_downth0.1_Jan22_10-21-00_2026\1-22-2026\th_0.7\severity_rate_tray_10dpi_u0.9_d0.1_ig0.6_sp0.7.csv
             timestamp time_elapsed  ... severity_rate_patch Gradient_sr2
0  2026-01-23 20:22:57       0m 31s  ...               30.13         0.79

[1 rows x 24 columns]
             timestamp time_elapsed  ... severity_rate_patch Gradient_sr2
0  2026-01-23 20:22:57       0m 31s  ...               30.13         0.79
1  2026-01-23 20:23:28       0m 27s  ...                0.14         0.00

[2 rows x 24 columns]
             timestamp time_elapsed  ... severity_rate_patch Gradient_sr2
0  2026-01-23 20:22:57       0m 31s  ...               30.13         0.79
1  2026-01-23 20:23:28       0m 27s  ...                0.14         0.00
2  2026-01-23 20:23:56       0m 29s  ...               22.77         0.56

[3 rows x 24 columns]
             timestamp time_elapsed  ... severity_rate_patch Gradient_sr2
0  2026-01-23 20:22:57       0m 31s  ...               30.13         0.79
1  2026-01-23 20:23:28       0m 27s  ...                0.14         0.00
2  2026-01-23 20:23:56       0m 29s  ...               22.77         0.56
3  2026-01-23 20:24:26       0m 26s  ...                1.50         0.04

[4 rows x 24 columns]
             timestamp time_elapsed  ... severity_rate_patch Gradient_sr2
0  2026-01-23 20:22:57       0m 31s  ...               30.13         0.79
1  2026-01-23 20:23:28       0m 27s  ...                0.14         0.00
2  2026-01-23 20:23:56       0m 29s  ...               22.77         0.56
3  2026-01-23 20:24:26       0m 26s  ...                1.50         0.04
4  2026-01-23 20:24:53       0m 28s  ...               13.59         0.39

[5 rows x 24 columns]
             timestamp time_elapsed  ... severity_rate_patch Gradient_sr2
0  2026-01-23 20:22:57       0m 31s  ...               30.13         0.79
1  2026-01-23 20:23:28       0m 27s  ...                0.14         0.00
2  2026-01-23 20:23:56       0m 29s  ...               22.77         0.56
3  2026-01-23 20:24:26       0m 26s  ...                1.50         0.04
4  2026-01-23 20:24:53       0m 28s  ...               13.59         0.39
5  2026-01-23 20:25:21       0m 27s  ...                5.30         0.12

[6 rows x 24 columns]
             timestamp time_elapsed  ... severity_rate_patch Gradient_sr2
0  2026-01-23 20:22:57       0m 31s  ...               30.13         0.79
1  2026-01-23 20:23:28       0m 27s  ...                0.14         0.00
2  2026-01-23 20:23:56       0m 29s  ...               22.77         0.56
3  2026-01-23 20:24:26       0m 26s  ...                1.50         0.04
4  2026-01-23 20:24:53       0m 28s  ...               13.59         0.39
5  2026-01-23 20:25:21       0m 27s  ...                5.30         0.12
6  2026-01-23 20:25:49       0m 34s  ...               50.73         1.42

[7 rows x 24 columns]
             timestamp time_elapsed  ... severity_rate_patch Gradient_sr2
0  2026-01-23 20:22:57       0m 31s  ...               30.13         0.79
1  2026-01-23 20:23:28       0m 27s  ...                0.14         0.00
2  2026-01-23 20:23:56       0m 29s  ...               22.77         0.56
3  2026-01-23 20:24:26       0m 26s  ...                1.50         0.04
4  2026-01-23 20:24:53       0m 28s  ...               13.59         0.39
5  2026-01-23 20:25:21       0m 27s  ...                5.30         0.12
6  2026-01-23 20:25:49       0m 34s  ...               50.73         1.42
7  2026-01-23 20:26:24       0m 35s  ...               57.98         1.46

[8 rows x 24 columns]
             timestamp time_elapsed  ... severity_rate_patch Gradient_sr2
0  2026-01-23 20:22:57       0m 31s  ...               30.13         0.79
1  2026-01-23 20:23:28       0m 27s  ...                0.14         0.00
2  2026-01-23 20:23:56       0m 29s  ...               22.77         0.56
3  2026-01-23 20:24:26       0m 26s  ...                1.50         0.04
4  2026-01-23 20:24:53       0m 28s  ...               13.59         0.39
5  2026-01-23 20:25:21       0m 27s  ...                5.30         0.12
6  2026-01-23 20:25:49       0m 34s  ...               50.73         1.42
7  2026-01-23 20:26:24       0m 35s  ...               57.98         1.46
8  2026-01-23 20:26:59       0m 33s  ...               45.03         1.24

[9 rows x 24 columns]
             timestamp time_elapsed  ... severity_rate_patch Gradient_sr2
0  2026-01-23 20:22:57       0m 31s  ...               30.13         0.79
1  2026-01-23 20:23:28       0m 27s  ...                0.14         0.00
2  2026-01-23 20:23:56       0m 29s  ...               22.77         0.56
3  2026-01-23 20:24:26       0m 26s  ...                1.50         0.04
4  2026-01-23 20:24:53       0m 28s  ...               13.59         0.39
5  2026-01-23 20:25:21       0m 27s  ...                5.30         0.12
6  2026-01-23 20:25:49       0m 34s  ...               50.73         1.42
7  2026-01-23 20:26:24       0m 35s  ...               57.98         1.46
8  2026-01-23 20:26:59       0m 33s  ...               45.03         1.24
9  2026-01-23 20:27:33       0m 38s  ...               84.09         2.32

[10 rows x 24 columns]
              timestamp time_elapsed  ... severity_rate_patch Gradient_sr2
0   2026-01-23 20:22:57       0m 31s  ...               30.13         0.79
1   2026-01-23 20:23:28       0m 27s  ...                0.14         0.00
2   2026-01-23 20:23:56       0m 29s  ...               22.77         0.56
3   2026-01-23 20:24:26       0m 26s  ...                1.50         0.04
4   2026-01-23 20:24:53       0m 28s  ...               13.59         0.39
5   2026-01-23 20:25:21       0m 27s  ...                5.30         0.12
6   2026-01-23 20:25:49       0m 34s  ...               50.73         1.42
7   2026-01-23 20:26:24       0m 35s  ...               57.98         1.46
8   2026-01-23 20:26:59       0m 33s  ...               45.03         1.24
9   2026-01-23 20:27:33       0m 38s  ...               84.09         2.32
10  2026-01-23 20:28:11       0m 26s  ...                6.38         0.16

[11 rows x 24 columns]
              timestamp time_elapsed  ... severity_rate_patch Gradient_sr2
0   2026-01-23 20:22:57       0m 31s  ...               30.13         0.79
1   2026-01-23 20:23:28       0m 27s  ...                0.14         0.00
2   2026-01-23 20:23:56       0m 29s  ...               22.77         0.56
3   2026-01-23 20:24:26       0m 26s  ...                1.50         0.04
4   2026-01-23 20:24:53       0m 28s  ...               13.59         0.39
5   2026-01-23 20:25:21       0m 27s  ...                5.30         0.12
6   2026-01-23 20:25:49       0m 34s  ...               50.73         1.42
7   2026-01-23 20:26:24       0m 35s  ...               57.98         1.46
8   2026-01-23 20:26:59       0m 33s  ...               45.03         1.24
9   2026-01-23 20:27:33       0m 38s  ...               84.09         2.32
10  2026-01-23 20:28:11       0m 26s  ...                6.38         0.16
11  2026-01-23 20:28:38       0m 28s  ...                6.39         0.16

[12 rows x 24 columns]
              timestamp time_elapsed  ... severity_rate_patch Gradient_sr2
0   2026-01-23 20:22:57       0m 31s  ...               30.13         0.79
1   2026-01-23 20:23:28       0m 27s  ...                0.14         0.00
2   2026-01-23 20:23:56       0m 29s  ...               22.77         0.56
3   2026-01-23 20:24:26       0m 26s  ...                1.50         0.04
4   2026-01-23 20:24:53       0m 28s  ...               13.59         0.39
5   2026-01-23 20:25:21       0m 27s  ...                5.30         0.12
6   2026-01-23 20:25:49       0m 34s  ...               50.73         1.42
7   2026-01-23 20:26:24       0m 35s  ...               57.98         1.46
8   2026-01-23 20:26:59       0m 33s  ...               45.03         1.24
9   2026-01-23 20:27:33       0m 38s  ...               84.09         2.32
10  2026-01-23 20:28:11       0m 26s  ...                6.38         0.16
11  2026-01-23 20:28:38       0m 28s  ...                6.39         0.16
12  2026-01-23 20:29:06       0m 28s  ...                3.98         0.09

[13 rows x 24 columns]
              timestamp time_elapsed  ... severity_rate_patch Gradient_sr2
0   2026-01-23 20:22:57       0m 31s  ...               30.13         0.79
1   2026-01-23 20:23:28       0m 27s  ...                0.14         0.00
2   2026-01-23 20:23:56       0m 29s  ...               22.77         0.56
3   2026-01-23 20:24:26       0m 26s  ...                1.50         0.04
4   2026-01-23 20:24:53       0m 28s  ...               13.59         0.39
5   2026-01-23 20:25:21       0m 27s  ...                5.30         0.12
6   2026-01-23 20:25:49       0m 34s  ...               50.73         1.42
7   2026-01-23 20:26:24       0m 35s  ...               57.98         1.46
8   2026-01-23 20:26:59       0m 33s  ...               45.03         1.24
9   2026-01-23 20:27:33       0m 38s  ...               84.09         2.32
10  2026-01-23 20:28:11       0m 26s  ...                6.38         0.16
11  2026-01-23 20:28:38       0m 28s  ...                6.39         0.16
12  2026-01-23 20:29:06       0m 28s  ...                3.98         0.09
13  2026-01-23 20:29:35       0m 38s  ...               78.65         2.22

[14 rows x 24 columns]
              timestamp time_elapsed  ... severity_rate_patch Gradient_sr2
0   2026-01-23 20:22:57       0m 31s  ...               30.13         0.79
1   2026-01-23 20:23:28       0m 27s  ...                0.14         0.00
2   2026-01-23 20:23:56       0m 29s  ...               22.77         0.56
3   2026-01-23 20:24:26       0m 26s  ...                1.50         0.04
4   2026-01-23 20:24:53       0m 28s  ...               13.59         0.39
5   2026-01-23 20:25:21       0m 27s  ...                5.30         0.12
6   2026-01-23 20:25:49       0m 34s  ...               50.73         1.42
7   2026-01-23 20:26:24       0m 35s  ...               57.98         1.46
8   2026-01-23 20:26:59       0m 33s  ...               45.03         1.24
9   2026-01-23 20:27:33       0m 38s  ...               84.09         2.32
10  2026-01-23 20:28:11       0m 26s  ...                6.38         0.16
11  2026-01-23 20:28:38       0m 28s  ...                6.39         0.16
12  2026-01-23 20:29:06       0m 28s  ...                3.98         0.09
13  2026-01-23 20:29:35       0m 38s  ...               78.65         2.22
14  2026-01-23 20:30:14       0m 37s  ...               80.46         2.28

[15 rows x 24 columns]

real	8m0.817s
user	0m0.000s
sys	0m0.000s
