[2026-01-23 18:22:04,158] - [root] - [INFO] - leaf_correlation_mw.py
[2026-01-23 18:22:04,159] - [root] - [INFO] - model_type       : ResNet
[2026-01-23 18:22:04,159] - [root] - [INFO] - pretrained       : True
[2026-01-23 18:22:04,159] - [root] - [INFO] - loading_epoch    : 65
[2026-01-23 18:22:04,159] - [root] - [INFO] - timestamp        : Jan22_10-21-00_2026
[2026-01-23 18:22:04,159] - [root] - [INFO] - outdim           : 2
[2026-01-23 18:22:04,159] - [root] - [INFO] - dual_head        : True
[2026-01-23 18:22:04,159] - [root] - [INFO] - model_path       : ../..
[2026-01-23 18:22:04,159] - [root] - [INFO] - step_size        : 224
[2026-01-23 18:22:04,159] - [root] - [INFO] - means            : [0.541, 0.6371, 0.4188]
[2026-01-23 18:22:04,159] - [root] - [INFO] - stds             : [0.1764, 0.165, 0.2326]
[2026-01-23 18:22:04,160] - [root] - [INFO] - target_class     : 1
[2026-01-23 18:22:04,160] - [root] - [INFO] - contam_control   : False
[2026-01-23 18:22:04,160] - [root] - [INFO] - spor_th          : 0.8
[2026-01-23 18:22:04,160] - [root] - [INFO] - inf_gate         : 0.6
[2026-01-23 18:22:04,160] - [root] - [INFO] - pm               : HPM-1269
[2026-01-23 18:22:04,160] - [root] - [INFO] - mps              : False
[2026-01-23 18:22:04,160] - [root] - [INFO] - cuda             : True
[2026-01-23 18:22:04,160] - [root] - [INFO] - cuda_id          : 0
[2026-01-23 18:22:04,160] - [root] - [INFO] - sal_threshold    : 0.5
[2026-01-23 18:22:04,160] - [root] - [INFO] - up_threshold     : 0.8
[2026-01-23 18:22:04,160] - [root] - [INFO] - down_threshold   : 0.1
[2026-01-23 18:22:04,160] - [root] - [INFO] - dataset_path     : C:/Users/Intel User/Desktop/blackbird_scripts/data/human_disk_assessments
[2026-01-23 18:22:04,160] - [root] - [INFO] - img_folder       : 1-22-2026
[2026-01-23 18:22:04,160] - [root] - [INFO] - platform         : BlackBird
[2026-01-23 18:22:04,160] - [root] - [INFO] - threshold        : ['0.7']
[2026-01-23 18:22:04,160] - [root] - [INFO] - log              : ../../results/logs/random.log
[2026-01-23 18:22:04,161] - [root] - [INFO] - dpi              : 5
[2026-01-23 18:22:04,161] - [root] - [INFO] - group            : baseline
[2026-01-23 18:22:04,161] - [root] - [INFO] - trays            : ['5dpi']
[2026-01-23 18:22:04,161] - [root] - [INFO] - sal_gradcam      : False
[2026-01-23 18:22:04,161] - [root] - [INFO] - sal_gradient     : True
[2026-01-23 18:22:04,161] - [root] - [INFO] - sal_smoothgrad   : False
[2026-01-23 18:22:04,161] - [root] - [INFO] - sal_deeplift     : False
[2026-01-23 18:22:04,161] - [root] - [INFO] - sal_thresh_method : fixed
[2026-01-23 18:22:04,161] - [root] - [INFO] - sal_thresh_p     : 95.0
[2026-01-23 18:22:05,198] - [root] - [INFO] - -------------------------------------------
[2026-01-23 18:22:05,198] - [root] - [INFO] - Processing 1-22-2026 5dpi 015-W2021009-160_R1.png
[2026-01-23 18:22:25,294] - [root] - [INFO] - Finished loading mask: 0m 20s
[2026-01-23 18:22:37,402] - [root] - [INFO] - Finished crop and inference: 0m 32s
[2026-01-23 18:22:38,877] - [root] - [INFO] - Analysis finished: 0m 33s
[2026-01-23 18:22:38,877] - [root] - [INFO] - -------------------------------------------
[2026-01-23 18:22:38,877] - [root] - [INFO] - -------------------------------------------
[2026-01-23 18:22:38,877] - [root] - [INFO] - Processing 1-22-2026 5dpi 015-W2021011-633_R1.png
[2026-01-23 18:22:59,600] - [root] - [INFO] - Finished loading mask: 0m 20s
[2026-01-23 18:23:11,350] - [root] - [INFO] - Finished crop and inference: 0m 32s
[2026-01-23 18:23:12,902] - [root] - [INFO] - Analysis finished: 0m 34s
[2026-01-23 18:23:12,902] - [root] - [INFO] - -------------------------------------------
[2026-01-23 18:23:12,902] - [root] - [INFO] - -------------------------------------------
[2026-01-23 18:23:12,903] - [root] - [INFO] - Processing 1-22-2026 5dpi 019-W2021010-428_R2.png
[2026-01-23 18:23:33,735] - [root] - [INFO] - Finished loading mask: 0m 20s
[2026-01-23 18:23:41,819] - [root] - [INFO] - Finished crop and inference: 0m 28s
[2026-01-23 18:23:43,396] - [root] - [INFO] - Analysis finished: 0m 30s
[2026-01-23 18:23:43,396] - [root] - [INFO] - -------------------------------------------
[2026-01-23 18:23:43,396] - [root] - [INFO] - -------------------------------------------
[2026-01-23 18:23:43,396] - [root] - [INFO] - Processing 1-22-2026 5dpi 021-W2021009-175_R1.png
[2026-01-23 18:24:04,128] - [root] - [INFO] - Finished loading mask: 0m 20s
[2026-01-23 18:24:12,997] - [root] - [INFO] - Finished crop and inference: 0m 29s
[2026-01-23 18:24:14,566] - [root] - [INFO] - Analysis finished: 0m 31s
[2026-01-23 18:24:14,566] - [root] - [INFO] - -------------------------------------------
[2026-01-23 18:24:14,566] - [root] - [INFO] - -------------------------------------------
[2026-01-23 18:24:14,566] - [root] - [INFO] - Processing 1-22-2026 5dpi 022-W2021009-198_R2.png
[2026-01-23 18:24:35,211] - [root] - [INFO] - Finished loading mask: 0m 20s
[2026-01-23 18:24:45,550] - [root] - [INFO] - Finished crop and inference: 0m 30s
[2026-01-23 18:24:47,017] - [root] - [INFO] - Analysis finished: 0m 32s
[2026-01-23 18:24:47,017] - [root] - [INFO] - -------------------------------------------
[2026-01-23 18:24:47,017] - [root] - [INFO] - -------------------------------------------
[2026-01-23 18:24:47,017] - [root] - [INFO] - Processing 1-22-2026 5dpi 036-W2021006-047_R2.png
[2026-01-23 18:25:08,121] - [root] - [INFO] - Finished loading mask: 0m 21s
[2026-01-23 18:25:16,472] - [root] - [INFO] - Finished crop and inference: 0m 29s
[2026-01-23 18:25:18,052] - [root] - [INFO] - Analysis finished: 0m 31s
[2026-01-23 18:25:18,052] - [root] - [INFO] - -------------------------------------------
[2026-01-23 18:25:18,052] - [root] - [INFO] - -------------------------------------------
[2026-01-23 18:25:18,053] - [root] - [INFO] - Processing 1-22-2026 5dpi 060-W2021010-324_R2.png
[2026-01-23 18:25:38,941] - [root] - [INFO] - Finished loading mask: 0m 20s
[2026-01-23 18:25:47,404] - [root] - [INFO] - Finished crop and inference: 0m 29s
[2026-01-23 18:25:48,921] - [root] - [INFO] - Analysis finished: 0m 30s
[2026-01-23 18:25:48,922] - [root] - [INFO] - -------------------------------------------
[2026-01-23 18:25:48,922] - [root] - [INFO] - -------------------------------------------
[2026-01-23 18:25:48,922] - [root] - [INFO] - Processing 1-22-2026 5dpi 099-W2021006-611_R2.png
[2026-01-23 18:26:10,292] - [root] - [INFO] - Finished loading mask: 0m 21s
[2026-01-23 18:26:24,441] - [root] - [INFO] - Finished crop and inference: 0m 35s
[2026-01-23 18:26:25,966] - [root] - [INFO] - Analysis finished: 0m 37s
[2026-01-23 18:26:25,967] - [root] - [INFO] - -------------------------------------------
[2026-01-23 18:26:25,967] - [root] - [INFO] - -------------------------------------------
[2026-01-23 18:26:25,967] - [root] - [INFO] - Processing 1-22-2026 5dpi 123-W2021009-255_R2.png
[2026-01-23 18:26:46,888] - [root] - [INFO] - Finished loading mask: 0m 20s
[2026-01-23 18:26:56,610] - [root] - [INFO] - Finished crop and inference: 0m 30s
[2026-01-23 18:26:58,128] - [root] - [INFO] - Analysis finished: 0m 32s
[2026-01-23 18:26:58,129] - [root] - [INFO] - -------------------------------------------
[2026-01-23 18:26:58,129] - [root] - [INFO] - -------------------------------------------
[2026-01-23 18:26:58,129] - [root] - [INFO] - Processing 1-22-2026 5dpi 141-W2021009-274_R1.png
[2026-01-23 18:27:19,404] - [root] - [INFO] - Finished loading mask: 0m 21s
[2026-01-23 18:27:41,957] - [root] - [INFO] - Finished crop and inference: 0m 43s
[2026-01-23 18:27:43,443] - [root] - [INFO] - Analysis finished: 0m 45s
[2026-01-23 18:27:43,443] - [root] - [INFO] - -------------------------------------------
[2026-01-23 18:27:43,443] - [root] - [INFO] - -------------------------------------------
[2026-01-23 18:27:43,443] - [root] - [INFO] - Processing 1-22-2026 5dpi 173-W2021006-127_R2.png
[2026-01-23 18:28:04,580] - [root] - [INFO] - Finished loading mask: 0m 21s
[2026-01-23 18:28:13,229] - [root] - [INFO] - Finished crop and inference: 0m 29s
[2026-01-23 18:28:14,755] - [root] - [INFO] - Analysis finished: 0m 31s
[2026-01-23 18:28:14,755] - [root] - [INFO] - -------------------------------------------
[2026-01-23 18:28:14,755] - [root] - [INFO] - -------------------------------------------
[2026-01-23 18:28:14,755] - [root] - [INFO] - Processing 1-22-2026 5dpi 191-W2021010-449_R1.png
[2026-01-23 18:28:36,177] - [root] - [INFO] - Finished loading mask: 0m 21s
[2026-01-23 18:28:47,928] - [root] - [INFO] - Finished crop and inference: 0m 33s
[2026-01-23 18:28:49,469] - [root] - [INFO] - Analysis finished: 0m 34s
[2026-01-23 18:28:49,469] - [root] - [INFO] - -------------------------------------------
[2026-01-23 18:28:49,469] - [root] - [INFO] - -------------------------------------------
[2026-01-23 18:28:49,469] - [root] - [INFO] - Processing 1-22-2026 5dpi 254-W2021010-352_R2.png
[2026-01-23 18:29:09,685] - [root] - [INFO] - Finished loading mask: 0m 20s
[2026-01-23 18:29:16,771] - [root] - [INFO] - Finished crop and inference: 0m 27s
[2026-01-23 18:29:18,417] - [root] - [INFO] - Analysis finished: 0m 28s
[2026-01-23 18:29:18,417] - [root] - [INFO] - -------------------------------------------
[2026-01-23 18:29:18,417] - [root] - [INFO] - -------------------------------------------
[2026-01-23 18:29:18,417] - [root] - [INFO] - Processing 1-22-2026 5dpi 266-W2021009-193_R1.png
[2026-01-23 18:29:39,034] - [root] - [INFO] - Finished loading mask: 0m 20s
[2026-01-23 18:29:47,721] - [root] - [INFO] - Finished crop and inference: 0m 29s
[2026-01-23 18:29:49,298] - [root] - [INFO] - Analysis finished: 0m 30s
[2026-01-23 18:29:49,298] - [root] - [INFO] - -------------------------------------------
[2026-01-23 18:29:49,298] - [root] - [INFO] - -------------------------------------------
[2026-01-23 18:29:49,298] - [root] - [INFO] - Processing 1-22-2026 5dpi 336-W2021011-506_R2.png
[2026-01-23 18:30:09,932] - [root] - [INFO] - Finished loading mask: 0m 20s
[2026-01-23 18:30:24,287] - [root] - [INFO] - Finished crop and inference: 0m 34s
[2026-01-23 18:30:25,770] - [root] - [INFO] - Analysis finished: 0m 36s
[2026-01-23 18:30:25,770] - [root] - [INFO] - -------------------------------------------
[2026-01-23 18:30:25,776] - [root] - [INFO] - Saved C:\Users\Intel User\Desktop\blackbird_scripts\data\Results\ResNet_upth0.8_downth0.1_Jan22_10-21-00_2026\1-22-2026\th_0.7\severity_rate_tray_5dpi_u0.8_d0.1_ig0.6_sp0.8.csv
             timestamp time_elapsed  ... severity_rate_patch Gradient_sr2
0  2026-01-23 18:22:05       0m 33s  ...               34.32         0.76

[1 rows x 24 columns]
             timestamp time_elapsed  ... severity_rate_patch Gradient_sr2
0  2026-01-23 18:22:05       0m 33s  ...               34.32         0.76
1  2026-01-23 18:22:38       0m 34s  ...               17.97         0.49

[2 rows x 24 columns]
             timestamp time_elapsed  ... severity_rate_patch Gradient_sr2
0  2026-01-23 18:22:05       0m 33s  ...               34.32         0.76
1  2026-01-23 18:22:38       0m 34s  ...               17.97         0.49
2  2026-01-23 18:23:12       0m 30s  ...                0.98         0.02

[3 rows x 24 columns]
             timestamp time_elapsed  ... severity_rate_patch Gradient_sr2
0  2026-01-23 18:22:05       0m 33s  ...               34.32         0.76
1  2026-01-23 18:22:38       0m 34s  ...               17.97         0.49
2  2026-01-23 18:23:12       0m 30s  ...                0.98         0.02
3  2026-01-23 18:23:43       0m 31s  ...                2.22         0.06

[4 rows x 24 columns]
             timestamp time_elapsed  ... severity_rate_patch Gradient_sr2
0  2026-01-23 18:22:05       0m 33s  ...               34.32         0.76
1  2026-01-23 18:22:38       0m 34s  ...               17.97         0.49
2  2026-01-23 18:23:12       0m 30s  ...                0.98         0.02
3  2026-01-23 18:23:43       0m 31s  ...                2.22         0.06
4  2026-01-23 18:24:14       0m 32s  ...               15.61         0.35

[5 rows x 24 columns]
             timestamp time_elapsed  ... severity_rate_patch Gradient_sr2
0  2026-01-23 18:22:05       0m 33s  ...               34.32         0.76
1  2026-01-23 18:22:38       0m 34s  ...               17.97         0.49
2  2026-01-23 18:23:12       0m 30s  ...                0.98         0.02
3  2026-01-23 18:23:43       0m 31s  ...                2.22         0.06
4  2026-01-23 18:24:14       0m 32s  ...               15.61         0.35
5  2026-01-23 18:24:47       0m 31s  ...                0.76         0.02

[6 rows x 24 columns]
             timestamp time_elapsed  ... severity_rate_patch Gradient_sr2
0  2026-01-23 18:22:05       0m 33s  ...               34.32         0.76
1  2026-01-23 18:22:38       0m 34s  ...               17.97         0.49
2  2026-01-23 18:23:12       0m 30s  ...                0.98         0.02
3  2026-01-23 18:23:43       0m 31s  ...                2.22         0.06
4  2026-01-23 18:24:14       0m 32s  ...               15.61         0.35
5  2026-01-23 18:24:47       0m 31s  ...                0.76         0.02
6  2026-01-23 18:25:18       0m 30s  ...                2.03         0.05

[7 rows x 24 columns]
             timestamp time_elapsed  ... severity_rate_patch Gradient_sr2
0  2026-01-23 18:22:05       0m 33s  ...               34.32         0.76
1  2026-01-23 18:22:38       0m 34s  ...               17.97         0.49
2  2026-01-23 18:23:12       0m 30s  ...                0.98         0.02
3  2026-01-23 18:23:43       0m 31s  ...                2.22         0.06
4  2026-01-23 18:24:14       0m 32s  ...               15.61         0.35
5  2026-01-23 18:24:47       0m 31s  ...                0.76         0.02
6  2026-01-23 18:25:18       0m 30s  ...                2.03         0.05
7  2026-01-23 18:25:48       0m 37s  ...               43.55         1.03

[8 rows x 24 columns]
             timestamp time_elapsed  ... severity_rate_patch Gradient_sr2
0  2026-01-23 18:22:05       0m 33s  ...               34.32         0.76
1  2026-01-23 18:22:38       0m 34s  ...               17.97         0.49
2  2026-01-23 18:23:12       0m 30s  ...                0.98         0.02
3  2026-01-23 18:23:43       0m 31s  ...                2.22         0.06
4  2026-01-23 18:24:14       0m 32s  ...               15.61         0.35
5  2026-01-23 18:24:47       0m 31s  ...                0.76         0.02
6  2026-01-23 18:25:18       0m 30s  ...                2.03         0.05
7  2026-01-23 18:25:48       0m 37s  ...               43.55         1.03
8  2026-01-23 18:26:25       0m 32s  ...                9.57         0.20

[9 rows x 24 columns]
             timestamp time_elapsed  ... severity_rate_patch Gradient_sr2
0  2026-01-23 18:22:05       0m 33s  ...               34.32         0.76
1  2026-01-23 18:22:38       0m 34s  ...               17.97         0.49
2  2026-01-23 18:23:12       0m 30s  ...                0.98         0.02
3  2026-01-23 18:23:43       0m 31s  ...                2.22         0.06
4  2026-01-23 18:24:14       0m 32s  ...               15.61         0.35
5  2026-01-23 18:24:47       0m 31s  ...                0.76         0.02
6  2026-01-23 18:25:18       0m 30s  ...                2.03         0.05
7  2026-01-23 18:25:48       0m 37s  ...               43.55         1.03
8  2026-01-23 18:26:25       0m 32s  ...                9.57         0.20
9  2026-01-23 18:26:58       0m 45s  ...               86.46         2.54

[10 rows x 24 columns]
              timestamp time_elapsed  ... severity_rate_patch Gradient_sr2
0   2026-01-23 18:22:05       0m 33s  ...               34.32         0.76
1   2026-01-23 18:22:38       0m 34s  ...               17.97         0.49
2   2026-01-23 18:23:12       0m 30s  ...                0.98         0.02
3   2026-01-23 18:23:43       0m 31s  ...                2.22         0.06
4   2026-01-23 18:24:14       0m 32s  ...               15.61         0.35
5   2026-01-23 18:24:47       0m 31s  ...                0.76         0.02
6   2026-01-23 18:25:18       0m 30s  ...                2.03         0.05
7   2026-01-23 18:25:48       0m 37s  ...               43.55         1.03
8   2026-01-23 18:26:25       0m 32s  ...                9.57         0.20
9   2026-01-23 18:26:58       0m 45s  ...               86.46         2.54
10  2026-01-23 18:27:43       0m 31s  ...                1.20         0.03

[11 rows x 24 columns]
              timestamp time_elapsed  ... severity_rate_patch Gradient_sr2
0   2026-01-23 18:22:05       0m 33s  ...               34.32         0.76
1   2026-01-23 18:22:38       0m 34s  ...               17.97         0.49
2   2026-01-23 18:23:12       0m 30s  ...                0.98         0.02
3   2026-01-23 18:23:43       0m 31s  ...                2.22         0.06
4   2026-01-23 18:24:14       0m 32s  ...               15.61         0.35
5   2026-01-23 18:24:47       0m 31s  ...                0.76         0.02
6   2026-01-23 18:25:18       0m 30s  ...                2.03         0.05
7   2026-01-23 18:25:48       0m 37s  ...               43.55         1.03
8   2026-01-23 18:26:25       0m 32s  ...                9.57         0.20
9   2026-01-23 18:26:58       0m 45s  ...               86.46         2.54
10  2026-01-23 18:27:43       0m 31s  ...                1.20         0.03
11  2026-01-23 18:28:14       0m 34s  ...               20.29         0.53

[12 rows x 24 columns]
              timestamp time_elapsed  ... severity_rate_patch Gradient_sr2
0   2026-01-23 18:22:05       0m 33s  ...               34.32         0.76
1   2026-01-23 18:22:38       0m 34s  ...               17.97         0.49
2   2026-01-23 18:23:12       0m 30s  ...                0.98         0.02
3   2026-01-23 18:23:43       0m 31s  ...                2.22         0.06
4   2026-01-23 18:24:14       0m 32s  ...               15.61         0.35
5   2026-01-23 18:24:47       0m 31s  ...                0.76         0.02
6   2026-01-23 18:25:18       0m 30s  ...                2.03         0.05
7   2026-01-23 18:25:48       0m 37s  ...               43.55         1.03
8   2026-01-23 18:26:25       0m 32s  ...                9.57         0.20
9   2026-01-23 18:26:58       0m 45s  ...               86.46         2.54
10  2026-01-23 18:27:43       0m 31s  ...                1.20         0.03
11  2026-01-23 18:28:14       0m 34s  ...               20.29         0.53
12  2026-01-23 18:28:49       0m 28s  ...                1.48         0.04

[13 rows x 24 columns]
              timestamp time_elapsed  ... severity_rate_patch Gradient_sr2
0   2026-01-23 18:22:05       0m 33s  ...               34.32         0.76
1   2026-01-23 18:22:38       0m 34s  ...               17.97         0.49
2   2026-01-23 18:23:12       0m 30s  ...                0.98         0.02
3   2026-01-23 18:23:43       0m 31s  ...                2.22         0.06
4   2026-01-23 18:24:14       0m 32s  ...               15.61         0.35
5   2026-01-23 18:24:47       0m 31s  ...                0.76         0.02
6   2026-01-23 18:25:18       0m 30s  ...                2.03         0.05
7   2026-01-23 18:25:48       0m 37s  ...               43.55         1.03
8   2026-01-23 18:26:25       0m 32s  ...                9.57         0.20
9   2026-01-23 18:26:58       0m 45s  ...               86.46         2.54
10  2026-01-23 18:27:43       0m 31s  ...                1.20         0.03
11  2026-01-23 18:28:14       0m 34s  ...               20.29         0.53
12  2026-01-23 18:28:49       0m 28s  ...                1.48         0.04
13  2026-01-23 18:29:18       0m 30s  ...                7.69         0.20

[14 rows x 24 columns]
              timestamp time_elapsed  ... severity_rate_patch Gradient_sr2
0   2026-01-23 18:22:05       0m 33s  ...               34.32         0.76
1   2026-01-23 18:22:38       0m 34s  ...               17.97         0.49
2   2026-01-23 18:23:12       0m 30s  ...                0.98         0.02
3   2026-01-23 18:23:43       0m 31s  ...                2.22         0.06
4   2026-01-23 18:24:14       0m 32s  ...               15.61         0.35
5   2026-01-23 18:24:47       0m 31s  ...                0.76         0.02
6   2026-01-23 18:25:18       0m 30s  ...                2.03         0.05
7   2026-01-23 18:25:48       0m 37s  ...               43.55         1.03
8   2026-01-23 18:26:25       0m 32s  ...                9.57         0.20
9   2026-01-23 18:26:58       0m 45s  ...               86.46         2.54
10  2026-01-23 18:27:43       0m 31s  ...                1.20         0.03
11  2026-01-23 18:28:14       0m 34s  ...               20.29         0.53
12  2026-01-23 18:28:49       0m 28s  ...                1.48         0.04
13  2026-01-23 18:29:18       0m 30s  ...                7.69         0.20
14  2026-01-23 18:29:49       0m 36s  ...               45.76         1.18

[15 rows x 24 columns]

real	8m28.112s
user	0m0.015s
sys	0m0.015s
