[2026-01-24 15:45:30,927] - [root] - [INFO] - leaf_correlation_mw.py
[2026-01-24 15:45:30,927] - [root] - [INFO] - model_type       : ResNet
[2026-01-24 15:45:30,927] - [root] - [INFO] - pretrained       : True
[2026-01-24 15:45:30,927] - [root] - [INFO] - loading_epoch    : 65
[2026-01-24 15:45:30,927] - [root] - [INFO] - timestamp        : Jan22_10-21-00_2026
[2026-01-24 15:45:30,927] - [root] - [INFO] - outdim           : 2
[2026-01-24 15:45:30,927] - [root] - [INFO] - dual_head        : True
[2026-01-24 15:45:30,928] - [root] - [INFO] - model_path       : ../..
[2026-01-24 15:45:30,928] - [root] - [INFO] - step_size        : 224
[2026-01-24 15:45:30,928] - [root] - [INFO] - means            : [0.541, 0.6371, 0.4188]
[2026-01-24 15:45:30,928] - [root] - [INFO] - stds             : [0.1764, 0.165, 0.2326]
[2026-01-24 15:45:30,928] - [root] - [INFO] - target_class     : 1
[2026-01-24 15:45:30,928] - [root] - [INFO] - contam_control   : False
[2026-01-24 15:45:30,928] - [root] - [INFO] - spor_th          : 0.7
[2026-01-24 15:45:30,929] - [root] - [INFO] - inf_gate         : 0.5
[2026-01-24 15:45:30,929] - [root] - [INFO] - pm               : HPM-1269
[2026-01-24 15:45:30,929] - [root] - [INFO] - mps              : False
[2026-01-24 15:45:30,929] - [root] - [INFO] - cuda             : True
[2026-01-24 15:45:30,929] - [root] - [INFO] - cuda_id          : 0
[2026-01-24 15:45:30,929] - [root] - [INFO] - sal_threshold    : 0.5
[2026-01-24 15:45:30,929] - [root] - [INFO] - up_threshold     : 0.8
[2026-01-24 15:45:30,929] - [root] - [INFO] - down_threshold   : 0.1
[2026-01-24 15:45:30,929] - [root] - [INFO] - dataset_path     : C:/Users/Intel User/Desktop/blackbird_scripts/data/human_disk_assessments
[2026-01-24 15:45:30,929] - [root] - [INFO] - img_folder       : 1-22-2026
[2026-01-24 15:45:30,929] - [root] - [INFO] - platform         : BlackBird
[2026-01-24 15:45:30,929] - [root] - [INFO] - threshold        : ['0.7']
[2026-01-24 15:45:30,929] - [root] - [INFO] - log              : ../../results/logs/random.log
[2026-01-24 15:45:30,929] - [root] - [INFO] - dpi              : 5
[2026-01-24 15:45:30,930] - [root] - [INFO] - group            : baseline
[2026-01-24 15:45:30,930] - [root] - [INFO] - trays            : ['5dpi']
[2026-01-24 15:45:30,930] - [root] - [INFO] - sal_gradcam      : False
[2026-01-24 15:45:30,930] - [root] - [INFO] - sal_gradient     : True
[2026-01-24 15:45:30,930] - [root] - [INFO] - sal_smoothgrad   : False
[2026-01-24 15:45:30,930] - [root] - [INFO] - sal_deeplift     : False
[2026-01-24 15:45:30,930] - [root] - [INFO] - sal_thresh_method : fixed
[2026-01-24 15:45:30,930] - [root] - [INFO] - sal_thresh_p     : 95.0
[2026-01-24 15:45:32,011] - [root] - [INFO] - -------------------------------------------
[2026-01-24 15:45:32,011] - [root] - [INFO] - Processing 1-22-2026 5dpi 005-W2021011-592_R2.png
[2026-01-24 15:45:52,741] - [root] - [INFO] - Finished loading mask: 0m 20s
[2026-01-24 15:46:03,762] - [root] - [INFO] - Finished crop and inference: 0m 31s
[2026-01-24 15:46:05,450] - [root] - [INFO] - Analysis finished: 0m 33s
[2026-01-24 15:46:05,450] - [root] - [INFO] - -------------------------------------------
[2026-01-24 15:46:05,450] - [root] - [INFO] - -------------------------------------------
[2026-01-24 15:46:05,451] - [root] - [INFO] - Processing 1-22-2026 5dpi 022-W2021009-198_R2.png
[2026-01-24 15:46:27,827] - [root] - [INFO] - Finished loading mask: 0m 22s
[2026-01-24 15:46:41,284] - [root] - [INFO] - Finished crop and inference: 0m 35s
[2026-01-24 15:46:43,390] - [root] - [INFO] - Analysis finished: 0m 37s
[2026-01-24 15:46:43,390] - [root] - [INFO] - -------------------------------------------
[2026-01-24 15:46:43,390] - [root] - [INFO] - -------------------------------------------
[2026-01-24 15:46:43,390] - [root] - [INFO] - Processing 1-22-2026 5dpi 047-W2021011-482_R1.png
[2026-01-24 15:47:06,224] - [root] - [INFO] - Finished loading mask: 0m 22s
[2026-01-24 15:47:24,047] - [root] - [INFO] - Finished crop and inference: 0m 40s
[2026-01-24 15:47:25,904] - [root] - [INFO] - Analysis finished: 0m 42s
[2026-01-24 15:47:25,904] - [root] - [INFO] - -------------------------------------------
[2026-01-24 15:47:25,904] - [root] - [INFO] - -------------------------------------------
[2026-01-24 15:47:25,904] - [root] - [INFO] - Processing 1-22-2026 5dpi 055-W2021010-397_R2.png
[2026-01-24 15:47:48,166] - [root] - [INFO] - Finished loading mask: 0m 22s
[2026-01-24 15:48:00,197] - [root] - [INFO] - Finished crop and inference: 0m 34s
[2026-01-24 15:48:02,031] - [root] - [INFO] - Analysis finished: 0m 36s
[2026-01-24 15:48:02,031] - [root] - [INFO] - -------------------------------------------
[2026-01-24 15:48:02,033] - [root] - [INFO] - -------------------------------------------
[2026-01-24 15:48:02,033] - [root] - [INFO] - Processing 1-22-2026 5dpi 121-W2021009-185_R1.png
[2026-01-24 15:48:24,335] - [root] - [INFO] - Finished loading mask: 0m 22s
[2026-01-24 15:48:34,530] - [root] - [INFO] - Finished crop and inference: 0m 32s
[2026-01-24 15:48:36,396] - [root] - [INFO] - Analysis finished: 0m 34s
[2026-01-24 15:48:36,396] - [root] - [INFO] - -------------------------------------------
[2026-01-24 15:48:36,396] - [root] - [INFO] - -------------------------------------------
[2026-01-24 15:48:36,396] - [root] - [INFO] - Processing 1-22-2026 5dpi 128-W2021006-013_R1.png
[2026-01-24 15:48:59,731] - [root] - [INFO] - Finished loading mask: 0m 23s
[2026-01-24 15:49:20,888] - [root] - [INFO] - Finished crop and inference: 0m 44s
[2026-01-24 15:49:22,809] - [root] - [INFO] - Analysis finished: 0m 46s
[2026-01-24 15:49:22,809] - [root] - [INFO] - -------------------------------------------
[2026-01-24 15:49:22,809] - [root] - [INFO] - -------------------------------------------
[2026-01-24 15:49:22,809] - [root] - [INFO] - Processing 1-22-2026 5dpi 149-W2021010-417_R1.png
[2026-01-24 15:49:45,350] - [root] - [INFO] - Finished loading mask: 0m 22s
[2026-01-24 15:49:57,991] - [root] - [INFO] - Finished crop and inference: 0m 35s
[2026-01-24 15:49:59,972] - [root] - [INFO] - Analysis finished: 0m 37s
[2026-01-24 15:49:59,972] - [root] - [INFO] - -------------------------------------------
[2026-01-24 15:49:59,972] - [root] - [INFO] - -------------------------------------------
[2026-01-24 15:49:59,972] - [root] - [INFO] - Processing 1-22-2026 5dpi 156-W2021009-276_R2.png
[2026-01-24 15:50:22,261] - [root] - [INFO] - Finished loading mask: 0m 22s
[2026-01-24 15:50:34,870] - [root] - [INFO] - Finished crop and inference: 0m 34s
[2026-01-24 15:50:36,737] - [root] - [INFO] - Analysis finished: 0m 36s
[2026-01-24 15:50:36,737] - [root] - [INFO] - -------------------------------------------
[2026-01-24 15:50:36,737] - [root] - [INFO] - -------------------------------------------
[2026-01-24 15:50:36,737] - [root] - [INFO] - Processing 1-22-2026 5dpi 172-W2021011-557_R2.png
[2026-01-24 15:50:59,181] - [root] - [INFO] - Finished loading mask: 0m 22s
[2026-01-24 15:51:11,359] - [root] - [INFO] - Finished crop and inference: 0m 34s
[2026-01-24 15:51:13,244] - [root] - [INFO] - Analysis finished: 0m 36s
[2026-01-24 15:51:13,244] - [root] - [INFO] - -------------------------------------------
[2026-01-24 15:51:13,244] - [root] - [INFO] - -------------------------------------------
[2026-01-24 15:51:13,245] - [root] - [INFO] - Processing 1-22-2026 5dpi 180-W2021011-476_R2.png
[2026-01-24 15:51:36,351] - [root] - [INFO] - Finished loading mask: 0m 23s
[2026-01-24 15:51:57,509] - [root] - [INFO] - Finished crop and inference: 0m 44s
[2026-01-24 15:51:59,485] - [root] - [INFO] - Analysis finished: 0m 46s
[2026-01-24 15:51:59,485] - [root] - [INFO] - -------------------------------------------
[2026-01-24 15:51:59,485] - [root] - [INFO] - -------------------------------------------
[2026-01-24 15:51:59,485] - [root] - [INFO] - Processing 1-22-2026 5dpi 183-W2021009-295_R1.png
[2026-01-24 15:52:21,740] - [root] - [INFO] - Finished loading mask: 0m 22s
[2026-01-24 15:52:32,252] - [root] - [INFO] - Finished crop and inference: 0m 32s
[2026-01-24 15:52:34,202] - [root] - [INFO] - Analysis finished: 0m 34s
[2026-01-24 15:52:34,204] - [root] - [INFO] - -------------------------------------------
[2026-01-24 15:52:34,204] - [root] - [INFO] - -------------------------------------------
[2026-01-24 15:52:34,204] - [root] - [INFO] - Processing 1-22-2026 5dpi 187-W2021010-348_R2.png
[2026-01-24 15:52:56,741] - [root] - [INFO] - Finished loading mask: 0m 22s
[2026-01-24 15:53:18,050] - [root] - [INFO] - Finished crop and inference: 0m 43s
[2026-01-24 15:53:19,928] - [root] - [INFO] - Analysis finished: 0m 45s
[2026-01-24 15:53:19,928] - [root] - [INFO] - -------------------------------------------
[2026-01-24 15:53:19,929] - [root] - [INFO] - -------------------------------------------
[2026-01-24 15:53:19,929] - [root] - [INFO] - Processing 1-22-2026 5dpi 206-W2021010-344_R1.png
[2026-01-24 15:53:42,590] - [root] - [INFO] - Finished loading mask: 0m 22s
[2026-01-24 15:53:52,352] - [root] - [INFO] - Finished crop and inference: 0m 32s
[2026-01-24 15:53:54,083] - [root] - [INFO] - Analysis finished: 0m 34s
[2026-01-24 15:53:54,083] - [root] - [INFO] - -------------------------------------------
[2026-01-24 15:53:54,083] - [root] - [INFO] - -------------------------------------------
[2026-01-24 15:53:54,083] - [root] - [INFO] - Processing 1-22-2026 5dpi 208-W2021009-268_R2.png
[2026-01-24 15:54:16,845] - [root] - [INFO] - Finished loading mask: 0m 22s
[2026-01-24 15:54:31,476] - [root] - [INFO] - Finished crop and inference: 0m 37s
[2026-01-24 15:54:33,292] - [root] - [INFO] - Analysis finished: 0m 39s
[2026-01-24 15:54:33,294] - [root] - [INFO] - -------------------------------------------
[2026-01-24 15:54:33,294] - [root] - [INFO] - -------------------------------------------
[2026-01-24 15:54:33,294] - [root] - [INFO] - Processing 1-22-2026 5dpi 254-W2021010-352_R2.png
[2026-01-24 15:54:56,221] - [root] - [INFO] - Finished loading mask: 0m 22s
[2026-01-24 15:55:04,725] - [root] - [INFO] - Finished crop and inference: 0m 31s
[2026-01-24 15:55:06,425] - [root] - [INFO] - Analysis finished: 0m 33s
[2026-01-24 15:55:06,425] - [root] - [INFO] - -------------------------------------------
[2026-01-24 15:55:06,445] - [root] - [INFO] - Saved C:\Users\Intel User\Desktop\blackbird_scripts\data\Results\ResNet_upth0.8_downth0.1_Jan22_10-21-00_2026\1-22-2026\th_0.7\severity_rate_tray_5dpi_u0.8_d0.1_ig0.5_sp0.7_20260124_155433.csv
             timestamp time_elapsed  ... severity_rate_patch Gradient_sr2
0  2026-01-24 15:45:32       0m 33s  ...                0.85         0.02

[1 rows x 26 columns]
             timestamp time_elapsed  ... severity_rate_patch Gradient_sr2
0  2026-01-24 15:45:32       0m 33s  ...                0.85         0.02
1  2026-01-24 15:46:05       0m 37s  ...               15.61         0.35

[2 rows x 26 columns]
             timestamp time_elapsed  ... severity_rate_patch Gradient_sr2
0  2026-01-24 15:45:32       0m 33s  ...                0.85         0.02
1  2026-01-24 15:46:05       0m 37s  ...               15.61         0.35
2  2026-01-24 15:46:43       0m 42s  ...               40.63         1.10

[3 rows x 26 columns]
             timestamp time_elapsed  ... severity_rate_patch Gradient_sr2
0  2026-01-24 15:45:32       0m 33s  ...                0.85         0.02
1  2026-01-24 15:46:05       0m 37s  ...               15.61         0.35
2  2026-01-24 15:46:43       0m 42s  ...               40.63         1.10
3  2026-01-24 15:47:25       0m 36s  ...                8.47         0.21

[4 rows x 26 columns]
             timestamp time_elapsed  ... severity_rate_patch Gradient_sr2
0  2026-01-24 15:45:32       0m 33s  ...                0.85         0.02
1  2026-01-24 15:46:05       0m 37s  ...               15.61         0.35
2  2026-01-24 15:46:43       0m 42s  ...               40.63         1.10
3  2026-01-24 15:47:25       0m 36s  ...                8.47         0.21
4  2026-01-24 15:48:02       0m 34s  ...                7.99         0.21

[5 rows x 26 columns]
             timestamp time_elapsed  ... severity_rate_patch Gradient_sr2
0  2026-01-24 15:45:32       0m 33s  ...                0.85         0.02
1  2026-01-24 15:46:05       0m 37s  ...               15.61         0.35
2  2026-01-24 15:46:43       0m 42s  ...               40.63         1.10
3  2026-01-24 15:47:25       0m 36s  ...                8.47         0.21
4  2026-01-24 15:48:02       0m 34s  ...                7.99         0.21
5  2026-01-24 15:48:36       0m 46s  ...               76.84         1.96

[6 rows x 26 columns]
             timestamp time_elapsed  ... severity_rate_patch Gradient_sr2
0  2026-01-24 15:45:32       0m 33s  ...                0.85         0.02
1  2026-01-24 15:46:05       0m 37s  ...               15.61         0.35
2  2026-01-24 15:46:43       0m 42s  ...               40.63         1.10
3  2026-01-24 15:47:25       0m 36s  ...                8.47         0.21
4  2026-01-24 15:48:02       0m 34s  ...                7.99         0.21
5  2026-01-24 15:48:36       0m 46s  ...               76.84         1.96
6  2026-01-24 15:49:22       0m 37s  ...               11.32         0.31

[7 rows x 26 columns]
             timestamp time_elapsed  ... severity_rate_patch Gradient_sr2
0  2026-01-24 15:45:32       0m 33s  ...                0.85         0.02
1  2026-01-24 15:46:05       0m 37s  ...               15.61         0.35
2  2026-01-24 15:46:43       0m 42s  ...               40.63         1.10
3  2026-01-24 15:47:25       0m 36s  ...                8.47         0.21
4  2026-01-24 15:48:02       0m 34s  ...                7.99         0.21
5  2026-01-24 15:48:36       0m 46s  ...               76.84         1.96
6  2026-01-24 15:49:22       0m 37s  ...               11.32         0.31
7  2026-01-24 15:49:59       0m 36s  ...                6.83         0.17

[8 rows x 26 columns]
             timestamp time_elapsed  ... severity_rate_patch Gradient_sr2
0  2026-01-24 15:45:32       0m 33s  ...                0.85         0.02
1  2026-01-24 15:46:05       0m 37s  ...               15.61         0.35
2  2026-01-24 15:46:43       0m 42s  ...               40.63         1.10
3  2026-01-24 15:47:25       0m 36s  ...                8.47         0.21
4  2026-01-24 15:48:02       0m 34s  ...                7.99         0.21
5  2026-01-24 15:48:36       0m 46s  ...               76.84         1.96
6  2026-01-24 15:49:22       0m 37s  ...               11.32         0.31
7  2026-01-24 15:49:59       0m 36s  ...                6.83         0.17
8  2026-01-24 15:50:36       0m 36s  ...                7.74         0.21

[9 rows x 26 columns]
             timestamp time_elapsed  ... severity_rate_patch Gradient_sr2
0  2026-01-24 15:45:32       0m 33s  ...                0.85         0.02
1  2026-01-24 15:46:05       0m 37s  ...               15.61         0.35
2  2026-01-24 15:46:43       0m 42s  ...               40.63         1.10
3  2026-01-24 15:47:25       0m 36s  ...                8.47         0.21
4  2026-01-24 15:48:02       0m 34s  ...                7.99         0.21
5  2026-01-24 15:48:36       0m 46s  ...               76.84         1.96
6  2026-01-24 15:49:22       0m 37s  ...               11.32         0.31
7  2026-01-24 15:49:59       0m 36s  ...                6.83         0.17
8  2026-01-24 15:50:36       0m 36s  ...                7.74         0.21
9  2026-01-24 15:51:13       0m 46s  ...               78.18         2.00

[10 rows x 26 columns]
              timestamp time_elapsed  ... severity_rate_patch Gradient_sr2
0   2026-01-24 15:45:32       0m 33s  ...                0.85         0.02
1   2026-01-24 15:46:05       0m 37s  ...               15.61         0.35
2   2026-01-24 15:46:43       0m 42s  ...               40.63         1.10
3   2026-01-24 15:47:25       0m 36s  ...                8.47         0.21
4   2026-01-24 15:48:02       0m 34s  ...                7.99         0.21
5   2026-01-24 15:48:36       0m 46s  ...               76.84         1.96
6   2026-01-24 15:49:22       0m 37s  ...               11.32         0.31
7   2026-01-24 15:49:59       0m 36s  ...                6.83         0.17
8   2026-01-24 15:50:36       0m 36s  ...                7.74         0.21
9   2026-01-24 15:51:13       0m 46s  ...               78.18         2.00
10  2026-01-24 15:51:59       0m 34s  ...                5.86         0.15

[11 rows x 26 columns]
              timestamp time_elapsed  ... severity_rate_patch Gradient_sr2
0   2026-01-24 15:45:32       0m 33s  ...                0.85         0.02
1   2026-01-24 15:46:05       0m 37s  ...               15.61         0.35
2   2026-01-24 15:46:43       0m 42s  ...               40.63         1.10
3   2026-01-24 15:47:25       0m 36s  ...                8.47         0.21
4   2026-01-24 15:48:02       0m 34s  ...                7.99         0.21
5   2026-01-24 15:48:36       0m 46s  ...               76.84         1.96
6   2026-01-24 15:49:22       0m 37s  ...               11.32         0.31
7   2026-01-24 15:49:59       0m 36s  ...                6.83         0.17
8   2026-01-24 15:50:36       0m 36s  ...                7.74         0.21
9   2026-01-24 15:51:13       0m 46s  ...               78.18         2.00
10  2026-01-24 15:51:59       0m 34s  ...                5.86         0.15
11  2026-01-24 15:52:34       0m 45s  ...               84.91         2.37

[12 rows x 26 columns]
              timestamp time_elapsed  ... severity_rate_patch Gradient_sr2
0   2026-01-24 15:45:32       0m 33s  ...                0.85         0.02
1   2026-01-24 15:46:05       0m 37s  ...               15.61         0.35
2   2026-01-24 15:46:43       0m 42s  ...               40.63         1.10
3   2026-01-24 15:47:25       0m 36s  ...                8.47         0.21
4   2026-01-24 15:48:02       0m 34s  ...                7.99         0.21
5   2026-01-24 15:48:36       0m 46s  ...               76.84         1.96
6   2026-01-24 15:49:22       0m 37s  ...               11.32         0.31
7   2026-01-24 15:49:59       0m 36s  ...                6.83         0.17
8   2026-01-24 15:50:36       0m 36s  ...                7.74         0.21
9   2026-01-24 15:51:13       0m 46s  ...               78.18         2.00
10  2026-01-24 15:51:59       0m 34s  ...                5.86         0.15
11  2026-01-24 15:52:34       0m 45s  ...               84.91         2.37
12  2026-01-24 15:53:19       0m 34s  ...                4.74         0.12

[13 rows x 26 columns]
              timestamp time_elapsed  ... severity_rate_patch Gradient_sr2
0   2026-01-24 15:45:32       0m 33s  ...                0.85         0.02
1   2026-01-24 15:46:05       0m 37s  ...               15.61         0.35
2   2026-01-24 15:46:43       0m 42s  ...               40.63         1.10
3   2026-01-24 15:47:25       0m 36s  ...                8.47         0.21
4   2026-01-24 15:48:02       0m 34s  ...                7.99         0.21
5   2026-01-24 15:48:36       0m 46s  ...               76.84         1.96
6   2026-01-24 15:49:22       0m 37s  ...               11.32         0.31
7   2026-01-24 15:49:59       0m 36s  ...                6.83         0.17
8   2026-01-24 15:50:36       0m 36s  ...                7.74         0.21
9   2026-01-24 15:51:13       0m 46s  ...               78.18         2.00
10  2026-01-24 15:51:59       0m 34s  ...                5.86         0.15
11  2026-01-24 15:52:34       0m 45s  ...               84.91         2.37
12  2026-01-24 15:53:19       0m 34s  ...                4.74         0.12
13  2026-01-24 15:53:54       0m 39s  ...               29.53         0.69

[14 rows x 26 columns]
              timestamp time_elapsed  ... severity_rate_patch Gradient_sr2
0   2026-01-24 15:45:32       0m 33s  ...                0.85         0.02
1   2026-01-24 15:46:05       0m 37s  ...               15.61         0.35
2   2026-01-24 15:46:43       0m 42s  ...               40.63         1.10
3   2026-01-24 15:47:25       0m 36s  ...                8.47         0.21
4   2026-01-24 15:48:02       0m 34s  ...                7.99         0.21
5   2026-01-24 15:48:36       0m 46s  ...               76.84         1.96
6   2026-01-24 15:49:22       0m 37s  ...               11.32         0.31
7   2026-01-24 15:49:59       0m 36s  ...                6.83         0.17
8   2026-01-24 15:50:36       0m 36s  ...                7.74         0.21
9   2026-01-24 15:51:13       0m 46s  ...               78.18         2.00
10  2026-01-24 15:51:59       0m 34s  ...                5.86         0.15
11  2026-01-24 15:52:34       0m 45s  ...               84.91         2.37
12  2026-01-24 15:53:19       0m 34s  ...                4.74         0.12
13  2026-01-24 15:53:54       0m 39s  ...               29.53         0.69
14  2026-01-24 15:54:33       0m 33s  ...                1.48         0.04

[15 rows x 26 columns]

real	9m42.985s
user	0m0.000s
sys	0m0.015s
