[2026-01-23 21:29:53,884] - [root] - [INFO] - leaf_correlation_mw.py
[2026-01-23 21:29:53,884] - [root] - [INFO] - model_type       : ResNet
[2026-01-23 21:29:53,884] - [root] - [INFO] - pretrained       : True
[2026-01-23 21:29:53,884] - [root] - [INFO] - loading_epoch    : 65
[2026-01-23 21:29:53,884] - [root] - [INFO] - timestamp        : Jan22_10-21-00_2026
[2026-01-23 21:29:53,885] - [root] - [INFO] - outdim           : 2
[2026-01-23 21:29:53,885] - [root] - [INFO] - dual_head        : True
[2026-01-23 21:29:53,885] - [root] - [INFO] - model_path       : ../..
[2026-01-23 21:29:53,886] - [root] - [INFO] - step_size        : 224
[2026-01-23 21:29:53,886] - [root] - [INFO] - means            : [0.541, 0.6371, 0.4188]
[2026-01-23 21:29:53,886] - [root] - [INFO] - stds             : [0.1764, 0.165, 0.2326]
[2026-01-23 21:29:53,886] - [root] - [INFO] - target_class     : 1
[2026-01-23 21:29:53,886] - [root] - [INFO] - contam_control   : False
[2026-01-23 21:29:53,886] - [root] - [INFO] - spor_th          : 0.7
[2026-01-23 21:29:53,886] - [root] - [INFO] - inf_gate         : 0.6
[2026-01-23 21:29:53,887] - [root] - [INFO] - pm               : HPM-1269
[2026-01-23 21:29:53,887] - [root] - [INFO] - mps              : False
[2026-01-23 21:29:53,887] - [root] - [INFO] - cuda             : True
[2026-01-23 21:29:53,887] - [root] - [INFO] - cuda_id          : 0
[2026-01-23 21:29:53,887] - [root] - [INFO] - sal_threshold    : 0.5
[2026-01-23 21:29:53,887] - [root] - [INFO] - up_threshold     : 0.8
[2026-01-23 21:29:53,887] - [root] - [INFO] - down_threshold   : 0.3
[2026-01-23 21:29:53,888] - [root] - [INFO] - dataset_path     : C:/Users/Intel User/Desktop/blackbird_scripts/data/human_disk_assessments
[2026-01-23 21:29:53,888] - [root] - [INFO] - img_folder       : 1-22-2026
[2026-01-23 21:29:53,888] - [root] - [INFO] - platform         : BlackBird
[2026-01-23 21:29:53,888] - [root] - [INFO] - threshold        : ['0.7']
[2026-01-23 21:29:53,888] - [root] - [INFO] - log              : ../../results/logs/random.log
[2026-01-23 21:29:53,888] - [root] - [INFO] - dpi              : 10
[2026-01-23 21:29:53,888] - [root] - [INFO] - group            : baseline
[2026-01-23 21:29:53,888] - [root] - [INFO] - trays            : ['10dpi']
[2026-01-23 21:29:53,889] - [root] - [INFO] - sal_gradcam      : False
[2026-01-23 21:29:53,889] - [root] - [INFO] - sal_gradient     : True
[2026-01-23 21:29:53,889] - [root] - [INFO] - sal_smoothgrad   : False
[2026-01-23 21:29:53,889] - [root] - [INFO] - sal_deeplift     : False
[2026-01-23 21:29:53,889] - [root] - [INFO] - sal_thresh_method : fixed
[2026-01-23 21:29:53,889] - [root] - [INFO] - sal_thresh_p     : 95.0
[2026-01-23 21:29:54,937] - [root] - [INFO] - -------------------------------------------
[2026-01-23 21:29:54,938] - [root] - [INFO] - Processing 1-22-2026 10dpi 013-W2021011-633_R2.png
[2026-01-23 21:30:11,233] - [root] - [INFO] - Finished loading mask: 0m 16s
[2026-01-23 21:30:24,542] - [root] - [INFO] - Finished crop and inference: 0m 29s
[2026-01-23 21:30:26,002] - [root] - [INFO] - Analysis finished: 0m 31s
[2026-01-23 21:30:26,002] - [root] - [INFO] - -------------------------------------------
[2026-01-23 21:30:26,003] - [root] - [INFO] - -------------------------------------------
[2026-01-23 21:30:26,003] - [root] - [INFO] - Processing 1-22-2026 10dpi 026-W2021010-346_R2.png
[2026-01-23 21:30:43,145] - [root] - [INFO] - Finished loading mask: 0m 17s
[2026-01-23 21:30:52,288] - [root] - [INFO] - Finished crop and inference: 0m 26s
[2026-01-23 21:30:53,669] - [root] - [INFO] - Analysis finished: 0m 27s
[2026-01-23 21:30:53,669] - [root] - [INFO] - -------------------------------------------
[2026-01-23 21:30:53,669] - [root] - [INFO] - -------------------------------------------
[2026-01-23 21:30:53,669] - [root] - [INFO] - Processing 1-22-2026 10dpi 042-W2021006-015_R1.png
[2026-01-23 21:31:10,742] - [root] - [INFO] - Finished loading mask: 0m 17s
[2026-01-23 21:31:22,477] - [root] - [INFO] - Finished crop and inference: 0m 28s
[2026-01-23 21:31:23,810] - [root] - [INFO] - Analysis finished: 0m 30s
[2026-01-23 21:31:23,811] - [root] - [INFO] - -------------------------------------------
[2026-01-23 21:31:23,811] - [root] - [INFO] - -------------------------------------------
[2026-01-23 21:31:23,811] - [root] - [INFO] - Processing 1-22-2026 10dpi 057-W2021011-504_R2.png
[2026-01-23 21:31:40,341] - [root] - [INFO] - Finished loading mask: 0m 16s
[2026-01-23 21:31:49,124] - [root] - [INFO] - Finished crop and inference: 0m 25s
[2026-01-23 21:31:50,522] - [root] - [INFO] - Analysis finished: 0m 26s
[2026-01-23 21:31:50,522] - [root] - [INFO] - -------------------------------------------
[2026-01-23 21:31:50,522] - [root] - [INFO] - -------------------------------------------
[2026-01-23 21:31:50,522] - [root] - [INFO] - Processing 1-22-2026 10dpi 069-W2021011-574_R1.png
[2026-01-23 21:32:07,013] - [root] - [INFO] - Finished loading mask: 0m 16s
[2026-01-23 21:32:17,814] - [root] - [INFO] - Finished crop and inference: 0m 27s
[2026-01-23 21:32:19,200] - [root] - [INFO] - Analysis finished: 0m 28s
[2026-01-23 21:32:19,200] - [root] - [INFO] - -------------------------------------------
[2026-01-23 21:32:19,200] - [root] - [INFO] - -------------------------------------------
[2026-01-23 21:32:19,200] - [root] - [INFO] - Processing 1-22-2026 10dpi 095-W2021009-283_R1.png
[2026-01-23 21:32:35,637] - [root] - [INFO] - Finished loading mask: 0m 16s
[2026-01-23 21:32:44,433] - [root] - [INFO] - Finished crop and inference: 0m 25s
[2026-01-23 21:32:45,829] - [root] - [INFO] - Analysis finished: 0m 26s
[2026-01-23 21:32:45,829] - [root] - [INFO] - -------------------------------------------
[2026-01-23 21:32:45,829] - [root] - [INFO] - -------------------------------------------
[2026-01-23 21:32:45,830] - [root] - [INFO] - Processing 1-22-2026 10dpi 103-W2021011-591_R2.png
[2026-01-23 21:33:02,639] - [root] - [INFO] - Finished loading mask: 0m 16s
[2026-01-23 21:33:17,359] - [root] - [INFO] - Finished crop and inference: 0m 31s
[2026-01-23 21:33:18,708] - [root] - [INFO] - Analysis finished: 0m 32s
[2026-01-23 21:33:18,708] - [root] - [INFO] - -------------------------------------------
[2026-01-23 21:33:18,708] - [root] - [INFO] - -------------------------------------------
[2026-01-23 21:33:18,708] - [root] - [INFO] - Processing 1-22-2026 10dpi 115-W2021011-638_R1.png
[2026-01-23 21:33:35,827] - [root] - [INFO] - Finished loading mask: 0m 17s
[2026-01-23 21:33:51,443] - [root] - [INFO] - Finished crop and inference: 0m 32s
[2026-01-23 21:33:52,838] - [root] - [INFO] - Analysis finished: 0m 34s
[2026-01-23 21:33:52,838] - [root] - [INFO] - -------------------------------------------
[2026-01-23 21:33:52,838] - [root] - [INFO] - -------------------------------------------
[2026-01-23 21:33:52,838] - [root] - [INFO] - Processing 1-22-2026 10dpi 124-W2021009-278_R1.png
[2026-01-23 21:34:10,676] - [root] - [INFO] - Finished loading mask: 0m 17s
[2026-01-23 21:34:23,707] - [root] - [INFO] - Finished crop and inference: 0m 30s
[2026-01-23 21:34:25,080] - [root] - [INFO] - Analysis finished: 0m 32s
[2026-01-23 21:34:25,081] - [root] - [INFO] - -------------------------------------------
[2026-01-23 21:34:25,081] - [root] - [INFO] - -------------------------------------------
[2026-01-23 21:34:25,081] - [root] - [INFO] - Processing 1-22-2026 10dpi 162-W2021011-551_R2.png
[2026-01-23 21:34:43,521] - [root] - [INFO] - Finished loading mask: 0m 18s
[2026-01-23 21:35:03,711] - [root] - [INFO] - Finished crop and inference: 0m 38s
[2026-01-23 21:35:05,246] - [root] - [INFO] - Analysis finished: 0m 40s
[2026-01-23 21:35:05,247] - [root] - [INFO] - -------------------------------------------
[2026-01-23 21:35:05,247] - [root] - [INFO] - -------------------------------------------
[2026-01-23 21:35:05,247] - [root] - [INFO] - Processing 1-22-2026 10dpi 172-W2021009-156_R2.png
[2026-01-23 21:35:22,441] - [root] - [INFO] - Finished loading mask: 0m 17s
[2026-01-23 21:35:30,130] - [root] - [INFO] - Finished crop and inference: 0m 24s
[2026-01-23 21:35:31,523] - [root] - [INFO] - Analysis finished: 0m 26s
[2026-01-23 21:35:31,523] - [root] - [INFO] - -------------------------------------------
[2026-01-23 21:35:31,523] - [root] - [INFO] - -------------------------------------------
[2026-01-23 21:35:31,523] - [root] - [INFO] - Processing 1-22-2026 10dpi 182-W2021009-251_R1.png
[2026-01-23 21:35:49,739] - [root] - [INFO] - Finished loading mask: 0m 18s
[2026-01-23 21:35:59,896] - [root] - [INFO] - Finished crop and inference: 0m 28s
[2026-01-23 21:36:01,257] - [root] - [INFO] - Analysis finished: 0m 29s
[2026-01-23 21:36:01,257] - [root] - [INFO] - -------------------------------------------
[2026-01-23 21:36:01,257] - [root] - [INFO] - -------------------------------------------
[2026-01-23 21:36:01,257] - [root] - [INFO] - Processing 1-22-2026 10dpi 194-W2021010-339_R2.png
[2026-01-23 21:36:17,651] - [root] - [INFO] - Finished loading mask: 0m 16s
[2026-01-23 21:36:26,595] - [root] - [INFO] - Finished crop and inference: 0m 25s
[2026-01-23 21:36:27,995] - [root] - [INFO] - Analysis finished: 0m 26s
[2026-01-23 21:36:27,995] - [root] - [INFO] - -------------------------------------------
[2026-01-23 21:36:27,996] - [root] - [INFO] - -------------------------------------------
[2026-01-23 21:36:27,996] - [root] - [INFO] - Processing 1-22-2026 10dpi 215-W2021006-045_R1.png
[2026-01-23 21:36:44,805] - [root] - [INFO] - Finished loading mask: 0m 16s
[2026-01-23 21:37:02,606] - [root] - [INFO] - Finished crop and inference: 0m 34s
[2026-01-23 21:37:04,004] - [root] - [INFO] - Analysis finished: 0m 36s
[2026-01-23 21:37:04,005] - [root] - [INFO] - -------------------------------------------
[2026-01-23 21:37:04,005] - [root] - [INFO] - -------------------------------------------
[2026-01-23 21:37:04,005] - [root] - [INFO] - Processing 1-22-2026 10dpi 262-W2021009-187_R2.png
[2026-01-23 21:37:21,144] - [root] - [INFO] - Finished loading mask: 0m 17s
[2026-01-23 21:37:38,913] - [root] - [INFO] - Finished crop and inference: 0m 34s
[2026-01-23 21:37:40,432] - [root] - [INFO] - Analysis finished: 0m 36s
[2026-01-23 21:37:40,432] - [root] - [INFO] - -------------------------------------------
[2026-01-23 21:37:40,439] - [root] - [INFO] - Saved C:\Users\Intel User\Desktop\blackbird_scripts\data\Results\ResNet_upth0.8_downth0.3_Jan22_10-21-00_2026\1-22-2026\th_0.7\severity_rate_tray_10dpi_u0.8_d0.3_ig0.6_sp0.7.csv
             timestamp time_elapsed  ... severity_rate_patch Gradient_sr2
0  2026-01-23 21:29:54       0m 31s  ...               29.82         0.84

[1 rows x 24 columns]
             timestamp time_elapsed  ... severity_rate_patch Gradient_sr2
0  2026-01-23 21:29:54       0m 31s  ...               29.82         0.84
1  2026-01-23 21:30:26       0m 27s  ...                0.28         0.01

[2 rows x 24 columns]
             timestamp time_elapsed  ... severity_rate_patch Gradient_sr2
0  2026-01-23 21:29:54       0m 31s  ...               29.82         0.84
1  2026-01-23 21:30:26       0m 27s  ...                0.28         0.01
2  2026-01-23 21:30:53       0m 30s  ...               23.58         0.62

[3 rows x 24 columns]
             timestamp time_elapsed  ... severity_rate_patch Gradient_sr2
0  2026-01-23 21:29:54       0m 31s  ...               29.82         0.84
1  2026-01-23 21:30:26       0m 27s  ...                0.28         0.01
2  2026-01-23 21:30:53       0m 30s  ...               23.58         0.62
3  2026-01-23 21:31:23       0m 26s  ...                2.51         0.07

[4 rows x 24 columns]
             timestamp time_elapsed  ... severity_rate_patch Gradient_sr2
0  2026-01-23 21:29:54       0m 31s  ...               29.82         0.84
1  2026-01-23 21:30:26       0m 27s  ...                0.28         0.01
2  2026-01-23 21:30:53       0m 30s  ...               23.58         0.62
3  2026-01-23 21:31:23       0m 26s  ...                2.51         0.07
4  2026-01-23 21:31:50       0m 28s  ...               13.88         0.41

[5 rows x 24 columns]
             timestamp time_elapsed  ... severity_rate_patch Gradient_sr2
0  2026-01-23 21:29:54       0m 31s  ...               29.82         0.84
1  2026-01-23 21:30:26       0m 27s  ...                0.28         0.01
2  2026-01-23 21:30:53       0m 30s  ...               23.58         0.62
3  2026-01-23 21:31:23       0m 26s  ...                2.51         0.07
4  2026-01-23 21:31:50       0m 28s  ...               13.88         0.41
5  2026-01-23 21:32:19       0m 26s  ...                6.35         0.15

[6 rows x 24 columns]
             timestamp time_elapsed  ... severity_rate_patch Gradient_sr2
0  2026-01-23 21:29:54       0m 31s  ...               29.82         0.84
1  2026-01-23 21:30:26       0m 27s  ...                0.28         0.01
2  2026-01-23 21:30:53       0m 30s  ...               23.58         0.62
3  2026-01-23 21:31:23       0m 26s  ...                2.51         0.07
4  2026-01-23 21:31:50       0m 28s  ...               13.88         0.41
5  2026-01-23 21:32:19       0m 26s  ...                6.35         0.15
6  2026-01-23 21:32:45       0m 32s  ...               50.08         1.45

[7 rows x 24 columns]
             timestamp time_elapsed  ... severity_rate_patch Gradient_sr2
0  2026-01-23 21:29:54       0m 31s  ...               29.82         0.84
1  2026-01-23 21:30:26       0m 27s  ...                0.28         0.01
2  2026-01-23 21:30:53       0m 30s  ...               23.58         0.62
3  2026-01-23 21:31:23       0m 26s  ...                2.51         0.07
4  2026-01-23 21:31:50       0m 28s  ...               13.88         0.41
5  2026-01-23 21:32:19       0m 26s  ...                6.35         0.15
6  2026-01-23 21:32:45       0m 32s  ...               50.08         1.45
7  2026-01-23 21:33:18       0m 34s  ...               55.22         1.52

[8 rows x 24 columns]
             timestamp time_elapsed  ... severity_rate_patch Gradient_sr2
0  2026-01-23 21:29:54       0m 31s  ...               29.82         0.84
1  2026-01-23 21:30:26       0m 27s  ...                0.28         0.01
2  2026-01-23 21:30:53       0m 30s  ...               23.58         0.62
3  2026-01-23 21:31:23       0m 26s  ...                2.51         0.07
4  2026-01-23 21:31:50       0m 28s  ...               13.88         0.41
5  2026-01-23 21:32:19       0m 26s  ...                6.35         0.15
6  2026-01-23 21:32:45       0m 32s  ...               50.08         1.45
7  2026-01-23 21:33:18       0m 34s  ...               55.22         1.52
8  2026-01-23 21:33:52       0m 32s  ...               44.48         1.26

[9 rows x 24 columns]
             timestamp time_elapsed  ... severity_rate_patch Gradient_sr2
0  2026-01-23 21:29:54       0m 31s  ...               29.82         0.84
1  2026-01-23 21:30:26       0m 27s  ...                0.28         0.01
2  2026-01-23 21:30:53       0m 30s  ...               23.58         0.62
3  2026-01-23 21:31:23       0m 26s  ...                2.51         0.07
4  2026-01-23 21:31:50       0m 28s  ...               13.88         0.41
5  2026-01-23 21:32:19       0m 26s  ...                6.35         0.15
6  2026-01-23 21:32:45       0m 32s  ...               50.08         1.45
7  2026-01-23 21:33:18       0m 34s  ...               55.22         1.52
8  2026-01-23 21:33:52       0m 32s  ...               44.48         1.26
9  2026-01-23 21:34:25       0m 40s  ...               82.93         2.34

[10 rows x 24 columns]
              timestamp time_elapsed  ... severity_rate_patch Gradient_sr2
0   2026-01-23 21:29:54       0m 31s  ...               29.82         0.84
1   2026-01-23 21:30:26       0m 27s  ...                0.28         0.01
2   2026-01-23 21:30:53       0m 30s  ...               23.58         0.62
3   2026-01-23 21:31:23       0m 26s  ...                2.51         0.07
4   2026-01-23 21:31:50       0m 28s  ...               13.88         0.41
5   2026-01-23 21:32:19       0m 26s  ...                6.35         0.15
6   2026-01-23 21:32:45       0m 32s  ...               50.08         1.45
7   2026-01-23 21:33:18       0m 34s  ...               55.22         1.52
8   2026-01-23 21:33:52       0m 32s  ...               44.48         1.26
9   2026-01-23 21:34:25       0m 40s  ...               82.93         2.34
10  2026-01-23 21:35:05       0m 26s  ...                6.57         0.17

[11 rows x 24 columns]
              timestamp time_elapsed  ... severity_rate_patch Gradient_sr2
0   2026-01-23 21:29:54       0m 31s  ...               29.82         0.84
1   2026-01-23 21:30:26       0m 27s  ...                0.28         0.01
2   2026-01-23 21:30:53       0m 30s  ...               23.58         0.62
3   2026-01-23 21:31:23       0m 26s  ...                2.51         0.07
4   2026-01-23 21:31:50       0m 28s  ...               13.88         0.41
5   2026-01-23 21:32:19       0m 26s  ...                6.35         0.15
6   2026-01-23 21:32:45       0m 32s  ...               50.08         1.45
7   2026-01-23 21:33:18       0m 34s  ...               55.22         1.52
8   2026-01-23 21:33:52       0m 32s  ...               44.48         1.26
9   2026-01-23 21:34:25       0m 40s  ...               82.93         2.34
10  2026-01-23 21:35:05       0m 26s  ...                6.57         0.17
11  2026-01-23 21:35:31       0m 29s  ...                6.11         0.17

[12 rows x 24 columns]
              timestamp time_elapsed  ... severity_rate_patch Gradient_sr2
0   2026-01-23 21:29:54       0m 31s  ...               29.82         0.84
1   2026-01-23 21:30:26       0m 27s  ...                0.28         0.01
2   2026-01-23 21:30:53       0m 30s  ...               23.58         0.62
3   2026-01-23 21:31:23       0m 26s  ...                2.51         0.07
4   2026-01-23 21:31:50       0m 28s  ...               13.88         0.41
5   2026-01-23 21:32:19       0m 26s  ...                6.35         0.15
6   2026-01-23 21:32:45       0m 32s  ...               50.08         1.45
7   2026-01-23 21:33:18       0m 34s  ...               55.22         1.52
8   2026-01-23 21:33:52       0m 32s  ...               44.48         1.26
9   2026-01-23 21:34:25       0m 40s  ...               82.93         2.34
10  2026-01-23 21:35:05       0m 26s  ...                6.57         0.17
11  2026-01-23 21:35:31       0m 29s  ...                6.11         0.17
12  2026-01-23 21:36:01       0m 26s  ...                4.37         0.11

[13 rows x 24 columns]
              timestamp time_elapsed  ... severity_rate_patch Gradient_sr2
0   2026-01-23 21:29:54       0m 31s  ...               29.82         0.84
1   2026-01-23 21:30:26       0m 27s  ...                0.28         0.01
2   2026-01-23 21:30:53       0m 30s  ...               23.58         0.62
3   2026-01-23 21:31:23       0m 26s  ...                2.51         0.07
4   2026-01-23 21:31:50       0m 28s  ...               13.88         0.41
5   2026-01-23 21:32:19       0m 26s  ...                6.35         0.15
6   2026-01-23 21:32:45       0m 32s  ...               50.08         1.45
7   2026-01-23 21:33:18       0m 34s  ...               55.22         1.52
8   2026-01-23 21:33:52       0m 32s  ...               44.48         1.26
9   2026-01-23 21:34:25       0m 40s  ...               82.93         2.34
10  2026-01-23 21:35:05       0m 26s  ...                6.57         0.17
11  2026-01-23 21:35:31       0m 29s  ...                6.11         0.17
12  2026-01-23 21:36:01       0m 26s  ...                4.37         0.11
13  2026-01-23 21:36:27       0m 35s  ...               77.27         2.25

[14 rows x 24 columns]
              timestamp time_elapsed  ... severity_rate_patch Gradient_sr2
0   2026-01-23 21:29:54       0m 31s  ...               29.82         0.84
1   2026-01-23 21:30:26       0m 27s  ...                0.28         0.01
2   2026-01-23 21:30:53       0m 30s  ...               23.58         0.62
3   2026-01-23 21:31:23       0m 26s  ...                2.51         0.07
4   2026-01-23 21:31:50       0m 28s  ...               13.88         0.41
5   2026-01-23 21:32:19       0m 26s  ...                6.35         0.15
6   2026-01-23 21:32:45       0m 32s  ...               50.08         1.45
7   2026-01-23 21:33:18       0m 34s  ...               55.22         1.52
8   2026-01-23 21:33:52       0m 32s  ...               44.48         1.26
9   2026-01-23 21:34:25       0m 40s  ...               82.93         2.34
10  2026-01-23 21:35:05       0m 26s  ...                6.57         0.17
11  2026-01-23 21:35:31       0m 29s  ...                6.11         0.17
12  2026-01-23 21:36:01       0m 26s  ...                4.37         0.11
13  2026-01-23 21:36:27       0m 35s  ...               77.27         2.25
14  2026-01-23 21:37:04       0m 36s  ...               79.52         2.33

[15 rows x 24 columns]

real	7m52.923s
user	0m0.000s
sys	0m0.015s
