[2026-01-23 18:13:12,884] - [root] - [INFO] - leaf_correlation_mw.py
[2026-01-23 18:13:12,884] - [root] - [INFO] - model_type       : ResNet
[2026-01-23 18:13:12,884] - [root] - [INFO] - pretrained       : True
[2026-01-23 18:13:12,884] - [root] - [INFO] - loading_epoch    : 65
[2026-01-23 18:13:12,884] - [root] - [INFO] - timestamp        : Jan22_10-21-00_2026
[2026-01-23 18:13:12,885] - [root] - [INFO] - outdim           : 2
[2026-01-23 18:13:12,885] - [root] - [INFO] - dual_head        : True
[2026-01-23 18:13:12,885] - [root] - [INFO] - model_path       : ../..
[2026-01-23 18:13:12,885] - [root] - [INFO] - step_size        : 224
[2026-01-23 18:13:12,885] - [root] - [INFO] - means            : [0.541, 0.6371, 0.4188]
[2026-01-23 18:13:12,885] - [root] - [INFO] - stds             : [0.1764, 0.165, 0.2326]
[2026-01-23 18:13:12,885] - [root] - [INFO] - target_class     : 1
[2026-01-23 18:13:12,885] - [root] - [INFO] - contam_control   : False
[2026-01-23 18:13:12,885] - [root] - [INFO] - spor_th          : 0.9
[2026-01-23 18:13:12,885] - [root] - [INFO] - inf_gate         : 0.6
[2026-01-23 18:13:12,885] - [root] - [INFO] - pm               : HPM-1269
[2026-01-23 18:13:12,886] - [root] - [INFO] - mps              : False
[2026-01-23 18:13:12,886] - [root] - [INFO] - cuda             : True
[2026-01-23 18:13:12,886] - [root] - [INFO] - cuda_id          : 0
[2026-01-23 18:13:12,886] - [root] - [INFO] - sal_threshold    : 0.5
[2026-01-23 18:13:12,886] - [root] - [INFO] - up_threshold     : 0.7
[2026-01-23 18:13:12,886] - [root] - [INFO] - down_threshold   : 0.1
[2026-01-23 18:13:12,886] - [root] - [INFO] - dataset_path     : C:/Users/Intel User/Desktop/blackbird_scripts/data/human_disk_assessments
[2026-01-23 18:13:12,886] - [root] - [INFO] - img_folder       : 1-22-2026
[2026-01-23 18:13:12,886] - [root] - [INFO] - platform         : BlackBird
[2026-01-23 18:13:12,886] - [root] - [INFO] - threshold        : ['0.7']
[2026-01-23 18:13:12,886] - [root] - [INFO] - log              : ../../results/logs/random.log
[2026-01-23 18:13:12,886] - [root] - [INFO] - dpi              : 5
[2026-01-23 18:13:12,886] - [root] - [INFO] - group            : baseline
[2026-01-23 18:13:12,886] - [root] - [INFO] - trays            : ['5dpi']
[2026-01-23 18:13:12,886] - [root] - [INFO] - sal_gradcam      : False
[2026-01-23 18:13:12,887] - [root] - [INFO] - sal_gradient     : True
[2026-01-23 18:13:12,887] - [root] - [INFO] - sal_smoothgrad   : False
[2026-01-23 18:13:12,887] - [root] - [INFO] - sal_deeplift     : False
[2026-01-23 18:13:12,887] - [root] - [INFO] - sal_thresh_method : fixed
[2026-01-23 18:13:12,887] - [root] - [INFO] - sal_thresh_p     : 95.0
[2026-01-23 18:13:14,128] - [root] - [INFO] - -------------------------------------------
[2026-01-23 18:13:14,129] - [root] - [INFO] - Processing 1-22-2026 5dpi 015-W2021009-160_R1.png
[2026-01-23 18:13:35,754] - [root] - [INFO] - Finished loading mask: 0m 21s
[2026-01-23 18:13:50,262] - [root] - [INFO] - Finished crop and inference: 0m 36s
[2026-01-23 18:13:51,737] - [root] - [INFO] - Analysis finished: 0m 37s
[2026-01-23 18:13:51,737] - [root] - [INFO] - -------------------------------------------
[2026-01-23 18:13:51,737] - [root] - [INFO] - -------------------------------------------
[2026-01-23 18:13:51,737] - [root] - [INFO] - Processing 1-22-2026 5dpi 015-W2021011-633_R1.png
[2026-01-23 18:14:13,396] - [root] - [INFO] - Finished loading mask: 0m 21s
[2026-01-23 18:14:26,589] - [root] - [INFO] - Finished crop and inference: 0m 34s
[2026-01-23 18:14:28,319] - [root] - [INFO] - Analysis finished: 0m 36s
[2026-01-23 18:14:28,320] - [root] - [INFO] - -------------------------------------------
[2026-01-23 18:14:28,320] - [root] - [INFO] - -------------------------------------------
[2026-01-23 18:14:28,320] - [root] - [INFO] - Processing 1-22-2026 5dpi 019-W2021010-428_R2.png
[2026-01-23 18:14:49,650] - [root] - [INFO] - Finished loading mask: 0m 21s
[2026-01-23 18:14:58,036] - [root] - [INFO] - Finished crop and inference: 0m 29s
[2026-01-23 18:14:59,660] - [root] - [INFO] - Analysis finished: 0m 31s
[2026-01-23 18:14:59,661] - [root] - [INFO] - -------------------------------------------
[2026-01-23 18:14:59,661] - [root] - [INFO] - -------------------------------------------
[2026-01-23 18:14:59,661] - [root] - [INFO] - Processing 1-22-2026 5dpi 021-W2021009-175_R1.png
[2026-01-23 18:15:21,031] - [root] - [INFO] - Finished loading mask: 0m 21s
[2026-01-23 18:15:30,370] - [root] - [INFO] - Finished crop and inference: 0m 30s
[2026-01-23 18:15:32,025] - [root] - [INFO] - Analysis finished: 0m 32s
[2026-01-23 18:15:32,025] - [root] - [INFO] - -------------------------------------------
[2026-01-23 18:15:32,025] - [root] - [INFO] - -------------------------------------------
[2026-01-23 18:15:32,025] - [root] - [INFO] - Processing 1-22-2026 5dpi 022-W2021009-198_R2.png
[2026-01-23 18:15:53,581] - [root] - [INFO] - Finished loading mask: 0m 21s
[2026-01-23 18:16:05,349] - [root] - [INFO] - Finished crop and inference: 0m 33s
[2026-01-23 18:16:06,969] - [root] - [INFO] - Analysis finished: 0m 34s
[2026-01-23 18:16:06,969] - [root] - [INFO] - -------------------------------------------
[2026-01-23 18:16:06,969] - [root] - [INFO] - -------------------------------------------
[2026-01-23 18:16:06,969] - [root] - [INFO] - Processing 1-22-2026 5dpi 036-W2021006-047_R2.png
[2026-01-23 18:16:28,146] - [root] - [INFO] - Finished loading mask: 0m 21s
[2026-01-23 18:16:37,046] - [root] - [INFO] - Finished crop and inference: 0m 30s
[2026-01-23 18:16:38,750] - [root] - [INFO] - Analysis finished: 0m 31s
[2026-01-23 18:16:38,750] - [root] - [INFO] - -------------------------------------------
[2026-01-23 18:16:38,750] - [root] - [INFO] - -------------------------------------------
[2026-01-23 18:16:38,750] - [root] - [INFO] - Processing 1-22-2026 5dpi 060-W2021010-324_R2.png
[2026-01-23 18:17:00,171] - [root] - [INFO] - Finished loading mask: 0m 21s
[2026-01-23 18:17:09,521] - [root] - [INFO] - Finished crop and inference: 0m 30s
[2026-01-23 18:17:11,291] - [root] - [INFO] - Analysis finished: 0m 32s
[2026-01-23 18:17:11,291] - [root] - [INFO] - -------------------------------------------
[2026-01-23 18:17:11,291] - [root] - [INFO] - -------------------------------------------
[2026-01-23 18:17:11,291] - [root] - [INFO] - Processing 1-22-2026 5dpi 099-W2021006-611_R2.png
[2026-01-23 18:17:33,545] - [root] - [INFO] - Finished loading mask: 0m 22s
[2026-01-23 18:17:49,768] - [root] - [INFO] - Finished crop and inference: 0m 38s
[2026-01-23 18:17:51,433] - [root] - [INFO] - Analysis finished: 0m 40s
[2026-01-23 18:17:51,433] - [root] - [INFO] - -------------------------------------------
[2026-01-23 18:17:51,433] - [root] - [INFO] - -------------------------------------------
[2026-01-23 18:17:51,433] - [root] - [INFO] - Processing 1-22-2026 5dpi 123-W2021009-255_R2.png
[2026-01-23 18:18:12,469] - [root] - [INFO] - Finished loading mask: 0m 21s
[2026-01-23 18:18:24,156] - [root] - [INFO] - Finished crop and inference: 0m 32s
[2026-01-23 18:18:25,953] - [root] - [INFO] - Analysis finished: 0m 34s
[2026-01-23 18:18:25,954] - [root] - [INFO] - -------------------------------------------
[2026-01-23 18:18:25,954] - [root] - [INFO] - -------------------------------------------
[2026-01-23 18:18:25,954] - [root] - [INFO] - Processing 1-22-2026 5dpi 141-W2021009-274_R1.png
[2026-01-23 18:18:48,163] - [root] - [INFO] - Finished loading mask: 0m 22s
[2026-01-23 18:19:13,268] - [root] - [INFO] - Finished crop and inference: 0m 47s
[2026-01-23 18:19:14,948] - [root] - [INFO] - Analysis finished: 0m 48s
[2026-01-23 18:19:14,949] - [root] - [INFO] - -------------------------------------------
[2026-01-23 18:19:14,949] - [root] - [INFO] - -------------------------------------------
[2026-01-23 18:19:14,949] - [root] - [INFO] - Processing 1-22-2026 5dpi 173-W2021006-127_R2.png
[2026-01-23 18:19:36,860] - [root] - [INFO] - Finished loading mask: 0m 21s
[2026-01-23 18:19:45,804] - [root] - [INFO] - Finished crop and inference: 0m 30s
[2026-01-23 18:19:47,509] - [root] - [INFO] - Analysis finished: 0m 32s
[2026-01-23 18:19:47,509] - [root] - [INFO] - -------------------------------------------
[2026-01-23 18:19:47,509] - [root] - [INFO] - -------------------------------------------
[2026-01-23 18:19:47,509] - [root] - [INFO] - Processing 1-22-2026 5dpi 191-W2021010-449_R1.png
[2026-01-23 18:20:09,004] - [root] - [INFO] - Finished loading mask: 0m 21s
[2026-01-23 18:20:21,600] - [root] - [INFO] - Finished crop and inference: 0m 34s
[2026-01-23 18:20:23,326] - [root] - [INFO] - Analysis finished: 0m 35s
[2026-01-23 18:20:23,326] - [root] - [INFO] - -------------------------------------------
[2026-01-23 18:20:23,326] - [root] - [INFO] - -------------------------------------------
[2026-01-23 18:20:23,326] - [root] - [INFO] - Processing 1-22-2026 5dpi 254-W2021010-352_R2.png
[2026-01-23 18:20:44,157] - [root] - [INFO] - Finished loading mask: 0m 20s
[2026-01-23 18:20:51,921] - [root] - [INFO] - Finished crop and inference: 0m 28s
[2026-01-23 18:20:53,726] - [root] - [INFO] - Analysis finished: 0m 30s
[2026-01-23 18:20:53,726] - [root] - [INFO] - -------------------------------------------
[2026-01-23 18:20:53,726] - [root] - [INFO] - -------------------------------------------
[2026-01-23 18:20:53,726] - [root] - [INFO] - Processing 1-22-2026 5dpi 266-W2021009-193_R1.png
[2026-01-23 18:21:15,421] - [root] - [INFO] - Finished loading mask: 0m 21s
[2026-01-23 18:21:24,928] - [root] - [INFO] - Finished crop and inference: 0m 31s
[2026-01-23 18:21:26,426] - [root] - [INFO] - Analysis finished: 0m 32s
[2026-01-23 18:21:26,426] - [root] - [INFO] - -------------------------------------------
[2026-01-23 18:21:26,426] - [root] - [INFO] - -------------------------------------------
[2026-01-23 18:21:26,426] - [root] - [INFO] - Processing 1-22-2026 5dpi 336-W2021011-506_R2.png
[2026-01-23 18:21:47,662] - [root] - [INFO] - Finished loading mask: 0m 21s
[2026-01-23 18:22:03,351] - [root] - [INFO] - Finished crop and inference: 0m 36s
[2026-01-23 18:22:04,964] - [root] - [INFO] - Analysis finished: 0m 38s
[2026-01-23 18:22:04,964] - [root] - [INFO] - -------------------------------------------
[2026-01-23 18:22:04,972] - [root] - [INFO] - Saved C:\Users\Intel User\Desktop\blackbird_scripts\data\Results\ResNet_upth0.7_downth0.1_Jan22_10-21-00_2026\1-22-2026\th_0.7\severity_rate_tray_5dpi_u0.7_d0.1_ig0.6_sp0.9.csv
             timestamp time_elapsed  ... severity_rate_patch Gradient_sr2
0  2026-01-23 18:13:14       0m 37s  ...               37.43         0.86

[1 rows x 24 columns]
             timestamp time_elapsed  ... severity_rate_patch Gradient_sr2
0  2026-01-23 18:13:14       0m 37s  ...               37.43         0.86
1  2026-01-23 18:13:51       0m 36s  ...               19.28         0.54

[2 rows x 24 columns]
             timestamp time_elapsed  ... severity_rate_patch Gradient_sr2
0  2026-01-23 18:13:14       0m 37s  ...               37.43         0.86
1  2026-01-23 18:13:51       0m 36s  ...               19.28         0.54
2  2026-01-23 18:14:28       0m 31s  ...                1.31         0.03

[3 rows x 24 columns]
             timestamp time_elapsed  ... severity_rate_patch Gradient_sr2
0  2026-01-23 18:13:14       0m 37s  ...               37.43         0.86
1  2026-01-23 18:13:51       0m 36s  ...               19.28         0.54
2  2026-01-23 18:14:28       0m 31s  ...                1.31         0.03
3  2026-01-23 18:14:59       0m 32s  ...                2.65         0.07

[4 rows x 24 columns]
             timestamp time_elapsed  ... severity_rate_patch Gradient_sr2
0  2026-01-23 18:13:14       0m 37s  ...               37.43         0.86
1  2026-01-23 18:13:51       0m 36s  ...               19.28         0.54
2  2026-01-23 18:14:28       0m 31s  ...                1.31         0.03
3  2026-01-23 18:14:59       0m 32s  ...                2.65         0.07
4  2026-01-23 18:15:32       0m 34s  ...               18.20         0.42

[5 rows x 24 columns]
             timestamp time_elapsed  ... severity_rate_patch Gradient_sr2
0  2026-01-23 18:13:14       0m 37s  ...               37.43         0.86
1  2026-01-23 18:13:51       0m 36s  ...               19.28         0.54
2  2026-01-23 18:14:28       0m 31s  ...                1.31         0.03
3  2026-01-23 18:14:59       0m 32s  ...                2.65         0.07
4  2026-01-23 18:15:32       0m 34s  ...               18.20         0.42
5  2026-01-23 18:16:06       0m 31s  ...                0.76         0.02

[6 rows x 24 columns]
             timestamp time_elapsed  ... severity_rate_patch Gradient_sr2
0  2026-01-23 18:13:14       0m 37s  ...               37.43         0.86
1  2026-01-23 18:13:51       0m 36s  ...               19.28         0.54
2  2026-01-23 18:14:28       0m 31s  ...                1.31         0.03
3  2026-01-23 18:14:59       0m 32s  ...                2.65         0.07
4  2026-01-23 18:15:32       0m 34s  ...               18.20         0.42
5  2026-01-23 18:16:06       0m 31s  ...                0.76         0.02
6  2026-01-23 18:16:38       0m 32s  ...                2.33         0.06

[7 rows x 24 columns]
             timestamp time_elapsed  ... severity_rate_patch Gradient_sr2
0  2026-01-23 18:13:14       0m 37s  ...               37.43         0.86
1  2026-01-23 18:13:51       0m 36s  ...               19.28         0.54
2  2026-01-23 18:14:28       0m 31s  ...                1.31         0.03
3  2026-01-23 18:14:59       0m 32s  ...                2.65         0.07
4  2026-01-23 18:15:32       0m 34s  ...               18.20         0.42
5  2026-01-23 18:16:06       0m 31s  ...                0.76         0.02
6  2026-01-23 18:16:38       0m 32s  ...                2.33         0.06
7  2026-01-23 18:17:11       0m 40s  ...               45.45         1.12

[8 rows x 24 columns]
             timestamp time_elapsed  ... severity_rate_patch Gradient_sr2
0  2026-01-23 18:13:14       0m 37s  ...               37.43         0.86
1  2026-01-23 18:13:51       0m 36s  ...               19.28         0.54
2  2026-01-23 18:14:28       0m 31s  ...                1.31         0.03
3  2026-01-23 18:14:59       0m 32s  ...                2.65         0.07
4  2026-01-23 18:15:32       0m 34s  ...               18.20         0.42
5  2026-01-23 18:16:06       0m 31s  ...                0.76         0.02
6  2026-01-23 18:16:38       0m 32s  ...                2.33         0.06
7  2026-01-23 18:17:11       0m 40s  ...               45.45         1.12
8  2026-01-23 18:17:51       0m 34s  ...               10.85         0.23

[9 rows x 24 columns]
             timestamp time_elapsed  ... severity_rate_patch Gradient_sr2
0  2026-01-23 18:13:14       0m 37s  ...               37.43         0.86
1  2026-01-23 18:13:51       0m 36s  ...               19.28         0.54
2  2026-01-23 18:14:28       0m 31s  ...                1.31         0.03
3  2026-01-23 18:14:59       0m 32s  ...                2.65         0.07
4  2026-01-23 18:15:32       0m 34s  ...               18.20         0.42
5  2026-01-23 18:16:06       0m 31s  ...                0.76         0.02
6  2026-01-23 18:16:38       0m 32s  ...                2.33         0.06
7  2026-01-23 18:17:11       0m 40s  ...               45.45         1.12
8  2026-01-23 18:17:51       0m 34s  ...               10.85         0.23
9  2026-01-23 18:18:25       0m 48s  ...               86.54         2.56

[10 rows x 24 columns]
              timestamp time_elapsed  ... severity_rate_patch Gradient_sr2
0   2026-01-23 18:13:14       0m 37s  ...               37.43         0.86
1   2026-01-23 18:13:51       0m 36s  ...               19.28         0.54
2   2026-01-23 18:14:28       0m 31s  ...                1.31         0.03
3   2026-01-23 18:14:59       0m 32s  ...                2.65         0.07
4   2026-01-23 18:15:32       0m 34s  ...               18.20         0.42
5   2026-01-23 18:16:06       0m 31s  ...                0.76         0.02
6   2026-01-23 18:16:38       0m 32s  ...                2.33         0.06
7   2026-01-23 18:17:11       0m 40s  ...               45.45         1.12
8   2026-01-23 18:17:51       0m 34s  ...               10.85         0.23
9   2026-01-23 18:18:25       0m 48s  ...               86.54         2.56
10  2026-01-23 18:19:14       0m 32s  ...                1.35         0.04

[11 rows x 24 columns]
              timestamp time_elapsed  ... severity_rate_patch Gradient_sr2
0   2026-01-23 18:13:14       0m 37s  ...               37.43         0.86
1   2026-01-23 18:13:51       0m 36s  ...               19.28         0.54
2   2026-01-23 18:14:28       0m 31s  ...                1.31         0.03
3   2026-01-23 18:14:59       0m 32s  ...                2.65         0.07
4   2026-01-23 18:15:32       0m 34s  ...               18.20         0.42
5   2026-01-23 18:16:06       0m 31s  ...                0.76         0.02
6   2026-01-23 18:16:38       0m 32s  ...                2.33         0.06
7   2026-01-23 18:17:11       0m 40s  ...               45.45         1.12
8   2026-01-23 18:17:51       0m 34s  ...               10.85         0.23
9   2026-01-23 18:18:25       0m 48s  ...               86.54         2.56
10  2026-01-23 18:19:14       0m 32s  ...                1.35         0.04
11  2026-01-23 18:19:47       0m 35s  ...               21.41         0.56

[12 rows x 24 columns]
              timestamp time_elapsed  ... severity_rate_patch Gradient_sr2
0   2026-01-23 18:13:14       0m 37s  ...               37.43         0.86
1   2026-01-23 18:13:51       0m 36s  ...               19.28         0.54
2   2026-01-23 18:14:28       0m 31s  ...                1.31         0.03
3   2026-01-23 18:14:59       0m 32s  ...                2.65         0.07
4   2026-01-23 18:15:32       0m 34s  ...               18.20         0.42
5   2026-01-23 18:16:06       0m 31s  ...                0.76         0.02
6   2026-01-23 18:16:38       0m 32s  ...                2.33         0.06
7   2026-01-23 18:17:11       0m 40s  ...               45.45         1.12
8   2026-01-23 18:17:51       0m 34s  ...               10.85         0.23
9   2026-01-23 18:18:25       0m 48s  ...               86.54         2.56
10  2026-01-23 18:19:14       0m 32s  ...                1.35         0.04
11  2026-01-23 18:19:47       0m 35s  ...               21.41         0.56
12  2026-01-23 18:20:23       0m 30s  ...                1.84         0.05

[13 rows x 24 columns]
              timestamp time_elapsed  ... severity_rate_patch Gradient_sr2
0   2026-01-23 18:13:14       0m 37s  ...               37.43         0.86
1   2026-01-23 18:13:51       0m 36s  ...               19.28         0.54
2   2026-01-23 18:14:28       0m 31s  ...                1.31         0.03
3   2026-01-23 18:14:59       0m 32s  ...                2.65         0.07
4   2026-01-23 18:15:32       0m 34s  ...               18.20         0.42
5   2026-01-23 18:16:06       0m 31s  ...                0.76         0.02
6   2026-01-23 18:16:38       0m 32s  ...                2.33         0.06
7   2026-01-23 18:17:11       0m 40s  ...               45.45         1.12
8   2026-01-23 18:17:51       0m 34s  ...               10.85         0.23
9   2026-01-23 18:18:25       0m 48s  ...               86.54         2.56
10  2026-01-23 18:19:14       0m 32s  ...                1.35         0.04
11  2026-01-23 18:19:47       0m 35s  ...               21.41         0.56
12  2026-01-23 18:20:23       0m 30s  ...                1.84         0.05
13  2026-01-23 18:20:53       0m 32s  ...                8.53         0.22

[14 rows x 24 columns]
              timestamp time_elapsed  ... severity_rate_patch Gradient_sr2
0   2026-01-23 18:13:14       0m 37s  ...               37.43         0.86
1   2026-01-23 18:13:51       0m 36s  ...               19.28         0.54
2   2026-01-23 18:14:28       0m 31s  ...                1.31         0.03
3   2026-01-23 18:14:59       0m 32s  ...                2.65         0.07
4   2026-01-23 18:15:32       0m 34s  ...               18.20         0.42
5   2026-01-23 18:16:06       0m 31s  ...                0.76         0.02
6   2026-01-23 18:16:38       0m 32s  ...                2.33         0.06
7   2026-01-23 18:17:11       0m 40s  ...               45.45         1.12
8   2026-01-23 18:17:51       0m 34s  ...               10.85         0.23
9   2026-01-23 18:18:25       0m 48s  ...               86.54         2.56
10  2026-01-23 18:19:14       0m 32s  ...                1.35         0.04
11  2026-01-23 18:19:47       0m 35s  ...               21.41         0.56
12  2026-01-23 18:20:23       0m 30s  ...                1.84         0.05
13  2026-01-23 18:20:53       0m 32s  ...                8.53         0.22
14  2026-01-23 18:21:26       0m 38s  ...               46.19         1.20

[15 rows x 24 columns]

real	8m58.280s
user	0m0.015s
sys	0m0.000s
