[2026-01-23 19:41:21,646] - [root] - [INFO] - leaf_correlation_mw.py
[2026-01-23 19:41:21,647] - [root] - [INFO] - model_type       : ResNet
[2026-01-23 19:41:21,647] - [root] - [INFO] - pretrained       : True
[2026-01-23 19:41:21,647] - [root] - [INFO] - loading_epoch    : 65
[2026-01-23 19:41:21,647] - [root] - [INFO] - timestamp        : Jan22_10-21-00_2026
[2026-01-23 19:41:21,647] - [root] - [INFO] - outdim           : 2
[2026-01-23 19:41:21,647] - [root] - [INFO] - dual_head        : True
[2026-01-23 19:41:21,648] - [root] - [INFO] - model_path       : ../..
[2026-01-23 19:41:21,648] - [root] - [INFO] - step_size        : 224
[2026-01-23 19:41:21,648] - [root] - [INFO] - means            : [0.541, 0.6371, 0.4188]
[2026-01-23 19:41:21,648] - [root] - [INFO] - stds             : [0.1764, 0.165, 0.2326]
[2026-01-23 19:41:21,648] - [root] - [INFO] - target_class     : 1
[2026-01-23 19:41:21,648] - [root] - [INFO] - contam_control   : False
[2026-01-23 19:41:21,648] - [root] - [INFO] - spor_th          : 0.9
[2026-01-23 19:41:21,648] - [root] - [INFO] - inf_gate         : 0.6
[2026-01-23 19:41:21,648] - [root] - [INFO] - pm               : HPM-1269
[2026-01-23 19:41:21,648] - [root] - [INFO] - mps              : False
[2026-01-23 19:41:21,648] - [root] - [INFO] - cuda             : True
[2026-01-23 19:41:21,648] - [root] - [INFO] - cuda_id          : 0
[2026-01-23 19:41:21,648] - [root] - [INFO] - sal_threshold    : 0.5
[2026-01-23 19:41:21,648] - [root] - [INFO] - up_threshold     : 0.8
[2026-01-23 19:41:21,648] - [root] - [INFO] - down_threshold   : 0.3
[2026-01-23 19:41:21,648] - [root] - [INFO] - dataset_path     : C:/Users/Intel User/Desktop/blackbird_scripts/data/human_disk_assessments
[2026-01-23 19:41:21,649] - [root] - [INFO] - img_folder       : 1-22-2026
[2026-01-23 19:41:21,649] - [root] - [INFO] - platform         : BlackBird
[2026-01-23 19:41:21,649] - [root] - [INFO] - threshold        : ['0.7']
[2026-01-23 19:41:21,649] - [root] - [INFO] - log              : ../../results/logs/random.log
[2026-01-23 19:41:21,649] - [root] - [INFO] - dpi              : 5
[2026-01-23 19:41:21,649] - [root] - [INFO] - group            : baseline
[2026-01-23 19:41:21,649] - [root] - [INFO] - trays            : ['5dpi']
[2026-01-23 19:41:21,649] - [root] - [INFO] - sal_gradcam      : False
[2026-01-23 19:41:21,649] - [root] - [INFO] - sal_gradient     : True
[2026-01-23 19:41:21,649] - [root] - [INFO] - sal_smoothgrad   : False
[2026-01-23 19:41:21,649] - [root] - [INFO] - sal_deeplift     : False
[2026-01-23 19:41:21,649] - [root] - [INFO] - sal_thresh_method : fixed
[2026-01-23 19:41:21,649] - [root] - [INFO] - sal_thresh_p     : 95.0
[2026-01-23 19:41:22,753] - [root] - [INFO] - -------------------------------------------
[2026-01-23 19:41:22,753] - [root] - [INFO] - Processing 1-22-2026 5dpi 015-W2021009-160_R1.png
[2026-01-23 19:41:44,481] - [root] - [INFO] - Finished loading mask: 0m 21s
[2026-01-23 19:41:56,888] - [root] - [INFO] - Finished crop and inference: 0m 34s
[2026-01-23 19:41:58,636] - [root] - [INFO] - Analysis finished: 0m 35s
[2026-01-23 19:41:58,636] - [root] - [INFO] - -------------------------------------------
[2026-01-23 19:41:58,636] - [root] - [INFO] - -------------------------------------------
[2026-01-23 19:41:58,636] - [root] - [INFO] - Processing 1-22-2026 5dpi 015-W2021011-633_R1.png
[2026-01-23 19:42:20,708] - [root] - [INFO] - Finished loading mask: 0m 22s
[2026-01-23 19:42:32,877] - [root] - [INFO] - Finished crop and inference: 0m 34s
[2026-01-23 19:42:34,491] - [root] - [INFO] - Analysis finished: 0m 35s
[2026-01-23 19:42:34,491] - [root] - [INFO] - -------------------------------------------
[2026-01-23 19:42:34,491] - [root] - [INFO] - -------------------------------------------
[2026-01-23 19:42:34,491] - [root] - [INFO] - Processing 1-22-2026 5dpi 019-W2021010-428_R2.png
[2026-01-23 19:42:56,219] - [root] - [INFO] - Finished loading mask: 0m 21s
[2026-01-23 19:43:04,698] - [root] - [INFO] - Finished crop and inference: 0m 30s
[2026-01-23 19:43:06,338] - [root] - [INFO] - Analysis finished: 0m 31s
[2026-01-23 19:43:06,339] - [root] - [INFO] - -------------------------------------------
[2026-01-23 19:43:06,339] - [root] - [INFO] - -------------------------------------------
[2026-01-23 19:43:06,339] - [root] - [INFO] - Processing 1-22-2026 5dpi 021-W2021009-175_R1.png
[2026-01-23 19:43:27,849] - [root] - [INFO] - Finished loading mask: 0m 21s
[2026-01-23 19:43:37,579] - [root] - [INFO] - Finished crop and inference: 0m 31s
[2026-01-23 19:43:39,229] - [root] - [INFO] - Analysis finished: 0m 32s
[2026-01-23 19:43:39,229] - [root] - [INFO] - -------------------------------------------
[2026-01-23 19:43:39,230] - [root] - [INFO] - -------------------------------------------
[2026-01-23 19:43:39,230] - [root] - [INFO] - Processing 1-22-2026 5dpi 022-W2021009-198_R2.png
[2026-01-23 19:44:00,990] - [root] - [INFO] - Finished loading mask: 0m 21s
[2026-01-23 19:44:12,034] - [root] - [INFO] - Finished crop and inference: 0m 32s
[2026-01-23 19:44:13,605] - [root] - [INFO] - Analysis finished: 0m 34s
[2026-01-23 19:44:13,605] - [root] - [INFO] - -------------------------------------------
[2026-01-23 19:44:13,605] - [root] - [INFO] - -------------------------------------------
[2026-01-23 19:44:13,605] - [root] - [INFO] - Processing 1-22-2026 5dpi 036-W2021006-047_R2.png
[2026-01-23 19:44:35,529] - [root] - [INFO] - Finished loading mask: 0m 21s
[2026-01-23 19:44:44,522] - [root] - [INFO] - Finished crop and inference: 0m 30s
[2026-01-23 19:44:46,111] - [root] - [INFO] - Analysis finished: 0m 32s
[2026-01-23 19:44:46,112] - [root] - [INFO] - -------------------------------------------
[2026-01-23 19:44:46,112] - [root] - [INFO] - -------------------------------------------
[2026-01-23 19:44:46,112] - [root] - [INFO] - Processing 1-22-2026 5dpi 060-W2021010-324_R2.png
[2026-01-23 19:45:08,598] - [root] - [INFO] - Finished loading mask: 0m 22s
[2026-01-23 19:45:17,885] - [root] - [INFO] - Finished crop and inference: 0m 31s
[2026-01-23 19:45:19,464] - [root] - [INFO] - Analysis finished: 0m 33s
[2026-01-23 19:45:19,464] - [root] - [INFO] - -------------------------------------------
[2026-01-23 19:45:19,465] - [root] - [INFO] - -------------------------------------------
[2026-01-23 19:45:19,465] - [root] - [INFO] - Processing 1-22-2026 5dpi 099-W2021006-611_R2.png
[2026-01-23 19:45:41,511] - [root] - [INFO] - Finished loading mask: 0m 22s
[2026-01-23 19:45:56,182] - [root] - [INFO] - Finished crop and inference: 0m 36s
[2026-01-23 19:45:57,659] - [root] - [INFO] - Analysis finished: 0m 38s
[2026-01-23 19:45:57,659] - [root] - [INFO] - -------------------------------------------
[2026-01-23 19:45:57,659] - [root] - [INFO] - -------------------------------------------
[2026-01-23 19:45:57,659] - [root] - [INFO] - Processing 1-22-2026 5dpi 123-W2021009-255_R2.png
[2026-01-23 19:46:19,505] - [root] - [INFO] - Finished loading mask: 0m 21s
[2026-01-23 19:46:29,875] - [root] - [INFO] - Finished crop and inference: 0m 32s
[2026-01-23 19:46:31,383] - [root] - [INFO] - Analysis finished: 0m 33s
[2026-01-23 19:46:31,383] - [root] - [INFO] - -------------------------------------------
[2026-01-23 19:46:31,383] - [root] - [INFO] - -------------------------------------------
[2026-01-23 19:46:31,383] - [root] - [INFO] - Processing 1-22-2026 5dpi 141-W2021009-274_R1.png
[2026-01-23 19:46:53,770] - [root] - [INFO] - Finished loading mask: 0m 22s
[2026-01-23 19:47:16,519] - [root] - [INFO] - Finished crop and inference: 0m 45s
[2026-01-23 19:47:18,018] - [root] - [INFO] - Analysis finished: 0m 46s
[2026-01-23 19:47:18,018] - [root] - [INFO] - -------------------------------------------
[2026-01-23 19:47:18,018] - [root] - [INFO] - -------------------------------------------
[2026-01-23 19:47:18,018] - [root] - [INFO] - Processing 1-22-2026 5dpi 173-W2021006-127_R2.png
[2026-01-23 19:47:39,815] - [root] - [INFO] - Finished loading mask: 0m 21s
[2026-01-23 19:47:48,762] - [root] - [INFO] - Finished crop and inference: 0m 30s
[2026-01-23 19:47:50,327] - [root] - [INFO] - Analysis finished: 0m 32s
[2026-01-23 19:47:50,327] - [root] - [INFO] - -------------------------------------------
[2026-01-23 19:47:50,327] - [root] - [INFO] - -------------------------------------------
[2026-01-23 19:47:50,327] - [root] - [INFO] - Processing 1-22-2026 5dpi 191-W2021010-449_R1.png
[2026-01-23 19:48:11,973] - [root] - [INFO] - Finished loading mask: 0m 21s
[2026-01-23 19:48:23,855] - [root] - [INFO] - Finished crop and inference: 0m 33s
[2026-01-23 19:48:25,377] - [root] - [INFO] - Analysis finished: 0m 35s
[2026-01-23 19:48:25,377] - [root] - [INFO] - -------------------------------------------
[2026-01-23 19:48:25,377] - [root] - [INFO] - -------------------------------------------
[2026-01-23 19:48:25,377] - [root] - [INFO] - Processing 1-22-2026 5dpi 254-W2021010-352_R2.png
[2026-01-23 19:48:46,440] - [root] - [INFO] - Finished loading mask: 0m 21s
[2026-01-23 19:48:53,824] - [root] - [INFO] - Finished crop and inference: 0m 28s
[2026-01-23 19:48:55,375] - [root] - [INFO] - Analysis finished: 0m 29s
[2026-01-23 19:48:55,375] - [root] - [INFO] - -------------------------------------------
[2026-01-23 19:48:55,375] - [root] - [INFO] - -------------------------------------------
[2026-01-23 19:48:55,375] - [root] - [INFO] - Processing 1-22-2026 5dpi 266-W2021009-193_R1.png
[2026-01-23 19:49:16,132] - [root] - [INFO] - Finished loading mask: 0m 20s
[2026-01-23 19:49:25,024] - [root] - [INFO] - Finished crop and inference: 0m 29s
[2026-01-23 19:49:26,568] - [root] - [INFO] - Analysis finished: 0m 31s
[2026-01-23 19:49:26,568] - [root] - [INFO] - -------------------------------------------
[2026-01-23 19:49:26,568] - [root] - [INFO] - -------------------------------------------
[2026-01-23 19:49:26,568] - [root] - [INFO] - Processing 1-22-2026 5dpi 336-W2021011-506_R2.png
[2026-01-23 19:49:47,300] - [root] - [INFO] - Finished loading mask: 0m 20s
[2026-01-23 19:50:02,075] - [root] - [INFO] - Finished crop and inference: 0m 35s
[2026-01-23 19:50:03,606] - [root] - [INFO] - Analysis finished: 0m 37s
[2026-01-23 19:50:03,606] - [root] - [INFO] - -------------------------------------------
[2026-01-23 19:50:03,612] - [root] - [INFO] - Saved C:\Users\Intel User\Desktop\blackbird_scripts\data\Results\ResNet_upth0.8_downth0.3_Jan22_10-21-00_2026\1-22-2026\th_0.7\severity_rate_tray_5dpi_u0.8_d0.3_ig0.6_sp0.9.csv
             timestamp time_elapsed  ... severity_rate_patch Gradient_sr2
0  2026-01-23 19:41:22       0m 35s  ...               31.47         0.76

[1 rows x 24 columns]
             timestamp time_elapsed  ... severity_rate_patch Gradient_sr2
0  2026-01-23 19:41:22       0m 35s  ...               31.47         0.76
1  2026-01-23 19:41:58       0m 35s  ...               17.45         0.49

[2 rows x 24 columns]
             timestamp time_elapsed  ... severity_rate_patch Gradient_sr2
0  2026-01-23 19:41:22       0m 35s  ...               31.47         0.76
1  2026-01-23 19:41:58       0m 35s  ...               17.45         0.49
2  2026-01-23 19:42:34       0m 31s  ...                0.96         0.02

[3 rows x 24 columns]
             timestamp time_elapsed  ... severity_rate_patch Gradient_sr2
0  2026-01-23 19:41:22       0m 35s  ...               31.47         0.76
1  2026-01-23 19:41:58       0m 35s  ...               17.45         0.49
2  2026-01-23 19:42:34       0m 31s  ...                0.96         0.02
3  2026-01-23 19:43:06       0m 32s  ...                2.17         0.06

[4 rows x 24 columns]
             timestamp time_elapsed  ... severity_rate_patch Gradient_sr2
0  2026-01-23 19:41:22       0m 35s  ...               31.47         0.76
1  2026-01-23 19:41:58       0m 35s  ...               17.45         0.49
2  2026-01-23 19:42:34       0m 31s  ...                0.96         0.02
3  2026-01-23 19:43:06       0m 32s  ...                2.17         0.06
4  2026-01-23 19:43:39       0m 34s  ...               13.64         0.35

[5 rows x 24 columns]
             timestamp time_elapsed  ... severity_rate_patch Gradient_sr2
0  2026-01-23 19:41:22       0m 35s  ...               31.47         0.76
1  2026-01-23 19:41:58       0m 35s  ...               17.45         0.49
2  2026-01-23 19:42:34       0m 31s  ...                0.96         0.02
3  2026-01-23 19:43:06       0m 32s  ...                2.17         0.06
4  2026-01-23 19:43:39       0m 34s  ...               13.64         0.35
5  2026-01-23 19:44:13       0m 32s  ...                0.74         0.02

[6 rows x 24 columns]
             timestamp time_elapsed  ... severity_rate_patch Gradient_sr2
0  2026-01-23 19:41:22       0m 35s  ...               31.47         0.76
1  2026-01-23 19:41:58       0m 35s  ...               17.45         0.49
2  2026-01-23 19:42:34       0m 31s  ...                0.96         0.02
3  2026-01-23 19:43:06       0m 32s  ...                2.17         0.06
4  2026-01-23 19:43:39       0m 34s  ...               13.64         0.35
5  2026-01-23 19:44:13       0m 32s  ...                0.74         0.02
6  2026-01-23 19:44:46       0m 33s  ...                1.97         0.05

[7 rows x 24 columns]
             timestamp time_elapsed  ... severity_rate_patch Gradient_sr2
0  2026-01-23 19:41:22       0m 35s  ...               31.47         0.76
1  2026-01-23 19:41:58       0m 35s  ...               17.45         0.49
2  2026-01-23 19:42:34       0m 31s  ...                0.96         0.02
3  2026-01-23 19:43:06       0m 32s  ...                2.17         0.06
4  2026-01-23 19:43:39       0m 34s  ...               13.64         0.35
5  2026-01-23 19:44:13       0m 32s  ...                0.74         0.02
6  2026-01-23 19:44:46       0m 33s  ...                1.97         0.05
7  2026-01-23 19:45:19       0m 38s  ...               39.25         1.03

[8 rows x 24 columns]
             timestamp time_elapsed  ... severity_rate_patch Gradient_sr2
0  2026-01-23 19:41:22       0m 35s  ...               31.47         0.76
1  2026-01-23 19:41:58       0m 35s  ...               17.45         0.49
2  2026-01-23 19:42:34       0m 31s  ...                0.96         0.02
3  2026-01-23 19:43:06       0m 32s  ...                2.17         0.06
4  2026-01-23 19:43:39       0m 34s  ...               13.64         0.35
5  2026-01-23 19:44:13       0m 32s  ...                0.74         0.02
6  2026-01-23 19:44:46       0m 33s  ...                1.97         0.05
7  2026-01-23 19:45:19       0m 38s  ...               39.25         1.03
8  2026-01-23 19:45:57       0m 33s  ...                8.20         0.20

[9 rows x 24 columns]
             timestamp time_elapsed  ... severity_rate_patch Gradient_sr2
0  2026-01-23 19:41:22       0m 35s  ...               31.47         0.76
1  2026-01-23 19:41:58       0m 35s  ...               17.45         0.49
2  2026-01-23 19:42:34       0m 31s  ...                0.96         0.02
3  2026-01-23 19:43:06       0m 32s  ...                2.17         0.06
4  2026-01-23 19:43:39       0m 34s  ...               13.64         0.35
5  2026-01-23 19:44:13       0m 32s  ...                0.74         0.02
6  2026-01-23 19:44:46       0m 33s  ...                1.97         0.05
7  2026-01-23 19:45:19       0m 38s  ...               39.25         1.03
8  2026-01-23 19:45:57       0m 33s  ...                8.20         0.20
9  2026-01-23 19:46:31       0m 46s  ...               84.32         2.54

[10 rows x 24 columns]
              timestamp time_elapsed  ... severity_rate_patch Gradient_sr2
0   2026-01-23 19:41:22       0m 35s  ...               31.47         0.76
1   2026-01-23 19:41:58       0m 35s  ...               17.45         0.49
2   2026-01-23 19:42:34       0m 31s  ...                0.96         0.02
3   2026-01-23 19:43:06       0m 32s  ...                2.17         0.06
4   2026-01-23 19:43:39       0m 34s  ...               13.64         0.35
5   2026-01-23 19:44:13       0m 32s  ...                0.74         0.02
6   2026-01-23 19:44:46       0m 33s  ...                1.97         0.05
7   2026-01-23 19:45:19       0m 38s  ...               39.25         1.03
8   2026-01-23 19:45:57       0m 33s  ...                8.20         0.20
9   2026-01-23 19:46:31       0m 46s  ...               84.32         2.54
10  2026-01-23 19:47:18       0m 32s  ...                1.18         0.03

[11 rows x 24 columns]
              timestamp time_elapsed  ... severity_rate_patch Gradient_sr2
0   2026-01-23 19:41:22       0m 35s  ...               31.47         0.76
1   2026-01-23 19:41:58       0m 35s  ...               17.45         0.49
2   2026-01-23 19:42:34       0m 31s  ...                0.96         0.02
3   2026-01-23 19:43:06       0m 32s  ...                2.17         0.06
4   2026-01-23 19:43:39       0m 34s  ...               13.64         0.35
5   2026-01-23 19:44:13       0m 32s  ...                0.74         0.02
6   2026-01-23 19:44:46       0m 33s  ...                1.97         0.05
7   2026-01-23 19:45:19       0m 38s  ...               39.25         1.03
8   2026-01-23 19:45:57       0m 33s  ...                8.20         0.20
9   2026-01-23 19:46:31       0m 46s  ...               84.32         2.54
10  2026-01-23 19:47:18       0m 32s  ...                1.18         0.03
11  2026-01-23 19:47:50       0m 35s  ...               18.93         0.52

[12 rows x 24 columns]
              timestamp time_elapsed  ... severity_rate_patch Gradient_sr2
0   2026-01-23 19:41:22       0m 35s  ...               31.47         0.76
1   2026-01-23 19:41:58       0m 35s  ...               17.45         0.49
2   2026-01-23 19:42:34       0m 31s  ...                0.96         0.02
3   2026-01-23 19:43:06       0m 32s  ...                2.17         0.06
4   2026-01-23 19:43:39       0m 34s  ...               13.64         0.35
5   2026-01-23 19:44:13       0m 32s  ...                0.74         0.02
6   2026-01-23 19:44:46       0m 33s  ...                1.97         0.05
7   2026-01-23 19:45:19       0m 38s  ...               39.25         1.03
8   2026-01-23 19:45:57       0m 33s  ...                8.20         0.20
9   2026-01-23 19:46:31       0m 46s  ...               84.32         2.54
10  2026-01-23 19:47:18       0m 32s  ...                1.18         0.03
11  2026-01-23 19:47:50       0m 35s  ...               18.93         0.52
12  2026-01-23 19:48:25       0m 29s  ...                1.44         0.04

[13 rows x 24 columns]
              timestamp time_elapsed  ... severity_rate_patch Gradient_sr2
0   2026-01-23 19:41:22       0m 35s  ...               31.47         0.76
1   2026-01-23 19:41:58       0m 35s  ...               17.45         0.49
2   2026-01-23 19:42:34       0m 31s  ...                0.96         0.02
3   2026-01-23 19:43:06       0m 32s  ...                2.17         0.06
4   2026-01-23 19:43:39       0m 34s  ...               13.64         0.35
5   2026-01-23 19:44:13       0m 32s  ...                0.74         0.02
6   2026-01-23 19:44:46       0m 33s  ...                1.97         0.05
7   2026-01-23 19:45:19       0m 38s  ...               39.25         1.03
8   2026-01-23 19:45:57       0m 33s  ...                8.20         0.20
9   2026-01-23 19:46:31       0m 46s  ...               84.32         2.54
10  2026-01-23 19:47:18       0m 32s  ...                1.18         0.03
11  2026-01-23 19:47:50       0m 35s  ...               18.93         0.52
12  2026-01-23 19:48:25       0m 29s  ...                1.44         0.04
13  2026-01-23 19:48:55       0m 31s  ...                7.04         0.20

[14 rows x 24 columns]
              timestamp time_elapsed  ... severity_rate_patch Gradient_sr2
0   2026-01-23 19:41:22       0m 35s  ...               31.47         0.76
1   2026-01-23 19:41:58       0m 35s  ...               17.45         0.49
2   2026-01-23 19:42:34       0m 31s  ...                0.96         0.02
3   2026-01-23 19:43:06       0m 32s  ...                2.17         0.06
4   2026-01-23 19:43:39       0m 34s  ...               13.64         0.35
5   2026-01-23 19:44:13       0m 32s  ...                0.74         0.02
6   2026-01-23 19:44:46       0m 33s  ...                1.97         0.05
7   2026-01-23 19:45:19       0m 38s  ...               39.25         1.03
8   2026-01-23 19:45:57       0m 33s  ...                8.20         0.20
9   2026-01-23 19:46:31       0m 46s  ...               84.32         2.54
10  2026-01-23 19:47:18       0m 32s  ...                1.18         0.03
11  2026-01-23 19:47:50       0m 35s  ...               18.93         0.52
12  2026-01-23 19:48:25       0m 29s  ...                1.44         0.04
13  2026-01-23 19:48:55       0m 31s  ...                7.04         0.20
14  2026-01-23 19:49:26       0m 37s  ...               43.14         1.18

[15 rows x 24 columns]

real	8m47.924s
user	0m0.000s
sys	0m0.000s
