[2026-01-24 15:45:32,880] - [root] - [INFO] - leaf_correlation_mw.py
[2026-01-24 15:45:32,881] - [root] - [INFO] - model_type       : ResNet
[2026-01-24 15:45:32,881] - [root] - [INFO] - pretrained       : True
[2026-01-24 15:45:32,881] - [root] - [INFO] - loading_epoch    : 65
[2026-01-24 15:45:32,881] - [root] - [INFO] - timestamp        : Jan22_10-21-00_2026
[2026-01-24 15:45:32,881] - [root] - [INFO] - outdim           : 2
[2026-01-24 15:45:32,881] - [root] - [INFO] - dual_head        : True
[2026-01-24 15:45:32,882] - [root] - [INFO] - model_path       : ../..
[2026-01-24 15:45:32,882] - [root] - [INFO] - step_size        : 224
[2026-01-24 15:45:32,882] - [root] - [INFO] - means            : [0.541, 0.6371, 0.4188]
[2026-01-24 15:45:32,882] - [root] - [INFO] - stds             : [0.1764, 0.165, 0.2326]
[2026-01-24 15:45:32,882] - [root] - [INFO] - target_class     : 1
[2026-01-24 15:45:32,882] - [root] - [INFO] - contam_control   : False
[2026-01-24 15:45:32,882] - [root] - [INFO] - spor_th          : 0.9
[2026-01-24 15:45:32,882] - [root] - [INFO] - inf_gate         : 0.3
[2026-01-24 15:45:32,882] - [root] - [INFO] - pm               : HPM-1269
[2026-01-24 15:45:32,882] - [root] - [INFO] - mps              : False
[2026-01-24 15:45:32,883] - [root] - [INFO] - cuda             : True
[2026-01-24 15:45:32,883] - [root] - [INFO] - cuda_id          : 0
[2026-01-24 15:45:32,883] - [root] - [INFO] - sal_threshold    : 0.5
[2026-01-24 15:45:32,883] - [root] - [INFO] - up_threshold     : 0.8
[2026-01-24 15:45:32,883] - [root] - [INFO] - down_threshold   : 0.1
[2026-01-24 15:45:32,883] - [root] - [INFO] - dataset_path     : C:/Users/Intel User/Desktop/blackbird_scripts/data/human_disk_assessments
[2026-01-24 15:45:32,883] - [root] - [INFO] - img_folder       : 1-22-2026
[2026-01-24 15:45:32,883] - [root] - [INFO] - platform         : BlackBird
[2026-01-24 15:45:32,883] - [root] - [INFO] - threshold        : ['0.7']
[2026-01-24 15:45:32,883] - [root] - [INFO] - log              : ../../results/logs/random.log
[2026-01-24 15:45:32,883] - [root] - [INFO] - dpi              : 5
[2026-01-24 15:45:32,883] - [root] - [INFO] - group            : baseline
[2026-01-24 15:45:32,883] - [root] - [INFO] - trays            : ['5dpi']
[2026-01-24 15:45:32,884] - [root] - [INFO] - sal_gradcam      : False
[2026-01-24 15:45:32,884] - [root] - [INFO] - sal_gradient     : True
[2026-01-24 15:45:32,884] - [root] - [INFO] - sal_smoothgrad   : False
[2026-01-24 15:45:32,884] - [root] - [INFO] - sal_deeplift     : False
[2026-01-24 15:45:32,884] - [root] - [INFO] - sal_thresh_method : fixed
[2026-01-24 15:45:32,884] - [root] - [INFO] - sal_thresh_p     : 95.0
[2026-01-24 15:45:33,940] - [root] - [INFO] - -------------------------------------------
[2026-01-24 15:45:33,941] - [root] - [INFO] - Processing 1-22-2026 5dpi 005-W2021011-592_R2.png
[2026-01-24 15:45:54,556] - [root] - [INFO] - Finished loading mask: 0m 20s
[2026-01-24 15:46:05,942] - [root] - [INFO] - Finished crop and inference: 0m 32s
[2026-01-24 15:46:07,788] - [root] - [INFO] - Analysis finished: 0m 33s
[2026-01-24 15:46:07,788] - [root] - [INFO] - -------------------------------------------
[2026-01-24 15:46:07,789] - [root] - [INFO] - -------------------------------------------
[2026-01-24 15:46:07,789] - [root] - [INFO] - Processing 1-22-2026 5dpi 022-W2021009-198_R2.png
[2026-01-24 15:46:30,225] - [root] - [INFO] - Finished loading mask: 0m 22s
[2026-01-24 15:46:44,455] - [root] - [INFO] - Finished crop and inference: 0m 36s
[2026-01-24 15:46:46,468] - [root] - [INFO] - Analysis finished: 0m 38s
[2026-01-24 15:46:46,468] - [root] - [INFO] - -------------------------------------------
[2026-01-24 15:46:46,468] - [root] - [INFO] - -------------------------------------------
[2026-01-24 15:46:46,468] - [root] - [INFO] - Processing 1-22-2026 5dpi 047-W2021011-482_R1.png
[2026-01-24 15:47:09,365] - [root] - [INFO] - Finished loading mask: 0m 22s
[2026-01-24 15:47:27,002] - [root] - [INFO] - Finished crop and inference: 0m 40s
[2026-01-24 15:47:28,908] - [root] - [INFO] - Analysis finished: 0m 42s
[2026-01-24 15:47:28,908] - [root] - [INFO] - -------------------------------------------
[2026-01-24 15:47:28,910] - [root] - [INFO] - -------------------------------------------
[2026-01-24 15:47:28,910] - [root] - [INFO] - Processing 1-22-2026 5dpi 055-W2021010-397_R2.png
[2026-01-24 15:47:51,333] - [root] - [INFO] - Finished loading mask: 0m 22s
[2026-01-24 15:48:03,765] - [root] - [INFO] - Finished crop and inference: 0m 34s
[2026-01-24 15:48:05,597] - [root] - [INFO] - Analysis finished: 0m 36s
[2026-01-24 15:48:05,597] - [root] - [INFO] - -------------------------------------------
[2026-01-24 15:48:05,597] - [root] - [INFO] - -------------------------------------------
[2026-01-24 15:48:05,597] - [root] - [INFO] - Processing 1-22-2026 5dpi 121-W2021009-185_R1.png
[2026-01-24 15:48:27,852] - [root] - [INFO] - Finished loading mask: 0m 22s
[2026-01-24 15:48:38,354] - [root] - [INFO] - Finished crop and inference: 0m 32s
[2026-01-24 15:48:40,122] - [root] - [INFO] - Analysis finished: 0m 34s
[2026-01-24 15:48:40,122] - [root] - [INFO] - -------------------------------------------
[2026-01-24 15:48:40,122] - [root] - [INFO] - -------------------------------------------
[2026-01-24 15:48:40,122] - [root] - [INFO] - Processing 1-22-2026 5dpi 128-W2021006-013_R1.png
[2026-01-24 15:49:03,243] - [root] - [INFO] - Finished loading mask: 0m 23s
[2026-01-24 15:49:24,622] - [root] - [INFO] - Finished crop and inference: 0m 44s
[2026-01-24 15:49:26,535] - [root] - [INFO] - Analysis finished: 0m 46s
[2026-01-24 15:49:26,535] - [root] - [INFO] - -------------------------------------------
[2026-01-24 15:49:26,535] - [root] - [INFO] - -------------------------------------------
[2026-01-24 15:49:26,535] - [root] - [INFO] - Processing 1-22-2026 5dpi 149-W2021010-417_R1.png
[2026-01-24 15:49:48,926] - [root] - [INFO] - Finished loading mask: 0m 22s
[2026-01-24 15:50:02,304] - [root] - [INFO] - Finished crop and inference: 0m 35s
[2026-01-24 15:50:04,341] - [root] - [INFO] - Analysis finished: 0m 37s
[2026-01-24 15:50:04,341] - [root] - [INFO] - -------------------------------------------
[2026-01-24 15:50:04,341] - [root] - [INFO] - -------------------------------------------
[2026-01-24 15:50:04,341] - [root] - [INFO] - Processing 1-22-2026 5dpi 156-W2021009-276_R2.png
[2026-01-24 15:50:26,663] - [root] - [INFO] - Finished loading mask: 0m 22s
[2026-01-24 15:50:40,344] - [root] - [INFO] - Finished crop and inference: 0m 36s
[2026-01-24 15:50:42,267] - [root] - [INFO] - Analysis finished: 0m 37s
[2026-01-24 15:50:42,267] - [root] - [INFO] - -------------------------------------------
[2026-01-24 15:50:42,267] - [root] - [INFO] - -------------------------------------------
[2026-01-24 15:50:42,267] - [root] - [INFO] - Processing 1-22-2026 5dpi 172-W2021011-557_R2.png
[2026-01-24 15:51:04,300] - [root] - [INFO] - Finished loading mask: 0m 22s
[2026-01-24 15:51:17,605] - [root] - [INFO] - Finished crop and inference: 0m 35s
[2026-01-24 15:51:19,512] - [root] - [INFO] - Analysis finished: 0m 37s
[2026-01-24 15:51:19,512] - [root] - [INFO] - -------------------------------------------
[2026-01-24 15:51:19,512] - [root] - [INFO] - -------------------------------------------
[2026-01-24 15:51:19,512] - [root] - [INFO] - Processing 1-22-2026 5dpi 180-W2021011-476_R2.png
[2026-01-24 15:51:42,101] - [root] - [INFO] - Finished loading mask: 0m 22s
[2026-01-24 15:52:04,590] - [root] - [INFO] - Finished crop and inference: 0m 45s
[2026-01-24 15:52:06,516] - [root] - [INFO] - Analysis finished: 0m 47s
[2026-01-24 15:52:06,516] - [root] - [INFO] - -------------------------------------------
[2026-01-24 15:52:06,516] - [root] - [INFO] - -------------------------------------------
[2026-01-24 15:52:06,516] - [root] - [INFO] - Processing 1-22-2026 5dpi 183-W2021009-295_R1.png
[2026-01-24 15:52:28,756] - [root] - [INFO] - Finished loading mask: 0m 22s
[2026-01-24 15:52:40,309] - [root] - [INFO] - Finished crop and inference: 0m 33s
[2026-01-24 15:52:42,327] - [root] - [INFO] - Analysis finished: 0m 35s
[2026-01-24 15:52:42,329] - [root] - [INFO] - -------------------------------------------
[2026-01-24 15:52:42,329] - [root] - [INFO] - -------------------------------------------
[2026-01-24 15:52:42,329] - [root] - [INFO] - Processing 1-22-2026 5dpi 187-W2021010-348_R2.png
[2026-01-24 15:53:04,648] - [root] - [INFO] - Finished loading mask: 0m 22s
[2026-01-24 15:53:27,226] - [root] - [INFO] - Finished crop and inference: 0m 44s
[2026-01-24 15:53:29,139] - [root] - [INFO] - Analysis finished: 0m 46s
[2026-01-24 15:53:29,139] - [root] - [INFO] - -------------------------------------------
[2026-01-24 15:53:29,139] - [root] - [INFO] - -------------------------------------------
[2026-01-24 15:53:29,139] - [root] - [INFO] - Processing 1-22-2026 5dpi 206-W2021010-344_R1.png
[2026-01-24 15:53:51,555] - [root] - [INFO] - Finished loading mask: 0m 22s
[2026-01-24 15:54:02,787] - [root] - [INFO] - Finished crop and inference: 0m 33s
[2026-01-24 15:54:04,770] - [root] - [INFO] - Analysis finished: 0m 35s
[2026-01-24 15:54:04,770] - [root] - [INFO] - -------------------------------------------
[2026-01-24 15:54:04,771] - [root] - [INFO] - -------------------------------------------
[2026-01-24 15:54:04,771] - [root] - [INFO] - Processing 1-22-2026 5dpi 208-W2021009-268_R2.png
[2026-01-24 15:54:26,906] - [root] - [INFO] - Finished loading mask: 0m 22s
[2026-01-24 15:54:43,509] - [root] - [INFO] - Finished crop and inference: 0m 38s
[2026-01-24 15:54:45,550] - [root] - [INFO] - Analysis finished: 0m 40s
[2026-01-24 15:54:45,550] - [root] - [INFO] - -------------------------------------------
[2026-01-24 15:54:45,550] - [root] - [INFO] - -------------------------------------------
[2026-01-24 15:54:45,552] - [root] - [INFO] - Processing 1-22-2026 5dpi 254-W2021010-352_R2.png
[2026-01-24 15:55:07,662] - [root] - [INFO] - Finished loading mask: 0m 22s
[2026-01-24 15:55:16,657] - [root] - [INFO] - Finished crop and inference: 0m 31s
[2026-01-24 15:55:18,417] - [root] - [INFO] - Analysis finished: 0m 32s
[2026-01-24 15:55:18,417] - [root] - [INFO] - -------------------------------------------
[2026-01-24 15:55:18,441] - [root] - [INFO] - Saved C:\Users\Intel User\Desktop\blackbird_scripts\data\Results\ResNet_upth0.8_downth0.1_Jan22_10-21-00_2026\1-22-2026\th_0.7\severity_rate_tray_5dpi_u0.8_d0.1_ig0.3_sp0.9_20260124_155445.csv
             timestamp time_elapsed  ... severity_rate_patch Gradient_sr2
0  2026-01-24 15:45:33       0m 33s  ...                0.85         0.02

[1 rows x 26 columns]
             timestamp time_elapsed  ... severity_rate_patch Gradient_sr2
0  2026-01-24 15:45:33       0m 33s  ...                0.85         0.02
1  2026-01-24 15:46:07       0m 38s  ...               15.61         0.35

[2 rows x 26 columns]
             timestamp time_elapsed  ... severity_rate_patch Gradient_sr2
0  2026-01-24 15:45:33       0m 33s  ...                0.85         0.02
1  2026-01-24 15:46:07       0m 38s  ...               15.61         0.35
2  2026-01-24 15:46:46       0m 42s  ...               40.63         1.10

[3 rows x 26 columns]
             timestamp time_elapsed  ... severity_rate_patch Gradient_sr2
0  2026-01-24 15:45:33       0m 33s  ...                0.85         0.02
1  2026-01-24 15:46:07       0m 38s  ...               15.61         0.35
2  2026-01-24 15:46:46       0m 42s  ...               40.63         1.10
3  2026-01-24 15:47:28       0m 36s  ...                8.47         0.21

[4 rows x 26 columns]
             timestamp time_elapsed  ... severity_rate_patch Gradient_sr2
0  2026-01-24 15:45:33       0m 33s  ...                0.85         0.02
1  2026-01-24 15:46:07       0m 38s  ...               15.61         0.35
2  2026-01-24 15:46:46       0m 42s  ...               40.63         1.10
3  2026-01-24 15:47:28       0m 36s  ...                8.47         0.21
4  2026-01-24 15:48:05       0m 34s  ...                7.99         0.21

[5 rows x 26 columns]
             timestamp time_elapsed  ... severity_rate_patch Gradient_sr2
0  2026-01-24 15:45:33       0m 33s  ...                0.85         0.02
1  2026-01-24 15:46:07       0m 38s  ...               15.61         0.35
2  2026-01-24 15:46:46       0m 42s  ...               40.63         1.10
3  2026-01-24 15:47:28       0m 36s  ...                8.47         0.21
4  2026-01-24 15:48:05       0m 34s  ...                7.99         0.21
5  2026-01-24 15:48:40       0m 46s  ...               76.84         1.96

[6 rows x 26 columns]
             timestamp time_elapsed  ... severity_rate_patch Gradient_sr2
0  2026-01-24 15:45:33       0m 33s  ...                0.85         0.02
1  2026-01-24 15:46:07       0m 38s  ...               15.61         0.35
2  2026-01-24 15:46:46       0m 42s  ...               40.63         1.10
3  2026-01-24 15:47:28       0m 36s  ...                8.47         0.21
4  2026-01-24 15:48:05       0m 34s  ...                7.99         0.21
5  2026-01-24 15:48:40       0m 46s  ...               76.84         1.96
6  2026-01-24 15:49:26       0m 37s  ...               11.32         0.31

[7 rows x 26 columns]
             timestamp time_elapsed  ... severity_rate_patch Gradient_sr2
0  2026-01-24 15:45:33       0m 33s  ...                0.85         0.02
1  2026-01-24 15:46:07       0m 38s  ...               15.61         0.35
2  2026-01-24 15:46:46       0m 42s  ...               40.63         1.10
3  2026-01-24 15:47:28       0m 36s  ...                8.47         0.21
4  2026-01-24 15:48:05       0m 34s  ...                7.99         0.21
5  2026-01-24 15:48:40       0m 46s  ...               76.84         1.96
6  2026-01-24 15:49:26       0m 37s  ...               11.32         0.31
7  2026-01-24 15:50:04       0m 37s  ...                6.83         0.17

[8 rows x 26 columns]
             timestamp time_elapsed  ... severity_rate_patch Gradient_sr2
0  2026-01-24 15:45:33       0m 33s  ...                0.85         0.02
1  2026-01-24 15:46:07       0m 38s  ...               15.61         0.35
2  2026-01-24 15:46:46       0m 42s  ...               40.63         1.10
3  2026-01-24 15:47:28       0m 36s  ...                8.47         0.21
4  2026-01-24 15:48:05       0m 34s  ...                7.99         0.21
5  2026-01-24 15:48:40       0m 46s  ...               76.84         1.96
6  2026-01-24 15:49:26       0m 37s  ...               11.32         0.31
7  2026-01-24 15:50:04       0m 37s  ...                6.83         0.17
8  2026-01-24 15:50:42       0m 37s  ...                7.74         0.21

[9 rows x 26 columns]
             timestamp time_elapsed  ... severity_rate_patch Gradient_sr2
0  2026-01-24 15:45:33       0m 33s  ...                0.85         0.02
1  2026-01-24 15:46:07       0m 38s  ...               15.61         0.35
2  2026-01-24 15:46:46       0m 42s  ...               40.63         1.10
3  2026-01-24 15:47:28       0m 36s  ...                8.47         0.21
4  2026-01-24 15:48:05       0m 34s  ...                7.99         0.21
5  2026-01-24 15:48:40       0m 46s  ...               76.84         1.96
6  2026-01-24 15:49:26       0m 37s  ...               11.32         0.31
7  2026-01-24 15:50:04       0m 37s  ...                6.83         0.17
8  2026-01-24 15:50:42       0m 37s  ...                7.74         0.21
9  2026-01-24 15:51:19       0m 46s  ...               78.18         2.00

[10 rows x 26 columns]
              timestamp time_elapsed  ... severity_rate_patch Gradient_sr2
0   2026-01-24 15:45:33       0m 33s  ...                0.85         0.02
1   2026-01-24 15:46:07       0m 38s  ...               15.61         0.35
2   2026-01-24 15:46:46       0m 42s  ...               40.63         1.10
3   2026-01-24 15:47:28       0m 36s  ...                8.47         0.21
4   2026-01-24 15:48:05       0m 34s  ...                7.99         0.21
5   2026-01-24 15:48:40       0m 46s  ...               76.84         1.96
6   2026-01-24 15:49:26       0m 37s  ...               11.32         0.31
7   2026-01-24 15:50:04       0m 37s  ...                6.83         0.17
8   2026-01-24 15:50:42       0m 37s  ...                7.74         0.21
9   2026-01-24 15:51:19       0m 46s  ...               78.18         2.00
10  2026-01-24 15:52:06       0m 35s  ...                5.86         0.15

[11 rows x 26 columns]
              timestamp time_elapsed  ... severity_rate_patch Gradient_sr2
0   2026-01-24 15:45:33       0m 33s  ...                0.85         0.02
1   2026-01-24 15:46:07       0m 38s  ...               15.61         0.35
2   2026-01-24 15:46:46       0m 42s  ...               40.63         1.10
3   2026-01-24 15:47:28       0m 36s  ...                8.47         0.21
4   2026-01-24 15:48:05       0m 34s  ...                7.99         0.21
5   2026-01-24 15:48:40       0m 46s  ...               76.84         1.96
6   2026-01-24 15:49:26       0m 37s  ...               11.32         0.31
7   2026-01-24 15:50:04       0m 37s  ...                6.83         0.17
8   2026-01-24 15:50:42       0m 37s  ...                7.74         0.21
9   2026-01-24 15:51:19       0m 46s  ...               78.18         2.00
10  2026-01-24 15:52:06       0m 35s  ...                5.86         0.15
11  2026-01-24 15:52:42       0m 46s  ...               84.91         2.38

[12 rows x 26 columns]
              timestamp time_elapsed  ... severity_rate_patch Gradient_sr2
0   2026-01-24 15:45:33       0m 33s  ...                0.85         0.02
1   2026-01-24 15:46:07       0m 38s  ...               15.61         0.35
2   2026-01-24 15:46:46       0m 42s  ...               40.63         1.10
3   2026-01-24 15:47:28       0m 36s  ...                8.47         0.21
4   2026-01-24 15:48:05       0m 34s  ...                7.99         0.21
5   2026-01-24 15:48:40       0m 46s  ...               76.84         1.96
6   2026-01-24 15:49:26       0m 37s  ...               11.32         0.31
7   2026-01-24 15:50:04       0m 37s  ...                6.83         0.17
8   2026-01-24 15:50:42       0m 37s  ...                7.74         0.21
9   2026-01-24 15:51:19       0m 46s  ...               78.18         2.00
10  2026-01-24 15:52:06       0m 35s  ...                5.86         0.15
11  2026-01-24 15:52:42       0m 46s  ...               84.91         2.38
12  2026-01-24 15:53:29       0m 35s  ...                4.74         0.12

[13 rows x 26 columns]
              timestamp time_elapsed  ... severity_rate_patch Gradient_sr2
0   2026-01-24 15:45:33       0m 33s  ...                0.85         0.02
1   2026-01-24 15:46:07       0m 38s  ...               15.61         0.35
2   2026-01-24 15:46:46       0m 42s  ...               40.63         1.10
3   2026-01-24 15:47:28       0m 36s  ...                8.47         0.21
4   2026-01-24 15:48:05       0m 34s  ...                7.99         0.21
5   2026-01-24 15:48:40       0m 46s  ...               76.84         1.96
6   2026-01-24 15:49:26       0m 37s  ...               11.32         0.31
7   2026-01-24 15:50:04       0m 37s  ...                6.83         0.17
8   2026-01-24 15:50:42       0m 37s  ...                7.74         0.21
9   2026-01-24 15:51:19       0m 46s  ...               78.18         2.00
10  2026-01-24 15:52:06       0m 35s  ...                5.86         0.15
11  2026-01-24 15:52:42       0m 46s  ...               84.91         2.38
12  2026-01-24 15:53:29       0m 35s  ...                4.74         0.12
13  2026-01-24 15:54:04       0m 40s  ...               29.53         0.69

[14 rows x 26 columns]
              timestamp time_elapsed  ... severity_rate_patch Gradient_sr2
0   2026-01-24 15:45:33       0m 33s  ...                0.85         0.02
1   2026-01-24 15:46:07       0m 38s  ...               15.61         0.35
2   2026-01-24 15:46:46       0m 42s  ...               40.63         1.10
3   2026-01-24 15:47:28       0m 36s  ...                8.47         0.21
4   2026-01-24 15:48:05       0m 34s  ...                7.99         0.21
5   2026-01-24 15:48:40       0m 46s  ...               76.84         1.96
6   2026-01-24 15:49:26       0m 37s  ...               11.32         0.31
7   2026-01-24 15:50:04       0m 37s  ...                6.83         0.17
8   2026-01-24 15:50:42       0m 37s  ...                7.74         0.21
9   2026-01-24 15:51:19       0m 46s  ...               78.18         2.00
10  2026-01-24 15:52:06       0m 35s  ...                5.86         0.15
11  2026-01-24 15:52:42       0m 46s  ...               84.91         2.38
12  2026-01-24 15:53:29       0m 35s  ...                4.74         0.12
13  2026-01-24 15:54:04       0m 40s  ...               29.53         0.69
14  2026-01-24 15:54:45       0m 32s  ...                1.48         0.04

[15 rows x 26 columns]

real	9m52.969s
user	0m0.015s
sys	0m0.015s
