[2026-01-23 18:22:11,949] - [root] - [INFO] - leaf_correlation_mw.py
[2026-01-23 18:22:11,949] - [root] - [INFO] - model_type       : ResNet
[2026-01-23 18:22:11,949] - [root] - [INFO] - pretrained       : True
[2026-01-23 18:22:11,949] - [root] - [INFO] - loading_epoch    : 65
[2026-01-23 18:22:11,949] - [root] - [INFO] - timestamp        : Jan22_10-21-00_2026
[2026-01-23 18:22:11,949] - [root] - [INFO] - outdim           : 2
[2026-01-23 18:22:11,950] - [root] - [INFO] - dual_head        : True
[2026-01-23 18:22:11,950] - [root] - [INFO] - model_path       : ../..
[2026-01-23 18:22:11,950] - [root] - [INFO] - step_size        : 224
[2026-01-23 18:22:11,950] - [root] - [INFO] - means            : [0.541, 0.6371, 0.4188]
[2026-01-23 18:22:11,950] - [root] - [INFO] - stds             : [0.1764, 0.165, 0.2326]
[2026-01-23 18:22:11,950] - [root] - [INFO] - target_class     : 1
[2026-01-23 18:22:11,951] - [root] - [INFO] - contam_control   : False
[2026-01-23 18:22:11,951] - [root] - [INFO] - spor_th          : 0.9
[2026-01-23 18:22:11,951] - [root] - [INFO] - inf_gate         : 0.6
[2026-01-23 18:22:11,951] - [root] - [INFO] - pm               : HPM-1269
[2026-01-23 18:22:11,951] - [root] - [INFO] - mps              : False
[2026-01-23 18:22:11,951] - [root] - [INFO] - cuda             : True
[2026-01-23 18:22:11,951] - [root] - [INFO] - cuda_id          : 0
[2026-01-23 18:22:11,951] - [root] - [INFO] - sal_threshold    : 0.5
[2026-01-23 18:22:11,951] - [root] - [INFO] - up_threshold     : 0.8
[2026-01-23 18:22:11,951] - [root] - [INFO] - down_threshold   : 0.1
[2026-01-23 18:22:11,951] - [root] - [INFO] - dataset_path     : C:/Users/Intel User/Desktop/blackbird_scripts/data/human_disk_assessments
[2026-01-23 18:22:11,951] - [root] - [INFO] - img_folder       : 1-22-2026
[2026-01-23 18:22:11,951] - [root] - [INFO] - platform         : BlackBird
[2026-01-23 18:22:11,951] - [root] - [INFO] - threshold        : ['0.7']
[2026-01-23 18:22:11,951] - [root] - [INFO] - log              : ../../results/logs/random.log
[2026-01-23 18:22:11,951] - [root] - [INFO] - dpi              : 5
[2026-01-23 18:22:11,951] - [root] - [INFO] - group            : baseline
[2026-01-23 18:22:11,951] - [root] - [INFO] - trays            : ['5dpi']
[2026-01-23 18:22:11,951] - [root] - [INFO] - sal_gradcam      : False
[2026-01-23 18:22:11,951] - [root] - [INFO] - sal_gradient     : True
[2026-01-23 18:22:11,952] - [root] - [INFO] - sal_smoothgrad   : False
[2026-01-23 18:22:11,952] - [root] - [INFO] - sal_deeplift     : False
[2026-01-23 18:22:11,952] - [root] - [INFO] - sal_thresh_method : fixed
[2026-01-23 18:22:11,952] - [root] - [INFO] - sal_thresh_p     : 95.0
[2026-01-23 18:22:12,975] - [root] - [INFO] - -------------------------------------------
[2026-01-23 18:22:12,975] - [root] - [INFO] - Processing 1-22-2026 5dpi 015-W2021009-160_R1.png
[2026-01-23 18:22:33,612] - [root] - [INFO] - Finished loading mask: 0m 20s
[2026-01-23 18:22:45,831] - [root] - [INFO] - Finished crop and inference: 0m 32s
[2026-01-23 18:22:47,389] - [root] - [INFO] - Analysis finished: 0m 34s
[2026-01-23 18:22:47,389] - [root] - [INFO] - -------------------------------------------
[2026-01-23 18:22:47,389] - [root] - [INFO] - -------------------------------------------
[2026-01-23 18:22:47,389] - [root] - [INFO] - Processing 1-22-2026 5dpi 015-W2021011-633_R1.png
[2026-01-23 18:23:08,212] - [root] - [INFO] - Finished loading mask: 0m 20s
[2026-01-23 18:23:19,744] - [root] - [INFO] - Finished crop and inference: 0m 32s
[2026-01-23 18:23:21,399] - [root] - [INFO] - Analysis finished: 0m 34s
[2026-01-23 18:23:21,400] - [root] - [INFO] - -------------------------------------------
[2026-01-23 18:23:21,400] - [root] - [INFO] - -------------------------------------------
[2026-01-23 18:23:21,400] - [root] - [INFO] - Processing 1-22-2026 5dpi 019-W2021010-428_R2.png
[2026-01-23 18:23:42,284] - [root] - [INFO] - Finished loading mask: 0m 20s
[2026-01-23 18:23:50,332] - [root] - [INFO] - Finished crop and inference: 0m 28s
[2026-01-23 18:23:52,122] - [root] - [INFO] - Analysis finished: 0m 30s
[2026-01-23 18:23:52,123] - [root] - [INFO] - -------------------------------------------
[2026-01-23 18:23:52,123] - [root] - [INFO] - -------------------------------------------
[2026-01-23 18:23:52,123] - [root] - [INFO] - Processing 1-22-2026 5dpi 021-W2021009-175_R1.png
[2026-01-23 18:24:12,683] - [root] - [INFO] - Finished loading mask: 0m 20s
[2026-01-23 18:24:21,583] - [root] - [INFO] - Finished crop and inference: 0m 29s
[2026-01-23 18:24:23,260] - [root] - [INFO] - Analysis finished: 0m 31s
[2026-01-23 18:24:23,260] - [root] - [INFO] - -------------------------------------------
[2026-01-23 18:24:23,260] - [root] - [INFO] - -------------------------------------------
[2026-01-23 18:24:23,260] - [root] - [INFO] - Processing 1-22-2026 5dpi 022-W2021009-198_R2.png
[2026-01-23 18:24:43,870] - [root] - [INFO] - Finished loading mask: 0m 20s
[2026-01-23 18:24:54,308] - [root] - [INFO] - Finished crop and inference: 0m 31s
[2026-01-23 18:24:55,914] - [root] - [INFO] - Analysis finished: 0m 32s
[2026-01-23 18:24:55,914] - [root] - [INFO] - -------------------------------------------
[2026-01-23 18:24:55,914] - [root] - [INFO] - -------------------------------------------
[2026-01-23 18:24:55,914] - [root] - [INFO] - Processing 1-22-2026 5dpi 036-W2021006-047_R2.png
[2026-01-23 18:25:16,894] - [root] - [INFO] - Finished loading mask: 0m 20s
[2026-01-23 18:25:25,359] - [root] - [INFO] - Finished crop and inference: 0m 29s
[2026-01-23 18:25:27,011] - [root] - [INFO] - Analysis finished: 0m 31s
[2026-01-23 18:25:27,011] - [root] - [INFO] - -------------------------------------------
[2026-01-23 18:25:27,011] - [root] - [INFO] - -------------------------------------------
[2026-01-23 18:25:27,011] - [root] - [INFO] - Processing 1-22-2026 5dpi 060-W2021010-324_R2.png
[2026-01-23 18:25:47,747] - [root] - [INFO] - Finished loading mask: 0m 20s
[2026-01-23 18:25:56,308] - [root] - [INFO] - Finished crop and inference: 0m 29s
[2026-01-23 18:25:58,015] - [root] - [INFO] - Analysis finished: 0m 31s
[2026-01-23 18:25:58,016] - [root] - [INFO] - -------------------------------------------
[2026-01-23 18:25:58,016] - [root] - [INFO] - -------------------------------------------
[2026-01-23 18:25:58,016] - [root] - [INFO] - Processing 1-22-2026 5dpi 099-W2021006-611_R2.png
[2026-01-23 18:26:18,947] - [root] - [INFO] - Finished loading mask: 0m 20s
[2026-01-23 18:26:32,923] - [root] - [INFO] - Finished crop and inference: 0m 34s
[2026-01-23 18:26:34,588] - [root] - [INFO] - Analysis finished: 0m 36s
[2026-01-23 18:26:34,588] - [root] - [INFO] - -------------------------------------------
[2026-01-23 18:26:34,588] - [root] - [INFO] - -------------------------------------------
[2026-01-23 18:26:34,588] - [root] - [INFO] - Processing 1-22-2026 5dpi 123-W2021009-255_R2.png
[2026-01-23 18:26:55,285] - [root] - [INFO] - Finished loading mask: 0m 20s
[2026-01-23 18:27:05,071] - [root] - [INFO] - Finished crop and inference: 0m 30s
[2026-01-23 18:27:06,704] - [root] - [INFO] - Analysis finished: 0m 32s
[2026-01-23 18:27:06,704] - [root] - [INFO] - -------------------------------------------
[2026-01-23 18:27:06,704] - [root] - [INFO] - -------------------------------------------
[2026-01-23 18:27:06,704] - [root] - [INFO] - Processing 1-22-2026 5dpi 141-W2021009-274_R1.png
[2026-01-23 18:27:27,778] - [root] - [INFO] - Finished loading mask: 0m 21s
[2026-01-23 18:27:50,087] - [root] - [INFO] - Finished crop and inference: 0m 43s
[2026-01-23 18:27:51,728] - [root] - [INFO] - Analysis finished: 0m 45s
[2026-01-23 18:27:51,728] - [root] - [INFO] - -------------------------------------------
[2026-01-23 18:27:51,728] - [root] - [INFO] - -------------------------------------------
[2026-01-23 18:27:51,728] - [root] - [INFO] - Processing 1-22-2026 5dpi 173-W2021006-127_R2.png
[2026-01-23 18:28:12,873] - [root] - [INFO] - Finished loading mask: 0m 21s
[2026-01-23 18:28:21,502] - [root] - [INFO] - Finished crop and inference: 0m 29s
[2026-01-23 18:28:23,171] - [root] - [INFO] - Analysis finished: 0m 31s
[2026-01-23 18:28:23,171] - [root] - [INFO] - -------------------------------------------
[2026-01-23 18:28:23,171] - [root] - [INFO] - -------------------------------------------
[2026-01-23 18:28:23,171] - [root] - [INFO] - Processing 1-22-2026 5dpi 191-W2021010-449_R1.png
[2026-01-23 18:28:44,436] - [root] - [INFO] - Finished loading mask: 0m 21s
[2026-01-23 18:28:56,039] - [root] - [INFO] - Finished crop and inference: 0m 32s
[2026-01-23 18:28:57,765] - [root] - [INFO] - Analysis finished: 0m 34s
[2026-01-23 18:28:57,765] - [root] - [INFO] - -------------------------------------------
[2026-01-23 18:28:57,765] - [root] - [INFO] - -------------------------------------------
[2026-01-23 18:28:57,765] - [root] - [INFO] - Processing 1-22-2026 5dpi 254-W2021010-352_R2.png
[2026-01-23 18:29:17,663] - [root] - [INFO] - Finished loading mask: 0m 19s
[2026-01-23 18:29:24,912] - [root] - [INFO] - Finished crop and inference: 0m 27s
[2026-01-23 18:29:26,581] - [root] - [INFO] - Analysis finished: 0m 28s
[2026-01-23 18:29:26,581] - [root] - [INFO] - -------------------------------------------
[2026-01-23 18:29:26,581] - [root] - [INFO] - -------------------------------------------
[2026-01-23 18:29:26,581] - [root] - [INFO] - Processing 1-22-2026 5dpi 266-W2021009-193_R1.png
[2026-01-23 18:29:46,977] - [root] - [INFO] - Finished loading mask: 0m 20s
[2026-01-23 18:29:55,631] - [root] - [INFO] - Finished crop and inference: 0m 29s
[2026-01-23 18:29:57,329] - [root] - [INFO] - Analysis finished: 0m 30s
[2026-01-23 18:29:57,329] - [root] - [INFO] - -------------------------------------------
[2026-01-23 18:29:57,329] - [root] - [INFO] - -------------------------------------------
[2026-01-23 18:29:57,329] - [root] - [INFO] - Processing 1-22-2026 5dpi 336-W2021011-506_R2.png
[2026-01-23 18:30:17,603] - [root] - [INFO] - Finished loading mask: 0m 20s
[2026-01-23 18:30:32,053] - [root] - [INFO] - Finished crop and inference: 0m 34s
[2026-01-23 18:30:33,636] - [root] - [INFO] - Analysis finished: 0m 36s
[2026-01-23 18:30:33,636] - [root] - [INFO] - -------------------------------------------
[2026-01-23 18:30:33,648] - [root] - [INFO] - Saved C:\Users\Intel User\Desktop\blackbird_scripts\data\Results\ResNet_upth0.8_downth0.1_Jan22_10-21-00_2026\1-22-2026\th_0.7\severity_rate_tray_5dpi_u0.8_d0.1_ig0.6_sp0.9.csv
             timestamp time_elapsed  ... severity_rate_patch Gradient_sr2
0  2026-01-23 18:22:12       0m 34s  ...               34.32         0.76

[1 rows x 24 columns]
             timestamp time_elapsed  ... severity_rate_patch Gradient_sr2
0  2026-01-23 18:22:12       0m 34s  ...               34.32         0.76
1  2026-01-23 18:22:47       0m 33s  ...               17.97         0.49

[2 rows x 24 columns]
             timestamp time_elapsed  ... severity_rate_patch Gradient_sr2
0  2026-01-23 18:22:12       0m 34s  ...               34.32         0.76
1  2026-01-23 18:22:47       0m 33s  ...               17.97         0.49
2  2026-01-23 18:23:21       0m 30s  ...                0.98         0.02

[3 rows x 24 columns]
             timestamp time_elapsed  ... severity_rate_patch Gradient_sr2
0  2026-01-23 18:22:12       0m 34s  ...               34.32         0.76
1  2026-01-23 18:22:47       0m 33s  ...               17.97         0.49
2  2026-01-23 18:23:21       0m 30s  ...                0.98         0.02
3  2026-01-23 18:23:52       0m 31s  ...                2.22         0.06

[4 rows x 24 columns]
             timestamp time_elapsed  ... severity_rate_patch Gradient_sr2
0  2026-01-23 18:22:12       0m 34s  ...               34.32         0.76
1  2026-01-23 18:22:47       0m 33s  ...               17.97         0.49
2  2026-01-23 18:23:21       0m 30s  ...                0.98         0.02
3  2026-01-23 18:23:52       0m 31s  ...                2.22         0.06
4  2026-01-23 18:24:23       0m 32s  ...               15.61         0.35

[5 rows x 24 columns]
             timestamp time_elapsed  ... severity_rate_patch Gradient_sr2
0  2026-01-23 18:22:12       0m 34s  ...               34.32         0.76
1  2026-01-23 18:22:47       0m 33s  ...               17.97         0.49
2  2026-01-23 18:23:21       0m 30s  ...                0.98         0.02
3  2026-01-23 18:23:52       0m 31s  ...                2.22         0.06
4  2026-01-23 18:24:23       0m 32s  ...               15.61         0.35
5  2026-01-23 18:24:55       0m 31s  ...                0.76         0.02

[6 rows x 24 columns]
             timestamp time_elapsed  ... severity_rate_patch Gradient_sr2
0  2026-01-23 18:22:12       0m 34s  ...               34.32         0.76
1  2026-01-23 18:22:47       0m 33s  ...               17.97         0.49
2  2026-01-23 18:23:21       0m 30s  ...                0.98         0.02
3  2026-01-23 18:23:52       0m 31s  ...                2.22         0.06
4  2026-01-23 18:24:23       0m 32s  ...               15.61         0.35
5  2026-01-23 18:24:55       0m 31s  ...                0.76         0.02
6  2026-01-23 18:25:27       0m 30s  ...                2.03         0.05

[7 rows x 24 columns]
             timestamp time_elapsed  ... severity_rate_patch Gradient_sr2
0  2026-01-23 18:22:12       0m 34s  ...               34.32         0.76
1  2026-01-23 18:22:47       0m 33s  ...               17.97         0.49
2  2026-01-23 18:23:21       0m 30s  ...                0.98         0.02
3  2026-01-23 18:23:52       0m 31s  ...                2.22         0.06
4  2026-01-23 18:24:23       0m 32s  ...               15.61         0.35
5  2026-01-23 18:24:55       0m 31s  ...                0.76         0.02
6  2026-01-23 18:25:27       0m 30s  ...                2.03         0.05
7  2026-01-23 18:25:58       0m 36s  ...               43.55         1.03

[8 rows x 24 columns]
             timestamp time_elapsed  ... severity_rate_patch Gradient_sr2
0  2026-01-23 18:22:12       0m 34s  ...               34.32         0.76
1  2026-01-23 18:22:47       0m 33s  ...               17.97         0.49
2  2026-01-23 18:23:21       0m 30s  ...                0.98         0.02
3  2026-01-23 18:23:52       0m 31s  ...                2.22         0.06
4  2026-01-23 18:24:23       0m 32s  ...               15.61         0.35
5  2026-01-23 18:24:55       0m 31s  ...                0.76         0.02
6  2026-01-23 18:25:27       0m 30s  ...                2.03         0.05
7  2026-01-23 18:25:58       0m 36s  ...               43.55         1.03
8  2026-01-23 18:26:34       0m 32s  ...                9.57         0.20

[9 rows x 24 columns]
             timestamp time_elapsed  ... severity_rate_patch Gradient_sr2
0  2026-01-23 18:22:12       0m 34s  ...               34.32         0.76
1  2026-01-23 18:22:47       0m 33s  ...               17.97         0.49
2  2026-01-23 18:23:21       0m 30s  ...                0.98         0.02
3  2026-01-23 18:23:52       0m 31s  ...                2.22         0.06
4  2026-01-23 18:24:23       0m 32s  ...               15.61         0.35
5  2026-01-23 18:24:55       0m 31s  ...                0.76         0.02
6  2026-01-23 18:25:27       0m 30s  ...                2.03         0.05
7  2026-01-23 18:25:58       0m 36s  ...               43.55         1.03
8  2026-01-23 18:26:34       0m 32s  ...                9.57         0.20
9  2026-01-23 18:27:06       0m 44s  ...               86.46         2.54

[10 rows x 24 columns]
              timestamp time_elapsed  ... severity_rate_patch Gradient_sr2
0   2026-01-23 18:22:12       0m 34s  ...               34.32         0.76
1   2026-01-23 18:22:47       0m 33s  ...               17.97         0.49
2   2026-01-23 18:23:21       0m 30s  ...                0.98         0.02
3   2026-01-23 18:23:52       0m 31s  ...                2.22         0.06
4   2026-01-23 18:24:23       0m 32s  ...               15.61         0.35
5   2026-01-23 18:24:55       0m 31s  ...                0.76         0.02
6   2026-01-23 18:25:27       0m 30s  ...                2.03         0.05
7   2026-01-23 18:25:58       0m 36s  ...               43.55         1.03
8   2026-01-23 18:26:34       0m 32s  ...                9.57         0.20
9   2026-01-23 18:27:06       0m 44s  ...               86.46         2.54
10  2026-01-23 18:27:51       0m 31s  ...                1.20         0.03

[11 rows x 24 columns]
              timestamp time_elapsed  ... severity_rate_patch Gradient_sr2
0   2026-01-23 18:22:12       0m 34s  ...               34.32         0.76
1   2026-01-23 18:22:47       0m 33s  ...               17.97         0.49
2   2026-01-23 18:23:21       0m 30s  ...                0.98         0.02
3   2026-01-23 18:23:52       0m 31s  ...                2.22         0.06
4   2026-01-23 18:24:23       0m 32s  ...               15.61         0.35
5   2026-01-23 18:24:55       0m 31s  ...                0.76         0.02
6   2026-01-23 18:25:27       0m 30s  ...                2.03         0.05
7   2026-01-23 18:25:58       0m 36s  ...               43.55         1.03
8   2026-01-23 18:26:34       0m 32s  ...                9.57         0.20
9   2026-01-23 18:27:06       0m 44s  ...               86.46         2.54
10  2026-01-23 18:27:51       0m 31s  ...                1.20         0.03
11  2026-01-23 18:28:23       0m 34s  ...               20.16         0.52

[12 rows x 24 columns]
              timestamp time_elapsed  ... severity_rate_patch Gradient_sr2
0   2026-01-23 18:22:12       0m 34s  ...               34.32         0.76
1   2026-01-23 18:22:47       0m 33s  ...               17.97         0.49
2   2026-01-23 18:23:21       0m 30s  ...                0.98         0.02
3   2026-01-23 18:23:52       0m 31s  ...                2.22         0.06
4   2026-01-23 18:24:23       0m 32s  ...               15.61         0.35
5   2026-01-23 18:24:55       0m 31s  ...                0.76         0.02
6   2026-01-23 18:25:27       0m 30s  ...                2.03         0.05
7   2026-01-23 18:25:58       0m 36s  ...               43.55         1.03
8   2026-01-23 18:26:34       0m 32s  ...                9.57         0.20
9   2026-01-23 18:27:06       0m 44s  ...               86.46         2.54
10  2026-01-23 18:27:51       0m 31s  ...                1.20         0.03
11  2026-01-23 18:28:23       0m 34s  ...               20.16         0.52
12  2026-01-23 18:28:57       0m 28s  ...                1.48         0.04

[13 rows x 24 columns]
              timestamp time_elapsed  ... severity_rate_patch Gradient_sr2
0   2026-01-23 18:22:12       0m 34s  ...               34.32         0.76
1   2026-01-23 18:22:47       0m 33s  ...               17.97         0.49
2   2026-01-23 18:23:21       0m 30s  ...                0.98         0.02
3   2026-01-23 18:23:52       0m 31s  ...                2.22         0.06
4   2026-01-23 18:24:23       0m 32s  ...               15.61         0.35
5   2026-01-23 18:24:55       0m 31s  ...                0.76         0.02
6   2026-01-23 18:25:27       0m 30s  ...                2.03         0.05
7   2026-01-23 18:25:58       0m 36s  ...               43.55         1.03
8   2026-01-23 18:26:34       0m 32s  ...                9.57         0.20
9   2026-01-23 18:27:06       0m 44s  ...               86.46         2.54
10  2026-01-23 18:27:51       0m 31s  ...                1.20         0.03
11  2026-01-23 18:28:23       0m 34s  ...               20.16         0.52
12  2026-01-23 18:28:57       0m 28s  ...                1.48         0.04
13  2026-01-23 18:29:26       0m 30s  ...                7.69         0.20

[14 rows x 24 columns]
              timestamp time_elapsed  ... severity_rate_patch Gradient_sr2
0   2026-01-23 18:22:12       0m 34s  ...               34.32         0.76
1   2026-01-23 18:22:47       0m 33s  ...               17.97         0.49
2   2026-01-23 18:23:21       0m 30s  ...                0.98         0.02
3   2026-01-23 18:23:52       0m 31s  ...                2.22         0.06
4   2026-01-23 18:24:23       0m 32s  ...               15.61         0.35
5   2026-01-23 18:24:55       0m 31s  ...                0.76         0.02
6   2026-01-23 18:25:27       0m 30s  ...                2.03         0.05
7   2026-01-23 18:25:58       0m 36s  ...               43.55         1.03
8   2026-01-23 18:26:34       0m 32s  ...                9.57         0.20
9   2026-01-23 18:27:06       0m 44s  ...               86.46         2.54
10  2026-01-23 18:27:51       0m 31s  ...                1.20         0.03
11  2026-01-23 18:28:23       0m 34s  ...               20.16         0.52
12  2026-01-23 18:28:57       0m 28s  ...                1.48         0.04
13  2026-01-23 18:29:26       0m 30s  ...                7.69         0.20
14  2026-01-23 18:29:57       0m 36s  ...               45.76         1.18

[15 rows x 24 columns]

real	8m27.801s
user	0m0.000s
sys	0m0.015s
