[2026-01-24 16:14:41,828] - [root] - [INFO] - leaf_correlation_mw.py
[2026-01-24 16:14:41,828] - [root] - [INFO] - model_type       : ResNet
[2026-01-24 16:14:41,828] - [root] - [INFO] - pretrained       : True
[2026-01-24 16:14:41,828] - [root] - [INFO] - loading_epoch    : 65
[2026-01-24 16:14:41,828] - [root] - [INFO] - timestamp        : Jan22_10-21-00_2026
[2026-01-24 16:14:41,829] - [root] - [INFO] - outdim           : 2
[2026-01-24 16:14:41,829] - [root] - [INFO] - dual_head        : True
[2026-01-24 16:14:41,829] - [root] - [INFO] - model_path       : ../..
[2026-01-24 16:14:41,829] - [root] - [INFO] - step_size        : 224
[2026-01-24 16:14:41,829] - [root] - [INFO] - means            : [0.541, 0.6371, 0.4188]
[2026-01-24 16:14:41,829] - [root] - [INFO] - stds             : [0.1764, 0.165, 0.2326]
[2026-01-24 16:14:41,829] - [root] - [INFO] - target_class     : 1
[2026-01-24 16:14:41,829] - [root] - [INFO] - contam_control   : False
[2026-01-24 16:14:41,830] - [root] - [INFO] - spor_th          : 0.9
[2026-01-24 16:14:41,830] - [root] - [INFO] - inf_gate         : 0.3
[2026-01-24 16:14:41,830] - [root] - [INFO] - pm               : HPM-1269
[2026-01-24 16:14:41,830] - [root] - [INFO] - mps              : False
[2026-01-24 16:14:41,830] - [root] - [INFO] - cuda             : True
[2026-01-24 16:14:41,830] - [root] - [INFO] - cuda_id          : 0
[2026-01-24 16:14:41,830] - [root] - [INFO] - sal_threshold    : 0.5
[2026-01-24 16:14:41,830] - [root] - [INFO] - up_threshold     : 0.5
[2026-01-24 16:14:41,830] - [root] - [INFO] - down_threshold   : 0.1
[2026-01-24 16:14:41,830] - [root] - [INFO] - dataset_path     : C:/Users/Intel User/Desktop/blackbird_scripts/data/human_disk_assessments
[2026-01-24 16:14:41,830] - [root] - [INFO] - img_folder       : 1-22-2026
[2026-01-24 16:14:41,830] - [root] - [INFO] - platform         : BlackBird
[2026-01-24 16:14:41,830] - [root] - [INFO] - threshold        : ['0.7']
[2026-01-24 16:14:41,830] - [root] - [INFO] - log              : ../../results/logs/random.log
[2026-01-24 16:14:41,831] - [root] - [INFO] - dpi              : 10
[2026-01-24 16:14:41,831] - [root] - [INFO] - group            : baseline
[2026-01-24 16:14:41,831] - [root] - [INFO] - trays            : ['10dpi']
[2026-01-24 16:14:41,831] - [root] - [INFO] - sal_gradcam      : False
[2026-01-24 16:14:41,831] - [root] - [INFO] - sal_gradient     : True
[2026-01-24 16:14:41,831] - [root] - [INFO] - sal_smoothgrad   : False
[2026-01-24 16:14:41,831] - [root] - [INFO] - sal_deeplift     : False
[2026-01-24 16:14:41,831] - [root] - [INFO] - sal_thresh_method : fixed
[2026-01-24 16:14:41,831] - [root] - [INFO] - sal_thresh_p     : 95.0
[2026-01-24 16:14:42,775] - [root] - [INFO] - -------------------------------------------
[2026-01-24 16:14:42,776] - [root] - [INFO] - Processing 1-22-2026 10dpi 046-W2021009-208_R2.png
[2026-01-24 16:15:04,208] - [root] - [INFO] - Finished loading mask: 0m 21s
[2026-01-24 16:15:17,581] - [root] - [INFO] - Finished crop and inference: 0m 34s
[2026-01-24 16:15:19,224] - [root] - [INFO] - Analysis finished: 0m 36s
[2026-01-24 16:15:19,224] - [root] - [INFO] - -------------------------------------------
[2026-01-24 16:15:19,224] - [root] - [INFO] - -------------------------------------------
[2026-01-24 16:15:19,224] - [root] - [INFO] - Processing 1-22-2026 10dpi 151-W2021011-479_R2.png
[2026-01-24 16:15:41,476] - [root] - [INFO] - Finished loading mask: 0m 22s
[2026-01-24 16:16:09,794] - [root] - [INFO] - Finished crop and inference: 0m 50s
[2026-01-24 16:16:11,692] - [root] - [INFO] - Analysis finished: 0m 52s
[2026-01-24 16:16:11,693] - [root] - [INFO] - -------------------------------------------
[2026-01-24 16:16:11,693] - [root] - [INFO] - -------------------------------------------
[2026-01-24 16:16:11,693] - [root] - [INFO] - Processing 1-22-2026 10dpi 152-W2021010-301_R2.png
[2026-01-24 16:16:33,599] - [root] - [INFO] - Finished loading mask: 0m 21s
[2026-01-24 16:16:46,705] - [root] - [INFO] - Finished crop and inference: 0m 35s
[2026-01-24 16:16:48,612] - [root] - [INFO] - Analysis finished: 0m 36s
[2026-01-24 16:16:48,612] - [root] - [INFO] - -------------------------------------------
[2026-01-24 16:16:48,613] - [root] - [INFO] - -------------------------------------------
[2026-01-24 16:16:48,613] - [root] - [INFO] - Processing 1-22-2026 10dpi 152-W2021011-479_R1.png
[2026-01-24 16:17:10,400] - [root] - [INFO] - Finished loading mask: 0m 21s
[2026-01-24 16:17:28,936] - [root] - [INFO] - Finished crop and inference: 0m 40s
[2026-01-24 16:17:30,952] - [root] - [INFO] - Analysis finished: 0m 42s
[2026-01-24 16:17:30,952] - [root] - [INFO] - -------------------------------------------
[2026-01-24 16:17:30,952] - [root] - [INFO] - -------------------------------------------
[2026-01-24 16:17:30,952] - [root] - [INFO] - Processing 1-22-2026 10dpi 162-W2021011-551_R2.png
[2026-01-24 16:17:52,872] - [root] - [INFO] - Finished loading mask: 0m 21s
[2026-01-24 16:18:19,171] - [root] - [INFO] - Finished crop and inference: 0m 48s
[2026-01-24 16:18:21,360] - [root] - [INFO] - Analysis finished: 0m 50s
[2026-01-24 16:18:21,360] - [root] - [INFO] - -------------------------------------------
[2026-01-24 16:18:21,360] - [root] - [INFO] - -------------------------------------------
[2026-01-24 16:18:21,360] - [root] - [INFO] - Processing 1-22-2026 10dpi 166-W2021006-123_R1.png
[2026-01-24 16:18:42,664] - [root] - [INFO] - Finished loading mask: 0m 21s
[2026-01-24 16:18:53,642] - [root] - [INFO] - Finished crop and inference: 0m 32s
[2026-01-24 16:18:55,821] - [root] - [INFO] - Analysis finished: 0m 34s
[2026-01-24 16:18:55,822] - [root] - [INFO] - -------------------------------------------
[2026-01-24 16:18:55,822] - [root] - [INFO] - -------------------------------------------
[2026-01-24 16:18:55,822] - [root] - [INFO] - Processing 1-22-2026 10dpi 166-W2021006-146_R1.png
[2026-01-24 16:19:17,253] - [root] - [INFO] - Finished loading mask: 0m 21s
[2026-01-24 16:19:39,016] - [root] - [INFO] - Finished crop and inference: 0m 43s
[2026-01-24 16:19:41,101] - [root] - [INFO] - Analysis finished: 0m 45s
[2026-01-24 16:19:41,102] - [root] - [INFO] - -------------------------------------------
[2026-01-24 16:19:41,102] - [root] - [INFO] - -------------------------------------------
[2026-01-24 16:19:41,102] - [root] - [INFO] - Processing 1-22-2026 10dpi 166-W2021006-146_R2.png
[2026-01-24 16:20:02,563] - [root] - [INFO] - Finished loading mask: 0m 21s
[2026-01-24 16:20:17,238] - [root] - [INFO] - Finished crop and inference: 0m 36s
[2026-01-24 16:20:19,257] - [root] - [INFO] - Analysis finished: 0m 38s
[2026-01-24 16:20:19,257] - [root] - [INFO] - -------------------------------------------
[2026-01-24 16:20:19,257] - [root] - [INFO] - -------------------------------------------
[2026-01-24 16:20:19,257] - [root] - [INFO] - Processing 1-22-2026 10dpi 171-W2021011-584_R1.png
[2026-01-24 16:20:41,072] - [root] - [INFO] - Finished loading mask: 0m 21s
[2026-01-24 16:21:07,023] - [root] - [INFO] - Finished crop and inference: 0m 47s
[2026-01-24 16:21:08,911] - [root] - [INFO] - Analysis finished: 0m 49s
[2026-01-24 16:21:08,911] - [root] - [INFO] - -------------------------------------------
[2026-01-24 16:21:08,911] - [root] - [INFO] - -------------------------------------------
[2026-01-24 16:21:08,911] - [root] - [INFO] - Processing 1-22-2026 10dpi 181-W2021009-295_R2.png
[2026-01-24 16:21:30,646] - [root] - [INFO] - Finished loading mask: 0m 21s
[2026-01-24 16:21:46,347] - [root] - [INFO] - Finished crop and inference: 0m 37s
[2026-01-24 16:21:48,343] - [root] - [INFO] - Analysis finished: 0m 39s
[2026-01-24 16:21:48,343] - [root] - [INFO] - -------------------------------------------
[2026-01-24 16:21:48,343] - [root] - [INFO] - -------------------------------------------
[2026-01-24 16:21:48,344] - [root] - [INFO] - Processing 1-22-2026 10dpi 182-W2021009-251_R1.png
[2026-01-24 16:22:10,745] - [root] - [INFO] - Finished loading mask: 0m 22s
[2026-01-24 16:22:23,934] - [root] - [INFO] - Finished crop and inference: 0m 35s
[2026-01-24 16:22:25,640] - [root] - [INFO] - Analysis finished: 0m 37s
[2026-01-24 16:22:25,640] - [root] - [INFO] - -------------------------------------------
[2026-01-24 16:22:25,640] - [root] - [INFO] - -------------------------------------------
[2026-01-24 16:22:25,640] - [root] - [INFO] - Processing 1-22-2026 10dpi 192-W2021010-449_R2.png
[2026-01-24 16:22:46,952] - [root] - [INFO] - Finished loading mask: 0m 21s
[2026-01-24 16:23:09,123] - [root] - [INFO] - Finished crop and inference: 0m 43s
[2026-01-24 16:23:11,024] - [root] - [INFO] - Analysis finished: 0m 45s
[2026-01-24 16:23:11,024] - [root] - [INFO] - -------------------------------------------
[2026-01-24 16:23:11,025] - [root] - [INFO] - -------------------------------------------
[2026-01-24 16:23:11,025] - [root] - [INFO] - Processing 1-22-2026 10dpi 206-W2021009-271_R2.png
[2026-01-24 16:23:32,739] - [root] - [INFO] - Finished loading mask: 0m 21s
[2026-01-24 16:24:00,100] - [root] - [INFO] - Finished crop and inference: 0m 49s
[2026-01-24 16:24:01,984] - [root] - [INFO] - Analysis finished: 0m 50s
[2026-01-24 16:24:01,984] - [root] - [INFO] - -------------------------------------------
[2026-01-24 16:24:01,984] - [root] - [INFO] - -------------------------------------------
[2026-01-24 16:24:01,984] - [root] - [INFO] - Processing 1-22-2026 10dpi 207-W2021009-271_R1.png
[2026-01-24 16:24:23,404] - [root] - [INFO] - Finished loading mask: 0m 21s
[2026-01-24 16:24:37,885] - [root] - [INFO] - Finished crop and inference: 0m 35s
[2026-01-24 16:24:39,727] - [root] - [INFO] - Analysis finished: 0m 37s
[2026-01-24 16:24:39,727] - [root] - [INFO] - -------------------------------------------
[2026-01-24 16:24:39,727] - [root] - [INFO] - -------------------------------------------
[2026-01-24 16:24:39,727] - [root] - [INFO] - Processing 1-22-2026 10dpi 233-W2021006-607_R1.png
[2026-01-24 16:25:01,316] - [root] - [INFO] - Finished loading mask: 0m 21s
[2026-01-24 16:25:16,958] - [root] - [INFO] - Finished crop and inference: 0m 37s
[2026-01-24 16:25:18,785] - [root] - [INFO] - Analysis finished: 0m 39s
[2026-01-24 16:25:18,785] - [root] - [INFO] - -------------------------------------------
[2026-01-24 16:25:18,793] - [root] - [INFO] - Saved C:\Users\Intel User\Desktop\blackbird_scripts\data\Results\ResNet_upth0.5_downth0.1_Jan22_10-21-00_2026\1-22-2026\th_0.7\severity_rate_tray_10dpi_u0.5_d0.1_ig0.3_sp0.9_20260124_162439.csv
             timestamp time_elapsed  ... severity_rate_patch Gradient_sr2
0  2026-01-24 16:14:42       0m 36s  ...                5.39         0.15

[1 rows x 26 columns]
             timestamp time_elapsed  ... severity_rate_patch Gradient_sr2
0  2026-01-24 16:14:42       0m 36s  ...                5.39         0.15
1  2026-01-24 16:15:19       0m 52s  ...               99.36         3.04

[2 rows x 26 columns]
             timestamp time_elapsed  ... severity_rate_patch Gradient_sr2
0  2026-01-24 16:14:42       0m 36s  ...                5.39         0.15
1  2026-01-24 16:15:19       0m 52s  ...               99.36         3.04
2  2026-01-24 16:16:11       0m 36s  ...                2.39         0.06

[3 rows x 26 columns]
             timestamp time_elapsed  ... severity_rate_patch Gradient_sr2
0  2026-01-24 16:14:42       0m 36s  ...                5.39         0.15
1  2026-01-24 16:15:19       0m 52s  ...               99.36         3.04
2  2026-01-24 16:16:11       0m 36s  ...                2.39         0.06
3  2026-01-24 16:16:48       0m 42s  ...               44.96         1.29

[4 rows x 26 columns]
             timestamp time_elapsed  ... severity_rate_patch Gradient_sr2
0  2026-01-24 16:14:42       0m 36s  ...                5.39         0.15
1  2026-01-24 16:15:19       0m 52s  ...               99.36         3.04
2  2026-01-24 16:16:11       0m 36s  ...                2.39         0.06
3  2026-01-24 16:16:48       0m 42s  ...               44.96         1.29
4  2026-01-24 16:17:30       0m 50s  ...               84.53         2.39

[5 rows x 26 columns]
             timestamp time_elapsed  ... severity_rate_patch Gradient_sr2
0  2026-01-24 16:14:42       0m 36s  ...                5.39         0.15
1  2026-01-24 16:15:19       0m 52s  ...               99.36         3.04
2  2026-01-24 16:16:11       0m 36s  ...                2.39         0.06
3  2026-01-24 16:16:48       0m 42s  ...               44.96         1.29
4  2026-01-24 16:17:30       0m 50s  ...               84.53         2.39
5  2026-01-24 16:18:21       0m 34s  ...                2.03         0.05

[6 rows x 26 columns]
             timestamp time_elapsed  ... severity_rate_patch Gradient_sr2
0  2026-01-24 16:14:42       0m 36s  ...                5.39         0.15
1  2026-01-24 16:15:19       0m 52s  ...               99.36         3.04
2  2026-01-24 16:16:11       0m 36s  ...                2.39         0.06
3  2026-01-24 16:16:48       0m 42s  ...               44.96         1.29
4  2026-01-24 16:17:30       0m 50s  ...               84.53         2.39
5  2026-01-24 16:18:21       0m 34s  ...                2.03         0.05
6  2026-01-24 16:18:55       0m 45s  ...               55.13         1.56

[7 rows x 26 columns]
             timestamp time_elapsed  ... severity_rate_patch Gradient_sr2
0  2026-01-24 16:14:42       0m 36s  ...                5.39         0.15
1  2026-01-24 16:15:19       0m 52s  ...               99.36         3.04
2  2026-01-24 16:16:11       0m 36s  ...                2.39         0.06
3  2026-01-24 16:16:48       0m 42s  ...               44.96         1.29
4  2026-01-24 16:17:30       0m 50s  ...               84.53         2.39
5  2026-01-24 16:18:21       0m 34s  ...                2.03         0.05
6  2026-01-24 16:18:55       0m 45s  ...               55.13         1.56
7  2026-01-24 16:19:41       0m 38s  ...               19.15         0.50

[8 rows x 26 columns]
             timestamp time_elapsed  ... severity_rate_patch Gradient_sr2
0  2026-01-24 16:14:42       0m 36s  ...                5.39         0.15
1  2026-01-24 16:15:19       0m 52s  ...               99.36         3.04
2  2026-01-24 16:16:11       0m 36s  ...                2.39         0.06
3  2026-01-24 16:16:48       0m 42s  ...               44.96         1.29
4  2026-01-24 16:17:30       0m 50s  ...               84.53         2.39
5  2026-01-24 16:18:21       0m 34s  ...                2.03         0.05
6  2026-01-24 16:18:55       0m 45s  ...               55.13         1.56
7  2026-01-24 16:19:41       0m 38s  ...               19.15         0.50
8  2026-01-24 16:20:19       0m 49s  ...               71.83         1.97

[9 rows x 26 columns]
             timestamp time_elapsed  ... severity_rate_patch Gradient_sr2
0  2026-01-24 16:14:42       0m 36s  ...                5.39         0.15
1  2026-01-24 16:15:19       0m 52s  ...               99.36         3.04
2  2026-01-24 16:16:11       0m 36s  ...                2.39         0.06
3  2026-01-24 16:16:48       0m 42s  ...               44.96         1.29
4  2026-01-24 16:17:30       0m 50s  ...               84.53         2.39
5  2026-01-24 16:18:21       0m 34s  ...                2.03         0.05
6  2026-01-24 16:18:55       0m 45s  ...               55.13         1.56
7  2026-01-24 16:19:41       0m 38s  ...               19.15         0.50
8  2026-01-24 16:20:19       0m 49s  ...               71.83         1.97
9  2026-01-24 16:21:08       0m 39s  ...               30.08         0.81

[10 rows x 26 columns]
              timestamp time_elapsed  ... severity_rate_patch Gradient_sr2
0   2026-01-24 16:14:42       0m 36s  ...                5.39         0.15
1   2026-01-24 16:15:19       0m 52s  ...               99.36         3.04
2   2026-01-24 16:16:11       0m 36s  ...                2.39         0.06
3   2026-01-24 16:16:48       0m 42s  ...               44.96         1.29
4   2026-01-24 16:17:30       0m 50s  ...               84.53         2.39
5   2026-01-24 16:18:21       0m 34s  ...                2.03         0.05
6   2026-01-24 16:18:55       0m 45s  ...               55.13         1.56
7   2026-01-24 16:19:41       0m 38s  ...               19.15         0.50
8   2026-01-24 16:20:19       0m 49s  ...               71.83         1.97
9   2026-01-24 16:21:08       0m 39s  ...               30.08         0.81
10  2026-01-24 16:21:48       0m 37s  ...               10.03         0.26

[11 rows x 26 columns]
              timestamp time_elapsed  ... severity_rate_patch Gradient_sr2
0   2026-01-24 16:14:42       0m 36s  ...                5.39         0.15
1   2026-01-24 16:15:19       0m 52s  ...               99.36         3.04
2   2026-01-24 16:16:11       0m 36s  ...                2.39         0.06
3   2026-01-24 16:16:48       0m 42s  ...               44.96         1.29
4   2026-01-24 16:17:30       0m 50s  ...               84.53         2.39
5   2026-01-24 16:18:21       0m 34s  ...                2.03         0.05
6   2026-01-24 16:18:55       0m 45s  ...               55.13         1.56
7   2026-01-24 16:19:41       0m 38s  ...               19.15         0.50
8   2026-01-24 16:20:19       0m 49s  ...               71.83         1.97
9   2026-01-24 16:21:08       0m 39s  ...               30.08         0.81
10  2026-01-24 16:21:48       0m 37s  ...               10.03         0.26
11  2026-01-24 16:22:25       0m 45s  ...               68.49         1.88

[12 rows x 26 columns]
              timestamp time_elapsed  ... severity_rate_patch Gradient_sr2
0   2026-01-24 16:14:42       0m 36s  ...                5.39         0.15
1   2026-01-24 16:15:19       0m 52s  ...               99.36         3.04
2   2026-01-24 16:16:11       0m 36s  ...                2.39         0.06
3   2026-01-24 16:16:48       0m 42s  ...               44.96         1.29
4   2026-01-24 16:17:30       0m 50s  ...               84.53         2.39
5   2026-01-24 16:18:21       0m 34s  ...                2.03         0.05
6   2026-01-24 16:18:55       0m 45s  ...               55.13         1.56
7   2026-01-24 16:19:41       0m 38s  ...               19.15         0.50
8   2026-01-24 16:20:19       0m 49s  ...               71.83         1.97
9   2026-01-24 16:21:08       0m 39s  ...               30.08         0.81
10  2026-01-24 16:21:48       0m 37s  ...               10.03         0.26
11  2026-01-24 16:22:25       0m 45s  ...               68.49         1.88
12  2026-01-24 16:23:11       0m 50s  ...               84.95         2.44

[13 rows x 26 columns]
              timestamp time_elapsed  ... severity_rate_patch Gradient_sr2
0   2026-01-24 16:14:42       0m 36s  ...                5.39         0.15
1   2026-01-24 16:15:19       0m 52s  ...               99.36         3.04
2   2026-01-24 16:16:11       0m 36s  ...                2.39         0.06
3   2026-01-24 16:16:48       0m 42s  ...               44.96         1.29
4   2026-01-24 16:17:30       0m 50s  ...               84.53         2.39
5   2026-01-24 16:18:21       0m 34s  ...                2.03         0.05
6   2026-01-24 16:18:55       0m 45s  ...               55.13         1.56
7   2026-01-24 16:19:41       0m 38s  ...               19.15         0.50
8   2026-01-24 16:20:19       0m 49s  ...               71.83         1.97
9   2026-01-24 16:21:08       0m 39s  ...               30.08         0.81
10  2026-01-24 16:21:48       0m 37s  ...               10.03         0.26
11  2026-01-24 16:22:25       0m 45s  ...               68.49         1.88
12  2026-01-24 16:23:11       0m 50s  ...               84.95         2.44
13  2026-01-24 16:24:01       0m 37s  ...               42.80         1.16

[14 rows x 26 columns]
              timestamp time_elapsed  ... severity_rate_patch Gradient_sr2
0   2026-01-24 16:14:42       0m 36s  ...                5.39         0.15
1   2026-01-24 16:15:19       0m 52s  ...               99.36         3.04
2   2026-01-24 16:16:11       0m 36s  ...                2.39         0.06
3   2026-01-24 16:16:48       0m 42s  ...               44.96         1.29
4   2026-01-24 16:17:30       0m 50s  ...               84.53         2.39
5   2026-01-24 16:18:21       0m 34s  ...                2.03         0.05
6   2026-01-24 16:18:55       0m 45s  ...               55.13         1.56
7   2026-01-24 16:19:41       0m 38s  ...               19.15         0.50
8   2026-01-24 16:20:19       0m 49s  ...               71.83         1.97
9   2026-01-24 16:21:08       0m 39s  ...               30.08         0.81
10  2026-01-24 16:21:48       0m 37s  ...               10.03         0.26
11  2026-01-24 16:22:25       0m 45s  ...               68.49         1.88
12  2026-01-24 16:23:11       0m 50s  ...               84.95         2.44
13  2026-01-24 16:24:01       0m 37s  ...               42.80         1.16
14  2026-01-24 16:24:39       0m 39s  ...               25.61         0.64

[15 rows x 26 columns]

real	10m43.682s
user	0m0.000s
sys	0m0.015s
