[2026-01-24 17:32:38,328] - [root] - [INFO] - leaf_correlation_mw.py
[2026-01-24 17:32:38,328] - [root] - [INFO] - model_type       : ResNet
[2026-01-24 17:32:38,328] - [root] - [INFO] - pretrained       : True
[2026-01-24 17:32:38,328] - [root] - [INFO] - loading_epoch    : 65
[2026-01-24 17:32:38,328] - [root] - [INFO] - timestamp        : Jan22_10-21-00_2026
[2026-01-24 17:32:38,328] - [root] - [INFO] - outdim           : 2
[2026-01-24 17:32:38,328] - [root] - [INFO] - dual_head        : True
[2026-01-24 17:32:38,328] - [root] - [INFO] - model_path       : ../..
[2026-01-24 17:32:38,328] - [root] - [INFO] - step_size        : 224
[2026-01-24 17:32:38,328] - [root] - [INFO] - means            : [0.541, 0.6371, 0.4188]
[2026-01-24 17:32:38,329] - [root] - [INFO] - stds             : [0.1764, 0.165, 0.2326]
[2026-01-24 17:32:38,329] - [root] - [INFO] - target_class     : 1
[2026-01-24 17:32:38,329] - [root] - [INFO] - contam_control   : False
[2026-01-24 17:32:38,329] - [root] - [INFO] - spor_th          : 0.7
[2026-01-24 17:32:38,329] - [root] - [INFO] - inf_gate         : 0.3
[2026-01-24 17:32:38,329] - [root] - [INFO] - pm               : HPM-1269
[2026-01-24 17:32:38,329] - [root] - [INFO] - mps              : False
[2026-01-24 17:32:38,329] - [root] - [INFO] - cuda             : True
[2026-01-24 17:32:38,329] - [root] - [INFO] - cuda_id          : 0
[2026-01-24 17:32:38,329] - [root] - [INFO] - sal_threshold    : 0.5
[2026-01-24 17:32:38,329] - [root] - [INFO] - up_threshold     : 0.95
[2026-01-24 17:32:38,329] - [root] - [INFO] - down_threshold   : 0.1
[2026-01-24 17:32:38,329] - [root] - [INFO] - dataset_path     : C:/Users/Intel User/Desktop/blackbird_scripts/data/human_disk_assessments
[2026-01-24 17:32:38,329] - [root] - [INFO] - img_folder       : 1-22-2026
[2026-01-24 17:32:38,329] - [root] - [INFO] - platform         : BlackBird
[2026-01-24 17:32:38,329] - [root] - [INFO] - threshold        : ['0.7']
[2026-01-24 17:32:38,329] - [root] - [INFO] - log              : ../../results/logs/random.log
[2026-01-24 17:32:38,329] - [root] - [INFO] - dpi              : 5
[2026-01-24 17:32:38,329] - [root] - [INFO] - group            : baseline
[2026-01-24 17:32:38,329] - [root] - [INFO] - trays            : ['5dpi']
[2026-01-24 17:32:38,330] - [root] - [INFO] - sal_gradcam      : False
[2026-01-24 17:32:38,330] - [root] - [INFO] - sal_gradient     : True
[2026-01-24 17:32:38,330] - [root] - [INFO] - sal_smoothgrad   : False
[2026-01-24 17:32:38,330] - [root] - [INFO] - sal_deeplift     : False
[2026-01-24 17:32:38,330] - [root] - [INFO] - sal_thresh_method : fixed
[2026-01-24 17:32:38,330] - [root] - [INFO] - sal_thresh_p     : 95.0
[2026-01-24 17:32:39,536] - [root] - [INFO] - -------------------------------------------
[2026-01-24 17:32:39,536] - [root] - [INFO] - Processing 1-22-2026 5dpi 005-W2021011-592_R2.png
[2026-01-24 17:32:56,183] - [root] - [INFO] - Finished loading mask: 0m 16s
[2026-01-24 17:33:09,079] - [root] - [INFO] - Finished crop and inference: 0m 29s
[2026-01-24 17:33:13,705] - [root] - [INFO] - Analysis finished: 0m 34s
[2026-01-24 17:33:13,706] - [root] - [INFO] - -------------------------------------------
[2026-01-24 17:33:13,707] - [root] - [INFO] - -------------------------------------------
[2026-01-24 17:33:13,707] - [root] - [INFO] - Processing 1-22-2026 5dpi 022-W2021009-198_R2.png
[2026-01-24 17:33:30,248] - [root] - [INFO] - Finished loading mask: 0m 16s
[2026-01-24 17:33:44,665] - [root] - [INFO] - Finished crop and inference: 0m 30s
[2026-01-24 17:33:47,403] - [root] - [INFO] - Analysis finished: 0m 33s
[2026-01-24 17:33:47,403] - [root] - [INFO] - -------------------------------------------
[2026-01-24 17:33:47,403] - [root] - [INFO] - -------------------------------------------
[2026-01-24 17:33:47,403] - [root] - [INFO] - Processing 1-22-2026 5dpi 047-W2021011-482_R1.png
[2026-01-24 17:34:03,841] - [root] - [INFO] - Finished loading mask: 0m 16s
[2026-01-24 17:34:21,473] - [root] - [INFO] - Finished crop and inference: 0m 34s
[2026-01-24 17:34:23,816] - [root] - [INFO] - Analysis finished: 0m 36s
[2026-01-24 17:34:23,821] - [root] - [INFO] - -------------------------------------------
[2026-01-24 17:34:23,821] - [root] - [INFO] - -------------------------------------------
[2026-01-24 17:34:23,821] - [root] - [INFO] - Processing 1-22-2026 5dpi 055-W2021010-397_R2.png
[2026-01-24 17:34:40,445] - [root] - [INFO] - Finished loading mask: 0m 16s
[2026-01-24 17:34:53,901] - [root] - [INFO] - Finished crop and inference: 0m 30s
[2026-01-24 17:34:55,966] - [root] - [INFO] - Analysis finished: 0m 32s
[2026-01-24 17:34:55,967] - [root] - [INFO] - -------------------------------------------
[2026-01-24 17:34:55,967] - [root] - [INFO] - -------------------------------------------
[2026-01-24 17:34:55,967] - [root] - [INFO] - Processing 1-22-2026 5dpi 121-W2021009-185_R1.png
[2026-01-24 17:35:18,936] - [root] - [INFO] - Finished loading mask: 0m 22s
[2026-01-24 17:35:30,815] - [root] - [INFO] - Finished crop and inference: 0m 34s
[2026-01-24 17:35:32,838] - [root] - [INFO] - Analysis finished: 0m 36s
[2026-01-24 17:35:32,838] - [root] - [INFO] - -------------------------------------------
[2026-01-24 17:35:32,838] - [root] - [INFO] - -------------------------------------------
[2026-01-24 17:35:32,838] - [root] - [INFO] - Processing 1-22-2026 5dpi 128-W2021006-013_R1.png
[2026-01-24 17:35:55,601] - [root] - [INFO] - Finished loading mask: 0m 22s
[2026-01-24 17:36:17,256] - [root] - [INFO] - Finished crop and inference: 0m 44s
[2026-01-24 17:36:19,412] - [root] - [INFO] - Analysis finished: 0m 46s
[2026-01-24 17:36:19,412] - [root] - [INFO] - -------------------------------------------
[2026-01-24 17:36:19,412] - [root] - [INFO] - -------------------------------------------
[2026-01-24 17:36:19,413] - [root] - [INFO] - Processing 1-22-2026 5dpi 149-W2021010-417_R1.png
[2026-01-24 17:36:42,063] - [root] - [INFO] - Finished loading mask: 0m 22s
[2026-01-24 17:36:54,899] - [root] - [INFO] - Finished crop and inference: 0m 35s
[2026-01-24 17:36:57,038] - [root] - [INFO] - Analysis finished: 0m 37s
[2026-01-24 17:36:57,039] - [root] - [INFO] - -------------------------------------------
[2026-01-24 17:36:57,039] - [root] - [INFO] - -------------------------------------------
[2026-01-24 17:36:57,039] - [root] - [INFO] - Processing 1-22-2026 5dpi 156-W2021009-276_R2.png
[2026-01-24 17:37:17,680] - [root] - [INFO] - Finished loading mask: 0m 20s
[2026-01-24 17:37:30,554] - [root] - [INFO] - Finished crop and inference: 0m 33s
[2026-01-24 17:37:32,450] - [root] - [INFO] - Analysis finished: 0m 35s
[2026-01-24 17:37:32,450] - [root] - [INFO] - -------------------------------------------
[2026-01-24 17:37:32,451] - [root] - [INFO] - -------------------------------------------
[2026-01-24 17:37:32,451] - [root] - [INFO] - Processing 1-22-2026 5dpi 172-W2021011-557_R2.png
[2026-01-24 17:37:51,127] - [root] - [INFO] - Finished loading mask: 0m 18s
[2026-01-24 17:38:04,241] - [root] - [INFO] - Finished crop and inference: 0m 31s
[2026-01-24 17:38:06,054] - [root] - [INFO] - Analysis finished: 0m 33s
[2026-01-24 17:38:06,054] - [root] - [INFO] - -------------------------------------------
[2026-01-24 17:38:06,054] - [root] - [INFO] - -------------------------------------------
[2026-01-24 17:38:06,054] - [root] - [INFO] - Processing 1-22-2026 5dpi 180-W2021011-476_R2.png
[2026-01-24 17:38:25,215] - [root] - [INFO] - Finished loading mask: 0m 19s
[2026-01-24 17:38:45,378] - [root] - [INFO] - Finished crop and inference: 0m 39s
[2026-01-24 17:38:47,205] - [root] - [INFO] - Analysis finished: 0m 41s
[2026-01-24 17:38:47,205] - [root] - [INFO] - -------------------------------------------
[2026-01-24 17:38:47,205] - [root] - [INFO] - -------------------------------------------
[2026-01-24 17:38:47,206] - [root] - [INFO] - Processing 1-22-2026 5dpi 183-W2021009-295_R1.png
[2026-01-24 17:39:06,572] - [root] - [INFO] - Finished loading mask: 0m 19s
[2026-01-24 17:39:16,177] - [root] - [INFO] - Finished crop and inference: 0m 28s
[2026-01-24 17:39:17,997] - [root] - [INFO] - Analysis finished: 0m 30s
[2026-01-24 17:39:17,997] - [root] - [INFO] - -------------------------------------------
[2026-01-24 17:39:17,997] - [root] - [INFO] - -------------------------------------------
[2026-01-24 17:39:17,998] - [root] - [INFO] - Processing 1-22-2026 5dpi 187-W2021010-348_R2.png
[2026-01-24 17:39:37,586] - [root] - [INFO] - Finished loading mask: 0m 19s
[2026-01-24 17:39:59,925] - [root] - [INFO] - Finished crop and inference: 0m 41s
[2026-01-24 17:40:01,715] - [root] - [INFO] - Analysis finished: 0m 43s
[2026-01-24 17:40:01,715] - [root] - [INFO] - -------------------------------------------
[2026-01-24 17:40:01,715] - [root] - [INFO] - -------------------------------------------
[2026-01-24 17:40:01,715] - [root] - [INFO] - Processing 1-22-2026 5dpi 206-W2021010-344_R1.png
[2026-01-24 17:40:27,000] - [root] - [INFO] - Finished loading mask: 0m 25s
[2026-01-24 17:40:38,544] - [root] - [INFO] - Finished crop and inference: 0m 36s
[2026-01-24 17:40:40,524] - [root] - [INFO] - Analysis finished: 0m 38s
[2026-01-24 17:40:40,524] - [root] - [INFO] - -------------------------------------------
[2026-01-24 17:40:40,524] - [root] - [INFO] - -------------------------------------------
[2026-01-24 17:40:40,524] - [root] - [INFO] - Processing 1-22-2026 5dpi 208-W2021009-268_R2.png
[2026-01-24 17:41:04,131] - [root] - [INFO] - Finished loading mask: 0m 23s
[2026-01-24 17:41:18,697] - [root] - [INFO] - Finished crop and inference: 0m 38s
[2026-01-24 17:41:20,369] - [root] - [INFO] - Analysis finished: 0m 39s
[2026-01-24 17:41:20,369] - [root] - [INFO] - -------------------------------------------
[2026-01-24 17:41:20,369] - [root] - [INFO] - -------------------------------------------
[2026-01-24 17:41:20,369] - [root] - [INFO] - Processing 1-22-2026 5dpi 254-W2021010-352_R2.png
[2026-01-24 17:41:42,652] - [root] - [INFO] - Finished loading mask: 0m 22s
[2026-01-24 17:41:52,646] - [root] - [INFO] - Finished crop and inference: 0m 32s
[2026-01-24 17:41:54,344] - [root] - [INFO] - Analysis finished: 0m 33s
[2026-01-24 17:41:54,344] - [root] - [INFO] - -------------------------------------------
[2026-01-24 17:41:54,370] - [root] - [INFO] - Saved C:\Users\Intel User\Desktop\blackbird_scripts\data\Results\ResNet_upth0.95_downth0.1_Jan22_10-21-00_2026\1-22-2026\th_0.7\severity_rate_tray_5dpi_u0.95_d0.1_ig0.3_sp0.7_20260124_174120.csv
             timestamp time_elapsed  ... severity_rate_patch Gradient_sr2
0  2026-01-24 17:32:39       0m 34s  ...                0.85         0.02

[1 rows x 26 columns]
             timestamp time_elapsed  ... severity_rate_patch Gradient_sr2
0  2026-01-24 17:32:39       0m 34s  ...                0.85         0.02
1  2026-01-24 17:33:13       0m 33s  ...                8.65         0.17

[2 rows x 26 columns]
             timestamp time_elapsed  ... severity_rate_patch Gradient_sr2
0  2026-01-24 17:32:39       0m 34s  ...                0.85         0.02
1  2026-01-24 17:33:13       0m 33s  ...                8.65         0.17
2  2026-01-24 17:33:47       0m 36s  ...               38.81         1.02

[3 rows x 26 columns]
             timestamp time_elapsed  ... severity_rate_patch Gradient_sr2
0  2026-01-24 17:32:39       0m 34s  ...                0.85         0.02
1  2026-01-24 17:33:13       0m 33s  ...                8.65         0.17
2  2026-01-24 17:33:47       0m 36s  ...               38.81         1.02
3  2026-01-24 17:34:23       0m 32s  ...                6.61         0.16

[4 rows x 26 columns]
             timestamp time_elapsed  ... severity_rate_patch Gradient_sr2
0  2026-01-24 17:32:39       0m 34s  ...                0.85         0.02
1  2026-01-24 17:33:13       0m 33s  ...                8.65         0.17
2  2026-01-24 17:33:47       0m 36s  ...               38.81         1.02
3  2026-01-24 17:34:23       0m 32s  ...                6.61         0.16
4  2026-01-24 17:34:55       0m 36s  ...                5.47         0.14

[5 rows x 26 columns]
             timestamp time_elapsed  ... severity_rate_patch Gradient_sr2
0  2026-01-24 17:32:39       0m 34s  ...                0.85         0.02
1  2026-01-24 17:33:13       0m 33s  ...                8.65         0.17
2  2026-01-24 17:33:47       0m 36s  ...               38.81         1.02
3  2026-01-24 17:34:23       0m 32s  ...                6.61         0.16
4  2026-01-24 17:34:55       0m 36s  ...                5.47         0.14
5  2026-01-24 17:35:32       0m 46s  ...               75.57         1.84

[6 rows x 26 columns]
             timestamp time_elapsed  ... severity_rate_patch Gradient_sr2
0  2026-01-24 17:32:39       0m 34s  ...                0.85         0.02
1  2026-01-24 17:33:13       0m 33s  ...                8.65         0.17
2  2026-01-24 17:33:47       0m 36s  ...               38.81         1.02
3  2026-01-24 17:34:23       0m 32s  ...                6.61         0.16
4  2026-01-24 17:34:55       0m 36s  ...                5.47         0.14
5  2026-01-24 17:35:32       0m 46s  ...               75.57         1.84
6  2026-01-24 17:36:19       0m 37s  ...                9.74         0.26

[7 rows x 26 columns]
             timestamp time_elapsed  ... severity_rate_patch Gradient_sr2
0  2026-01-24 17:32:39       0m 34s  ...                0.85         0.02
1  2026-01-24 17:33:13       0m 33s  ...                8.65         0.17
2  2026-01-24 17:33:47       0m 36s  ...               38.81         1.02
3  2026-01-24 17:34:23       0m 32s  ...                6.61         0.16
4  2026-01-24 17:34:55       0m 36s  ...                5.47         0.14
5  2026-01-24 17:35:32       0m 46s  ...               75.57         1.84
6  2026-01-24 17:36:19       0m 37s  ...                9.74         0.26
7  2026-01-24 17:36:57       0m 35s  ...                5.74         0.14

[8 rows x 26 columns]
             timestamp time_elapsed  ... severity_rate_patch Gradient_sr2
0  2026-01-24 17:32:39       0m 34s  ...                0.85         0.02
1  2026-01-24 17:33:13       0m 33s  ...                8.65         0.17
2  2026-01-24 17:33:47       0m 36s  ...               38.81         1.02
3  2026-01-24 17:34:23       0m 32s  ...                6.61         0.16
4  2026-01-24 17:34:55       0m 36s  ...                5.47         0.14
5  2026-01-24 17:35:32       0m 46s  ...               75.57         1.84
6  2026-01-24 17:36:19       0m 37s  ...                9.74         0.26
7  2026-01-24 17:36:57       0m 35s  ...                5.74         0.14
8  2026-01-24 17:37:32       0m 33s  ...                6.82         0.19

[9 rows x 26 columns]
             timestamp time_elapsed  ... severity_rate_patch Gradient_sr2
0  2026-01-24 17:32:39       0m 34s  ...                0.85         0.02
1  2026-01-24 17:33:13       0m 33s  ...                8.65         0.17
2  2026-01-24 17:33:47       0m 36s  ...               38.81         1.02
3  2026-01-24 17:34:23       0m 32s  ...                6.61         0.16
4  2026-01-24 17:34:55       0m 36s  ...                5.47         0.14
5  2026-01-24 17:35:32       0m 46s  ...               75.57         1.84
6  2026-01-24 17:36:19       0m 37s  ...                9.74         0.26
7  2026-01-24 17:36:57       0m 35s  ...                5.74         0.14
8  2026-01-24 17:37:32       0m 33s  ...                6.82         0.19
9  2026-01-24 17:38:06       0m 41s  ...               76.76         1.84

[10 rows x 26 columns]
              timestamp time_elapsed  ... severity_rate_patch Gradient_sr2
0   2026-01-24 17:32:39       0m 34s  ...                0.85         0.02
1   2026-01-24 17:33:13       0m 33s  ...                8.65         0.17
2   2026-01-24 17:33:47       0m 36s  ...               38.81         1.02
3   2026-01-24 17:34:23       0m 32s  ...                6.61         0.16
4   2026-01-24 17:34:55       0m 36s  ...                5.47         0.14
5   2026-01-24 17:35:32       0m 46s  ...               75.57         1.84
6   2026-01-24 17:36:19       0m 37s  ...                9.74         0.26
7   2026-01-24 17:36:57       0m 35s  ...                5.74         0.14
8   2026-01-24 17:37:32       0m 33s  ...                6.82         0.19
9   2026-01-24 17:38:06       0m 41s  ...               76.76         1.84
10  2026-01-24 17:38:47       0m 30s  ...                3.87         0.09

[11 rows x 26 columns]
              timestamp time_elapsed  ... severity_rate_patch Gradient_sr2
0   2026-01-24 17:32:39       0m 34s  ...                0.85         0.02
1   2026-01-24 17:33:13       0m 33s  ...                8.65         0.17
2   2026-01-24 17:33:47       0m 36s  ...               38.81         1.02
3   2026-01-24 17:34:23       0m 32s  ...                6.61         0.16
4   2026-01-24 17:34:55       0m 36s  ...                5.47         0.14
5   2026-01-24 17:35:32       0m 46s  ...               75.57         1.84
6   2026-01-24 17:36:19       0m 37s  ...                9.74         0.26
7   2026-01-24 17:36:57       0m 35s  ...                5.74         0.14
8   2026-01-24 17:37:32       0m 33s  ...                6.82         0.19
9   2026-01-24 17:38:06       0m 41s  ...               76.76         1.84
10  2026-01-24 17:38:47       0m 30s  ...                3.87         0.09
11  2026-01-24 17:39:17       0m 43s  ...               83.80         2.17

[12 rows x 26 columns]
              timestamp time_elapsed  ... severity_rate_patch Gradient_sr2
0   2026-01-24 17:32:39       0m 34s  ...                0.85         0.02
1   2026-01-24 17:33:13       0m 33s  ...                8.65         0.17
2   2026-01-24 17:33:47       0m 36s  ...               38.81         1.02
3   2026-01-24 17:34:23       0m 32s  ...                6.61         0.16
4   2026-01-24 17:34:55       0m 36s  ...                5.47         0.14
5   2026-01-24 17:35:32       0m 46s  ...               75.57         1.84
6   2026-01-24 17:36:19       0m 37s  ...                9.74         0.26
7   2026-01-24 17:36:57       0m 35s  ...                5.74         0.14
8   2026-01-24 17:37:32       0m 33s  ...                6.82         0.19
9   2026-01-24 17:38:06       0m 41s  ...               76.76         1.84
10  2026-01-24 17:38:47       0m 30s  ...                3.87         0.09
11  2026-01-24 17:39:17       0m 43s  ...               83.80         2.17
12  2026-01-24 17:40:01       0m 38s  ...                2.16         0.05

[13 rows x 26 columns]
              timestamp time_elapsed  ... severity_rate_patch Gradient_sr2
0   2026-01-24 17:32:39       0m 34s  ...                0.85         0.02
1   2026-01-24 17:33:13       0m 33s  ...                8.65         0.17
2   2026-01-24 17:33:47       0m 36s  ...               38.81         1.02
3   2026-01-24 17:34:23       0m 32s  ...                6.61         0.16
4   2026-01-24 17:34:55       0m 36s  ...                5.47         0.14
5   2026-01-24 17:35:32       0m 46s  ...               75.57         1.84
6   2026-01-24 17:36:19       0m 37s  ...                9.74         0.26
7   2026-01-24 17:36:57       0m 35s  ...                5.74         0.14
8   2026-01-24 17:37:32       0m 33s  ...                6.82         0.19
9   2026-01-24 17:38:06       0m 41s  ...               76.76         1.84
10  2026-01-24 17:38:47       0m 30s  ...                3.87         0.09
11  2026-01-24 17:39:17       0m 43s  ...               83.80         2.17
12  2026-01-24 17:40:01       0m 38s  ...                2.16         0.05
13  2026-01-24 17:40:40       0m 39s  ...               27.76         0.64

[14 rows x 26 columns]
              timestamp time_elapsed  ... severity_rate_patch Gradient_sr2
0   2026-01-24 17:32:39       0m 34s  ...                0.85         0.02
1   2026-01-24 17:33:13       0m 33s  ...                8.65         0.17
2   2026-01-24 17:33:47       0m 36s  ...               38.81         1.02
3   2026-01-24 17:34:23       0m 32s  ...                6.61         0.16
4   2026-01-24 17:34:55       0m 36s  ...                5.47         0.14
5   2026-01-24 17:35:32       0m 46s  ...               75.57         1.84
6   2026-01-24 17:36:19       0m 37s  ...                9.74         0.26
7   2026-01-24 17:36:57       0m 35s  ...                5.74         0.14
8   2026-01-24 17:37:32       0m 33s  ...                6.82         0.19
9   2026-01-24 17:38:06       0m 41s  ...               76.76         1.84
10  2026-01-24 17:38:47       0m 30s  ...                3.87         0.09
11  2026-01-24 17:39:17       0m 43s  ...               83.80         2.17
12  2026-01-24 17:40:01       0m 38s  ...                2.16         0.05
13  2026-01-24 17:40:40       0m 39s  ...               27.76         0.64
14  2026-01-24 17:41:20       0m 33s  ...                0.56         0.01

[15 rows x 26 columns]

real	9m22.731s
user	0m0.015s
sys	0m0.000s
