[2026-01-24 16:47:03,140] - [root] - [INFO] - leaf_correlation_mw.py
[2026-01-24 16:47:03,140] - [root] - [INFO] - model_type       : ResNet
[2026-01-24 16:47:03,140] - [root] - [INFO] - pretrained       : True
[2026-01-24 16:47:03,140] - [root] - [INFO] - loading_epoch    : 65
[2026-01-24 16:47:03,140] - [root] - [INFO] - timestamp        : Jan22_10-21-00_2026
[2026-01-24 16:47:03,141] - [root] - [INFO] - outdim           : 2
[2026-01-24 16:47:03,141] - [root] - [INFO] - dual_head        : True
[2026-01-24 16:47:03,141] - [root] - [INFO] - model_path       : ../..
[2026-01-24 16:47:03,141] - [root] - [INFO] - step_size        : 224
[2026-01-24 16:47:03,141] - [root] - [INFO] - means            : [0.541, 0.6371, 0.4188]
[2026-01-24 16:47:03,141] - [root] - [INFO] - stds             : [0.1764, 0.165, 0.2326]
[2026-01-24 16:47:03,141] - [root] - [INFO] - target_class     : 1
[2026-01-24 16:47:03,141] - [root] - [INFO] - contam_control   : False
[2026-01-24 16:47:03,141] - [root] - [INFO] - spor_th          : 0.7
[2026-01-24 16:47:03,142] - [root] - [INFO] - inf_gate         : 0.3
[2026-01-24 16:47:03,142] - [root] - [INFO] - pm               : HPM-1269
[2026-01-24 16:47:03,142] - [root] - [INFO] - mps              : False
[2026-01-24 16:47:03,142] - [root] - [INFO] - cuda             : True
[2026-01-24 16:47:03,142] - [root] - [INFO] - cuda_id          : 0
[2026-01-24 16:47:03,142] - [root] - [INFO] - sal_threshold    : 0.5
[2026-01-24 16:47:03,142] - [root] - [INFO] - up_threshold     : 0.8
[2026-01-24 16:47:03,142] - [root] - [INFO] - down_threshold   : 0.3
[2026-01-24 16:47:03,142] - [root] - [INFO] - dataset_path     : C:/Users/Intel User/Desktop/blackbird_scripts/data/human_disk_assessments
[2026-01-24 16:47:03,142] - [root] - [INFO] - img_folder       : 1-22-2026
[2026-01-24 16:47:03,142] - [root] - [INFO] - platform         : BlackBird
[2026-01-24 16:47:03,142] - [root] - [INFO] - threshold        : ['0.7']
[2026-01-24 16:47:03,142] - [root] - [INFO] - log              : ../../results/logs/random.log
[2026-01-24 16:47:03,142] - [root] - [INFO] - dpi              : 10
[2026-01-24 16:47:03,142] - [root] - [INFO] - group            : baseline
[2026-01-24 16:47:03,143] - [root] - [INFO] - trays            : ['10dpi']
[2026-01-24 16:47:03,143] - [root] - [INFO] - sal_gradcam      : False
[2026-01-24 16:47:03,143] - [root] - [INFO] - sal_gradient     : True
[2026-01-24 16:47:03,143] - [root] - [INFO] - sal_smoothgrad   : False
[2026-01-24 16:47:03,143] - [root] - [INFO] - sal_deeplift     : False
[2026-01-24 16:47:03,143] - [root] - [INFO] - sal_thresh_method : fixed
[2026-01-24 16:47:03,143] - [root] - [INFO] - sal_thresh_p     : 95.0
[2026-01-24 16:47:04,434] - [root] - [INFO] - -------------------------------------------
[2026-01-24 16:47:04,434] - [root] - [INFO] - Processing 1-22-2026 10dpi 046-W2021009-208_R2.png
[2026-01-24 16:47:20,948] - [root] - [INFO] - Finished loading mask: 0m 16s
[2026-01-24 16:47:31,427] - [root] - [INFO] - Finished crop and inference: 0m 26s
[2026-01-24 16:47:33,106] - [root] - [INFO] - Analysis finished: 0m 28s
[2026-01-24 16:47:33,106] - [root] - [INFO] - -------------------------------------------
[2026-01-24 16:47:33,107] - [root] - [INFO] - -------------------------------------------
[2026-01-24 16:47:33,107] - [root] - [INFO] - Processing 1-22-2026 10dpi 151-W2021011-479_R2.png
[2026-01-24 16:47:52,067] - [root] - [INFO] - Finished loading mask: 0m 18s
[2026-01-24 16:48:17,960] - [root] - [INFO] - Finished crop and inference: 0m 44s
[2026-01-24 16:48:19,765] - [root] - [INFO] - Analysis finished: 0m 46s
[2026-01-24 16:48:19,765] - [root] - [INFO] - -------------------------------------------
[2026-01-24 16:48:19,765] - [root] - [INFO] - -------------------------------------------
[2026-01-24 16:48:19,765] - [root] - [INFO] - Processing 1-22-2026 10dpi 152-W2021010-301_R2.png
[2026-01-24 16:48:38,536] - [root] - [INFO] - Finished loading mask: 0m 18s
[2026-01-24 16:48:49,539] - [root] - [INFO] - Finished crop and inference: 0m 29s
[2026-01-24 16:48:51,244] - [root] - [INFO] - Analysis finished: 0m 31s
[2026-01-24 16:48:51,244] - [root] - [INFO] - -------------------------------------------
[2026-01-24 16:48:51,245] - [root] - [INFO] - -------------------------------------------
[2026-01-24 16:48:51,245] - [root] - [INFO] - Processing 1-22-2026 10dpi 152-W2021011-479_R1.png
[2026-01-24 16:49:10,023] - [root] - [INFO] - Finished loading mask: 0m 18s
[2026-01-24 16:49:26,956] - [root] - [INFO] - Finished crop and inference: 0m 35s
[2026-01-24 16:49:28,734] - [root] - [INFO] - Analysis finished: 0m 37s
[2026-01-24 16:49:28,735] - [root] - [INFO] - -------------------------------------------
[2026-01-24 16:49:28,735] - [root] - [INFO] - -------------------------------------------
[2026-01-24 16:49:28,735] - [root] - [INFO] - Processing 1-22-2026 10dpi 162-W2021011-551_R2.png
[2026-01-24 16:49:47,723] - [root] - [INFO] - Finished loading mask: 0m 18s
[2026-01-24 16:50:13,314] - [root] - [INFO] - Finished crop and inference: 0m 44s
[2026-01-24 16:50:15,201] - [root] - [INFO] - Analysis finished: 0m 46s
[2026-01-24 16:50:15,201] - [root] - [INFO] - -------------------------------------------
[2026-01-24 16:50:15,201] - [root] - [INFO] - -------------------------------------------
[2026-01-24 16:50:15,206] - [root] - [INFO] - Processing 1-22-2026 10dpi 166-W2021006-123_R1.png
[2026-01-24 16:50:34,467] - [root] - [INFO] - Finished loading mask: 0m 19s
[2026-01-24 16:50:42,805] - [root] - [INFO] - Finished crop and inference: 0m 27s
[2026-01-24 16:50:44,370] - [root] - [INFO] - Analysis finished: 0m 29s
[2026-01-24 16:50:44,370] - [root] - [INFO] - -------------------------------------------
[2026-01-24 16:50:44,370] - [root] - [INFO] - -------------------------------------------
[2026-01-24 16:50:44,370] - [root] - [INFO] - Processing 1-22-2026 10dpi 166-W2021006-146_R1.png
[2026-01-24 16:51:03,147] - [root] - [INFO] - Finished loading mask: 0m 18s
[2026-01-24 16:51:21,309] - [root] - [INFO] - Finished crop and inference: 0m 36s
[2026-01-24 16:51:23,129] - [root] - [INFO] - Analysis finished: 0m 38s
[2026-01-24 16:51:23,130] - [root] - [INFO] - -------------------------------------------
[2026-01-24 16:51:23,130] - [root] - [INFO] - -------------------------------------------
[2026-01-24 16:51:23,130] - [root] - [INFO] - Processing 1-22-2026 10dpi 166-W2021006-146_R2.png
[2026-01-24 16:51:43,230] - [root] - [INFO] - Finished loading mask: 0m 20s
[2026-01-24 16:51:54,707] - [root] - [INFO] - Finished crop and inference: 0m 31s
[2026-01-24 16:51:56,391] - [root] - [INFO] - Analysis finished: 0m 33s
[2026-01-24 16:51:56,391] - [root] - [INFO] - -------------------------------------------
[2026-01-24 16:51:56,391] - [root] - [INFO] - -------------------------------------------
[2026-01-24 16:51:56,391] - [root] - [INFO] - Processing 1-22-2026 10dpi 171-W2021011-584_R1.png
[2026-01-24 16:52:15,879] - [root] - [INFO] - Finished loading mask: 0m 19s
[2026-01-24 16:52:37,027] - [root] - [INFO] - Finished crop and inference: 0m 40s
[2026-01-24 16:52:38,870] - [root] - [INFO] - Analysis finished: 0m 42s
[2026-01-24 16:52:38,870] - [root] - [INFO] - -------------------------------------------
[2026-01-24 16:52:38,871] - [root] - [INFO] - -------------------------------------------
[2026-01-24 16:52:38,871] - [root] - [INFO] - Processing 1-22-2026 10dpi 181-W2021009-295_R2.png
[2026-01-24 16:52:59,524] - [root] - [INFO] - Finished loading mask: 0m 20s
[2026-01-24 16:53:12,128] - [root] - [INFO] - Finished crop and inference: 0m 33s
[2026-01-24 16:53:13,675] - [root] - [INFO] - Analysis finished: 0m 34s
[2026-01-24 16:53:13,675] - [root] - [INFO] - -------------------------------------------
[2026-01-24 16:53:13,675] - [root] - [INFO] - -------------------------------------------
[2026-01-24 16:53:13,676] - [root] - [INFO] - Processing 1-22-2026 10dpi 182-W2021009-251_R1.png
[2026-01-24 16:53:34,484] - [root] - [INFO] - Finished loading mask: 0m 20s
[2026-01-24 16:53:44,420] - [root] - [INFO] - Finished crop and inference: 0m 30s
[2026-01-24 16:53:45,860] - [root] - [INFO] - Analysis finished: 0m 32s
[2026-01-24 16:53:45,860] - [root] - [INFO] - -------------------------------------------
[2026-01-24 16:53:45,860] - [root] - [INFO] - -------------------------------------------
[2026-01-24 16:53:45,860] - [root] - [INFO] - Processing 1-22-2026 10dpi 192-W2021010-449_R2.png
[2026-01-24 16:54:05,561] - [root] - [INFO] - Finished loading mask: 0m 19s
[2026-01-24 16:54:22,825] - [root] - [INFO] - Finished crop and inference: 0m 36s
[2026-01-24 16:54:24,391] - [root] - [INFO] - Analysis finished: 0m 38s
[2026-01-24 16:54:24,392] - [root] - [INFO] - -------------------------------------------
[2026-01-24 16:54:24,392] - [root] - [INFO] - -------------------------------------------
[2026-01-24 16:54:24,392] - [root] - [INFO] - Processing 1-22-2026 10dpi 206-W2021009-271_R2.png
[2026-01-24 16:54:46,681] - [root] - [INFO] - Finished loading mask: 0m 22s
[2026-01-24 16:55:08,099] - [root] - [INFO] - Finished crop and inference: 0m 43s
[2026-01-24 16:55:09,618] - [root] - [INFO] - Analysis finished: 0m 45s
[2026-01-24 16:55:09,618] - [root] - [INFO] - -------------------------------------------
[2026-01-24 16:55:09,618] - [root] - [INFO] - -------------------------------------------
[2026-01-24 16:55:09,619] - [root] - [INFO] - Processing 1-22-2026 10dpi 207-W2021009-271_R1.png
[2026-01-24 16:55:33,667] - [root] - [INFO] - Finished loading mask: 0m 24s
[2026-01-24 16:55:46,408] - [root] - [INFO] - Finished crop and inference: 0m 36s
[2026-01-24 16:55:47,892] - [root] - [INFO] - Analysis finished: 0m 38s
[2026-01-24 16:55:47,892] - [root] - [INFO] - -------------------------------------------
[2026-01-24 16:55:47,892] - [root] - [INFO] - -------------------------------------------
[2026-01-24 16:55:47,892] - [root] - [INFO] - Processing 1-22-2026 10dpi 233-W2021006-607_R1.png
[2026-01-24 16:56:07,806] - [root] - [INFO] - Finished loading mask: 0m 19s
[2026-01-24 16:56:19,711] - [root] - [INFO] - Finished crop and inference: 0m 31s
[2026-01-24 16:56:21,191] - [root] - [INFO] - Analysis finished: 0m 33s
[2026-01-24 16:56:21,191] - [root] - [INFO] - -------------------------------------------
[2026-01-24 16:56:21,206] - [root] - [INFO] - Saved C:\Users\Intel User\Desktop\blackbird_scripts\data\Results\ResNet_upth0.8_downth0.3_Jan22_10-21-00_2026\1-22-2026\th_0.7\severity_rate_tray_10dpi_u0.8_d0.3_ig0.3_sp0.7_20260124_165547.csv
             timestamp time_elapsed  ... severity_rate_patch Gradient_sr2
0  2026-01-24 16:47:04       0m 28s  ...                4.55         0.13

[1 rows x 26 columns]
             timestamp time_elapsed  ... severity_rate_patch Gradient_sr2
0  2026-01-24 16:47:04       0m 28s  ...                4.55         0.13
1  2026-01-24 16:47:33       0m 46s  ...               98.89         3.04

[2 rows x 26 columns]
             timestamp time_elapsed  ... severity_rate_patch Gradient_sr2
0  2026-01-24 16:47:04       0m 28s  ...                4.55         0.13
1  2026-01-24 16:47:33       0m 46s  ...               98.89         3.04
2  2026-01-24 16:48:19       0m 31s  ...                1.37         0.03

[3 rows x 26 columns]
             timestamp time_elapsed  ... severity_rate_patch Gradient_sr2
0  2026-01-24 16:47:04       0m 28s  ...                4.55         0.13
1  2026-01-24 16:47:33       0m 46s  ...               98.89         3.04
2  2026-01-24 16:48:19       0m 31s  ...                1.37         0.03
3  2026-01-24 16:48:51       0m 37s  ...               43.52         1.26

[4 rows x 26 columns]
             timestamp time_elapsed  ... severity_rate_patch Gradient_sr2
0  2026-01-24 16:47:04       0m 28s  ...                4.55         0.13
1  2026-01-24 16:47:33       0m 46s  ...               98.89         3.04
2  2026-01-24 16:48:19       0m 31s  ...                1.37         0.03
3  2026-01-24 16:48:51       0m 37s  ...               43.52         1.26
4  2026-01-24 16:49:28       0m 46s  ...               82.93         2.34

[5 rows x 26 columns]
             timestamp time_elapsed  ... severity_rate_patch Gradient_sr2
0  2026-01-24 16:47:04       0m 28s  ...                4.55         0.13
1  2026-01-24 16:47:33       0m 46s  ...               98.89         3.04
2  2026-01-24 16:48:19       0m 31s  ...                1.37         0.03
3  2026-01-24 16:48:51       0m 37s  ...               43.52         1.26
4  2026-01-24 16:49:28       0m 46s  ...               82.93         2.34
5  2026-01-24 16:50:15       0m 29s  ...                0.83         0.02

[6 rows x 26 columns]
             timestamp time_elapsed  ... severity_rate_patch Gradient_sr2
0  2026-01-24 16:47:04       0m 28s  ...                4.55         0.13
1  2026-01-24 16:47:33       0m 46s  ...               98.89         3.04
2  2026-01-24 16:48:19       0m 31s  ...                1.37         0.03
3  2026-01-24 16:48:51       0m 37s  ...               43.52         1.26
4  2026-01-24 16:49:28       0m 46s  ...               82.93         2.34
5  2026-01-24 16:50:15       0m 29s  ...                0.83         0.02
6  2026-01-24 16:50:44       0m 38s  ...               53.01         1.52

[7 rows x 26 columns]
             timestamp time_elapsed  ... severity_rate_patch Gradient_sr2
0  2026-01-24 16:47:04       0m 28s  ...                4.55         0.13
1  2026-01-24 16:47:33       0m 46s  ...               98.89         3.04
2  2026-01-24 16:48:19       0m 31s  ...                1.37         0.03
3  2026-01-24 16:48:51       0m 37s  ...               43.52         1.26
4  2026-01-24 16:49:28       0m 46s  ...               82.93         2.34
5  2026-01-24 16:50:15       0m 29s  ...                0.83         0.02
6  2026-01-24 16:50:44       0m 38s  ...               53.01         1.52
7  2026-01-24 16:51:23       0m 33s  ...               15.70         0.43

[8 rows x 26 columns]
             timestamp time_elapsed  ... severity_rate_patch Gradient_sr2
0  2026-01-24 16:47:04       0m 28s  ...                4.55         0.13
1  2026-01-24 16:47:33       0m 46s  ...               98.89         3.04
2  2026-01-24 16:48:19       0m 31s  ...                1.37         0.03
3  2026-01-24 16:48:51       0m 37s  ...               43.52         1.26
4  2026-01-24 16:49:28       0m 46s  ...               82.93         2.34
5  2026-01-24 16:50:15       0m 29s  ...                0.83         0.02
6  2026-01-24 16:50:44       0m 38s  ...               53.01         1.52
7  2026-01-24 16:51:23       0m 33s  ...               15.70         0.43
8  2026-01-24 16:51:56       0m 42s  ...               68.67         1.88

[9 rows x 26 columns]
             timestamp time_elapsed  ... severity_rate_patch Gradient_sr2
0  2026-01-24 16:47:04       0m 28s  ...                4.55         0.13
1  2026-01-24 16:47:33       0m 46s  ...               98.89         3.04
2  2026-01-24 16:48:19       0m 31s  ...                1.37         0.03
3  2026-01-24 16:48:51       0m 37s  ...               43.52         1.26
4  2026-01-24 16:49:28       0m 46s  ...               82.93         2.34
5  2026-01-24 16:50:15       0m 29s  ...                0.83         0.02
6  2026-01-24 16:50:44       0m 38s  ...               53.01         1.52
7  2026-01-24 16:51:23       0m 33s  ...               15.70         0.43
8  2026-01-24 16:51:56       0m 42s  ...               68.67         1.88
9  2026-01-24 16:52:38       0m 34s  ...               27.03         0.74

[10 rows x 26 columns]
              timestamp time_elapsed  ... severity_rate_patch Gradient_sr2
0   2026-01-24 16:47:04       0m 28s  ...                4.55         0.13
1   2026-01-24 16:47:33       0m 46s  ...               98.89         3.04
2   2026-01-24 16:48:19       0m 31s  ...                1.37         0.03
3   2026-01-24 16:48:51       0m 37s  ...               43.52         1.26
4   2026-01-24 16:49:28       0m 46s  ...               82.93         2.34
5   2026-01-24 16:50:15       0m 29s  ...                0.83         0.02
6   2026-01-24 16:50:44       0m 38s  ...               53.01         1.52
7   2026-01-24 16:51:23       0m 33s  ...               15.70         0.43
8   2026-01-24 16:51:56       0m 42s  ...               68.67         1.88
9   2026-01-24 16:52:38       0m 34s  ...               27.03         0.74
10  2026-01-24 16:53:13       0m 32s  ...                6.11         0.17

[11 rows x 26 columns]
              timestamp time_elapsed  ... severity_rate_patch Gradient_sr2
0   2026-01-24 16:47:04       0m 28s  ...                4.55         0.13
1   2026-01-24 16:47:33       0m 46s  ...               98.89         3.04
2   2026-01-24 16:48:19       0m 31s  ...                1.37         0.03
3   2026-01-24 16:48:51       0m 37s  ...               43.52         1.26
4   2026-01-24 16:49:28       0m 46s  ...               82.93         2.34
5   2026-01-24 16:50:15       0m 29s  ...                0.83         0.02
6   2026-01-24 16:50:44       0m 38s  ...               53.01         1.52
7   2026-01-24 16:51:23       0m 33s  ...               15.70         0.43
8   2026-01-24 16:51:56       0m 42s  ...               68.67         1.88
9   2026-01-24 16:52:38       0m 34s  ...               27.03         0.74
10  2026-01-24 16:53:13       0m 32s  ...                6.11         0.17
11  2026-01-24 16:53:45       0m 38s  ...               66.36         1.84

[12 rows x 26 columns]
              timestamp time_elapsed  ... severity_rate_patch Gradient_sr2
0   2026-01-24 16:47:04       0m 28s  ...                4.55         0.13
1   2026-01-24 16:47:33       0m 46s  ...               98.89         3.04
2   2026-01-24 16:48:19       0m 31s  ...                1.37         0.03
3   2026-01-24 16:48:51       0m 37s  ...               43.52         1.26
4   2026-01-24 16:49:28       0m 46s  ...               82.93         2.34
5   2026-01-24 16:50:15       0m 29s  ...                0.83         0.02
6   2026-01-24 16:50:44       0m 38s  ...               53.01         1.52
7   2026-01-24 16:51:23       0m 33s  ...               15.70         0.43
8   2026-01-24 16:51:56       0m 42s  ...               68.67         1.88
9   2026-01-24 16:52:38       0m 34s  ...               27.03         0.74
10  2026-01-24 16:53:13       0m 32s  ...                6.11         0.17
11  2026-01-24 16:53:45       0m 38s  ...               66.36         1.84
12  2026-01-24 16:54:24       0m 45s  ...               83.43         2.39

[13 rows x 26 columns]
              timestamp time_elapsed  ... severity_rate_patch Gradient_sr2
0   2026-01-24 16:47:04       0m 28s  ...                4.55         0.13
1   2026-01-24 16:47:33       0m 46s  ...               98.89         3.04
2   2026-01-24 16:48:19       0m 31s  ...                1.37         0.03
3   2026-01-24 16:48:51       0m 37s  ...               43.52         1.26
4   2026-01-24 16:49:28       0m 46s  ...               82.93         2.34
5   2026-01-24 16:50:15       0m 29s  ...                0.83         0.02
6   2026-01-24 16:50:44       0m 38s  ...               53.01         1.52
7   2026-01-24 16:51:23       0m 33s  ...               15.70         0.43
8   2026-01-24 16:51:56       0m 42s  ...               68.67         1.88
9   2026-01-24 16:52:38       0m 34s  ...               27.03         0.74
10  2026-01-24 16:53:13       0m 32s  ...                6.11         0.17
11  2026-01-24 16:53:45       0m 38s  ...               66.36         1.84
12  2026-01-24 16:54:24       0m 45s  ...               83.43         2.39
13  2026-01-24 16:55:09       0m 38s  ...               40.07         1.08

[14 rows x 26 columns]
              timestamp time_elapsed  ... severity_rate_patch Gradient_sr2
0   2026-01-24 16:47:04       0m 28s  ...                4.55         0.13
1   2026-01-24 16:47:33       0m 46s  ...               98.89         3.04
2   2026-01-24 16:48:19       0m 31s  ...                1.37         0.03
3   2026-01-24 16:48:51       0m 37s  ...               43.52         1.26
4   2026-01-24 16:49:28       0m 46s  ...               82.93         2.34
5   2026-01-24 16:50:15       0m 29s  ...                0.83         0.02
6   2026-01-24 16:50:44       0m 38s  ...               53.01         1.52
7   2026-01-24 16:51:23       0m 33s  ...               15.70         0.43
8   2026-01-24 16:51:56       0m 42s  ...               68.67         1.88
9   2026-01-24 16:52:38       0m 34s  ...               27.03         0.74
10  2026-01-24 16:53:13       0m 32s  ...                6.11         0.17
11  2026-01-24 16:53:45       0m 38s  ...               66.36         1.84
12  2026-01-24 16:54:24       0m 45s  ...               83.43         2.39
13  2026-01-24 16:55:09       0m 38s  ...               40.07         1.08
14  2026-01-24 16:55:47       0m 33s  ...               21.04         0.54

[15 rows x 26 columns]

real	9m27.208s
user	0m0.000s
sys	0m0.000s
