[2026-01-23 21:05:31,265] - [root] - [INFO] - leaf_correlation_mw.py
[2026-01-23 21:05:31,265] - [root] - [INFO] - model_type       : ResNet
[2026-01-23 21:05:31,266] - [root] - [INFO] - pretrained       : True
[2026-01-23 21:05:31,266] - [root] - [INFO] - loading_epoch    : 65
[2026-01-23 21:05:31,266] - [root] - [INFO] - timestamp        : Jan22_10-21-00_2026
[2026-01-23 21:05:31,266] - [root] - [INFO] - outdim           : 2
[2026-01-23 21:05:31,266] - [root] - [INFO] - dual_head        : True
[2026-01-23 21:05:31,266] - [root] - [INFO] - model_path       : ../..
[2026-01-23 21:05:31,266] - [root] - [INFO] - step_size        : 224
[2026-01-23 21:05:31,266] - [root] - [INFO] - means            : [0.541, 0.6371, 0.4188]
[2026-01-23 21:05:31,266] - [root] - [INFO] - stds             : [0.1764, 0.165, 0.2326]
[2026-01-23 21:05:31,266] - [root] - [INFO] - target_class     : 1
[2026-01-23 21:05:31,266] - [root] - [INFO] - contam_control   : False
[2026-01-23 21:05:31,266] - [root] - [INFO] - spor_th          : 0.7
[2026-01-23 21:05:31,266] - [root] - [INFO] - inf_gate         : 0.6
[2026-01-23 21:05:31,266] - [root] - [INFO] - pm               : HPM-1269
[2026-01-23 21:05:31,266] - [root] - [INFO] - mps              : False
[2026-01-23 21:05:31,267] - [root] - [INFO] - cuda             : True
[2026-01-23 21:05:31,267] - [root] - [INFO] - cuda_id          : 0
[2026-01-23 21:05:31,267] - [root] - [INFO] - sal_threshold    : 0.5
[2026-01-23 21:05:31,267] - [root] - [INFO] - up_threshold     : 0.9
[2026-01-23 21:05:31,267] - [root] - [INFO] - down_threshold   : 0.2
[2026-01-23 21:05:31,267] - [root] - [INFO] - dataset_path     : C:/Users/Intel User/Desktop/blackbird_scripts/data/human_disk_assessments
[2026-01-23 21:05:31,267] - [root] - [INFO] - img_folder       : 1-22-2026
[2026-01-23 21:05:31,267] - [root] - [INFO] - platform         : BlackBird
[2026-01-23 21:05:31,267] - [root] - [INFO] - threshold        : ['0.7']
[2026-01-23 21:05:31,267] - [root] - [INFO] - log              : ../../results/logs/random.log
[2026-01-23 21:05:31,267] - [root] - [INFO] - dpi              : 10
[2026-01-23 21:05:31,267] - [root] - [INFO] - group            : baseline
[2026-01-23 21:05:31,267] - [root] - [INFO] - trays            : ['10dpi']
[2026-01-23 21:05:31,267] - [root] - [INFO] - sal_gradcam      : False
[2026-01-23 21:05:31,267] - [root] - [INFO] - sal_gradient     : True
[2026-01-23 21:05:31,267] - [root] - [INFO] - sal_smoothgrad   : False
[2026-01-23 21:05:31,267] - [root] - [INFO] - sal_deeplift     : False
[2026-01-23 21:05:31,267] - [root] - [INFO] - sal_thresh_method : fixed
[2026-01-23 21:05:31,267] - [root] - [INFO] - sal_thresh_p     : 95.0
[2026-01-23 21:05:32,174] - [root] - [INFO] - -------------------------------------------
[2026-01-23 21:05:32,174] - [root] - [INFO] - Processing 1-22-2026 10dpi 013-W2021011-633_R2.png
[2026-01-23 21:05:50,318] - [root] - [INFO] - Finished loading mask: 0m 18s
[2026-01-23 21:06:03,376] - [root] - [INFO] - Finished crop and inference: 0m 31s
[2026-01-23 21:06:04,715] - [root] - [INFO] - Analysis finished: 0m 32s
[2026-01-23 21:06:04,715] - [root] - [INFO] - -------------------------------------------
[2026-01-23 21:06:04,715] - [root] - [INFO] - -------------------------------------------
[2026-01-23 21:06:04,715] - [root] - [INFO] - Processing 1-22-2026 10dpi 026-W2021010-346_R2.png
[2026-01-23 21:06:20,565] - [root] - [INFO] - Finished loading mask: 0m 15s
[2026-01-23 21:06:30,582] - [root] - [INFO] - Finished crop and inference: 0m 25s
[2026-01-23 21:06:32,449] - [root] - [INFO] - Analysis finished: 0m 27s
[2026-01-23 21:06:32,449] - [root] - [INFO] - -------------------------------------------
[2026-01-23 21:06:32,450] - [root] - [INFO] - -------------------------------------------
[2026-01-23 21:06:32,450] - [root] - [INFO] - Processing 1-22-2026 10dpi 042-W2021006-015_R1.png
[2026-01-23 21:06:51,983] - [root] - [INFO] - Finished loading mask: 0m 19s
[2026-01-23 21:07:03,640] - [root] - [INFO] - Finished crop and inference: 0m 31s
[2026-01-23 21:07:05,416] - [root] - [INFO] - Analysis finished: 0m 32s
[2026-01-23 21:07:05,417] - [root] - [INFO] - -------------------------------------------
[2026-01-23 21:07:05,417] - [root] - [INFO] - -------------------------------------------
[2026-01-23 21:07:05,417] - [root] - [INFO] - Processing 1-22-2026 10dpi 057-W2021011-504_R2.png
[2026-01-23 21:07:23,686] - [root] - [INFO] - Finished loading mask: 0m 18s
[2026-01-23 21:07:32,668] - [root] - [INFO] - Finished crop and inference: 0m 27s
[2026-01-23 21:07:34,306] - [root] - [INFO] - Analysis finished: 0m 28s
[2026-01-23 21:07:34,307] - [root] - [INFO] - -------------------------------------------
[2026-01-23 21:07:34,307] - [root] - [INFO] - -------------------------------------------
[2026-01-23 21:07:34,307] - [root] - [INFO] - Processing 1-22-2026 10dpi 069-W2021011-574_R1.png
[2026-01-23 21:07:53,351] - [root] - [INFO] - Finished loading mask: 0m 19s
[2026-01-23 21:08:03,800] - [root] - [INFO] - Finished crop and inference: 0m 29s
[2026-01-23 21:08:05,427] - [root] - [INFO] - Analysis finished: 0m 31s
[2026-01-23 21:08:05,427] - [root] - [INFO] - -------------------------------------------
[2026-01-23 21:08:05,427] - [root] - [INFO] - -------------------------------------------
[2026-01-23 21:08:05,427] - [root] - [INFO] - Processing 1-22-2026 10dpi 095-W2021009-283_R1.png
[2026-01-23 21:08:23,769] - [root] - [INFO] - Finished loading mask: 0m 18s
[2026-01-23 21:08:32,290] - [root] - [INFO] - Finished crop and inference: 0m 26s
[2026-01-23 21:08:33,925] - [root] - [INFO] - Analysis finished: 0m 28s
[2026-01-23 21:08:33,925] - [root] - [INFO] - -------------------------------------------
[2026-01-23 21:08:33,925] - [root] - [INFO] - -------------------------------------------
[2026-01-23 21:08:33,925] - [root] - [INFO] - Processing 1-22-2026 10dpi 103-W2021011-591_R2.png
[2026-01-23 21:08:53,329] - [root] - [INFO] - Finished loading mask: 0m 19s
[2026-01-23 21:09:08,597] - [root] - [INFO] - Finished crop and inference: 0m 34s
[2026-01-23 21:09:10,268] - [root] - [INFO] - Analysis finished: 0m 36s
[2026-01-23 21:09:10,268] - [root] - [INFO] - -------------------------------------------
[2026-01-23 21:09:10,268] - [root] - [INFO] - -------------------------------------------
[2026-01-23 21:09:10,268] - [root] - [INFO] - Processing 1-22-2026 10dpi 115-W2021011-638_R1.png
[2026-01-23 21:09:27,437] - [root] - [INFO] - Finished loading mask: 0m 17s
[2026-01-23 21:09:46,064] - [root] - [INFO] - Finished crop and inference: 0m 35s
[2026-01-23 21:09:47,842] - [root] - [INFO] - Analysis finished: 0m 37s
[2026-01-23 21:09:47,842] - [root] - [INFO] - -------------------------------------------
[2026-01-23 21:09:47,842] - [root] - [INFO] - -------------------------------------------
[2026-01-23 21:09:47,842] - [root] - [INFO] - Processing 1-22-2026 10dpi 124-W2021009-278_R1.png
[2026-01-23 21:10:04,762] - [root] - [INFO] - Finished loading mask: 0m 16s
[2026-01-23 21:10:19,406] - [root] - [INFO] - Finished crop and inference: 0m 31s
[2026-01-23 21:10:21,168] - [root] - [INFO] - Analysis finished: 0m 33s
[2026-01-23 21:10:21,168] - [root] - [INFO] - -------------------------------------------
[2026-01-23 21:10:21,168] - [root] - [INFO] - -------------------------------------------
[2026-01-23 21:10:21,168] - [root] - [INFO] - Processing 1-22-2026 10dpi 162-W2021011-551_R2.png
[2026-01-23 21:10:39,621] - [root] - [INFO] - Finished loading mask: 0m 18s
[2026-01-23 21:11:02,387] - [root] - [INFO] - Finished crop and inference: 0m 41s
[2026-01-23 21:11:04,151] - [root] - [INFO] - Analysis finished: 0m 42s
[2026-01-23 21:11:04,151] - [root] - [INFO] - -------------------------------------------
[2026-01-23 21:11:04,152] - [root] - [INFO] - -------------------------------------------
[2026-01-23 21:11:04,152] - [root] - [INFO] - Processing 1-22-2026 10dpi 172-W2021009-156_R2.png
[2026-01-23 21:11:20,402] - [root] - [INFO] - Finished loading mask: 0m 16s
[2026-01-23 21:11:29,348] - [root] - [INFO] - Finished crop and inference: 0m 25s
[2026-01-23 21:11:31,033] - [root] - [INFO] - Analysis finished: 0m 26s
[2026-01-23 21:11:31,034] - [root] - [INFO] - -------------------------------------------
[2026-01-23 21:11:31,034] - [root] - [INFO] - -------------------------------------------
[2026-01-23 21:11:31,034] - [root] - [INFO] - Processing 1-22-2026 10dpi 182-W2021009-251_R1.png
[2026-01-23 21:11:51,974] - [root] - [INFO] - Finished loading mask: 0m 20s
[2026-01-23 21:12:01,759] - [root] - [INFO] - Finished crop and inference: 0m 30s
[2026-01-23 21:12:03,231] - [root] - [INFO] - Analysis finished: 0m 32s
[2026-01-23 21:12:03,231] - [root] - [INFO] - -------------------------------------------
[2026-01-23 21:12:03,231] - [root] - [INFO] - -------------------------------------------
[2026-01-23 21:12:03,231] - [root] - [INFO] - Processing 1-22-2026 10dpi 194-W2021010-339_R2.png
[2026-01-23 21:12:22,262] - [root] - [INFO] - Finished loading mask: 0m 19s
[2026-01-23 21:12:30,968] - [root] - [INFO] - Finished crop and inference: 0m 27s
[2026-01-23 21:12:32,484] - [root] - [INFO] - Analysis finished: 0m 29s
[2026-01-23 21:12:32,484] - [root] - [INFO] - -------------------------------------------
[2026-01-23 21:12:32,485] - [root] - [INFO] - -------------------------------------------
[2026-01-23 21:12:32,485] - [root] - [INFO] - Processing 1-22-2026 10dpi 215-W2021006-045_R1.png
[2026-01-23 21:12:52,184] - [root] - [INFO] - Finished loading mask: 0m 19s
[2026-01-23 21:13:10,496] - [root] - [INFO] - Finished crop and inference: 0m 38s
[2026-01-23 21:13:12,210] - [root] - [INFO] - Analysis finished: 0m 39s
[2026-01-23 21:13:12,210] - [root] - [INFO] - -------------------------------------------
[2026-01-23 21:13:12,210] - [root] - [INFO] - -------------------------------------------
[2026-01-23 21:13:12,210] - [root] - [INFO] - Processing 1-22-2026 10dpi 262-W2021009-187_R2.png
[2026-01-23 21:13:29,663] - [root] - [INFO] - Finished loading mask: 0m 17s
[2026-01-23 21:13:50,425] - [root] - [INFO] - Finished crop and inference: 0m 38s
[2026-01-23 21:13:52,211] - [root] - [INFO] - Analysis finished: 0m 40s
[2026-01-23 21:13:52,211] - [root] - [INFO] - -------------------------------------------
[2026-01-23 21:13:52,219] - [root] - [INFO] - Saved C:\Users\Intel User\Desktop\blackbird_scripts\data\Results\ResNet_upth0.9_downth0.2_Jan22_10-21-00_2026\1-22-2026\th_0.7\severity_rate_tray_10dpi_u0.9_d0.2_ig0.6_sp0.7.csv
             timestamp time_elapsed  ... severity_rate_patch Gradient_sr2
0  2026-01-23 21:05:32       0m 32s  ...               28.97         0.79

[1 rows x 24 columns]
             timestamp time_elapsed  ... severity_rate_patch Gradient_sr2
0  2026-01-23 21:05:32       0m 32s  ...               28.97         0.79
1  2026-01-23 21:06:04       0m 27s  ...                0.14         0.00

[2 rows x 24 columns]
             timestamp time_elapsed  ... severity_rate_patch Gradient_sr2
0  2026-01-23 21:05:32       0m 32s  ...               28.97         0.79
1  2026-01-23 21:06:04       0m 27s  ...                0.14         0.00
2  2026-01-23 21:06:32       0m 32s  ...               22.06         0.56

[3 rows x 24 columns]
             timestamp time_elapsed  ... severity_rate_patch Gradient_sr2
0  2026-01-23 21:05:32       0m 32s  ...               28.97         0.79
1  2026-01-23 21:06:04       0m 27s  ...                0.14         0.00
2  2026-01-23 21:06:32       0m 32s  ...               22.06         0.56
3  2026-01-23 21:07:05       0m 28s  ...                1.44         0.04

[4 rows x 24 columns]
             timestamp time_elapsed  ... severity_rate_patch Gradient_sr2
0  2026-01-23 21:05:32       0m 32s  ...               28.97         0.79
1  2026-01-23 21:06:04       0m 27s  ...                0.14         0.00
2  2026-01-23 21:06:32       0m 32s  ...               22.06         0.56
3  2026-01-23 21:07:05       0m 28s  ...                1.44         0.04
4  2026-01-23 21:07:34       0m 31s  ...               13.32         0.39

[5 rows x 24 columns]
             timestamp time_elapsed  ... severity_rate_patch Gradient_sr2
0  2026-01-23 21:05:32       0m 32s  ...               28.97         0.79
1  2026-01-23 21:06:04       0m 27s  ...                0.14         0.00
2  2026-01-23 21:06:32       0m 32s  ...               22.06         0.56
3  2026-01-23 21:07:05       0m 28s  ...                1.44         0.04
4  2026-01-23 21:07:34       0m 31s  ...               13.32         0.39
5  2026-01-23 21:08:05       0m 28s  ...                5.10         0.12

[6 rows x 24 columns]
             timestamp time_elapsed  ... severity_rate_patch Gradient_sr2
0  2026-01-23 21:05:32       0m 32s  ...               28.97         0.79
1  2026-01-23 21:06:04       0m 27s  ...                0.14         0.00
2  2026-01-23 21:06:32       0m 32s  ...               22.06         0.56
3  2026-01-23 21:07:05       0m 28s  ...                1.44         0.04
4  2026-01-23 21:07:34       0m 31s  ...               13.32         0.39
5  2026-01-23 21:08:05       0m 28s  ...                5.10         0.12
6  2026-01-23 21:08:33       0m 36s  ...               49.84         1.42

[7 rows x 24 columns]
             timestamp time_elapsed  ... severity_rate_patch Gradient_sr2
0  2026-01-23 21:05:32       0m 32s  ...               28.97         0.79
1  2026-01-23 21:06:04       0m 27s  ...                0.14         0.00
2  2026-01-23 21:06:32       0m 32s  ...               22.06         0.56
3  2026-01-23 21:07:05       0m 28s  ...                1.44         0.04
4  2026-01-23 21:07:34       0m 31s  ...               13.32         0.39
5  2026-01-23 21:08:05       0m 28s  ...                5.10         0.12
6  2026-01-23 21:08:33       0m 36s  ...               49.84         1.42
7  2026-01-23 21:09:10       0m 37s  ...               55.89         1.46

[8 rows x 24 columns]
             timestamp time_elapsed  ... severity_rate_patch Gradient_sr2
0  2026-01-23 21:05:32       0m 32s  ...               28.97         0.79
1  2026-01-23 21:06:04       0m 27s  ...                0.14         0.00
2  2026-01-23 21:06:32       0m 32s  ...               22.06         0.56
3  2026-01-23 21:07:05       0m 28s  ...                1.44         0.04
4  2026-01-23 21:07:34       0m 31s  ...               13.32         0.39
5  2026-01-23 21:08:05       0m 28s  ...                5.10         0.12
6  2026-01-23 21:08:33       0m 36s  ...               49.84         1.42
7  2026-01-23 21:09:10       0m 37s  ...               55.89         1.46
8  2026-01-23 21:09:47       0m 33s  ...               44.43         1.24

[9 rows x 24 columns]
             timestamp time_elapsed  ... severity_rate_patch Gradient_sr2
0  2026-01-23 21:05:32       0m 32s  ...               28.97         0.79
1  2026-01-23 21:06:04       0m 27s  ...                0.14         0.00
2  2026-01-23 21:06:32       0m 32s  ...               22.06         0.56
3  2026-01-23 21:07:05       0m 28s  ...                1.44         0.04
4  2026-01-23 21:07:34       0m 31s  ...               13.32         0.39
5  2026-01-23 21:08:05       0m 28s  ...                5.10         0.12
6  2026-01-23 21:08:33       0m 36s  ...               49.84         1.42
7  2026-01-23 21:09:10       0m 37s  ...               55.89         1.46
8  2026-01-23 21:09:47       0m 33s  ...               44.43         1.24
9  2026-01-23 21:10:21       0m 42s  ...               83.24         2.32

[10 rows x 24 columns]
              timestamp time_elapsed  ... severity_rate_patch Gradient_sr2
0   2026-01-23 21:05:32       0m 32s  ...               28.97         0.79
1   2026-01-23 21:06:04       0m 27s  ...                0.14         0.00
2   2026-01-23 21:06:32       0m 32s  ...               22.06         0.56
3   2026-01-23 21:07:05       0m 28s  ...                1.44         0.04
4   2026-01-23 21:07:34       0m 31s  ...               13.32         0.39
5   2026-01-23 21:08:05       0m 28s  ...                5.10         0.12
6   2026-01-23 21:08:33       0m 36s  ...               49.84         1.42
7   2026-01-23 21:09:10       0m 37s  ...               55.89         1.46
8   2026-01-23 21:09:47       0m 33s  ...               44.43         1.24
9   2026-01-23 21:10:21       0m 42s  ...               83.24         2.32
10  2026-01-23 21:11:04       0m 26s  ...                6.27         0.16

[11 rows x 24 columns]
              timestamp time_elapsed  ... severity_rate_patch Gradient_sr2
0   2026-01-23 21:05:32       0m 32s  ...               28.97         0.79
1   2026-01-23 21:06:04       0m 27s  ...                0.14         0.00
2   2026-01-23 21:06:32       0m 32s  ...               22.06         0.56
3   2026-01-23 21:07:05       0m 28s  ...                1.44         0.04
4   2026-01-23 21:07:34       0m 31s  ...               13.32         0.39
5   2026-01-23 21:08:05       0m 28s  ...                5.10         0.12
6   2026-01-23 21:08:33       0m 36s  ...               49.84         1.42
7   2026-01-23 21:09:10       0m 37s  ...               55.89         1.46
8   2026-01-23 21:09:47       0m 33s  ...               44.43         1.24
9   2026-01-23 21:10:21       0m 42s  ...               83.24         2.32
10  2026-01-23 21:11:04       0m 26s  ...                6.27         0.16
11  2026-01-23 21:11:31       0m 32s  ...                6.07         0.16

[12 rows x 24 columns]
              timestamp time_elapsed  ... severity_rate_patch Gradient_sr2
0   2026-01-23 21:05:32       0m 32s  ...               28.97         0.79
1   2026-01-23 21:06:04       0m 27s  ...                0.14         0.00
2   2026-01-23 21:06:32       0m 32s  ...               22.06         0.56
3   2026-01-23 21:07:05       0m 28s  ...                1.44         0.04
4   2026-01-23 21:07:34       0m 31s  ...               13.32         0.39
5   2026-01-23 21:08:05       0m 28s  ...                5.10         0.12
6   2026-01-23 21:08:33       0m 36s  ...               49.84         1.42
7   2026-01-23 21:09:10       0m 37s  ...               55.89         1.46
8   2026-01-23 21:09:47       0m 33s  ...               44.43         1.24
9   2026-01-23 21:10:21       0m 42s  ...               83.24         2.32
10  2026-01-23 21:11:04       0m 26s  ...                6.27         0.16
11  2026-01-23 21:11:31       0m 32s  ...                6.07         0.16
12  2026-01-23 21:12:03       0m 29s  ...                3.82         0.09

[13 rows x 24 columns]
              timestamp time_elapsed  ... severity_rate_patch Gradient_sr2
0   2026-01-23 21:05:32       0m 32s  ...               28.97         0.79
1   2026-01-23 21:06:04       0m 27s  ...                0.14         0.00
2   2026-01-23 21:06:32       0m 32s  ...               22.06         0.56
3   2026-01-23 21:07:05       0m 28s  ...                1.44         0.04
4   2026-01-23 21:07:34       0m 31s  ...               13.32         0.39
5   2026-01-23 21:08:05       0m 28s  ...                5.10         0.12
6   2026-01-23 21:08:33       0m 36s  ...               49.84         1.42
7   2026-01-23 21:09:10       0m 37s  ...               55.89         1.46
8   2026-01-23 21:09:47       0m 33s  ...               44.43         1.24
9   2026-01-23 21:10:21       0m 42s  ...               83.24         2.32
10  2026-01-23 21:11:04       0m 26s  ...                6.27         0.16
11  2026-01-23 21:11:31       0m 32s  ...                6.07         0.16
12  2026-01-23 21:12:03       0m 29s  ...                3.82         0.09
13  2026-01-23 21:12:32       0m 39s  ...               77.51         2.22

[14 rows x 24 columns]
              timestamp time_elapsed  ... severity_rate_patch Gradient_sr2
0   2026-01-23 21:05:32       0m 32s  ...               28.97         0.79
1   2026-01-23 21:06:04       0m 27s  ...                0.14         0.00
2   2026-01-23 21:06:32       0m 32s  ...               22.06         0.56
3   2026-01-23 21:07:05       0m 28s  ...                1.44         0.04
4   2026-01-23 21:07:34       0m 31s  ...               13.32         0.39
5   2026-01-23 21:08:05       0m 28s  ...                5.10         0.12
6   2026-01-23 21:08:33       0m 36s  ...               49.84         1.42
7   2026-01-23 21:09:10       0m 37s  ...               55.89         1.46
8   2026-01-23 21:09:47       0m 33s  ...               44.43         1.24
9   2026-01-23 21:10:21       0m 42s  ...               83.24         2.32
10  2026-01-23 21:11:04       0m 26s  ...                6.27         0.16
11  2026-01-23 21:11:31       0m 32s  ...                6.07         0.16
12  2026-01-23 21:12:03       0m 29s  ...                3.82         0.09
13  2026-01-23 21:12:32       0m 39s  ...               77.51         2.22
14  2026-01-23 21:13:12       0m 39s  ...               79.42         2.28

[15 rows x 24 columns]

real	8m26.941s
user	0m0.000s
sys	0m0.000s
