[2026-01-23 20:07:00,564] - [root] - [INFO] - leaf_correlation_mw.py
[2026-01-23 20:07:00,564] - [root] - [INFO] - model_type       : ResNet
[2026-01-23 20:07:00,564] - [root] - [INFO] - pretrained       : True
[2026-01-23 20:07:00,564] - [root] - [INFO] - loading_epoch    : 65
[2026-01-23 20:07:00,564] - [root] - [INFO] - timestamp        : Jan22_10-21-00_2026
[2026-01-23 20:07:00,564] - [root] - [INFO] - outdim           : 2
[2026-01-23 20:07:00,565] - [root] - [INFO] - dual_head        : True
[2026-01-23 20:07:00,565] - [root] - [INFO] - model_path       : ../..
[2026-01-23 20:07:00,565] - [root] - [INFO] - step_size        : 224
[2026-01-23 20:07:00,566] - [root] - [INFO] - means            : [0.541, 0.6371, 0.4188]
[2026-01-23 20:07:00,566] - [root] - [INFO] - stds             : [0.1764, 0.165, 0.2326]
[2026-01-23 20:07:00,566] - [root] - [INFO] - target_class     : 1
[2026-01-23 20:07:00,566] - [root] - [INFO] - contam_control   : False
[2026-01-23 20:07:00,566] - [root] - [INFO] - spor_th          : 0.9
[2026-01-23 20:07:00,566] - [root] - [INFO] - inf_gate         : 0.6
[2026-01-23 20:07:00,566] - [root] - [INFO] - pm               : HPM-1269
[2026-01-23 20:07:00,566] - [root] - [INFO] - mps              : False
[2026-01-23 20:07:00,566] - [root] - [INFO] - cuda             : True
[2026-01-23 20:07:00,566] - [root] - [INFO] - cuda_id          : 0
[2026-01-23 20:07:00,566] - [root] - [INFO] - sal_threshold    : 0.5
[2026-01-23 20:07:00,566] - [root] - [INFO] - up_threshold     : 0.7
[2026-01-23 20:07:00,566] - [root] - [INFO] - down_threshold   : 0.1
[2026-01-23 20:07:00,566] - [root] - [INFO] - dataset_path     : C:/Users/Intel User/Desktop/blackbird_scripts/data/human_disk_assessments
[2026-01-23 20:07:00,566] - [root] - [INFO] - img_folder       : 1-22-2026
[2026-01-23 20:07:00,566] - [root] - [INFO] - platform         : BlackBird
[2026-01-23 20:07:00,566] - [root] - [INFO] - threshold        : ['0.7']
[2026-01-23 20:07:00,566] - [root] - [INFO] - log              : ../../results/logs/random.log
[2026-01-23 20:07:00,566] - [root] - [INFO] - dpi              : 10
[2026-01-23 20:07:00,566] - [root] - [INFO] - group            : baseline
[2026-01-23 20:07:00,567] - [root] - [INFO] - trays            : ['10dpi']
[2026-01-23 20:07:00,567] - [root] - [INFO] - sal_gradcam      : False
[2026-01-23 20:07:00,567] - [root] - [INFO] - sal_gradient     : True
[2026-01-23 20:07:00,567] - [root] - [INFO] - sal_smoothgrad   : False
[2026-01-23 20:07:00,567] - [root] - [INFO] - sal_deeplift     : False
[2026-01-23 20:07:00,567] - [root] - [INFO] - sal_thresh_method : fixed
[2026-01-23 20:07:00,567] - [root] - [INFO] - sal_thresh_p     : 95.0
[2026-01-23 20:07:01,433] - [root] - [INFO] - -------------------------------------------
[2026-01-23 20:07:01,434] - [root] - [INFO] - Processing 1-22-2026 10dpi 013-W2021011-633_R2.png
[2026-01-23 20:07:17,738] - [root] - [INFO] - Finished loading mask: 0m 16s
[2026-01-23 20:07:31,240] - [root] - [INFO] - Finished crop and inference: 0m 29s
[2026-01-23 20:07:32,531] - [root] - [INFO] - Analysis finished: 0m 31s
[2026-01-23 20:07:32,531] - [root] - [INFO] - -------------------------------------------
[2026-01-23 20:07:32,531] - [root] - [INFO] - -------------------------------------------
[2026-01-23 20:07:32,531] - [root] - [INFO] - Processing 1-22-2026 10dpi 026-W2021010-346_R2.png
[2026-01-23 20:07:49,286] - [root] - [INFO] - Finished loading mask: 0m 16s
[2026-01-23 20:07:58,895] - [root] - [INFO] - Finished crop and inference: 0m 26s
[2026-01-23 20:08:00,376] - [root] - [INFO] - Analysis finished: 0m 27s
[2026-01-23 20:08:00,378] - [root] - [INFO] - -------------------------------------------
[2026-01-23 20:08:00,378] - [root] - [INFO] - -------------------------------------------
[2026-01-23 20:08:00,378] - [root] - [INFO] - Processing 1-22-2026 10dpi 042-W2021006-015_R1.png
[2026-01-23 20:08:17,213] - [root] - [INFO] - Finished loading mask: 0m 16s
[2026-01-23 20:08:28,980] - [root] - [INFO] - Finished crop and inference: 0m 28s
[2026-01-23 20:08:30,465] - [root] - [INFO] - Analysis finished: 0m 30s
[2026-01-23 20:08:30,467] - [root] - [INFO] - -------------------------------------------
[2026-01-23 20:08:30,467] - [root] - [INFO] - -------------------------------------------
[2026-01-23 20:08:30,467] - [root] - [INFO] - Processing 1-22-2026 10dpi 057-W2021011-504_R2.png
[2026-01-23 20:08:47,500] - [root] - [INFO] - Finished loading mask: 0m 17s
[2026-01-23 20:08:56,117] - [root] - [INFO] - Finished crop and inference: 0m 25s
[2026-01-23 20:08:57,641] - [root] - [INFO] - Analysis finished: 0m 27s
[2026-01-23 20:08:57,641] - [root] - [INFO] - -------------------------------------------
[2026-01-23 20:08:57,641] - [root] - [INFO] - -------------------------------------------
[2026-01-23 20:08:57,641] - [root] - [INFO] - Processing 1-22-2026 10dpi 069-W2021011-574_R1.png
[2026-01-23 20:09:14,434] - [root] - [INFO] - Finished loading mask: 0m 16s
[2026-01-23 20:09:24,580] - [root] - [INFO] - Finished crop and inference: 0m 26s
[2026-01-23 20:09:26,077] - [root] - [INFO] - Analysis finished: 0m 28s
[2026-01-23 20:09:26,077] - [root] - [INFO] - -------------------------------------------
[2026-01-23 20:09:26,077] - [root] - [INFO] - -------------------------------------------
[2026-01-23 20:09:26,077] - [root] - [INFO] - Processing 1-22-2026 10dpi 095-W2021009-283_R1.png
[2026-01-23 20:09:43,068] - [root] - [INFO] - Finished loading mask: 0m 16s
[2026-01-23 20:09:52,089] - [root] - [INFO] - Finished crop and inference: 0m 26s
[2026-01-23 20:09:53,595] - [root] - [INFO] - Analysis finished: 0m 27s
[2026-01-23 20:09:53,595] - [root] - [INFO] - -------------------------------------------
[2026-01-23 20:09:53,595] - [root] - [INFO] - -------------------------------------------
[2026-01-23 20:09:53,595] - [root] - [INFO] - Processing 1-22-2026 10dpi 103-W2021011-591_R2.png
[2026-01-23 20:10:10,153] - [root] - [INFO] - Finished loading mask: 0m 16s
[2026-01-23 20:10:25,719] - [root] - [INFO] - Finished crop and inference: 0m 32s
[2026-01-23 20:10:27,213] - [root] - [INFO] - Analysis finished: 0m 33s
[2026-01-23 20:10:27,213] - [root] - [INFO] - -------------------------------------------
[2026-01-23 20:10:27,213] - [root] - [INFO] - -------------------------------------------
[2026-01-23 20:10:27,213] - [root] - [INFO] - Processing 1-22-2026 10dpi 115-W2021011-638_R1.png
[2026-01-23 20:10:43,244] - [root] - [INFO] - Finished loading mask: 0m 16s
[2026-01-23 20:11:00,418] - [root] - [INFO] - Finished crop and inference: 0m 33s
[2026-01-23 20:11:01,940] - [root] - [INFO] - Analysis finished: 0m 34s
[2026-01-23 20:11:01,940] - [root] - [INFO] - -------------------------------------------
[2026-01-23 20:11:01,940] - [root] - [INFO] - -------------------------------------------
[2026-01-23 20:11:01,941] - [root] - [INFO] - Processing 1-22-2026 10dpi 124-W2021009-278_R1.png
[2026-01-23 20:11:18,418] - [root] - [INFO] - Finished loading mask: 0m 16s
[2026-01-23 20:11:32,667] - [root] - [INFO] - Finished crop and inference: 0m 30s
[2026-01-23 20:11:34,440] - [root] - [INFO] - Analysis finished: 0m 32s
[2026-01-23 20:11:34,440] - [root] - [INFO] - -------------------------------------------
[2026-01-23 20:11:34,440] - [root] - [INFO] - -------------------------------------------
[2026-01-23 20:11:34,441] - [root] - [INFO] - Processing 1-22-2026 10dpi 162-W2021011-551_R2.png
[2026-01-23 20:11:50,211] - [root] - [INFO] - Finished loading mask: 0m 15s
[2026-01-23 20:12:11,180] - [root] - [INFO] - Finished crop and inference: 0m 36s
[2026-01-23 20:12:12,724] - [root] - [INFO] - Analysis finished: 0m 38s
[2026-01-23 20:12:12,724] - [root] - [INFO] - -------------------------------------------
[2026-01-23 20:12:12,724] - [root] - [INFO] - -------------------------------------------
[2026-01-23 20:12:12,724] - [root] - [INFO] - Processing 1-22-2026 10dpi 172-W2021009-156_R2.png
[2026-01-23 20:12:29,818] - [root] - [INFO] - Finished loading mask: 0m 17s
[2026-01-23 20:12:37,661] - [root] - [INFO] - Finished crop and inference: 0m 24s
[2026-01-23 20:12:39,192] - [root] - [INFO] - Analysis finished: 0m 26s
[2026-01-23 20:12:39,192] - [root] - [INFO] - -------------------------------------------
[2026-01-23 20:12:39,192] - [root] - [INFO] - -------------------------------------------
[2026-01-23 20:12:39,192] - [root] - [INFO] - Processing 1-22-2026 10dpi 182-W2021009-251_R1.png
[2026-01-23 20:12:56,494] - [root] - [INFO] - Finished loading mask: 0m 17s
[2026-01-23 20:13:06,037] - [root] - [INFO] - Finished crop and inference: 0m 26s
[2026-01-23 20:13:07,510] - [root] - [INFO] - Analysis finished: 0m 28s
[2026-01-23 20:13:07,510] - [root] - [INFO] - -------------------------------------------
[2026-01-23 20:13:07,510] - [root] - [INFO] - -------------------------------------------
[2026-01-23 20:13:07,511] - [root] - [INFO] - Processing 1-22-2026 10dpi 194-W2021010-339_R2.png
[2026-01-23 20:13:24,927] - [root] - [INFO] - Finished loading mask: 0m 17s
[2026-01-23 20:13:34,213] - [root] - [INFO] - Finished crop and inference: 0m 26s
[2026-01-23 20:13:35,728] - [root] - [INFO] - Analysis finished: 0m 28s
[2026-01-23 20:13:35,729] - [root] - [INFO] - -------------------------------------------
[2026-01-23 20:13:35,729] - [root] - [INFO] - -------------------------------------------
[2026-01-23 20:13:35,729] - [root] - [INFO] - Processing 1-22-2026 10dpi 215-W2021006-045_R1.png
[2026-01-23 20:13:51,746] - [root] - [INFO] - Finished loading mask: 0m 16s
[2026-01-23 20:14:11,125] - [root] - [INFO] - Finished crop and inference: 0m 35s
[2026-01-23 20:14:12,648] - [root] - [INFO] - Analysis finished: 0m 36s
[2026-01-23 20:14:12,648] - [root] - [INFO] - -------------------------------------------
[2026-01-23 20:14:12,648] - [root] - [INFO] - -------------------------------------------
[2026-01-23 20:14:12,648] - [root] - [INFO] - Processing 1-22-2026 10dpi 262-W2021009-187_R2.png
[2026-01-23 20:14:28,334] - [root] - [INFO] - Finished loading mask: 0m 15s
[2026-01-23 20:14:47,331] - [root] - [INFO] - Finished crop and inference: 0m 34s
[2026-01-23 20:14:48,881] - [root] - [INFO] - Analysis finished: 0m 36s
[2026-01-23 20:14:48,882] - [root] - [INFO] - -------------------------------------------
[2026-01-23 20:14:48,888] - [root] - [INFO] - Saved C:\Users\Intel User\Desktop\blackbird_scripts\data\Results\ResNet_upth0.7_downth0.1_Jan22_10-21-00_2026\1-22-2026\th_0.7\severity_rate_tray_10dpi_u0.7_d0.1_ig0.6_sp0.9.csv
             timestamp time_elapsed  ... severity_rate_patch Gradient_sr2
0  2026-01-23 20:07:01       0m 31s  ...               32.72         0.88

[1 rows x 24 columns]
             timestamp time_elapsed  ... severity_rate_patch Gradient_sr2
0  2026-01-23 20:07:01       0m 31s  ...               32.72         0.88
1  2026-01-23 20:07:32       0m 27s  ...                0.28         0.01

[2 rows x 24 columns]
             timestamp time_elapsed  ... severity_rate_patch Gradient_sr2
0  2026-01-23 20:07:01       0m 31s  ...               32.72         0.88
1  2026-01-23 20:07:32       0m 27s  ...                0.28         0.01
2  2026-01-23 20:08:00       0m 30s  ...               25.29         0.64

[3 rows x 24 columns]
             timestamp time_elapsed  ... severity_rate_patch Gradient_sr2
0  2026-01-23 20:07:01       0m 31s  ...               32.72         0.88
1  2026-01-23 20:07:32       0m 27s  ...                0.28         0.01
2  2026-01-23 20:08:00       0m 30s  ...               25.29         0.64
3  2026-01-23 20:08:30       0m 27s  ...                3.27         0.08

[4 rows x 24 columns]
             timestamp time_elapsed  ... severity_rate_patch Gradient_sr2
0  2026-01-23 20:07:01       0m 31s  ...               32.72         0.88
1  2026-01-23 20:07:32       0m 27s  ...                0.28         0.01
2  2026-01-23 20:08:00       0m 30s  ...               25.29         0.64
3  2026-01-23 20:08:30       0m 27s  ...                3.27         0.08
4  2026-01-23 20:08:57       0m 28s  ...               14.50         0.41

[5 rows x 24 columns]
             timestamp time_elapsed  ... severity_rate_patch Gradient_sr2
0  2026-01-23 20:07:01       0m 31s  ...               32.72         0.88
1  2026-01-23 20:07:32       0m 27s  ...                0.28         0.01
2  2026-01-23 20:08:00       0m 30s  ...               25.29         0.64
3  2026-01-23 20:08:30       0m 27s  ...                3.27         0.08
4  2026-01-23 20:08:57       0m 28s  ...               14.50         0.41
5  2026-01-23 20:09:26       0m 27s  ...                7.66         0.17

[6 rows x 24 columns]
             timestamp time_elapsed  ... severity_rate_patch Gradient_sr2
0  2026-01-23 20:07:01       0m 31s  ...               32.72         0.88
1  2026-01-23 20:07:32       0m 27s  ...                0.28         0.01
2  2026-01-23 20:08:00       0m 30s  ...               25.29         0.64
3  2026-01-23 20:08:30       0m 27s  ...                3.27         0.08
4  2026-01-23 20:08:57       0m 28s  ...               14.50         0.41
5  2026-01-23 20:09:26       0m 27s  ...                7.66         0.17
6  2026-01-23 20:09:53       0m 33s  ...               51.82         1.49

[7 rows x 24 columns]
             timestamp time_elapsed  ... severity_rate_patch Gradient_sr2
0  2026-01-23 20:07:01       0m 31s  ...               32.72         0.88
1  2026-01-23 20:07:32       0m 27s  ...                0.28         0.01
2  2026-01-23 20:08:00       0m 30s  ...               25.29         0.64
3  2026-01-23 20:08:30       0m 27s  ...                3.27         0.08
4  2026-01-23 20:08:57       0m 28s  ...               14.50         0.41
5  2026-01-23 20:09:26       0m 27s  ...                7.66         0.17
6  2026-01-23 20:09:53       0m 33s  ...               51.82         1.49
7  2026-01-23 20:10:27       0m 34s  ...               59.75         1.57

[8 rows x 24 columns]
             timestamp time_elapsed  ... severity_rate_patch Gradient_sr2
0  2026-01-23 20:07:01       0m 31s  ...               32.72         0.88
1  2026-01-23 20:07:32       0m 27s  ...                0.28         0.01
2  2026-01-23 20:08:00       0m 30s  ...               25.29         0.64
3  2026-01-23 20:08:30       0m 27s  ...                3.27         0.08
4  2026-01-23 20:08:57       0m 28s  ...               14.50         0.41
5  2026-01-23 20:09:26       0m 27s  ...                7.66         0.17
6  2026-01-23 20:09:53       0m 33s  ...               51.82         1.49
7  2026-01-23 20:10:27       0m 34s  ...               59.75         1.57
8  2026-01-23 20:11:01       0m 32s  ...               46.41         1.30

[9 rows x 24 columns]
             timestamp time_elapsed  ... severity_rate_patch Gradient_sr2
0  2026-01-23 20:07:01       0m 31s  ...               32.72         0.88
1  2026-01-23 20:07:32       0m 27s  ...                0.28         0.01
2  2026-01-23 20:08:00       0m 30s  ...               25.29         0.64
3  2026-01-23 20:08:30       0m 27s  ...                3.27         0.08
4  2026-01-23 20:08:57       0m 28s  ...               14.50         0.41
5  2026-01-23 20:09:26       0m 27s  ...                7.66         0.17
6  2026-01-23 20:09:53       0m 33s  ...               51.82         1.49
7  2026-01-23 20:10:27       0m 34s  ...               59.75         1.57
8  2026-01-23 20:11:01       0m 32s  ...               46.41         1.30
9  2026-01-23 20:11:34       0m 38s  ...               84.35         2.36

[10 rows x 24 columns]
              timestamp time_elapsed  ... severity_rate_patch Gradient_sr2
0   2026-01-23 20:07:01       0m 31s  ...               32.72         0.88
1   2026-01-23 20:07:32       0m 27s  ...                0.28         0.01
2   2026-01-23 20:08:00       0m 30s  ...               25.29         0.64
3   2026-01-23 20:08:30       0m 27s  ...                3.27         0.08
4   2026-01-23 20:08:57       0m 28s  ...               14.50         0.41
5   2026-01-23 20:09:26       0m 27s  ...                7.66         0.17
6   2026-01-23 20:09:53       0m 33s  ...               51.82         1.49
7   2026-01-23 20:10:27       0m 34s  ...               59.75         1.57
8   2026-01-23 20:11:01       0m 32s  ...               46.41         1.30
9   2026-01-23 20:11:34       0m 38s  ...               84.35         2.36
10  2026-01-23 20:12:12       0m 26s  ...                6.88         0.17

[11 rows x 24 columns]
              timestamp time_elapsed  ... severity_rate_patch Gradient_sr2
0   2026-01-23 20:07:01       0m 31s  ...               32.72         0.88
1   2026-01-23 20:07:32       0m 27s  ...                0.28         0.01
2   2026-01-23 20:08:00       0m 30s  ...               25.29         0.64
3   2026-01-23 20:08:30       0m 27s  ...                3.27         0.08
4   2026-01-23 20:08:57       0m 28s  ...               14.50         0.41
5   2026-01-23 20:09:26       0m 27s  ...                7.66         0.17
6   2026-01-23 20:09:53       0m 33s  ...               51.82         1.49
7   2026-01-23 20:10:27       0m 34s  ...               59.75         1.57
8   2026-01-23 20:11:01       0m 32s  ...               46.41         1.30
9   2026-01-23 20:11:34       0m 38s  ...               84.35         2.36
10  2026-01-23 20:12:12       0m 26s  ...                6.88         0.17
11  2026-01-23 20:12:39       0m 28s  ...                6.97         0.18

[12 rows x 24 columns]
              timestamp time_elapsed  ... severity_rate_patch Gradient_sr2
0   2026-01-23 20:07:01       0m 31s  ...               32.72         0.88
1   2026-01-23 20:07:32       0m 27s  ...                0.28         0.01
2   2026-01-23 20:08:00       0m 30s  ...               25.29         0.64
3   2026-01-23 20:08:30       0m 27s  ...                3.27         0.08
4   2026-01-23 20:08:57       0m 28s  ...               14.50         0.41
5   2026-01-23 20:09:26       0m 27s  ...                7.66         0.17
6   2026-01-23 20:09:53       0m 33s  ...               51.82         1.49
7   2026-01-23 20:10:27       0m 34s  ...               59.75         1.57
8   2026-01-23 20:11:01       0m 32s  ...               46.41         1.30
9   2026-01-23 20:11:34       0m 38s  ...               84.35         2.36
10  2026-01-23 20:12:12       0m 26s  ...                6.88         0.17
11  2026-01-23 20:12:39       0m 28s  ...                6.97         0.18
12  2026-01-23 20:13:07       0m 28s  ...                5.77         0.14

[13 rows x 24 columns]
              timestamp time_elapsed  ... severity_rate_patch Gradient_sr2
0   2026-01-23 20:07:01       0m 31s  ...               32.72         0.88
1   2026-01-23 20:07:32       0m 27s  ...                0.28         0.01
2   2026-01-23 20:08:00       0m 30s  ...               25.29         0.64
3   2026-01-23 20:08:30       0m 27s  ...                3.27         0.08
4   2026-01-23 20:08:57       0m 28s  ...               14.50         0.41
5   2026-01-23 20:09:26       0m 27s  ...                7.66         0.17
6   2026-01-23 20:09:53       0m 33s  ...               51.82         1.49
7   2026-01-23 20:10:27       0m 34s  ...               59.75         1.57
8   2026-01-23 20:11:01       0m 32s  ...               46.41         1.30
9   2026-01-23 20:11:34       0m 38s  ...               84.35         2.36
10  2026-01-23 20:12:12       0m 26s  ...                6.88         0.17
11  2026-01-23 20:12:39       0m 28s  ...                6.97         0.18
12  2026-01-23 20:13:07       0m 28s  ...                5.77         0.14
13  2026-01-23 20:13:35       0m 36s  ...               79.03         2.28

[14 rows x 24 columns]
              timestamp time_elapsed  ... severity_rate_patch Gradient_sr2
0   2026-01-23 20:07:01       0m 31s  ...               32.72         0.88
1   2026-01-23 20:07:32       0m 27s  ...                0.28         0.01
2   2026-01-23 20:08:00       0m 30s  ...               25.29         0.64
3   2026-01-23 20:08:30       0m 27s  ...                3.27         0.08
4   2026-01-23 20:08:57       0m 28s  ...               14.50         0.41
5   2026-01-23 20:09:26       0m 27s  ...                7.66         0.17
6   2026-01-23 20:09:53       0m 33s  ...               51.82         1.49
7   2026-01-23 20:10:27       0m 34s  ...               59.75         1.57
8   2026-01-23 20:11:01       0m 32s  ...               46.41         1.30
9   2026-01-23 20:11:34       0m 38s  ...               84.35         2.36
10  2026-01-23 20:12:12       0m 26s  ...                6.88         0.17
11  2026-01-23 20:12:39       0m 28s  ...                6.97         0.18
12  2026-01-23 20:13:07       0m 28s  ...                5.77         0.14
13  2026-01-23 20:13:35       0m 36s  ...               79.03         2.28
14  2026-01-23 20:14:12       0m 36s  ...               81.02         2.37

[15 rows x 24 columns]

real	7m54.436s
user	0m0.000s
sys	0m0.015s
