[2026-01-23 18:30:33,286] - [root] - [INFO] - leaf_correlation_mw.py
[2026-01-23 18:30:33,286] - [root] - [INFO] - model_type       : ResNet
[2026-01-23 18:30:33,286] - [root] - [INFO] - pretrained       : True
[2026-01-23 18:30:33,286] - [root] - [INFO] - loading_epoch    : 65
[2026-01-23 18:30:33,287] - [root] - [INFO] - timestamp        : Jan22_10-21-00_2026
[2026-01-23 18:30:33,287] - [root] - [INFO] - outdim           : 2
[2026-01-23 18:30:33,287] - [root] - [INFO] - dual_head        : True
[2026-01-23 18:30:33,287] - [root] - [INFO] - model_path       : ../..
[2026-01-23 18:30:33,287] - [root] - [INFO] - step_size        : 224
[2026-01-23 18:30:33,287] - [root] - [INFO] - means            : [0.541, 0.6371, 0.4188]
[2026-01-23 18:30:33,287] - [root] - [INFO] - stds             : [0.1764, 0.165, 0.2326]
[2026-01-23 18:30:33,287] - [root] - [INFO] - target_class     : 1
[2026-01-23 18:30:33,287] - [root] - [INFO] - contam_control   : False
[2026-01-23 18:30:33,287] - [root] - [INFO] - spor_th          : 0.7
[2026-01-23 18:30:33,287] - [root] - [INFO] - inf_gate         : 0.6
[2026-01-23 18:30:33,288] - [root] - [INFO] - pm               : HPM-1269
[2026-01-23 18:30:33,288] - [root] - [INFO] - mps              : False
[2026-01-23 18:30:33,288] - [root] - [INFO] - cuda             : True
[2026-01-23 18:30:33,288] - [root] - [INFO] - cuda_id          : 0
[2026-01-23 18:30:33,288] - [root] - [INFO] - sal_threshold    : 0.5
[2026-01-23 18:30:33,288] - [root] - [INFO] - up_threshold     : 0.9
[2026-01-23 18:30:33,288] - [root] - [INFO] - down_threshold   : 0.1
[2026-01-23 18:30:33,288] - [root] - [INFO] - dataset_path     : C:/Users/Intel User/Desktop/blackbird_scripts/data/human_disk_assessments
[2026-01-23 18:30:33,288] - [root] - [INFO] - img_folder       : 1-22-2026
[2026-01-23 18:30:33,288] - [root] - [INFO] - platform         : BlackBird
[2026-01-23 18:30:33,288] - [root] - [INFO] - threshold        : ['0.7']
[2026-01-23 18:30:33,288] - [root] - [INFO] - log              : ../../results/logs/random.log
[2026-01-23 18:30:33,288] - [root] - [INFO] - dpi              : 5
[2026-01-23 18:30:33,288] - [root] - [INFO] - group            : baseline
[2026-01-23 18:30:33,288] - [root] - [INFO] - trays            : ['5dpi']
[2026-01-23 18:30:33,289] - [root] - [INFO] - sal_gradcam      : False
[2026-01-23 18:30:33,289] - [root] - [INFO] - sal_gradient     : True
[2026-01-23 18:30:33,289] - [root] - [INFO] - sal_smoothgrad   : False
[2026-01-23 18:30:33,289] - [root] - [INFO] - sal_deeplift     : False
[2026-01-23 18:30:33,289] - [root] - [INFO] - sal_thresh_method : fixed
[2026-01-23 18:30:33,289] - [root] - [INFO] - sal_thresh_p     : 95.0
[2026-01-23 18:30:34,395] - [root] - [INFO] - -------------------------------------------
[2026-01-23 18:30:34,396] - [root] - [INFO] - Processing 1-22-2026 5dpi 015-W2021009-160_R1.png
[2026-01-23 18:30:54,575] - [root] - [INFO] - Finished loading mask: 0m 20s
[2026-01-23 18:31:06,495] - [root] - [INFO] - Finished crop and inference: 0m 32s
[2026-01-23 18:31:07,926] - [root] - [INFO] - Analysis finished: 0m 33s
[2026-01-23 18:31:07,926] - [root] - [INFO] - -------------------------------------------
[2026-01-23 18:31:07,926] - [root] - [INFO] - -------------------------------------------
[2026-01-23 18:31:07,926] - [root] - [INFO] - Processing 1-22-2026 5dpi 015-W2021011-633_R1.png
[2026-01-23 18:31:28,801] - [root] - [INFO] - Finished loading mask: 0m 20s
[2026-01-23 18:31:40,587] - [root] - [INFO] - Finished crop and inference: 0m 32s
[2026-01-23 18:31:42,115] - [root] - [INFO] - Analysis finished: 0m 34s
[2026-01-23 18:31:42,116] - [root] - [INFO] - -------------------------------------------
[2026-01-23 18:31:42,116] - [root] - [INFO] - -------------------------------------------
[2026-01-23 18:31:42,116] - [root] - [INFO] - Processing 1-22-2026 5dpi 019-W2021010-428_R2.png
[2026-01-23 18:32:02,914] - [root] - [INFO] - Finished loading mask: 0m 20s
[2026-01-23 18:32:10,782] - [root] - [INFO] - Finished crop and inference: 0m 28s
[2026-01-23 18:32:12,329] - [root] - [INFO] - Analysis finished: 0m 30s
[2026-01-23 18:32:12,329] - [root] - [INFO] - -------------------------------------------
[2026-01-23 18:32:12,329] - [root] - [INFO] - -------------------------------------------
[2026-01-23 18:32:12,329] - [root] - [INFO] - Processing 1-22-2026 5dpi 021-W2021009-175_R1.png
[2026-01-23 18:32:33,344] - [root] - [INFO] - Finished loading mask: 0m 21s
[2026-01-23 18:32:42,402] - [root] - [INFO] - Finished crop and inference: 0m 30s
[2026-01-23 18:32:43,927] - [root] - [INFO] - Analysis finished: 0m 31s
[2026-01-23 18:32:43,927] - [root] - [INFO] - -------------------------------------------
[2026-01-23 18:32:43,927] - [root] - [INFO] - -------------------------------------------
[2026-01-23 18:32:43,927] - [root] - [INFO] - Processing 1-22-2026 5dpi 022-W2021009-198_R2.png
[2026-01-23 18:33:04,742] - [root] - [INFO] - Finished loading mask: 0m 20s
[2026-01-23 18:33:15,084] - [root] - [INFO] - Finished crop and inference: 0m 31s
[2026-01-23 18:33:16,603] - [root] - [INFO] - Analysis finished: 0m 32s
[2026-01-23 18:33:16,603] - [root] - [INFO] - -------------------------------------------
[2026-01-23 18:33:16,604] - [root] - [INFO] - -------------------------------------------
[2026-01-23 18:33:16,604] - [root] - [INFO] - Processing 1-22-2026 5dpi 036-W2021006-047_R2.png
[2026-01-23 18:33:38,009] - [root] - [INFO] - Finished loading mask: 0m 21s
[2026-01-23 18:33:46,581] - [root] - [INFO] - Finished crop and inference: 0m 29s
[2026-01-23 18:33:48,141] - [root] - [INFO] - Analysis finished: 0m 31s
[2026-01-23 18:33:48,141] - [root] - [INFO] - -------------------------------------------
[2026-01-23 18:33:48,141] - [root] - [INFO] - -------------------------------------------
[2026-01-23 18:33:48,141] - [root] - [INFO] - Processing 1-22-2026 5dpi 060-W2021010-324_R2.png
[2026-01-23 18:34:09,444] - [root] - [INFO] - Finished loading mask: 0m 21s
[2026-01-23 18:34:18,078] - [root] - [INFO] - Finished crop and inference: 0m 29s
[2026-01-23 18:34:19,600] - [root] - [INFO] - Analysis finished: 0m 31s
[2026-01-23 18:34:19,600] - [root] - [INFO] - -------------------------------------------
[2026-01-23 18:34:19,600] - [root] - [INFO] - -------------------------------------------
[2026-01-23 18:34:19,600] - [root] - [INFO] - Processing 1-22-2026 5dpi 099-W2021006-611_R2.png
[2026-01-23 18:34:40,898] - [root] - [INFO] - Finished loading mask: 0m 21s
[2026-01-23 18:34:55,780] - [root] - [INFO] - Finished crop and inference: 0m 36s
[2026-01-23 18:34:57,271] - [root] - [INFO] - Analysis finished: 0m 37s
[2026-01-23 18:34:57,272] - [root] - [INFO] - -------------------------------------------
[2026-01-23 18:34:57,272] - [root] - [INFO] - -------------------------------------------
[2026-01-23 18:34:57,272] - [root] - [INFO] - Processing 1-22-2026 5dpi 123-W2021009-255_R2.png
[2026-01-23 18:35:18,302] - [root] - [INFO] - Finished loading mask: 0m 21s
[2026-01-23 18:35:28,415] - [root] - [INFO] - Finished crop and inference: 0m 31s
[2026-01-23 18:35:29,915] - [root] - [INFO] - Analysis finished: 0m 32s
[2026-01-23 18:35:29,915] - [root] - [INFO] - -------------------------------------------
[2026-01-23 18:35:29,915] - [root] - [INFO] - -------------------------------------------
[2026-01-23 18:35:29,915] - [root] - [INFO] - Processing 1-22-2026 5dpi 141-W2021009-274_R1.png
[2026-01-23 18:35:50,960] - [root] - [INFO] - Finished loading mask: 0m 21s
[2026-01-23 18:36:16,217] - [root] - [INFO] - Finished crop and inference: 0m 46s
[2026-01-23 18:36:17,846] - [root] - [INFO] - Analysis finished: 0m 47s
[2026-01-23 18:36:17,846] - [root] - [INFO] - -------------------------------------------
[2026-01-23 18:36:17,846] - [root] - [INFO] - -------------------------------------------
[2026-01-23 18:36:17,846] - [root] - [INFO] - Processing 1-22-2026 5dpi 173-W2021006-127_R2.png
[2026-01-23 18:36:39,920] - [root] - [INFO] - Finished loading mask: 0m 22s
[2026-01-23 18:36:49,120] - [root] - [INFO] - Finished crop and inference: 0m 31s
[2026-01-23 18:36:50,861] - [root] - [INFO] - Analysis finished: 0m 33s
[2026-01-23 18:36:50,861] - [root] - [INFO] - -------------------------------------------
[2026-01-23 18:36:50,862] - [root] - [INFO] - -------------------------------------------
[2026-01-23 18:36:50,862] - [root] - [INFO] - Processing 1-22-2026 5dpi 191-W2021010-449_R1.png
[2026-01-23 18:37:12,909] - [root] - [INFO] - Finished loading mask: 0m 22s
[2026-01-23 18:37:25,515] - [root] - [INFO] - Finished crop and inference: 0m 34s
[2026-01-23 18:37:27,302] - [root] - [INFO] - Analysis finished: 0m 36s
[2026-01-23 18:37:27,302] - [root] - [INFO] - -------------------------------------------
[2026-01-23 18:37:27,303] - [root] - [INFO] - -------------------------------------------
[2026-01-23 18:37:27,303] - [root] - [INFO] - Processing 1-22-2026 5dpi 254-W2021010-352_R2.png
[2026-01-23 18:37:48,604] - [root] - [INFO] - Finished loading mask: 0m 21s
[2026-01-23 18:37:56,222] - [root] - [INFO] - Finished crop and inference: 0m 28s
[2026-01-23 18:37:58,197] - [root] - [INFO] - Analysis finished: 0m 30s
[2026-01-23 18:37:58,197] - [root] - [INFO] - -------------------------------------------
[2026-01-23 18:37:58,197] - [root] - [INFO] - -------------------------------------------
[2026-01-23 18:37:58,197] - [root] - [INFO] - Processing 1-22-2026 5dpi 266-W2021009-193_R1.png
[2026-01-23 18:38:19,767] - [root] - [INFO] - Finished loading mask: 0m 21s
[2026-01-23 18:38:29,258] - [root] - [INFO] - Finished crop and inference: 0m 31s
[2026-01-23 18:38:31,305] - [root] - [INFO] - Analysis finished: 0m 33s
[2026-01-23 18:38:31,305] - [root] - [INFO] - -------------------------------------------
[2026-01-23 18:38:31,305] - [root] - [INFO] - -------------------------------------------
[2026-01-23 18:38:31,305] - [root] - [INFO] - Processing 1-22-2026 5dpi 336-W2021011-506_R2.png
[2026-01-23 18:38:53,026] - [root] - [INFO] - Finished loading mask: 0m 21s
[2026-01-23 18:39:09,382] - [root] - [INFO] - Finished crop and inference: 0m 38s
[2026-01-23 18:39:10,914] - [root] - [INFO] - Analysis finished: 0m 39s
[2026-01-23 18:39:10,914] - [root] - [INFO] - -------------------------------------------
[2026-01-23 18:39:10,921] - [root] - [INFO] - Saved C:\Users\Intel User\Desktop\blackbird_scripts\data\Results\ResNet_upth0.9_downth0.1_Jan22_10-21-00_2026\1-22-2026\th_0.7\severity_rate_tray_5dpi_u0.9_d0.1_ig0.6_sp0.7.csv
             timestamp time_elapsed  ... severity_rate_patch Gradient_sr2
0  2026-01-23 18:30:34       0m 33s  ...                31.8         0.68

[1 rows x 24 columns]
             timestamp time_elapsed  ... severity_rate_patch Gradient_sr2
0  2026-01-23 18:30:34       0m 33s  ...               31.80         0.68
1  2026-01-23 18:31:07       0m 34s  ...               17.36         0.47

[2 rows x 24 columns]
             timestamp time_elapsed  ... severity_rate_patch Gradient_sr2
0  2026-01-23 18:30:34       0m 33s  ...               31.80         0.68
1  2026-01-23 18:31:07       0m 34s  ...               17.36         0.47
2  2026-01-23 18:31:42       0m 30s  ...                0.49         0.01

[3 rows x 24 columns]
             timestamp time_elapsed  ... severity_rate_patch Gradient_sr2
0  2026-01-23 18:30:34       0m 33s  ...               31.80         0.68
1  2026-01-23 18:31:07       0m 34s  ...               17.36         0.47
2  2026-01-23 18:31:42       0m 30s  ...                0.49         0.01
3  2026-01-23 18:32:12       0m 31s  ...                1.93         0.05

[4 rows x 24 columns]
             timestamp time_elapsed  ... severity_rate_patch Gradient_sr2
0  2026-01-23 18:30:34       0m 33s  ...               31.80         0.68
1  2026-01-23 18:31:07       0m 34s  ...               17.36         0.47
2  2026-01-23 18:31:42       0m 30s  ...                0.49         0.01
3  2026-01-23 18:32:12       0m 31s  ...                1.93         0.05
4  2026-01-23 18:32:43       0m 32s  ...               11.50         0.24

[5 rows x 24 columns]
             timestamp time_elapsed  ... severity_rate_patch Gradient_sr2
0  2026-01-23 18:30:34       0m 33s  ...               31.80         0.68
1  2026-01-23 18:31:07       0m 34s  ...               17.36         0.47
2  2026-01-23 18:31:42       0m 30s  ...                0.49         0.01
3  2026-01-23 18:32:12       0m 31s  ...                1.93         0.05
4  2026-01-23 18:32:43       0m 32s  ...               11.50         0.24
5  2026-01-23 18:33:16       0m 31s  ...                0.61         0.02

[6 rows x 24 columns]
             timestamp time_elapsed  ... severity_rate_patch Gradient_sr2
0  2026-01-23 18:30:34       0m 33s  ...               31.80         0.68
1  2026-01-23 18:31:07       0m 34s  ...               17.36         0.47
2  2026-01-23 18:31:42       0m 30s  ...                0.49         0.01
3  2026-01-23 18:32:12       0m 31s  ...                1.93         0.05
4  2026-01-23 18:32:43       0m 32s  ...               11.50         0.24
5  2026-01-23 18:33:16       0m 31s  ...                0.61         0.02
6  2026-01-23 18:33:48       0m 31s  ...                1.72         0.04

[7 rows x 24 columns]
             timestamp time_elapsed  ... severity_rate_patch Gradient_sr2
0  2026-01-23 18:30:34       0m 33s  ...               31.80         0.68
1  2026-01-23 18:31:07       0m 34s  ...               17.36         0.47
2  2026-01-23 18:31:42       0m 30s  ...                0.49         0.01
3  2026-01-23 18:32:12       0m 31s  ...                1.93         0.05
4  2026-01-23 18:32:43       0m 32s  ...               11.50         0.24
5  2026-01-23 18:33:16       0m 31s  ...                0.61         0.02
6  2026-01-23 18:33:48       0m 31s  ...                1.72         0.04
7  2026-01-23 18:34:19       0m 37s  ...               41.73         0.95

[8 rows x 24 columns]
             timestamp time_elapsed  ... severity_rate_patch Gradient_sr2
0  2026-01-23 18:30:34       0m 33s  ...               31.80         0.68
1  2026-01-23 18:31:07       0m 34s  ...               17.36         0.47
2  2026-01-23 18:31:42       0m 30s  ...                0.49         0.01
3  2026-01-23 18:32:12       0m 31s  ...                1.93         0.05
4  2026-01-23 18:32:43       0m 32s  ...               11.50         0.24
5  2026-01-23 18:33:16       0m 31s  ...                0.61         0.02
6  2026-01-23 18:33:48       0m 31s  ...                1.72         0.04
7  2026-01-23 18:34:19       0m 37s  ...               41.73         0.95
8  2026-01-23 18:34:57       0m 32s  ...                7.39         0.15

[9 rows x 24 columns]
             timestamp time_elapsed  ... severity_rate_patch Gradient_sr2
0  2026-01-23 18:30:34       0m 33s  ...               31.80         0.68
1  2026-01-23 18:31:07       0m 34s  ...               17.36         0.47
2  2026-01-23 18:31:42       0m 30s  ...                0.49         0.01
3  2026-01-23 18:32:12       0m 31s  ...                1.93         0.05
4  2026-01-23 18:32:43       0m 32s  ...               11.50         0.24
5  2026-01-23 18:33:16       0m 31s  ...                0.61         0.02
6  2026-01-23 18:33:48       0m 31s  ...                1.72         0.04
7  2026-01-23 18:34:19       0m 37s  ...               41.73         0.95
8  2026-01-23 18:34:57       0m 32s  ...                7.39         0.15
9  2026-01-23 18:35:29       0m 47s  ...               86.31         2.52

[10 rows x 24 columns]
              timestamp time_elapsed  ... severity_rate_patch Gradient_sr2
0   2026-01-23 18:30:34       0m 33s  ...               31.80         0.68
1   2026-01-23 18:31:07       0m 34s  ...               17.36         0.47
2   2026-01-23 18:31:42       0m 30s  ...                0.49         0.01
3   2026-01-23 18:32:12       0m 31s  ...                1.93         0.05
4   2026-01-23 18:32:43       0m 32s  ...               11.50         0.24
5   2026-01-23 18:33:16       0m 31s  ...                0.61         0.02
6   2026-01-23 18:33:48       0m 31s  ...                1.72         0.04
7   2026-01-23 18:34:19       0m 37s  ...               41.73         0.95
8   2026-01-23 18:34:57       0m 32s  ...                7.39         0.15
9   2026-01-23 18:35:29       0m 47s  ...               86.31         2.52
10  2026-01-23 18:36:17       0m 32s  ...                1.05         0.03

[11 rows x 24 columns]
              timestamp time_elapsed  ... severity_rate_patch Gradient_sr2
0   2026-01-23 18:30:34       0m 33s  ...               31.80         0.68
1   2026-01-23 18:31:07       0m 34s  ...               17.36         0.47
2   2026-01-23 18:31:42       0m 30s  ...                0.49         0.01
3   2026-01-23 18:32:12       0m 31s  ...                1.93         0.05
4   2026-01-23 18:32:43       0m 32s  ...               11.50         0.24
5   2026-01-23 18:33:16       0m 31s  ...                0.61         0.02
6   2026-01-23 18:33:48       0m 31s  ...                1.72         0.04
7   2026-01-23 18:34:19       0m 37s  ...               41.73         0.95
8   2026-01-23 18:34:57       0m 32s  ...                7.39         0.15
9   2026-01-23 18:35:29       0m 47s  ...               86.31         2.52
10  2026-01-23 18:36:17       0m 32s  ...                1.05         0.03
11  2026-01-23 18:36:50       0m 36s  ...               18.74         0.48

[12 rows x 24 columns]
              timestamp time_elapsed  ... severity_rate_patch Gradient_sr2
0   2026-01-23 18:30:34       0m 33s  ...               31.80         0.68
1   2026-01-23 18:31:07       0m 34s  ...               17.36         0.47
2   2026-01-23 18:31:42       0m 30s  ...                0.49         0.01
3   2026-01-23 18:32:12       0m 31s  ...                1.93         0.05
4   2026-01-23 18:32:43       0m 32s  ...               11.50         0.24
5   2026-01-23 18:33:16       0m 31s  ...                0.61         0.02
6   2026-01-23 18:33:48       0m 31s  ...                1.72         0.04
7   2026-01-23 18:34:19       0m 37s  ...               41.73         0.95
8   2026-01-23 18:34:57       0m 32s  ...                7.39         0.15
9   2026-01-23 18:35:29       0m 47s  ...               86.31         2.52
10  2026-01-23 18:36:17       0m 32s  ...                1.05         0.03
11  2026-01-23 18:36:50       0m 36s  ...               18.74         0.48
12  2026-01-23 18:37:27       0m 30s  ...                0.93         0.02

[13 rows x 24 columns]
              timestamp time_elapsed  ... severity_rate_patch Gradient_sr2
0   2026-01-23 18:30:34       0m 33s  ...               31.80         0.68
1   2026-01-23 18:31:07       0m 34s  ...               17.36         0.47
2   2026-01-23 18:31:42       0m 30s  ...                0.49         0.01
3   2026-01-23 18:32:12       0m 31s  ...                1.93         0.05
4   2026-01-23 18:32:43       0m 32s  ...               11.50         0.24
5   2026-01-23 18:33:16       0m 31s  ...                0.61         0.02
6   2026-01-23 18:33:48       0m 31s  ...                1.72         0.04
7   2026-01-23 18:34:19       0m 37s  ...               41.73         0.95
8   2026-01-23 18:34:57       0m 32s  ...                7.39         0.15
9   2026-01-23 18:35:29       0m 47s  ...               86.31         2.52
10  2026-01-23 18:36:17       0m 32s  ...                1.05         0.03
11  2026-01-23 18:36:50       0m 36s  ...               18.74         0.48
12  2026-01-23 18:37:27       0m 30s  ...                0.93         0.02
13  2026-01-23 18:37:58       0m 33s  ...                6.67         0.17

[14 rows x 24 columns]
              timestamp time_elapsed  ... severity_rate_patch Gradient_sr2
0   2026-01-23 18:30:34       0m 33s  ...               31.80         0.68
1   2026-01-23 18:31:07       0m 34s  ...               17.36         0.47
2   2026-01-23 18:31:42       0m 30s  ...                0.49         0.01
3   2026-01-23 18:32:12       0m 31s  ...                1.93         0.05
4   2026-01-23 18:32:43       0m 32s  ...               11.50         0.24
5   2026-01-23 18:33:16       0m 31s  ...                0.61         0.02
6   2026-01-23 18:33:48       0m 31s  ...                1.72         0.04
7   2026-01-23 18:34:19       0m 37s  ...               41.73         0.95
8   2026-01-23 18:34:57       0m 32s  ...                7.39         0.15
9   2026-01-23 18:35:29       0m 47s  ...               86.31         2.52
10  2026-01-23 18:36:17       0m 32s  ...                1.05         0.03
11  2026-01-23 18:36:50       0m 36s  ...               18.74         0.48
12  2026-01-23 18:37:27       0m 30s  ...                0.93         0.02
13  2026-01-23 18:37:58       0m 33s  ...                6.67         0.17
14  2026-01-23 18:38:31       0m 39s  ...               44.88         1.15

[15 rows x 24 columns]

real	8m44.101s
user	0m0.000s
sys	0m0.015s
