[2026-01-24 16:14:38,843] - [root] - [INFO] - leaf_correlation_mw.py
[2026-01-24 16:14:38,844] - [root] - [INFO] - model_type       : ResNet
[2026-01-24 16:14:38,844] - [root] - [INFO] - pretrained       : True
[2026-01-24 16:14:38,844] - [root] - [INFO] - loading_epoch    : 65
[2026-01-24 16:14:38,844] - [root] - [INFO] - timestamp        : Jan22_10-21-00_2026
[2026-01-24 16:14:38,844] - [root] - [INFO] - outdim           : 2
[2026-01-24 16:14:38,844] - [root] - [INFO] - dual_head        : True
[2026-01-24 16:14:38,844] - [root] - [INFO] - model_path       : ../..
[2026-01-24 16:14:38,844] - [root] - [INFO] - step_size        : 224
[2026-01-24 16:14:38,845] - [root] - [INFO] - means            : [0.541, 0.6371, 0.4188]
[2026-01-24 16:14:38,845] - [root] - [INFO] - stds             : [0.1764, 0.165, 0.2326]
[2026-01-24 16:14:38,845] - [root] - [INFO] - target_class     : 1
[2026-01-24 16:14:38,845] - [root] - [INFO] - contam_control   : False
[2026-01-24 16:14:38,845] - [root] - [INFO] - spor_th          : 0.7
[2026-01-24 16:14:38,845] - [root] - [INFO] - inf_gate         : 0.5
[2026-01-24 16:14:38,845] - [root] - [INFO] - pm               : HPM-1269
[2026-01-24 16:14:38,845] - [root] - [INFO] - mps              : False
[2026-01-24 16:14:38,845] - [root] - [INFO] - cuda             : True
[2026-01-24 16:14:38,845] - [root] - [INFO] - cuda_id          : 0
[2026-01-24 16:14:38,845] - [root] - [INFO] - sal_threshold    : 0.5
[2026-01-24 16:14:38,845] - [root] - [INFO] - up_threshold     : 0.5
[2026-01-24 16:14:38,845] - [root] - [INFO] - down_threshold   : 0.1
[2026-01-24 16:14:38,845] - [root] - [INFO] - dataset_path     : C:/Users/Intel User/Desktop/blackbird_scripts/data/human_disk_assessments
[2026-01-24 16:14:38,845] - [root] - [INFO] - img_folder       : 1-22-2026
[2026-01-24 16:14:38,845] - [root] - [INFO] - platform         : BlackBird
[2026-01-24 16:14:38,845] - [root] - [INFO] - threshold        : ['0.7']
[2026-01-24 16:14:38,846] - [root] - [INFO] - log              : ../../results/logs/random.log
[2026-01-24 16:14:38,846] - [root] - [INFO] - dpi              : 10
[2026-01-24 16:14:38,846] - [root] - [INFO] - group            : baseline
[2026-01-24 16:14:38,846] - [root] - [INFO] - trays            : ['10dpi']
[2026-01-24 16:14:38,846] - [root] - [INFO] - sal_gradcam      : False
[2026-01-24 16:14:38,846] - [root] - [INFO] - sal_gradient     : True
[2026-01-24 16:14:38,846] - [root] - [INFO] - sal_smoothgrad   : False
[2026-01-24 16:14:38,846] - [root] - [INFO] - sal_deeplift     : False
[2026-01-24 16:14:38,846] - [root] - [INFO] - sal_thresh_method : fixed
[2026-01-24 16:14:38,846] - [root] - [INFO] - sal_thresh_p     : 95.0
[2026-01-24 16:14:39,875] - [root] - [INFO] - -------------------------------------------
[2026-01-24 16:14:39,875] - [root] - [INFO] - Processing 1-22-2026 10dpi 046-W2021009-208_R2.png
[2026-01-24 16:15:00,736] - [root] - [INFO] - Finished loading mask: 0m 20s
[2026-01-24 16:15:14,253] - [root] - [INFO] - Finished crop and inference: 0m 34s
[2026-01-24 16:15:16,199] - [root] - [INFO] - Analysis finished: 0m 36s
[2026-01-24 16:15:16,199] - [root] - [INFO] - -------------------------------------------
[2026-01-24 16:15:16,199] - [root] - [INFO] - -------------------------------------------
[2026-01-24 16:15:16,199] - [root] - [INFO] - Processing 1-22-2026 10dpi 151-W2021011-479_R2.png
[2026-01-24 16:15:38,276] - [root] - [INFO] - Finished loading mask: 0m 22s
[2026-01-24 16:16:08,185] - [root] - [INFO] - Finished crop and inference: 0m 51s
[2026-01-24 16:16:10,119] - [root] - [INFO] - Analysis finished: 0m 53s
[2026-01-24 16:16:10,119] - [root] - [INFO] - -------------------------------------------
[2026-01-24 16:16:10,120] - [root] - [INFO] - -------------------------------------------
[2026-01-24 16:16:10,120] - [root] - [INFO] - Processing 1-22-2026 10dpi 152-W2021010-301_R2.png
[2026-01-24 16:16:31,962] - [root] - [INFO] - Finished loading mask: 0m 21s
[2026-01-24 16:16:45,288] - [root] - [INFO] - Finished crop and inference: 0m 35s
[2026-01-24 16:16:47,194] - [root] - [INFO] - Analysis finished: 0m 37s
[2026-01-24 16:16:47,195] - [root] - [INFO] - -------------------------------------------
[2026-01-24 16:16:47,195] - [root] - [INFO] - -------------------------------------------
[2026-01-24 16:16:47,195] - [root] - [INFO] - Processing 1-22-2026 10dpi 152-W2021011-479_R1.png
[2026-01-24 16:17:09,192] - [root] - [INFO] - Finished loading mask: 0m 21s
[2026-01-24 16:17:28,151] - [root] - [INFO] - Finished crop and inference: 0m 40s
[2026-01-24 16:17:30,144] - [root] - [INFO] - Analysis finished: 0m 42s
[2026-01-24 16:17:30,144] - [root] - [INFO] - -------------------------------------------
[2026-01-24 16:17:30,144] - [root] - [INFO] - -------------------------------------------
[2026-01-24 16:17:30,144] - [root] - [INFO] - Processing 1-22-2026 10dpi 162-W2021011-551_R2.png
[2026-01-24 16:17:51,934] - [root] - [INFO] - Finished loading mask: 0m 21s
[2026-01-24 16:18:19,415] - [root] - [INFO] - Finished crop and inference: 0m 49s
[2026-01-24 16:18:21,522] - [root] - [INFO] - Analysis finished: 0m 51s
[2026-01-24 16:18:21,523] - [root] - [INFO] - -------------------------------------------
[2026-01-24 16:18:21,523] - [root] - [INFO] - -------------------------------------------
[2026-01-24 16:18:21,523] - [root] - [INFO] - Processing 1-22-2026 10dpi 166-W2021006-123_R1.png
[2026-01-24 16:18:42,937] - [root] - [INFO] - Finished loading mask: 0m 21s
[2026-01-24 16:18:53,839] - [root] - [INFO] - Finished crop and inference: 0m 32s
[2026-01-24 16:18:55,898] - [root] - [INFO] - Analysis finished: 0m 34s
[2026-01-24 16:18:55,898] - [root] - [INFO] - -------------------------------------------
[2026-01-24 16:18:55,899] - [root] - [INFO] - -------------------------------------------
[2026-01-24 16:18:55,899] - [root] - [INFO] - Processing 1-22-2026 10dpi 166-W2021006-146_R1.png
[2026-01-24 16:19:17,146] - [root] - [INFO] - Finished loading mask: 0m 21s
[2026-01-24 16:19:39,644] - [root] - [INFO] - Finished crop and inference: 0m 43s
[2026-01-24 16:19:41,648] - [root] - [INFO] - Analysis finished: 0m 45s
[2026-01-24 16:19:41,648] - [root] - [INFO] - -------------------------------------------
[2026-01-24 16:19:41,648] - [root] - [INFO] - -------------------------------------------
[2026-01-24 16:19:41,649] - [root] - [INFO] - Processing 1-22-2026 10dpi 166-W2021006-146_R2.png
[2026-01-24 16:20:03,029] - [root] - [INFO] - Finished loading mask: 0m 21s
[2026-01-24 16:20:17,752] - [root] - [INFO] - Finished crop and inference: 0m 36s
[2026-01-24 16:20:19,796] - [root] - [INFO] - Analysis finished: 0m 38s
[2026-01-24 16:20:19,797] - [root] - [INFO] - -------------------------------------------
[2026-01-24 16:20:19,797] - [root] - [INFO] - -------------------------------------------
[2026-01-24 16:20:19,797] - [root] - [INFO] - Processing 1-22-2026 10dpi 171-W2021011-584_R1.png
[2026-01-24 16:20:41,648] - [root] - [INFO] - Finished loading mask: 0m 21s
[2026-01-24 16:21:08,682] - [root] - [INFO] - Finished crop and inference: 0m 48s
[2026-01-24 16:21:10,452] - [root] - [INFO] - Analysis finished: 0m 50s
[2026-01-24 16:21:10,453] - [root] - [INFO] - -------------------------------------------
[2026-01-24 16:21:10,453] - [root] - [INFO] - -------------------------------------------
[2026-01-24 16:21:10,453] - [root] - [INFO] - Processing 1-22-2026 10dpi 181-W2021009-295_R2.png
[2026-01-24 16:21:32,377] - [root] - [INFO] - Finished loading mask: 0m 21s
[2026-01-24 16:21:48,909] - [root] - [INFO] - Finished crop and inference: 0m 38s
[2026-01-24 16:21:50,909] - [root] - [INFO] - Analysis finished: 0m 40s
[2026-01-24 16:21:50,909] - [root] - [INFO] - -------------------------------------------
[2026-01-24 16:21:50,910] - [root] - [INFO] - -------------------------------------------
[2026-01-24 16:21:50,910] - [root] - [INFO] - Processing 1-22-2026 10dpi 182-W2021009-251_R1.png
[2026-01-24 16:22:13,311] - [root] - [INFO] - Finished loading mask: 0m 22s
[2026-01-24 16:22:26,898] - [root] - [INFO] - Finished crop and inference: 0m 35s
[2026-01-24 16:22:28,540] - [root] - [INFO] - Analysis finished: 0m 37s
[2026-01-24 16:22:28,540] - [root] - [INFO] - -------------------------------------------
[2026-01-24 16:22:28,540] - [root] - [INFO] - -------------------------------------------
[2026-01-24 16:22:28,540] - [root] - [INFO] - Processing 1-22-2026 10dpi 192-W2021010-449_R2.png
[2026-01-24 16:22:50,018] - [root] - [INFO] - Finished loading mask: 0m 21s
[2026-01-24 16:23:13,690] - [root] - [INFO] - Finished crop and inference: 0m 45s
[2026-01-24 16:23:15,355] - [root] - [INFO] - Analysis finished: 0m 46s
[2026-01-24 16:23:15,355] - [root] - [INFO] - -------------------------------------------
[2026-01-24 16:23:15,355] - [root] - [INFO] - -------------------------------------------
[2026-01-24 16:23:15,355] - [root] - [INFO] - Processing 1-22-2026 10dpi 206-W2021009-271_R2.png
[2026-01-24 16:23:37,208] - [root] - [INFO] - Finished loading mask: 0m 21s
[2026-01-24 16:24:06,003] - [root] - [INFO] - Finished crop and inference: 0m 50s
[2026-01-24 16:24:07,684] - [root] - [INFO] - Analysis finished: 0m 52s
[2026-01-24 16:24:07,684] - [root] - [INFO] - -------------------------------------------
[2026-01-24 16:24:07,684] - [root] - [INFO] - -------------------------------------------
[2026-01-24 16:24:07,684] - [root] - [INFO] - Processing 1-22-2026 10dpi 207-W2021009-271_R1.png
[2026-01-24 16:24:29,219] - [root] - [INFO] - Finished loading mask: 0m 21s
[2026-01-24 16:24:44,359] - [root] - [INFO] - Finished crop and inference: 0m 36s
[2026-01-24 16:24:46,041] - [root] - [INFO] - Analysis finished: 0m 38s
[2026-01-24 16:24:46,042] - [root] - [INFO] - -------------------------------------------
[2026-01-24 16:24:46,042] - [root] - [INFO] - -------------------------------------------
[2026-01-24 16:24:46,042] - [root] - [INFO] - Processing 1-22-2026 10dpi 233-W2021006-607_R1.png
[2026-01-24 16:25:08,392] - [root] - [INFO] - Finished loading mask: 0m 22s
[2026-01-24 16:25:23,505] - [root] - [INFO] - Finished crop and inference: 0m 37s
[2026-01-24 16:25:25,343] - [root] - [INFO] - Analysis finished: 0m 39s
[2026-01-24 16:25:25,343] - [root] - [INFO] - -------------------------------------------
[2026-01-24 16:25:25,354] - [root] - [INFO] - Saved C:\Users\Intel User\Desktop\blackbird_scripts\data\Results\ResNet_upth0.5_downth0.1_Jan22_10-21-00_2026\1-22-2026\th_0.7\severity_rate_tray_10dpi_u0.5_d0.1_ig0.5_sp0.7_20260124_162446.csv
             timestamp time_elapsed  ... severity_rate_patch Gradient_sr2
0  2026-01-24 16:14:39       0m 36s  ...                5.39         0.15

[1 rows x 26 columns]
             timestamp time_elapsed  ... severity_rate_patch Gradient_sr2
0  2026-01-24 16:14:39       0m 36s  ...                5.39         0.15
1  2026-01-24 16:15:16       0m 53s  ...               99.36         3.04

[2 rows x 26 columns]
             timestamp time_elapsed  ... severity_rate_patch Gradient_sr2
0  2026-01-24 16:14:39       0m 36s  ...                5.39         0.15
1  2026-01-24 16:15:16       0m 53s  ...               99.36         3.04
2  2026-01-24 16:16:10       0m 37s  ...                2.39         0.06

[3 rows x 26 columns]
             timestamp time_elapsed  ... severity_rate_patch Gradient_sr2
0  2026-01-24 16:14:39       0m 36s  ...                5.39         0.15
1  2026-01-24 16:15:16       0m 53s  ...               99.36         3.04
2  2026-01-24 16:16:10       0m 37s  ...                2.39         0.06
3  2026-01-24 16:16:47       0m 42s  ...               44.96         1.29

[4 rows x 26 columns]
             timestamp time_elapsed  ... severity_rate_patch Gradient_sr2
0  2026-01-24 16:14:39       0m 36s  ...                5.39         0.15
1  2026-01-24 16:15:16       0m 53s  ...               99.36         3.04
2  2026-01-24 16:16:10       0m 37s  ...                2.39         0.06
3  2026-01-24 16:16:47       0m 42s  ...               44.96         1.29
4  2026-01-24 16:17:30       0m 51s  ...               84.53         2.38

[5 rows x 26 columns]
             timestamp time_elapsed  ... severity_rate_patch Gradient_sr2
0  2026-01-24 16:14:39       0m 36s  ...                5.39         0.15
1  2026-01-24 16:15:16       0m 53s  ...               99.36         3.04
2  2026-01-24 16:16:10       0m 37s  ...                2.39         0.06
3  2026-01-24 16:16:47       0m 42s  ...               44.96         1.29
4  2026-01-24 16:17:30       0m 51s  ...               84.53         2.38
5  2026-01-24 16:18:21       0m 34s  ...                2.03         0.05

[6 rows x 26 columns]
             timestamp time_elapsed  ... severity_rate_patch Gradient_sr2
0  2026-01-24 16:14:39       0m 36s  ...                5.39         0.15
1  2026-01-24 16:15:16       0m 53s  ...               99.36         3.04
2  2026-01-24 16:16:10       0m 37s  ...                2.39         0.06
3  2026-01-24 16:16:47       0m 42s  ...               44.96         1.29
4  2026-01-24 16:17:30       0m 51s  ...               84.53         2.38
5  2026-01-24 16:18:21       0m 34s  ...                2.03         0.05
6  2026-01-24 16:18:55       0m 45s  ...               55.13         1.56

[7 rows x 26 columns]
             timestamp time_elapsed  ... severity_rate_patch Gradient_sr2
0  2026-01-24 16:14:39       0m 36s  ...                5.39         0.15
1  2026-01-24 16:15:16       0m 53s  ...               99.36         3.04
2  2026-01-24 16:16:10       0m 37s  ...                2.39         0.06
3  2026-01-24 16:16:47       0m 42s  ...               44.96         1.29
4  2026-01-24 16:17:30       0m 51s  ...               84.53         2.38
5  2026-01-24 16:18:21       0m 34s  ...                2.03         0.05
6  2026-01-24 16:18:55       0m 45s  ...               55.13         1.56
7  2026-01-24 16:19:41       0m 38s  ...               19.15         0.50

[8 rows x 26 columns]
             timestamp time_elapsed  ... severity_rate_patch Gradient_sr2
0  2026-01-24 16:14:39       0m 36s  ...                5.39         0.15
1  2026-01-24 16:15:16       0m 53s  ...               99.36         3.04
2  2026-01-24 16:16:10       0m 37s  ...                2.39         0.06
3  2026-01-24 16:16:47       0m 42s  ...               44.96         1.29
4  2026-01-24 16:17:30       0m 51s  ...               84.53         2.38
5  2026-01-24 16:18:21       0m 34s  ...                2.03         0.05
6  2026-01-24 16:18:55       0m 45s  ...               55.13         1.56
7  2026-01-24 16:19:41       0m 38s  ...               19.15         0.50
8  2026-01-24 16:20:19       0m 50s  ...               71.83         1.97

[9 rows x 26 columns]
             timestamp time_elapsed  ... severity_rate_patch Gradient_sr2
0  2026-01-24 16:14:39       0m 36s  ...                5.39         0.15
1  2026-01-24 16:15:16       0m 53s  ...               99.36         3.04
2  2026-01-24 16:16:10       0m 37s  ...                2.39         0.06
3  2026-01-24 16:16:47       0m 42s  ...               44.96         1.29
4  2026-01-24 16:17:30       0m 51s  ...               84.53         2.38
5  2026-01-24 16:18:21       0m 34s  ...                2.03         0.05
6  2026-01-24 16:18:55       0m 45s  ...               55.13         1.56
7  2026-01-24 16:19:41       0m 38s  ...               19.15         0.50
8  2026-01-24 16:20:19       0m 50s  ...               71.83         1.97
9  2026-01-24 16:21:10       0m 40s  ...               30.08         0.81

[10 rows x 26 columns]
              timestamp time_elapsed  ... severity_rate_patch Gradient_sr2
0   2026-01-24 16:14:39       0m 36s  ...                5.39         0.15
1   2026-01-24 16:15:16       0m 53s  ...               99.36         3.04
2   2026-01-24 16:16:10       0m 37s  ...                2.39         0.06
3   2026-01-24 16:16:47       0m 42s  ...               44.96         1.29
4   2026-01-24 16:17:30       0m 51s  ...               84.53         2.38
5   2026-01-24 16:18:21       0m 34s  ...                2.03         0.05
6   2026-01-24 16:18:55       0m 45s  ...               55.13         1.56
7   2026-01-24 16:19:41       0m 38s  ...               19.15         0.50
8   2026-01-24 16:20:19       0m 50s  ...               71.83         1.97
9   2026-01-24 16:21:10       0m 40s  ...               30.08         0.81
10  2026-01-24 16:21:50       0m 37s  ...               10.03         0.26

[11 rows x 26 columns]
              timestamp time_elapsed  ... severity_rate_patch Gradient_sr2
0   2026-01-24 16:14:39       0m 36s  ...                5.39         0.15
1   2026-01-24 16:15:16       0m 53s  ...               99.36         3.04
2   2026-01-24 16:16:10       0m 37s  ...                2.39         0.06
3   2026-01-24 16:16:47       0m 42s  ...               44.96         1.29
4   2026-01-24 16:17:30       0m 51s  ...               84.53         2.38
5   2026-01-24 16:18:21       0m 34s  ...                2.03         0.05
6   2026-01-24 16:18:55       0m 45s  ...               55.13         1.56
7   2026-01-24 16:19:41       0m 38s  ...               19.15         0.50
8   2026-01-24 16:20:19       0m 50s  ...               71.83         1.97
9   2026-01-24 16:21:10       0m 40s  ...               30.08         0.81
10  2026-01-24 16:21:50       0m 37s  ...               10.03         0.26
11  2026-01-24 16:22:28       0m 46s  ...               68.49         1.88

[12 rows x 26 columns]
              timestamp time_elapsed  ... severity_rate_patch Gradient_sr2
0   2026-01-24 16:14:39       0m 36s  ...                5.39         0.15
1   2026-01-24 16:15:16       0m 53s  ...               99.36         3.04
2   2026-01-24 16:16:10       0m 37s  ...                2.39         0.06
3   2026-01-24 16:16:47       0m 42s  ...               44.96         1.29
4   2026-01-24 16:17:30       0m 51s  ...               84.53         2.38
5   2026-01-24 16:18:21       0m 34s  ...                2.03         0.05
6   2026-01-24 16:18:55       0m 45s  ...               55.13         1.56
7   2026-01-24 16:19:41       0m 38s  ...               19.15         0.50
8   2026-01-24 16:20:19       0m 50s  ...               71.83         1.97
9   2026-01-24 16:21:10       0m 40s  ...               30.08         0.81
10  2026-01-24 16:21:50       0m 37s  ...               10.03         0.26
11  2026-01-24 16:22:28       0m 46s  ...               68.49         1.88
12  2026-01-24 16:23:15       0m 52s  ...               84.95         2.44

[13 rows x 26 columns]
              timestamp time_elapsed  ... severity_rate_patch Gradient_sr2
0   2026-01-24 16:14:39       0m 36s  ...                5.39         0.15
1   2026-01-24 16:15:16       0m 53s  ...               99.36         3.04
2   2026-01-24 16:16:10       0m 37s  ...                2.39         0.06
3   2026-01-24 16:16:47       0m 42s  ...               44.96         1.29
4   2026-01-24 16:17:30       0m 51s  ...               84.53         2.38
5   2026-01-24 16:18:21       0m 34s  ...                2.03         0.05
6   2026-01-24 16:18:55       0m 45s  ...               55.13         1.56
7   2026-01-24 16:19:41       0m 38s  ...               19.15         0.50
8   2026-01-24 16:20:19       0m 50s  ...               71.83         1.97
9   2026-01-24 16:21:10       0m 40s  ...               30.08         0.81
10  2026-01-24 16:21:50       0m 37s  ...               10.03         0.26
11  2026-01-24 16:22:28       0m 46s  ...               68.49         1.88
12  2026-01-24 16:23:15       0m 52s  ...               84.95         2.44
13  2026-01-24 16:24:07       0m 38s  ...               42.80         1.16

[14 rows x 26 columns]
              timestamp time_elapsed  ... severity_rate_patch Gradient_sr2
0   2026-01-24 16:14:39       0m 36s  ...                5.39         0.15
1   2026-01-24 16:15:16       0m 53s  ...               99.36         3.04
2   2026-01-24 16:16:10       0m 37s  ...                2.39         0.06
3   2026-01-24 16:16:47       0m 42s  ...               44.96         1.29
4   2026-01-24 16:17:30       0m 51s  ...               84.53         2.38
5   2026-01-24 16:18:21       0m 34s  ...                2.03         0.05
6   2026-01-24 16:18:55       0m 45s  ...               55.13         1.56
7   2026-01-24 16:19:41       0m 38s  ...               19.15         0.50
8   2026-01-24 16:20:19       0m 50s  ...               71.83         1.97
9   2026-01-24 16:21:10       0m 40s  ...               30.08         0.81
10  2026-01-24 16:21:50       0m 37s  ...               10.03         0.26
11  2026-01-24 16:22:28       0m 46s  ...               68.49         1.88
12  2026-01-24 16:23:15       0m 52s  ...               84.95         2.44
13  2026-01-24 16:24:07       0m 38s  ...               42.80         1.16
14  2026-01-24 16:24:46       0m 39s  ...               25.61         0.63

[15 rows x 26 columns]

real	10m53.400s
user	0m0.015s
sys	0m0.000s
