[2026-01-23 20:57:34,956] - [root] - [INFO] - leaf_correlation_mw.py
[2026-01-23 20:57:34,956] - [root] - [INFO] - model_type       : ResNet
[2026-01-23 20:57:34,956] - [root] - [INFO] - pretrained       : True
[2026-01-23 20:57:34,956] - [root] - [INFO] - loading_epoch    : 65
[2026-01-23 20:57:34,956] - [root] - [INFO] - timestamp        : Jan22_10-21-00_2026
[2026-01-23 20:57:34,957] - [root] - [INFO] - outdim           : 2
[2026-01-23 20:57:34,957] - [root] - [INFO] - dual_head        : True
[2026-01-23 20:57:34,958] - [root] - [INFO] - model_path       : ../..
[2026-01-23 20:57:34,958] - [root] - [INFO] - step_size        : 224
[2026-01-23 20:57:34,958] - [root] - [INFO] - means            : [0.541, 0.6371, 0.4188]
[2026-01-23 20:57:34,958] - [root] - [INFO] - stds             : [0.1764, 0.165, 0.2326]
[2026-01-23 20:57:34,958] - [root] - [INFO] - target_class     : 1
[2026-01-23 20:57:34,958] - [root] - [INFO] - contam_control   : False
[2026-01-23 20:57:34,958] - [root] - [INFO] - spor_th          : 0.9
[2026-01-23 20:57:34,958] - [root] - [INFO] - inf_gate         : 0.6
[2026-01-23 20:57:34,958] - [root] - [INFO] - pm               : HPM-1269
[2026-01-23 20:57:34,958] - [root] - [INFO] - mps              : False
[2026-01-23 20:57:34,958] - [root] - [INFO] - cuda             : True
[2026-01-23 20:57:34,958] - [root] - [INFO] - cuda_id          : 0
[2026-01-23 20:57:34,958] - [root] - [INFO] - sal_threshold    : 0.5
[2026-01-23 20:57:34,958] - [root] - [INFO] - up_threshold     : 0.8
[2026-01-23 20:57:34,958] - [root] - [INFO] - down_threshold   : 0.2
[2026-01-23 20:57:34,959] - [root] - [INFO] - dataset_path     : C:/Users/Intel User/Desktop/blackbird_scripts/data/human_disk_assessments
[2026-01-23 20:57:34,959] - [root] - [INFO] - img_folder       : 1-22-2026
[2026-01-23 20:57:34,959] - [root] - [INFO] - platform         : BlackBird
[2026-01-23 20:57:34,959] - [root] - [INFO] - threshold        : ['0.7']
[2026-01-23 20:57:34,959] - [root] - [INFO] - log              : ../../results/logs/random.log
[2026-01-23 20:57:34,959] - [root] - [INFO] - dpi              : 10
[2026-01-23 20:57:34,959] - [root] - [INFO] - group            : baseline
[2026-01-23 20:57:34,959] - [root] - [INFO] - trays            : ['10dpi']
[2026-01-23 20:57:34,959] - [root] - [INFO] - sal_gradcam      : False
[2026-01-23 20:57:34,959] - [root] - [INFO] - sal_gradient     : True
[2026-01-23 20:57:34,959] - [root] - [INFO] - sal_smoothgrad   : False
[2026-01-23 20:57:34,959] - [root] - [INFO] - sal_deeplift     : False
[2026-01-23 20:57:34,959] - [root] - [INFO] - sal_thresh_method : fixed
[2026-01-23 20:57:34,959] - [root] - [INFO] - sal_thresh_p     : 95.0
[2026-01-23 20:57:35,825] - [root] - [INFO] - -------------------------------------------
[2026-01-23 20:57:35,825] - [root] - [INFO] - Processing 1-22-2026 10dpi 013-W2021011-633_R2.png
[2026-01-23 20:57:52,438] - [root] - [INFO] - Finished loading mask: 0m 16s
[2026-01-23 20:58:06,154] - [root] - [INFO] - Finished crop and inference: 0m 30s
[2026-01-23 20:58:07,501] - [root] - [INFO] - Analysis finished: 0m 31s
[2026-01-23 20:58:07,501] - [root] - [INFO] - -------------------------------------------
[2026-01-23 20:58:07,502] - [root] - [INFO] - -------------------------------------------
[2026-01-23 20:58:07,502] - [root] - [INFO] - Processing 1-22-2026 10dpi 026-W2021010-346_R2.png
[2026-01-23 20:58:24,405] - [root] - [INFO] - Finished loading mask: 0m 16s
[2026-01-23 20:58:34,318] - [root] - [INFO] - Finished crop and inference: 0m 26s
[2026-01-23 20:58:35,837] - [root] - [INFO] - Analysis finished: 0m 28s
[2026-01-23 20:58:35,837] - [root] - [INFO] - -------------------------------------------
[2026-01-23 20:58:35,837] - [root] - [INFO] - -------------------------------------------
[2026-01-23 20:58:35,837] - [root] - [INFO] - Processing 1-22-2026 10dpi 042-W2021006-015_R1.png
[2026-01-23 20:58:52,572] - [root] - [INFO] - Finished loading mask: 0m 16s
[2026-01-23 20:59:04,290] - [root] - [INFO] - Finished crop and inference: 0m 28s
[2026-01-23 20:59:05,826] - [root] - [INFO] - Analysis finished: 0m 29s
[2026-01-23 20:59:05,826] - [root] - [INFO] - -------------------------------------------
[2026-01-23 20:59:05,826] - [root] - [INFO] - -------------------------------------------
[2026-01-23 20:59:05,826] - [root] - [INFO] - Processing 1-22-2026 10dpi 057-W2021011-504_R2.png
[2026-01-23 20:59:25,521] - [root] - [INFO] - Finished loading mask: 0m 19s
[2026-01-23 20:59:34,698] - [root] - [INFO] - Finished crop and inference: 0m 28s
[2026-01-23 20:59:36,456] - [root] - [INFO] - Analysis finished: 0m 30s
[2026-01-23 20:59:36,456] - [root] - [INFO] - -------------------------------------------
[2026-01-23 20:59:36,456] - [root] - [INFO] - -------------------------------------------
[2026-01-23 20:59:36,456] - [root] - [INFO] - Processing 1-22-2026 10dpi 069-W2021011-574_R1.png
[2026-01-23 20:59:58,039] - [root] - [INFO] - Finished loading mask: 0m 21s
[2026-01-23 21:00:09,031] - [root] - [INFO] - Finished crop and inference: 0m 32s
[2026-01-23 21:00:10,695] - [root] - [INFO] - Analysis finished: 0m 34s
[2026-01-23 21:00:10,695] - [root] - [INFO] - -------------------------------------------
[2026-01-23 21:00:10,695] - [root] - [INFO] - -------------------------------------------
[2026-01-23 21:00:10,695] - [root] - [INFO] - Processing 1-22-2026 10dpi 095-W2021009-283_R1.png
[2026-01-23 21:00:28,146] - [root] - [INFO] - Finished loading mask: 0m 17s
[2026-01-23 21:00:37,179] - [root] - [INFO] - Finished crop and inference: 0m 26s
[2026-01-23 21:00:38,807] - [root] - [INFO] - Analysis finished: 0m 28s
[2026-01-23 21:00:38,807] - [root] - [INFO] - -------------------------------------------
[2026-01-23 21:00:38,808] - [root] - [INFO] - -------------------------------------------
[2026-01-23 21:00:38,808] - [root] - [INFO] - Processing 1-22-2026 10dpi 103-W2021011-591_R2.png
[2026-01-23 21:00:55,093] - [root] - [INFO] - Finished loading mask: 0m 16s
[2026-01-23 21:01:11,272] - [root] - [INFO] - Finished crop and inference: 0m 32s
[2026-01-23 21:01:13,262] - [root] - [INFO] - Analysis finished: 0m 34s
[2026-01-23 21:01:13,262] - [root] - [INFO] - -------------------------------------------
[2026-01-23 21:01:13,263] - [root] - [INFO] - -------------------------------------------
[2026-01-23 21:01:13,263] - [root] - [INFO] - Processing 1-22-2026 10dpi 115-W2021011-638_R1.png
[2026-01-23 21:01:35,914] - [root] - [INFO] - Finished loading mask: 0m 22s
[2026-01-23 21:01:54,050] - [root] - [INFO] - Finished crop and inference: 0m 40s
[2026-01-23 21:01:55,935] - [root] - [INFO] - Analysis finished: 0m 42s
[2026-01-23 21:01:55,935] - [root] - [INFO] - -------------------------------------------
[2026-01-23 21:01:55,935] - [root] - [INFO] - -------------------------------------------
[2026-01-23 21:01:55,935] - [root] - [INFO] - Processing 1-22-2026 10dpi 124-W2021009-278_R1.png
[2026-01-23 21:02:17,641] - [root] - [INFO] - Finished loading mask: 0m 21s
[2026-01-23 21:02:32,151] - [root] - [INFO] - Finished crop and inference: 0m 36s
[2026-01-23 21:02:33,748] - [root] - [INFO] - Analysis finished: 0m 37s
[2026-01-23 21:02:33,748] - [root] - [INFO] - -------------------------------------------
[2026-01-23 21:02:33,749] - [root] - [INFO] - -------------------------------------------
[2026-01-23 21:02:33,749] - [root] - [INFO] - Processing 1-22-2026 10dpi 162-W2021011-551_R2.png
[2026-01-23 21:02:52,699] - [root] - [INFO] - Finished loading mask: 0m 18s
[2026-01-23 21:03:14,154] - [root] - [INFO] - Finished crop and inference: 0m 40s
[2026-01-23 21:03:15,596] - [root] - [INFO] - Analysis finished: 0m 41s
[2026-01-23 21:03:15,596] - [root] - [INFO] - -------------------------------------------
[2026-01-23 21:03:15,596] - [root] - [INFO] - -------------------------------------------
[2026-01-23 21:03:15,596] - [root] - [INFO] - Processing 1-22-2026 10dpi 172-W2021009-156_R2.png
[2026-01-23 21:03:33,265] - [root] - [INFO] - Finished loading mask: 0m 17s
[2026-01-23 21:03:41,439] - [root] - [INFO] - Finished crop and inference: 0m 25s
[2026-01-23 21:03:42,898] - [root] - [INFO] - Analysis finished: 0m 27s
[2026-01-23 21:03:42,898] - [root] - [INFO] - -------------------------------------------
[2026-01-23 21:03:42,898] - [root] - [INFO] - -------------------------------------------
[2026-01-23 21:03:42,898] - [root] - [INFO] - Processing 1-22-2026 10dpi 182-W2021009-251_R1.png
[2026-01-23 21:04:02,359] - [root] - [INFO] - Finished loading mask: 0m 19s
[2026-01-23 21:04:12,604] - [root] - [INFO] - Finished crop and inference: 0m 29s
[2026-01-23 21:04:14,003] - [root] - [INFO] - Analysis finished: 0m 31s
[2026-01-23 21:04:14,003] - [root] - [INFO] - -------------------------------------------
[2026-01-23 21:04:14,003] - [root] - [INFO] - -------------------------------------------
[2026-01-23 21:04:14,003] - [root] - [INFO] - Processing 1-22-2026 10dpi 194-W2021010-339_R2.png
[2026-01-23 21:04:31,394] - [root] - [INFO] - Finished loading mask: 0m 17s
[2026-01-23 21:04:40,878] - [root] - [INFO] - Finished crop and inference: 0m 26s
[2026-01-23 21:04:42,416] - [root] - [INFO] - Analysis finished: 0m 28s
[2026-01-23 21:04:42,416] - [root] - [INFO] - -------------------------------------------
[2026-01-23 21:04:42,416] - [root] - [INFO] - -------------------------------------------
[2026-01-23 21:04:42,416] - [root] - [INFO] - Processing 1-22-2026 10dpi 215-W2021006-045_R1.png
[2026-01-23 21:05:00,195] - [root] - [INFO] - Finished loading mask: 0m 17s
[2026-01-23 21:05:20,523] - [root] - [INFO] - Finished crop and inference: 0m 38s
[2026-01-23 21:05:22,211] - [root] - [INFO] - Analysis finished: 0m 39s
[2026-01-23 21:05:22,211] - [root] - [INFO] - -------------------------------------------
[2026-01-23 21:05:22,212] - [root] - [INFO] - -------------------------------------------
[2026-01-23 21:05:22,212] - [root] - [INFO] - Processing 1-22-2026 10dpi 262-W2021009-187_R2.png
[2026-01-23 21:05:39,441] - [root] - [INFO] - Finished loading mask: 0m 17s
[2026-01-23 21:05:57,913] - [root] - [INFO] - Finished crop and inference: 0m 35s
[2026-01-23 21:05:59,486] - [root] - [INFO] - Analysis finished: 0m 37s
[2026-01-23 21:05:59,486] - [root] - [INFO] - -------------------------------------------
[2026-01-23 21:05:59,493] - [root] - [INFO] - Saved C:\Users\Intel User\Desktop\blackbird_scripts\data\Results\ResNet_upth0.8_downth0.2_Jan22_10-21-00_2026\1-22-2026\th_0.7\severity_rate_tray_10dpi_u0.8_d0.2_ig0.6_sp0.9.csv
             timestamp time_elapsed  ... severity_rate_patch Gradient_sr2
0  2026-01-23 20:57:35       0m 31s  ...               30.36         0.84

[1 rows x 24 columns]
             timestamp time_elapsed  ... severity_rate_patch Gradient_sr2
0  2026-01-23 20:57:35       0m 31s  ...               30.36         0.84
1  2026-01-23 20:58:07       0m 28s  ...                0.28         0.01

[2 rows x 24 columns]
             timestamp time_elapsed  ... severity_rate_patch Gradient_sr2
0  2026-01-23 20:57:35       0m 31s  ...               30.36         0.84
1  2026-01-23 20:58:07       0m 28s  ...                0.28         0.01
2  2026-01-23 20:58:35       0m 29s  ...               23.92         0.62

[3 rows x 24 columns]
             timestamp time_elapsed  ... severity_rate_patch Gradient_sr2
0  2026-01-23 20:57:35       0m 31s  ...               30.36         0.84
1  2026-01-23 20:58:07       0m 28s  ...                0.28         0.01
2  2026-01-23 20:58:35       0m 29s  ...               23.92         0.62
3  2026-01-23 20:59:05       0m 30s  ...                2.54         0.07

[4 rows x 24 columns]
             timestamp time_elapsed  ... severity_rate_patch Gradient_sr2
0  2026-01-23 20:57:35       0m 31s  ...               30.36         0.84
1  2026-01-23 20:58:07       0m 28s  ...                0.28         0.01
2  2026-01-23 20:58:35       0m 29s  ...               23.92         0.62
3  2026-01-23 20:59:05       0m 30s  ...                2.54         0.07
4  2026-01-23 20:59:36       0m 34s  ...               13.97         0.41

[5 rows x 24 columns]
             timestamp time_elapsed  ... severity_rate_patch Gradient_sr2
0  2026-01-23 20:57:35       0m 31s  ...               30.36         0.84
1  2026-01-23 20:58:07       0m 28s  ...                0.28         0.01
2  2026-01-23 20:58:35       0m 29s  ...               23.92         0.62
3  2026-01-23 20:59:05       0m 30s  ...                2.54         0.07
4  2026-01-23 20:59:36       0m 34s  ...               13.97         0.41
5  2026-01-23 21:00:10       0m 28s  ...                6.41         0.15

[6 rows x 24 columns]
             timestamp time_elapsed  ... severity_rate_patch Gradient_sr2
0  2026-01-23 20:57:35       0m 31s  ...               30.36         0.84
1  2026-01-23 20:58:07       0m 28s  ...                0.28         0.01
2  2026-01-23 20:58:35       0m 29s  ...               23.92         0.62
3  2026-01-23 20:59:05       0m 30s  ...                2.54         0.07
4  2026-01-23 20:59:36       0m 34s  ...               13.97         0.41
5  2026-01-23 21:00:10       0m 28s  ...                6.41         0.15
6  2026-01-23 21:00:38       0m 34s  ...               50.39         1.46

[7 rows x 24 columns]
             timestamp time_elapsed  ... severity_rate_patch Gradient_sr2
0  2026-01-23 20:57:35       0m 31s  ...               30.36         0.84
1  2026-01-23 20:58:07       0m 28s  ...                0.28         0.01
2  2026-01-23 20:58:35       0m 29s  ...               23.92         0.62
3  2026-01-23 20:59:05       0m 30s  ...                2.54         0.07
4  2026-01-23 20:59:36       0m 34s  ...               13.97         0.41
5  2026-01-23 21:00:10       0m 28s  ...                6.41         0.15
6  2026-01-23 21:00:38       0m 34s  ...               50.39         1.46
7  2026-01-23 21:01:13       0m 42s  ...               56.77         1.51

[8 rows x 24 columns]
             timestamp time_elapsed  ... severity_rate_patch Gradient_sr2
0  2026-01-23 20:57:35       0m 31s  ...               30.36         0.84
1  2026-01-23 20:58:07       0m 28s  ...                0.28         0.01
2  2026-01-23 20:58:35       0m 29s  ...               23.92         0.62
3  2026-01-23 20:59:05       0m 30s  ...                2.54         0.07
4  2026-01-23 20:59:36       0m 34s  ...               13.97         0.41
5  2026-01-23 21:00:10       0m 28s  ...                6.41         0.15
6  2026-01-23 21:00:38       0m 34s  ...               50.39         1.46
7  2026-01-23 21:01:13       0m 42s  ...               56.77         1.51
8  2026-01-23 21:01:55       0m 37s  ...               45.08         1.27

[9 rows x 24 columns]
             timestamp time_elapsed  ... severity_rate_patch Gradient_sr2
0  2026-01-23 20:57:35       0m 31s  ...               30.36         0.84
1  2026-01-23 20:58:07       0m 28s  ...                0.28         0.01
2  2026-01-23 20:58:35       0m 29s  ...               23.92         0.62
3  2026-01-23 20:59:05       0m 30s  ...                2.54         0.07
4  2026-01-23 20:59:36       0m 34s  ...               13.97         0.41
5  2026-01-23 21:00:10       0m 28s  ...                6.41         0.15
6  2026-01-23 21:00:38       0m 34s  ...               50.39         1.46
7  2026-01-23 21:01:13       0m 42s  ...               56.77         1.51
8  2026-01-23 21:01:55       0m 37s  ...               45.08         1.27
9  2026-01-23 21:02:33       0m 41s  ...               83.41         2.35

[10 rows x 24 columns]
              timestamp time_elapsed  ... severity_rate_patch Gradient_sr2
0   2026-01-23 20:57:35       0m 31s  ...               30.36         0.84
1   2026-01-23 20:58:07       0m 28s  ...                0.28         0.01
2   2026-01-23 20:58:35       0m 29s  ...               23.92         0.62
3   2026-01-23 20:59:05       0m 30s  ...                2.54         0.07
4   2026-01-23 20:59:36       0m 34s  ...               13.97         0.41
5   2026-01-23 21:00:10       0m 28s  ...                6.41         0.15
6   2026-01-23 21:00:38       0m 34s  ...               50.39         1.46
7   2026-01-23 21:01:13       0m 42s  ...               56.77         1.51
8   2026-01-23 21:01:55       0m 37s  ...               45.08         1.27
9   2026-01-23 21:02:33       0m 41s  ...               83.41         2.35
10  2026-01-23 21:03:15       0m 27s  ...                6.61         0.17

[11 rows x 24 columns]
              timestamp time_elapsed  ... severity_rate_patch Gradient_sr2
0   2026-01-23 20:57:35       0m 31s  ...               30.36         0.84
1   2026-01-23 20:58:07       0m 28s  ...                0.28         0.01
2   2026-01-23 20:58:35       0m 29s  ...               23.92         0.62
3   2026-01-23 20:59:05       0m 30s  ...                2.54         0.07
4   2026-01-23 20:59:36       0m 34s  ...               13.97         0.41
5   2026-01-23 21:00:10       0m 28s  ...                6.41         0.15
6   2026-01-23 21:00:38       0m 34s  ...               50.39         1.46
7   2026-01-23 21:01:13       0m 42s  ...               56.77         1.51
8   2026-01-23 21:01:55       0m 37s  ...               45.08         1.27
9   2026-01-23 21:02:33       0m 41s  ...               83.41         2.35
10  2026-01-23 21:03:15       0m 27s  ...                6.61         0.17
11  2026-01-23 21:03:42       0m 31s  ...                6.20         0.17

[12 rows x 24 columns]
              timestamp time_elapsed  ... severity_rate_patch Gradient_sr2
0   2026-01-23 20:57:35       0m 31s  ...               30.36         0.84
1   2026-01-23 20:58:07       0m 28s  ...                0.28         0.01
2   2026-01-23 20:58:35       0m 29s  ...               23.92         0.62
3   2026-01-23 20:59:05       0m 30s  ...                2.54         0.07
4   2026-01-23 20:59:36       0m 34s  ...               13.97         0.41
5   2026-01-23 21:00:10       0m 28s  ...                6.41         0.15
6   2026-01-23 21:00:38       0m 34s  ...               50.39         1.46
7   2026-01-23 21:01:13       0m 42s  ...               56.77         1.51
8   2026-01-23 21:01:55       0m 37s  ...               45.08         1.27
9   2026-01-23 21:02:33       0m 41s  ...               83.41         2.35
10  2026-01-23 21:03:15       0m 27s  ...                6.61         0.17
11  2026-01-23 21:03:42       0m 31s  ...                6.20         0.17
12  2026-01-23 21:04:14       0m 28s  ...                4.46         0.11

[13 rows x 24 columns]
              timestamp time_elapsed  ... severity_rate_patch Gradient_sr2
0   2026-01-23 20:57:35       0m 31s  ...               30.36         0.84
1   2026-01-23 20:58:07       0m 28s  ...                0.28         0.01
2   2026-01-23 20:58:35       0m 29s  ...               23.92         0.62
3   2026-01-23 20:59:05       0m 30s  ...                2.54         0.07
4   2026-01-23 20:59:36       0m 34s  ...               13.97         0.41
5   2026-01-23 21:00:10       0m 28s  ...                6.41         0.15
6   2026-01-23 21:00:38       0m 34s  ...               50.39         1.46
7   2026-01-23 21:01:13       0m 42s  ...               56.77         1.51
8   2026-01-23 21:01:55       0m 37s  ...               45.08         1.27
9   2026-01-23 21:02:33       0m 41s  ...               83.41         2.35
10  2026-01-23 21:03:15       0m 27s  ...                6.61         0.17
11  2026-01-23 21:03:42       0m 31s  ...                6.20         0.17
12  2026-01-23 21:04:14       0m 28s  ...                4.46         0.11
13  2026-01-23 21:04:42       0m 39s  ...               77.76         2.26

[14 rows x 24 columns]
              timestamp time_elapsed  ... severity_rate_patch Gradient_sr2
0   2026-01-23 20:57:35       0m 31s  ...               30.36         0.84
1   2026-01-23 20:58:07       0m 28s  ...                0.28         0.01
2   2026-01-23 20:58:35       0m 29s  ...               23.92         0.62
3   2026-01-23 20:59:05       0m 30s  ...                2.54         0.07
4   2026-01-23 20:59:36       0m 34s  ...               13.97         0.41
5   2026-01-23 21:00:10       0m 28s  ...                6.41         0.15
6   2026-01-23 21:00:38       0m 34s  ...               50.39         1.46
7   2026-01-23 21:01:13       0m 42s  ...               56.77         1.51
8   2026-01-23 21:01:55       0m 37s  ...               45.08         1.27
9   2026-01-23 21:02:33       0m 41s  ...               83.41         2.35
10  2026-01-23 21:03:15       0m 27s  ...                6.61         0.17
11  2026-01-23 21:03:42       0m 31s  ...                6.20         0.17
12  2026-01-23 21:04:14       0m 28s  ...                4.46         0.11
13  2026-01-23 21:04:42       0m 39s  ...               77.76         2.26
14  2026-01-23 21:05:22       0m 37s  ...               79.78         2.33

[15 rows x 24 columns]

real	8m30.658s
user	0m0.000s
sys	0m0.000s
