[2026-01-24 16:04:46,363] - [root] - [INFO] - leaf_correlation_mw.py
[2026-01-24 16:04:46,363] - [root] - [INFO] - model_type       : ResNet
[2026-01-24 16:04:46,363] - [root] - [INFO] - pretrained       : True
[2026-01-24 16:04:46,363] - [root] - [INFO] - loading_epoch    : 65
[2026-01-24 16:04:46,363] - [root] - [INFO] - timestamp        : Jan22_10-21-00_2026
[2026-01-24 16:04:46,364] - [root] - [INFO] - outdim           : 2
[2026-01-24 16:04:46,364] - [root] - [INFO] - dual_head        : True
[2026-01-24 16:04:46,364] - [root] - [INFO] - model_path       : ../..
[2026-01-24 16:04:46,364] - [root] - [INFO] - step_size        : 224
[2026-01-24 16:04:46,364] - [root] - [INFO] - means            : [0.541, 0.6371, 0.4188]
[2026-01-24 16:04:46,364] - [root] - [INFO] - stds             : [0.1764, 0.165, 0.2326]
[2026-01-24 16:04:46,364] - [root] - [INFO] - target_class     : 1
[2026-01-24 16:04:46,364] - [root] - [INFO] - contam_control   : False
[2026-01-24 16:04:46,364] - [root] - [INFO] - spor_th          : 0.7
[2026-01-24 16:04:46,364] - [root] - [INFO] - inf_gate         : 0.3
[2026-01-24 16:04:46,364] - [root] - [INFO] - pm               : HPM-1269
[2026-01-24 16:04:46,364] - [root] - [INFO] - mps              : False
[2026-01-24 16:04:46,364] - [root] - [INFO] - cuda             : True
[2026-01-24 16:04:46,364] - [root] - [INFO] - cuda_id          : 0
[2026-01-24 16:04:46,364] - [root] - [INFO] - sal_threshold    : 0.5
[2026-01-24 16:04:46,364] - [root] - [INFO] - up_threshold     : 0.8
[2026-01-24 16:04:46,364] - [root] - [INFO] - down_threshold   : 0.3
[2026-01-24 16:04:46,364] - [root] - [INFO] - dataset_path     : C:/Users/Intel User/Desktop/blackbird_scripts/data/human_disk_assessments
[2026-01-24 16:04:46,365] - [root] - [INFO] - img_folder       : 1-22-2026
[2026-01-24 16:04:46,365] - [root] - [INFO] - platform         : BlackBird
[2026-01-24 16:04:46,365] - [root] - [INFO] - threshold        : ['0.7']
[2026-01-24 16:04:46,365] - [root] - [INFO] - log              : ../../results/logs/random.log
[2026-01-24 16:04:46,365] - [root] - [INFO] - dpi              : 5
[2026-01-24 16:04:46,365] - [root] - [INFO] - group            : baseline
[2026-01-24 16:04:46,365] - [root] - [INFO] - trays            : ['5dpi']
[2026-01-24 16:04:46,365] - [root] - [INFO] - sal_gradcam      : False
[2026-01-24 16:04:46,365] - [root] - [INFO] - sal_gradient     : True
[2026-01-24 16:04:46,365] - [root] - [INFO] - sal_smoothgrad   : False
[2026-01-24 16:04:46,365] - [root] - [INFO] - sal_deeplift     : False
[2026-01-24 16:04:46,365] - [root] - [INFO] - sal_thresh_method : fixed
[2026-01-24 16:04:46,365] - [root] - [INFO] - sal_thresh_p     : 95.0
[2026-01-24 16:04:47,526] - [root] - [INFO] - -------------------------------------------
[2026-01-24 16:04:47,526] - [root] - [INFO] - Processing 1-22-2026 5dpi 005-W2021011-592_R2.png
[2026-01-24 16:05:09,870] - [root] - [INFO] - Finished loading mask: 0m 22s
[2026-01-24 16:05:20,598] - [root] - [INFO] - Finished crop and inference: 0m 33s
[2026-01-24 16:05:22,276] - [root] - [INFO] - Analysis finished: 0m 34s
[2026-01-24 16:05:22,276] - [root] - [INFO] - -------------------------------------------
[2026-01-24 16:05:22,276] - [root] - [INFO] - -------------------------------------------
[2026-01-24 16:05:22,277] - [root] - [INFO] - Processing 1-22-2026 5dpi 022-W2021009-198_R2.png
[2026-01-24 16:05:44,042] - [root] - [INFO] - Finished loading mask: 0m 21s
[2026-01-24 16:05:57,177] - [root] - [INFO] - Finished crop and inference: 0m 34s
[2026-01-24 16:05:58,969] - [root] - [INFO] - Analysis finished: 0m 36s
[2026-01-24 16:05:58,970] - [root] - [INFO] - -------------------------------------------
[2026-01-24 16:05:58,970] - [root] - [INFO] - -------------------------------------------
[2026-01-24 16:05:58,970] - [root] - [INFO] - Processing 1-22-2026 5dpi 047-W2021011-482_R1.png
[2026-01-24 16:06:21,092] - [root] - [INFO] - Finished loading mask: 0m 22s
[2026-01-24 16:06:37,175] - [root] - [INFO] - Finished crop and inference: 0m 38s
[2026-01-24 16:06:39,034] - [root] - [INFO] - Analysis finished: 0m 40s
[2026-01-24 16:06:39,035] - [root] - [INFO] - -------------------------------------------
[2026-01-24 16:06:39,035] - [root] - [INFO] - -------------------------------------------
[2026-01-24 16:06:39,035] - [root] - [INFO] - Processing 1-22-2026 5dpi 055-W2021010-397_R2.png
[2026-01-24 16:07:01,175] - [root] - [INFO] - Finished loading mask: 0m 22s
[2026-01-24 16:07:13,373] - [root] - [INFO] - Finished crop and inference: 0m 34s
[2026-01-24 16:07:15,175] - [root] - [INFO] - Analysis finished: 0m 36s
[2026-01-24 16:07:15,175] - [root] - [INFO] - -------------------------------------------
[2026-01-24 16:07:15,175] - [root] - [INFO] - -------------------------------------------
[2026-01-24 16:07:15,175] - [root] - [INFO] - Processing 1-22-2026 5dpi 121-W2021009-185_R1.png
[2026-01-24 16:07:37,483] - [root] - [INFO] - Finished loading mask: 0m 22s
[2026-01-24 16:07:48,252] - [root] - [INFO] - Finished crop and inference: 0m 33s
[2026-01-24 16:07:50,164] - [root] - [INFO] - Analysis finished: 0m 34s
[2026-01-24 16:07:50,164] - [root] - [INFO] - -------------------------------------------
[2026-01-24 16:07:50,164] - [root] - [INFO] - -------------------------------------------
[2026-01-24 16:07:50,164] - [root] - [INFO] - Processing 1-22-2026 5dpi 128-W2021006-013_R1.png
[2026-01-24 16:08:12,306] - [root] - [INFO] - Finished loading mask: 0m 22s
[2026-01-24 16:08:34,358] - [root] - [INFO] - Finished crop and inference: 0m 44s
[2026-01-24 16:08:36,212] - [root] - [INFO] - Analysis finished: 0m 46s
[2026-01-24 16:08:36,212] - [root] - [INFO] - -------------------------------------------
[2026-01-24 16:08:36,212] - [root] - [INFO] - -------------------------------------------
[2026-01-24 16:08:36,212] - [root] - [INFO] - Processing 1-22-2026 5dpi 149-W2021010-417_R1.png
[2026-01-24 16:08:58,329] - [root] - [INFO] - Finished loading mask: 0m 22s
[2026-01-24 16:09:11,246] - [root] - [INFO] - Finished crop and inference: 0m 35s
[2026-01-24 16:09:13,279] - [root] - [INFO] - Analysis finished: 0m 37s
[2026-01-24 16:09:13,279] - [root] - [INFO] - -------------------------------------------
[2026-01-24 16:09:13,279] - [root] - [INFO] - -------------------------------------------
[2026-01-24 16:09:13,279] - [root] - [INFO] - Processing 1-22-2026 5dpi 156-W2021009-276_R2.png
[2026-01-24 16:09:35,476] - [root] - [INFO] - Finished loading mask: 0m 22s
[2026-01-24 16:09:48,599] - [root] - [INFO] - Finished crop and inference: 0m 35s
[2026-01-24 16:09:50,648] - [root] - [INFO] - Analysis finished: 0m 37s
[2026-01-24 16:09:50,649] - [root] - [INFO] - -------------------------------------------
[2026-01-24 16:09:50,649] - [root] - [INFO] - -------------------------------------------
[2026-01-24 16:09:50,649] - [root] - [INFO] - Processing 1-22-2026 5dpi 172-W2021011-557_R2.png
[2026-01-24 16:10:12,817] - [root] - [INFO] - Finished loading mask: 0m 22s
[2026-01-24 16:10:26,444] - [root] - [INFO] - Finished crop and inference: 0m 35s
[2026-01-24 16:10:28,458] - [root] - [INFO] - Analysis finished: 0m 37s
[2026-01-24 16:10:28,458] - [root] - [INFO] - -------------------------------------------
[2026-01-24 16:10:28,458] - [root] - [INFO] - -------------------------------------------
[2026-01-24 16:10:28,458] - [root] - [INFO] - Processing 1-22-2026 5dpi 180-W2021011-476_R2.png
[2026-01-24 16:10:50,680] - [root] - [INFO] - Finished loading mask: 0m 22s
[2026-01-24 16:11:14,333] - [root] - [INFO] - Finished crop and inference: 0m 45s
[2026-01-24 16:11:16,244] - [root] - [INFO] - Analysis finished: 0m 47s
[2026-01-24 16:11:16,244] - [root] - [INFO] - -------------------------------------------
[2026-01-24 16:11:16,244] - [root] - [INFO] - -------------------------------------------
[2026-01-24 16:11:16,244] - [root] - [INFO] - Processing 1-22-2026 5dpi 183-W2021009-295_R1.png
[2026-01-24 16:11:37,736] - [root] - [INFO] - Finished loading mask: 0m 21s
[2026-01-24 16:11:48,687] - [root] - [INFO] - Finished crop and inference: 0m 32s
[2026-01-24 16:11:50,815] - [root] - [INFO] - Analysis finished: 0m 34s
[2026-01-24 16:11:50,815] - [root] - [INFO] - -------------------------------------------
[2026-01-24 16:11:50,816] - [root] - [INFO] - -------------------------------------------
[2026-01-24 16:11:50,816] - [root] - [INFO] - Processing 1-22-2026 5dpi 187-W2021010-348_R2.png
[2026-01-24 16:12:12,569] - [root] - [INFO] - Finished loading mask: 0m 21s
[2026-01-24 16:12:37,196] - [root] - [INFO] - Finished crop and inference: 0m 46s
[2026-01-24 16:12:39,132] - [root] - [INFO] - Analysis finished: 0m 48s
[2026-01-24 16:12:39,132] - [root] - [INFO] - -------------------------------------------
[2026-01-24 16:12:39,132] - [root] - [INFO] - -------------------------------------------
[2026-01-24 16:12:39,132] - [root] - [INFO] - Processing 1-22-2026 5dpi 206-W2021010-344_R1.png
[2026-01-24 16:13:00,816] - [root] - [INFO] - Finished loading mask: 0m 21s
[2026-01-24 16:13:12,762] - [root] - [INFO] - Finished crop and inference: 0m 33s
[2026-01-24 16:13:14,741] - [root] - [INFO] - Analysis finished: 0m 35s
[2026-01-24 16:13:14,742] - [root] - [INFO] - -------------------------------------------
[2026-01-24 16:13:14,742] - [root] - [INFO] - -------------------------------------------
[2026-01-24 16:13:14,742] - [root] - [INFO] - Processing 1-22-2026 5dpi 208-W2021009-268_R2.png
[2026-01-24 16:13:36,025] - [root] - [INFO] - Finished loading mask: 0m 21s
[2026-01-24 16:13:53,909] - [root] - [INFO] - Finished crop and inference: 0m 39s
[2026-01-24 16:13:55,842] - [root] - [INFO] - Analysis finished: 0m 41s
[2026-01-24 16:13:55,842] - [root] - [INFO] - -------------------------------------------
[2026-01-24 16:13:55,843] - [root] - [INFO] - -------------------------------------------
[2026-01-24 16:13:55,843] - [root] - [INFO] - Processing 1-22-2026 5dpi 254-W2021010-352_R2.png
[2026-01-24 16:14:16,874] - [root] - [INFO] - Finished loading mask: 0m 21s
[2026-01-24 16:14:26,805] - [root] - [INFO] - Finished crop and inference: 0m 30s
[2026-01-24 16:14:28,883] - [root] - [INFO] - Analysis finished: 0m 33s
[2026-01-24 16:14:28,883] - [root] - [INFO] - -------------------------------------------
[2026-01-24 16:14:28,905] - [root] - [INFO] - Saved C:\Users\Intel User\Desktop\blackbird_scripts\data\Results\ResNet_upth0.8_downth0.3_Jan22_10-21-00_2026\1-22-2026\th_0.7\severity_rate_tray_5dpi_u0.8_d0.3_ig0.3_sp0.7_20260124_161355.csv
             timestamp time_elapsed  ... severity_rate_patch Gradient_sr2
0  2026-01-24 16:04:47       0m 34s  ...                0.84         0.02

[1 rows x 26 columns]
             timestamp time_elapsed  ... severity_rate_patch Gradient_sr2
0  2026-01-24 16:04:47       0m 34s  ...                0.84         0.02
1  2026-01-24 16:05:22       0m 36s  ...               13.64         0.35

[2 rows x 26 columns]
             timestamp time_elapsed  ... severity_rate_patch Gradient_sr2
0  2026-01-24 16:04:47       0m 34s  ...                0.84         0.02
1  2026-01-24 16:05:22       0m 36s  ...               13.64         0.35
2  2026-01-24 16:05:58       0m 40s  ...               37.72         1.10

[3 rows x 26 columns]
             timestamp time_elapsed  ... severity_rate_patch Gradient_sr2
0  2026-01-24 16:04:47       0m 34s  ...                0.84         0.02
1  2026-01-24 16:05:22       0m 36s  ...               13.64         0.35
2  2026-01-24 16:05:58       0m 40s  ...               37.72         1.10
3  2026-01-24 16:06:39       0m 36s  ...                8.02         0.21

[4 rows x 26 columns]
             timestamp time_elapsed  ... severity_rate_patch Gradient_sr2
0  2026-01-24 16:04:47       0m 34s  ...                0.84         0.02
1  2026-01-24 16:05:22       0m 36s  ...               13.64         0.35
2  2026-01-24 16:05:58       0m 40s  ...               37.72         1.10
3  2026-01-24 16:06:39       0m 36s  ...                8.02         0.21
4  2026-01-24 16:07:15       0m 34s  ...                7.73         0.21

[5 rows x 26 columns]
             timestamp time_elapsed  ... severity_rate_patch Gradient_sr2
0  2026-01-24 16:04:47       0m 34s  ...                0.84         0.02
1  2026-01-24 16:05:22       0m 36s  ...               13.64         0.35
2  2026-01-24 16:05:58       0m 40s  ...               37.72         1.10
3  2026-01-24 16:06:39       0m 36s  ...                8.02         0.21
4  2026-01-24 16:07:15       0m 34s  ...                7.73         0.21
5  2026-01-24 16:07:50       0m 46s  ...               73.16         1.96

[6 rows x 26 columns]
             timestamp time_elapsed  ... severity_rate_patch Gradient_sr2
0  2026-01-24 16:04:47       0m 34s  ...                0.84         0.02
1  2026-01-24 16:05:22       0m 36s  ...               13.64         0.35
2  2026-01-24 16:05:58       0m 40s  ...               37.72         1.10
3  2026-01-24 16:06:39       0m 36s  ...                8.02         0.21
4  2026-01-24 16:07:15       0m 34s  ...                7.73         0.21
5  2026-01-24 16:07:50       0m 46s  ...               73.16         1.96
6  2026-01-24 16:08:36       0m 37s  ...               10.82         0.31

[7 rows x 26 columns]
             timestamp time_elapsed  ... severity_rate_patch Gradient_sr2
0  2026-01-24 16:04:47       0m 34s  ...                0.84         0.02
1  2026-01-24 16:05:22       0m 36s  ...               13.64         0.35
2  2026-01-24 16:05:58       0m 40s  ...               37.72         1.10
3  2026-01-24 16:06:39       0m 36s  ...                8.02         0.21
4  2026-01-24 16:07:15       0m 34s  ...                7.73         0.21
5  2026-01-24 16:07:50       0m 46s  ...               73.16         1.96
6  2026-01-24 16:08:36       0m 37s  ...               10.82         0.31
7  2026-01-24 16:09:13       0m 37s  ...                6.57         0.17

[8 rows x 26 columns]
             timestamp time_elapsed  ... severity_rate_patch Gradient_sr2
0  2026-01-24 16:04:47       0m 34s  ...                0.84         0.02
1  2026-01-24 16:05:22       0m 36s  ...               13.64         0.35
2  2026-01-24 16:05:58       0m 40s  ...               37.72         1.10
3  2026-01-24 16:06:39       0m 36s  ...                8.02         0.21
4  2026-01-24 16:07:15       0m 34s  ...                7.73         0.21
5  2026-01-24 16:07:50       0m 46s  ...               73.16         1.96
6  2026-01-24 16:08:36       0m 37s  ...               10.82         0.31
7  2026-01-24 16:09:13       0m 37s  ...                6.57         0.17
8  2026-01-24 16:09:50       0m 37s  ...                7.52         0.21

[9 rows x 26 columns]
             timestamp time_elapsed  ... severity_rate_patch Gradient_sr2
0  2026-01-24 16:04:47       0m 34s  ...                0.84         0.02
1  2026-01-24 16:05:22       0m 36s  ...               13.64         0.35
2  2026-01-24 16:05:58       0m 40s  ...               37.72         1.10
3  2026-01-24 16:06:39       0m 36s  ...                8.02         0.21
4  2026-01-24 16:07:15       0m 34s  ...                7.73         0.21
5  2026-01-24 16:07:50       0m 46s  ...               73.16         1.96
6  2026-01-24 16:08:36       0m 37s  ...               10.82         0.31
7  2026-01-24 16:09:13       0m 37s  ...                6.57         0.17
8  2026-01-24 16:09:50       0m 37s  ...                7.52         0.21
9  2026-01-24 16:10:28       0m 47s  ...               74.32         2.00

[10 rows x 26 columns]
              timestamp time_elapsed  ... severity_rate_patch Gradient_sr2
0   2026-01-24 16:04:47       0m 34s  ...                0.84         0.02
1   2026-01-24 16:05:22       0m 36s  ...               13.64         0.35
2   2026-01-24 16:05:58       0m 40s  ...               37.72         1.10
3   2026-01-24 16:06:39       0m 36s  ...                8.02         0.21
4   2026-01-24 16:07:15       0m 34s  ...                7.73         0.21
5   2026-01-24 16:07:50       0m 46s  ...               73.16         1.96
6   2026-01-24 16:08:36       0m 37s  ...               10.82         0.31
7   2026-01-24 16:09:13       0m 37s  ...                6.57         0.17
8   2026-01-24 16:09:50       0m 37s  ...                7.52         0.21
9   2026-01-24 16:10:28       0m 47s  ...               74.32         2.00
10  2026-01-24 16:11:16       0m 34s  ...                5.70         0.15

[11 rows x 26 columns]
              timestamp time_elapsed  ... severity_rate_patch Gradient_sr2
0   2026-01-24 16:04:47       0m 34s  ...                0.84         0.02
1   2026-01-24 16:05:22       0m 36s  ...               13.64         0.35
2   2026-01-24 16:05:58       0m 40s  ...               37.72         1.10
3   2026-01-24 16:06:39       0m 36s  ...                8.02         0.21
4   2026-01-24 16:07:15       0m 34s  ...                7.73         0.21
5   2026-01-24 16:07:50       0m 46s  ...               73.16         1.96
6   2026-01-24 16:08:36       0m 37s  ...               10.82         0.31
7   2026-01-24 16:09:13       0m 37s  ...                6.57         0.17
8   2026-01-24 16:09:50       0m 37s  ...                7.52         0.21
9   2026-01-24 16:10:28       0m 47s  ...               74.32         2.00
10  2026-01-24 16:11:16       0m 34s  ...                5.70         0.15
11  2026-01-24 16:11:50       0m 48s  ...               81.62         2.37

[12 rows x 26 columns]
              timestamp time_elapsed  ... severity_rate_patch Gradient_sr2
0   2026-01-24 16:04:47       0m 34s  ...                0.84         0.02
1   2026-01-24 16:05:22       0m 36s  ...               13.64         0.35
2   2026-01-24 16:05:58       0m 40s  ...               37.72         1.10
3   2026-01-24 16:06:39       0m 36s  ...                8.02         0.21
4   2026-01-24 16:07:15       0m 34s  ...                7.73         0.21
5   2026-01-24 16:07:50       0m 46s  ...               73.16         1.96
6   2026-01-24 16:08:36       0m 37s  ...               10.82         0.31
7   2026-01-24 16:09:13       0m 37s  ...                6.57         0.17
8   2026-01-24 16:09:50       0m 37s  ...                7.52         0.21
9   2026-01-24 16:10:28       0m 47s  ...               74.32         2.00
10  2026-01-24 16:11:16       0m 34s  ...                5.70         0.15
11  2026-01-24 16:11:50       0m 48s  ...               81.62         2.37
12  2026-01-24 16:12:39       0m 35s  ...                4.36         0.12

[13 rows x 26 columns]
              timestamp time_elapsed  ... severity_rate_patch Gradient_sr2
0   2026-01-24 16:04:47       0m 34s  ...                0.84         0.02
1   2026-01-24 16:05:22       0m 36s  ...               13.64         0.35
2   2026-01-24 16:05:58       0m 40s  ...               37.72         1.10
3   2026-01-24 16:06:39       0m 36s  ...                8.02         0.21
4   2026-01-24 16:07:15       0m 34s  ...                7.73         0.21
5   2026-01-24 16:07:50       0m 46s  ...               73.16         1.96
6   2026-01-24 16:08:36       0m 37s  ...               10.82         0.31
7   2026-01-24 16:09:13       0m 37s  ...                6.57         0.17
8   2026-01-24 16:09:50       0m 37s  ...                7.52         0.21
9   2026-01-24 16:10:28       0m 47s  ...               74.32         2.00
10  2026-01-24 16:11:16       0m 34s  ...                5.70         0.15
11  2026-01-24 16:11:50       0m 48s  ...               81.62         2.37
12  2026-01-24 16:12:39       0m 35s  ...                4.36         0.12
13  2026-01-24 16:13:14       0m 41s  ...               27.38         0.69

[14 rows x 26 columns]
              timestamp time_elapsed  ... severity_rate_patch Gradient_sr2
0   2026-01-24 16:04:47       0m 34s  ...                0.84         0.02
1   2026-01-24 16:05:22       0m 36s  ...               13.64         0.35
2   2026-01-24 16:05:58       0m 40s  ...               37.72         1.10
3   2026-01-24 16:06:39       0m 36s  ...                8.02         0.21
4   2026-01-24 16:07:15       0m 34s  ...                7.73         0.21
5   2026-01-24 16:07:50       0m 46s  ...               73.16         1.96
6   2026-01-24 16:08:36       0m 37s  ...               10.82         0.31
7   2026-01-24 16:09:13       0m 37s  ...                6.57         0.17
8   2026-01-24 16:09:50       0m 37s  ...                7.52         0.21
9   2026-01-24 16:10:28       0m 47s  ...               74.32         2.00
10  2026-01-24 16:11:16       0m 34s  ...                5.70         0.15
11  2026-01-24 16:11:50       0m 48s  ...               81.62         2.37
12  2026-01-24 16:12:39       0m 35s  ...                4.36         0.12
13  2026-01-24 16:13:14       0m 41s  ...               27.38         0.69
14  2026-01-24 16:13:55       0m 33s  ...                1.44         0.04

[15 rows x 26 columns]

real	9m52.357s
user	0m0.015s
sys	0m0.000s
