[2026-01-23 21:14:00,068] - [root] - [INFO] - leaf_correlation_mw.py
[2026-01-23 21:14:00,069] - [root] - [INFO] - model_type       : ResNet
[2026-01-23 21:14:00,069] - [root] - [INFO] - pretrained       : True
[2026-01-23 21:14:00,069] - [root] - [INFO] - loading_epoch    : 65
[2026-01-23 21:14:00,069] - [root] - [INFO] - timestamp        : Jan22_10-21-00_2026
[2026-01-23 21:14:00,069] - [root] - [INFO] - outdim           : 2
[2026-01-23 21:14:00,069] - [root] - [INFO] - dual_head        : True
[2026-01-23 21:14:00,070] - [root] - [INFO] - model_path       : ../..
[2026-01-23 21:14:00,070] - [root] - [INFO] - step_size        : 224
[2026-01-23 21:14:00,070] - [root] - [INFO] - means            : [0.541, 0.6371, 0.4188]
[2026-01-23 21:14:00,070] - [root] - [INFO] - stds             : [0.1764, 0.165, 0.2326]
[2026-01-23 21:14:00,070] - [root] - [INFO] - target_class     : 1
[2026-01-23 21:14:00,070] - [root] - [INFO] - contam_control   : False
[2026-01-23 21:14:00,070] - [root] - [INFO] - spor_th          : 0.9
[2026-01-23 21:14:00,070] - [root] - [INFO] - inf_gate         : 0.6
[2026-01-23 21:14:00,070] - [root] - [INFO] - pm               : HPM-1269
[2026-01-23 21:14:00,070] - [root] - [INFO] - mps              : False
[2026-01-23 21:14:00,070] - [root] - [INFO] - cuda             : True
[2026-01-23 21:14:00,070] - [root] - [INFO] - cuda_id          : 0
[2026-01-23 21:14:00,070] - [root] - [INFO] - sal_threshold    : 0.5
[2026-01-23 21:14:00,070] - [root] - [INFO] - up_threshold     : 0.9
[2026-01-23 21:14:00,070] - [root] - [INFO] - down_threshold   : 0.2
[2026-01-23 21:14:00,070] - [root] - [INFO] - dataset_path     : C:/Users/Intel User/Desktop/blackbird_scripts/data/human_disk_assessments
[2026-01-23 21:14:00,070] - [root] - [INFO] - img_folder       : 1-22-2026
[2026-01-23 21:14:00,070] - [root] - [INFO] - platform         : BlackBird
[2026-01-23 21:14:00,070] - [root] - [INFO] - threshold        : ['0.7']
[2026-01-23 21:14:00,071] - [root] - [INFO] - log              : ../../results/logs/random.log
[2026-01-23 21:14:00,071] - [root] - [INFO] - dpi              : 10
[2026-01-23 21:14:00,071] - [root] - [INFO] - group            : baseline
[2026-01-23 21:14:00,071] - [root] - [INFO] - trays            : ['10dpi']
[2026-01-23 21:14:00,071] - [root] - [INFO] - sal_gradcam      : False
[2026-01-23 21:14:00,071] - [root] - [INFO] - sal_gradient     : True
[2026-01-23 21:14:00,071] - [root] - [INFO] - sal_smoothgrad   : False
[2026-01-23 21:14:00,071] - [root] - [INFO] - sal_deeplift     : False
[2026-01-23 21:14:00,071] - [root] - [INFO] - sal_thresh_method : fixed
[2026-01-23 21:14:00,071] - [root] - [INFO] - sal_thresh_p     : 95.0
[2026-01-23 21:14:01,163] - [root] - [INFO] - -------------------------------------------
[2026-01-23 21:14:01,163] - [root] - [INFO] - Processing 1-22-2026 10dpi 013-W2021011-633_R2.png
[2026-01-23 21:14:18,930] - [root] - [INFO] - Finished loading mask: 0m 17s
[2026-01-23 21:14:33,996] - [root] - [INFO] - Finished crop and inference: 0m 32s
[2026-01-23 21:14:35,564] - [root] - [INFO] - Analysis finished: 0m 34s
[2026-01-23 21:14:35,564] - [root] - [INFO] - -------------------------------------------
[2026-01-23 21:14:35,564] - [root] - [INFO] - -------------------------------------------
[2026-01-23 21:14:35,564] - [root] - [INFO] - Processing 1-22-2026 10dpi 026-W2021010-346_R2.png
[2026-01-23 21:14:52,475] - [root] - [INFO] - Finished loading mask: 0m 16s
[2026-01-23 21:15:01,500] - [root] - [INFO] - Finished crop and inference: 0m 25s
[2026-01-23 21:15:02,909] - [root] - [INFO] - Analysis finished: 0m 27s
[2026-01-23 21:15:02,909] - [root] - [INFO] - -------------------------------------------
[2026-01-23 21:15:02,909] - [root] - [INFO] - -------------------------------------------
[2026-01-23 21:15:02,909] - [root] - [INFO] - Processing 1-22-2026 10dpi 042-W2021006-015_R1.png
[2026-01-23 21:15:20,771] - [root] - [INFO] - Finished loading mask: 0m 17s
[2026-01-23 21:15:31,536] - [root] - [INFO] - Finished crop and inference: 0m 28s
[2026-01-23 21:15:32,900] - [root] - [INFO] - Analysis finished: 0m 29s
[2026-01-23 21:15:32,900] - [root] - [INFO] - -------------------------------------------
[2026-01-23 21:15:32,900] - [root] - [INFO] - -------------------------------------------
[2026-01-23 21:15:32,900] - [root] - [INFO] - Processing 1-22-2026 10dpi 057-W2021011-504_R2.png
[2026-01-23 21:15:49,935] - [root] - [INFO] - Finished loading mask: 0m 17s
[2026-01-23 21:15:58,066] - [root] - [INFO] - Finished crop and inference: 0m 25s
[2026-01-23 21:15:59,451] - [root] - [INFO] - Analysis finished: 0m 26s
[2026-01-23 21:15:59,451] - [root] - [INFO] - -------------------------------------------
[2026-01-23 21:15:59,451] - [root] - [INFO] - -------------------------------------------
[2026-01-23 21:15:59,451] - [root] - [INFO] - Processing 1-22-2026 10dpi 069-W2021011-574_R1.png
[2026-01-23 21:16:16,785] - [root] - [INFO] - Finished loading mask: 0m 17s
[2026-01-23 21:16:26,837] - [root] - [INFO] - Finished crop and inference: 0m 27s
[2026-01-23 21:16:28,178] - [root] - [INFO] - Analysis finished: 0m 28s
[2026-01-23 21:16:28,178] - [root] - [INFO] - -------------------------------------------
[2026-01-23 21:16:28,178] - [root] - [INFO] - -------------------------------------------
[2026-01-23 21:16:28,178] - [root] - [INFO] - Processing 1-22-2026 10dpi 095-W2021009-283_R1.png
[2026-01-23 21:16:45,033] - [root] - [INFO] - Finished loading mask: 0m 16s
[2026-01-23 21:16:53,098] - [root] - [INFO] - Finished crop and inference: 0m 24s
[2026-01-23 21:16:54,500] - [root] - [INFO] - Analysis finished: 0m 26s
[2026-01-23 21:16:54,500] - [root] - [INFO] - -------------------------------------------
[2026-01-23 21:16:54,500] - [root] - [INFO] - -------------------------------------------
[2026-01-23 21:16:54,500] - [root] - [INFO] - Processing 1-22-2026 10dpi 103-W2021011-591_R2.png
[2026-01-23 21:17:11,841] - [root] - [INFO] - Finished loading mask: 0m 17s
[2026-01-23 21:17:25,947] - [root] - [INFO] - Finished crop and inference: 0m 31s
[2026-01-23 21:17:27,316] - [root] - [INFO] - Analysis finished: 0m 32s
[2026-01-23 21:17:27,316] - [root] - [INFO] - -------------------------------------------
[2026-01-23 21:17:27,316] - [root] - [INFO] - -------------------------------------------
[2026-01-23 21:17:27,316] - [root] - [INFO] - Processing 1-22-2026 10dpi 115-W2021011-638_R1.png
[2026-01-23 21:17:44,205] - [root] - [INFO] - Finished loading mask: 0m 16s
[2026-01-23 21:17:59,804] - [root] - [INFO] - Finished crop and inference: 0m 32s
[2026-01-23 21:18:01,368] - [root] - [INFO] - Analysis finished: 0m 34s
[2026-01-23 21:18:01,369] - [root] - [INFO] - -------------------------------------------
[2026-01-23 21:18:01,369] - [root] - [INFO] - -------------------------------------------
[2026-01-23 21:18:01,369] - [root] - [INFO] - Processing 1-22-2026 10dpi 124-W2021009-278_R1.png
[2026-01-23 21:18:18,940] - [root] - [INFO] - Finished loading mask: 0m 17s
[2026-01-23 21:18:31,652] - [root] - [INFO] - Finished crop and inference: 0m 30s
[2026-01-23 21:18:33,169] - [root] - [INFO] - Analysis finished: 0m 31s
[2026-01-23 21:18:33,169] - [root] - [INFO] - -------------------------------------------
[2026-01-23 21:18:33,169] - [root] - [INFO] - -------------------------------------------
[2026-01-23 21:18:33,169] - [root] - [INFO] - Processing 1-22-2026 10dpi 162-W2021011-551_R2.png
[2026-01-23 21:18:51,555] - [root] - [INFO] - Finished loading mask: 0m 18s
[2026-01-23 21:19:11,565] - [root] - [INFO] - Finished crop and inference: 0m 38s
[2026-01-23 21:19:13,099] - [root] - [INFO] - Analysis finished: 0m 39s
[2026-01-23 21:19:13,099] - [root] - [INFO] - -------------------------------------------
[2026-01-23 21:19:13,099] - [root] - [INFO] - -------------------------------------------
[2026-01-23 21:19:13,099] - [root] - [INFO] - Processing 1-22-2026 10dpi 172-W2021009-156_R2.png
[2026-01-23 21:19:30,022] - [root] - [INFO] - Finished loading mask: 0m 16s
[2026-01-23 21:19:37,834] - [root] - [INFO] - Finished crop and inference: 0m 24s
[2026-01-23 21:19:39,249] - [root] - [INFO] - Analysis finished: 0m 26s
[2026-01-23 21:19:39,249] - [root] - [INFO] - -------------------------------------------
[2026-01-23 21:19:39,250] - [root] - [INFO] - -------------------------------------------
[2026-01-23 21:19:39,250] - [root] - [INFO] - Processing 1-22-2026 10dpi 182-W2021009-251_R1.png
[2026-01-23 21:19:58,404] - [root] - [INFO] - Finished loading mask: 0m 19s
[2026-01-23 21:20:08,168] - [root] - [INFO] - Finished crop and inference: 0m 28s
[2026-01-23 21:20:09,540] - [root] - [INFO] - Analysis finished: 0m 30s
[2026-01-23 21:20:09,540] - [root] - [INFO] - -------------------------------------------
[2026-01-23 21:20:09,540] - [root] - [INFO] - -------------------------------------------
[2026-01-23 21:20:09,540] - [root] - [INFO] - Processing 1-22-2026 10dpi 194-W2021010-339_R2.png
[2026-01-23 21:20:26,641] - [root] - [INFO] - Finished loading mask: 0m 17s
[2026-01-23 21:20:34,957] - [root] - [INFO] - Finished crop and inference: 0m 25s
[2026-01-23 21:20:36,332] - [root] - [INFO] - Analysis finished: 0m 26s
[2026-01-23 21:20:36,332] - [root] - [INFO] - -------------------------------------------
[2026-01-23 21:20:36,332] - [root] - [INFO] - -------------------------------------------
[2026-01-23 21:20:36,332] - [root] - [INFO] - Processing 1-22-2026 10dpi 215-W2021006-045_R1.png
[2026-01-23 21:20:53,843] - [root] - [INFO] - Finished loading mask: 0m 17s
[2026-01-23 21:21:10,815] - [root] - [INFO] - Finished crop and inference: 0m 34s
[2026-01-23 21:21:12,176] - [root] - [INFO] - Analysis finished: 0m 35s
[2026-01-23 21:21:12,176] - [root] - [INFO] - -------------------------------------------
[2026-01-23 21:21:12,176] - [root] - [INFO] - -------------------------------------------
[2026-01-23 21:21:12,176] - [root] - [INFO] - Processing 1-22-2026 10dpi 262-W2021009-187_R2.png
[2026-01-23 21:21:29,556] - [root] - [INFO] - Finished loading mask: 0m 17s
[2026-01-23 21:21:48,675] - [root] - [INFO] - Finished crop and inference: 0m 36s
[2026-01-23 21:21:50,220] - [root] - [INFO] - Analysis finished: 0m 38s
[2026-01-23 21:21:50,220] - [root] - [INFO] - -------------------------------------------
[2026-01-23 21:21:50,228] - [root] - [INFO] - Saved C:\Users\Intel User\Desktop\blackbird_scripts\data\Results\ResNet_upth0.9_downth0.2_Jan22_10-21-00_2026\1-22-2026\th_0.7\severity_rate_tray_10dpi_u0.9_d0.2_ig0.6_sp0.9.csv
             timestamp time_elapsed  ... severity_rate_patch Gradient_sr2
0  2026-01-23 21:14:01       0m 34s  ...               28.97         0.79

[1 rows x 24 columns]
             timestamp time_elapsed  ... severity_rate_patch Gradient_sr2
0  2026-01-23 21:14:01       0m 34s  ...               28.97         0.79
1  2026-01-23 21:14:35       0m 27s  ...                0.14         0.00

[2 rows x 24 columns]
             timestamp time_elapsed  ... severity_rate_patch Gradient_sr2
0  2026-01-23 21:14:01       0m 34s  ...               28.97         0.79
1  2026-01-23 21:14:35       0m 27s  ...                0.14         0.00
2  2026-01-23 21:15:02       0m 29s  ...               22.06         0.56

[3 rows x 24 columns]
             timestamp time_elapsed  ... severity_rate_patch Gradient_sr2
0  2026-01-23 21:14:01       0m 34s  ...               28.97         0.79
1  2026-01-23 21:14:35       0m 27s  ...                0.14         0.00
2  2026-01-23 21:15:02       0m 29s  ...               22.06         0.56
3  2026-01-23 21:15:32       0m 26s  ...                1.44         0.04

[4 rows x 24 columns]
             timestamp time_elapsed  ... severity_rate_patch Gradient_sr2
0  2026-01-23 21:14:01       0m 34s  ...               28.97         0.79
1  2026-01-23 21:14:35       0m 27s  ...                0.14         0.00
2  2026-01-23 21:15:02       0m 29s  ...               22.06         0.56
3  2026-01-23 21:15:32       0m 26s  ...                1.44         0.04
4  2026-01-23 21:15:59       0m 28s  ...               13.32         0.39

[5 rows x 24 columns]
             timestamp time_elapsed  ... severity_rate_patch Gradient_sr2
0  2026-01-23 21:14:01       0m 34s  ...               28.97         0.79
1  2026-01-23 21:14:35       0m 27s  ...                0.14         0.00
2  2026-01-23 21:15:02       0m 29s  ...               22.06         0.56
3  2026-01-23 21:15:32       0m 26s  ...                1.44         0.04
4  2026-01-23 21:15:59       0m 28s  ...               13.32         0.39
5  2026-01-23 21:16:28       0m 26s  ...                5.10         0.12

[6 rows x 24 columns]
             timestamp time_elapsed  ... severity_rate_patch Gradient_sr2
0  2026-01-23 21:14:01       0m 34s  ...               28.97         0.79
1  2026-01-23 21:14:35       0m 27s  ...                0.14         0.00
2  2026-01-23 21:15:02       0m 29s  ...               22.06         0.56
3  2026-01-23 21:15:32       0m 26s  ...                1.44         0.04
4  2026-01-23 21:15:59       0m 28s  ...               13.32         0.39
5  2026-01-23 21:16:28       0m 26s  ...                5.10         0.12
6  2026-01-23 21:16:54       0m 32s  ...               49.68         1.42

[7 rows x 24 columns]
             timestamp time_elapsed  ... severity_rate_patch Gradient_sr2
0  2026-01-23 21:14:01       0m 34s  ...               28.97         0.79
1  2026-01-23 21:14:35       0m 27s  ...                0.14         0.00
2  2026-01-23 21:15:02       0m 29s  ...               22.06         0.56
3  2026-01-23 21:15:32       0m 26s  ...                1.44         0.04
4  2026-01-23 21:15:59       0m 28s  ...               13.32         0.39
5  2026-01-23 21:16:28       0m 26s  ...                5.10         0.12
6  2026-01-23 21:16:54       0m 32s  ...               49.68         1.42
7  2026-01-23 21:17:27       0m 34s  ...               55.82         1.46

[8 rows x 24 columns]
             timestamp time_elapsed  ... severity_rate_patch Gradient_sr2
0  2026-01-23 21:14:01       0m 34s  ...               28.97         0.79
1  2026-01-23 21:14:35       0m 27s  ...                0.14         0.00
2  2026-01-23 21:15:02       0m 29s  ...               22.06         0.56
3  2026-01-23 21:15:32       0m 26s  ...                1.44         0.04
4  2026-01-23 21:15:59       0m 28s  ...               13.32         0.39
5  2026-01-23 21:16:28       0m 26s  ...                5.10         0.12
6  2026-01-23 21:16:54       0m 32s  ...               49.68         1.42
7  2026-01-23 21:17:27       0m 34s  ...               55.82         1.46
8  2026-01-23 21:18:01       0m 31s  ...               44.43         1.24

[9 rows x 24 columns]
             timestamp time_elapsed  ... severity_rate_patch Gradient_sr2
0  2026-01-23 21:14:01       0m 34s  ...               28.97         0.79
1  2026-01-23 21:14:35       0m 27s  ...                0.14         0.00
2  2026-01-23 21:15:02       0m 29s  ...               22.06         0.56
3  2026-01-23 21:15:32       0m 26s  ...                1.44         0.04
4  2026-01-23 21:15:59       0m 28s  ...               13.32         0.39
5  2026-01-23 21:16:28       0m 26s  ...                5.10         0.12
6  2026-01-23 21:16:54       0m 32s  ...               49.68         1.42
7  2026-01-23 21:17:27       0m 34s  ...               55.82         1.46
8  2026-01-23 21:18:01       0m 31s  ...               44.43         1.24
9  2026-01-23 21:18:33       0m 39s  ...               83.24         2.32

[10 rows x 24 columns]
              timestamp time_elapsed  ... severity_rate_patch Gradient_sr2
0   2026-01-23 21:14:01       0m 34s  ...               28.97         0.79
1   2026-01-23 21:14:35       0m 27s  ...                0.14         0.00
2   2026-01-23 21:15:02       0m 29s  ...               22.06         0.56
3   2026-01-23 21:15:32       0m 26s  ...                1.44         0.04
4   2026-01-23 21:15:59       0m 28s  ...               13.32         0.39
5   2026-01-23 21:16:28       0m 26s  ...                5.10         0.12
6   2026-01-23 21:16:54       0m 32s  ...               49.68         1.42
7   2026-01-23 21:17:27       0m 34s  ...               55.82         1.46
8   2026-01-23 21:18:01       0m 31s  ...               44.43         1.24
9   2026-01-23 21:18:33       0m 39s  ...               83.24         2.32
10  2026-01-23 21:19:13       0m 26s  ...                6.27         0.16

[11 rows x 24 columns]
              timestamp time_elapsed  ... severity_rate_patch Gradient_sr2
0   2026-01-23 21:14:01       0m 34s  ...               28.97         0.79
1   2026-01-23 21:14:35       0m 27s  ...                0.14         0.00
2   2026-01-23 21:15:02       0m 29s  ...               22.06         0.56
3   2026-01-23 21:15:32       0m 26s  ...                1.44         0.04
4   2026-01-23 21:15:59       0m 28s  ...               13.32         0.39
5   2026-01-23 21:16:28       0m 26s  ...                5.10         0.12
6   2026-01-23 21:16:54       0m 32s  ...               49.68         1.42
7   2026-01-23 21:17:27       0m 34s  ...               55.82         1.46
8   2026-01-23 21:18:01       0m 31s  ...               44.43         1.24
9   2026-01-23 21:18:33       0m 39s  ...               83.24         2.32
10  2026-01-23 21:19:13       0m 26s  ...                6.27         0.16
11  2026-01-23 21:19:39       0m 30s  ...                6.07         0.16

[12 rows x 24 columns]
              timestamp time_elapsed  ... severity_rate_patch Gradient_sr2
0   2026-01-23 21:14:01       0m 34s  ...               28.97         0.79
1   2026-01-23 21:14:35       0m 27s  ...                0.14         0.00
2   2026-01-23 21:15:02       0m 29s  ...               22.06         0.56
3   2026-01-23 21:15:32       0m 26s  ...                1.44         0.04
4   2026-01-23 21:15:59       0m 28s  ...               13.32         0.39
5   2026-01-23 21:16:28       0m 26s  ...                5.10         0.12
6   2026-01-23 21:16:54       0m 32s  ...               49.68         1.42
7   2026-01-23 21:17:27       0m 34s  ...               55.82         1.46
8   2026-01-23 21:18:01       0m 31s  ...               44.43         1.24
9   2026-01-23 21:18:33       0m 39s  ...               83.24         2.32
10  2026-01-23 21:19:13       0m 26s  ...                6.27         0.16
11  2026-01-23 21:19:39       0m 30s  ...                6.07         0.16
12  2026-01-23 21:20:09       0m 26s  ...                3.82         0.09

[13 rows x 24 columns]
              timestamp time_elapsed  ... severity_rate_patch Gradient_sr2
0   2026-01-23 21:14:01       0m 34s  ...               28.97         0.79
1   2026-01-23 21:14:35       0m 27s  ...                0.14         0.00
2   2026-01-23 21:15:02       0m 29s  ...               22.06         0.56
3   2026-01-23 21:15:32       0m 26s  ...                1.44         0.04
4   2026-01-23 21:15:59       0m 28s  ...               13.32         0.39
5   2026-01-23 21:16:28       0m 26s  ...                5.10         0.12
6   2026-01-23 21:16:54       0m 32s  ...               49.68         1.42
7   2026-01-23 21:17:27       0m 34s  ...               55.82         1.46
8   2026-01-23 21:18:01       0m 31s  ...               44.43         1.24
9   2026-01-23 21:18:33       0m 39s  ...               83.24         2.32
10  2026-01-23 21:19:13       0m 26s  ...                6.27         0.16
11  2026-01-23 21:19:39       0m 30s  ...                6.07         0.16
12  2026-01-23 21:20:09       0m 26s  ...                3.82         0.09
13  2026-01-23 21:20:36       0m 35s  ...               77.51         2.23

[14 rows x 24 columns]
              timestamp time_elapsed  ... severity_rate_patch Gradient_sr2
0   2026-01-23 21:14:01       0m 34s  ...               28.97         0.79
1   2026-01-23 21:14:35       0m 27s  ...                0.14         0.00
2   2026-01-23 21:15:02       0m 29s  ...               22.06         0.56
3   2026-01-23 21:15:32       0m 26s  ...                1.44         0.04
4   2026-01-23 21:15:59       0m 28s  ...               13.32         0.39
5   2026-01-23 21:16:28       0m 26s  ...                5.10         0.12
6   2026-01-23 21:16:54       0m 32s  ...               49.68         1.42
7   2026-01-23 21:17:27       0m 34s  ...               55.82         1.46
8   2026-01-23 21:18:01       0m 31s  ...               44.43         1.24
9   2026-01-23 21:18:33       0m 39s  ...               83.24         2.32
10  2026-01-23 21:19:13       0m 26s  ...                6.27         0.16
11  2026-01-23 21:19:39       0m 30s  ...                6.07         0.16
12  2026-01-23 21:20:09       0m 26s  ...                3.82         0.09
13  2026-01-23 21:20:36       0m 35s  ...               77.51         2.23
14  2026-01-23 21:21:12       0m 38s  ...               79.42         2.29

[15 rows x 24 columns]

real	7m57.001s
user	0m0.000s
sys	0m0.015s
