[2026-01-24 15:04:18,891] - [root] - [INFO] - leaf_correlation_mw.py
[2026-01-24 15:04:18,891] - [root] - [INFO] - model_type       : ResNet
[2026-01-24 15:04:18,891] - [root] - [INFO] - pretrained       : True
[2026-01-24 15:04:18,891] - [root] - [INFO] - loading_epoch    : 59
[2026-01-24 15:04:18,892] - [root] - [INFO] - timestamp        : Feb14_15-53-04_2024
[2026-01-24 15:04:18,892] - [root] - [INFO] - outdim           : 2
[2026-01-24 15:04:18,892] - [root] - [INFO] - dual_head        : False
[2026-01-24 15:04:18,892] - [root] - [INFO] - model_path       : ../..
[2026-01-24 15:04:18,892] - [root] - [INFO] - step_size        : 224
[2026-01-24 15:04:18,892] - [root] - [INFO] - means            : [0.541, 0.6371, 0.4188]
[2026-01-24 15:04:18,892] - [root] - [INFO] - stds             : [0.1764, 0.165, 0.2326]
[2026-01-24 15:04:18,893] - [root] - [INFO] - target_class     : 1
[2026-01-24 15:04:18,893] - [root] - [INFO] - contam_control   : False
[2026-01-24 15:04:18,893] - [root] - [INFO] - spor_th          : None
[2026-01-24 15:04:18,893] - [root] - [INFO] - inf_gate         : None
[2026-01-24 15:04:18,893] - [root] - [INFO] - pm               : HPM-1269
[2026-01-24 15:04:18,893] - [root] - [INFO] - mps              : False
[2026-01-24 15:04:18,893] - [root] - [INFO] - cuda             : True
[2026-01-24 15:04:18,893] - [root] - [INFO] - cuda_id          : 0
[2026-01-24 15:04:18,893] - [root] - [INFO] - sal_threshold    : 0.5
[2026-01-24 15:04:18,893] - [root] - [INFO] - up_threshold     : 0.8
[2026-01-24 15:04:18,893] - [root] - [INFO] - down_threshold   : 0.3
[2026-01-24 15:04:18,893] - [root] - [INFO] - dataset_path     : C:/Users/Intel User/Desktop/blackbird_scripts/data/human_disk_assessments
[2026-01-24 15:04:18,894] - [root] - [INFO] - img_folder       : 1-22-2026
[2026-01-24 15:04:18,894] - [root] - [INFO] - platform         : BlackBird
[2026-01-24 15:04:18,894] - [root] - [INFO] - threshold        : ['0.7']
[2026-01-24 15:04:18,894] - [root] - [INFO] - log              : ../../results/logs/random.log
[2026-01-24 15:04:18,894] - [root] - [INFO] - dpi              : 5
[2026-01-24 15:04:18,894] - [root] - [INFO] - group            : baseline
[2026-01-24 15:04:18,894] - [root] - [INFO] - trays            : ['5dpi']
[2026-01-24 15:04:18,894] - [root] - [INFO] - sal_gradcam      : False
[2026-01-24 15:04:18,894] - [root] - [INFO] - sal_gradient     : True
[2026-01-24 15:04:18,895] - [root] - [INFO] - sal_smoothgrad   : False
[2026-01-24 15:04:18,895] - [root] - [INFO] - sal_deeplift     : False
[2026-01-24 15:04:18,895] - [root] - [INFO] - sal_thresh_method : fixed
[2026-01-24 15:04:18,895] - [root] - [INFO] - sal_thresh_p     : 95.0
[2026-01-24 15:04:20,377] - [root] - [INFO] - -------------------------------------------
[2026-01-24 15:04:20,377] - [root] - [INFO] - Processing 1-22-2026 5dpi 005-W2021011-592_R2.png
[2026-01-24 15:04:42,485] - [root] - [INFO] - Finished loading mask: 0m 22s
[2026-01-24 15:04:54,916] - [root] - [INFO] - Finished crop and inference: 0m 34s
[2026-01-24 15:04:57,837] - [root] - [INFO] - Analysis finished: 0m 37s
[2026-01-24 15:04:57,837] - [root] - [INFO] - -------------------------------------------
[2026-01-24 15:04:57,837] - [root] - [INFO] - -------------------------------------------
[2026-01-24 15:04:57,837] - [root] - [INFO] - Processing 1-22-2026 5dpi 022-W2021009-198_R2.png
[2026-01-24 15:05:19,469] - [root] - [INFO] - Finished loading mask: 0m 21s
[2026-01-24 15:05:33,031] - [root] - [INFO] - Finished crop and inference: 0m 35s
[2026-01-24 15:05:35,081] - [root] - [INFO] - Analysis finished: 0m 37s
[2026-01-24 15:05:35,082] - [root] - [INFO] - -------------------------------------------
[2026-01-24 15:05:35,082] - [root] - [INFO] - -------------------------------------------
[2026-01-24 15:05:35,082] - [root] - [INFO] - Processing 1-22-2026 5dpi 047-W2021011-482_R1.png
[2026-01-24 15:05:57,552] - [root] - [INFO] - Finished loading mask: 0m 22s
[2026-01-24 15:06:16,081] - [root] - [INFO] - Finished crop and inference: 0m 40s
[2026-01-24 15:06:17,893] - [root] - [INFO] - Analysis finished: 0m 42s
[2026-01-24 15:06:17,894] - [root] - [INFO] - -------------------------------------------
[2026-01-24 15:06:17,894] - [root] - [INFO] - -------------------------------------------
[2026-01-24 15:06:17,894] - [root] - [INFO] - Processing 1-22-2026 5dpi 055-W2021010-397_R2.png
[2026-01-24 15:06:39,998] - [root] - [INFO] - Finished loading mask: 0m 22s
[2026-01-24 15:06:54,231] - [root] - [INFO] - Finished crop and inference: 0m 36s
[2026-01-24 15:06:55,766] - [root] - [INFO] - Analysis finished: 0m 37s
[2026-01-24 15:06:55,766] - [root] - [INFO] - -------------------------------------------
[2026-01-24 15:06:55,766] - [root] - [INFO] - -------------------------------------------
[2026-01-24 15:06:55,766] - [root] - [INFO] - Processing 1-22-2026 5dpi 121-W2021009-185_R1.png
[2026-01-24 15:07:18,329] - [root] - [INFO] - Finished loading mask: 0m 22s
[2026-01-24 15:07:29,244] - [root] - [INFO] - Finished crop and inference: 0m 33s
[2026-01-24 15:07:30,550] - [root] - [INFO] - Analysis finished: 0m 34s
[2026-01-24 15:07:30,550] - [root] - [INFO] - -------------------------------------------
[2026-01-24 15:07:30,550] - [root] - [INFO] - -------------------------------------------
[2026-01-24 15:07:30,550] - [root] - [INFO] - Processing 1-22-2026 5dpi 128-W2021006-013_R1.png
[2026-01-24 15:07:53,305] - [root] - [INFO] - Finished loading mask: 0m 22s
[2026-01-24 15:08:16,394] - [root] - [INFO] - Finished crop and inference: 0m 45s
[2026-01-24 15:08:17,673] - [root] - [INFO] - Analysis finished: 0m 47s
[2026-01-24 15:08:17,673] - [root] - [INFO] - -------------------------------------------
[2026-01-24 15:08:17,673] - [root] - [INFO] - -------------------------------------------
[2026-01-24 15:08:17,673] - [root] - [INFO] - Processing 1-22-2026 5dpi 149-W2021010-417_R1.png
[2026-01-24 15:08:40,024] - [root] - [INFO] - Finished loading mask: 0m 22s
[2026-01-24 15:08:53,936] - [root] - [INFO] - Finished crop and inference: 0m 36s
[2026-01-24 15:08:55,198] - [root] - [INFO] - Analysis finished: 0m 37s
[2026-01-24 15:08:55,198] - [root] - [INFO] - -------------------------------------------
[2026-01-24 15:08:55,198] - [root] - [INFO] - -------------------------------------------
[2026-01-24 15:08:55,198] - [root] - [INFO] - Processing 1-22-2026 5dpi 156-W2021009-276_R2.png
[2026-01-24 15:09:17,533] - [root] - [INFO] - Finished loading mask: 0m 22s
[2026-01-24 15:09:31,856] - [root] - [INFO] - Finished crop and inference: 0m 36s
[2026-01-24 15:09:33,156] - [root] - [INFO] - Analysis finished: 0m 37s
[2026-01-24 15:09:33,156] - [root] - [INFO] - -------------------------------------------
[2026-01-24 15:09:33,156] - [root] - [INFO] - -------------------------------------------
[2026-01-24 15:09:33,157] - [root] - [INFO] - Processing 1-22-2026 5dpi 172-W2021011-557_R2.png
[2026-01-24 15:09:55,545] - [root] - [INFO] - Finished loading mask: 0m 22s
[2026-01-24 15:10:09,528] - [root] - [INFO] - Finished crop and inference: 0m 36s
[2026-01-24 15:10:10,827] - [root] - [INFO] - Analysis finished: 0m 37s
[2026-01-24 15:10:10,827] - [root] - [INFO] - -------------------------------------------
[2026-01-24 15:10:10,827] - [root] - [INFO] - -------------------------------------------
[2026-01-24 15:10:10,827] - [root] - [INFO] - Processing 1-22-2026 5dpi 180-W2021011-476_R2.png
[2026-01-24 15:10:33,370] - [root] - [INFO] - Finished loading mask: 0m 22s
[2026-01-24 15:10:51,900] - [root] - [INFO] - Finished crop and inference: 0m 41s
[2026-01-24 15:10:53,220] - [root] - [INFO] - Analysis finished: 0m 42s
[2026-01-24 15:10:53,221] - [root] - [INFO] - -------------------------------------------
[2026-01-24 15:10:53,221] - [root] - [INFO] - -------------------------------------------
[2026-01-24 15:10:53,221] - [root] - [INFO] - Processing 1-22-2026 5dpi 183-W2021009-295_R1.png
[2026-01-24 15:11:15,408] - [root] - [INFO] - Finished loading mask: 0m 22s
[2026-01-24 15:11:26,200] - [root] - [INFO] - Finished crop and inference: 0m 32s
[2026-01-24 15:11:27,506] - [root] - [INFO] - Analysis finished: 0m 34s
[2026-01-24 15:11:27,506] - [root] - [INFO] - -------------------------------------------
[2026-01-24 15:11:27,506] - [root] - [INFO] - -------------------------------------------
[2026-01-24 15:11:27,506] - [root] - [INFO] - Processing 1-22-2026 5dpi 187-W2021010-348_R2.png
[2026-01-24 15:11:49,970] - [root] - [INFO] - Finished loading mask: 0m 22s
[2026-01-24 15:12:10,482] - [root] - [INFO] - Finished crop and inference: 0m 42s
[2026-01-24 15:12:11,791] - [root] - [INFO] - Analysis finished: 0m 44s
[2026-01-24 15:12:11,792] - [root] - [INFO] - -------------------------------------------
[2026-01-24 15:12:11,792] - [root] - [INFO] - -------------------------------------------
[2026-01-24 15:12:11,792] - [root] - [INFO] - Processing 1-22-2026 5dpi 206-W2021010-344_R1.png
[2026-01-24 15:12:34,447] - [root] - [INFO] - Finished loading mask: 0m 22s
[2026-01-24 15:12:45,042] - [root] - [INFO] - Finished crop and inference: 0m 33s
[2026-01-24 15:12:46,321] - [root] - [INFO] - Analysis finished: 0m 34s
[2026-01-24 15:12:46,321] - [root] - [INFO] - -------------------------------------------
[2026-01-24 15:12:46,321] - [root] - [INFO] - -------------------------------------------
[2026-01-24 15:12:46,321] - [root] - [INFO] - Processing 1-22-2026 5dpi 208-W2021009-268_R2.png
[2026-01-24 15:13:08,311] - [root] - [INFO] - Finished loading mask: 0m 21s
[2026-01-24 15:13:24,688] - [root] - [INFO] - Finished crop and inference: 0m 38s
[2026-01-24 15:13:25,944] - [root] - [INFO] - Analysis finished: 0m 39s
[2026-01-24 15:13:25,944] - [root] - [INFO] - -------------------------------------------
[2026-01-24 15:13:25,944] - [root] - [INFO] - -------------------------------------------
[2026-01-24 15:13:25,944] - [root] - [INFO] - Processing 1-22-2026 5dpi 254-W2021010-352_R2.png
[2026-01-24 15:13:47,729] - [root] - [INFO] - Finished loading mask: 0m 21s
[2026-01-24 15:13:55,954] - [root] - [INFO] - Finished crop and inference: 0m 30s
[2026-01-24 15:13:57,157] - [root] - [INFO] - Analysis finished: 0m 31s
[2026-01-24 15:13:57,157] - [root] - [INFO] - -------------------------------------------
[2026-01-24 15:13:57,165] - [root] - [INFO] - Saved C:\Users\Intel User\Desktop\blackbird_scripts\data\Results\ResNet_upth0.8_downth0.3_Feb14_15-53-04_2024\1-22-2026\th_0.7\severity_rate_tray_5dpi_u0.8_d0.3_ig0.3_sp0.8_20260124_151325.csv
WARNING: outdim>=2 but dual_head flag not set. If you're using a dual-head model, please set --dual_head.
             timestamp time_elapsed  ... severity_rate_patch Gradient_sr2
0  2026-01-24 15:04:20       0m 37s  ...                0.85         0.02

[1 rows x 22 columns]
             timestamp time_elapsed  ... severity_rate_patch Gradient_sr2
0  2026-01-24 15:04:20       0m 37s  ...                0.85         0.02
1  2026-01-24 15:04:57       0m 37s  ...                1.34         0.03

[2 rows x 22 columns]
             timestamp time_elapsed  ... severity_rate_patch Gradient_sr2
0  2026-01-24 15:04:20       0m 37s  ...                0.85         0.02
1  2026-01-24 15:04:57       0m 37s  ...                1.34         0.03
2  2026-01-24 15:05:35       0m 42s  ...               31.69         0.83

[3 rows x 22 columns]
             timestamp time_elapsed  ... severity_rate_patch Gradient_sr2
0  2026-01-24 15:04:20       0m 37s  ...                0.85         0.02
1  2026-01-24 15:04:57       0m 37s  ...                1.34         0.03
2  2026-01-24 15:05:35       0m 42s  ...               31.69         0.83
3  2026-01-24 15:06:17       0m 37s  ...                4.74         0.12

[4 rows x 22 columns]
             timestamp time_elapsed  ... severity_rate_patch Gradient_sr2
0  2026-01-24 15:04:20       0m 37s  ...                0.85         0.02
1  2026-01-24 15:04:57       0m 37s  ...                1.34         0.03
2  2026-01-24 15:05:35       0m 42s  ...               31.69         0.83
3  2026-01-24 15:06:17       0m 37s  ...                4.74         0.12
4  2026-01-24 15:06:55       0m 34s  ...                0.17         0.00

[5 rows x 22 columns]
             timestamp time_elapsed  ... severity_rate_patch Gradient_sr2
0  2026-01-24 15:04:20       0m 37s  ...                0.85         0.02
1  2026-01-24 15:04:57       0m 37s  ...                1.34         0.03
2  2026-01-24 15:05:35       0m 42s  ...               31.69         0.83
3  2026-01-24 15:06:17       0m 37s  ...                4.74         0.12
4  2026-01-24 15:06:55       0m 34s  ...                0.17         0.00
5  2026-01-24 15:07:30       0m 47s  ...               68.61         1.65

[6 rows x 22 columns]
             timestamp time_elapsed  ... severity_rate_patch Gradient_sr2
0  2026-01-24 15:04:20       0m 37s  ...                0.85         0.02
1  2026-01-24 15:04:57       0m 37s  ...                1.34         0.03
2  2026-01-24 15:05:35       0m 42s  ...               31.69         0.83
3  2026-01-24 15:06:17       0m 37s  ...                4.74         0.12
4  2026-01-24 15:06:55       0m 34s  ...                0.17         0.00
5  2026-01-24 15:07:30       0m 47s  ...               68.61         1.65
6  2026-01-24 15:08:17       0m 37s  ...                7.99         0.22

[7 rows x 22 columns]
             timestamp time_elapsed  ... severity_rate_patch Gradient_sr2
0  2026-01-24 15:04:20       0m 37s  ...                0.85         0.02
1  2026-01-24 15:04:57       0m 37s  ...                1.34         0.03
2  2026-01-24 15:05:35       0m 42s  ...               31.69         0.83
3  2026-01-24 15:06:17       0m 37s  ...                4.74         0.12
4  2026-01-24 15:06:55       0m 34s  ...                0.17         0.00
5  2026-01-24 15:07:30       0m 47s  ...               68.61         1.65
6  2026-01-24 15:08:17       0m 37s  ...                7.99         0.22
7  2026-01-24 15:08:55       0m 37s  ...                5.97         0.13

[8 rows x 22 columns]
             timestamp time_elapsed  ... severity_rate_patch Gradient_sr2
0  2026-01-24 15:04:20       0m 37s  ...                0.85         0.02
1  2026-01-24 15:04:57       0m 37s  ...                1.34         0.03
2  2026-01-24 15:05:35       0m 42s  ...               31.69         0.83
3  2026-01-24 15:06:17       0m 37s  ...                4.74         0.12
4  2026-01-24 15:06:55       0m 34s  ...                0.17         0.00
5  2026-01-24 15:07:30       0m 47s  ...               68.61         1.65
6  2026-01-24 15:08:17       0m 37s  ...                7.99         0.22
7  2026-01-24 15:08:55       0m 37s  ...                5.97         0.13
8  2026-01-24 15:09:33       0m 37s  ...                7.10         0.19

[9 rows x 22 columns]
             timestamp time_elapsed  ... severity_rate_patch Gradient_sr2
0  2026-01-24 15:04:20       0m 37s  ...                0.85         0.02
1  2026-01-24 15:04:57       0m 37s  ...                1.34         0.03
2  2026-01-24 15:05:35       0m 42s  ...               31.69         0.83
3  2026-01-24 15:06:17       0m 37s  ...                4.74         0.12
4  2026-01-24 15:06:55       0m 34s  ...                0.17         0.00
5  2026-01-24 15:07:30       0m 47s  ...               68.61         1.65
6  2026-01-24 15:08:17       0m 37s  ...                7.99         0.22
7  2026-01-24 15:08:55       0m 37s  ...                5.97         0.13
8  2026-01-24 15:09:33       0m 37s  ...                7.10         0.19
9  2026-01-24 15:10:10       0m 42s  ...               45.11         1.16

[10 rows x 22 columns]
              timestamp time_elapsed  ... severity_rate_patch Gradient_sr2
0   2026-01-24 15:04:20       0m 37s  ...                0.85         0.02
1   2026-01-24 15:04:57       0m 37s  ...                1.34         0.03
2   2026-01-24 15:05:35       0m 42s  ...               31.69         0.83
3   2026-01-24 15:06:17       0m 37s  ...                4.74         0.12
4   2026-01-24 15:06:55       0m 34s  ...                0.17         0.00
5   2026-01-24 15:07:30       0m 47s  ...               68.61         1.65
6   2026-01-24 15:08:17       0m 37s  ...                7.99         0.22
7   2026-01-24 15:08:55       0m 37s  ...                5.97         0.13
8   2026-01-24 15:09:33       0m 37s  ...                7.10         0.19
9   2026-01-24 15:10:10       0m 42s  ...               45.11         1.16
10  2026-01-24 15:10:53       0m 34s  ...                3.36         0.08

[11 rows x 22 columns]
              timestamp time_elapsed  ... severity_rate_patch Gradient_sr2
0   2026-01-24 15:04:20       0m 37s  ...                0.85         0.02
1   2026-01-24 15:04:57       0m 37s  ...                1.34         0.03
2   2026-01-24 15:05:35       0m 42s  ...               31.69         0.83
3   2026-01-24 15:06:17       0m 37s  ...                4.74         0.12
4   2026-01-24 15:06:55       0m 34s  ...                0.17         0.00
5   2026-01-24 15:07:30       0m 47s  ...               68.61         1.65
6   2026-01-24 15:08:17       0m 37s  ...                7.99         0.22
7   2026-01-24 15:08:55       0m 37s  ...                5.97         0.13
8   2026-01-24 15:09:33       0m 37s  ...                7.10         0.19
9   2026-01-24 15:10:10       0m 42s  ...               45.11         1.16
10  2026-01-24 15:10:53       0m 34s  ...                3.36         0.08
11  2026-01-24 15:11:27       0m 44s  ...               63.11         1.58

[12 rows x 22 columns]
              timestamp time_elapsed  ... severity_rate_patch Gradient_sr2
0   2026-01-24 15:04:20       0m 37s  ...                0.85         0.02
1   2026-01-24 15:04:57       0m 37s  ...                1.34         0.03
2   2026-01-24 15:05:35       0m 42s  ...               31.69         0.83
3   2026-01-24 15:06:17       0m 37s  ...                4.74         0.12
4   2026-01-24 15:06:55       0m 34s  ...                0.17         0.00
5   2026-01-24 15:07:30       0m 47s  ...               68.61         1.65
6   2026-01-24 15:08:17       0m 37s  ...                7.99         0.22
7   2026-01-24 15:08:55       0m 37s  ...                5.97         0.13
8   2026-01-24 15:09:33       0m 37s  ...                7.10         0.19
9   2026-01-24 15:10:10       0m 42s  ...               45.11         1.16
10  2026-01-24 15:10:53       0m 34s  ...                3.36         0.08
11  2026-01-24 15:11:27       0m 44s  ...               63.11         1.58
12  2026-01-24 15:12:11       0m 34s  ...                0.32         0.01

[13 rows x 22 columns]
              timestamp time_elapsed  ... severity_rate_patch Gradient_sr2
0   2026-01-24 15:04:20       0m 37s  ...                0.85         0.02
1   2026-01-24 15:04:57       0m 37s  ...                1.34         0.03
2   2026-01-24 15:05:35       0m 42s  ...               31.69         0.83
3   2026-01-24 15:06:17       0m 37s  ...                4.74         0.12
4   2026-01-24 15:06:55       0m 34s  ...                0.17         0.00
5   2026-01-24 15:07:30       0m 47s  ...               68.61         1.65
6   2026-01-24 15:08:17       0m 37s  ...                7.99         0.22
7   2026-01-24 15:08:55       0m 37s  ...                5.97         0.13
8   2026-01-24 15:09:33       0m 37s  ...                7.10         0.19
9   2026-01-24 15:10:10       0m 42s  ...               45.11         1.16
10  2026-01-24 15:10:53       0m 34s  ...                3.36         0.08
11  2026-01-24 15:11:27       0m 44s  ...               63.11         1.58
12  2026-01-24 15:12:11       0m 34s  ...                0.32         0.01
13  2026-01-24 15:12:46       0m 39s  ...               26.15         0.58

[14 rows x 22 columns]
              timestamp time_elapsed  ... severity_rate_patch Gradient_sr2
0   2026-01-24 15:04:20       0m 37s  ...                0.85         0.02
1   2026-01-24 15:04:57       0m 37s  ...                1.34         0.03
2   2026-01-24 15:05:35       0m 42s  ...               31.69         0.83
3   2026-01-24 15:06:17       0m 37s  ...                4.74         0.12
4   2026-01-24 15:06:55       0m 34s  ...                0.17         0.00
5   2026-01-24 15:07:30       0m 47s  ...               68.61         1.65
6   2026-01-24 15:08:17       0m 37s  ...                7.99         0.22
7   2026-01-24 15:08:55       0m 37s  ...                5.97         0.13
8   2026-01-24 15:09:33       0m 37s  ...                7.10         0.19
9   2026-01-24 15:10:10       0m 42s  ...               45.11         1.16
10  2026-01-24 15:10:53       0m 34s  ...                3.36         0.08
11  2026-01-24 15:11:27       0m 44s  ...               63.11         1.58
12  2026-01-24 15:12:11       0m 34s  ...                0.32         0.01
13  2026-01-24 15:12:46       0m 39s  ...               26.15         0.58
14  2026-01-24 15:13:25       0m 31s  ...                0.18         0.00

[15 rows x 22 columns]

real	9m44.766s
user	0m0.000s
sys	0m0.015s
