[2026-01-23 18:04:04,774] - [root] - [INFO] - leaf_correlation_mw.py
[2026-01-23 18:04:04,774] - [root] - [INFO] - model_type       : ResNet
[2026-01-23 18:04:04,774] - [root] - [INFO] - pretrained       : True
[2026-01-23 18:04:04,774] - [root] - [INFO] - loading_epoch    : 65
[2026-01-23 18:04:04,774] - [root] - [INFO] - timestamp        : Jan22_10-21-00_2026
[2026-01-23 18:04:04,774] - [root] - [INFO] - outdim           : 2
[2026-01-23 18:04:04,774] - [root] - [INFO] - dual_head        : True
[2026-01-23 18:04:04,775] - [root] - [INFO] - model_path       : ../..
[2026-01-23 18:04:04,775] - [root] - [INFO] - step_size        : 224
[2026-01-23 18:04:04,775] - [root] - [INFO] - means            : [0.541, 0.6371, 0.4188]
[2026-01-23 18:04:04,775] - [root] - [INFO] - stds             : [0.1764, 0.165, 0.2326]
[2026-01-23 18:04:04,775] - [root] - [INFO] - target_class     : 1
[2026-01-23 18:04:04,775] - [root] - [INFO] - contam_control   : False
[2026-01-23 18:04:04,775] - [root] - [INFO] - spor_th          : 0.8
[2026-01-23 18:04:04,775] - [root] - [INFO] - inf_gate         : 0.6
[2026-01-23 18:04:04,775] - [root] - [INFO] - pm               : HPM-1269
[2026-01-23 18:04:04,775] - [root] - [INFO] - mps              : False
[2026-01-23 18:04:04,775] - [root] - [INFO] - cuda             : True
[2026-01-23 18:04:04,775] - [root] - [INFO] - cuda_id          : 0
[2026-01-23 18:04:04,775] - [root] - [INFO] - sal_threshold    : 0.5
[2026-01-23 18:04:04,775] - [root] - [INFO] - up_threshold     : 0.7
[2026-01-23 18:04:04,775] - [root] - [INFO] - down_threshold   : 0.1
[2026-01-23 18:04:04,775] - [root] - [INFO] - dataset_path     : C:/Users/Intel User/Desktop/blackbird_scripts/data/human_disk_assessments
[2026-01-23 18:04:04,775] - [root] - [INFO] - img_folder       : 1-22-2026
[2026-01-23 18:04:04,775] - [root] - [INFO] - platform         : BlackBird
[2026-01-23 18:04:04,775] - [root] - [INFO] - threshold        : ['0.7']
[2026-01-23 18:04:04,776] - [root] - [INFO] - log              : ../../results/logs/random.log
[2026-01-23 18:04:04,776] - [root] - [INFO] - dpi              : 5
[2026-01-23 18:04:04,776] - [root] - [INFO] - group            : baseline
[2026-01-23 18:04:04,776] - [root] - [INFO] - trays            : ['5dpi']
[2026-01-23 18:04:04,776] - [root] - [INFO] - sal_gradcam      : False
[2026-01-23 18:04:04,776] - [root] - [INFO] - sal_gradient     : True
[2026-01-23 18:04:04,776] - [root] - [INFO] - sal_smoothgrad   : False
[2026-01-23 18:04:04,776] - [root] - [INFO] - sal_deeplift     : False
[2026-01-23 18:04:04,776] - [root] - [INFO] - sal_thresh_method : fixed
[2026-01-23 18:04:04,776] - [root] - [INFO] - sal_thresh_p     : 95.0
[2026-01-23 18:04:05,705] - [root] - [INFO] - -------------------------------------------
[2026-01-23 18:04:05,705] - [root] - [INFO] - Processing 1-22-2026 5dpi 015-W2021009-160_R1.png
[2026-01-23 18:04:21,488] - [root] - [INFO] - Finished loading mask: 0m 15s
[2026-01-23 18:04:35,761] - [root] - [INFO] - Finished crop and inference: 0m 30s
[2026-01-23 18:04:37,742] - [root] - [INFO] - Analysis finished: 0m 32s
[2026-01-23 18:04:37,742] - [root] - [INFO] - -------------------------------------------
[2026-01-23 18:04:37,742] - [root] - [INFO] - -------------------------------------------
[2026-01-23 18:04:37,742] - [root] - [INFO] - Processing 1-22-2026 5dpi 015-W2021011-633_R1.png
[2026-01-23 18:05:00,031] - [root] - [INFO] - Finished loading mask: 0m 22s
[2026-01-23 18:05:13,160] - [root] - [INFO] - Finished crop and inference: 0m 35s
[2026-01-23 18:05:15,266] - [root] - [INFO] - Analysis finished: 0m 37s
[2026-01-23 18:05:15,266] - [root] - [INFO] - -------------------------------------------
[2026-01-23 18:05:15,266] - [root] - [INFO] - -------------------------------------------
[2026-01-23 18:05:15,266] - [root] - [INFO] - Processing 1-22-2026 5dpi 019-W2021010-428_R2.png
[2026-01-23 18:05:37,328] - [root] - [INFO] - Finished loading mask: 0m 22s
[2026-01-23 18:05:46,116] - [root] - [INFO] - Finished crop and inference: 0m 30s
[2026-01-23 18:05:48,122] - [root] - [INFO] - Analysis finished: 0m 32s
[2026-01-23 18:05:48,122] - [root] - [INFO] - -------------------------------------------
[2026-01-23 18:05:48,122] - [root] - [INFO] - -------------------------------------------
[2026-01-23 18:05:48,123] - [root] - [INFO] - Processing 1-22-2026 5dpi 021-W2021009-175_R1.png
[2026-01-23 18:06:09,882] - [root] - [INFO] - Finished loading mask: 0m 21s
[2026-01-23 18:06:19,904] - [root] - [INFO] - Finished crop and inference: 0m 31s
[2026-01-23 18:06:21,736] - [root] - [INFO] - Analysis finished: 0m 33s
[2026-01-23 18:06:21,737] - [root] - [INFO] - -------------------------------------------
[2026-01-23 18:06:21,737] - [root] - [INFO] - -------------------------------------------
[2026-01-23 18:06:21,737] - [root] - [INFO] - Processing 1-22-2026 5dpi 022-W2021009-198_R2.png
[2026-01-23 18:06:43,345] - [root] - [INFO] - Finished loading mask: 0m 21s
[2026-01-23 18:06:55,472] - [root] - [INFO] - Finished crop and inference: 0m 33s
[2026-01-23 18:06:57,344] - [root] - [INFO] - Analysis finished: 0m 35s
[2026-01-23 18:06:57,345] - [root] - [INFO] - -------------------------------------------
[2026-01-23 18:06:57,345] - [root] - [INFO] - -------------------------------------------
[2026-01-23 18:06:57,345] - [root] - [INFO] - Processing 1-22-2026 5dpi 036-W2021006-047_R2.png
[2026-01-23 18:07:18,892] - [root] - [INFO] - Finished loading mask: 0m 21s
[2026-01-23 18:07:27,998] - [root] - [INFO] - Finished crop and inference: 0m 30s
[2026-01-23 18:07:29,898] - [root] - [INFO] - Analysis finished: 0m 32s
[2026-01-23 18:07:29,898] - [root] - [INFO] - -------------------------------------------
[2026-01-23 18:07:29,898] - [root] - [INFO] - -------------------------------------------
[2026-01-23 18:07:29,898] - [root] - [INFO] - Processing 1-22-2026 5dpi 060-W2021010-324_R2.png
[2026-01-23 18:07:52,229] - [root] - [INFO] - Finished loading mask: 0m 22s
[2026-01-23 18:08:01,723] - [root] - [INFO] - Finished crop and inference: 0m 31s
[2026-01-23 18:08:03,724] - [root] - [INFO] - Analysis finished: 0m 33s
[2026-01-23 18:08:03,725] - [root] - [INFO] - -------------------------------------------
[2026-01-23 18:08:03,725] - [root] - [INFO] - -------------------------------------------
[2026-01-23 18:08:03,725] - [root] - [INFO] - Processing 1-22-2026 5dpi 099-W2021006-611_R2.png
[2026-01-23 18:08:25,971] - [root] - [INFO] - Finished loading mask: 0m 22s
[2026-01-23 18:08:42,475] - [root] - [INFO] - Finished crop and inference: 0m 38s
[2026-01-23 18:08:44,475] - [root] - [INFO] - Analysis finished: 0m 40s
[2026-01-23 18:08:44,475] - [root] - [INFO] - -------------------------------------------
[2026-01-23 18:08:44,475] - [root] - [INFO] - -------------------------------------------
[2026-01-23 18:08:44,475] - [root] - [INFO] - Processing 1-22-2026 5dpi 123-W2021009-255_R2.png
[2026-01-23 18:09:06,618] - [root] - [INFO] - Finished loading mask: 0m 22s
[2026-01-23 18:09:17,663] - [root] - [INFO] - Finished crop and inference: 0m 33s
[2026-01-23 18:09:19,709] - [root] - [INFO] - Analysis finished: 0m 35s
[2026-01-23 18:09:19,709] - [root] - [INFO] - -------------------------------------------
[2026-01-23 18:09:19,710] - [root] - [INFO] - -------------------------------------------
[2026-01-23 18:09:19,710] - [root] - [INFO] - Processing 1-22-2026 5dpi 141-W2021009-274_R1.png
[2026-01-23 18:09:42,356] - [root] - [INFO] - Finished loading mask: 0m 22s
[2026-01-23 18:10:07,486] - [root] - [INFO] - Finished crop and inference: 0m 47s
[2026-01-23 18:10:09,293] - [root] - [INFO] - Analysis finished: 0m 49s
[2026-01-23 18:10:09,294] - [root] - [INFO] - -------------------------------------------
[2026-01-23 18:10:09,294] - [root] - [INFO] - -------------------------------------------
[2026-01-23 18:10:09,294] - [root] - [INFO] - Processing 1-22-2026 5dpi 173-W2021006-127_R2.png
[2026-01-23 18:10:31,915] - [root] - [INFO] - Finished loading mask: 0m 22s
[2026-01-23 18:10:41,169] - [root] - [INFO] - Finished crop and inference: 0m 31s
[2026-01-23 18:10:42,949] - [root] - [INFO] - Analysis finished: 0m 33s
[2026-01-23 18:10:42,950] - [root] - [INFO] - -------------------------------------------
[2026-01-23 18:10:42,950] - [root] - [INFO] - -------------------------------------------
[2026-01-23 18:10:42,950] - [root] - [INFO] - Processing 1-22-2026 5dpi 191-W2021010-449_R1.png
[2026-01-23 18:11:05,275] - [root] - [INFO] - Finished loading mask: 0m 22s
[2026-01-23 18:11:18,221] - [root] - [INFO] - Finished crop and inference: 0m 35s
[2026-01-23 18:11:19,844] - [root] - [INFO] - Analysis finished: 0m 36s
[2026-01-23 18:11:19,844] - [root] - [INFO] - -------------------------------------------
[2026-01-23 18:11:19,844] - [root] - [INFO] - -------------------------------------------
[2026-01-23 18:11:19,845] - [root] - [INFO] - Processing 1-22-2026 5dpi 254-W2021010-352_R2.png
[2026-01-23 18:11:41,638] - [root] - [INFO] - Finished loading mask: 0m 21s
[2026-01-23 18:11:49,446] - [root] - [INFO] - Finished crop and inference: 0m 29s
[2026-01-23 18:11:51,171] - [root] - [INFO] - Analysis finished: 0m 31s
[2026-01-23 18:11:51,171] - [root] - [INFO] - -------------------------------------------
[2026-01-23 18:11:51,172] - [root] - [INFO] - -------------------------------------------
[2026-01-23 18:11:51,172] - [root] - [INFO] - Processing 1-22-2026 5dpi 266-W2021009-193_R1.png
[2026-01-23 18:12:13,284] - [root] - [INFO] - Finished loading mask: 0m 22s
[2026-01-23 18:12:22,924] - [root] - [INFO] - Finished crop and inference: 0m 31s
[2026-01-23 18:12:24,595] - [root] - [INFO] - Analysis finished: 0m 33s
[2026-01-23 18:12:24,595] - [root] - [INFO] - -------------------------------------------
[2026-01-23 18:12:24,596] - [root] - [INFO] - -------------------------------------------
[2026-01-23 18:12:24,596] - [root] - [INFO] - Processing 1-22-2026 5dpi 336-W2021011-506_R2.png
[2026-01-23 18:12:46,808] - [root] - [INFO] - Finished loading mask: 0m 22s
[2026-01-23 18:13:03,553] - [root] - [INFO] - Finished crop and inference: 0m 38s
[2026-01-23 18:13:05,413] - [root] - [INFO] - Analysis finished: 0m 40s
[2026-01-23 18:13:05,414] - [root] - [INFO] - -------------------------------------------
[2026-01-23 18:13:05,422] - [root] - [INFO] - Saved C:\Users\Intel User\Desktop\blackbird_scripts\data\Results\ResNet_upth0.7_downth0.1_Jan22_10-21-00_2026\1-22-2026\th_0.7\severity_rate_tray_5dpi_u0.7_d0.1_ig0.6_sp0.8.csv
             timestamp time_elapsed  ... severity_rate_patch Gradient_sr2
0  2026-01-23 18:04:05       0m 32s  ...               37.43         0.86

[1 rows x 24 columns]
             timestamp time_elapsed  ... severity_rate_patch Gradient_sr2
0  2026-01-23 18:04:05       0m 32s  ...               37.43         0.86
1  2026-01-23 18:04:37       0m 37s  ...               19.28         0.54

[2 rows x 24 columns]
             timestamp time_elapsed  ... severity_rate_patch Gradient_sr2
0  2026-01-23 18:04:05       0m 32s  ...               37.43         0.86
1  2026-01-23 18:04:37       0m 37s  ...               19.28         0.54
2  2026-01-23 18:05:15       0m 32s  ...                1.31         0.03

[3 rows x 24 columns]
             timestamp time_elapsed  ... severity_rate_patch Gradient_sr2
0  2026-01-23 18:04:05       0m 32s  ...               37.43         0.86
1  2026-01-23 18:04:37       0m 37s  ...               19.28         0.54
2  2026-01-23 18:05:15       0m 32s  ...                1.31         0.03
3  2026-01-23 18:05:48       0m 33s  ...                2.65         0.07

[4 rows x 24 columns]
             timestamp time_elapsed  ... severity_rate_patch Gradient_sr2
0  2026-01-23 18:04:05       0m 32s  ...               37.43         0.86
1  2026-01-23 18:04:37       0m 37s  ...               19.28         0.54
2  2026-01-23 18:05:15       0m 32s  ...                1.31         0.03
3  2026-01-23 18:05:48       0m 33s  ...                2.65         0.07
4  2026-01-23 18:06:21       0m 35s  ...               18.20         0.42

[5 rows x 24 columns]
             timestamp time_elapsed  ... severity_rate_patch Gradient_sr2
0  2026-01-23 18:04:05       0m 32s  ...               37.43         0.86
1  2026-01-23 18:04:37       0m 37s  ...               19.28         0.54
2  2026-01-23 18:05:15       0m 32s  ...                1.31         0.03
3  2026-01-23 18:05:48       0m 33s  ...                2.65         0.07
4  2026-01-23 18:06:21       0m 35s  ...               18.20         0.42
5  2026-01-23 18:06:57       0m 32s  ...                0.76         0.02

[6 rows x 24 columns]
             timestamp time_elapsed  ... severity_rate_patch Gradient_sr2
0  2026-01-23 18:04:05       0m 32s  ...               37.43         0.86
1  2026-01-23 18:04:37       0m 37s  ...               19.28         0.54
2  2026-01-23 18:05:15       0m 32s  ...                1.31         0.03
3  2026-01-23 18:05:48       0m 33s  ...                2.65         0.07
4  2026-01-23 18:06:21       0m 35s  ...               18.20         0.42
5  2026-01-23 18:06:57       0m 32s  ...                0.76         0.02
6  2026-01-23 18:07:29       0m 33s  ...                2.33         0.06

[7 rows x 24 columns]
             timestamp time_elapsed  ... severity_rate_patch Gradient_sr2
0  2026-01-23 18:04:05       0m 32s  ...               37.43         0.86
1  2026-01-23 18:04:37       0m 37s  ...               19.28         0.54
2  2026-01-23 18:05:15       0m 32s  ...                1.31         0.03
3  2026-01-23 18:05:48       0m 33s  ...                2.65         0.07
4  2026-01-23 18:06:21       0m 35s  ...               18.20         0.42
5  2026-01-23 18:06:57       0m 32s  ...                0.76         0.02
6  2026-01-23 18:07:29       0m 33s  ...                2.33         0.06
7  2026-01-23 18:08:03       0m 40s  ...               45.45         1.12

[8 rows x 24 columns]
             timestamp time_elapsed  ... severity_rate_patch Gradient_sr2
0  2026-01-23 18:04:05       0m 32s  ...               37.43         0.86
1  2026-01-23 18:04:37       0m 37s  ...               19.28         0.54
2  2026-01-23 18:05:15       0m 32s  ...                1.31         0.03
3  2026-01-23 18:05:48       0m 33s  ...                2.65         0.07
4  2026-01-23 18:06:21       0m 35s  ...               18.20         0.42
5  2026-01-23 18:06:57       0m 32s  ...                0.76         0.02
6  2026-01-23 18:07:29       0m 33s  ...                2.33         0.06
7  2026-01-23 18:08:03       0m 40s  ...               45.45         1.12
8  2026-01-23 18:08:44       0m 35s  ...               10.85         0.23

[9 rows x 24 columns]
             timestamp time_elapsed  ... severity_rate_patch Gradient_sr2
0  2026-01-23 18:04:05       0m 32s  ...               37.43         0.86
1  2026-01-23 18:04:37       0m 37s  ...               19.28         0.54
2  2026-01-23 18:05:15       0m 32s  ...                1.31         0.03
3  2026-01-23 18:05:48       0m 33s  ...                2.65         0.07
4  2026-01-23 18:06:21       0m 35s  ...               18.20         0.42
5  2026-01-23 18:06:57       0m 32s  ...                0.76         0.02
6  2026-01-23 18:07:29       0m 33s  ...                2.33         0.06
7  2026-01-23 18:08:03       0m 40s  ...               45.45         1.12
8  2026-01-23 18:08:44       0m 35s  ...               10.85         0.23
9  2026-01-23 18:09:19       0m 49s  ...               86.54         2.56

[10 rows x 24 columns]
              timestamp time_elapsed  ... severity_rate_patch Gradient_sr2
0   2026-01-23 18:04:05       0m 32s  ...               37.43         0.86
1   2026-01-23 18:04:37       0m 37s  ...               19.28         0.54
2   2026-01-23 18:05:15       0m 32s  ...                1.31         0.03
3   2026-01-23 18:05:48       0m 33s  ...                2.65         0.07
4   2026-01-23 18:06:21       0m 35s  ...               18.20         0.42
5   2026-01-23 18:06:57       0m 32s  ...                0.76         0.02
6   2026-01-23 18:07:29       0m 33s  ...                2.33         0.06
7   2026-01-23 18:08:03       0m 40s  ...               45.45         1.12
8   2026-01-23 18:08:44       0m 35s  ...               10.85         0.23
9   2026-01-23 18:09:19       0m 49s  ...               86.54         2.56
10  2026-01-23 18:10:09       0m 33s  ...                1.35         0.04

[11 rows x 24 columns]
              timestamp time_elapsed  ... severity_rate_patch Gradient_sr2
0   2026-01-23 18:04:05       0m 32s  ...               37.43         0.86
1   2026-01-23 18:04:37       0m 37s  ...               19.28         0.54
2   2026-01-23 18:05:15       0m 32s  ...                1.31         0.03
3   2026-01-23 18:05:48       0m 33s  ...                2.65         0.07
4   2026-01-23 18:06:21       0m 35s  ...               18.20         0.42
5   2026-01-23 18:06:57       0m 32s  ...                0.76         0.02
6   2026-01-23 18:07:29       0m 33s  ...                2.33         0.06
7   2026-01-23 18:08:03       0m 40s  ...               45.45         1.12
8   2026-01-23 18:08:44       0m 35s  ...               10.85         0.23
9   2026-01-23 18:09:19       0m 49s  ...               86.54         2.56
10  2026-01-23 18:10:09       0m 33s  ...                1.35         0.04
11  2026-01-23 18:10:42       0m 36s  ...               21.53         0.57

[12 rows x 24 columns]
              timestamp time_elapsed  ... severity_rate_patch Gradient_sr2
0   2026-01-23 18:04:05       0m 32s  ...               37.43         0.86
1   2026-01-23 18:04:37       0m 37s  ...               19.28         0.54
2   2026-01-23 18:05:15       0m 32s  ...                1.31         0.03
3   2026-01-23 18:05:48       0m 33s  ...                2.65         0.07
4   2026-01-23 18:06:21       0m 35s  ...               18.20         0.42
5   2026-01-23 18:06:57       0m 32s  ...                0.76         0.02
6   2026-01-23 18:07:29       0m 33s  ...                2.33         0.06
7   2026-01-23 18:08:03       0m 40s  ...               45.45         1.12
8   2026-01-23 18:08:44       0m 35s  ...               10.85         0.23
9   2026-01-23 18:09:19       0m 49s  ...               86.54         2.56
10  2026-01-23 18:10:09       0m 33s  ...                1.35         0.04
11  2026-01-23 18:10:42       0m 36s  ...               21.53         0.57
12  2026-01-23 18:11:19       0m 31s  ...                1.84         0.05

[13 rows x 24 columns]
              timestamp time_elapsed  ... severity_rate_patch Gradient_sr2
0   2026-01-23 18:04:05       0m 32s  ...               37.43         0.86
1   2026-01-23 18:04:37       0m 37s  ...               19.28         0.54
2   2026-01-23 18:05:15       0m 32s  ...                1.31         0.03
3   2026-01-23 18:05:48       0m 33s  ...                2.65         0.07
4   2026-01-23 18:06:21       0m 35s  ...               18.20         0.42
5   2026-01-23 18:06:57       0m 32s  ...                0.76         0.02
6   2026-01-23 18:07:29       0m 33s  ...                2.33         0.06
7   2026-01-23 18:08:03       0m 40s  ...               45.45         1.12
8   2026-01-23 18:08:44       0m 35s  ...               10.85         0.23
9   2026-01-23 18:09:19       0m 49s  ...               86.54         2.56
10  2026-01-23 18:10:09       0m 33s  ...                1.35         0.04
11  2026-01-23 18:10:42       0m 36s  ...               21.53         0.57
12  2026-01-23 18:11:19       0m 31s  ...                1.84         0.05
13  2026-01-23 18:11:51       0m 33s  ...                8.53         0.22

[14 rows x 24 columns]
              timestamp time_elapsed  ... severity_rate_patch Gradient_sr2
0   2026-01-23 18:04:05       0m 32s  ...               37.43         0.86
1   2026-01-23 18:04:37       0m 37s  ...               19.28         0.54
2   2026-01-23 18:05:15       0m 32s  ...                1.31         0.03
3   2026-01-23 18:05:48       0m 33s  ...                2.65         0.07
4   2026-01-23 18:06:21       0m 35s  ...               18.20         0.42
5   2026-01-23 18:06:57       0m 32s  ...                0.76         0.02
6   2026-01-23 18:07:29       0m 33s  ...                2.33         0.06
7   2026-01-23 18:08:03       0m 40s  ...               45.45         1.12
8   2026-01-23 18:08:44       0m 35s  ...               10.85         0.23
9   2026-01-23 18:09:19       0m 49s  ...               86.54         2.56
10  2026-01-23 18:10:09       0m 33s  ...                1.35         0.04
11  2026-01-23 18:10:42       0m 36s  ...               21.53         0.57
12  2026-01-23 18:11:19       0m 31s  ...                1.84         0.05
13  2026-01-23 18:11:51       0m 33s  ...                8.53         0.22
14  2026-01-23 18:12:24       0m 40s  ...               46.19         1.20

[15 rows x 24 columns]

real	9m6.821s
user	0m0.015s
sys	0m0.000s
