[2026-01-24 16:15:11,865] - [root] - [INFO] - leaf_correlation_mw.py
[2026-01-24 16:15:11,866] - [root] - [INFO] - model_type       : ResNet
[2026-01-24 16:15:11,866] - [root] - [INFO] - pretrained       : True
[2026-01-24 16:15:11,866] - [root] - [INFO] - loading_epoch    : 65
[2026-01-24 16:15:11,866] - [root] - [INFO] - timestamp        : Jan22_10-21-00_2026
[2026-01-24 16:15:11,866] - [root] - [INFO] - outdim           : 2
[2026-01-24 16:15:11,866] - [root] - [INFO] - dual_head        : True
[2026-01-24 16:15:11,866] - [root] - [INFO] - model_path       : ../..
[2026-01-24 16:15:11,867] - [root] - [INFO] - step_size        : 224
[2026-01-24 16:15:11,867] - [root] - [INFO] - means            : [0.541, 0.6371, 0.4188]
[2026-01-24 16:15:11,867] - [root] - [INFO] - stds             : [0.1764, 0.165, 0.2326]
[2026-01-24 16:15:11,867] - [root] - [INFO] - target_class     : 1
[2026-01-24 16:15:11,867] - [root] - [INFO] - contam_control   : False
[2026-01-24 16:15:11,867] - [root] - [INFO] - spor_th          : 0.9
[2026-01-24 16:15:11,867] - [root] - [INFO] - inf_gate         : 0.5
[2026-01-24 16:15:11,867] - [root] - [INFO] - pm               : HPM-1269
[2026-01-24 16:15:11,867] - [root] - [INFO] - mps              : False
[2026-01-24 16:15:11,867] - [root] - [INFO] - cuda             : True
[2026-01-24 16:15:11,868] - [root] - [INFO] - cuda_id          : 0
[2026-01-24 16:15:11,868] - [root] - [INFO] - sal_threshold    : 0.5
[2026-01-24 16:15:11,868] - [root] - [INFO] - up_threshold     : 0.5
[2026-01-24 16:15:11,868] - [root] - [INFO] - down_threshold   : 0.1
[2026-01-24 16:15:11,868] - [root] - [INFO] - dataset_path     : C:/Users/Intel User/Desktop/blackbird_scripts/data/human_disk_assessments
[2026-01-24 16:15:11,868] - [root] - [INFO] - img_folder       : 1-22-2026
[2026-01-24 16:15:11,868] - [root] - [INFO] - platform         : BlackBird
[2026-01-24 16:15:11,868] - [root] - [INFO] - threshold        : ['0.7']
[2026-01-24 16:15:11,868] - [root] - [INFO] - log              : ../../results/logs/random.log
[2026-01-24 16:15:11,868] - [root] - [INFO] - dpi              : 10
[2026-01-24 16:15:11,868] - [root] - [INFO] - group            : baseline
[2026-01-24 16:15:11,869] - [root] - [INFO] - trays            : ['10dpi']
[2026-01-24 16:15:11,869] - [root] - [INFO] - sal_gradcam      : False
[2026-01-24 16:15:11,869] - [root] - [INFO] - sal_gradient     : True
[2026-01-24 16:15:11,869] - [root] - [INFO] - sal_smoothgrad   : False
[2026-01-24 16:15:11,869] - [root] - [INFO] - sal_deeplift     : False
[2026-01-24 16:15:11,869] - [root] - [INFO] - sal_thresh_method : fixed
[2026-01-24 16:15:11,869] - [root] - [INFO] - sal_thresh_p     : 95.0
[2026-01-24 16:15:13,327] - [root] - [INFO] - -------------------------------------------
[2026-01-24 16:15:13,327] - [root] - [INFO] - Processing 1-22-2026 10dpi 046-W2021009-208_R2.png
[2026-01-24 16:15:35,029] - [root] - [INFO] - Finished loading mask: 0m 21s
[2026-01-24 16:15:47,760] - [root] - [INFO] - Finished crop and inference: 0m 34s
[2026-01-24 16:15:49,680] - [root] - [INFO] - Analysis finished: 0m 36s
[2026-01-24 16:15:49,680] - [root] - [INFO] - -------------------------------------------
[2026-01-24 16:15:49,681] - [root] - [INFO] - -------------------------------------------
[2026-01-24 16:15:49,681] - [root] - [INFO] - Processing 1-22-2026 10dpi 151-W2021011-479_R2.png
[2026-01-24 16:16:14,003] - [root] - [INFO] - Finished loading mask: 0m 24s
[2026-01-24 16:16:38,142] - [root] - [INFO] - Finished crop and inference: 0m 48s
[2026-01-24 16:16:39,922] - [root] - [INFO] - Analysis finished: 0m 50s
[2026-01-24 16:16:39,922] - [root] - [INFO] - -------------------------------------------
[2026-01-24 16:16:39,922] - [root] - [INFO] - -------------------------------------------
[2026-01-24 16:16:39,922] - [root] - [INFO] - Processing 1-22-2026 10dpi 152-W2021010-301_R2.png
[2026-01-24 16:17:02,345] - [root] - [INFO] - Finished loading mask: 0m 22s
[2026-01-24 16:17:14,132] - [root] - [INFO] - Finished crop and inference: 0m 34s
[2026-01-24 16:17:16,025] - [root] - [INFO] - Analysis finished: 0m 36s
[2026-01-24 16:17:16,026] - [root] - [INFO] - -------------------------------------------
[2026-01-24 16:17:16,026] - [root] - [INFO] - -------------------------------------------
[2026-01-24 16:17:16,026] - [root] - [INFO] - Processing 1-22-2026 10dpi 152-W2021011-479_R1.png
[2026-01-24 16:17:37,943] - [root] - [INFO] - Finished loading mask: 0m 21s
[2026-01-24 16:17:54,153] - [root] - [INFO] - Finished crop and inference: 0m 38s
[2026-01-24 16:17:56,108] - [root] - [INFO] - Analysis finished: 0m 40s
[2026-01-24 16:17:56,108] - [root] - [INFO] - -------------------------------------------
[2026-01-24 16:17:56,108] - [root] - [INFO] - -------------------------------------------
[2026-01-24 16:17:56,108] - [root] - [INFO] - Processing 1-22-2026 10dpi 162-W2021011-551_R2.png
[2026-01-24 16:18:18,102] - [root] - [INFO] - Finished loading mask: 0m 21s
[2026-01-24 16:18:41,696] - [root] - [INFO] - Finished crop and inference: 0m 45s
[2026-01-24 16:18:43,462] - [root] - [INFO] - Analysis finished: 0m 47s
[2026-01-24 16:18:43,462] - [root] - [INFO] - -------------------------------------------
[2026-01-24 16:18:43,462] - [root] - [INFO] - -------------------------------------------
[2026-01-24 16:18:43,462] - [root] - [INFO] - Processing 1-22-2026 10dpi 166-W2021006-123_R1.png
[2026-01-24 16:19:05,711] - [root] - [INFO] - Finished loading mask: 0m 22s
[2026-01-24 16:19:14,543] - [root] - [INFO] - Finished crop and inference: 0m 31s
[2026-01-24 16:19:16,215] - [root] - [INFO] - Analysis finished: 0m 32s
[2026-01-24 16:19:16,215] - [root] - [INFO] - -------------------------------------------
[2026-01-24 16:19:16,215] - [root] - [INFO] - -------------------------------------------
[2026-01-24 16:19:16,215] - [root] - [INFO] - Processing 1-22-2026 10dpi 166-W2021006-146_R1.png
[2026-01-24 16:19:40,349] - [root] - [INFO] - Finished loading mask: 0m 24s
[2026-01-24 16:19:58,065] - [root] - [INFO] - Finished crop and inference: 0m 41s
[2026-01-24 16:19:59,778] - [root] - [INFO] - Analysis finished: 0m 43s
[2026-01-24 16:19:59,778] - [root] - [INFO] - -------------------------------------------
[2026-01-24 16:19:59,778] - [root] - [INFO] - -------------------------------------------
[2026-01-24 16:19:59,778] - [root] - [INFO] - Processing 1-22-2026 10dpi 166-W2021006-146_R2.png
[2026-01-24 16:20:21,344] - [root] - [INFO] - Finished loading mask: 0m 21s
[2026-01-24 16:20:34,004] - [root] - [INFO] - Finished crop and inference: 0m 34s
[2026-01-24 16:20:35,720] - [root] - [INFO] - Analysis finished: 0m 35s
[2026-01-24 16:20:35,720] - [root] - [INFO] - -------------------------------------------
[2026-01-24 16:20:35,720] - [root] - [INFO] - -------------------------------------------
[2026-01-24 16:20:35,720] - [root] - [INFO] - Processing 1-22-2026 10dpi 171-W2021011-584_R1.png
[2026-01-24 16:20:58,841] - [root] - [INFO] - Finished loading mask: 0m 23s
[2026-01-24 16:21:22,657] - [root] - [INFO] - Finished crop and inference: 0m 46s
[2026-01-24 16:21:24,370] - [root] - [INFO] - Analysis finished: 0m 48s
[2026-01-24 16:21:24,370] - [root] - [INFO] - -------------------------------------------
[2026-01-24 16:21:24,370] - [root] - [INFO] - -------------------------------------------
[2026-01-24 16:21:24,370] - [root] - [INFO] - Processing 1-22-2026 10dpi 181-W2021009-295_R2.png
[2026-01-24 16:21:46,563] - [root] - [INFO] - Finished loading mask: 0m 22s
[2026-01-24 16:22:01,908] - [root] - [INFO] - Finished crop and inference: 0m 37s
[2026-01-24 16:22:03,860] - [root] - [INFO] - Analysis finished: 0m 39s
[2026-01-24 16:22:03,860] - [root] - [INFO] - -------------------------------------------
[2026-01-24 16:22:03,860] - [root] - [INFO] - -------------------------------------------
[2026-01-24 16:22:03,861] - [root] - [INFO] - Processing 1-22-2026 10dpi 182-W2021009-251_R1.png
[2026-01-24 16:22:26,318] - [root] - [INFO] - Finished loading mask: 0m 22s
[2026-01-24 16:22:37,876] - [root] - [INFO] - Finished crop and inference: 0m 34s
[2026-01-24 16:22:39,666] - [root] - [INFO] - Analysis finished: 0m 35s
[2026-01-24 16:22:39,666] - [root] - [INFO] - -------------------------------------------
[2026-01-24 16:22:39,666] - [root] - [INFO] - -------------------------------------------
[2026-01-24 16:22:39,666] - [root] - [INFO] - Processing 1-22-2026 10dpi 192-W2021010-449_R2.png
[2026-01-24 16:23:00,920] - [root] - [INFO] - Finished loading mask: 0m 21s
[2026-01-24 16:23:22,784] - [root] - [INFO] - Finished crop and inference: 0m 43s
[2026-01-24 16:23:24,574] - [root] - [INFO] - Analysis finished: 0m 44s
[2026-01-24 16:23:24,575] - [root] - [INFO] - -------------------------------------------
[2026-01-24 16:23:24,575] - [root] - [INFO] - -------------------------------------------
[2026-01-24 16:23:24,575] - [root] - [INFO] - Processing 1-22-2026 10dpi 206-W2021009-271_R2.png
[2026-01-24 16:23:46,759] - [root] - [INFO] - Finished loading mask: 0m 22s
[2026-01-24 16:24:13,961] - [root] - [INFO] - Finished crop and inference: 0m 49s
[2026-01-24 16:24:15,736] - [root] - [INFO] - Analysis finished: 0m 51s
[2026-01-24 16:24:15,736] - [root] - [INFO] - -------------------------------------------
[2026-01-24 16:24:15,736] - [root] - [INFO] - -------------------------------------------
[2026-01-24 16:24:15,736] - [root] - [INFO] - Processing 1-22-2026 10dpi 207-W2021009-271_R1.png
[2026-01-24 16:24:37,136] - [root] - [INFO] - Finished loading mask: 0m 21s
[2026-01-24 16:24:51,098] - [root] - [INFO] - Finished crop and inference: 0m 35s
[2026-01-24 16:24:52,856] - [root] - [INFO] - Analysis finished: 0m 37s
[2026-01-24 16:24:52,856] - [root] - [INFO] - -------------------------------------------
[2026-01-24 16:24:52,856] - [root] - [INFO] - -------------------------------------------
[2026-01-24 16:24:52,856] - [root] - [INFO] - Processing 1-22-2026 10dpi 233-W2021006-607_R1.png
[2026-01-24 16:25:15,566] - [root] - [INFO] - Finished loading mask: 0m 22s
[2026-01-24 16:25:29,508] - [root] - [INFO] - Finished crop and inference: 0m 36s
[2026-01-24 16:25:31,302] - [root] - [INFO] - Analysis finished: 0m 38s
[2026-01-24 16:25:31,303] - [root] - [INFO] - -------------------------------------------
[2026-01-24 16:25:31,310] - [root] - [INFO] - Saved C:\Users\Intel User\Desktop\blackbird_scripts\data\Results\ResNet_upth0.5_downth0.1_Jan22_10-21-00_2026\1-22-2026\th_0.7\severity_rate_tray_10dpi_u0.5_d0.1_ig0.5_sp0.9_20260124_162452.csv
             timestamp time_elapsed  ... severity_rate_patch Gradient_sr2
0  2026-01-24 16:15:13       0m 36s  ...                5.39         0.15

[1 rows x 26 columns]
             timestamp time_elapsed  ... severity_rate_patch Gradient_sr2
0  2026-01-24 16:15:13       0m 36s  ...                5.39         0.15
1  2026-01-24 16:15:49       0m 50s  ...               99.36         3.04

[2 rows x 26 columns]
             timestamp time_elapsed  ... severity_rate_patch Gradient_sr2
0  2026-01-24 16:15:13       0m 36s  ...                5.39         0.15
1  2026-01-24 16:15:49       0m 50s  ...               99.36         3.04
2  2026-01-24 16:16:39       0m 36s  ...                2.39         0.06

[3 rows x 26 columns]
             timestamp time_elapsed  ... severity_rate_patch Gradient_sr2
0  2026-01-24 16:15:13       0m 36s  ...                5.39         0.15
1  2026-01-24 16:15:49       0m 50s  ...               99.36         3.04
2  2026-01-24 16:16:39       0m 36s  ...                2.39         0.06
3  2026-01-24 16:17:16       0m 40s  ...               44.96         1.29

[4 rows x 26 columns]
             timestamp time_elapsed  ... severity_rate_patch Gradient_sr2
0  2026-01-24 16:15:13       0m 36s  ...                5.39         0.15
1  2026-01-24 16:15:49       0m 50s  ...               99.36         3.04
2  2026-01-24 16:16:39       0m 36s  ...                2.39         0.06
3  2026-01-24 16:17:16       0m 40s  ...               44.96         1.29
4  2026-01-24 16:17:56       0m 47s  ...               84.53         2.39

[5 rows x 26 columns]
             timestamp time_elapsed  ... severity_rate_patch Gradient_sr2
0  2026-01-24 16:15:13       0m 36s  ...                5.39         0.15
1  2026-01-24 16:15:49       0m 50s  ...               99.36         3.04
2  2026-01-24 16:16:39       0m 36s  ...                2.39         0.06
3  2026-01-24 16:17:16       0m 40s  ...               44.96         1.29
4  2026-01-24 16:17:56       0m 47s  ...               84.53         2.39
5  2026-01-24 16:18:43       0m 32s  ...                2.03         0.05

[6 rows x 26 columns]
             timestamp time_elapsed  ... severity_rate_patch Gradient_sr2
0  2026-01-24 16:15:13       0m 36s  ...                5.39         0.15
1  2026-01-24 16:15:49       0m 50s  ...               99.36         3.04
2  2026-01-24 16:16:39       0m 36s  ...                2.39         0.06
3  2026-01-24 16:17:16       0m 40s  ...               44.96         1.29
4  2026-01-24 16:17:56       0m 47s  ...               84.53         2.39
5  2026-01-24 16:18:43       0m 32s  ...                2.03         0.05
6  2026-01-24 16:19:16       0m 43s  ...               55.13         1.56

[7 rows x 26 columns]
             timestamp time_elapsed  ... severity_rate_patch Gradient_sr2
0  2026-01-24 16:15:13       0m 36s  ...                5.39         0.15
1  2026-01-24 16:15:49       0m 50s  ...               99.36         3.04
2  2026-01-24 16:16:39       0m 36s  ...                2.39         0.06
3  2026-01-24 16:17:16       0m 40s  ...               44.96         1.29
4  2026-01-24 16:17:56       0m 47s  ...               84.53         2.39
5  2026-01-24 16:18:43       0m 32s  ...                2.03         0.05
6  2026-01-24 16:19:16       0m 43s  ...               55.13         1.56
7  2026-01-24 16:19:59       0m 35s  ...               19.15         0.50

[8 rows x 26 columns]
             timestamp time_elapsed  ... severity_rate_patch Gradient_sr2
0  2026-01-24 16:15:13       0m 36s  ...                5.39         0.15
1  2026-01-24 16:15:49       0m 50s  ...               99.36         3.04
2  2026-01-24 16:16:39       0m 36s  ...                2.39         0.06
3  2026-01-24 16:17:16       0m 40s  ...               44.96         1.29
4  2026-01-24 16:17:56       0m 47s  ...               84.53         2.39
5  2026-01-24 16:18:43       0m 32s  ...                2.03         0.05
6  2026-01-24 16:19:16       0m 43s  ...               55.13         1.56
7  2026-01-24 16:19:59       0m 35s  ...               19.15         0.50
8  2026-01-24 16:20:35       0m 48s  ...               71.83         1.97

[9 rows x 26 columns]
             timestamp time_elapsed  ... severity_rate_patch Gradient_sr2
0  2026-01-24 16:15:13       0m 36s  ...                5.39         0.15
1  2026-01-24 16:15:49       0m 50s  ...               99.36         3.04
2  2026-01-24 16:16:39       0m 36s  ...                2.39         0.06
3  2026-01-24 16:17:16       0m 40s  ...               44.96         1.29
4  2026-01-24 16:17:56       0m 47s  ...               84.53         2.39
5  2026-01-24 16:18:43       0m 32s  ...                2.03         0.05
6  2026-01-24 16:19:16       0m 43s  ...               55.13         1.56
7  2026-01-24 16:19:59       0m 35s  ...               19.15         0.50
8  2026-01-24 16:20:35       0m 48s  ...               71.83         1.97
9  2026-01-24 16:21:24       0m 39s  ...               30.08         0.81

[10 rows x 26 columns]
              timestamp time_elapsed  ... severity_rate_patch Gradient_sr2
0   2026-01-24 16:15:13       0m 36s  ...                5.39         0.15
1   2026-01-24 16:15:49       0m 50s  ...               99.36         3.04
2   2026-01-24 16:16:39       0m 36s  ...                2.39         0.06
3   2026-01-24 16:17:16       0m 40s  ...               44.96         1.29
4   2026-01-24 16:17:56       0m 47s  ...               84.53         2.39
5   2026-01-24 16:18:43       0m 32s  ...                2.03         0.05
6   2026-01-24 16:19:16       0m 43s  ...               55.13         1.56
7   2026-01-24 16:19:59       0m 35s  ...               19.15         0.50
8   2026-01-24 16:20:35       0m 48s  ...               71.83         1.97
9   2026-01-24 16:21:24       0m 39s  ...               30.08         0.81
10  2026-01-24 16:22:03       0m 35s  ...               10.03         0.26

[11 rows x 26 columns]
              timestamp time_elapsed  ... severity_rate_patch Gradient_sr2
0   2026-01-24 16:15:13       0m 36s  ...                5.39         0.15
1   2026-01-24 16:15:49       0m 50s  ...               99.36         3.04
2   2026-01-24 16:16:39       0m 36s  ...                2.39         0.06
3   2026-01-24 16:17:16       0m 40s  ...               44.96         1.29
4   2026-01-24 16:17:56       0m 47s  ...               84.53         2.39
5   2026-01-24 16:18:43       0m 32s  ...                2.03         0.05
6   2026-01-24 16:19:16       0m 43s  ...               55.13         1.56
7   2026-01-24 16:19:59       0m 35s  ...               19.15         0.50
8   2026-01-24 16:20:35       0m 48s  ...               71.83         1.97
9   2026-01-24 16:21:24       0m 39s  ...               30.08         0.81
10  2026-01-24 16:22:03       0m 35s  ...               10.03         0.26
11  2026-01-24 16:22:39       0m 44s  ...               68.49         1.88

[12 rows x 26 columns]
              timestamp time_elapsed  ... severity_rate_patch Gradient_sr2
0   2026-01-24 16:15:13       0m 36s  ...                5.39         0.15
1   2026-01-24 16:15:49       0m 50s  ...               99.36         3.04
2   2026-01-24 16:16:39       0m 36s  ...                2.39         0.06
3   2026-01-24 16:17:16       0m 40s  ...               44.96         1.29
4   2026-01-24 16:17:56       0m 47s  ...               84.53         2.39
5   2026-01-24 16:18:43       0m 32s  ...                2.03         0.05
6   2026-01-24 16:19:16       0m 43s  ...               55.13         1.56
7   2026-01-24 16:19:59       0m 35s  ...               19.15         0.50
8   2026-01-24 16:20:35       0m 48s  ...               71.83         1.97
9   2026-01-24 16:21:24       0m 39s  ...               30.08         0.81
10  2026-01-24 16:22:03       0m 35s  ...               10.03         0.26
11  2026-01-24 16:22:39       0m 44s  ...               68.49         1.88
12  2026-01-24 16:23:24       0m 51s  ...               84.95         2.44

[13 rows x 26 columns]
              timestamp time_elapsed  ... severity_rate_patch Gradient_sr2
0   2026-01-24 16:15:13       0m 36s  ...                5.39         0.15
1   2026-01-24 16:15:49       0m 50s  ...               99.36         3.04
2   2026-01-24 16:16:39       0m 36s  ...                2.39         0.06
3   2026-01-24 16:17:16       0m 40s  ...               44.96         1.29
4   2026-01-24 16:17:56       0m 47s  ...               84.53         2.39
5   2026-01-24 16:18:43       0m 32s  ...                2.03         0.05
6   2026-01-24 16:19:16       0m 43s  ...               55.13         1.56
7   2026-01-24 16:19:59       0m 35s  ...               19.15         0.50
8   2026-01-24 16:20:35       0m 48s  ...               71.83         1.97
9   2026-01-24 16:21:24       0m 39s  ...               30.08         0.81
10  2026-01-24 16:22:03       0m 35s  ...               10.03         0.26
11  2026-01-24 16:22:39       0m 44s  ...               68.49         1.88
12  2026-01-24 16:23:24       0m 51s  ...               84.95         2.44
13  2026-01-24 16:24:15       0m 37s  ...               42.80         1.16

[14 rows x 26 columns]
              timestamp time_elapsed  ... severity_rate_patch Gradient_sr2
0   2026-01-24 16:15:13       0m 36s  ...                5.39         0.15
1   2026-01-24 16:15:49       0m 50s  ...               99.36         3.04
2   2026-01-24 16:16:39       0m 36s  ...                2.39         0.06
3   2026-01-24 16:17:16       0m 40s  ...               44.96         1.29
4   2026-01-24 16:17:56       0m 47s  ...               84.53         2.39
5   2026-01-24 16:18:43       0m 32s  ...                2.03         0.05
6   2026-01-24 16:19:16       0m 43s  ...               55.13         1.56
7   2026-01-24 16:19:59       0m 35s  ...               19.15         0.50
8   2026-01-24 16:20:35       0m 48s  ...               71.83         1.97
9   2026-01-24 16:21:24       0m 39s  ...               30.08         0.81
10  2026-01-24 16:22:03       0m 35s  ...               10.03         0.26
11  2026-01-24 16:22:39       0m 44s  ...               68.49         1.88
12  2026-01-24 16:23:24       0m 51s  ...               84.95         2.44
13  2026-01-24 16:24:15       0m 37s  ...               42.80         1.16
14  2026-01-24 16:24:52       0m 38s  ...               25.61         0.64

[15 rows x 26 columns]

real	10m29.290s
user	0m0.015s
sys	0m0.000s
