[2026-01-23 21:22:44,943] - [root] - [INFO] - leaf_correlation_mw.py
[2026-01-23 21:22:44,943] - [root] - [INFO] - model_type       : ResNet
[2026-01-23 21:22:44,943] - [root] - [INFO] - pretrained       : True
[2026-01-23 21:22:44,943] - [root] - [INFO] - loading_epoch    : 65
[2026-01-23 21:22:44,944] - [root] - [INFO] - timestamp        : Jan22_10-21-00_2026
[2026-01-23 21:22:44,944] - [root] - [INFO] - outdim           : 2
[2026-01-23 21:22:44,944] - [root] - [INFO] - dual_head        : True
[2026-01-23 21:22:44,945] - [root] - [INFO] - model_path       : ../..
[2026-01-23 21:22:44,945] - [root] - [INFO] - step_size        : 224
[2026-01-23 21:22:44,945] - [root] - [INFO] - means            : [0.541, 0.6371, 0.4188]
[2026-01-23 21:22:44,945] - [root] - [INFO] - stds             : [0.1764, 0.165, 0.2326]
[2026-01-23 21:22:44,945] - [root] - [INFO] - target_class     : 1
[2026-01-23 21:22:44,945] - [root] - [INFO] - contam_control   : False
[2026-01-23 21:22:44,945] - [root] - [INFO] - spor_th          : 0.9
[2026-01-23 21:22:44,945] - [root] - [INFO] - inf_gate         : 0.6
[2026-01-23 21:22:44,945] - [root] - [INFO] - pm               : HPM-1269
[2026-01-23 21:22:44,945] - [root] - [INFO] - mps              : False
[2026-01-23 21:22:44,945] - [root] - [INFO] - cuda             : True
[2026-01-23 21:22:44,945] - [root] - [INFO] - cuda_id          : 0
[2026-01-23 21:22:44,945] - [root] - [INFO] - sal_threshold    : 0.5
[2026-01-23 21:22:44,945] - [root] - [INFO] - up_threshold     : 0.7
[2026-01-23 21:22:44,945] - [root] - [INFO] - down_threshold   : 0.3
[2026-01-23 21:22:44,945] - [root] - [INFO] - dataset_path     : C:/Users/Intel User/Desktop/blackbird_scripts/data/human_disk_assessments
[2026-01-23 21:22:44,945] - [root] - [INFO] - img_folder       : 1-22-2026
[2026-01-23 21:22:44,945] - [root] - [INFO] - platform         : BlackBird
[2026-01-23 21:22:44,946] - [root] - [INFO] - threshold        : ['0.7']
[2026-01-23 21:22:44,946] - [root] - [INFO] - log              : ../../results/logs/random.log
[2026-01-23 21:22:44,946] - [root] - [INFO] - dpi              : 10
[2026-01-23 21:22:44,946] - [root] - [INFO] - group            : baseline
[2026-01-23 21:22:44,946] - [root] - [INFO] - trays            : ['10dpi']
[2026-01-23 21:22:44,946] - [root] - [INFO] - sal_gradcam      : False
[2026-01-23 21:22:44,946] - [root] - [INFO] - sal_gradient     : True
[2026-01-23 21:22:44,946] - [root] - [INFO] - sal_smoothgrad   : False
[2026-01-23 21:22:44,946] - [root] - [INFO] - sal_deeplift     : False
[2026-01-23 21:22:44,946] - [root] - [INFO] - sal_thresh_method : fixed
[2026-01-23 21:22:44,946] - [root] - [INFO] - sal_thresh_p     : 95.0
[2026-01-23 21:22:45,750] - [root] - [INFO] - -------------------------------------------
[2026-01-23 21:22:45,750] - [root] - [INFO] - Processing 1-22-2026 10dpi 013-W2021011-633_R2.png
[2026-01-23 21:23:03,040] - [root] - [INFO] - Finished loading mask: 0m 17s
[2026-01-23 21:23:16,341] - [root] - [INFO] - Finished crop and inference: 0m 30s
[2026-01-23 21:23:17,821] - [root] - [INFO] - Analysis finished: 0m 32s
[2026-01-23 21:23:17,821] - [root] - [INFO] - -------------------------------------------
[2026-01-23 21:23:17,821] - [root] - [INFO] - -------------------------------------------
[2026-01-23 21:23:17,821] - [root] - [INFO] - Processing 1-22-2026 10dpi 026-W2021010-346_R2.png
[2026-01-23 21:23:34,646] - [root] - [INFO] - Finished loading mask: 0m 16s
[2026-01-23 21:23:43,651] - [root] - [INFO] - Finished crop and inference: 0m 25s
[2026-01-23 21:23:45,131] - [root] - [INFO] - Analysis finished: 0m 27s
[2026-01-23 21:23:45,132] - [root] - [INFO] - -------------------------------------------
[2026-01-23 21:23:45,132] - [root] - [INFO] - -------------------------------------------
[2026-01-23 21:23:45,132] - [root] - [INFO] - Processing 1-22-2026 10dpi 042-W2021006-015_R1.png
[2026-01-23 21:24:02,062] - [root] - [INFO] - Finished loading mask: 0m 16s
[2026-01-23 21:24:13,769] - [root] - [INFO] - Finished crop and inference: 0m 28s
[2026-01-23 21:24:15,266] - [root] - [INFO] - Analysis finished: 0m 30s
[2026-01-23 21:24:15,267] - [root] - [INFO] - -------------------------------------------
[2026-01-23 21:24:15,267] - [root] - [INFO] - -------------------------------------------
[2026-01-23 21:24:15,267] - [root] - [INFO] - Processing 1-22-2026 10dpi 057-W2021011-504_R2.png
[2026-01-23 21:24:31,548] - [root] - [INFO] - Finished loading mask: 0m 16s
[2026-01-23 21:24:40,053] - [root] - [INFO] - Finished crop and inference: 0m 24s
[2026-01-23 21:24:41,588] - [root] - [INFO] - Analysis finished: 0m 26s
[2026-01-23 21:24:41,588] - [root] - [INFO] - -------------------------------------------
[2026-01-23 21:24:41,588] - [root] - [INFO] - -------------------------------------------
[2026-01-23 21:24:41,588] - [root] - [INFO] - Processing 1-22-2026 10dpi 069-W2021011-574_R1.png
[2026-01-23 21:24:58,298] - [root] - [INFO] - Finished loading mask: 0m 16s
[2026-01-23 21:25:08,842] - [root] - [INFO] - Finished crop and inference: 0m 27s
[2026-01-23 21:25:10,400] - [root] - [INFO] - Analysis finished: 0m 28s
[2026-01-23 21:25:10,400] - [root] - [INFO] - -------------------------------------------
[2026-01-23 21:25:10,400] - [root] - [INFO] - -------------------------------------------
[2026-01-23 21:25:10,400] - [root] - [INFO] - Processing 1-22-2026 10dpi 095-W2021009-283_R1.png
[2026-01-23 21:25:27,353] - [root] - [INFO] - Finished loading mask: 0m 16s
[2026-01-23 21:25:35,730] - [root] - [INFO] - Finished crop and inference: 0m 25s
[2026-01-23 21:25:37,123] - [root] - [INFO] - Analysis finished: 0m 26s
[2026-01-23 21:25:37,123] - [root] - [INFO] - -------------------------------------------
[2026-01-23 21:25:37,123] - [root] - [INFO] - -------------------------------------------
[2026-01-23 21:25:37,123] - [root] - [INFO] - Processing 1-22-2026 10dpi 103-W2021011-591_R2.png
[2026-01-23 21:25:55,052] - [root] - [INFO] - Finished loading mask: 0m 17s
[2026-01-23 21:26:10,179] - [root] - [INFO] - Finished crop and inference: 0m 33s
[2026-01-23 21:26:11,597] - [root] - [INFO] - Analysis finished: 0m 34s
[2026-01-23 21:26:11,597] - [root] - [INFO] - -------------------------------------------
[2026-01-23 21:26:11,597] - [root] - [INFO] - -------------------------------------------
[2026-01-23 21:26:11,597] - [root] - [INFO] - Processing 1-22-2026 10dpi 115-W2021011-638_R1.png
[2026-01-23 21:26:29,142] - [root] - [INFO] - Finished loading mask: 0m 17s
[2026-01-23 21:26:45,586] - [root] - [INFO] - Finished crop and inference: 0m 33s
[2026-01-23 21:26:46,979] - [root] - [INFO] - Analysis finished: 0m 35s
[2026-01-23 21:26:46,979] - [root] - [INFO] - -------------------------------------------
[2026-01-23 21:26:46,979] - [root] - [INFO] - -------------------------------------------
[2026-01-23 21:26:46,979] - [root] - [INFO] - Processing 1-22-2026 10dpi 124-W2021009-278_R1.png
[2026-01-23 21:27:05,154] - [root] - [INFO] - Finished loading mask: 0m 18s
[2026-01-23 21:27:19,006] - [root] - [INFO] - Finished crop and inference: 0m 32s
[2026-01-23 21:27:20,412] - [root] - [INFO] - Analysis finished: 0m 33s
[2026-01-23 21:27:20,412] - [root] - [INFO] - -------------------------------------------
[2026-01-23 21:27:20,412] - [root] - [INFO] - -------------------------------------------
[2026-01-23 21:27:20,412] - [root] - [INFO] - Processing 1-22-2026 10dpi 162-W2021011-551_R2.png
[2026-01-23 21:27:37,576] - [root] - [INFO] - Finished loading mask: 0m 17s
[2026-01-23 21:27:58,800] - [root] - [INFO] - Finished crop and inference: 0m 38s
[2026-01-23 21:28:00,362] - [root] - [INFO] - Analysis finished: 0m 39s
[2026-01-23 21:28:00,362] - [root] - [INFO] - -------------------------------------------
[2026-01-23 21:28:00,362] - [root] - [INFO] - -------------------------------------------
[2026-01-23 21:28:00,362] - [root] - [INFO] - Processing 1-22-2026 10dpi 172-W2021009-156_R2.png
[2026-01-23 21:28:16,507] - [root] - [INFO] - Finished loading mask: 0m 16s
[2026-01-23 21:28:24,440] - [root] - [INFO] - Finished crop and inference: 0m 24s
[2026-01-23 21:28:26,015] - [root] - [INFO] - Analysis finished: 0m 25s
[2026-01-23 21:28:26,015] - [root] - [INFO] - -------------------------------------------
[2026-01-23 21:28:26,015] - [root] - [INFO] - -------------------------------------------
[2026-01-23 21:28:26,015] - [root] - [INFO] - Processing 1-22-2026 10dpi 182-W2021009-251_R1.png
[2026-01-23 21:28:42,875] - [root] - [INFO] - Finished loading mask: 0m 16s
[2026-01-23 21:28:52,878] - [root] - [INFO] - Finished crop and inference: 0m 26s
[2026-01-23 21:28:54,391] - [root] - [INFO] - Analysis finished: 0m 28s
[2026-01-23 21:28:54,391] - [root] - [INFO] - -------------------------------------------
[2026-01-23 21:28:54,391] - [root] - [INFO] - -------------------------------------------
[2026-01-23 21:28:54,391] - [root] - [INFO] - Processing 1-22-2026 10dpi 194-W2021010-339_R2.png
[2026-01-23 21:29:12,174] - [root] - [INFO] - Finished loading mask: 0m 17s
[2026-01-23 21:29:20,839] - [root] - [INFO] - Finished crop and inference: 0m 26s
[2026-01-23 21:29:22,219] - [root] - [INFO] - Analysis finished: 0m 27s
[2026-01-23 21:29:22,219] - [root] - [INFO] - -------------------------------------------
[2026-01-23 21:29:22,219] - [root] - [INFO] - -------------------------------------------
[2026-01-23 21:29:22,219] - [root] - [INFO] - Processing 1-22-2026 10dpi 215-W2021006-045_R1.png
[2026-01-23 21:29:40,187] - [root] - [INFO] - Finished loading mask: 0m 17s
[2026-01-23 21:29:59,228] - [root] - [INFO] - Finished crop and inference: 0m 37s
[2026-01-23 21:30:00,635] - [root] - [INFO] - Analysis finished: 0m 38s
[2026-01-23 21:30:00,635] - [root] - [INFO] - -------------------------------------------
[2026-01-23 21:30:00,635] - [root] - [INFO] - -------------------------------------------
[2026-01-23 21:30:00,635] - [root] - [INFO] - Processing 1-22-2026 10dpi 262-W2021009-187_R2.png
[2026-01-23 21:30:17,303] - [root] - [INFO] - Finished loading mask: 0m 16s
[2026-01-23 21:30:37,136] - [root] - [INFO] - Finished crop and inference: 0m 36s
[2026-01-23 21:30:38,535] - [root] - [INFO] - Analysis finished: 0m 37s
[2026-01-23 21:30:38,535] - [root] - [INFO] - -------------------------------------------
[2026-01-23 21:30:38,540] - [root] - [INFO] - Saved C:\Users\Intel User\Desktop\blackbird_scripts\data\Results\ResNet_upth0.7_downth0.3_Jan22_10-21-00_2026\1-22-2026\th_0.7\severity_rate_tray_10dpi_u0.7_d0.3_ig0.6_sp0.9.csv
             timestamp time_elapsed  ... severity_rate_patch Gradient_sr2
0  2026-01-23 21:22:45       0m 32s  ...               30.95         0.88

[1 rows x 24 columns]
             timestamp time_elapsed  ... severity_rate_patch Gradient_sr2
0  2026-01-23 21:22:45       0m 32s  ...               30.95         0.88
1  2026-01-23 21:23:17       0m 27s  ...                0.28         0.01

[2 rows x 24 columns]
             timestamp time_elapsed  ... severity_rate_patch Gradient_sr2
0  2026-01-23 21:22:45       0m 32s  ...               30.95         0.88
1  2026-01-23 21:23:17       0m 27s  ...                0.28         0.01
2  2026-01-23 21:23:45       0m 30s  ...               24.18         0.64

[3 rows x 24 columns]
             timestamp time_elapsed  ... severity_rate_patch Gradient_sr2
0  2026-01-23 21:22:45       0m 32s  ...               30.95         0.88
1  2026-01-23 21:23:17       0m 27s  ...                0.28         0.01
2  2026-01-23 21:23:45       0m 30s  ...               24.18         0.64
3  2026-01-23 21:24:15       0m 26s  ...                3.12         0.08

[4 rows x 24 columns]
             timestamp time_elapsed  ... severity_rate_patch Gradient_sr2
0  2026-01-23 21:22:45       0m 32s  ...               30.95         0.88
1  2026-01-23 21:23:17       0m 27s  ...                0.28         0.01
2  2026-01-23 21:23:45       0m 30s  ...               24.18         0.64
3  2026-01-23 21:24:15       0m 26s  ...                3.12         0.08
4  2026-01-23 21:24:41       0m 28s  ...               14.14         0.41

[5 rows x 24 columns]
             timestamp time_elapsed  ... severity_rate_patch Gradient_sr2
0  2026-01-23 21:22:45       0m 32s  ...               30.95         0.88
1  2026-01-23 21:23:17       0m 27s  ...                0.28         0.01
2  2026-01-23 21:23:45       0m 30s  ...               24.18         0.64
3  2026-01-23 21:24:15       0m 26s  ...                3.12         0.08
4  2026-01-23 21:24:41       0m 28s  ...               14.14         0.41
5  2026-01-23 21:25:10       0m 26s  ...                7.30         0.17

[6 rows x 24 columns]
             timestamp time_elapsed  ... severity_rate_patch Gradient_sr2
0  2026-01-23 21:22:45       0m 32s  ...               30.95         0.88
1  2026-01-23 21:23:17       0m 27s  ...                0.28         0.01
2  2026-01-23 21:23:45       0m 30s  ...               24.18         0.64
3  2026-01-23 21:24:15       0m 26s  ...                3.12         0.08
4  2026-01-23 21:24:41       0m 28s  ...               14.14         0.41
5  2026-01-23 21:25:10       0m 26s  ...                7.30         0.17
6  2026-01-23 21:25:37       0m 34s  ...               50.54         1.49

[7 rows x 24 columns]
             timestamp time_elapsed  ... severity_rate_patch Gradient_sr2
0  2026-01-23 21:22:45       0m 32s  ...               30.95         0.88
1  2026-01-23 21:23:17       0m 27s  ...                0.28         0.01
2  2026-01-23 21:23:45       0m 30s  ...               24.18         0.64
3  2026-01-23 21:24:15       0m 26s  ...                3.12         0.08
4  2026-01-23 21:24:41       0m 28s  ...               14.14         0.41
5  2026-01-23 21:25:10       0m 26s  ...                7.30         0.17
6  2026-01-23 21:25:37       0m 34s  ...               50.54         1.49
7  2026-01-23 21:26:11       0m 35s  ...               56.08         1.57

[8 rows x 24 columns]
             timestamp time_elapsed  ... severity_rate_patch Gradient_sr2
0  2026-01-23 21:22:45       0m 32s  ...               30.95         0.88
1  2026-01-23 21:23:17       0m 27s  ...                0.28         0.01
2  2026-01-23 21:23:45       0m 30s  ...               24.18         0.64
3  2026-01-23 21:24:15       0m 26s  ...                3.12         0.08
4  2026-01-23 21:24:41       0m 28s  ...               14.14         0.41
5  2026-01-23 21:25:10       0m 26s  ...                7.30         0.17
6  2026-01-23 21:25:37       0m 34s  ...               50.54         1.49
7  2026-01-23 21:26:11       0m 35s  ...               56.08         1.57
8  2026-01-23 21:26:46       0m 33s  ...               45.20         1.30

[9 rows x 24 columns]
             timestamp time_elapsed  ... severity_rate_patch Gradient_sr2
0  2026-01-23 21:22:45       0m 32s  ...               30.95         0.88
1  2026-01-23 21:23:17       0m 27s  ...                0.28         0.01
2  2026-01-23 21:23:45       0m 30s  ...               24.18         0.64
3  2026-01-23 21:24:15       0m 26s  ...                3.12         0.08
4  2026-01-23 21:24:41       0m 28s  ...               14.14         0.41
5  2026-01-23 21:25:10       0m 26s  ...                7.30         0.17
6  2026-01-23 21:25:37       0m 34s  ...               50.54         1.49
7  2026-01-23 21:26:11       0m 35s  ...               56.08         1.57
8  2026-01-23 21:26:46       0m 33s  ...               45.20         1.30
9  2026-01-23 21:27:20       0m 39s  ...               83.02         2.36

[10 rows x 24 columns]
              timestamp time_elapsed  ... severity_rate_patch Gradient_sr2
0   2026-01-23 21:22:45       0m 32s  ...               30.95         0.88
1   2026-01-23 21:23:17       0m 27s  ...                0.28         0.01
2   2026-01-23 21:23:45       0m 30s  ...               24.18         0.64
3   2026-01-23 21:24:15       0m 26s  ...                3.12         0.08
4   2026-01-23 21:24:41       0m 28s  ...               14.14         0.41
5   2026-01-23 21:25:10       0m 26s  ...                7.30         0.17
6   2026-01-23 21:25:37       0m 34s  ...               50.54         1.49
7   2026-01-23 21:26:11       0m 35s  ...               56.08         1.57
8   2026-01-23 21:26:46       0m 33s  ...               45.20         1.30
9   2026-01-23 21:27:20       0m 39s  ...               83.02         2.36
10  2026-01-23 21:28:00       0m 25s  ...                6.74         0.17

[11 rows x 24 columns]
              timestamp time_elapsed  ... severity_rate_patch Gradient_sr2
0   2026-01-23 21:22:45       0m 32s  ...               30.95         0.88
1   2026-01-23 21:23:17       0m 27s  ...                0.28         0.01
2   2026-01-23 21:23:45       0m 30s  ...               24.18         0.64
3   2026-01-23 21:24:15       0m 26s  ...                3.12         0.08
4   2026-01-23 21:24:41       0m 28s  ...               14.14         0.41
5   2026-01-23 21:25:10       0m 26s  ...                7.30         0.17
6   2026-01-23 21:25:37       0m 34s  ...               50.54         1.49
7   2026-01-23 21:26:11       0m 35s  ...               56.08         1.57
8   2026-01-23 21:26:46       0m 33s  ...               45.20         1.30
9   2026-01-23 21:27:20       0m 39s  ...               83.02         2.36
10  2026-01-23 21:28:00       0m 25s  ...                6.74         0.17
11  2026-01-23 21:28:26       0m 28s  ...                6.52         0.18

[12 rows x 24 columns]
              timestamp time_elapsed  ... severity_rate_patch Gradient_sr2
0   2026-01-23 21:22:45       0m 32s  ...               30.95         0.88
1   2026-01-23 21:23:17       0m 27s  ...                0.28         0.01
2   2026-01-23 21:23:45       0m 30s  ...               24.18         0.64
3   2026-01-23 21:24:15       0m 26s  ...                3.12         0.08
4   2026-01-23 21:24:41       0m 28s  ...               14.14         0.41
5   2026-01-23 21:25:10       0m 26s  ...                7.30         0.17
6   2026-01-23 21:25:37       0m 34s  ...               50.54         1.49
7   2026-01-23 21:26:11       0m 35s  ...               56.08         1.57
8   2026-01-23 21:26:46       0m 33s  ...               45.20         1.30
9   2026-01-23 21:27:20       0m 39s  ...               83.02         2.36
10  2026-01-23 21:28:00       0m 25s  ...                6.74         0.17
11  2026-01-23 21:28:26       0m 28s  ...                6.52         0.18
12  2026-01-23 21:28:54       0m 27s  ...                5.44         0.14

[13 rows x 24 columns]
              timestamp time_elapsed  ... severity_rate_patch Gradient_sr2
0   2026-01-23 21:22:45       0m 32s  ...               30.95         0.88
1   2026-01-23 21:23:17       0m 27s  ...                0.28         0.01
2   2026-01-23 21:23:45       0m 30s  ...               24.18         0.64
3   2026-01-23 21:24:15       0m 26s  ...                3.12         0.08
4   2026-01-23 21:24:41       0m 28s  ...               14.14         0.41
5   2026-01-23 21:25:10       0m 26s  ...                7.30         0.17
6   2026-01-23 21:25:37       0m 34s  ...               50.54         1.49
7   2026-01-23 21:26:11       0m 35s  ...               56.08         1.57
8   2026-01-23 21:26:46       0m 33s  ...               45.20         1.30
9   2026-01-23 21:27:20       0m 39s  ...               83.02         2.36
10  2026-01-23 21:28:00       0m 25s  ...                6.74         0.17
11  2026-01-23 21:28:26       0m 28s  ...                6.52         0.18
12  2026-01-23 21:28:54       0m 27s  ...                5.44         0.14
13  2026-01-23 21:29:22       0m 38s  ...               77.41         2.28

[14 rows x 24 columns]
              timestamp time_elapsed  ... severity_rate_patch Gradient_sr2
0   2026-01-23 21:22:45       0m 32s  ...               30.95         0.88
1   2026-01-23 21:23:17       0m 27s  ...                0.28         0.01
2   2026-01-23 21:23:45       0m 30s  ...               24.18         0.64
3   2026-01-23 21:24:15       0m 26s  ...                3.12         0.08
4   2026-01-23 21:24:41       0m 28s  ...               14.14         0.41
5   2026-01-23 21:25:10       0m 26s  ...                7.30         0.17
6   2026-01-23 21:25:37       0m 34s  ...               50.54         1.49
7   2026-01-23 21:26:11       0m 35s  ...               56.08         1.57
8   2026-01-23 21:26:46       0m 33s  ...               45.20         1.30
9   2026-01-23 21:27:20       0m 39s  ...               83.02         2.36
10  2026-01-23 21:28:00       0m 25s  ...                6.74         0.17
11  2026-01-23 21:28:26       0m 28s  ...                6.52         0.18
12  2026-01-23 21:28:54       0m 27s  ...                5.44         0.14
13  2026-01-23 21:29:22       0m 38s  ...               77.41         2.28
14  2026-01-23 21:30:00       0m 37s  ...               79.75         2.37

[15 rows x 24 columns]

real	7m59.017s
user	0m0.015s
sys	0m0.000s
