[2026-01-24 16:36:15,418] - [root] - [INFO] - leaf_correlation_mw.py
[2026-01-24 16:36:15,418] - [root] - [INFO] - model_type       : ResNet
[2026-01-24 16:36:15,418] - [root] - [INFO] - pretrained       : True
[2026-01-24 16:36:15,418] - [root] - [INFO] - loading_epoch    : 65
[2026-01-24 16:36:15,418] - [root] - [INFO] - timestamp        : Jan22_10-21-00_2026
[2026-01-24 16:36:15,418] - [root] - [INFO] - outdim           : 2
[2026-01-24 16:36:15,419] - [root] - [INFO] - dual_head        : True
[2026-01-24 16:36:15,419] - [root] - [INFO] - model_path       : ../..
[2026-01-24 16:36:15,419] - [root] - [INFO] - step_size        : 224
[2026-01-24 16:36:15,419] - [root] - [INFO] - means            : [0.541, 0.6371, 0.4188]
[2026-01-24 16:36:15,419] - [root] - [INFO] - stds             : [0.1764, 0.165, 0.2326]
[2026-01-24 16:36:15,419] - [root] - [INFO] - target_class     : 1
[2026-01-24 16:36:15,419] - [root] - [INFO] - contam_control   : False
[2026-01-24 16:36:15,419] - [root] - [INFO] - spor_th          : 0.7
[2026-01-24 16:36:15,419] - [root] - [INFO] - inf_gate         : 0.5
[2026-01-24 16:36:15,420] - [root] - [INFO] - pm               : HPM-1269
[2026-01-24 16:36:15,420] - [root] - [INFO] - mps              : False
[2026-01-24 16:36:15,420] - [root] - [INFO] - cuda             : True
[2026-01-24 16:36:15,420] - [root] - [INFO] - cuda_id          : 0
[2026-01-24 16:36:15,420] - [root] - [INFO] - sal_threshold    : 0.5
[2026-01-24 16:36:15,420] - [root] - [INFO] - up_threshold     : 0.5
[2026-01-24 16:36:15,420] - [root] - [INFO] - down_threshold   : 0.3
[2026-01-24 16:36:15,420] - [root] - [INFO] - dataset_path     : C:/Users/Intel User/Desktop/blackbird_scripts/data/human_disk_assessments
[2026-01-24 16:36:15,420] - [root] - [INFO] - img_folder       : 1-22-2026
[2026-01-24 16:36:15,420] - [root] - [INFO] - platform         : BlackBird
[2026-01-24 16:36:15,420] - [root] - [INFO] - threshold        : ['0.7']
[2026-01-24 16:36:15,420] - [root] - [INFO] - log              : ../../results/logs/random.log
[2026-01-24 16:36:15,420] - [root] - [INFO] - dpi              : 10
[2026-01-24 16:36:15,420] - [root] - [INFO] - group            : baseline
[2026-01-24 16:36:15,421] - [root] - [INFO] - trays            : ['10dpi']
[2026-01-24 16:36:15,421] - [root] - [INFO] - sal_gradcam      : False
[2026-01-24 16:36:15,421] - [root] - [INFO] - sal_gradient     : True
[2026-01-24 16:36:15,421] - [root] - [INFO] - sal_smoothgrad   : False
[2026-01-24 16:36:15,421] - [root] - [INFO] - sal_deeplift     : False
[2026-01-24 16:36:15,421] - [root] - [INFO] - sal_thresh_method : fixed
[2026-01-24 16:36:15,421] - [root] - [INFO] - sal_thresh_p     : 95.0
[2026-01-24 16:36:16,715] - [root] - [INFO] - -------------------------------------------
[2026-01-24 16:36:16,715] - [root] - [INFO] - Processing 1-22-2026 10dpi 046-W2021009-208_R2.png
[2026-01-24 16:36:38,284] - [root] - [INFO] - Finished loading mask: 0m 21s
[2026-01-24 16:36:50,105] - [root] - [INFO] - Finished crop and inference: 0m 33s
[2026-01-24 16:36:52,030] - [root] - [INFO] - Analysis finished: 0m 35s
[2026-01-24 16:36:52,031] - [root] - [INFO] - -------------------------------------------
[2026-01-24 16:36:52,031] - [root] - [INFO] - -------------------------------------------
[2026-01-24 16:36:52,031] - [root] - [INFO] - Processing 1-22-2026 10dpi 151-W2021011-479_R2.png
[2026-01-24 16:37:14,532] - [root] - [INFO] - Finished loading mask: 0m 22s
[2026-01-24 16:37:42,660] - [root] - [INFO] - Finished crop and inference: 0m 50s
[2026-01-24 16:37:44,648] - [root] - [INFO] - Analysis finished: 0m 52s
[2026-01-24 16:37:44,649] - [root] - [INFO] - -------------------------------------------
[2026-01-24 16:37:44,649] - [root] - [INFO] - -------------------------------------------
[2026-01-24 16:37:44,649] - [root] - [INFO] - Processing 1-22-2026 10dpi 152-W2021010-301_R2.png
[2026-01-24 16:38:06,935] - [root] - [INFO] - Finished loading mask: 0m 22s
[2026-01-24 16:38:19,048] - [root] - [INFO] - Finished crop and inference: 0m 34s
[2026-01-24 16:38:20,976] - [root] - [INFO] - Analysis finished: 0m 36s
[2026-01-24 16:38:20,976] - [root] - [INFO] - -------------------------------------------
[2026-01-24 16:38:20,976] - [root] - [INFO] - -------------------------------------------
[2026-01-24 16:38:20,976] - [root] - [INFO] - Processing 1-22-2026 10dpi 152-W2021011-479_R1.png
[2026-01-24 16:38:43,636] - [root] - [INFO] - Finished loading mask: 0m 22s
[2026-01-24 16:39:02,941] - [root] - [INFO] - Finished crop and inference: 0m 41s
[2026-01-24 16:39:04,935] - [root] - [INFO] - Analysis finished: 0m 43s
[2026-01-24 16:39:04,936] - [root] - [INFO] - -------------------------------------------
[2026-01-24 16:39:04,936] - [root] - [INFO] - -------------------------------------------
[2026-01-24 16:39:04,936] - [root] - [INFO] - Processing 1-22-2026 10dpi 162-W2021011-551_R2.png
[2026-01-24 16:39:27,089] - [root] - [INFO] - Finished loading mask: 0m 22s
[2026-01-24 16:39:55,597] - [root] - [INFO] - Finished crop and inference: 0m 50s
[2026-01-24 16:39:57,681] - [root] - [INFO] - Analysis finished: 0m 52s
[2026-01-24 16:39:57,682] - [root] - [INFO] - -------------------------------------------
[2026-01-24 16:39:57,682] - [root] - [INFO] - -------------------------------------------
[2026-01-24 16:39:57,682] - [root] - [INFO] - Processing 1-22-2026 10dpi 166-W2021006-123_R1.png
[2026-01-24 16:40:19,571] - [root] - [INFO] - Finished loading mask: 0m 21s
[2026-01-24 16:40:29,853] - [root] - [INFO] - Finished crop and inference: 0m 32s
[2026-01-24 16:40:31,915] - [root] - [INFO] - Analysis finished: 0m 34s
[2026-01-24 16:40:31,915] - [root] - [INFO] - -------------------------------------------
[2026-01-24 16:40:31,916] - [root] - [INFO] - -------------------------------------------
[2026-01-24 16:40:31,916] - [root] - [INFO] - Processing 1-22-2026 10dpi 166-W2021006-146_R1.png
[2026-01-24 16:40:53,974] - [root] - [INFO] - Finished loading mask: 0m 22s
[2026-01-24 16:41:15,503] - [root] - [INFO] - Finished crop and inference: 0m 43s
[2026-01-24 16:41:17,524] - [root] - [INFO] - Analysis finished: 0m 45s
[2026-01-24 16:41:17,524] - [root] - [INFO] - -------------------------------------------
[2026-01-24 16:41:17,524] - [root] - [INFO] - -------------------------------------------
[2026-01-24 16:41:17,524] - [root] - [INFO] - Processing 1-22-2026 10dpi 166-W2021006-146_R2.png
[2026-01-24 16:41:39,829] - [root] - [INFO] - Finished loading mask: 0m 22s
[2026-01-24 16:41:53,973] - [root] - [INFO] - Finished crop and inference: 0m 36s
[2026-01-24 16:41:56,011] - [root] - [INFO] - Analysis finished: 0m 38s
[2026-01-24 16:41:56,012] - [root] - [INFO] - -------------------------------------------
[2026-01-24 16:41:56,012] - [root] - [INFO] - -------------------------------------------
[2026-01-24 16:41:56,012] - [root] - [INFO] - Processing 1-22-2026 10dpi 171-W2021011-584_R1.png
[2026-01-24 16:42:18,440] - [root] - [INFO] - Finished loading mask: 0m 22s
[2026-01-24 16:42:44,281] - [root] - [INFO] - Finished crop and inference: 0m 48s
[2026-01-24 16:42:46,435] - [root] - [INFO] - Analysis finished: 0m 50s
[2026-01-24 16:42:46,435] - [root] - [INFO] - -------------------------------------------
[2026-01-24 16:42:46,435] - [root] - [INFO] - -------------------------------------------
[2026-01-24 16:42:46,435] - [root] - [INFO] - Processing 1-22-2026 10dpi 181-W2021009-295_R2.png
[2026-01-24 16:43:08,879] - [root] - [INFO] - Finished loading mask: 0m 22s
[2026-01-24 16:43:24,914] - [root] - [INFO] - Finished crop and inference: 0m 38s
[2026-01-24 16:43:26,967] - [root] - [INFO] - Analysis finished: 0m 40s
[2026-01-24 16:43:26,967] - [root] - [INFO] - -------------------------------------------
[2026-01-24 16:43:26,967] - [root] - [INFO] - -------------------------------------------
[2026-01-24 16:43:26,967] - [root] - [INFO] - Processing 1-22-2026 10dpi 182-W2021009-251_R1.png
[2026-01-24 16:43:49,463] - [root] - [INFO] - Finished loading mask: 0m 22s
[2026-01-24 16:44:02,194] - [root] - [INFO] - Finished crop and inference: 0m 35s
[2026-01-24 16:44:04,371] - [root] - [INFO] - Analysis finished: 0m 37s
[2026-01-24 16:44:04,371] - [root] - [INFO] - -------------------------------------------
[2026-01-24 16:44:04,371] - [root] - [INFO] - -------------------------------------------
[2026-01-24 16:44:04,371] - [root] - [INFO] - Processing 1-22-2026 10dpi 192-W2021010-449_R2.png
[2026-01-24 16:44:25,921] - [root] - [INFO] - Finished loading mask: 0m 21s
[2026-01-24 16:44:48,337] - [root] - [INFO] - Finished crop and inference: 0m 43s
[2026-01-24 16:44:50,474] - [root] - [INFO] - Analysis finished: 0m 46s
[2026-01-24 16:44:50,475] - [root] - [INFO] - -------------------------------------------
[2026-01-24 16:44:50,475] - [root] - [INFO] - -------------------------------------------
[2026-01-24 16:44:50,475] - [root] - [INFO] - Processing 1-22-2026 10dpi 206-W2021009-271_R2.png
[2026-01-24 16:45:12,993] - [root] - [INFO] - Finished loading mask: 0m 22s
[2026-01-24 16:45:40,704] - [root] - [INFO] - Finished crop and inference: 0m 50s
[2026-01-24 16:45:42,841] - [root] - [INFO] - Analysis finished: 0m 52s
[2026-01-24 16:45:42,841] - [root] - [INFO] - -------------------------------------------
[2026-01-24 16:45:42,841] - [root] - [INFO] - -------------------------------------------
[2026-01-24 16:45:42,841] - [root] - [INFO] - Processing 1-22-2026 10dpi 207-W2021009-271_R1.png
[2026-01-24 16:46:01,954] - [root] - [INFO] - Finished loading mask: 0m 19s
[2026-01-24 16:46:16,435] - [root] - [INFO] - Finished crop and inference: 0m 33s
[2026-01-24 16:46:18,614] - [root] - [INFO] - Analysis finished: 0m 35s
[2026-01-24 16:46:18,614] - [root] - [INFO] - -------------------------------------------
[2026-01-24 16:46:18,614] - [root] - [INFO] - -------------------------------------------
[2026-01-24 16:46:18,614] - [root] - [INFO] - Processing 1-22-2026 10dpi 233-W2021006-607_R1.png
[2026-01-24 16:46:37,824] - [root] - [INFO] - Finished loading mask: 0m 19s
[2026-01-24 16:46:51,452] - [root] - [INFO] - Finished crop and inference: 0m 32s
[2026-01-24 16:46:53,545] - [root] - [INFO] - Analysis finished: 0m 34s
[2026-01-24 16:46:53,545] - [root] - [INFO] - -------------------------------------------
[2026-01-24 16:46:53,562] - [root] - [INFO] - Saved C:\Users\Intel User\Desktop\blackbird_scripts\data\Results\ResNet_upth0.5_downth0.3_Jan22_10-21-00_2026\1-22-2026\th_0.7\severity_rate_tray_10dpi_u0.5_d0.3_ig0.5_sp0.7_20260124_164618.csv
             timestamp time_elapsed  ... severity_rate_patch Gradient_sr2
0  2026-01-24 16:36:16       0m 35s  ...                5.27         0.15

[1 rows x 26 columns]
             timestamp time_elapsed  ... severity_rate_patch Gradient_sr2
0  2026-01-24 16:36:16       0m 35s  ...                5.27         0.15
1  2026-01-24 16:36:52       0m 52s  ...               98.89         3.04

[2 rows x 26 columns]
             timestamp time_elapsed  ... severity_rate_patch Gradient_sr2
0  2026-01-24 16:36:16       0m 35s  ...                5.27         0.15
1  2026-01-24 16:36:52       0m 52s  ...               98.89         3.04
2  2026-01-24 16:37:44       0m 36s  ...                2.30         0.06

[3 rows x 26 columns]
             timestamp time_elapsed  ... severity_rate_patch Gradient_sr2
0  2026-01-24 16:36:16       0m 35s  ...                5.27         0.15
1  2026-01-24 16:36:52       0m 52s  ...               98.89         3.04
2  2026-01-24 16:37:44       0m 36s  ...                2.30         0.06
3  2026-01-24 16:38:20       0m 43s  ...               44.21         1.29

[4 rows x 26 columns]
             timestamp time_elapsed  ... severity_rate_patch Gradient_sr2
0  2026-01-24 16:36:16       0m 35s  ...                5.27         0.15
1  2026-01-24 16:36:52       0m 52s  ...               98.89         3.04
2  2026-01-24 16:37:44       0m 36s  ...                2.30         0.06
3  2026-01-24 16:38:20       0m 43s  ...               44.21         1.29
4  2026-01-24 16:39:04       0m 52s  ...               83.22         2.38

[5 rows x 26 columns]
             timestamp time_elapsed  ... severity_rate_patch Gradient_sr2
0  2026-01-24 16:36:16       0m 35s  ...                5.27         0.15
1  2026-01-24 16:36:52       0m 52s  ...               98.89         3.04
2  2026-01-24 16:37:44       0m 36s  ...                2.30         0.06
3  2026-01-24 16:38:20       0m 43s  ...               44.21         1.29
4  2026-01-24 16:39:04       0m 52s  ...               83.22         2.38
5  2026-01-24 16:39:57       0m 34s  ...                1.96         0.05

[6 rows x 26 columns]
             timestamp time_elapsed  ... severity_rate_patch Gradient_sr2
0  2026-01-24 16:36:16       0m 35s  ...                5.27         0.15
1  2026-01-24 16:36:52       0m 52s  ...               98.89         3.04
2  2026-01-24 16:37:44       0m 36s  ...                2.30         0.06
3  2026-01-24 16:38:20       0m 43s  ...               44.21         1.29
4  2026-01-24 16:39:04       0m 52s  ...               83.22         2.38
5  2026-01-24 16:39:57       0m 34s  ...                1.96         0.05
6  2026-01-24 16:40:31       0m 45s  ...               53.69         1.56

[7 rows x 26 columns]
             timestamp time_elapsed  ... severity_rate_patch Gradient_sr2
0  2026-01-24 16:36:16       0m 35s  ...                5.27         0.15
1  2026-01-24 16:36:52       0m 52s  ...               98.89         3.04
2  2026-01-24 16:37:44       0m 36s  ...                2.30         0.06
3  2026-01-24 16:38:20       0m 43s  ...               44.21         1.29
4  2026-01-24 16:39:04       0m 52s  ...               83.22         2.38
5  2026-01-24 16:39:57       0m 34s  ...                1.96         0.05
6  2026-01-24 16:40:31       0m 45s  ...               53.69         1.56
7  2026-01-24 16:41:17       0m 38s  ...               18.13         0.50

[8 rows x 26 columns]
             timestamp time_elapsed  ... severity_rate_patch Gradient_sr2
0  2026-01-24 16:36:16       0m 35s  ...                5.27         0.15
1  2026-01-24 16:36:52       0m 52s  ...               98.89         3.04
2  2026-01-24 16:37:44       0m 36s  ...                2.30         0.06
3  2026-01-24 16:38:20       0m 43s  ...               44.21         1.29
4  2026-01-24 16:39:04       0m 52s  ...               83.22         2.38
5  2026-01-24 16:39:57       0m 34s  ...                1.96         0.05
6  2026-01-24 16:40:31       0m 45s  ...               53.69         1.56
7  2026-01-24 16:41:17       0m 38s  ...               18.13         0.50
8  2026-01-24 16:41:56       0m 50s  ...               69.75         1.97

[9 rows x 26 columns]
             timestamp time_elapsed  ... severity_rate_patch Gradient_sr2
0  2026-01-24 16:36:16       0m 35s  ...                5.27         0.15
1  2026-01-24 16:36:52       0m 52s  ...               98.89         3.04
2  2026-01-24 16:37:44       0m 36s  ...                2.30         0.06
3  2026-01-24 16:38:20       0m 43s  ...               44.21         1.29
4  2026-01-24 16:39:04       0m 52s  ...               83.22         2.38
5  2026-01-24 16:39:57       0m 34s  ...                1.96         0.05
6  2026-01-24 16:40:31       0m 45s  ...               53.69         1.56
7  2026-01-24 16:41:17       0m 38s  ...               18.13         0.50
8  2026-01-24 16:41:56       0m 50s  ...               69.75         1.97
9  2026-01-24 16:42:46       0m 40s  ...               28.82         0.81

[10 rows x 26 columns]
              timestamp time_elapsed  ... severity_rate_patch Gradient_sr2
0   2026-01-24 16:36:16       0m 35s  ...                5.27         0.15
1   2026-01-24 16:36:52       0m 52s  ...               98.89         3.04
2   2026-01-24 16:37:44       0m 36s  ...                2.30         0.06
3   2026-01-24 16:38:20       0m 43s  ...               44.21         1.29
4   2026-01-24 16:39:04       0m 52s  ...               83.22         2.38
5   2026-01-24 16:39:57       0m 34s  ...                1.96         0.05
6   2026-01-24 16:40:31       0m 45s  ...               53.69         1.56
7   2026-01-24 16:41:17       0m 38s  ...               18.13         0.50
8   2026-01-24 16:41:56       0m 50s  ...               69.75         1.97
9   2026-01-24 16:42:46       0m 40s  ...               28.82         0.81
10  2026-01-24 16:43:26       0m 37s  ...                9.41         0.26

[11 rows x 26 columns]
              timestamp time_elapsed  ... severity_rate_patch Gradient_sr2
0   2026-01-24 16:36:16       0m 35s  ...                5.27         0.15
1   2026-01-24 16:36:52       0m 52s  ...               98.89         3.04
2   2026-01-24 16:37:44       0m 36s  ...                2.30         0.06
3   2026-01-24 16:38:20       0m 43s  ...               44.21         1.29
4   2026-01-24 16:39:04       0m 52s  ...               83.22         2.38
5   2026-01-24 16:39:57       0m 34s  ...                1.96         0.05
6   2026-01-24 16:40:31       0m 45s  ...               53.69         1.56
7   2026-01-24 16:41:17       0m 38s  ...               18.13         0.50
8   2026-01-24 16:41:56       0m 50s  ...               69.75         1.97
9   2026-01-24 16:42:46       0m 40s  ...               28.82         0.81
10  2026-01-24 16:43:26       0m 37s  ...                9.41         0.26
11  2026-01-24 16:44:04       0m 46s  ...               66.82         1.88

[12 rows x 26 columns]
              timestamp time_elapsed  ... severity_rate_patch Gradient_sr2
0   2026-01-24 16:36:16       0m 35s  ...                5.27         0.15
1   2026-01-24 16:36:52       0m 52s  ...               98.89         3.04
2   2026-01-24 16:37:44       0m 36s  ...                2.30         0.06
3   2026-01-24 16:38:20       0m 43s  ...               44.21         1.29
4   2026-01-24 16:39:04       0m 52s  ...               83.22         2.38
5   2026-01-24 16:39:57       0m 34s  ...                1.96         0.05
6   2026-01-24 16:40:31       0m 45s  ...               53.69         1.56
7   2026-01-24 16:41:17       0m 38s  ...               18.13         0.50
8   2026-01-24 16:41:56       0m 50s  ...               69.75         1.97
9   2026-01-24 16:42:46       0m 40s  ...               28.82         0.81
10  2026-01-24 16:43:26       0m 37s  ...                9.41         0.26
11  2026-01-24 16:44:04       0m 46s  ...               66.82         1.88
12  2026-01-24 16:44:50       0m 52s  ...               83.74         2.44

[13 rows x 26 columns]
              timestamp time_elapsed  ... severity_rate_patch Gradient_sr2
0   2026-01-24 16:36:16       0m 35s  ...                5.27         0.15
1   2026-01-24 16:36:52       0m 52s  ...               98.89         3.04
2   2026-01-24 16:37:44       0m 36s  ...                2.30         0.06
3   2026-01-24 16:38:20       0m 43s  ...               44.21         1.29
4   2026-01-24 16:39:04       0m 52s  ...               83.22         2.38
5   2026-01-24 16:39:57       0m 34s  ...                1.96         0.05
6   2026-01-24 16:40:31       0m 45s  ...               53.69         1.56
7   2026-01-24 16:41:17       0m 38s  ...               18.13         0.50
8   2026-01-24 16:41:56       0m 50s  ...               69.75         1.97
9   2026-01-24 16:42:46       0m 40s  ...               28.82         0.81
10  2026-01-24 16:43:26       0m 37s  ...                9.41         0.26
11  2026-01-24 16:44:04       0m 46s  ...               66.82         1.88
12  2026-01-24 16:44:50       0m 52s  ...               83.74         2.44
13  2026-01-24 16:45:42       0m 35s  ...               41.80         1.16

[14 rows x 26 columns]
              timestamp time_elapsed  ... severity_rate_patch Gradient_sr2
0   2026-01-24 16:36:16       0m 35s  ...                5.27         0.15
1   2026-01-24 16:36:52       0m 52s  ...               98.89         3.04
2   2026-01-24 16:37:44       0m 36s  ...                2.30         0.06
3   2026-01-24 16:38:20       0m 43s  ...               44.21         1.29
4   2026-01-24 16:39:04       0m 52s  ...               83.22         2.38
5   2026-01-24 16:39:57       0m 34s  ...                1.96         0.05
6   2026-01-24 16:40:31       0m 45s  ...               53.69         1.56
7   2026-01-24 16:41:17       0m 38s  ...               18.13         0.50
8   2026-01-24 16:41:56       0m 50s  ...               69.75         1.97
9   2026-01-24 16:42:46       0m 40s  ...               28.82         0.81
10  2026-01-24 16:43:26       0m 37s  ...                9.41         0.26
11  2026-01-24 16:44:04       0m 46s  ...               66.82         1.88
12  2026-01-24 16:44:50       0m 52s  ...               83.74         2.44
13  2026-01-24 16:45:42       0m 35s  ...               41.80         1.16
14  2026-01-24 16:46:18       0m 34s  ...               23.99         0.63

[15 rows x 26 columns]

real	10m47.319s
user	0m0.015s
sys	0m0.000s
