[2026-01-24 16:04:52,993] - [root] - [INFO] - leaf_correlation_mw.py
[2026-01-24 16:04:52,995] - [root] - [INFO] - model_type       : ResNet
[2026-01-24 16:04:52,995] - [root] - [INFO] - pretrained       : True
[2026-01-24 16:04:52,995] - [root] - [INFO] - loading_epoch    : 65
[2026-01-24 16:04:52,995] - [root] - [INFO] - timestamp        : Jan22_10-21-00_2026
[2026-01-24 16:04:52,995] - [root] - [INFO] - outdim           : 2
[2026-01-24 16:04:52,995] - [root] - [INFO] - dual_head        : True
[2026-01-24 16:04:52,995] - [root] - [INFO] - model_path       : ../..
[2026-01-24 16:04:52,995] - [root] - [INFO] - step_size        : 224
[2026-01-24 16:04:52,995] - [root] - [INFO] - means            : [0.541, 0.6371, 0.4188]
[2026-01-24 16:04:52,995] - [root] - [INFO] - stds             : [0.1764, 0.165, 0.2326]
[2026-01-24 16:04:52,995] - [root] - [INFO] - target_class     : 1
[2026-01-24 16:04:52,995] - [root] - [INFO] - contam_control   : False
[2026-01-24 16:04:52,995] - [root] - [INFO] - spor_th          : 0.7
[2026-01-24 16:04:52,995] - [root] - [INFO] - inf_gate         : 0.5
[2026-01-24 16:04:52,995] - [root] - [INFO] - pm               : HPM-1269
[2026-01-24 16:04:52,995] - [root] - [INFO] - mps              : False
[2026-01-24 16:04:52,995] - [root] - [INFO] - cuda             : True
[2026-01-24 16:04:52,997] - [root] - [INFO] - cuda_id          : 0
[2026-01-24 16:04:52,997] - [root] - [INFO] - sal_threshold    : 0.5
[2026-01-24 16:04:52,997] - [root] - [INFO] - up_threshold     : 0.8
[2026-01-24 16:04:52,997] - [root] - [INFO] - down_threshold   : 0.3
[2026-01-24 16:04:52,997] - [root] - [INFO] - dataset_path     : C:/Users/Intel User/Desktop/blackbird_scripts/data/human_disk_assessments
[2026-01-24 16:04:52,997] - [root] - [INFO] - img_folder       : 1-22-2026
[2026-01-24 16:04:52,997] - [root] - [INFO] - platform         : BlackBird
[2026-01-24 16:04:52,997] - [root] - [INFO] - threshold        : ['0.7']
[2026-01-24 16:04:52,997] - [root] - [INFO] - log              : ../../results/logs/random.log
[2026-01-24 16:04:52,997] - [root] - [INFO] - dpi              : 5
[2026-01-24 16:04:52,997] - [root] - [INFO] - group            : baseline
[2026-01-24 16:04:52,997] - [root] - [INFO] - trays            : ['5dpi']
[2026-01-24 16:04:52,997] - [root] - [INFO] - sal_gradcam      : False
[2026-01-24 16:04:52,997] - [root] - [INFO] - sal_gradient     : True
[2026-01-24 16:04:52,997] - [root] - [INFO] - sal_smoothgrad   : False
[2026-01-24 16:04:52,997] - [root] - [INFO] - sal_deeplift     : False
[2026-01-24 16:04:52,997] - [root] - [INFO] - sal_thresh_method : fixed
[2026-01-24 16:04:52,997] - [root] - [INFO] - sal_thresh_p     : 95.0
[2026-01-24 16:04:54,188] - [root] - [INFO] - -------------------------------------------
[2026-01-24 16:04:54,188] - [root] - [INFO] - Processing 1-22-2026 5dpi 005-W2021011-592_R2.png
[2026-01-24 16:05:16,329] - [root] - [INFO] - Finished loading mask: 0m 22s
[2026-01-24 16:05:26,878] - [root] - [INFO] - Finished crop and inference: 0m 32s
[2026-01-24 16:05:28,503] - [root] - [INFO] - Analysis finished: 0m 34s
[2026-01-24 16:05:28,503] - [root] - [INFO] - -------------------------------------------
[2026-01-24 16:05:28,503] - [root] - [INFO] - -------------------------------------------
[2026-01-24 16:05:28,503] - [root] - [INFO] - Processing 1-22-2026 5dpi 022-W2021009-198_R2.png
[2026-01-24 16:05:50,159] - [root] - [INFO] - Finished loading mask: 0m 21s
[2026-01-24 16:06:03,818] - [root] - [INFO] - Finished crop and inference: 0m 35s
[2026-01-24 16:06:05,780] - [root] - [INFO] - Analysis finished: 0m 37s
[2026-01-24 16:06:05,781] - [root] - [INFO] - -------------------------------------------
[2026-01-24 16:06:05,781] - [root] - [INFO] - -------------------------------------------
[2026-01-24 16:06:05,781] - [root] - [INFO] - Processing 1-22-2026 5dpi 047-W2021011-482_R1.png
[2026-01-24 16:06:27,756] - [root] - [INFO] - Finished loading mask: 0m 21s
[2026-01-24 16:06:43,565] - [root] - [INFO] - Finished crop and inference: 0m 37s
[2026-01-24 16:06:45,327] - [root] - [INFO] - Analysis finished: 0m 39s
[2026-01-24 16:06:45,327] - [root] - [INFO] - -------------------------------------------
[2026-01-24 16:06:45,327] - [root] - [INFO] - -------------------------------------------
[2026-01-24 16:06:45,327] - [root] - [INFO] - Processing 1-22-2026 5dpi 055-W2021010-397_R2.png
[2026-01-24 16:07:07,272] - [root] - [INFO] - Finished loading mask: 0m 21s
[2026-01-24 16:07:19,305] - [root] - [INFO] - Finished crop and inference: 0m 33s
[2026-01-24 16:07:21,147] - [root] - [INFO] - Analysis finished: 0m 35s
[2026-01-24 16:07:21,148] - [root] - [INFO] - -------------------------------------------
[2026-01-24 16:07:21,148] - [root] - [INFO] - -------------------------------------------
[2026-01-24 16:07:21,148] - [root] - [INFO] - Processing 1-22-2026 5dpi 121-W2021009-185_R1.png
[2026-01-24 16:07:42,899] - [root] - [INFO] - Finished loading mask: 0m 21s
[2026-01-24 16:07:53,566] - [root] - [INFO] - Finished crop and inference: 0m 32s
[2026-01-24 16:07:55,487] - [root] - [INFO] - Analysis finished: 0m 34s
[2026-01-24 16:07:55,487] - [root] - [INFO] - -------------------------------------------
[2026-01-24 16:07:55,487] - [root] - [INFO] - -------------------------------------------
[2026-01-24 16:07:55,487] - [root] - [INFO] - Processing 1-22-2026 5dpi 128-W2021006-013_R1.png
[2026-01-24 16:08:17,341] - [root] - [INFO] - Finished loading mask: 0m 21s
[2026-01-24 16:08:38,714] - [root] - [INFO] - Finished crop and inference: 0m 43s
[2026-01-24 16:08:40,432] - [root] - [INFO] - Analysis finished: 0m 44s
[2026-01-24 16:08:40,433] - [root] - [INFO] - -------------------------------------------
[2026-01-24 16:08:40,433] - [root] - [INFO] - -------------------------------------------
[2026-01-24 16:08:40,433] - [root] - [INFO] - Processing 1-22-2026 5dpi 149-W2021010-417_R1.png
[2026-01-24 16:09:02,221] - [root] - [INFO] - Finished loading mask: 0m 21s
[2026-01-24 16:09:15,607] - [root] - [INFO] - Finished crop and inference: 0m 35s
[2026-01-24 16:09:17,358] - [root] - [INFO] - Analysis finished: 0m 36s
[2026-01-24 16:09:17,359] - [root] - [INFO] - -------------------------------------------
[2026-01-24 16:09:17,359] - [root] - [INFO] - -------------------------------------------
[2026-01-24 16:09:17,359] - [root] - [INFO] - Processing 1-22-2026 5dpi 156-W2021009-276_R2.png
[2026-01-24 16:09:38,878] - [root] - [INFO] - Finished loading mask: 0m 21s
[2026-01-24 16:09:53,008] - [root] - [INFO] - Finished crop and inference: 0m 35s
[2026-01-24 16:09:54,779] - [root] - [INFO] - Analysis finished: 0m 37s
[2026-01-24 16:09:54,779] - [root] - [INFO] - -------------------------------------------
[2026-01-24 16:09:54,779] - [root] - [INFO] - -------------------------------------------
[2026-01-24 16:09:54,779] - [root] - [INFO] - Processing 1-22-2026 5dpi 172-W2021011-557_R2.png
[2026-01-24 16:10:16,793] - [root] - [INFO] - Finished loading mask: 0m 22s
[2026-01-24 16:10:30,873] - [root] - [INFO] - Finished crop and inference: 0m 36s
[2026-01-24 16:10:32,705] - [root] - [INFO] - Analysis finished: 0m 37s
[2026-01-24 16:10:32,706] - [root] - [INFO] - -------------------------------------------
[2026-01-24 16:10:32,706] - [root] - [INFO] - -------------------------------------------
[2026-01-24 16:10:32,706] - [root] - [INFO] - Processing 1-22-2026 5dpi 180-W2021011-476_R2.png
[2026-01-24 16:10:54,571] - [root] - [INFO] - Finished loading mask: 0m 21s
[2026-01-24 16:11:16,938] - [root] - [INFO] - Finished crop and inference: 0m 44s
[2026-01-24 16:11:18,758] - [root] - [INFO] - Analysis finished: 0m 46s
[2026-01-24 16:11:18,758] - [root] - [INFO] - -------------------------------------------
[2026-01-24 16:11:18,758] - [root] - [INFO] - -------------------------------------------
[2026-01-24 16:11:18,758] - [root] - [INFO] - Processing 1-22-2026 5dpi 183-W2021009-295_R1.png
[2026-01-24 16:11:40,201] - [root] - [INFO] - Finished loading mask: 0m 21s
[2026-01-24 16:11:51,963] - [root] - [INFO] - Finished crop and inference: 0m 33s
[2026-01-24 16:11:53,942] - [root] - [INFO] - Analysis finished: 0m 35s
[2026-01-24 16:11:53,942] - [root] - [INFO] - -------------------------------------------
[2026-01-24 16:11:53,943] - [root] - [INFO] - -------------------------------------------
[2026-01-24 16:11:53,943] - [root] - [INFO] - Processing 1-22-2026 5dpi 187-W2021010-348_R2.png
[2026-01-24 16:12:15,809] - [root] - [INFO] - Finished loading mask: 0m 21s
[2026-01-24 16:12:39,242] - [root] - [INFO] - Finished crop and inference: 0m 45s
[2026-01-24 16:12:41,155] - [root] - [INFO] - Analysis finished: 0m 47s
[2026-01-24 16:12:41,155] - [root] - [INFO] - -------------------------------------------
[2026-01-24 16:12:41,155] - [root] - [INFO] - -------------------------------------------
[2026-01-24 16:12:41,156] - [root] - [INFO] - Processing 1-22-2026 5dpi 206-W2021010-344_R1.png
[2026-01-24 16:13:02,767] - [root] - [INFO] - Finished loading mask: 0m 21s
[2026-01-24 16:13:14,775] - [root] - [INFO] - Finished crop and inference: 0m 33s
[2026-01-24 16:13:16,644] - [root] - [INFO] - Analysis finished: 0m 35s
[2026-01-24 16:13:16,645] - [root] - [INFO] - -------------------------------------------
[2026-01-24 16:13:16,645] - [root] - [INFO] - -------------------------------------------
[2026-01-24 16:13:16,645] - [root] - [INFO] - Processing 1-22-2026 5dpi 208-W2021009-268_R2.png
[2026-01-24 16:13:37,784] - [root] - [INFO] - Finished loading mask: 0m 21s
[2026-01-24 16:13:55,187] - [root] - [INFO] - Finished crop and inference: 0m 38s
[2026-01-24 16:13:57,004] - [root] - [INFO] - Analysis finished: 0m 40s
[2026-01-24 16:13:57,004] - [root] - [INFO] - -------------------------------------------
[2026-01-24 16:13:57,004] - [root] - [INFO] - -------------------------------------------
[2026-01-24 16:13:57,004] - [root] - [INFO] - Processing 1-22-2026 5dpi 254-W2021010-352_R2.png
[2026-01-24 16:14:18,256] - [root] - [INFO] - Finished loading mask: 0m 21s
[2026-01-24 16:14:28,785] - [root] - [INFO] - Finished crop and inference: 0m 31s
[2026-01-24 16:14:30,925] - [root] - [INFO] - Analysis finished: 0m 33s
[2026-01-24 16:14:30,925] - [root] - [INFO] - -------------------------------------------
[2026-01-24 16:14:30,936] - [root] - [INFO] - Saved C:\Users\Intel User\Desktop\blackbird_scripts\data\Results\ResNet_upth0.8_downth0.3_Jan22_10-21-00_2026\1-22-2026\th_0.7\severity_rate_tray_5dpi_u0.8_d0.3_ig0.5_sp0.7_20260124_161357.csv
             timestamp time_elapsed  ... severity_rate_patch Gradient_sr2
0  2026-01-24 16:04:54       0m 34s  ...                0.84         0.02

[1 rows x 26 columns]
             timestamp time_elapsed  ... severity_rate_patch Gradient_sr2
0  2026-01-24 16:04:54       0m 34s  ...                0.84         0.02
1  2026-01-24 16:05:28       0m 37s  ...               13.64         0.35

[2 rows x 26 columns]
             timestamp time_elapsed  ... severity_rate_patch Gradient_sr2
0  2026-01-24 16:04:54       0m 34s  ...                0.84         0.02
1  2026-01-24 16:05:28       0m 37s  ...               13.64         0.35
2  2026-01-24 16:06:05       0m 39s  ...               37.72         1.10

[3 rows x 26 columns]
             timestamp time_elapsed  ... severity_rate_patch Gradient_sr2
0  2026-01-24 16:04:54       0m 34s  ...                0.84         0.02
1  2026-01-24 16:05:28       0m 37s  ...               13.64         0.35
2  2026-01-24 16:06:05       0m 39s  ...               37.72         1.10
3  2026-01-24 16:06:45       0m 35s  ...                8.02         0.21

[4 rows x 26 columns]
             timestamp time_elapsed  ... severity_rate_patch Gradient_sr2
0  2026-01-24 16:04:54       0m 34s  ...                0.84         0.02
1  2026-01-24 16:05:28       0m 37s  ...               13.64         0.35
2  2026-01-24 16:06:05       0m 39s  ...               37.72         1.10
3  2026-01-24 16:06:45       0m 35s  ...                8.02         0.21
4  2026-01-24 16:07:21       0m 34s  ...                7.73         0.21

[5 rows x 26 columns]
             timestamp time_elapsed  ... severity_rate_patch Gradient_sr2
0  2026-01-24 16:04:54       0m 34s  ...                0.84         0.02
1  2026-01-24 16:05:28       0m 37s  ...               13.64         0.35
2  2026-01-24 16:06:05       0m 39s  ...               37.72         1.10
3  2026-01-24 16:06:45       0m 35s  ...                8.02         0.21
4  2026-01-24 16:07:21       0m 34s  ...                7.73         0.21
5  2026-01-24 16:07:55       0m 44s  ...               73.16         1.96

[6 rows x 26 columns]
             timestamp time_elapsed  ... severity_rate_patch Gradient_sr2
0  2026-01-24 16:04:54       0m 34s  ...                0.84         0.02
1  2026-01-24 16:05:28       0m 37s  ...               13.64         0.35
2  2026-01-24 16:06:05       0m 39s  ...               37.72         1.10
3  2026-01-24 16:06:45       0m 35s  ...                8.02         0.21
4  2026-01-24 16:07:21       0m 34s  ...                7.73         0.21
5  2026-01-24 16:07:55       0m 44s  ...               73.16         1.96
6  2026-01-24 16:08:40       0m 36s  ...               10.82         0.31

[7 rows x 26 columns]
             timestamp time_elapsed  ... severity_rate_patch Gradient_sr2
0  2026-01-24 16:04:54       0m 34s  ...                0.84         0.02
1  2026-01-24 16:05:28       0m 37s  ...               13.64         0.35
2  2026-01-24 16:06:05       0m 39s  ...               37.72         1.10
3  2026-01-24 16:06:45       0m 35s  ...                8.02         0.21
4  2026-01-24 16:07:21       0m 34s  ...                7.73         0.21
5  2026-01-24 16:07:55       0m 44s  ...               73.16         1.96
6  2026-01-24 16:08:40       0m 36s  ...               10.82         0.31
7  2026-01-24 16:09:17       0m 37s  ...                6.57         0.17

[8 rows x 26 columns]
             timestamp time_elapsed  ... severity_rate_patch Gradient_sr2
0  2026-01-24 16:04:54       0m 34s  ...                0.84         0.02
1  2026-01-24 16:05:28       0m 37s  ...               13.64         0.35
2  2026-01-24 16:06:05       0m 39s  ...               37.72         1.10
3  2026-01-24 16:06:45       0m 35s  ...                8.02         0.21
4  2026-01-24 16:07:21       0m 34s  ...                7.73         0.21
5  2026-01-24 16:07:55       0m 44s  ...               73.16         1.96
6  2026-01-24 16:08:40       0m 36s  ...               10.82         0.31
7  2026-01-24 16:09:17       0m 37s  ...                6.57         0.17
8  2026-01-24 16:09:54       0m 37s  ...                7.52         0.21

[9 rows x 26 columns]
             timestamp time_elapsed  ... severity_rate_patch Gradient_sr2
0  2026-01-24 16:04:54       0m 34s  ...                0.84         0.02
1  2026-01-24 16:05:28       0m 37s  ...               13.64         0.35
2  2026-01-24 16:06:05       0m 39s  ...               37.72         1.10
3  2026-01-24 16:06:45       0m 35s  ...                8.02         0.21
4  2026-01-24 16:07:21       0m 34s  ...                7.73         0.21
5  2026-01-24 16:07:55       0m 44s  ...               73.16         1.96
6  2026-01-24 16:08:40       0m 36s  ...               10.82         0.31
7  2026-01-24 16:09:17       0m 37s  ...                6.57         0.17
8  2026-01-24 16:09:54       0m 37s  ...                7.52         0.21
9  2026-01-24 16:10:32       0m 46s  ...               74.32         2.00

[10 rows x 26 columns]
              timestamp time_elapsed  ... severity_rate_patch Gradient_sr2
0   2026-01-24 16:04:54       0m 34s  ...                0.84         0.02
1   2026-01-24 16:05:28       0m 37s  ...               13.64         0.35
2   2026-01-24 16:06:05       0m 39s  ...               37.72         1.10
3   2026-01-24 16:06:45       0m 35s  ...                8.02         0.21
4   2026-01-24 16:07:21       0m 34s  ...                7.73         0.21
5   2026-01-24 16:07:55       0m 44s  ...               73.16         1.96
6   2026-01-24 16:08:40       0m 36s  ...               10.82         0.31
7   2026-01-24 16:09:17       0m 37s  ...                6.57         0.17
8   2026-01-24 16:09:54       0m 37s  ...                7.52         0.21
9   2026-01-24 16:10:32       0m 46s  ...               74.32         2.00
10  2026-01-24 16:11:18       0m 35s  ...                5.70         0.15

[11 rows x 26 columns]
              timestamp time_elapsed  ... severity_rate_patch Gradient_sr2
0   2026-01-24 16:04:54       0m 34s  ...                0.84         0.02
1   2026-01-24 16:05:28       0m 37s  ...               13.64         0.35
2   2026-01-24 16:06:05       0m 39s  ...               37.72         1.10
3   2026-01-24 16:06:45       0m 35s  ...                8.02         0.21
4   2026-01-24 16:07:21       0m 34s  ...                7.73         0.21
5   2026-01-24 16:07:55       0m 44s  ...               73.16         1.96
6   2026-01-24 16:08:40       0m 36s  ...               10.82         0.31
7   2026-01-24 16:09:17       0m 37s  ...                6.57         0.17
8   2026-01-24 16:09:54       0m 37s  ...                7.52         0.21
9   2026-01-24 16:10:32       0m 46s  ...               74.32         2.00
10  2026-01-24 16:11:18       0m 35s  ...                5.70         0.15
11  2026-01-24 16:11:53       0m 47s  ...               81.62         2.37

[12 rows x 26 columns]
              timestamp time_elapsed  ... severity_rate_patch Gradient_sr2
0   2026-01-24 16:04:54       0m 34s  ...                0.84         0.02
1   2026-01-24 16:05:28       0m 37s  ...               13.64         0.35
2   2026-01-24 16:06:05       0m 39s  ...               37.72         1.10
3   2026-01-24 16:06:45       0m 35s  ...                8.02         0.21
4   2026-01-24 16:07:21       0m 34s  ...                7.73         0.21
5   2026-01-24 16:07:55       0m 44s  ...               73.16         1.96
6   2026-01-24 16:08:40       0m 36s  ...               10.82         0.31
7   2026-01-24 16:09:17       0m 37s  ...                6.57         0.17
8   2026-01-24 16:09:54       0m 37s  ...                7.52         0.21
9   2026-01-24 16:10:32       0m 46s  ...               74.32         2.00
10  2026-01-24 16:11:18       0m 35s  ...                5.70         0.15
11  2026-01-24 16:11:53       0m 47s  ...               81.62         2.37
12  2026-01-24 16:12:41       0m 35s  ...                4.36         0.12

[13 rows x 26 columns]
              timestamp time_elapsed  ... severity_rate_patch Gradient_sr2
0   2026-01-24 16:04:54       0m 34s  ...                0.84         0.02
1   2026-01-24 16:05:28       0m 37s  ...               13.64         0.35
2   2026-01-24 16:06:05       0m 39s  ...               37.72         1.10
3   2026-01-24 16:06:45       0m 35s  ...                8.02         0.21
4   2026-01-24 16:07:21       0m 34s  ...                7.73         0.21
5   2026-01-24 16:07:55       0m 44s  ...               73.16         1.96
6   2026-01-24 16:08:40       0m 36s  ...               10.82         0.31
7   2026-01-24 16:09:17       0m 37s  ...                6.57         0.17
8   2026-01-24 16:09:54       0m 37s  ...                7.52         0.21
9   2026-01-24 16:10:32       0m 46s  ...               74.32         2.00
10  2026-01-24 16:11:18       0m 35s  ...                5.70         0.15
11  2026-01-24 16:11:53       0m 47s  ...               81.62         2.37
12  2026-01-24 16:12:41       0m 35s  ...                4.36         0.12
13  2026-01-24 16:13:16       0m 40s  ...               27.38         0.69

[14 rows x 26 columns]
              timestamp time_elapsed  ... severity_rate_patch Gradient_sr2
0   2026-01-24 16:04:54       0m 34s  ...                0.84         0.02
1   2026-01-24 16:05:28       0m 37s  ...               13.64         0.35
2   2026-01-24 16:06:05       0m 39s  ...               37.72         1.10
3   2026-01-24 16:06:45       0m 35s  ...                8.02         0.21
4   2026-01-24 16:07:21       0m 34s  ...                7.73         0.21
5   2026-01-24 16:07:55       0m 44s  ...               73.16         1.96
6   2026-01-24 16:08:40       0m 36s  ...               10.82         0.31
7   2026-01-24 16:09:17       0m 37s  ...                6.57         0.17
8   2026-01-24 16:09:54       0m 37s  ...                7.52         0.21
9   2026-01-24 16:10:32       0m 46s  ...               74.32         2.00
10  2026-01-24 16:11:18       0m 35s  ...                5.70         0.15
11  2026-01-24 16:11:53       0m 47s  ...               81.62         2.37
12  2026-01-24 16:12:41       0m 35s  ...                4.36         0.12
13  2026-01-24 16:13:16       0m 40s  ...               27.38         0.69
14  2026-01-24 16:13:57       0m 33s  ...                1.44         0.04

[15 rows x 26 columns]

real	9m44.653s
user	0m0.015s
sys	0m0.000s
