[2026-01-23 18:13:12,884] - [root] - [INFO] - leaf_correlation_mw.py
[2026-01-23 18:13:12,884] - [root] - [INFO] - model_type       : ResNet
[2026-01-23 18:13:12,884] - [root] - [INFO] - pretrained       : True
[2026-01-23 18:13:12,884] - [root] - [INFO] - loading_epoch    : 65
[2026-01-23 18:13:12,884] - [root] - [INFO] - timestamp        : Jan22_10-21-00_2026
[2026-01-23 18:13:12,885] - [root] - [INFO] - outdim           : 2
[2026-01-23 18:13:12,885] - [root] - [INFO] - dual_head        : True
[2026-01-23 18:13:12,885] - [root] - [INFO] - model_path       : ../..
[2026-01-23 18:13:12,885] - [root] - [INFO] - step_size        : 224
[2026-01-23 18:13:12,885] - [root] - [INFO] - means            : [0.541, 0.6371, 0.4188]
[2026-01-23 18:13:12,885] - [root] - [INFO] - stds             : [0.1764, 0.165, 0.2326]
[2026-01-23 18:13:12,885] - [root] - [INFO] - target_class     : 1
[2026-01-23 18:13:12,885] - [root] - [INFO] - contam_control   : False
[2026-01-23 18:13:12,885] - [root] - [INFO] - spor_th          : 0.7
[2026-01-23 18:13:12,885] - [root] - [INFO] - inf_gate         : 0.6
[2026-01-23 18:13:12,885] - [root] - [INFO] - pm               : HPM-1269
[2026-01-23 18:13:12,885] - [root] - [INFO] - mps              : False
[2026-01-23 18:13:12,885] - [root] - [INFO] - cuda             : True
[2026-01-23 18:13:12,885] - [root] - [INFO] - cuda_id          : 0
[2026-01-23 18:13:12,886] - [root] - [INFO] - sal_threshold    : 0.5
[2026-01-23 18:13:12,886] - [root] - [INFO] - up_threshold     : 0.8
[2026-01-23 18:13:12,886] - [root] - [INFO] - down_threshold   : 0.1
[2026-01-23 18:13:12,886] - [root] - [INFO] - dataset_path     : C:/Users/Intel User/Desktop/blackbird_scripts/data/human_disk_assessments
[2026-01-23 18:13:12,886] - [root] - [INFO] - img_folder       : 1-22-2026
[2026-01-23 18:13:12,886] - [root] - [INFO] - platform         : BlackBird
[2026-01-23 18:13:12,886] - [root] - [INFO] - threshold        : ['0.7']
[2026-01-23 18:13:12,886] - [root] - [INFO] - log              : ../../results/logs/random.log
[2026-01-23 18:13:12,886] - [root] - [INFO] - dpi              : 5
[2026-01-23 18:13:12,886] - [root] - [INFO] - group            : baseline
[2026-01-23 18:13:12,886] - [root] - [INFO] - trays            : ['5dpi']
[2026-01-23 18:13:12,886] - [root] - [INFO] - sal_gradcam      : False
[2026-01-23 18:13:12,886] - [root] - [INFO] - sal_gradient     : True
[2026-01-23 18:13:12,886] - [root] - [INFO] - sal_smoothgrad   : False
[2026-01-23 18:13:12,886] - [root] - [INFO] - sal_deeplift     : False
[2026-01-23 18:13:12,886] - [root] - [INFO] - sal_thresh_method : fixed
[2026-01-23 18:13:12,886] - [root] - [INFO] - sal_thresh_p     : 95.0
[2026-01-23 18:13:14,126] - [root] - [INFO] - -------------------------------------------
[2026-01-23 18:13:14,127] - [root] - [INFO] - Processing 1-22-2026 5dpi 015-W2021009-160_R1.png
[2026-01-23 18:13:35,931] - [root] - [INFO] - Finished loading mask: 0m 21s
[2026-01-23 18:13:48,749] - [root] - [INFO] - Finished crop and inference: 0m 34s
[2026-01-23 18:13:50,187] - [root] - [INFO] - Analysis finished: 0m 36s
[2026-01-23 18:13:50,187] - [root] - [INFO] - -------------------------------------------
[2026-01-23 18:13:50,187] - [root] - [INFO] - -------------------------------------------
[2026-01-23 18:13:50,187] - [root] - [INFO] - Processing 1-22-2026 5dpi 015-W2021011-633_R1.png
[2026-01-23 18:14:12,072] - [root] - [INFO] - Finished loading mask: 0m 21s
[2026-01-23 18:14:24,493] - [root] - [INFO] - Finished crop and inference: 0m 34s
[2026-01-23 18:14:26,058] - [root] - [INFO] - Analysis finished: 0m 35s
[2026-01-23 18:14:26,058] - [root] - [INFO] - -------------------------------------------
[2026-01-23 18:14:26,058] - [root] - [INFO] - -------------------------------------------
[2026-01-23 18:14:26,058] - [root] - [INFO] - Processing 1-22-2026 5dpi 019-W2021010-428_R2.png
[2026-01-23 18:14:47,528] - [root] - [INFO] - Finished loading mask: 0m 21s
[2026-01-23 18:14:55,795] - [root] - [INFO] - Finished crop and inference: 0m 29s
[2026-01-23 18:14:57,335] - [root] - [INFO] - Analysis finished: 0m 31s
[2026-01-23 18:14:57,335] - [root] - [INFO] - -------------------------------------------
[2026-01-23 18:14:57,335] - [root] - [INFO] - -------------------------------------------
[2026-01-23 18:14:57,336] - [root] - [INFO] - Processing 1-22-2026 5dpi 021-W2021009-175_R1.png
[2026-01-23 18:15:18,804] - [root] - [INFO] - Finished loading mask: 0m 21s
[2026-01-23 18:15:28,147] - [root] - [INFO] - Finished crop and inference: 0m 30s
[2026-01-23 18:15:29,686] - [root] - [INFO] - Analysis finished: 0m 32s
[2026-01-23 18:15:29,686] - [root] - [INFO] - -------------------------------------------
[2026-01-23 18:15:29,686] - [root] - [INFO] - -------------------------------------------
[2026-01-23 18:15:29,686] - [root] - [INFO] - Processing 1-22-2026 5dpi 022-W2021009-198_R2.png
[2026-01-23 18:15:51,335] - [root] - [INFO] - Finished loading mask: 0m 21s
[2026-01-23 18:16:02,516] - [root] - [INFO] - Finished crop and inference: 0m 32s
[2026-01-23 18:16:04,022] - [root] - [INFO] - Analysis finished: 0m 34s
[2026-01-23 18:16:04,022] - [root] - [INFO] - -------------------------------------------
[2026-01-23 18:16:04,022] - [root] - [INFO] - -------------------------------------------
[2026-01-23 18:16:04,022] - [root] - [INFO] - Processing 1-22-2026 5dpi 036-W2021006-047_R2.png
[2026-01-23 18:16:25,376] - [root] - [INFO] - Finished loading mask: 0m 21s
[2026-01-23 18:16:34,262] - [root] - [INFO] - Finished crop and inference: 0m 30s
[2026-01-23 18:16:35,852] - [root] - [INFO] - Analysis finished: 0m 31s
[2026-01-23 18:16:35,852] - [root] - [INFO] - -------------------------------------------
[2026-01-23 18:16:35,852] - [root] - [INFO] - -------------------------------------------
[2026-01-23 18:16:35,852] - [root] - [INFO] - Processing 1-22-2026 5dpi 060-W2021010-324_R2.png
[2026-01-23 18:16:57,443] - [root] - [INFO] - Finished loading mask: 0m 21s
[2026-01-23 18:17:06,750] - [root] - [INFO] - Finished crop and inference: 0m 30s
[2026-01-23 18:17:08,309] - [root] - [INFO] - Analysis finished: 0m 32s
[2026-01-23 18:17:08,309] - [root] - [INFO] - -------------------------------------------
[2026-01-23 18:17:08,309] - [root] - [INFO] - -------------------------------------------
[2026-01-23 18:17:08,309] - [root] - [INFO] - Processing 1-22-2026 5dpi 099-W2021006-611_R2.png
[2026-01-23 18:17:30,803] - [root] - [INFO] - Finished loading mask: 0m 22s
[2026-01-23 18:17:45,826] - [root] - [INFO] - Finished crop and inference: 0m 37s
[2026-01-23 18:17:47,380] - [root] - [INFO] - Analysis finished: 0m 39s
[2026-01-23 18:17:47,380] - [root] - [INFO] - -------------------------------------------
[2026-01-23 18:17:47,380] - [root] - [INFO] - -------------------------------------------
[2026-01-23 18:17:47,380] - [root] - [INFO] - Processing 1-22-2026 5dpi 123-W2021009-255_R2.png
[2026-01-23 18:18:08,367] - [root] - [INFO] - Finished loading mask: 0m 20s
[2026-01-23 18:18:19,625] - [root] - [INFO] - Finished crop and inference: 0m 32s
[2026-01-23 18:18:21,270] - [root] - [INFO] - Analysis finished: 0m 33s
[2026-01-23 18:18:21,270] - [root] - [INFO] - -------------------------------------------
[2026-01-23 18:18:21,270] - [root] - [INFO] - -------------------------------------------
[2026-01-23 18:18:21,270] - [root] - [INFO] - Processing 1-22-2026 5dpi 141-W2021009-274_R1.png
[2026-01-23 18:18:43,891] - [root] - [INFO] - Finished loading mask: 0m 22s
[2026-01-23 18:19:07,417] - [root] - [INFO] - Finished crop and inference: 0m 46s
[2026-01-23 18:19:09,039] - [root] - [INFO] - Analysis finished: 0m 47s
[2026-01-23 18:19:09,039] - [root] - [INFO] - -------------------------------------------
[2026-01-23 18:19:09,040] - [root] - [INFO] - -------------------------------------------
[2026-01-23 18:19:09,040] - [root] - [INFO] - Processing 1-22-2026 5dpi 173-W2021006-127_R2.png
[2026-01-23 18:19:31,019] - [root] - [INFO] - Finished loading mask: 0m 21s
[2026-01-23 18:19:39,986] - [root] - [INFO] - Finished crop and inference: 0m 30s
[2026-01-23 18:19:41,550] - [root] - [INFO] - Analysis finished: 0m 32s
[2026-01-23 18:19:41,550] - [root] - [INFO] - -------------------------------------------
[2026-01-23 18:19:41,551] - [root] - [INFO] - -------------------------------------------
[2026-01-23 18:19:41,551] - [root] - [INFO] - Processing 1-22-2026 5dpi 191-W2021010-449_R1.png
[2026-01-23 18:20:03,266] - [root] - [INFO] - Finished loading mask: 0m 21s
[2026-01-23 18:20:15,402] - [root] - [INFO] - Finished crop and inference: 0m 33s
[2026-01-23 18:20:16,937] - [root] - [INFO] - Analysis finished: 0m 35s
[2026-01-23 18:20:16,937] - [root] - [INFO] - -------------------------------------------
[2026-01-23 18:20:16,937] - [root] - [INFO] - -------------------------------------------
[2026-01-23 18:20:16,937] - [root] - [INFO] - Processing 1-22-2026 5dpi 254-W2021010-352_R2.png
[2026-01-23 18:20:37,772] - [root] - [INFO] - Finished loading mask: 0m 20s
[2026-01-23 18:20:45,319] - [root] - [INFO] - Finished crop and inference: 0m 28s
[2026-01-23 18:20:46,995] - [root] - [INFO] - Analysis finished: 0m 30s
[2026-01-23 18:20:46,995] - [root] - [INFO] - -------------------------------------------
[2026-01-23 18:20:46,996] - [root] - [INFO] - -------------------------------------------
[2026-01-23 18:20:46,996] - [root] - [INFO] - Processing 1-22-2026 5dpi 266-W2021009-193_R1.png
[2026-01-23 18:21:09,016] - [root] - [INFO] - Finished loading mask: 0m 22s
[2026-01-23 18:21:18,359] - [root] - [INFO] - Finished crop and inference: 0m 31s
[2026-01-23 18:21:20,052] - [root] - [INFO] - Analysis finished: 0m 33s
[2026-01-23 18:21:20,052] - [root] - [INFO] - -------------------------------------------
[2026-01-23 18:21:20,053] - [root] - [INFO] - -------------------------------------------
[2026-01-23 18:21:20,053] - [root] - [INFO] - Processing 1-22-2026 5dpi 336-W2021011-506_R2.png
[2026-01-23 18:21:41,032] - [root] - [INFO] - Finished loading mask: 0m 20s
[2026-01-23 18:21:55,816] - [root] - [INFO] - Finished crop and inference: 0m 35s
[2026-01-23 18:21:57,375] - [root] - [INFO] - Analysis finished: 0m 37s
[2026-01-23 18:21:57,375] - [root] - [INFO] - -------------------------------------------
[2026-01-23 18:21:57,386] - [root] - [INFO] - Saved C:\Users\Intel User\Desktop\blackbird_scripts\data\Results\ResNet_upth0.8_downth0.1_Jan22_10-21-00_2026\1-22-2026\th_0.7\severity_rate_tray_5dpi_u0.8_d0.1_ig0.6_sp0.7.csv
             timestamp time_elapsed  ... severity_rate_patch Gradient_sr2
0  2026-01-23 18:13:14       0m 36s  ...               34.32         0.76

[1 rows x 24 columns]
             timestamp time_elapsed  ... severity_rate_patch Gradient_sr2
0  2026-01-23 18:13:14       0m 36s  ...               34.32         0.76
1  2026-01-23 18:13:50       0m 35s  ...               17.97         0.49

[2 rows x 24 columns]
             timestamp time_elapsed  ... severity_rate_patch Gradient_sr2
0  2026-01-23 18:13:14       0m 36s  ...               34.32         0.76
1  2026-01-23 18:13:50       0m 35s  ...               17.97         0.49
2  2026-01-23 18:14:26       0m 31s  ...                0.98         0.02

[3 rows x 24 columns]
             timestamp time_elapsed  ... severity_rate_patch Gradient_sr2
0  2026-01-23 18:13:14       0m 36s  ...               34.32         0.76
1  2026-01-23 18:13:50       0m 35s  ...               17.97         0.49
2  2026-01-23 18:14:26       0m 31s  ...                0.98         0.02
3  2026-01-23 18:14:57       0m 32s  ...                2.22         0.06

[4 rows x 24 columns]
             timestamp time_elapsed  ... severity_rate_patch Gradient_sr2
0  2026-01-23 18:13:14       0m 36s  ...               34.32         0.76
1  2026-01-23 18:13:50       0m 35s  ...               17.97         0.49
2  2026-01-23 18:14:26       0m 31s  ...                0.98         0.02
3  2026-01-23 18:14:57       0m 32s  ...                2.22         0.06
4  2026-01-23 18:15:29       0m 34s  ...               15.61         0.35

[5 rows x 24 columns]
             timestamp time_elapsed  ... severity_rate_patch Gradient_sr2
0  2026-01-23 18:13:14       0m 36s  ...               34.32         0.76
1  2026-01-23 18:13:50       0m 35s  ...               17.97         0.49
2  2026-01-23 18:14:26       0m 31s  ...                0.98         0.02
3  2026-01-23 18:14:57       0m 32s  ...                2.22         0.06
4  2026-01-23 18:15:29       0m 34s  ...               15.61         0.35
5  2026-01-23 18:16:04       0m 31s  ...                0.76         0.02

[6 rows x 24 columns]
             timestamp time_elapsed  ... severity_rate_patch Gradient_sr2
0  2026-01-23 18:13:14       0m 36s  ...               34.32         0.76
1  2026-01-23 18:13:50       0m 35s  ...               17.97         0.49
2  2026-01-23 18:14:26       0m 31s  ...                0.98         0.02
3  2026-01-23 18:14:57       0m 32s  ...                2.22         0.06
4  2026-01-23 18:15:29       0m 34s  ...               15.61         0.35
5  2026-01-23 18:16:04       0m 31s  ...                0.76         0.02
6  2026-01-23 18:16:35       0m 32s  ...                2.03         0.05

[7 rows x 24 columns]
             timestamp time_elapsed  ... severity_rate_patch Gradient_sr2
0  2026-01-23 18:13:14       0m 36s  ...               34.32         0.76
1  2026-01-23 18:13:50       0m 35s  ...               17.97         0.49
2  2026-01-23 18:14:26       0m 31s  ...                0.98         0.02
3  2026-01-23 18:14:57       0m 32s  ...                2.22         0.06
4  2026-01-23 18:15:29       0m 34s  ...               15.61         0.35
5  2026-01-23 18:16:04       0m 31s  ...                0.76         0.02
6  2026-01-23 18:16:35       0m 32s  ...                2.03         0.05
7  2026-01-23 18:17:08       0m 39s  ...               43.65         1.03

[8 rows x 24 columns]
             timestamp time_elapsed  ... severity_rate_patch Gradient_sr2
0  2026-01-23 18:13:14       0m 36s  ...               34.32         0.76
1  2026-01-23 18:13:50       0m 35s  ...               17.97         0.49
2  2026-01-23 18:14:26       0m 31s  ...                0.98         0.02
3  2026-01-23 18:14:57       0m 32s  ...                2.22         0.06
4  2026-01-23 18:15:29       0m 34s  ...               15.61         0.35
5  2026-01-23 18:16:04       0m 31s  ...                0.76         0.02
6  2026-01-23 18:16:35       0m 32s  ...                2.03         0.05
7  2026-01-23 18:17:08       0m 39s  ...               43.65         1.03
8  2026-01-23 18:17:47       0m 33s  ...                9.57         0.20

[9 rows x 24 columns]
             timestamp time_elapsed  ... severity_rate_patch Gradient_sr2
0  2026-01-23 18:13:14       0m 36s  ...               34.32         0.76
1  2026-01-23 18:13:50       0m 35s  ...               17.97         0.49
2  2026-01-23 18:14:26       0m 31s  ...                0.98         0.02
3  2026-01-23 18:14:57       0m 32s  ...                2.22         0.06
4  2026-01-23 18:15:29       0m 34s  ...               15.61         0.35
5  2026-01-23 18:16:04       0m 31s  ...                0.76         0.02
6  2026-01-23 18:16:35       0m 32s  ...                2.03         0.05
7  2026-01-23 18:17:08       0m 39s  ...               43.65         1.03
8  2026-01-23 18:17:47       0m 33s  ...                9.57         0.20
9  2026-01-23 18:18:21       0m 47s  ...               86.46         2.54

[10 rows x 24 columns]
              timestamp time_elapsed  ... severity_rate_patch Gradient_sr2
0   2026-01-23 18:13:14       0m 36s  ...               34.32         0.76
1   2026-01-23 18:13:50       0m 35s  ...               17.97         0.49
2   2026-01-23 18:14:26       0m 31s  ...                0.98         0.02
3   2026-01-23 18:14:57       0m 32s  ...                2.22         0.06
4   2026-01-23 18:15:29       0m 34s  ...               15.61         0.35
5   2026-01-23 18:16:04       0m 31s  ...                0.76         0.02
6   2026-01-23 18:16:35       0m 32s  ...                2.03         0.05
7   2026-01-23 18:17:08       0m 39s  ...               43.65         1.03
8   2026-01-23 18:17:47       0m 33s  ...                9.57         0.20
9   2026-01-23 18:18:21       0m 47s  ...               86.46         2.54
10  2026-01-23 18:19:09       0m 32s  ...                1.20         0.03

[11 rows x 24 columns]
              timestamp time_elapsed  ... severity_rate_patch Gradient_sr2
0   2026-01-23 18:13:14       0m 36s  ...               34.32         0.76
1   2026-01-23 18:13:50       0m 35s  ...               17.97         0.49
2   2026-01-23 18:14:26       0m 31s  ...                0.98         0.02
3   2026-01-23 18:14:57       0m 32s  ...                2.22         0.06
4   2026-01-23 18:15:29       0m 34s  ...               15.61         0.35
5   2026-01-23 18:16:04       0m 31s  ...                0.76         0.02
6   2026-01-23 18:16:35       0m 32s  ...                2.03         0.05
7   2026-01-23 18:17:08       0m 39s  ...               43.65         1.03
8   2026-01-23 18:17:47       0m 33s  ...                9.57         0.20
9   2026-01-23 18:18:21       0m 47s  ...               86.46         2.54
10  2026-01-23 18:19:09       0m 32s  ...                1.20         0.03
11  2026-01-23 18:19:41       0m 35s  ...               20.29         0.53

[12 rows x 24 columns]
              timestamp time_elapsed  ... severity_rate_patch Gradient_sr2
0   2026-01-23 18:13:14       0m 36s  ...               34.32         0.76
1   2026-01-23 18:13:50       0m 35s  ...               17.97         0.49
2   2026-01-23 18:14:26       0m 31s  ...                0.98         0.02
3   2026-01-23 18:14:57       0m 32s  ...                2.22         0.06
4   2026-01-23 18:15:29       0m 34s  ...               15.61         0.35
5   2026-01-23 18:16:04       0m 31s  ...                0.76         0.02
6   2026-01-23 18:16:35       0m 32s  ...                2.03         0.05
7   2026-01-23 18:17:08       0m 39s  ...               43.65         1.03
8   2026-01-23 18:17:47       0m 33s  ...                9.57         0.20
9   2026-01-23 18:18:21       0m 47s  ...               86.46         2.54
10  2026-01-23 18:19:09       0m 32s  ...                1.20         0.03
11  2026-01-23 18:19:41       0m 35s  ...               20.29         0.53
12  2026-01-23 18:20:16       0m 30s  ...                1.48         0.04

[13 rows x 24 columns]
              timestamp time_elapsed  ... severity_rate_patch Gradient_sr2
0   2026-01-23 18:13:14       0m 36s  ...               34.32         0.76
1   2026-01-23 18:13:50       0m 35s  ...               17.97         0.49
2   2026-01-23 18:14:26       0m 31s  ...                0.98         0.02
3   2026-01-23 18:14:57       0m 32s  ...                2.22         0.06
4   2026-01-23 18:15:29       0m 34s  ...               15.61         0.35
5   2026-01-23 18:16:04       0m 31s  ...                0.76         0.02
6   2026-01-23 18:16:35       0m 32s  ...                2.03         0.05
7   2026-01-23 18:17:08       0m 39s  ...               43.65         1.03
8   2026-01-23 18:17:47       0m 33s  ...                9.57         0.20
9   2026-01-23 18:18:21       0m 47s  ...               86.46         2.54
10  2026-01-23 18:19:09       0m 32s  ...                1.20         0.03
11  2026-01-23 18:19:41       0m 35s  ...               20.29         0.53
12  2026-01-23 18:20:16       0m 30s  ...                1.48         0.04
13  2026-01-23 18:20:46       0m 33s  ...                7.69         0.20

[14 rows x 24 columns]
              timestamp time_elapsed  ... severity_rate_patch Gradient_sr2
0   2026-01-23 18:13:14       0m 36s  ...               34.32         0.76
1   2026-01-23 18:13:50       0m 35s  ...               17.97         0.49
2   2026-01-23 18:14:26       0m 31s  ...                0.98         0.02
3   2026-01-23 18:14:57       0m 32s  ...                2.22         0.06
4   2026-01-23 18:15:29       0m 34s  ...               15.61         0.35
5   2026-01-23 18:16:04       0m 31s  ...                0.76         0.02
6   2026-01-23 18:16:35       0m 32s  ...                2.03         0.05
7   2026-01-23 18:17:08       0m 39s  ...               43.65         1.03
8   2026-01-23 18:17:47       0m 33s  ...                9.57         0.20
9   2026-01-23 18:18:21       0m 47s  ...               86.46         2.54
10  2026-01-23 18:19:09       0m 32s  ...                1.20         0.03
11  2026-01-23 18:19:41       0m 35s  ...               20.29         0.53
12  2026-01-23 18:20:16       0m 30s  ...                1.48         0.04
13  2026-01-23 18:20:46       0m 33s  ...                7.69         0.20
14  2026-01-23 18:21:20       0m 37s  ...               45.76         1.18

[15 rows x 24 columns]

real	8m50.735s
user	0m0.000s
sys	0m0.000s
