[2026-01-24 17:32:38,252] - [root] - [INFO] - leaf_correlation_mw.py
[2026-01-24 17:32:38,252] - [root] - [INFO] - model_type       : ResNet
[2026-01-24 17:32:38,252] - [root] - [INFO] - pretrained       : True
[2026-01-24 17:32:38,252] - [root] - [INFO] - loading_epoch    : 65
[2026-01-24 17:32:38,252] - [root] - [INFO] - timestamp        : Jan22_10-21-00_2026
[2026-01-24 17:32:38,252] - [root] - [INFO] - outdim           : 2
[2026-01-24 17:32:38,252] - [root] - [INFO] - dual_head        : True
[2026-01-24 17:32:38,252] - [root] - [INFO] - model_path       : ../..
[2026-01-24 17:32:38,253] - [root] - [INFO] - step_size        : 224
[2026-01-24 17:32:38,253] - [root] - [INFO] - means            : [0.541, 0.6371, 0.4188]
[2026-01-24 17:32:38,253] - [root] - [INFO] - stds             : [0.1764, 0.165, 0.2326]
[2026-01-24 17:32:38,253] - [root] - [INFO] - target_class     : 1
[2026-01-24 17:32:38,253] - [root] - [INFO] - contam_control   : False
[2026-01-24 17:32:38,253] - [root] - [INFO] - spor_th          : 0.7
[2026-01-24 17:32:38,253] - [root] - [INFO] - inf_gate         : 0.3
[2026-01-24 17:32:38,253] - [root] - [INFO] - pm               : HPM-1269
[2026-01-24 17:32:38,253] - [root] - [INFO] - mps              : False
[2026-01-24 17:32:38,253] - [root] - [INFO] - cuda             : True
[2026-01-24 17:32:38,253] - [root] - [INFO] - cuda_id          : 0
[2026-01-24 17:32:38,253] - [root] - [INFO] - sal_threshold    : 0.5
[2026-01-24 17:32:38,253] - [root] - [INFO] - up_threshold     : 0.9
[2026-01-24 17:32:38,253] - [root] - [INFO] - down_threshold   : 0.3
[2026-01-24 17:32:38,253] - [root] - [INFO] - dataset_path     : C:/Users/Intel User/Desktop/blackbird_scripts/data/human_disk_assessments
[2026-01-24 17:32:38,253] - [root] - [INFO] - img_folder       : 1-22-2026
[2026-01-24 17:32:38,253] - [root] - [INFO] - platform         : BlackBird
[2026-01-24 17:32:38,253] - [root] - [INFO] - threshold        : ['0.7']
[2026-01-24 17:32:38,253] - [root] - [INFO] - log              : ../../results/logs/random.log
[2026-01-24 17:32:38,253] - [root] - [INFO] - dpi              : 5
[2026-01-24 17:32:38,254] - [root] - [INFO] - group            : baseline
[2026-01-24 17:32:38,254] - [root] - [INFO] - trays            : ['5dpi']
[2026-01-24 17:32:38,254] - [root] - [INFO] - sal_gradcam      : False
[2026-01-24 17:32:38,254] - [root] - [INFO] - sal_gradient     : True
[2026-01-24 17:32:38,254] - [root] - [INFO] - sal_smoothgrad   : False
[2026-01-24 17:32:38,254] - [root] - [INFO] - sal_deeplift     : False
[2026-01-24 17:32:38,254] - [root] - [INFO] - sal_thresh_method : fixed
[2026-01-24 17:32:38,254] - [root] - [INFO] - sal_thresh_p     : 95.0
[2026-01-24 17:32:39,364] - [root] - [INFO] - -------------------------------------------
[2026-01-24 17:32:39,365] - [root] - [INFO] - Processing 1-22-2026 5dpi 005-W2021011-592_R2.png
[2026-01-24 17:32:55,953] - [root] - [INFO] - Finished loading mask: 0m 16s
[2026-01-24 17:33:08,875] - [root] - [INFO] - Finished crop and inference: 0m 29s
[2026-01-24 17:33:13,326] - [root] - [INFO] - Analysis finished: 0m 33s
[2026-01-24 17:33:13,327] - [root] - [INFO] - -------------------------------------------
[2026-01-24 17:33:13,327] - [root] - [INFO] - -------------------------------------------
[2026-01-24 17:33:13,327] - [root] - [INFO] - Processing 1-22-2026 5dpi 022-W2021009-198_R2.png
[2026-01-24 17:33:29,913] - [root] - [INFO] - Finished loading mask: 0m 16s
[2026-01-24 17:33:45,023] - [root] - [INFO] - Finished crop and inference: 0m 31s
[2026-01-24 17:33:47,855] - [root] - [INFO] - Analysis finished: 0m 34s
[2026-01-24 17:33:47,856] - [root] - [INFO] - -------------------------------------------
[2026-01-24 17:33:47,856] - [root] - [INFO] - -------------------------------------------
[2026-01-24 17:33:47,856] - [root] - [INFO] - Processing 1-22-2026 5dpi 047-W2021011-482_R1.png
[2026-01-24 17:34:04,118] - [root] - [INFO] - Finished loading mask: 0m 16s
[2026-01-24 17:34:22,013] - [root] - [INFO] - Finished crop and inference: 0m 34s
[2026-01-24 17:34:24,358] - [root] - [INFO] - Analysis finished: 0m 36s
[2026-01-24 17:34:24,359] - [root] - [INFO] - -------------------------------------------
[2026-01-24 17:34:24,359] - [root] - [INFO] - -------------------------------------------
[2026-01-24 17:34:24,359] - [root] - [INFO] - Processing 1-22-2026 5dpi 055-W2021010-397_R2.png
[2026-01-24 17:34:40,846] - [root] - [INFO] - Finished loading mask: 0m 16s
[2026-01-24 17:34:54,620] - [root] - [INFO] - Finished crop and inference: 0m 30s
[2026-01-24 17:34:56,689] - [root] - [INFO] - Analysis finished: 0m 32s
[2026-01-24 17:34:56,689] - [root] - [INFO] - -------------------------------------------
[2026-01-24 17:34:56,689] - [root] - [INFO] - -------------------------------------------
[2026-01-24 17:34:56,689] - [root] - [INFO] - Processing 1-22-2026 5dpi 121-W2021009-185_R1.png
[2026-01-24 17:35:19,325] - [root] - [INFO] - Finished loading mask: 0m 22s
[2026-01-24 17:35:31,552] - [root] - [INFO] - Finished crop and inference: 0m 34s
[2026-01-24 17:35:33,651] - [root] - [INFO] - Analysis finished: 0m 36s
[2026-01-24 17:35:33,651] - [root] - [INFO] - -------------------------------------------
[2026-01-24 17:35:33,651] - [root] - [INFO] - -------------------------------------------
[2026-01-24 17:35:33,651] - [root] - [INFO] - Processing 1-22-2026 5dpi 128-W2021006-013_R1.png
[2026-01-24 17:35:56,581] - [root] - [INFO] - Finished loading mask: 0m 22s
[2026-01-24 17:36:18,798] - [root] - [INFO] - Finished crop and inference: 0m 45s
[2026-01-24 17:36:20,785] - [root] - [INFO] - Analysis finished: 0m 47s
[2026-01-24 17:36:20,785] - [root] - [INFO] - -------------------------------------------
[2026-01-24 17:36:20,786] - [root] - [INFO] - -------------------------------------------
[2026-01-24 17:36:20,786] - [root] - [INFO] - Processing 1-22-2026 5dpi 149-W2021010-417_R1.png
[2026-01-24 17:36:43,820] - [root] - [INFO] - Finished loading mask: 0m 23s
[2026-01-24 17:36:57,695] - [root] - [INFO] - Finished crop and inference: 0m 36s
[2026-01-24 17:36:59,557] - [root] - [INFO] - Analysis finished: 0m 38s
[2026-01-24 17:36:59,557] - [root] - [INFO] - -------------------------------------------
[2026-01-24 17:36:59,557] - [root] - [INFO] - -------------------------------------------
[2026-01-24 17:36:59,557] - [root] - [INFO] - Processing 1-22-2026 5dpi 156-W2021009-276_R2.png
[2026-01-24 17:37:19,379] - [root] - [INFO] - Finished loading mask: 0m 19s
[2026-01-24 17:37:32,869] - [root] - [INFO] - Finished crop and inference: 0m 33s
[2026-01-24 17:37:34,794] - [root] - [INFO] - Analysis finished: 0m 35s
[2026-01-24 17:37:34,795] - [root] - [INFO] - -------------------------------------------
[2026-01-24 17:37:34,795] - [root] - [INFO] - -------------------------------------------
[2026-01-24 17:37:34,795] - [root] - [INFO] - Processing 1-22-2026 5dpi 172-W2021011-557_R2.png
[2026-01-24 17:37:53,331] - [root] - [INFO] - Finished loading mask: 0m 18s
[2026-01-24 17:38:07,176] - [root] - [INFO] - Finished crop and inference: 0m 32s
[2026-01-24 17:38:09,096] - [root] - [INFO] - Analysis finished: 0m 34s
[2026-01-24 17:38:09,096] - [root] - [INFO] - -------------------------------------------
[2026-01-24 17:38:09,096] - [root] - [INFO] - -------------------------------------------
[2026-01-24 17:38:09,096] - [root] - [INFO] - Processing 1-22-2026 5dpi 180-W2021011-476_R2.png
[2026-01-24 17:38:27,746] - [root] - [INFO] - Finished loading mask: 0m 18s
[2026-01-24 17:38:48,911] - [root] - [INFO] - Finished crop and inference: 0m 39s
[2026-01-24 17:38:50,837] - [root] - [INFO] - Analysis finished: 0m 41s
[2026-01-24 17:38:50,837] - [root] - [INFO] - -------------------------------------------
[2026-01-24 17:38:50,838] - [root] - [INFO] - -------------------------------------------
[2026-01-24 17:38:50,838] - [root] - [INFO] - Processing 1-22-2026 5dpi 183-W2021009-295_R1.png
[2026-01-24 17:39:09,864] - [root] - [INFO] - Finished loading mask: 0m 19s
[2026-01-24 17:39:20,137] - [root] - [INFO] - Finished crop and inference: 0m 29s
[2026-01-24 17:39:22,072] - [root] - [INFO] - Analysis finished: 0m 31s
[2026-01-24 17:39:22,072] - [root] - [INFO] - -------------------------------------------
[2026-01-24 17:39:22,072] - [root] - [INFO] - -------------------------------------------
[2026-01-24 17:39:22,072] - [root] - [INFO] - Processing 1-22-2026 5dpi 187-W2021010-348_R2.png
[2026-01-24 17:39:41,582] - [root] - [INFO] - Finished loading mask: 0m 19s
[2026-01-24 17:40:07,338] - [root] - [INFO] - Finished crop and inference: 0m 45s
[2026-01-24 17:40:09,427] - [root] - [INFO] - Analysis finished: 0m 47s
[2026-01-24 17:40:09,428] - [root] - [INFO] - -------------------------------------------
[2026-01-24 17:40:09,428] - [root] - [INFO] - -------------------------------------------
[2026-01-24 17:40:09,428] - [root] - [INFO] - Processing 1-22-2026 5dpi 206-W2021010-344_R1.png
[2026-01-24 17:40:33,231] - [root] - [INFO] - Finished loading mask: 0m 23s
[2026-01-24 17:40:45,626] - [root] - [INFO] - Finished crop and inference: 0m 36s
[2026-01-24 17:40:47,645] - [root] - [INFO] - Analysis finished: 0m 38s
[2026-01-24 17:40:47,645] - [root] - [INFO] - -------------------------------------------
[2026-01-24 17:40:47,645] - [root] - [INFO] - -------------------------------------------
[2026-01-24 17:40:47,645] - [root] - [INFO] - Processing 1-22-2026 5dpi 208-W2021009-268_R2.png
[2026-01-24 17:41:12,878] - [root] - [INFO] - Finished loading mask: 0m 25s
[2026-01-24 17:41:27,323] - [root] - [INFO] - Finished crop and inference: 0m 39s
[2026-01-24 17:41:29,266] - [root] - [INFO] - Analysis finished: 0m 41s
[2026-01-24 17:41:29,266] - [root] - [INFO] - -------------------------------------------
[2026-01-24 17:41:29,267] - [root] - [INFO] - -------------------------------------------
[2026-01-24 17:41:29,267] - [root] - [INFO] - Processing 1-22-2026 5dpi 254-W2021010-352_R2.png
[2026-01-24 17:41:52,157] - [root] - [INFO] - Finished loading mask: 0m 22s
[2026-01-24 17:42:00,364] - [root] - [INFO] - Finished crop and inference: 0m 31s
[2026-01-24 17:42:02,102] - [root] - [INFO] - Analysis finished: 0m 32s
[2026-01-24 17:42:02,102] - [root] - [INFO] - -------------------------------------------
[2026-01-24 17:42:02,121] - [root] - [INFO] - Saved C:\Users\Intel User\Desktop\blackbird_scripts\data\Results\ResNet_upth0.9_downth0.3_Jan22_10-21-00_2026\1-22-2026\th_0.7\severity_rate_tray_5dpi_u0.9_d0.3_ig0.3_sp0.7_20260124_174129.csv
             timestamp time_elapsed  ... severity_rate_patch Gradient_sr2
0  2026-01-24 17:32:39       0m 33s  ...                0.84         0.02

[1 rows x 26 columns]
             timestamp time_elapsed  ... severity_rate_patch Gradient_sr2
0  2026-01-24 17:32:39       0m 33s  ...                0.84         0.02
1  2026-01-24 17:33:13       0m 34s  ...                9.98         0.24

[2 rows x 26 columns]
             timestamp time_elapsed  ... severity_rate_patch Gradient_sr2
0  2026-01-24 17:32:39       0m 33s  ...                0.84         0.02
1  2026-01-24 17:33:13       0m 34s  ...                9.98         0.24
2  2026-01-24 17:33:47       0m 36s  ...               36.69         1.06

[3 rows x 26 columns]
             timestamp time_elapsed  ... severity_rate_patch Gradient_sr2
0  2026-01-24 17:32:39       0m 33s  ...                0.84         0.02
1  2026-01-24 17:33:13       0m 34s  ...                9.98         0.24
2  2026-01-24 17:33:47       0m 36s  ...               36.69         1.06
3  2026-01-24 17:34:24       0m 32s  ...                7.00         0.18

[4 rows x 26 columns]
             timestamp time_elapsed  ... severity_rate_patch Gradient_sr2
0  2026-01-24 17:32:39       0m 33s  ...                0.84         0.02
1  2026-01-24 17:33:13       0m 34s  ...                9.98         0.24
2  2026-01-24 17:33:47       0m 36s  ...               36.69         1.06
3  2026-01-24 17:34:24       0m 32s  ...                7.00         0.18
4  2026-01-24 17:34:56       0m 36s  ...                6.28         0.16

[5 rows x 26 columns]
             timestamp time_elapsed  ... severity_rate_patch Gradient_sr2
0  2026-01-24 17:32:39       0m 33s  ...                0.84         0.02
1  2026-01-24 17:33:13       0m 34s  ...                9.98         0.24
2  2026-01-24 17:33:47       0m 36s  ...               36.69         1.06
3  2026-01-24 17:34:24       0m 32s  ...                7.00         0.18
4  2026-01-24 17:34:56       0m 36s  ...                6.28         0.16
5  2026-01-24 17:35:33       0m 47s  ...               72.21         1.87

[6 rows x 26 columns]
             timestamp time_elapsed  ... severity_rate_patch Gradient_sr2
0  2026-01-24 17:32:39       0m 33s  ...                0.84         0.02
1  2026-01-24 17:33:13       0m 34s  ...                9.98         0.24
2  2026-01-24 17:33:47       0m 36s  ...               36.69         1.06
3  2026-01-24 17:34:24       0m 32s  ...                7.00         0.18
4  2026-01-24 17:34:56       0m 36s  ...                6.28         0.16
5  2026-01-24 17:35:33       0m 47s  ...               72.21         1.87
6  2026-01-24 17:36:20       0m 38s  ...                9.86         0.27

[7 rows x 26 columns]
             timestamp time_elapsed  ... severity_rate_patch Gradient_sr2
0  2026-01-24 17:32:39       0m 33s  ...                0.84         0.02
1  2026-01-24 17:33:13       0m 34s  ...                9.98         0.24
2  2026-01-24 17:33:47       0m 36s  ...               36.69         1.06
3  2026-01-24 17:34:24       0m 32s  ...                7.00         0.18
4  2026-01-24 17:34:56       0m 36s  ...                6.28         0.16
5  2026-01-24 17:35:33       0m 47s  ...               72.21         1.87
6  2026-01-24 17:36:20       0m 38s  ...                9.86         0.27
7  2026-01-24 17:36:59       0m 35s  ...                5.78         0.15

[8 rows x 26 columns]
             timestamp time_elapsed  ... severity_rate_patch Gradient_sr2
0  2026-01-24 17:32:39       0m 33s  ...                0.84         0.02
1  2026-01-24 17:33:13       0m 34s  ...                9.98         0.24
2  2026-01-24 17:33:47       0m 36s  ...               36.69         1.06
3  2026-01-24 17:34:24       0m 32s  ...                7.00         0.18
4  2026-01-24 17:34:56       0m 36s  ...                6.28         0.16
5  2026-01-24 17:35:33       0m 47s  ...               72.21         1.87
6  2026-01-24 17:36:20       0m 38s  ...                9.86         0.27
7  2026-01-24 17:36:59       0m 35s  ...                5.78         0.15
8  2026-01-24 17:37:34       0m 34s  ...                7.02         0.20

[9 rows x 26 columns]
             timestamp time_elapsed  ... severity_rate_patch Gradient_sr2
0  2026-01-24 17:32:39       0m 33s  ...                0.84         0.02
1  2026-01-24 17:33:13       0m 34s  ...                9.98         0.24
2  2026-01-24 17:33:47       0m 36s  ...               36.69         1.06
3  2026-01-24 17:34:24       0m 32s  ...                7.00         0.18
4  2026-01-24 17:34:56       0m 36s  ...                6.28         0.16
5  2026-01-24 17:35:33       0m 47s  ...               72.21         1.87
6  2026-01-24 17:36:20       0m 38s  ...                9.86         0.27
7  2026-01-24 17:36:59       0m 35s  ...                5.78         0.15
8  2026-01-24 17:37:34       0m 34s  ...                7.02         0.20
9  2026-01-24 17:38:09       0m 41s  ...               73.37         1.90

[10 rows x 26 columns]
              timestamp time_elapsed  ... severity_rate_patch Gradient_sr2
0   2026-01-24 17:32:39       0m 33s  ...                0.84         0.02
1   2026-01-24 17:33:13       0m 34s  ...                9.98         0.24
2   2026-01-24 17:33:47       0m 36s  ...               36.69         1.06
3   2026-01-24 17:34:24       0m 32s  ...                7.00         0.18
4   2026-01-24 17:34:56       0m 36s  ...                6.28         0.16
5   2026-01-24 17:35:33       0m 47s  ...               72.21         1.87
6   2026-01-24 17:36:20       0m 38s  ...                9.86         0.27
7   2026-01-24 17:36:59       0m 35s  ...                5.78         0.15
8   2026-01-24 17:37:34       0m 34s  ...                7.02         0.20
9   2026-01-24 17:38:09       0m 41s  ...               73.37         1.90
10  2026-01-24 17:38:50       0m 31s  ...                4.75         0.12

[11 rows x 26 columns]
              timestamp time_elapsed  ... severity_rate_patch Gradient_sr2
0   2026-01-24 17:32:39       0m 33s  ...                0.84         0.02
1   2026-01-24 17:33:13       0m 34s  ...                9.98         0.24
2   2026-01-24 17:33:47       0m 36s  ...               36.69         1.06
3   2026-01-24 17:34:24       0m 32s  ...                7.00         0.18
4   2026-01-24 17:34:56       0m 36s  ...                6.28         0.16
5   2026-01-24 17:35:33       0m 47s  ...               72.21         1.87
6   2026-01-24 17:36:20       0m 38s  ...                9.86         0.27
7   2026-01-24 17:36:59       0m 35s  ...                5.78         0.15
8   2026-01-24 17:37:34       0m 34s  ...                7.02         0.20
9   2026-01-24 17:38:09       0m 41s  ...               73.37         1.90
10  2026-01-24 17:38:50       0m 31s  ...                4.75         0.12
11  2026-01-24 17:39:22       0m 47s  ...               80.81         2.24

[12 rows x 26 columns]
              timestamp time_elapsed  ... severity_rate_patch Gradient_sr2
0   2026-01-24 17:32:39       0m 33s  ...                0.84         0.02
1   2026-01-24 17:33:13       0m 34s  ...                9.98         0.24
2   2026-01-24 17:33:47       0m 36s  ...               36.69         1.06
3   2026-01-24 17:34:24       0m 32s  ...                7.00         0.18
4   2026-01-24 17:34:56       0m 36s  ...                6.28         0.16
5   2026-01-24 17:35:33       0m 47s  ...               72.21         1.87
6   2026-01-24 17:36:20       0m 38s  ...                9.86         0.27
7   2026-01-24 17:36:59       0m 35s  ...                5.78         0.15
8   2026-01-24 17:37:34       0m 34s  ...                7.02         0.20
9   2026-01-24 17:38:09       0m 41s  ...               73.37         1.90
10  2026-01-24 17:38:50       0m 31s  ...                4.75         0.12
11  2026-01-24 17:39:22       0m 47s  ...               80.81         2.24
12  2026-01-24 17:40:09       0m 38s  ...                2.79         0.07

[13 rows x 26 columns]
              timestamp time_elapsed  ... severity_rate_patch Gradient_sr2
0   2026-01-24 17:32:39       0m 33s  ...                0.84         0.02
1   2026-01-24 17:33:13       0m 34s  ...                9.98         0.24
2   2026-01-24 17:33:47       0m 36s  ...               36.69         1.06
3   2026-01-24 17:34:24       0m 32s  ...                7.00         0.18
4   2026-01-24 17:34:56       0m 36s  ...                6.28         0.16
5   2026-01-24 17:35:33       0m 47s  ...               72.21         1.87
6   2026-01-24 17:36:20       0m 38s  ...                9.86         0.27
7   2026-01-24 17:36:59       0m 35s  ...                5.78         0.15
8   2026-01-24 17:37:34       0m 34s  ...                7.02         0.20
9   2026-01-24 17:38:09       0m 41s  ...               73.37         1.90
10  2026-01-24 17:38:50       0m 31s  ...                4.75         0.12
11  2026-01-24 17:39:22       0m 47s  ...               80.81         2.24
12  2026-01-24 17:40:09       0m 38s  ...                2.79         0.07
13  2026-01-24 17:40:47       0m 41s  ...               26.61         0.67

[14 rows x 26 columns]
              timestamp time_elapsed  ... severity_rate_patch Gradient_sr2
0   2026-01-24 17:32:39       0m 33s  ...                0.84         0.02
1   2026-01-24 17:33:13       0m 34s  ...                9.98         0.24
2   2026-01-24 17:33:47       0m 36s  ...               36.69         1.06
3   2026-01-24 17:34:24       0m 32s  ...                7.00         0.18
4   2026-01-24 17:34:56       0m 36s  ...                6.28         0.16
5   2026-01-24 17:35:33       0m 47s  ...               72.21         1.87
6   2026-01-24 17:36:20       0m 38s  ...                9.86         0.27
7   2026-01-24 17:36:59       0m 35s  ...                5.78         0.15
8   2026-01-24 17:37:34       0m 34s  ...                7.02         0.20
9   2026-01-24 17:38:09       0m 41s  ...               73.37         1.90
10  2026-01-24 17:38:50       0m 31s  ...                4.75         0.12
11  2026-01-24 17:39:22       0m 47s  ...               80.81         2.24
12  2026-01-24 17:40:09       0m 38s  ...                2.79         0.07
13  2026-01-24 17:40:47       0m 41s  ...               26.61         0.67
14  2026-01-24 17:41:29       0m 32s  ...                0.91         0.02

[15 rows x 26 columns]

real	9m30.496s
user	0m0.015s
sys	0m0.000s
