[2026-01-23 18:30:39,939] - [root] - [INFO] - leaf_correlation_mw.py
[2026-01-23 18:30:39,939] - [root] - [INFO] - model_type       : ResNet
[2026-01-23 18:30:39,939] - [root] - [INFO] - pretrained       : True
[2026-01-23 18:30:39,939] - [root] - [INFO] - loading_epoch    : 65
[2026-01-23 18:30:39,939] - [root] - [INFO] - timestamp        : Jan22_10-21-00_2026
[2026-01-23 18:30:39,939] - [root] - [INFO] - outdim           : 2
[2026-01-23 18:30:39,940] - [root] - [INFO] - dual_head        : True
[2026-01-23 18:30:39,940] - [root] - [INFO] - model_path       : ../..
[2026-01-23 18:30:39,940] - [root] - [INFO] - step_size        : 224
[2026-01-23 18:30:39,940] - [root] - [INFO] - means            : [0.541, 0.6371, 0.4188]
[2026-01-23 18:30:39,940] - [root] - [INFO] - stds             : [0.1764, 0.165, 0.2326]
[2026-01-23 18:30:39,940] - [root] - [INFO] - target_class     : 1
[2026-01-23 18:30:39,940] - [root] - [INFO] - contam_control   : False
[2026-01-23 18:30:39,940] - [root] - [INFO] - spor_th          : 0.8
[2026-01-23 18:30:39,941] - [root] - [INFO] - inf_gate         : 0.6
[2026-01-23 18:30:39,941] - [root] - [INFO] - pm               : HPM-1269
[2026-01-23 18:30:39,941] - [root] - [INFO] - mps              : False
[2026-01-23 18:30:39,941] - [root] - [INFO] - cuda             : True
[2026-01-23 18:30:39,941] - [root] - [INFO] - cuda_id          : 0
[2026-01-23 18:30:39,941] - [root] - [INFO] - sal_threshold    : 0.5
[2026-01-23 18:30:39,941] - [root] - [INFO] - up_threshold     : 0.9
[2026-01-23 18:30:39,941] - [root] - [INFO] - down_threshold   : 0.1
[2026-01-23 18:30:39,941] - [root] - [INFO] - dataset_path     : C:/Users/Intel User/Desktop/blackbird_scripts/data/human_disk_assessments
[2026-01-23 18:30:39,941] - [root] - [INFO] - img_folder       : 1-22-2026
[2026-01-23 18:30:39,941] - [root] - [INFO] - platform         : BlackBird
[2026-01-23 18:30:39,941] - [root] - [INFO] - threshold        : ['0.7']
[2026-01-23 18:30:39,941] - [root] - [INFO] - log              : ../../results/logs/random.log
[2026-01-23 18:30:39,941] - [root] - [INFO] - dpi              : 5
[2026-01-23 18:30:39,941] - [root] - [INFO] - group            : baseline
[2026-01-23 18:30:39,942] - [root] - [INFO] - trays            : ['5dpi']
[2026-01-23 18:30:39,942] - [root] - [INFO] - sal_gradcam      : False
[2026-01-23 18:30:39,942] - [root] - [INFO] - sal_gradient     : True
[2026-01-23 18:30:39,942] - [root] - [INFO] - sal_smoothgrad   : False
[2026-01-23 18:30:39,942] - [root] - [INFO] - sal_deeplift     : False
[2026-01-23 18:30:39,942] - [root] - [INFO] - sal_thresh_method : fixed
[2026-01-23 18:30:39,942] - [root] - [INFO] - sal_thresh_p     : 95.0
[2026-01-23 18:30:40,989] - [root] - [INFO] - -------------------------------------------
[2026-01-23 18:30:40,989] - [root] - [INFO] - Processing 1-22-2026 5dpi 015-W2021009-160_R1.png
[2026-01-23 18:31:01,514] - [root] - [INFO] - Finished loading mask: 0m 20s
[2026-01-23 18:31:13,103] - [root] - [INFO] - Finished crop and inference: 0m 32s
[2026-01-23 18:31:14,617] - [root] - [INFO] - Analysis finished: 0m 33s
[2026-01-23 18:31:14,617] - [root] - [INFO] - -------------------------------------------
[2026-01-23 18:31:14,617] - [root] - [INFO] - -------------------------------------------
[2026-01-23 18:31:14,617] - [root] - [INFO] - Processing 1-22-2026 5dpi 015-W2021011-633_R1.png
[2026-01-23 18:31:35,353] - [root] - [INFO] - Finished loading mask: 0m 20s
[2026-01-23 18:31:46,787] - [root] - [INFO] - Finished crop and inference: 0m 32s
[2026-01-23 18:31:48,369] - [root] - [INFO] - Analysis finished: 0m 33s
[2026-01-23 18:31:48,369] - [root] - [INFO] - -------------------------------------------
[2026-01-23 18:31:48,369] - [root] - [INFO] - -------------------------------------------
[2026-01-23 18:31:48,369] - [root] - [INFO] - Processing 1-22-2026 5dpi 019-W2021010-428_R2.png
[2026-01-23 18:32:09,045] - [root] - [INFO] - Finished loading mask: 0m 20s
[2026-01-23 18:32:17,100] - [root] - [INFO] - Finished crop and inference: 0m 28s
[2026-01-23 18:32:18,769] - [root] - [INFO] - Analysis finished: 0m 30s
[2026-01-23 18:32:18,770] - [root] - [INFO] - -------------------------------------------
[2026-01-23 18:32:18,770] - [root] - [INFO] - -------------------------------------------
[2026-01-23 18:32:18,770] - [root] - [INFO] - Processing 1-22-2026 5dpi 021-W2021009-175_R1.png
[2026-01-23 18:32:39,610] - [root] - [INFO] - Finished loading mask: 0m 20s
[2026-01-23 18:32:48,601] - [root] - [INFO] - Finished crop and inference: 0m 29s
[2026-01-23 18:32:50,222] - [root] - [INFO] - Analysis finished: 0m 31s
[2026-01-23 18:32:50,222] - [root] - [INFO] - -------------------------------------------
[2026-01-23 18:32:50,222] - [root] - [INFO] - -------------------------------------------
[2026-01-23 18:32:50,222] - [root] - [INFO] - Processing 1-22-2026 5dpi 022-W2021009-198_R2.png
[2026-01-23 18:33:10,871] - [root] - [INFO] - Finished loading mask: 0m 20s
[2026-01-23 18:33:20,750] - [root] - [INFO] - Finished crop and inference: 0m 30s
[2026-01-23 18:33:22,335] - [root] - [INFO] - Analysis finished: 0m 32s
[2026-01-23 18:33:22,335] - [root] - [INFO] - -------------------------------------------
[2026-01-23 18:33:22,335] - [root] - [INFO] - -------------------------------------------
[2026-01-23 18:33:22,336] - [root] - [INFO] - Processing 1-22-2026 5dpi 036-W2021006-047_R2.png
[2026-01-23 18:33:43,559] - [root] - [INFO] - Finished loading mask: 0m 21s
[2026-01-23 18:33:52,114] - [root] - [INFO] - Finished crop and inference: 0m 29s
[2026-01-23 18:33:53,793] - [root] - [INFO] - Analysis finished: 0m 31s
[2026-01-23 18:33:53,793] - [root] - [INFO] - -------------------------------------------
[2026-01-23 18:33:53,794] - [root] - [INFO] - -------------------------------------------
[2026-01-23 18:33:53,794] - [root] - [INFO] - Processing 1-22-2026 5dpi 060-W2021010-324_R2.png
[2026-01-23 18:34:14,804] - [root] - [INFO] - Finished loading mask: 0m 21s
[2026-01-23 18:34:23,444] - [root] - [INFO] - Finished crop and inference: 0m 29s
[2026-01-23 18:34:25,075] - [root] - [INFO] - Analysis finished: 0m 31s
[2026-01-23 18:34:25,075] - [root] - [INFO] - -------------------------------------------
[2026-01-23 18:34:25,076] - [root] - [INFO] - -------------------------------------------
[2026-01-23 18:34:25,076] - [root] - [INFO] - Processing 1-22-2026 5dpi 099-W2021006-611_R2.png
[2026-01-23 18:34:46,311] - [root] - [INFO] - Finished loading mask: 0m 21s
[2026-01-23 18:35:00,180] - [root] - [INFO] - Finished crop and inference: 0m 35s
[2026-01-23 18:35:01,832] - [root] - [INFO] - Analysis finished: 0m 36s
[2026-01-23 18:35:01,832] - [root] - [INFO] - -------------------------------------------
[2026-01-23 18:35:01,832] - [root] - [INFO] - -------------------------------------------
[2026-01-23 18:35:01,833] - [root] - [INFO] - Processing 1-22-2026 5dpi 123-W2021009-255_R2.png
[2026-01-23 18:35:22,347] - [root] - [INFO] - Finished loading mask: 0m 20s
[2026-01-23 18:35:32,305] - [root] - [INFO] - Finished crop and inference: 0m 30s
[2026-01-23 18:35:33,956] - [root] - [INFO] - Analysis finished: 0m 32s
[2026-01-23 18:35:33,957] - [root] - [INFO] - -------------------------------------------
[2026-01-23 18:35:33,957] - [root] - [INFO] - -------------------------------------------
[2026-01-23 18:35:33,957] - [root] - [INFO] - Processing 1-22-2026 5dpi 141-W2021009-274_R1.png
[2026-01-23 18:35:54,773] - [root] - [INFO] - Finished loading mask: 0m 20s
[2026-01-23 18:36:17,210] - [root] - [INFO] - Finished crop and inference: 0m 43s
[2026-01-23 18:36:18,898] - [root] - [INFO] - Analysis finished: 0m 44s
[2026-01-23 18:36:18,898] - [root] - [INFO] - -------------------------------------------
[2026-01-23 18:36:18,899] - [root] - [INFO] - -------------------------------------------
[2026-01-23 18:36:18,899] - [root] - [INFO] - Processing 1-22-2026 5dpi 173-W2021006-127_R2.png
[2026-01-23 18:36:40,768] - [root] - [INFO] - Finished loading mask: 0m 21s
[2026-01-23 18:36:49,749] - [root] - [INFO] - Finished crop and inference: 0m 30s
[2026-01-23 18:36:51,624] - [root] - [INFO] - Analysis finished: 0m 32s
[2026-01-23 18:36:51,624] - [root] - [INFO] - -------------------------------------------
[2026-01-23 18:36:51,624] - [root] - [INFO] - -------------------------------------------
[2026-01-23 18:36:51,624] - [root] - [INFO] - Processing 1-22-2026 5dpi 191-W2021010-449_R1.png
[2026-01-23 18:37:13,559] - [root] - [INFO] - Finished loading mask: 0m 21s
[2026-01-23 18:37:25,434] - [root] - [INFO] - Finished crop and inference: 0m 33s
[2026-01-23 18:37:27,234] - [root] - [INFO] - Analysis finished: 0m 35s
[2026-01-23 18:37:27,234] - [root] - [INFO] - -------------------------------------------
[2026-01-23 18:37:27,234] - [root] - [INFO] - -------------------------------------------
[2026-01-23 18:37:27,234] - [root] - [INFO] - Processing 1-22-2026 5dpi 254-W2021010-352_R2.png
[2026-01-23 18:37:48,718] - [root] - [INFO] - Finished loading mask: 0m 21s
[2026-01-23 18:37:56,261] - [root] - [INFO] - Finished crop and inference: 0m 29s
[2026-01-23 18:37:58,249] - [root] - [INFO] - Analysis finished: 0m 31s
[2026-01-23 18:37:58,249] - [root] - [INFO] - -------------------------------------------
[2026-01-23 18:37:58,249] - [root] - [INFO] - -------------------------------------------
[2026-01-23 18:37:58,250] - [root] - [INFO] - Processing 1-22-2026 5dpi 266-W2021009-193_R1.png
[2026-01-23 18:38:19,930] - [root] - [INFO] - Finished loading mask: 0m 21s
[2026-01-23 18:38:29,118] - [root] - [INFO] - Finished crop and inference: 0m 30s
[2026-01-23 18:38:31,097] - [root] - [INFO] - Analysis finished: 0m 32s
[2026-01-23 18:38:31,097] - [root] - [INFO] - -------------------------------------------
[2026-01-23 18:38:31,098] - [root] - [INFO] - -------------------------------------------
[2026-01-23 18:38:31,098] - [root] - [INFO] - Processing 1-22-2026 5dpi 336-W2021011-506_R2.png
[2026-01-23 18:38:52,955] - [root] - [INFO] - Finished loading mask: 0m 21s
[2026-01-23 18:39:07,825] - [root] - [INFO] - Finished crop and inference: 0m 36s
[2026-01-23 18:39:09,341] - [root] - [INFO] - Analysis finished: 0m 38s
[2026-01-23 18:39:09,341] - [root] - [INFO] - -------------------------------------------
[2026-01-23 18:39:09,349] - [root] - [INFO] - Saved C:\Users\Intel User\Desktop\blackbird_scripts\data\Results\ResNet_upth0.9_downth0.1_Jan22_10-21-00_2026\1-22-2026\th_0.7\severity_rate_tray_5dpi_u0.9_d0.1_ig0.6_sp0.8.csv
             timestamp time_elapsed  ... severity_rate_patch Gradient_sr2
0  2026-01-23 18:30:40       0m 33s  ...                31.8         0.68

[1 rows x 24 columns]
             timestamp time_elapsed  ... severity_rate_patch Gradient_sr2
0  2026-01-23 18:30:40       0m 33s  ...               31.80         0.68
1  2026-01-23 18:31:14       0m 33s  ...               17.36         0.47

[2 rows x 24 columns]
             timestamp time_elapsed  ... severity_rate_patch Gradient_sr2
0  2026-01-23 18:30:40       0m 33s  ...               31.80         0.68
1  2026-01-23 18:31:14       0m 33s  ...               17.36         0.47
2  2026-01-23 18:31:48       0m 30s  ...                0.49         0.01

[3 rows x 24 columns]
             timestamp time_elapsed  ... severity_rate_patch Gradient_sr2
0  2026-01-23 18:30:40       0m 33s  ...               31.80         0.68
1  2026-01-23 18:31:14       0m 33s  ...               17.36         0.47
2  2026-01-23 18:31:48       0m 30s  ...                0.49         0.01
3  2026-01-23 18:32:18       0m 31s  ...                1.93         0.05

[4 rows x 24 columns]
             timestamp time_elapsed  ... severity_rate_patch Gradient_sr2
0  2026-01-23 18:30:40       0m 33s  ...               31.80         0.68
1  2026-01-23 18:31:14       0m 33s  ...               17.36         0.47
2  2026-01-23 18:31:48       0m 30s  ...                0.49         0.01
3  2026-01-23 18:32:18       0m 31s  ...                1.93         0.05
4  2026-01-23 18:32:50       0m 32s  ...               11.50         0.24

[5 rows x 24 columns]
             timestamp time_elapsed  ... severity_rate_patch Gradient_sr2
0  2026-01-23 18:30:40       0m 33s  ...               31.80         0.68
1  2026-01-23 18:31:14       0m 33s  ...               17.36         0.47
2  2026-01-23 18:31:48       0m 30s  ...                0.49         0.01
3  2026-01-23 18:32:18       0m 31s  ...                1.93         0.05
4  2026-01-23 18:32:50       0m 32s  ...               11.50         0.24
5  2026-01-23 18:33:22       0m 31s  ...                0.61         0.02

[6 rows x 24 columns]
             timestamp time_elapsed  ... severity_rate_patch Gradient_sr2
0  2026-01-23 18:30:40       0m 33s  ...               31.80         0.68
1  2026-01-23 18:31:14       0m 33s  ...               17.36         0.47
2  2026-01-23 18:31:48       0m 30s  ...                0.49         0.01
3  2026-01-23 18:32:18       0m 31s  ...                1.93         0.05
4  2026-01-23 18:32:50       0m 32s  ...               11.50         0.24
5  2026-01-23 18:33:22       0m 31s  ...                0.61         0.02
6  2026-01-23 18:33:53       0m 31s  ...                1.72         0.04

[7 rows x 24 columns]
             timestamp time_elapsed  ... severity_rate_patch Gradient_sr2
0  2026-01-23 18:30:40       0m 33s  ...               31.80         0.68
1  2026-01-23 18:31:14       0m 33s  ...               17.36         0.47
2  2026-01-23 18:31:48       0m 30s  ...                0.49         0.01
3  2026-01-23 18:32:18       0m 31s  ...                1.93         0.05
4  2026-01-23 18:32:50       0m 32s  ...               11.50         0.24
5  2026-01-23 18:33:22       0m 31s  ...                0.61         0.02
6  2026-01-23 18:33:53       0m 31s  ...                1.72         0.04
7  2026-01-23 18:34:25       0m 36s  ...               41.62         0.95

[8 rows x 24 columns]
             timestamp time_elapsed  ... severity_rate_patch Gradient_sr2
0  2026-01-23 18:30:40       0m 33s  ...               31.80         0.68
1  2026-01-23 18:31:14       0m 33s  ...               17.36         0.47
2  2026-01-23 18:31:48       0m 30s  ...                0.49         0.01
3  2026-01-23 18:32:18       0m 31s  ...                1.93         0.05
4  2026-01-23 18:32:50       0m 32s  ...               11.50         0.24
5  2026-01-23 18:33:22       0m 31s  ...                0.61         0.02
6  2026-01-23 18:33:53       0m 31s  ...                1.72         0.04
7  2026-01-23 18:34:25       0m 36s  ...               41.62         0.95
8  2026-01-23 18:35:01       0m 32s  ...                7.39         0.15

[9 rows x 24 columns]
             timestamp time_elapsed  ... severity_rate_patch Gradient_sr2
0  2026-01-23 18:30:40       0m 33s  ...               31.80         0.68
1  2026-01-23 18:31:14       0m 33s  ...               17.36         0.47
2  2026-01-23 18:31:48       0m 30s  ...                0.49         0.01
3  2026-01-23 18:32:18       0m 31s  ...                1.93         0.05
4  2026-01-23 18:32:50       0m 32s  ...               11.50         0.24
5  2026-01-23 18:33:22       0m 31s  ...                0.61         0.02
6  2026-01-23 18:33:53       0m 31s  ...                1.72         0.04
7  2026-01-23 18:34:25       0m 36s  ...               41.62         0.95
8  2026-01-23 18:35:01       0m 32s  ...                7.39         0.15
9  2026-01-23 18:35:33       0m 44s  ...               86.31         2.52

[10 rows x 24 columns]
              timestamp time_elapsed  ... severity_rate_patch Gradient_sr2
0   2026-01-23 18:30:40       0m 33s  ...               31.80         0.68
1   2026-01-23 18:31:14       0m 33s  ...               17.36         0.47
2   2026-01-23 18:31:48       0m 30s  ...                0.49         0.01
3   2026-01-23 18:32:18       0m 31s  ...                1.93         0.05
4   2026-01-23 18:32:50       0m 32s  ...               11.50         0.24
5   2026-01-23 18:33:22       0m 31s  ...                0.61         0.02
6   2026-01-23 18:33:53       0m 31s  ...                1.72         0.04
7   2026-01-23 18:34:25       0m 36s  ...               41.62         0.95
8   2026-01-23 18:35:01       0m 32s  ...                7.39         0.15
9   2026-01-23 18:35:33       0m 44s  ...               86.31         2.52
10  2026-01-23 18:36:18       0m 32s  ...                1.05         0.03

[11 rows x 24 columns]
              timestamp time_elapsed  ... severity_rate_patch Gradient_sr2
0   2026-01-23 18:30:40       0m 33s  ...               31.80         0.68
1   2026-01-23 18:31:14       0m 33s  ...               17.36         0.47
2   2026-01-23 18:31:48       0m 30s  ...                0.49         0.01
3   2026-01-23 18:32:18       0m 31s  ...                1.93         0.05
4   2026-01-23 18:32:50       0m 32s  ...               11.50         0.24
5   2026-01-23 18:33:22       0m 31s  ...                0.61         0.02
6   2026-01-23 18:33:53       0m 31s  ...                1.72         0.04
7   2026-01-23 18:34:25       0m 36s  ...               41.62         0.95
8   2026-01-23 18:35:01       0m 32s  ...                7.39         0.15
9   2026-01-23 18:35:33       0m 44s  ...               86.31         2.52
10  2026-01-23 18:36:18       0m 32s  ...                1.05         0.03
11  2026-01-23 18:36:51       0m 35s  ...               18.74         0.48

[12 rows x 24 columns]
              timestamp time_elapsed  ... severity_rate_patch Gradient_sr2
0   2026-01-23 18:30:40       0m 33s  ...               31.80         0.68
1   2026-01-23 18:31:14       0m 33s  ...               17.36         0.47
2   2026-01-23 18:31:48       0m 30s  ...                0.49         0.01
3   2026-01-23 18:32:18       0m 31s  ...                1.93         0.05
4   2026-01-23 18:32:50       0m 32s  ...               11.50         0.24
5   2026-01-23 18:33:22       0m 31s  ...                0.61         0.02
6   2026-01-23 18:33:53       0m 31s  ...                1.72         0.04
7   2026-01-23 18:34:25       0m 36s  ...               41.62         0.95
8   2026-01-23 18:35:01       0m 32s  ...                7.39         0.15
9   2026-01-23 18:35:33       0m 44s  ...               86.31         2.52
10  2026-01-23 18:36:18       0m 32s  ...                1.05         0.03
11  2026-01-23 18:36:51       0m 35s  ...               18.74         0.48
12  2026-01-23 18:37:27       0m 30s  ...                0.93         0.02

[13 rows x 24 columns]
              timestamp time_elapsed  ... severity_rate_patch Gradient_sr2
0   2026-01-23 18:30:40       0m 33s  ...               31.80         0.68
1   2026-01-23 18:31:14       0m 33s  ...               17.36         0.47
2   2026-01-23 18:31:48       0m 30s  ...                0.49         0.01
3   2026-01-23 18:32:18       0m 31s  ...                1.93         0.05
4   2026-01-23 18:32:50       0m 32s  ...               11.50         0.24
5   2026-01-23 18:33:22       0m 31s  ...                0.61         0.02
6   2026-01-23 18:33:53       0m 31s  ...                1.72         0.04
7   2026-01-23 18:34:25       0m 36s  ...               41.62         0.95
8   2026-01-23 18:35:01       0m 32s  ...                7.39         0.15
9   2026-01-23 18:35:33       0m 44s  ...               86.31         2.52
10  2026-01-23 18:36:18       0m 32s  ...                1.05         0.03
11  2026-01-23 18:36:51       0m 35s  ...               18.74         0.48
12  2026-01-23 18:37:27       0m 30s  ...                0.93         0.02
13  2026-01-23 18:37:58       0m 32s  ...                6.67         0.17

[14 rows x 24 columns]
              timestamp time_elapsed  ... severity_rate_patch Gradient_sr2
0   2026-01-23 18:30:40       0m 33s  ...               31.80         0.68
1   2026-01-23 18:31:14       0m 33s  ...               17.36         0.47
2   2026-01-23 18:31:48       0m 30s  ...                0.49         0.01
3   2026-01-23 18:32:18       0m 31s  ...                1.93         0.05
4   2026-01-23 18:32:50       0m 32s  ...               11.50         0.24
5   2026-01-23 18:33:22       0m 31s  ...                0.61         0.02
6   2026-01-23 18:33:53       0m 31s  ...                1.72         0.04
7   2026-01-23 18:34:25       0m 36s  ...               41.62         0.95
8   2026-01-23 18:35:01       0m 32s  ...                7.39         0.15
9   2026-01-23 18:35:33       0m 44s  ...               86.31         2.52
10  2026-01-23 18:36:18       0m 32s  ...                1.05         0.03
11  2026-01-23 18:36:51       0m 35s  ...               18.74         0.48
12  2026-01-23 18:37:27       0m 30s  ...                0.93         0.02
13  2026-01-23 18:37:58       0m 32s  ...                6.67         0.17
14  2026-01-23 18:38:31       0m 38s  ...               44.88         1.15

[15 rows x 24 columns]

real	8m35.449s
user	0m0.000s
sys	0m0.000s
