[2026-01-24 16:25:27,145] - [root] - [INFO] - leaf_correlation_mw.py
[2026-01-24 16:25:27,146] - [root] - [INFO] - model_type       : ResNet
[2026-01-24 16:25:27,146] - [root] - [INFO] - pretrained       : True
[2026-01-24 16:25:27,146] - [root] - [INFO] - loading_epoch    : 65
[2026-01-24 16:25:27,146] - [root] - [INFO] - timestamp        : Jan22_10-21-00_2026
[2026-01-24 16:25:27,146] - [root] - [INFO] - outdim           : 2
[2026-01-24 16:25:27,146] - [root] - [INFO] - dual_head        : True
[2026-01-24 16:25:27,147] - [root] - [INFO] - model_path       : ../..
[2026-01-24 16:25:27,147] - [root] - [INFO] - step_size        : 224
[2026-01-24 16:25:27,147] - [root] - [INFO] - means            : [0.541, 0.6371, 0.4188]
[2026-01-24 16:25:27,147] - [root] - [INFO] - stds             : [0.1764, 0.165, 0.2326]
[2026-01-24 16:25:27,147] - [root] - [INFO] - target_class     : 1
[2026-01-24 16:25:27,147] - [root] - [INFO] - contam_control   : False
[2026-01-24 16:25:27,147] - [root] - [INFO] - spor_th          : 0.7
[2026-01-24 16:25:27,147] - [root] - [INFO] - inf_gate         : 0.3
[2026-01-24 16:25:27,147] - [root] - [INFO] - pm               : HPM-1269
[2026-01-24 16:25:27,147] - [root] - [INFO] - mps              : False
[2026-01-24 16:25:27,148] - [root] - [INFO] - cuda             : True
[2026-01-24 16:25:27,148] - [root] - [INFO] - cuda_id          : 0
[2026-01-24 16:25:27,148] - [root] - [INFO] - sal_threshold    : 0.5
[2026-01-24 16:25:27,148] - [root] - [INFO] - up_threshold     : 0.8
[2026-01-24 16:25:27,148] - [root] - [INFO] - down_threshold   : 0.1
[2026-01-24 16:25:27,148] - [root] - [INFO] - dataset_path     : C:/Users/Intel User/Desktop/blackbird_scripts/data/human_disk_assessments
[2026-01-24 16:25:27,148] - [root] - [INFO] - img_folder       : 1-22-2026
[2026-01-24 16:25:27,148] - [root] - [INFO] - platform         : BlackBird
[2026-01-24 16:25:27,148] - [root] - [INFO] - threshold        : ['0.7']
[2026-01-24 16:25:27,148] - [root] - [INFO] - log              : ../../results/logs/random.log
[2026-01-24 16:25:27,148] - [root] - [INFO] - dpi              : 10
[2026-01-24 16:25:27,148] - [root] - [INFO] - group            : baseline
[2026-01-24 16:25:27,149] - [root] - [INFO] - trays            : ['10dpi']
[2026-01-24 16:25:27,149] - [root] - [INFO] - sal_gradcam      : False
[2026-01-24 16:25:27,149] - [root] - [INFO] - sal_gradient     : True
[2026-01-24 16:25:27,149] - [root] - [INFO] - sal_smoothgrad   : False
[2026-01-24 16:25:27,149] - [root] - [INFO] - sal_deeplift     : False
[2026-01-24 16:25:27,149] - [root] - [INFO] - sal_thresh_method : fixed
[2026-01-24 16:25:27,149] - [root] - [INFO] - sal_thresh_p     : 95.0
[2026-01-24 16:25:28,370] - [root] - [INFO] - -------------------------------------------
[2026-01-24 16:25:28,370] - [root] - [INFO] - Processing 1-22-2026 10dpi 046-W2021009-208_R2.png
[2026-01-24 16:25:49,938] - [root] - [INFO] - Finished loading mask: 0m 21s
[2026-01-24 16:26:02,454] - [root] - [INFO] - Finished crop and inference: 0m 34s
[2026-01-24 16:26:04,308] - [root] - [INFO] - Analysis finished: 0m 35s
[2026-01-24 16:26:04,308] - [root] - [INFO] - -------------------------------------------
[2026-01-24 16:26:04,309] - [root] - [INFO] - -------------------------------------------
[2026-01-24 16:26:04,309] - [root] - [INFO] - Processing 1-22-2026 10dpi 151-W2021011-479_R2.png
[2026-01-24 16:26:26,883] - [root] - [INFO] - Finished loading mask: 0m 22s
[2026-01-24 16:26:54,366] - [root] - [INFO] - Finished crop and inference: 0m 50s
[2026-01-24 16:26:56,448] - [root] - [INFO] - Analysis finished: 0m 52s
[2026-01-24 16:26:56,449] - [root] - [INFO] - -------------------------------------------
[2026-01-24 16:26:56,449] - [root] - [INFO] - -------------------------------------------
[2026-01-24 16:26:56,449] - [root] - [INFO] - Processing 1-22-2026 10dpi 152-W2021010-301_R2.png
[2026-01-24 16:27:18,975] - [root] - [INFO] - Finished loading mask: 0m 22s
[2026-01-24 16:27:30,794] - [root] - [INFO] - Finished crop and inference: 0m 34s
[2026-01-24 16:27:32,717] - [root] - [INFO] - Analysis finished: 0m 36s
[2026-01-24 16:27:32,717] - [root] - [INFO] - -------------------------------------------
[2026-01-24 16:27:32,718] - [root] - [INFO] - -------------------------------------------
[2026-01-24 16:27:32,718] - [root] - [INFO] - Processing 1-22-2026 10dpi 152-W2021011-479_R1.png
[2026-01-24 16:27:54,741] - [root] - [INFO] - Finished loading mask: 0m 22s
[2026-01-24 16:28:12,862] - [root] - [INFO] - Finished crop and inference: 0m 40s
[2026-01-24 16:28:14,998] - [root] - [INFO] - Analysis finished: 0m 42s
[2026-01-24 16:28:14,998] - [root] - [INFO] - -------------------------------------------
[2026-01-24 16:28:14,998] - [root] - [INFO] - -------------------------------------------
[2026-01-24 16:28:14,999] - [root] - [INFO] - Processing 1-22-2026 10dpi 162-W2021011-551_R2.png
[2026-01-24 16:28:36,516] - [root] - [INFO] - Finished loading mask: 0m 21s
[2026-01-24 16:29:04,759] - [root] - [INFO] - Finished crop and inference: 0m 49s
[2026-01-24 16:29:06,832] - [root] - [INFO] - Analysis finished: 0m 51s
[2026-01-24 16:29:06,832] - [root] - [INFO] - -------------------------------------------
[2026-01-24 16:29:06,833] - [root] - [INFO] - -------------------------------------------
[2026-01-24 16:29:06,833] - [root] - [INFO] - Processing 1-22-2026 10dpi 166-W2021006-123_R1.png
[2026-01-24 16:29:29,170] - [root] - [INFO] - Finished loading mask: 0m 22s
[2026-01-24 16:29:38,690] - [root] - [INFO] - Finished crop and inference: 0m 31s
[2026-01-24 16:29:40,782] - [root] - [INFO] - Analysis finished: 0m 33s
[2026-01-24 16:29:40,782] - [root] - [INFO] - -------------------------------------------
[2026-01-24 16:29:40,783] - [root] - [INFO] - -------------------------------------------
[2026-01-24 16:29:40,783] - [root] - [INFO] - Processing 1-22-2026 10dpi 166-W2021006-146_R1.png
[2026-01-24 16:30:02,871] - [root] - [INFO] - Finished loading mask: 0m 22s
[2026-01-24 16:30:23,930] - [root] - [INFO] - Finished crop and inference: 0m 43s
[2026-01-24 16:30:26,042] - [root] - [INFO] - Analysis finished: 0m 45s
[2026-01-24 16:30:26,043] - [root] - [INFO] - -------------------------------------------
[2026-01-24 16:30:26,043] - [root] - [INFO] - -------------------------------------------
[2026-01-24 16:30:26,043] - [root] - [INFO] - Processing 1-22-2026 10dpi 166-W2021006-146_R2.png
[2026-01-24 16:30:48,233] - [root] - [INFO] - Finished loading mask: 0m 22s
[2026-01-24 16:31:02,387] - [root] - [INFO] - Finished crop and inference: 0m 36s
[2026-01-24 16:31:04,570] - [root] - [INFO] - Analysis finished: 0m 38s
[2026-01-24 16:31:04,570] - [root] - [INFO] - -------------------------------------------
[2026-01-24 16:31:04,570] - [root] - [INFO] - -------------------------------------------
[2026-01-24 16:31:04,570] - [root] - [INFO] - Processing 1-22-2026 10dpi 171-W2021011-584_R1.png
[2026-01-24 16:31:27,375] - [root] - [INFO] - Finished loading mask: 0m 22s
[2026-01-24 16:31:52,358] - [root] - [INFO] - Finished crop and inference: 0m 47s
[2026-01-24 16:31:54,480] - [root] - [INFO] - Analysis finished: 0m 49s
[2026-01-24 16:31:54,480] - [root] - [INFO] - -------------------------------------------
[2026-01-24 16:31:54,480] - [root] - [INFO] - -------------------------------------------
[2026-01-24 16:31:54,480] - [root] - [INFO] - Processing 1-22-2026 10dpi 181-W2021009-295_R2.png
[2026-01-24 16:32:17,106] - [root] - [INFO] - Finished loading mask: 0m 22s
[2026-01-24 16:32:33,217] - [root] - [INFO] - Finished crop and inference: 0m 38s
[2026-01-24 16:32:35,287] - [root] - [INFO] - Analysis finished: 0m 40s
[2026-01-24 16:32:35,287] - [root] - [INFO] - -------------------------------------------
[2026-01-24 16:32:35,287] - [root] - [INFO] - -------------------------------------------
[2026-01-24 16:32:35,287] - [root] - [INFO] - Processing 1-22-2026 10dpi 182-W2021009-251_R1.png
[2026-01-24 16:32:57,746] - [root] - [INFO] - Finished loading mask: 0m 22s
[2026-01-24 16:33:09,755] - [root] - [INFO] - Finished crop and inference: 0m 34s
[2026-01-24 16:33:11,853] - [root] - [INFO] - Analysis finished: 0m 36s
[2026-01-24 16:33:11,853] - [root] - [INFO] - -------------------------------------------
[2026-01-24 16:33:11,853] - [root] - [INFO] - -------------------------------------------
[2026-01-24 16:33:11,853] - [root] - [INFO] - Processing 1-22-2026 10dpi 192-W2021010-449_R2.png
[2026-01-24 16:33:33,513] - [root] - [INFO] - Finished loading mask: 0m 21s
[2026-01-24 16:33:55,938] - [root] - [INFO] - Finished crop and inference: 0m 44s
[2026-01-24 16:33:58,067] - [root] - [INFO] - Analysis finished: 0m 46s
[2026-01-24 16:33:58,067] - [root] - [INFO] - -------------------------------------------
[2026-01-24 16:33:58,067] - [root] - [INFO] - -------------------------------------------
[2026-01-24 16:33:58,067] - [root] - [INFO] - Processing 1-22-2026 10dpi 206-W2021009-271_R2.png
[2026-01-24 16:34:20,603] - [root] - [INFO] - Finished loading mask: 0m 22s
[2026-01-24 16:34:47,627] - [root] - [INFO] - Finished crop and inference: 0m 49s
[2026-01-24 16:34:49,634] - [root] - [INFO] - Analysis finished: 0m 51s
[2026-01-24 16:34:49,634] - [root] - [INFO] - -------------------------------------------
[2026-01-24 16:34:49,634] - [root] - [INFO] - -------------------------------------------
[2026-01-24 16:34:49,634] - [root] - [INFO] - Processing 1-22-2026 10dpi 207-W2021009-271_R1.png
[2026-01-24 16:35:11,572] - [root] - [INFO] - Finished loading mask: 0m 21s
[2026-01-24 16:35:25,542] - [root] - [INFO] - Finished crop and inference: 0m 35s
[2026-01-24 16:35:27,601] - [root] - [INFO] - Analysis finished: 0m 37s
[2026-01-24 16:35:27,601] - [root] - [INFO] - -------------------------------------------
[2026-01-24 16:35:27,601] - [root] - [INFO] - -------------------------------------------
[2026-01-24 16:35:27,601] - [root] - [INFO] - Processing 1-22-2026 10dpi 233-W2021006-607_R1.png
[2026-01-24 16:35:49,708] - [root] - [INFO] - Finished loading mask: 0m 22s
[2026-01-24 16:36:02,753] - [root] - [INFO] - Finished crop and inference: 0m 35s
[2026-01-24 16:36:04,835] - [root] - [INFO] - Analysis finished: 0m 37s
[2026-01-24 16:36:04,836] - [root] - [INFO] - -------------------------------------------
[2026-01-24 16:36:04,860] - [root] - [INFO] - Saved C:\Users\Intel User\Desktop\blackbird_scripts\data\Results\ResNet_upth0.8_downth0.1_Jan22_10-21-00_2026\1-22-2026\th_0.7\severity_rate_tray_10dpi_u0.8_d0.1_ig0.3_sp0.7_20260124_163527.csv
             timestamp time_elapsed  ... severity_rate_patch Gradient_sr2
0  2026-01-24 16:25:28       0m 35s  ...                4.66         0.13

[1 rows x 26 columns]
             timestamp time_elapsed  ... severity_rate_patch Gradient_sr2
0  2026-01-24 16:25:28       0m 35s  ...                4.66         0.13
1  2026-01-24 16:26:04       0m 52s  ...               99.36         3.04

[2 rows x 26 columns]
             timestamp time_elapsed  ... severity_rate_patch Gradient_sr2
0  2026-01-24 16:25:28       0m 35s  ...                4.66         0.13
1  2026-01-24 16:26:04       0m 52s  ...               99.36         3.04
2  2026-01-24 16:26:56       0m 36s  ...                1.42         0.03

[3 rows x 26 columns]
             timestamp time_elapsed  ... severity_rate_patch Gradient_sr2
0  2026-01-24 16:25:28       0m 35s  ...                4.66         0.13
1  2026-01-24 16:26:04       0m 52s  ...               99.36         3.04
2  2026-01-24 16:26:56       0m 36s  ...                1.42         0.03
3  2026-01-24 16:27:32       0m 42s  ...               44.27         1.26

[4 rows x 26 columns]
             timestamp time_elapsed  ... severity_rate_patch Gradient_sr2
0  2026-01-24 16:25:28       0m 35s  ...                4.66         0.13
1  2026-01-24 16:26:04       0m 52s  ...               99.36         3.04
2  2026-01-24 16:26:56       0m 36s  ...                1.42         0.03
3  2026-01-24 16:27:32       0m 42s  ...               44.27         1.26
4  2026-01-24 16:28:14       0m 51s  ...               84.26         2.34

[5 rows x 26 columns]
             timestamp time_elapsed  ... severity_rate_patch Gradient_sr2
0  2026-01-24 16:25:28       0m 35s  ...                4.66         0.13
1  2026-01-24 16:26:04       0m 52s  ...               99.36         3.04
2  2026-01-24 16:26:56       0m 36s  ...                1.42         0.03
3  2026-01-24 16:27:32       0m 42s  ...               44.27         1.26
4  2026-01-24 16:28:14       0m 51s  ...               84.26         2.34
5  2026-01-24 16:29:06       0m 33s  ...                0.86         0.02

[6 rows x 26 columns]
             timestamp time_elapsed  ... severity_rate_patch Gradient_sr2
0  2026-01-24 16:25:28       0m 35s  ...                4.66         0.13
1  2026-01-24 16:26:04       0m 52s  ...               99.36         3.04
2  2026-01-24 16:26:56       0m 36s  ...                1.42         0.03
3  2026-01-24 16:27:32       0m 42s  ...               44.27         1.26
4  2026-01-24 16:28:14       0m 51s  ...               84.26         2.34
5  2026-01-24 16:29:06       0m 33s  ...                0.86         0.02
6  2026-01-24 16:29:40       0m 45s  ...               54.45         1.52

[7 rows x 26 columns]
             timestamp time_elapsed  ... severity_rate_patch Gradient_sr2
0  2026-01-24 16:25:28       0m 35s  ...                4.66         0.13
1  2026-01-24 16:26:04       0m 52s  ...               99.36         3.04
2  2026-01-24 16:26:56       0m 36s  ...                1.42         0.03
3  2026-01-24 16:27:32       0m 42s  ...               44.27         1.26
4  2026-01-24 16:28:14       0m 51s  ...               84.26         2.34
5  2026-01-24 16:29:06       0m 33s  ...                0.86         0.02
6  2026-01-24 16:29:40       0m 45s  ...               54.45         1.52
7  2026-01-24 16:30:26       0m 38s  ...               16.61         0.43

[8 rows x 26 columns]
             timestamp time_elapsed  ... severity_rate_patch Gradient_sr2
0  2026-01-24 16:25:28       0m 35s  ...                4.66         0.13
1  2026-01-24 16:26:04       0m 52s  ...               99.36         3.04
2  2026-01-24 16:26:56       0m 36s  ...                1.42         0.03
3  2026-01-24 16:27:32       0m 42s  ...               44.27         1.26
4  2026-01-24 16:28:14       0m 51s  ...               84.26         2.34
5  2026-01-24 16:29:06       0m 33s  ...                0.86         0.02
6  2026-01-24 16:29:40       0m 45s  ...               54.45         1.52
7  2026-01-24 16:30:26       0m 38s  ...               16.61         0.43
8  2026-01-24 16:31:04       0m 49s  ...               70.80         1.88

[9 rows x 26 columns]
             timestamp time_elapsed  ... severity_rate_patch Gradient_sr2
0  2026-01-24 16:25:28       0m 35s  ...                4.66         0.13
1  2026-01-24 16:26:04       0m 52s  ...               99.36         3.04
2  2026-01-24 16:26:56       0m 36s  ...                1.42         0.03
3  2026-01-24 16:27:32       0m 42s  ...               44.27         1.26
4  2026-01-24 16:28:14       0m 51s  ...               84.26         2.34
5  2026-01-24 16:29:06       0m 33s  ...                0.86         0.02
6  2026-01-24 16:29:40       0m 45s  ...               54.45         1.52
7  2026-01-24 16:30:26       0m 38s  ...               16.61         0.43
8  2026-01-24 16:31:04       0m 49s  ...               70.80         1.88
9  2026-01-24 16:31:54       0m 40s  ...               28.24         0.74

[10 rows x 26 columns]
              timestamp time_elapsed  ... severity_rate_patch Gradient_sr2
0   2026-01-24 16:25:28       0m 35s  ...                4.66         0.13
1   2026-01-24 16:26:04       0m 52s  ...               99.36         3.04
2   2026-01-24 16:26:56       0m 36s  ...                1.42         0.03
3   2026-01-24 16:27:32       0m 42s  ...               44.27         1.26
4   2026-01-24 16:28:14       0m 51s  ...               84.26         2.34
5   2026-01-24 16:29:06       0m 33s  ...                0.86         0.02
6   2026-01-24 16:29:40       0m 45s  ...               54.45         1.52
7   2026-01-24 16:30:26       0m 38s  ...               16.61         0.43
8   2026-01-24 16:31:04       0m 49s  ...               70.80         1.88
9   2026-01-24 16:31:54       0m 40s  ...               28.24         0.74
10  2026-01-24 16:32:35       0m 36s  ...                6.53         0.17

[11 rows x 26 columns]
              timestamp time_elapsed  ... severity_rate_patch Gradient_sr2
0   2026-01-24 16:25:28       0m 35s  ...                4.66         0.13
1   2026-01-24 16:26:04       0m 52s  ...               99.36         3.04
2   2026-01-24 16:26:56       0m 36s  ...                1.42         0.03
3   2026-01-24 16:27:32       0m 42s  ...               44.27         1.26
4   2026-01-24 16:28:14       0m 51s  ...               84.26         2.34
5   2026-01-24 16:29:06       0m 33s  ...                0.86         0.02
6   2026-01-24 16:29:40       0m 45s  ...               54.45         1.52
7   2026-01-24 16:30:26       0m 38s  ...               16.61         0.43
8   2026-01-24 16:31:04       0m 49s  ...               70.80         1.88
9   2026-01-24 16:31:54       0m 40s  ...               28.24         0.74
10  2026-01-24 16:32:35       0m 36s  ...                6.53         0.17
11  2026-01-24 16:33:11       0m 46s  ...               68.04         1.84

[12 rows x 26 columns]
              timestamp time_elapsed  ... severity_rate_patch Gradient_sr2
0   2026-01-24 16:25:28       0m 35s  ...                4.66         0.13
1   2026-01-24 16:26:04       0m 52s  ...               99.36         3.04
2   2026-01-24 16:26:56       0m 36s  ...                1.42         0.03
3   2026-01-24 16:27:32       0m 42s  ...               44.27         1.26
4   2026-01-24 16:28:14       0m 51s  ...               84.26         2.34
5   2026-01-24 16:29:06       0m 33s  ...                0.86         0.02
6   2026-01-24 16:29:40       0m 45s  ...               54.45         1.52
7   2026-01-24 16:30:26       0m 38s  ...               16.61         0.43
8   2026-01-24 16:31:04       0m 49s  ...               70.80         1.88
9   2026-01-24 16:31:54       0m 40s  ...               28.24         0.74
10  2026-01-24 16:32:35       0m 36s  ...                6.53         0.17
11  2026-01-24 16:33:11       0m 46s  ...               68.04         1.84
12  2026-01-24 16:33:58       0m 51s  ...               84.66         2.39

[13 rows x 26 columns]
              timestamp time_elapsed  ... severity_rate_patch Gradient_sr2
0   2026-01-24 16:25:28       0m 35s  ...                4.66         0.13
1   2026-01-24 16:26:04       0m 52s  ...               99.36         3.04
2   2026-01-24 16:26:56       0m 36s  ...                1.42         0.03
3   2026-01-24 16:27:32       0m 42s  ...               44.27         1.26
4   2026-01-24 16:28:14       0m 51s  ...               84.26         2.34
5   2026-01-24 16:29:06       0m 33s  ...                0.86         0.02
6   2026-01-24 16:29:40       0m 45s  ...               54.45         1.52
7   2026-01-24 16:30:26       0m 38s  ...               16.61         0.43
8   2026-01-24 16:31:04       0m 49s  ...               70.80         1.88
9   2026-01-24 16:31:54       0m 40s  ...               28.24         0.74
10  2026-01-24 16:32:35       0m 36s  ...                6.53         0.17
11  2026-01-24 16:33:11       0m 46s  ...               68.04         1.84
12  2026-01-24 16:33:58       0m 51s  ...               84.66         2.39
13  2026-01-24 16:34:49       0m 37s  ...               41.06         1.08

[14 rows x 26 columns]
              timestamp time_elapsed  ... severity_rate_patch Gradient_sr2
0   2026-01-24 16:25:28       0m 35s  ...                4.66         0.13
1   2026-01-24 16:26:04       0m 52s  ...               99.36         3.04
2   2026-01-24 16:26:56       0m 36s  ...                1.42         0.03
3   2026-01-24 16:27:32       0m 42s  ...               44.27         1.26
4   2026-01-24 16:28:14       0m 51s  ...               84.26         2.34
5   2026-01-24 16:29:06       0m 33s  ...                0.86         0.02
6   2026-01-24 16:29:40       0m 45s  ...               54.45         1.52
7   2026-01-24 16:30:26       0m 38s  ...               16.61         0.43
8   2026-01-24 16:31:04       0m 49s  ...               70.80         1.88
9   2026-01-24 16:31:54       0m 40s  ...               28.24         0.74
10  2026-01-24 16:32:35       0m 36s  ...                6.53         0.17
11  2026-01-24 16:33:11       0m 46s  ...               68.04         1.84
12  2026-01-24 16:33:58       0m 51s  ...               84.66         2.39
13  2026-01-24 16:34:49       0m 37s  ...               41.06         1.08
14  2026-01-24 16:35:27       0m 37s  ...               22.52         0.54

[15 rows x 26 columns]

real	10m47.433s
user	0m0.015s
sys	0m0.000s
