[2026-01-24 15:14:01,402] - [root] - [INFO] - leaf_correlation_mw.py
[2026-01-24 15:14:01,403] - [root] - [INFO] - model_type       : ResNet
[2026-01-24 15:14:01,403] - [root] - [INFO] - pretrained       : True
[2026-01-24 15:14:01,403] - [root] - [INFO] - loading_epoch    : 59
[2026-01-24 15:14:01,403] - [root] - [INFO] - timestamp        : Feb14_15-53-04_2024
[2026-01-24 15:14:01,403] - [root] - [INFO] - outdim           : 2
[2026-01-24 15:14:01,403] - [root] - [INFO] - dual_head        : False
[2026-01-24 15:14:01,403] - [root] - [INFO] - model_path       : ../..
[2026-01-24 15:14:01,403] - [root] - [INFO] - step_size        : 224
[2026-01-24 15:14:01,403] - [root] - [INFO] - means            : [0.541, 0.6371, 0.4188]
[2026-01-24 15:14:01,404] - [root] - [INFO] - stds             : [0.1764, 0.165, 0.2326]
[2026-01-24 15:14:01,404] - [root] - [INFO] - target_class     : 1
[2026-01-24 15:14:01,404] - [root] - [INFO] - contam_control   : False
[2026-01-24 15:14:01,404] - [root] - [INFO] - spor_th          : None
[2026-01-24 15:14:01,404] - [root] - [INFO] - inf_gate         : None
[2026-01-24 15:14:01,404] - [root] - [INFO] - pm               : HPM-1269
[2026-01-24 15:14:01,404] - [root] - [INFO] - mps              : False
[2026-01-24 15:14:01,404] - [root] - [INFO] - cuda             : True
[2026-01-24 15:14:01,404] - [root] - [INFO] - cuda_id          : 0
[2026-01-24 15:14:01,404] - [root] - [INFO] - sal_threshold    : 0.5
[2026-01-24 15:14:01,404] - [root] - [INFO] - up_threshold     : 0.5
[2026-01-24 15:14:01,404] - [root] - [INFO] - down_threshold   : 0.1
[2026-01-24 15:14:01,404] - [root] - [INFO] - dataset_path     : C:/Users/Intel User/Desktop/blackbird_scripts/data/human_disk_assessments
[2026-01-24 15:14:01,404] - [root] - [INFO] - img_folder       : 1-22-2026
[2026-01-24 15:14:01,405] - [root] - [INFO] - platform         : BlackBird
[2026-01-24 15:14:01,405] - [root] - [INFO] - threshold        : ['0.7']
[2026-01-24 15:14:01,405] - [root] - [INFO] - log              : ../../results/logs/random.log
[2026-01-24 15:14:01,405] - [root] - [INFO] - dpi              : 10
[2026-01-24 15:14:01,405] - [root] - [INFO] - group            : baseline
[2026-01-24 15:14:01,405] - [root] - [INFO] - trays            : ['10dpi']
[2026-01-24 15:14:01,405] - [root] - [INFO] - sal_gradcam      : False
[2026-01-24 15:14:01,405] - [root] - [INFO] - sal_gradient     : True
[2026-01-24 15:14:01,405] - [root] - [INFO] - sal_smoothgrad   : False
[2026-01-24 15:14:01,405] - [root] - [INFO] - sal_deeplift     : False
[2026-01-24 15:14:01,405] - [root] - [INFO] - sal_thresh_method : fixed
[2026-01-24 15:14:01,405] - [root] - [INFO] - sal_thresh_p     : 95.0
[2026-01-24 15:14:02,531] - [root] - [INFO] - -------------------------------------------
[2026-01-24 15:14:02,531] - [root] - [INFO] - Processing 1-22-2026 10dpi 046-W2021009-208_R2.png
[2026-01-24 15:14:24,059] - [root] - [INFO] - Finished loading mask: 0m 21s
[2026-01-24 15:14:34,443] - [root] - [INFO] - Finished crop and inference: 0m 31s
[2026-01-24 15:14:35,644] - [root] - [INFO] - Analysis finished: 0m 33s
[2026-01-24 15:14:35,644] - [root] - [INFO] - -------------------------------------------
[2026-01-24 15:14:35,644] - [root] - [INFO] - -------------------------------------------
[2026-01-24 15:14:35,644] - [root] - [INFO] - Processing 1-22-2026 10dpi 151-W2021011-479_R2.png
[2026-01-24 15:14:58,201] - [root] - [INFO] - Finished loading mask: 0m 22s
[2026-01-24 15:15:25,871] - [root] - [INFO] - Finished crop and inference: 0m 50s
[2026-01-24 15:15:27,244] - [root] - [INFO] - Analysis finished: 0m 51s
[2026-01-24 15:15:27,244] - [root] - [INFO] - -------------------------------------------
[2026-01-24 15:15:27,244] - [root] - [INFO] - -------------------------------------------
[2026-01-24 15:15:27,244] - [root] - [INFO] - Processing 1-22-2026 10dpi 152-W2021010-301_R2.png
[2026-01-24 15:15:49,543] - [root] - [INFO] - Finished loading mask: 0m 22s
[2026-01-24 15:16:00,710] - [root] - [INFO] - Finished crop and inference: 0m 33s
[2026-01-24 15:16:01,971] - [root] - [INFO] - Analysis finished: 0m 34s
[2026-01-24 15:16:01,971] - [root] - [INFO] - -------------------------------------------
[2026-01-24 15:16:01,971] - [root] - [INFO] - -------------------------------------------
[2026-01-24 15:16:01,971] - [root] - [INFO] - Processing 1-22-2026 10dpi 152-W2021011-479_R1.png
[2026-01-24 15:16:24,104] - [root] - [INFO] - Finished loading mask: 0m 22s
[2026-01-24 15:16:42,448] - [root] - [INFO] - Finished crop and inference: 0m 40s
[2026-01-24 15:16:43,773] - [root] - [INFO] - Analysis finished: 0m 41s
[2026-01-24 15:16:43,773] - [root] - [INFO] - -------------------------------------------
[2026-01-24 15:16:43,773] - [root] - [INFO] - -------------------------------------------
[2026-01-24 15:16:43,773] - [root] - [INFO] - Processing 1-22-2026 10dpi 162-W2021011-551_R2.png
[2026-01-24 15:17:05,781] - [root] - [INFO] - Finished loading mask: 0m 22s
[2026-01-24 15:17:34,287] - [root] - [INFO] - Finished crop and inference: 0m 50s
[2026-01-24 15:17:35,550] - [root] - [INFO] - Analysis finished: 0m 51s
[2026-01-24 15:17:35,551] - [root] - [INFO] - -------------------------------------------
[2026-01-24 15:17:35,551] - [root] - [INFO] - -------------------------------------------
[2026-01-24 15:17:35,551] - [root] - [INFO] - Processing 1-22-2026 10dpi 166-W2021006-123_R1.png
[2026-01-24 15:17:56,861] - [root] - [INFO] - Finished loading mask: 0m 21s
[2026-01-24 15:18:06,284] - [root] - [INFO] - Finished crop and inference: 0m 30s
[2026-01-24 15:18:07,498] - [root] - [INFO] - Analysis finished: 0m 31s
[2026-01-24 15:18:07,498] - [root] - [INFO] - -------------------------------------------
[2026-01-24 15:18:07,499] - [root] - [INFO] - -------------------------------------------
[2026-01-24 15:18:07,499] - [root] - [INFO] - Processing 1-22-2026 10dpi 166-W2021006-146_R1.png
[2026-01-24 15:18:29,064] - [root] - [INFO] - Finished loading mask: 0m 21s
[2026-01-24 15:18:51,350] - [root] - [INFO] - Finished crop and inference: 0m 43s
[2026-01-24 15:18:52,640] - [root] - [INFO] - Analysis finished: 0m 45s
[2026-01-24 15:18:52,640] - [root] - [INFO] - -------------------------------------------
[2026-01-24 15:18:52,640] - [root] - [INFO] - -------------------------------------------
[2026-01-24 15:18:52,640] - [root] - [INFO] - Processing 1-22-2026 10dpi 166-W2021006-146_R2.png
[2026-01-24 15:19:14,192] - [root] - [INFO] - Finished loading mask: 0m 21s
[2026-01-24 15:19:29,126] - [root] - [INFO] - Finished crop and inference: 0m 36s
[2026-01-24 15:19:30,344] - [root] - [INFO] - Analysis finished: 0m 37s
[2026-01-24 15:19:30,344] - [root] - [INFO] - -------------------------------------------
[2026-01-24 15:19:30,344] - [root] - [INFO] - -------------------------------------------
[2026-01-24 15:19:30,344] - [root] - [INFO] - Processing 1-22-2026 10dpi 171-W2021011-584_R1.png
[2026-01-24 15:19:52,224] - [root] - [INFO] - Finished loading mask: 0m 21s
[2026-01-24 15:20:17,667] - [root] - [INFO] - Finished crop and inference: 0m 47s
[2026-01-24 15:20:18,819] - [root] - [INFO] - Analysis finished: 0m 48s
[2026-01-24 15:20:18,819] - [root] - [INFO] - -------------------------------------------
[2026-01-24 15:20:18,819] - [root] - [INFO] - -------------------------------------------
[2026-01-24 15:20:18,820] - [root] - [INFO] - Processing 1-22-2026 10dpi 181-W2021009-295_R2.png
[2026-01-24 15:20:40,567] - [root] - [INFO] - Finished loading mask: 0m 21s
[2026-01-24 15:20:57,676] - [root] - [INFO] - Finished crop and inference: 0m 38s
[2026-01-24 15:20:58,931] - [root] - [INFO] - Analysis finished: 0m 40s
[2026-01-24 15:20:58,931] - [root] - [INFO] - -------------------------------------------
[2026-01-24 15:20:58,931] - [root] - [INFO] - -------------------------------------------
[2026-01-24 15:20:58,931] - [root] - [INFO] - Processing 1-22-2026 10dpi 182-W2021009-251_R1.png
[2026-01-24 15:21:20,597] - [root] - [INFO] - Finished loading mask: 0m 21s
[2026-01-24 15:21:33,197] - [root] - [INFO] - Finished crop and inference: 0m 34s
[2026-01-24 15:21:34,471] - [root] - [INFO] - Analysis finished: 0m 35s
[2026-01-24 15:21:34,472] - [root] - [INFO] - -------------------------------------------
[2026-01-24 15:21:34,472] - [root] - [INFO] - -------------------------------------------
[2026-01-24 15:21:34,472] - [root] - [INFO] - Processing 1-22-2026 10dpi 192-W2021010-449_R2.png
[2026-01-24 15:21:55,545] - [root] - [INFO] - Finished loading mask: 0m 21s
[2026-01-24 15:22:18,387] - [root] - [INFO] - Finished crop and inference: 0m 43s
[2026-01-24 15:22:19,709] - [root] - [INFO] - Analysis finished: 0m 45s
[2026-01-24 15:22:19,710] - [root] - [INFO] - -------------------------------------------
[2026-01-24 15:22:19,710] - [root] - [INFO] - -------------------------------------------
[2026-01-24 15:22:19,710] - [root] - [INFO] - Processing 1-22-2026 10dpi 206-W2021009-271_R2.png
[2026-01-24 15:22:40,883] - [root] - [INFO] - Finished loading mask: 0m 21s
[2026-01-24 15:23:07,879] - [root] - [INFO] - Finished crop and inference: 0m 48s
[2026-01-24 15:23:09,235] - [root] - [INFO] - Analysis finished: 0m 49s
[2026-01-24 15:23:09,235] - [root] - [INFO] - -------------------------------------------
[2026-01-24 15:23:09,235] - [root] - [INFO] - -------------------------------------------
[2026-01-24 15:23:09,236] - [root] - [INFO] - Processing 1-22-2026 10dpi 207-W2021009-271_R1.png
[2026-01-24 15:23:30,107] - [root] - [INFO] - Finished loading mask: 0m 20s
[2026-01-24 15:23:44,251] - [root] - [INFO] - Finished crop and inference: 0m 35s
[2026-01-24 15:23:45,582] - [root] - [INFO] - Analysis finished: 0m 36s
[2026-01-24 15:23:45,582] - [root] - [INFO] - -------------------------------------------
[2026-01-24 15:23:45,582] - [root] - [INFO] - -------------------------------------------
[2026-01-24 15:23:45,582] - [root] - [INFO] - Processing 1-22-2026 10dpi 233-W2021006-607_R1.png
[2026-01-24 15:24:06,196] - [root] - [INFO] - Finished loading mask: 0m 20s
[2026-01-24 15:24:18,537] - [root] - [INFO] - Finished crop and inference: 0m 32s
[2026-01-24 15:24:19,692] - [root] - [INFO] - Analysis finished: 0m 34s
[2026-01-24 15:24:19,693] - [root] - [INFO] - -------------------------------------------
[2026-01-24 15:24:19,699] - [root] - [INFO] - Saved C:\Users\Intel User\Desktop\blackbird_scripts\data\Results\ResNet_upth0.5_downth0.1_Feb14_15-53-04_2024\1-22-2026\th_0.7\severity_rate_tray_10dpi_u0.5_d0.1_ig0.1_sp0.5_20260124_152345.csv
WARNING: outdim>=2 but dual_head flag not set. If you're using a dual-head model, please set --dual_head.
             timestamp time_elapsed  ... severity_rate_patch Gradient_sr2
0  2026-01-24 15:14:02       0m 33s  ...                4.56         0.11

[1 rows x 22 columns]
             timestamp time_elapsed  ... severity_rate_patch Gradient_sr2
0  2026-01-24 15:14:02       0m 33s  ...                4.56         0.11
1  2026-01-24 15:14:35       0m 51s  ...              100.00         3.10

[2 rows x 22 columns]
             timestamp time_elapsed  ... severity_rate_patch Gradient_sr2
0  2026-01-24 15:14:02       0m 33s  ...                4.56         0.11
1  2026-01-24 15:14:35       0m 51s  ...              100.00         3.10
2  2026-01-24 15:15:27       0m 34s  ...                0.28         0.01

[3 rows x 22 columns]
             timestamp time_elapsed  ... severity_rate_patch Gradient_sr2
0  2026-01-24 15:14:02       0m 33s  ...                4.56         0.11
1  2026-01-24 15:14:35       0m 51s  ...              100.00         3.10
2  2026-01-24 15:15:27       0m 34s  ...                0.28         0.01
3  2026-01-24 15:16:01       0m 41s  ...               44.77         1.24

[4 rows x 22 columns]
             timestamp time_elapsed  ... severity_rate_patch Gradient_sr2
0  2026-01-24 15:14:02       0m 33s  ...                4.56         0.11
1  2026-01-24 15:14:35       0m 51s  ...              100.00         3.10
2  2026-01-24 15:15:27       0m 34s  ...                0.28         0.01
3  2026-01-24 15:16:01       0m 41s  ...               44.77         1.24
4  2026-01-24 15:16:43       0m 51s  ...               87.43         2.48

[5 rows x 22 columns]
             timestamp time_elapsed  ... severity_rate_patch Gradient_sr2
0  2026-01-24 15:14:02       0m 33s  ...                4.56         0.11
1  2026-01-24 15:14:35       0m 51s  ...              100.00         3.10
2  2026-01-24 15:15:27       0m 34s  ...                0.28         0.01
3  2026-01-24 15:16:01       0m 41s  ...               44.77         1.24
4  2026-01-24 15:16:43       0m 51s  ...               87.43         2.48
5  2026-01-24 15:17:35       0m 31s  ...                1.44         0.03

[6 rows x 22 columns]
             timestamp time_elapsed  ... severity_rate_patch Gradient_sr2
0  2026-01-24 15:14:02       0m 33s  ...                4.56         0.11
1  2026-01-24 15:14:35       0m 51s  ...              100.00         3.10
2  2026-01-24 15:15:27       0m 34s  ...                0.28         0.01
3  2026-01-24 15:16:01       0m 41s  ...               44.77         1.24
4  2026-01-24 15:16:43       0m 51s  ...               87.43         2.48
5  2026-01-24 15:17:35       0m 31s  ...                1.44         0.03
6  2026-01-24 15:18:07       0m 45s  ...               56.67         1.57

[7 rows x 22 columns]
             timestamp time_elapsed  ... severity_rate_patch Gradient_sr2
0  2026-01-24 15:14:02       0m 33s  ...                4.56         0.11
1  2026-01-24 15:14:35       0m 51s  ...              100.00         3.10
2  2026-01-24 15:15:27       0m 34s  ...                0.28         0.01
3  2026-01-24 15:16:01       0m 41s  ...               44.77         1.24
4  2026-01-24 15:16:43       0m 51s  ...               87.43         2.48
5  2026-01-24 15:17:35       0m 31s  ...                1.44         0.03
6  2026-01-24 15:18:07       0m 45s  ...               56.67         1.57
7  2026-01-24 15:18:52       0m 37s  ...               15.81         0.38

[8 rows x 22 columns]
             timestamp time_elapsed  ... severity_rate_patch Gradient_sr2
0  2026-01-24 15:14:02       0m 33s  ...                4.56         0.11
1  2026-01-24 15:14:35       0m 51s  ...              100.00         3.10
2  2026-01-24 15:15:27       0m 34s  ...                0.28         0.01
3  2026-01-24 15:16:01       0m 41s  ...               44.77         1.24
4  2026-01-24 15:16:43       0m 51s  ...               87.43         2.48
5  2026-01-24 15:17:35       0m 31s  ...                1.44         0.03
6  2026-01-24 15:18:07       0m 45s  ...               56.67         1.57
7  2026-01-24 15:18:52       0m 37s  ...               15.81         0.38
8  2026-01-24 15:19:30       0m 48s  ...               74.43         1.84

[9 rows x 22 columns]
             timestamp time_elapsed  ... severity_rate_patch Gradient_sr2
0  2026-01-24 15:14:02       0m 33s  ...                4.56         0.11
1  2026-01-24 15:14:35       0m 51s  ...              100.00         3.10
2  2026-01-24 15:15:27       0m 34s  ...                0.28         0.01
3  2026-01-24 15:16:01       0m 41s  ...               44.77         1.24
4  2026-01-24 15:16:43       0m 51s  ...               87.43         2.48
5  2026-01-24 15:17:35       0m 31s  ...                1.44         0.03
6  2026-01-24 15:18:07       0m 45s  ...               56.67         1.57
7  2026-01-24 15:18:52       0m 37s  ...               15.81         0.38
8  2026-01-24 15:19:30       0m 48s  ...               74.43         1.84
9  2026-01-24 15:20:18       0m 40s  ...               28.59         0.71

[10 rows x 22 columns]
              timestamp time_elapsed  ... severity_rate_patch Gradient_sr2
0   2026-01-24 15:14:02       0m 33s  ...                4.56         0.11
1   2026-01-24 15:14:35       0m 51s  ...              100.00         3.10
2   2026-01-24 15:15:27       0m 34s  ...                0.28         0.01
3   2026-01-24 15:16:01       0m 41s  ...               44.77         1.24
4   2026-01-24 15:16:43       0m 51s  ...               87.43         2.48
5   2026-01-24 15:17:35       0m 31s  ...                1.44         0.03
6   2026-01-24 15:18:07       0m 45s  ...               56.67         1.57
7   2026-01-24 15:18:52       0m 37s  ...               15.81         0.38
8   2026-01-24 15:19:30       0m 48s  ...               74.43         1.84
9   2026-01-24 15:20:18       0m 40s  ...               28.59         0.71
10  2026-01-24 15:20:58       0m 35s  ...                7.52         0.18

[11 rows x 22 columns]
              timestamp time_elapsed  ... severity_rate_patch Gradient_sr2
0   2026-01-24 15:14:02       0m 33s  ...                4.56         0.11
1   2026-01-24 15:14:35       0m 51s  ...              100.00         3.10
2   2026-01-24 15:15:27       0m 34s  ...                0.28         0.01
3   2026-01-24 15:16:01       0m 41s  ...               44.77         1.24
4   2026-01-24 15:16:43       0m 51s  ...               87.43         2.48
5   2026-01-24 15:17:35       0m 31s  ...                1.44         0.03
6   2026-01-24 15:18:07       0m 45s  ...               56.67         1.57
7   2026-01-24 15:18:52       0m 37s  ...               15.81         0.38
8   2026-01-24 15:19:30       0m 48s  ...               74.43         1.84
9   2026-01-24 15:20:18       0m 40s  ...               28.59         0.71
10  2026-01-24 15:20:58       0m 35s  ...                7.52         0.18
11  2026-01-24 15:21:34       0m 45s  ...               69.82         1.91

[12 rows x 22 columns]
              timestamp time_elapsed  ... severity_rate_patch Gradient_sr2
0   2026-01-24 15:14:02       0m 33s  ...                4.56         0.11
1   2026-01-24 15:14:35       0m 51s  ...              100.00         3.10
2   2026-01-24 15:15:27       0m 34s  ...                0.28         0.01
3   2026-01-24 15:16:01       0m 41s  ...               44.77         1.24
4   2026-01-24 15:16:43       0m 51s  ...               87.43         2.48
5   2026-01-24 15:17:35       0m 31s  ...                1.44         0.03
6   2026-01-24 15:18:07       0m 45s  ...               56.67         1.57
7   2026-01-24 15:18:52       0m 37s  ...               15.81         0.38
8   2026-01-24 15:19:30       0m 48s  ...               74.43         1.84
9   2026-01-24 15:20:18       0m 40s  ...               28.59         0.71
10  2026-01-24 15:20:58       0m 35s  ...                7.52         0.18
11  2026-01-24 15:21:34       0m 45s  ...               69.82         1.91
12  2026-01-24 15:22:19       0m 49s  ...               88.24         2.31

[13 rows x 22 columns]
              timestamp time_elapsed  ... severity_rate_patch Gradient_sr2
0   2026-01-24 15:14:02       0m 33s  ...                4.56         0.11
1   2026-01-24 15:14:35       0m 51s  ...              100.00         3.10
2   2026-01-24 15:15:27       0m 34s  ...                0.28         0.01
3   2026-01-24 15:16:01       0m 41s  ...               44.77         1.24
4   2026-01-24 15:16:43       0m 51s  ...               87.43         2.48
5   2026-01-24 15:17:35       0m 31s  ...                1.44         0.03
6   2026-01-24 15:18:07       0m 45s  ...               56.67         1.57
7   2026-01-24 15:18:52       0m 37s  ...               15.81         0.38
8   2026-01-24 15:19:30       0m 48s  ...               74.43         1.84
9   2026-01-24 15:20:18       0m 40s  ...               28.59         0.71
10  2026-01-24 15:20:58       0m 35s  ...                7.52         0.18
11  2026-01-24 15:21:34       0m 45s  ...               69.82         1.91
12  2026-01-24 15:22:19       0m 49s  ...               88.24         2.31
13  2026-01-24 15:23:09       0m 36s  ...               42.71         1.03

[14 rows x 22 columns]
              timestamp time_elapsed  ... severity_rate_patch Gradient_sr2
0   2026-01-24 15:14:02       0m 33s  ...                4.56         0.11
1   2026-01-24 15:14:35       0m 51s  ...              100.00         3.10
2   2026-01-24 15:15:27       0m 34s  ...                0.28         0.01
3   2026-01-24 15:16:01       0m 41s  ...               44.77         1.24
4   2026-01-24 15:16:43       0m 51s  ...               87.43         2.48
5   2026-01-24 15:17:35       0m 31s  ...                1.44         0.03
6   2026-01-24 15:18:07       0m 45s  ...               56.67         1.57
7   2026-01-24 15:18:52       0m 37s  ...               15.81         0.38
8   2026-01-24 15:19:30       0m 48s  ...               74.43         1.84
9   2026-01-24 15:20:18       0m 40s  ...               28.59         0.71
10  2026-01-24 15:20:58       0m 35s  ...                7.52         0.18
11  2026-01-24 15:21:34       0m 45s  ...               69.82         1.91
12  2026-01-24 15:22:19       0m 49s  ...               88.24         2.31
13  2026-01-24 15:23:09       0m 36s  ...               42.71         1.03
14  2026-01-24 15:23:45       0m 34s  ...               21.37         0.52

[15 rows x 22 columns]

real	10m27.500s
user	0m0.000s
sys	0m0.000s
