[2026-01-24 15:45:35,548] - [root] - [INFO] - leaf_correlation_mw.py
[2026-01-24 15:45:35,548] - [root] - [INFO] - model_type       : ResNet
[2026-01-24 15:45:35,548] - [root] - [INFO] - pretrained       : True
[2026-01-24 15:45:35,548] - [root] - [INFO] - loading_epoch    : 65
[2026-01-24 15:45:35,548] - [root] - [INFO] - timestamp        : Jan22_10-21-00_2026
[2026-01-24 15:45:35,549] - [root] - [INFO] - outdim           : 2
[2026-01-24 15:45:35,549] - [root] - [INFO] - dual_head        : True
[2026-01-24 15:45:35,549] - [root] - [INFO] - model_path       : ../..
[2026-01-24 15:45:35,549] - [root] - [INFO] - step_size        : 224
[2026-01-24 15:45:35,549] - [root] - [INFO] - means            : [0.541, 0.6371, 0.4188]
[2026-01-24 15:45:35,549] - [root] - [INFO] - stds             : [0.1764, 0.165, 0.2326]
[2026-01-24 15:45:35,550] - [root] - [INFO] - target_class     : 1
[2026-01-24 15:45:35,550] - [root] - [INFO] - contam_control   : False
[2026-01-24 15:45:35,550] - [root] - [INFO] - spor_th          : 0.9
[2026-01-24 15:45:35,550] - [root] - [INFO] - inf_gate         : 0.5
[2026-01-24 15:45:35,550] - [root] - [INFO] - pm               : HPM-1269
[2026-01-24 15:45:35,550] - [root] - [INFO] - mps              : False
[2026-01-24 15:45:35,550] - [root] - [INFO] - cuda             : True
[2026-01-24 15:45:35,550] - [root] - [INFO] - cuda_id          : 0
[2026-01-24 15:45:35,550] - [root] - [INFO] - sal_threshold    : 0.5
[2026-01-24 15:45:35,550] - [root] - [INFO] - up_threshold     : 0.8
[2026-01-24 15:45:35,550] - [root] - [INFO] - down_threshold   : 0.1
[2026-01-24 15:45:35,550] - [root] - [INFO] - dataset_path     : C:/Users/Intel User/Desktop/blackbird_scripts/data/human_disk_assessments
[2026-01-24 15:45:35,551] - [root] - [INFO] - img_folder       : 1-22-2026
[2026-01-24 15:45:35,551] - [root] - [INFO] - platform         : BlackBird
[2026-01-24 15:45:35,551] - [root] - [INFO] - threshold        : ['0.7']
[2026-01-24 15:45:35,551] - [root] - [INFO] - log              : ../../results/logs/random.log
[2026-01-24 15:45:35,551] - [root] - [INFO] - dpi              : 5
[2026-01-24 15:45:35,551] - [root] - [INFO] - group            : baseline
[2026-01-24 15:45:35,551] - [root] - [INFO] - trays            : ['5dpi']
[2026-01-24 15:45:35,551] - [root] - [INFO] - sal_gradcam      : False
[2026-01-24 15:45:35,551] - [root] - [INFO] - sal_gradient     : True
[2026-01-24 15:45:35,551] - [root] - [INFO] - sal_smoothgrad   : False
[2026-01-24 15:45:35,551] - [root] - [INFO] - sal_deeplift     : False
[2026-01-24 15:45:35,551] - [root] - [INFO] - sal_thresh_method : fixed
[2026-01-24 15:45:35,552] - [root] - [INFO] - sal_thresh_p     : 95.0
[2026-01-24 15:45:36,604] - [root] - [INFO] - -------------------------------------------
[2026-01-24 15:45:36,604] - [root] - [INFO] - Processing 1-22-2026 5dpi 005-W2021011-592_R2.png
[2026-01-24 15:45:57,408] - [root] - [INFO] - Finished loading mask: 0m 20s
[2026-01-24 15:46:08,914] - [root] - [INFO] - Finished crop and inference: 0m 32s
[2026-01-24 15:46:11,042] - [root] - [INFO] - Analysis finished: 0m 34s
[2026-01-24 15:46:11,042] - [root] - [INFO] - -------------------------------------------
[2026-01-24 15:46:11,042] - [root] - [INFO] - -------------------------------------------
[2026-01-24 15:46:11,042] - [root] - [INFO] - Processing 1-22-2026 5dpi 022-W2021009-198_R2.png
[2026-01-24 15:46:33,900] - [root] - [INFO] - Finished loading mask: 0m 22s
[2026-01-24 15:46:47,925] - [root] - [INFO] - Finished crop and inference: 0m 36s
[2026-01-24 15:46:50,375] - [root] - [INFO] - Analysis finished: 0m 39s
[2026-01-24 15:46:50,376] - [root] - [INFO] - -------------------------------------------
[2026-01-24 15:46:50,376] - [root] - [INFO] - -------------------------------------------
[2026-01-24 15:46:50,376] - [root] - [INFO] - Processing 1-22-2026 5dpi 047-W2021011-482_R1.png
[2026-01-24 15:47:13,496] - [root] - [INFO] - Finished loading mask: 0m 23s
[2026-01-24 15:47:31,076] - [root] - [INFO] - Finished crop and inference: 0m 40s
[2026-01-24 15:47:32,952] - [root] - [INFO] - Analysis finished: 0m 42s
[2026-01-24 15:47:32,952] - [root] - [INFO] - -------------------------------------------
[2026-01-24 15:47:32,954] - [root] - [INFO] - -------------------------------------------
[2026-01-24 15:47:32,954] - [root] - [INFO] - Processing 1-22-2026 5dpi 055-W2021010-397_R2.png
[2026-01-24 15:47:55,404] - [root] - [INFO] - Finished loading mask: 0m 22s
[2026-01-24 15:48:07,836] - [root] - [INFO] - Finished crop and inference: 0m 34s
[2026-01-24 15:48:09,582] - [root] - [INFO] - Analysis finished: 0m 36s
[2026-01-24 15:48:09,582] - [root] - [INFO] - -------------------------------------------
[2026-01-24 15:48:09,582] - [root] - [INFO] - -------------------------------------------
[2026-01-24 15:48:09,582] - [root] - [INFO] - Processing 1-22-2026 5dpi 121-W2021009-185_R1.png
[2026-01-24 15:48:32,039] - [root] - [INFO] - Finished loading mask: 0m 22s
[2026-01-24 15:48:42,569] - [root] - [INFO] - Finished crop and inference: 0m 32s
[2026-01-24 15:48:44,287] - [root] - [INFO] - Analysis finished: 0m 34s
[2026-01-24 15:48:44,287] - [root] - [INFO] - -------------------------------------------
[2026-01-24 15:48:44,287] - [root] - [INFO] - -------------------------------------------
[2026-01-24 15:48:44,287] - [root] - [INFO] - Processing 1-22-2026 5dpi 128-W2021006-013_R1.png
[2026-01-24 15:49:07,777] - [root] - [INFO] - Finished loading mask: 0m 23s
[2026-01-24 15:49:29,409] - [root] - [INFO] - Finished crop and inference: 0m 45s
[2026-01-24 15:49:31,107] - [root] - [INFO] - Analysis finished: 0m 46s
[2026-01-24 15:49:31,107] - [root] - [INFO] - -------------------------------------------
[2026-01-24 15:49:31,107] - [root] - [INFO] - -------------------------------------------
[2026-01-24 15:49:31,109] - [root] - [INFO] - Processing 1-22-2026 5dpi 149-W2021010-417_R1.png
[2026-01-24 15:49:53,358] - [root] - [INFO] - Finished loading mask: 0m 22s
[2026-01-24 15:50:07,141] - [root] - [INFO] - Finished crop and inference: 0m 36s
[2026-01-24 15:50:09,010] - [root] - [INFO] - Analysis finished: 0m 37s
[2026-01-24 15:50:09,010] - [root] - [INFO] - -------------------------------------------
[2026-01-24 15:50:09,010] - [root] - [INFO] - -------------------------------------------
[2026-01-24 15:50:09,010] - [root] - [INFO] - Processing 1-22-2026 5dpi 156-W2021009-276_R2.png
[2026-01-24 15:50:31,068] - [root] - [INFO] - Finished loading mask: 0m 22s
[2026-01-24 15:50:44,618] - [root] - [INFO] - Finished crop and inference: 0m 35s
[2026-01-24 15:50:46,396] - [root] - [INFO] - Analysis finished: 0m 37s
[2026-01-24 15:50:46,396] - [root] - [INFO] - -------------------------------------------
[2026-01-24 15:50:46,396] - [root] - [INFO] - -------------------------------------------
[2026-01-24 15:50:46,396] - [root] - [INFO] - Processing 1-22-2026 5dpi 172-W2021011-557_R2.png
[2026-01-24 15:51:08,463] - [root] - [INFO] - Finished loading mask: 0m 22s
[2026-01-24 15:51:21,832] - [root] - [INFO] - Finished crop and inference: 0m 35s
[2026-01-24 15:51:23,522] - [root] - [INFO] - Analysis finished: 0m 37s
[2026-01-24 15:51:23,522] - [root] - [INFO] - -------------------------------------------
[2026-01-24 15:51:23,522] - [root] - [INFO] - -------------------------------------------
[2026-01-24 15:51:23,522] - [root] - [INFO] - Processing 1-22-2026 5dpi 180-W2021011-476_R2.png
[2026-01-24 15:51:46,020] - [root] - [INFO] - Finished loading mask: 0m 22s
[2026-01-24 15:52:08,560] - [root] - [INFO] - Finished crop and inference: 0m 45s
[2026-01-24 15:52:10,332] - [root] - [INFO] - Analysis finished: 0m 46s
[2026-01-24 15:52:10,332] - [root] - [INFO] - -------------------------------------------
[2026-01-24 15:52:10,332] - [root] - [INFO] - -------------------------------------------
[2026-01-24 15:52:10,332] - [root] - [INFO] - Processing 1-22-2026 5dpi 183-W2021009-295_R1.png
[2026-01-24 15:52:32,717] - [root] - [INFO] - Finished loading mask: 0m 22s
[2026-01-24 15:52:43,897] - [root] - [INFO] - Finished crop and inference: 0m 33s
[2026-01-24 15:52:45,761] - [root] - [INFO] - Analysis finished: 0m 35s
[2026-01-24 15:52:45,763] - [root] - [INFO] - -------------------------------------------
[2026-01-24 15:52:45,763] - [root] - [INFO] - -------------------------------------------
[2026-01-24 15:52:45,763] - [root] - [INFO] - Processing 1-22-2026 5dpi 187-W2021010-348_R2.png
[2026-01-24 15:53:08,229] - [root] - [INFO] - Finished loading mask: 0m 22s
[2026-01-24 15:53:31,979] - [root] - [INFO] - Finished crop and inference: 0m 46s
[2026-01-24 15:53:34,148] - [root] - [INFO] - Analysis finished: 0m 48s
[2026-01-24 15:53:34,148] - [root] - [INFO] - -------------------------------------------
[2026-01-24 15:53:34,148] - [root] - [INFO] - -------------------------------------------
[2026-01-24 15:53:34,148] - [root] - [INFO] - Processing 1-22-2026 5dpi 206-W2021010-344_R1.png
[2026-01-24 15:53:56,547] - [root] - [INFO] - Finished loading mask: 0m 22s
[2026-01-24 15:54:08,125] - [root] - [INFO] - Finished crop and inference: 0m 33s
[2026-01-24 15:54:09,930] - [root] - [INFO] - Analysis finished: 0m 35s
[2026-01-24 15:54:09,930] - [root] - [INFO] - -------------------------------------------
[2026-01-24 15:54:09,930] - [root] - [INFO] - -------------------------------------------
[2026-01-24 15:54:09,930] - [root] - [INFO] - Processing 1-22-2026 5dpi 208-W2021009-268_R2.png
[2026-01-24 15:54:32,178] - [root] - [INFO] - Finished loading mask: 0m 22s
[2026-01-24 15:54:48,930] - [root] - [INFO] - Finished crop and inference: 0m 38s
[2026-01-24 15:54:50,552] - [root] - [INFO] - Analysis finished: 0m 40s
[2026-01-24 15:54:50,552] - [root] - [INFO] - -------------------------------------------
[2026-01-24 15:54:50,552] - [root] - [INFO] - -------------------------------------------
[2026-01-24 15:54:50,552] - [root] - [INFO] - Processing 1-22-2026 5dpi 254-W2021010-352_R2.png
[2026-01-24 15:55:12,918] - [root] - [INFO] - Finished loading mask: 0m 22s
[2026-01-24 15:55:21,811] - [root] - [INFO] - Finished crop and inference: 0m 31s
[2026-01-24 15:55:23,569] - [root] - [INFO] - Analysis finished: 0m 33s
[2026-01-24 15:55:23,569] - [root] - [INFO] - -------------------------------------------
[2026-01-24 15:55:23,581] - [root] - [INFO] - Saved C:\Users\Intel User\Desktop\blackbird_scripts\data\Results\ResNet_upth0.8_downth0.1_Jan22_10-21-00_2026\1-22-2026\th_0.7\severity_rate_tray_5dpi_u0.8_d0.1_ig0.5_sp0.9_20260124_155450.csv
             timestamp time_elapsed  ... severity_rate_patch Gradient_sr2
0  2026-01-24 15:45:36       0m 34s  ...                0.85         0.02

[1 rows x 26 columns]
             timestamp time_elapsed  ... severity_rate_patch Gradient_sr2
0  2026-01-24 15:45:36       0m 34s  ...                0.85         0.02
1  2026-01-24 15:46:11       0m 39s  ...               15.61         0.35

[2 rows x 26 columns]
             timestamp time_elapsed  ... severity_rate_patch Gradient_sr2
0  2026-01-24 15:45:36       0m 34s  ...                0.85         0.02
1  2026-01-24 15:46:11       0m 39s  ...               15.61         0.35
2  2026-01-24 15:46:50       0m 42s  ...               40.63         1.10

[3 rows x 26 columns]
             timestamp time_elapsed  ... severity_rate_patch Gradient_sr2
0  2026-01-24 15:45:36       0m 34s  ...                0.85         0.02
1  2026-01-24 15:46:11       0m 39s  ...               15.61         0.35
2  2026-01-24 15:46:50       0m 42s  ...               40.63         1.10
3  2026-01-24 15:47:32       0m 36s  ...                8.47         0.21

[4 rows x 26 columns]
             timestamp time_elapsed  ... severity_rate_patch Gradient_sr2
0  2026-01-24 15:45:36       0m 34s  ...                0.85         0.02
1  2026-01-24 15:46:11       0m 39s  ...               15.61         0.35
2  2026-01-24 15:46:50       0m 42s  ...               40.63         1.10
3  2026-01-24 15:47:32       0m 36s  ...                8.47         0.21
4  2026-01-24 15:48:09       0m 34s  ...                7.99         0.21

[5 rows x 26 columns]
             timestamp time_elapsed  ... severity_rate_patch Gradient_sr2
0  2026-01-24 15:45:36       0m 34s  ...                0.85         0.02
1  2026-01-24 15:46:11       0m 39s  ...               15.61         0.35
2  2026-01-24 15:46:50       0m 42s  ...               40.63         1.10
3  2026-01-24 15:47:32       0m 36s  ...                8.47         0.21
4  2026-01-24 15:48:09       0m 34s  ...                7.99         0.21
5  2026-01-24 15:48:44       0m 46s  ...               76.84         1.96

[6 rows x 26 columns]
             timestamp time_elapsed  ... severity_rate_patch Gradient_sr2
0  2026-01-24 15:45:36       0m 34s  ...                0.85         0.02
1  2026-01-24 15:46:11       0m 39s  ...               15.61         0.35
2  2026-01-24 15:46:50       0m 42s  ...               40.63         1.10
3  2026-01-24 15:47:32       0m 36s  ...                8.47         0.21
4  2026-01-24 15:48:09       0m 34s  ...                7.99         0.21
5  2026-01-24 15:48:44       0m 46s  ...               76.84         1.96
6  2026-01-24 15:49:31       0m 37s  ...               11.32         0.31

[7 rows x 26 columns]
             timestamp time_elapsed  ... severity_rate_patch Gradient_sr2
0  2026-01-24 15:45:36       0m 34s  ...                0.85         0.02
1  2026-01-24 15:46:11       0m 39s  ...               15.61         0.35
2  2026-01-24 15:46:50       0m 42s  ...               40.63         1.10
3  2026-01-24 15:47:32       0m 36s  ...                8.47         0.21
4  2026-01-24 15:48:09       0m 34s  ...                7.99         0.21
5  2026-01-24 15:48:44       0m 46s  ...               76.84         1.96
6  2026-01-24 15:49:31       0m 37s  ...               11.32         0.31
7  2026-01-24 15:50:09       0m 37s  ...                6.83         0.17

[8 rows x 26 columns]
             timestamp time_elapsed  ... severity_rate_patch Gradient_sr2
0  2026-01-24 15:45:36       0m 34s  ...                0.85         0.02
1  2026-01-24 15:46:11       0m 39s  ...               15.61         0.35
2  2026-01-24 15:46:50       0m 42s  ...               40.63         1.10
3  2026-01-24 15:47:32       0m 36s  ...                8.47         0.21
4  2026-01-24 15:48:09       0m 34s  ...                7.99         0.21
5  2026-01-24 15:48:44       0m 46s  ...               76.84         1.96
6  2026-01-24 15:49:31       0m 37s  ...               11.32         0.31
7  2026-01-24 15:50:09       0m 37s  ...                6.83         0.17
8  2026-01-24 15:50:46       0m 37s  ...                7.74         0.21

[9 rows x 26 columns]
             timestamp time_elapsed  ... severity_rate_patch Gradient_sr2
0  2026-01-24 15:45:36       0m 34s  ...                0.85         0.02
1  2026-01-24 15:46:11       0m 39s  ...               15.61         0.35
2  2026-01-24 15:46:50       0m 42s  ...               40.63         1.10
3  2026-01-24 15:47:32       0m 36s  ...                8.47         0.21
4  2026-01-24 15:48:09       0m 34s  ...                7.99         0.21
5  2026-01-24 15:48:44       0m 46s  ...               76.84         1.96
6  2026-01-24 15:49:31       0m 37s  ...               11.32         0.31
7  2026-01-24 15:50:09       0m 37s  ...                6.83         0.17
8  2026-01-24 15:50:46       0m 37s  ...                7.74         0.21
9  2026-01-24 15:51:23       0m 46s  ...               78.18         2.00

[10 rows x 26 columns]
              timestamp time_elapsed  ... severity_rate_patch Gradient_sr2
0   2026-01-24 15:45:36       0m 34s  ...                0.85         0.02
1   2026-01-24 15:46:11       0m 39s  ...               15.61         0.35
2   2026-01-24 15:46:50       0m 42s  ...               40.63         1.10
3   2026-01-24 15:47:32       0m 36s  ...                8.47         0.21
4   2026-01-24 15:48:09       0m 34s  ...                7.99         0.21
5   2026-01-24 15:48:44       0m 46s  ...               76.84         1.96
6   2026-01-24 15:49:31       0m 37s  ...               11.32         0.31
7   2026-01-24 15:50:09       0m 37s  ...                6.83         0.17
8   2026-01-24 15:50:46       0m 37s  ...                7.74         0.21
9   2026-01-24 15:51:23       0m 46s  ...               78.18         2.00
10  2026-01-24 15:52:10       0m 35s  ...                5.86         0.15

[11 rows x 26 columns]
              timestamp time_elapsed  ... severity_rate_patch Gradient_sr2
0   2026-01-24 15:45:36       0m 34s  ...                0.85         0.02
1   2026-01-24 15:46:11       0m 39s  ...               15.61         0.35
2   2026-01-24 15:46:50       0m 42s  ...               40.63         1.10
3   2026-01-24 15:47:32       0m 36s  ...                8.47         0.21
4   2026-01-24 15:48:09       0m 34s  ...                7.99         0.21
5   2026-01-24 15:48:44       0m 46s  ...               76.84         1.96
6   2026-01-24 15:49:31       0m 37s  ...               11.32         0.31
7   2026-01-24 15:50:09       0m 37s  ...                6.83         0.17
8   2026-01-24 15:50:46       0m 37s  ...                7.74         0.21
9   2026-01-24 15:51:23       0m 46s  ...               78.18         2.00
10  2026-01-24 15:52:10       0m 35s  ...                5.86         0.15
11  2026-01-24 15:52:45       0m 48s  ...               84.91         2.38

[12 rows x 26 columns]
              timestamp time_elapsed  ... severity_rate_patch Gradient_sr2
0   2026-01-24 15:45:36       0m 34s  ...                0.85         0.02
1   2026-01-24 15:46:11       0m 39s  ...               15.61         0.35
2   2026-01-24 15:46:50       0m 42s  ...               40.63         1.10
3   2026-01-24 15:47:32       0m 36s  ...                8.47         0.21
4   2026-01-24 15:48:09       0m 34s  ...                7.99         0.21
5   2026-01-24 15:48:44       0m 46s  ...               76.84         1.96
6   2026-01-24 15:49:31       0m 37s  ...               11.32         0.31
7   2026-01-24 15:50:09       0m 37s  ...                6.83         0.17
8   2026-01-24 15:50:46       0m 37s  ...                7.74         0.21
9   2026-01-24 15:51:23       0m 46s  ...               78.18         2.00
10  2026-01-24 15:52:10       0m 35s  ...                5.86         0.15
11  2026-01-24 15:52:45       0m 48s  ...               84.91         2.38
12  2026-01-24 15:53:34       0m 35s  ...                4.74         0.12

[13 rows x 26 columns]
              timestamp time_elapsed  ... severity_rate_patch Gradient_sr2
0   2026-01-24 15:45:36       0m 34s  ...                0.85         0.02
1   2026-01-24 15:46:11       0m 39s  ...               15.61         0.35
2   2026-01-24 15:46:50       0m 42s  ...               40.63         1.10
3   2026-01-24 15:47:32       0m 36s  ...                8.47         0.21
4   2026-01-24 15:48:09       0m 34s  ...                7.99         0.21
5   2026-01-24 15:48:44       0m 46s  ...               76.84         1.96
6   2026-01-24 15:49:31       0m 37s  ...               11.32         0.31
7   2026-01-24 15:50:09       0m 37s  ...                6.83         0.17
8   2026-01-24 15:50:46       0m 37s  ...                7.74         0.21
9   2026-01-24 15:51:23       0m 46s  ...               78.18         2.00
10  2026-01-24 15:52:10       0m 35s  ...                5.86         0.15
11  2026-01-24 15:52:45       0m 48s  ...               84.91         2.38
12  2026-01-24 15:53:34       0m 35s  ...                4.74         0.12
13  2026-01-24 15:54:09       0m 40s  ...               29.53         0.69

[14 rows x 26 columns]
              timestamp time_elapsed  ... severity_rate_patch Gradient_sr2
0   2026-01-24 15:45:36       0m 34s  ...                0.85         0.02
1   2026-01-24 15:46:11       0m 39s  ...               15.61         0.35
2   2026-01-24 15:46:50       0m 42s  ...               40.63         1.10
3   2026-01-24 15:47:32       0m 36s  ...                8.47         0.21
4   2026-01-24 15:48:09       0m 34s  ...                7.99         0.21
5   2026-01-24 15:48:44       0m 46s  ...               76.84         1.96
6   2026-01-24 15:49:31       0m 37s  ...               11.32         0.31
7   2026-01-24 15:50:09       0m 37s  ...                6.83         0.17
8   2026-01-24 15:50:46       0m 37s  ...                7.74         0.21
9   2026-01-24 15:51:23       0m 46s  ...               78.18         2.00
10  2026-01-24 15:52:10       0m 35s  ...                5.86         0.15
11  2026-01-24 15:52:45       0m 48s  ...               84.91         2.38
12  2026-01-24 15:53:34       0m 35s  ...                4.74         0.12
13  2026-01-24 15:54:09       0m 40s  ...               29.53         0.69
14  2026-01-24 15:54:50       0m 32s  ...                1.48         0.04

[15 rows x 26 columns]

real	9m55.099s
user	0m0.000s
sys	0m0.015s
