[2026-01-24 16:14:38,237] - [root] - [INFO] - leaf_correlation_mw.py
[2026-01-24 16:14:38,237] - [root] - [INFO] - model_type       : ResNet
[2026-01-24 16:14:38,237] - [root] - [INFO] - pretrained       : True
[2026-01-24 16:14:38,237] - [root] - [INFO] - loading_epoch    : 65
[2026-01-24 16:14:38,237] - [root] - [INFO] - timestamp        : Jan22_10-21-00_2026
[2026-01-24 16:14:38,237] - [root] - [INFO] - outdim           : 2
[2026-01-24 16:14:38,237] - [root] - [INFO] - dual_head        : True
[2026-01-24 16:14:38,238] - [root] - [INFO] - model_path       : ../..
[2026-01-24 16:14:38,238] - [root] - [INFO] - step_size        : 224
[2026-01-24 16:14:38,238] - [root] - [INFO] - means            : [0.541, 0.6371, 0.4188]
[2026-01-24 16:14:38,238] - [root] - [INFO] - stds             : [0.1764, 0.165, 0.2326]
[2026-01-24 16:14:38,238] - [root] - [INFO] - target_class     : 1
[2026-01-24 16:14:38,238] - [root] - [INFO] - contam_control   : False
[2026-01-24 16:14:38,238] - [root] - [INFO] - spor_th          : 0.7
[2026-01-24 16:14:38,238] - [root] - [INFO] - inf_gate         : 0.3
[2026-01-24 16:14:38,238] - [root] - [INFO] - pm               : HPM-1269
[2026-01-24 16:14:38,238] - [root] - [INFO] - mps              : False
[2026-01-24 16:14:38,238] - [root] - [INFO] - cuda             : True
[2026-01-24 16:14:38,238] - [root] - [INFO] - cuda_id          : 0
[2026-01-24 16:14:38,239] - [root] - [INFO] - sal_threshold    : 0.5
[2026-01-24 16:14:38,239] - [root] - [INFO] - up_threshold     : 0.5
[2026-01-24 16:14:38,239] - [root] - [INFO] - down_threshold   : 0.1
[2026-01-24 16:14:38,239] - [root] - [INFO] - dataset_path     : C:/Users/Intel User/Desktop/blackbird_scripts/data/human_disk_assessments
[2026-01-24 16:14:38,239] - [root] - [INFO] - img_folder       : 1-22-2026
[2026-01-24 16:14:38,239] - [root] - [INFO] - platform         : BlackBird
[2026-01-24 16:14:38,239] - [root] - [INFO] - threshold        : ['0.7']
[2026-01-24 16:14:38,239] - [root] - [INFO] - log              : ../../results/logs/random.log
[2026-01-24 16:14:38,239] - [root] - [INFO] - dpi              : 10
[2026-01-24 16:14:38,239] - [root] - [INFO] - group            : baseline
[2026-01-24 16:14:38,239] - [root] - [INFO] - trays            : ['10dpi']
[2026-01-24 16:14:38,239] - [root] - [INFO] - sal_gradcam      : False
[2026-01-24 16:14:38,239] - [root] - [INFO] - sal_gradient     : True
[2026-01-24 16:14:38,239] - [root] - [INFO] - sal_smoothgrad   : False
[2026-01-24 16:14:38,239] - [root] - [INFO] - sal_deeplift     : False
[2026-01-24 16:14:38,240] - [root] - [INFO] - sal_thresh_method : fixed
[2026-01-24 16:14:38,240] - [root] - [INFO] - sal_thresh_p     : 95.0
[2026-01-24 16:14:39,350] - [root] - [INFO] - -------------------------------------------
[2026-01-24 16:14:39,350] - [root] - [INFO] - Processing 1-22-2026 10dpi 046-W2021009-208_R2.png
[2026-01-24 16:15:00,414] - [root] - [INFO] - Finished loading mask: 0m 21s
[2026-01-24 16:15:13,894] - [root] - [INFO] - Finished crop and inference: 0m 34s
[2026-01-24 16:15:15,873] - [root] - [INFO] - Analysis finished: 0m 36s
[2026-01-24 16:15:15,874] - [root] - [INFO] - -------------------------------------------
[2026-01-24 16:15:15,874] - [root] - [INFO] - -------------------------------------------
[2026-01-24 16:15:15,874] - [root] - [INFO] - Processing 1-22-2026 10dpi 151-W2021011-479_R2.png
[2026-01-24 16:15:38,162] - [root] - [INFO] - Finished loading mask: 0m 22s
[2026-01-24 16:16:06,598] - [root] - [INFO] - Finished crop and inference: 0m 50s
[2026-01-24 16:16:08,712] - [root] - [INFO] - Analysis finished: 0m 52s
[2026-01-24 16:16:08,712] - [root] - [INFO] - -------------------------------------------
[2026-01-24 16:16:08,712] - [root] - [INFO] - -------------------------------------------
[2026-01-24 16:16:08,712] - [root] - [INFO] - Processing 1-22-2026 10dpi 152-W2021010-301_R2.png
[2026-01-24 16:16:30,709] - [root] - [INFO] - Finished loading mask: 0m 21s
[2026-01-24 16:16:44,126] - [root] - [INFO] - Finished crop and inference: 0m 35s
[2026-01-24 16:16:46,112] - [root] - [INFO] - Analysis finished: 0m 37s
[2026-01-24 16:16:46,112] - [root] - [INFO] - -------------------------------------------
[2026-01-24 16:16:46,113] - [root] - [INFO] - -------------------------------------------
[2026-01-24 16:16:46,113] - [root] - [INFO] - Processing 1-22-2026 10dpi 152-W2021011-479_R1.png
[2026-01-24 16:17:08,202] - [root] - [INFO] - Finished loading mask: 0m 22s
[2026-01-24 16:17:26,886] - [root] - [INFO] - Finished crop and inference: 0m 40s
[2026-01-24 16:17:28,803] - [root] - [INFO] - Analysis finished: 0m 42s
[2026-01-24 16:17:28,803] - [root] - [INFO] - -------------------------------------------
[2026-01-24 16:17:28,803] - [root] - [INFO] - -------------------------------------------
[2026-01-24 16:17:28,803] - [root] - [INFO] - Processing 1-22-2026 10dpi 162-W2021011-551_R2.png
[2026-01-24 16:17:50,887] - [root] - [INFO] - Finished loading mask: 0m 22s
[2026-01-24 16:18:17,140] - [root] - [INFO] - Finished crop and inference: 0m 48s
[2026-01-24 16:18:19,086] - [root] - [INFO] - Analysis finished: 0m 50s
[2026-01-24 16:18:19,086] - [root] - [INFO] - -------------------------------------------
[2026-01-24 16:18:19,088] - [root] - [INFO] - -------------------------------------------
[2026-01-24 16:18:19,088] - [root] - [INFO] - Processing 1-22-2026 10dpi 166-W2021006-123_R1.png
[2026-01-24 16:18:40,712] - [root] - [INFO] - Finished loading mask: 0m 21s
[2026-01-24 16:18:51,582] - [root] - [INFO] - Finished crop and inference: 0m 32s
[2026-01-24 16:18:53,486] - [root] - [INFO] - Analysis finished: 0m 34s
[2026-01-24 16:18:53,487] - [root] - [INFO] - -------------------------------------------
[2026-01-24 16:18:53,487] - [root] - [INFO] - -------------------------------------------
[2026-01-24 16:18:53,487] - [root] - [INFO] - Processing 1-22-2026 10dpi 166-W2021006-146_R1.png
[2026-01-24 16:19:15,138] - [root] - [INFO] - Finished loading mask: 0m 21s
[2026-01-24 16:19:36,683] - [root] - [INFO] - Finished crop and inference: 0m 43s
[2026-01-24 16:19:38,489] - [root] - [INFO] - Analysis finished: 0m 45s
[2026-01-24 16:19:38,489] - [root] - [INFO] - -------------------------------------------
[2026-01-24 16:19:38,490] - [root] - [INFO] - -------------------------------------------
[2026-01-24 16:19:38,490] - [root] - [INFO] - Processing 1-22-2026 10dpi 166-W2021006-146_R2.png
[2026-01-24 16:20:00,179] - [root] - [INFO] - Finished loading mask: 0m 21s
[2026-01-24 16:20:14,453] - [root] - [INFO] - Finished crop and inference: 0m 35s
[2026-01-24 16:20:16,378] - [root] - [INFO] - Analysis finished: 0m 37s
[2026-01-24 16:20:16,378] - [root] - [INFO] - -------------------------------------------
[2026-01-24 16:20:16,378] - [root] - [INFO] - -------------------------------------------
[2026-01-24 16:20:16,378] - [root] - [INFO] - Processing 1-22-2026 10dpi 171-W2021011-584_R1.png
[2026-01-24 16:20:38,163] - [root] - [INFO] - Finished loading mask: 0m 21s
[2026-01-24 16:21:03,566] - [root] - [INFO] - Finished crop and inference: 0m 47s
[2026-01-24 16:21:05,404] - [root] - [INFO] - Analysis finished: 0m 49s
[2026-01-24 16:21:05,404] - [root] - [INFO] - -------------------------------------------
[2026-01-24 16:21:05,404] - [root] - [INFO] - -------------------------------------------
[2026-01-24 16:21:05,404] - [root] - [INFO] - Processing 1-22-2026 10dpi 181-W2021009-295_R2.png
[2026-01-24 16:21:27,498] - [root] - [INFO] - Finished loading mask: 0m 22s
[2026-01-24 16:21:43,247] - [root] - [INFO] - Finished crop and inference: 0m 37s
[2026-01-24 16:21:45,121] - [root] - [INFO] - Analysis finished: 0m 39s
[2026-01-24 16:21:45,121] - [root] - [INFO] - -------------------------------------------
[2026-01-24 16:21:45,121] - [root] - [INFO] - -------------------------------------------
[2026-01-24 16:21:45,121] - [root] - [INFO] - Processing 1-22-2026 10dpi 182-W2021009-251_R1.png
[2026-01-24 16:22:07,757] - [root] - [INFO] - Finished loading mask: 0m 22s
[2026-01-24 16:22:21,004] - [root] - [INFO] - Finished crop and inference: 0m 35s
[2026-01-24 16:22:22,851] - [root] - [INFO] - Analysis finished: 0m 37s
[2026-01-24 16:22:22,852] - [root] - [INFO] - -------------------------------------------
[2026-01-24 16:22:22,852] - [root] - [INFO] - -------------------------------------------
[2026-01-24 16:22:22,852] - [root] - [INFO] - Processing 1-22-2026 10dpi 192-W2021010-449_R2.png
[2026-01-24 16:22:44,467] - [root] - [INFO] - Finished loading mask: 0m 21s
[2026-01-24 16:23:06,863] - [root] - [INFO] - Finished crop and inference: 0m 44s
[2026-01-24 16:23:08,766] - [root] - [INFO] - Analysis finished: 0m 45s
[2026-01-24 16:23:08,767] - [root] - [INFO] - -------------------------------------------
[2026-01-24 16:23:08,767] - [root] - [INFO] - -------------------------------------------
[2026-01-24 16:23:08,767] - [root] - [INFO] - Processing 1-22-2026 10dpi 206-W2021009-271_R2.png
[2026-01-24 16:23:30,904] - [root] - [INFO] - Finished loading mask: 0m 22s
[2026-01-24 16:23:57,906] - [root] - [INFO] - Finished crop and inference: 0m 49s
[2026-01-24 16:23:59,705] - [root] - [INFO] - Analysis finished: 0m 50s
[2026-01-24 16:23:59,705] - [root] - [INFO] - -------------------------------------------
[2026-01-24 16:23:59,705] - [root] - [INFO] - -------------------------------------------
[2026-01-24 16:23:59,705] - [root] - [INFO] - Processing 1-22-2026 10dpi 207-W2021009-271_R1.png
[2026-01-24 16:24:21,239] - [root] - [INFO] - Finished loading mask: 0m 21s
[2026-01-24 16:24:35,701] - [root] - [INFO] - Finished crop and inference: 0m 35s
[2026-01-24 16:24:37,590] - [root] - [INFO] - Analysis finished: 0m 37s
[2026-01-24 16:24:37,590] - [root] - [INFO] - -------------------------------------------
[2026-01-24 16:24:37,590] - [root] - [INFO] - -------------------------------------------
[2026-01-24 16:24:37,590] - [root] - [INFO] - Processing 1-22-2026 10dpi 233-W2021006-607_R1.png
[2026-01-24 16:24:59,210] - [root] - [INFO] - Finished loading mask: 0m 21s
[2026-01-24 16:25:14,457] - [root] - [INFO] - Finished crop and inference: 0m 36s
[2026-01-24 16:25:16,432] - [root] - [INFO] - Analysis finished: 0m 38s
[2026-01-24 16:25:16,433] - [root] - [INFO] - -------------------------------------------
[2026-01-24 16:25:16,449] - [root] - [INFO] - Saved C:\Users\Intel User\Desktop\blackbird_scripts\data\Results\ResNet_upth0.5_downth0.1_Jan22_10-21-00_2026\1-22-2026\th_0.7\severity_rate_tray_10dpi_u0.5_d0.1_ig0.3_sp0.7_20260124_162437.csv
             timestamp time_elapsed  ... severity_rate_patch Gradient_sr2
0  2026-01-24 16:14:39       0m 36s  ...                5.39         0.15

[1 rows x 26 columns]
             timestamp time_elapsed  ... severity_rate_patch Gradient_sr2
0  2026-01-24 16:14:39       0m 36s  ...                5.39         0.15
1  2026-01-24 16:15:15       0m 52s  ...               99.36         3.04

[2 rows x 26 columns]
             timestamp time_elapsed  ... severity_rate_patch Gradient_sr2
0  2026-01-24 16:14:39       0m 36s  ...                5.39         0.15
1  2026-01-24 16:15:15       0m 52s  ...               99.36         3.04
2  2026-01-24 16:16:08       0m 37s  ...                2.39         0.06

[3 rows x 26 columns]
             timestamp time_elapsed  ... severity_rate_patch Gradient_sr2
0  2026-01-24 16:14:39       0m 36s  ...                5.39         0.15
1  2026-01-24 16:15:15       0m 52s  ...               99.36         3.04
2  2026-01-24 16:16:08       0m 37s  ...                2.39         0.06
3  2026-01-24 16:16:46       0m 42s  ...               44.96         1.29

[4 rows x 26 columns]
             timestamp time_elapsed  ... severity_rate_patch Gradient_sr2
0  2026-01-24 16:14:39       0m 36s  ...                5.39         0.15
1  2026-01-24 16:15:15       0m 52s  ...               99.36         3.04
2  2026-01-24 16:16:08       0m 37s  ...                2.39         0.06
3  2026-01-24 16:16:46       0m 42s  ...               44.96         1.29
4  2026-01-24 16:17:28       0m 50s  ...               84.53         2.38

[5 rows x 26 columns]
             timestamp time_elapsed  ... severity_rate_patch Gradient_sr2
0  2026-01-24 16:14:39       0m 36s  ...                5.39         0.15
1  2026-01-24 16:15:15       0m 52s  ...               99.36         3.04
2  2026-01-24 16:16:08       0m 37s  ...                2.39         0.06
3  2026-01-24 16:16:46       0m 42s  ...               44.96         1.29
4  2026-01-24 16:17:28       0m 50s  ...               84.53         2.38
5  2026-01-24 16:18:19       0m 34s  ...                2.03         0.05

[6 rows x 26 columns]
             timestamp time_elapsed  ... severity_rate_patch Gradient_sr2
0  2026-01-24 16:14:39       0m 36s  ...                5.39         0.15
1  2026-01-24 16:15:15       0m 52s  ...               99.36         3.04
2  2026-01-24 16:16:08       0m 37s  ...                2.39         0.06
3  2026-01-24 16:16:46       0m 42s  ...               44.96         1.29
4  2026-01-24 16:17:28       0m 50s  ...               84.53         2.38
5  2026-01-24 16:18:19       0m 34s  ...                2.03         0.05
6  2026-01-24 16:18:53       0m 44s  ...               55.13         1.56

[7 rows x 26 columns]
             timestamp time_elapsed  ... severity_rate_patch Gradient_sr2
0  2026-01-24 16:14:39       0m 36s  ...                5.39         0.15
1  2026-01-24 16:15:15       0m 52s  ...               99.36         3.04
2  2026-01-24 16:16:08       0m 37s  ...                2.39         0.06
3  2026-01-24 16:16:46       0m 42s  ...               44.96         1.29
4  2026-01-24 16:17:28       0m 50s  ...               84.53         2.38
5  2026-01-24 16:18:19       0m 34s  ...                2.03         0.05
6  2026-01-24 16:18:53       0m 44s  ...               55.13         1.56
7  2026-01-24 16:19:38       0m 37s  ...               19.15         0.50

[8 rows x 26 columns]
             timestamp time_elapsed  ... severity_rate_patch Gradient_sr2
0  2026-01-24 16:14:39       0m 36s  ...                5.39         0.15
1  2026-01-24 16:15:15       0m 52s  ...               99.36         3.04
2  2026-01-24 16:16:08       0m 37s  ...                2.39         0.06
3  2026-01-24 16:16:46       0m 42s  ...               44.96         1.29
4  2026-01-24 16:17:28       0m 50s  ...               84.53         2.38
5  2026-01-24 16:18:19       0m 34s  ...                2.03         0.05
6  2026-01-24 16:18:53       0m 44s  ...               55.13         1.56
7  2026-01-24 16:19:38       0m 37s  ...               19.15         0.50
8  2026-01-24 16:20:16       0m 49s  ...               71.83         1.97

[9 rows x 26 columns]
             timestamp time_elapsed  ... severity_rate_patch Gradient_sr2
0  2026-01-24 16:14:39       0m 36s  ...                5.39         0.15
1  2026-01-24 16:15:15       0m 52s  ...               99.36         3.04
2  2026-01-24 16:16:08       0m 37s  ...                2.39         0.06
3  2026-01-24 16:16:46       0m 42s  ...               44.96         1.29
4  2026-01-24 16:17:28       0m 50s  ...               84.53         2.38
5  2026-01-24 16:18:19       0m 34s  ...                2.03         0.05
6  2026-01-24 16:18:53       0m 44s  ...               55.13         1.56
7  2026-01-24 16:19:38       0m 37s  ...               19.15         0.50
8  2026-01-24 16:20:16       0m 49s  ...               71.83         1.97
9  2026-01-24 16:21:05       0m 39s  ...               30.08         0.81

[10 rows x 26 columns]
              timestamp time_elapsed  ... severity_rate_patch Gradient_sr2
0   2026-01-24 16:14:39       0m 36s  ...                5.39         0.15
1   2026-01-24 16:15:15       0m 52s  ...               99.36         3.04
2   2026-01-24 16:16:08       0m 37s  ...                2.39         0.06
3   2026-01-24 16:16:46       0m 42s  ...               44.96         1.29
4   2026-01-24 16:17:28       0m 50s  ...               84.53         2.38
5   2026-01-24 16:18:19       0m 34s  ...                2.03         0.05
6   2026-01-24 16:18:53       0m 44s  ...               55.13         1.56
7   2026-01-24 16:19:38       0m 37s  ...               19.15         0.50
8   2026-01-24 16:20:16       0m 49s  ...               71.83         1.97
9   2026-01-24 16:21:05       0m 39s  ...               30.08         0.81
10  2026-01-24 16:21:45       0m 37s  ...               10.03         0.26

[11 rows x 26 columns]
              timestamp time_elapsed  ... severity_rate_patch Gradient_sr2
0   2026-01-24 16:14:39       0m 36s  ...                5.39         0.15
1   2026-01-24 16:15:15       0m 52s  ...               99.36         3.04
2   2026-01-24 16:16:08       0m 37s  ...                2.39         0.06
3   2026-01-24 16:16:46       0m 42s  ...               44.96         1.29
4   2026-01-24 16:17:28       0m 50s  ...               84.53         2.38
5   2026-01-24 16:18:19       0m 34s  ...                2.03         0.05
6   2026-01-24 16:18:53       0m 44s  ...               55.13         1.56
7   2026-01-24 16:19:38       0m 37s  ...               19.15         0.50
8   2026-01-24 16:20:16       0m 49s  ...               71.83         1.97
9   2026-01-24 16:21:05       0m 39s  ...               30.08         0.81
10  2026-01-24 16:21:45       0m 37s  ...               10.03         0.26
11  2026-01-24 16:22:22       0m 45s  ...               68.49         1.88

[12 rows x 26 columns]
              timestamp time_elapsed  ... severity_rate_patch Gradient_sr2
0   2026-01-24 16:14:39       0m 36s  ...                5.39         0.15
1   2026-01-24 16:15:15       0m 52s  ...               99.36         3.04
2   2026-01-24 16:16:08       0m 37s  ...                2.39         0.06
3   2026-01-24 16:16:46       0m 42s  ...               44.96         1.29
4   2026-01-24 16:17:28       0m 50s  ...               84.53         2.38
5   2026-01-24 16:18:19       0m 34s  ...                2.03         0.05
6   2026-01-24 16:18:53       0m 44s  ...               55.13         1.56
7   2026-01-24 16:19:38       0m 37s  ...               19.15         0.50
8   2026-01-24 16:20:16       0m 49s  ...               71.83         1.97
9   2026-01-24 16:21:05       0m 39s  ...               30.08         0.81
10  2026-01-24 16:21:45       0m 37s  ...               10.03         0.26
11  2026-01-24 16:22:22       0m 45s  ...               68.49         1.88
12  2026-01-24 16:23:08       0m 50s  ...               84.95         2.44

[13 rows x 26 columns]
              timestamp time_elapsed  ... severity_rate_patch Gradient_sr2
0   2026-01-24 16:14:39       0m 36s  ...                5.39         0.15
1   2026-01-24 16:15:15       0m 52s  ...               99.36         3.04
2   2026-01-24 16:16:08       0m 37s  ...                2.39         0.06
3   2026-01-24 16:16:46       0m 42s  ...               44.96         1.29
4   2026-01-24 16:17:28       0m 50s  ...               84.53         2.38
5   2026-01-24 16:18:19       0m 34s  ...                2.03         0.05
6   2026-01-24 16:18:53       0m 44s  ...               55.13         1.56
7   2026-01-24 16:19:38       0m 37s  ...               19.15         0.50
8   2026-01-24 16:20:16       0m 49s  ...               71.83         1.97
9   2026-01-24 16:21:05       0m 39s  ...               30.08         0.81
10  2026-01-24 16:21:45       0m 37s  ...               10.03         0.26
11  2026-01-24 16:22:22       0m 45s  ...               68.49         1.88
12  2026-01-24 16:23:08       0m 50s  ...               84.95         2.44
13  2026-01-24 16:23:59       0m 37s  ...               42.80         1.16

[14 rows x 26 columns]
              timestamp time_elapsed  ... severity_rate_patch Gradient_sr2
0   2026-01-24 16:14:39       0m 36s  ...                5.39         0.15
1   2026-01-24 16:15:15       0m 52s  ...               99.36         3.04
2   2026-01-24 16:16:08       0m 37s  ...                2.39         0.06
3   2026-01-24 16:16:46       0m 42s  ...               44.96         1.29
4   2026-01-24 16:17:28       0m 50s  ...               84.53         2.38
5   2026-01-24 16:18:19       0m 34s  ...                2.03         0.05
6   2026-01-24 16:18:53       0m 44s  ...               55.13         1.56
7   2026-01-24 16:19:38       0m 37s  ...               19.15         0.50
8   2026-01-24 16:20:16       0m 49s  ...               71.83         1.97
9   2026-01-24 16:21:05       0m 39s  ...               30.08         0.81
10  2026-01-24 16:21:45       0m 37s  ...               10.03         0.26
11  2026-01-24 16:22:22       0m 45s  ...               68.49         1.88
12  2026-01-24 16:23:08       0m 50s  ...               84.95         2.44
13  2026-01-24 16:23:59       0m 37s  ...               42.80         1.16
14  2026-01-24 16:24:37       0m 38s  ...               25.61         0.63

[15 rows x 26 columns]

real	10m46.742s
user	0m0.000s
sys	0m0.015s
