[2026-01-23 20:14:55,455] - [root] - [INFO] - leaf_correlation_mw.py
[2026-01-23 20:14:55,456] - [root] - [INFO] - model_type       : ResNet
[2026-01-23 20:14:55,456] - [root] - [INFO] - pretrained       : True
[2026-01-23 20:14:55,456] - [root] - [INFO] - loading_epoch    : 65
[2026-01-23 20:14:55,456] - [root] - [INFO] - timestamp        : Jan22_10-21-00_2026
[2026-01-23 20:14:55,456] - [root] - [INFO] - outdim           : 2
[2026-01-23 20:14:55,456] - [root] - [INFO] - dual_head        : True
[2026-01-23 20:14:55,457] - [root] - [INFO] - model_path       : ../..
[2026-01-23 20:14:55,457] - [root] - [INFO] - step_size        : 224
[2026-01-23 20:14:55,457] - [root] - [INFO] - means            : [0.541, 0.6371, 0.4188]
[2026-01-23 20:14:55,457] - [root] - [INFO] - stds             : [0.1764, 0.165, 0.2326]
[2026-01-23 20:14:55,457] - [root] - [INFO] - target_class     : 1
[2026-01-23 20:14:55,457] - [root] - [INFO] - contam_control   : False
[2026-01-23 20:14:55,457] - [root] - [INFO] - spor_th          : 0.8
[2026-01-23 20:14:55,457] - [root] - [INFO] - inf_gate         : 0.6
[2026-01-23 20:14:55,457] - [root] - [INFO] - pm               : HPM-1269
[2026-01-23 20:14:55,457] - [root] - [INFO] - mps              : False
[2026-01-23 20:14:55,457] - [root] - [INFO] - cuda             : True
[2026-01-23 20:14:55,457] - [root] - [INFO] - cuda_id          : 0
[2026-01-23 20:14:55,457] - [root] - [INFO] - sal_threshold    : 0.5
[2026-01-23 20:14:55,458] - [root] - [INFO] - up_threshold     : 0.8
[2026-01-23 20:14:55,458] - [root] - [INFO] - down_threshold   : 0.1
[2026-01-23 20:14:55,458] - [root] - [INFO] - dataset_path     : C:/Users/Intel User/Desktop/blackbird_scripts/data/human_disk_assessments
[2026-01-23 20:14:55,458] - [root] - [INFO] - img_folder       : 1-22-2026
[2026-01-23 20:14:55,458] - [root] - [INFO] - platform         : BlackBird
[2026-01-23 20:14:55,458] - [root] - [INFO] - threshold        : ['0.7']
[2026-01-23 20:14:55,458] - [root] - [INFO] - log              : ../../results/logs/random.log
[2026-01-23 20:14:55,458] - [root] - [INFO] - dpi              : 10
[2026-01-23 20:14:55,458] - [root] - [INFO] - group            : baseline
[2026-01-23 20:14:55,458] - [root] - [INFO] - trays            : ['10dpi']
[2026-01-23 20:14:55,458] - [root] - [INFO] - sal_gradcam      : False
[2026-01-23 20:14:55,458] - [root] - [INFO] - sal_gradient     : True
[2026-01-23 20:14:55,458] - [root] - [INFO] - sal_smoothgrad   : False
[2026-01-23 20:14:55,458] - [root] - [INFO] - sal_deeplift     : False
[2026-01-23 20:14:55,458] - [root] - [INFO] - sal_thresh_method : fixed
[2026-01-23 20:14:55,458] - [root] - [INFO] - sal_thresh_p     : 95.0
[2026-01-23 20:14:56,318] - [root] - [INFO] - -------------------------------------------
[2026-01-23 20:14:56,318] - [root] - [INFO] - Processing 1-22-2026 10dpi 013-W2021011-633_R2.png
[2026-01-23 20:15:13,222] - [root] - [INFO] - Finished loading mask: 0m 16s
[2026-01-23 20:15:26,379] - [root] - [INFO] - Finished crop and inference: 0m 30s
[2026-01-23 20:15:27,670] - [root] - [INFO] - Analysis finished: 0m 31s
[2026-01-23 20:15:27,670] - [root] - [INFO] - -------------------------------------------
[2026-01-23 20:15:27,671] - [root] - [INFO] - -------------------------------------------
[2026-01-23 20:15:27,671] - [root] - [INFO] - Processing 1-22-2026 10dpi 026-W2021010-346_R2.png
[2026-01-23 20:15:44,883] - [root] - [INFO] - Finished loading mask: 0m 17s
[2026-01-23 20:15:53,871] - [root] - [INFO] - Finished crop and inference: 0m 26s
[2026-01-23 20:15:55,345] - [root] - [INFO] - Analysis finished: 0m 27s
[2026-01-23 20:15:55,346] - [root] - [INFO] - -------------------------------------------
[2026-01-23 20:15:55,346] - [root] - [INFO] - -------------------------------------------
[2026-01-23 20:15:55,346] - [root] - [INFO] - Processing 1-22-2026 10dpi 042-W2021006-015_R1.png
[2026-01-23 20:16:12,431] - [root] - [INFO] - Finished loading mask: 0m 17s
[2026-01-23 20:16:23,502] - [root] - [INFO] - Finished crop and inference: 0m 28s
[2026-01-23 20:16:24,985] - [root] - [INFO] - Analysis finished: 0m 29s
[2026-01-23 20:16:24,985] - [root] - [INFO] - -------------------------------------------
[2026-01-23 20:16:24,986] - [root] - [INFO] - -------------------------------------------
[2026-01-23 20:16:24,986] - [root] - [INFO] - Processing 1-22-2026 10dpi 057-W2021011-504_R2.png
[2026-01-23 20:16:41,901] - [root] - [INFO] - Finished loading mask: 0m 16s
[2026-01-23 20:16:50,259] - [root] - [INFO] - Finished crop and inference: 0m 25s
[2026-01-23 20:16:51,766] - [root] - [INFO] - Analysis finished: 0m 26s
[2026-01-23 20:16:51,766] - [root] - [INFO] - -------------------------------------------
[2026-01-23 20:16:51,766] - [root] - [INFO] - -------------------------------------------
[2026-01-23 20:16:51,766] - [root] - [INFO] - Processing 1-22-2026 10dpi 069-W2021011-574_R1.png
[2026-01-23 20:17:08,768] - [root] - [INFO] - Finished loading mask: 0m 17s
[2026-01-23 20:17:18,934] - [root] - [INFO] - Finished crop and inference: 0m 27s
[2026-01-23 20:17:20,446] - [root] - [INFO] - Analysis finished: 0m 28s
[2026-01-23 20:17:20,447] - [root] - [INFO] - -------------------------------------------
[2026-01-23 20:17:20,447] - [root] - [INFO] - -------------------------------------------
[2026-01-23 20:17:20,447] - [root] - [INFO] - Processing 1-22-2026 10dpi 095-W2021009-283_R1.png
[2026-01-23 20:17:37,667] - [root] - [INFO] - Finished loading mask: 0m 17s
[2026-01-23 20:17:46,366] - [root] - [INFO] - Finished crop and inference: 0m 25s
[2026-01-23 20:17:47,894] - [root] - [INFO] - Analysis finished: 0m 27s
[2026-01-23 20:17:47,895] - [root] - [INFO] - -------------------------------------------
[2026-01-23 20:17:47,895] - [root] - [INFO] - -------------------------------------------
[2026-01-23 20:17:47,895] - [root] - [INFO] - Processing 1-22-2026 10dpi 103-W2021011-591_R2.png
[2026-01-23 20:18:04,692] - [root] - [INFO] - Finished loading mask: 0m 16s
[2026-01-23 20:18:21,257] - [root] - [INFO] - Finished crop and inference: 0m 33s
[2026-01-23 20:18:22,797] - [root] - [INFO] - Analysis finished: 0m 34s
[2026-01-23 20:18:22,797] - [root] - [INFO] - -------------------------------------------
[2026-01-23 20:18:22,797] - [root] - [INFO] - -------------------------------------------
[2026-01-23 20:18:22,797] - [root] - [INFO] - Processing 1-22-2026 10dpi 115-W2021011-638_R1.png
[2026-01-23 20:18:39,074] - [root] - [INFO] - Finished loading mask: 0m 16s
[2026-01-23 20:18:56,616] - [root] - [INFO] - Finished crop and inference: 0m 33s
[2026-01-23 20:18:58,102] - [root] - [INFO] - Analysis finished: 0m 35s
[2026-01-23 20:18:58,102] - [root] - [INFO] - -------------------------------------------
[2026-01-23 20:18:58,102] - [root] - [INFO] - -------------------------------------------
[2026-01-23 20:18:58,102] - [root] - [INFO] - Processing 1-22-2026 10dpi 124-W2021009-278_R1.png
[2026-01-23 20:19:14,945] - [root] - [INFO] - Finished loading mask: 0m 16s
[2026-01-23 20:19:30,212] - [root] - [INFO] - Finished crop and inference: 0m 32s
[2026-01-23 20:19:31,885] - [root] - [INFO] - Analysis finished: 0m 33s
[2026-01-23 20:19:31,885] - [root] - [INFO] - -------------------------------------------
[2026-01-23 20:19:31,885] - [root] - [INFO] - -------------------------------------------
[2026-01-23 20:19:31,885] - [root] - [INFO] - Processing 1-22-2026 10dpi 162-W2021011-551_R2.png
[2026-01-23 20:19:47,734] - [root] - [INFO] - Finished loading mask: 0m 15s
[2026-01-23 20:20:09,132] - [root] - [INFO] - Finished crop and inference: 0m 37s
[2026-01-23 20:20:10,676] - [root] - [INFO] - Analysis finished: 0m 38s
[2026-01-23 20:20:10,676] - [root] - [INFO] - -------------------------------------------
[2026-01-23 20:20:10,676] - [root] - [INFO] - -------------------------------------------
[2026-01-23 20:20:10,676] - [root] - [INFO] - Processing 1-22-2026 10dpi 172-W2021009-156_R2.png
[2026-01-23 20:20:27,612] - [root] - [INFO] - Finished loading mask: 0m 16s
[2026-01-23 20:20:35,349] - [root] - [INFO] - Finished crop and inference: 0m 24s
[2026-01-23 20:20:36,832] - [root] - [INFO] - Analysis finished: 0m 26s
[2026-01-23 20:20:36,833] - [root] - [INFO] - -------------------------------------------
[2026-01-23 20:20:36,833] - [root] - [INFO] - -------------------------------------------
[2026-01-23 20:20:36,833] - [root] - [INFO] - Processing 1-22-2026 10dpi 182-W2021009-251_R1.png
[2026-01-23 20:20:54,168] - [root] - [INFO] - Finished loading mask: 0m 17s
[2026-01-23 20:21:03,700] - [root] - [INFO] - Finished crop and inference: 0m 26s
[2026-01-23 20:21:05,189] - [root] - [INFO] - Analysis finished: 0m 28s
[2026-01-23 20:21:05,189] - [root] - [INFO] - -------------------------------------------
[2026-01-23 20:21:05,189] - [root] - [INFO] - -------------------------------------------
[2026-01-23 20:21:05,189] - [root] - [INFO] - Processing 1-22-2026 10dpi 194-W2021010-339_R2.png
[2026-01-23 20:21:23,199] - [root] - [INFO] - Finished loading mask: 0m 18s
[2026-01-23 20:21:32,576] - [root] - [INFO] - Finished crop and inference: 0m 27s
[2026-01-23 20:21:34,245] - [root] - [INFO] - Analysis finished: 0m 29s
[2026-01-23 20:21:34,245] - [root] - [INFO] - -------------------------------------------
[2026-01-23 20:21:34,245] - [root] - [INFO] - -------------------------------------------
[2026-01-23 20:21:34,245] - [root] - [INFO] - Processing 1-22-2026 10dpi 215-W2021006-045_R1.png
[2026-01-23 20:21:50,816] - [root] - [INFO] - Finished loading mask: 0m 16s
[2026-01-23 20:22:11,317] - [root] - [INFO] - Finished crop and inference: 0m 37s
[2026-01-23 20:22:12,764] - [root] - [INFO] - Analysis finished: 0m 38s
[2026-01-23 20:22:12,764] - [root] - [INFO] - -------------------------------------------
[2026-01-23 20:22:12,764] - [root] - [INFO] - -------------------------------------------
[2026-01-23 20:22:12,764] - [root] - [INFO] - Processing 1-22-2026 10dpi 262-W2021009-187_R2.png
[2026-01-23 20:22:28,401] - [root] - [INFO] - Finished loading mask: 0m 15s
[2026-01-23 20:22:48,991] - [root] - [INFO] - Finished crop and inference: 0m 36s
[2026-01-23 20:22:50,480] - [root] - [INFO] - Analysis finished: 0m 37s
[2026-01-23 20:22:50,480] - [root] - [INFO] - -------------------------------------------
[2026-01-23 20:22:50,486] - [root] - [INFO] - Saved C:\Users\Intel User\Desktop\blackbird_scripts\data\Results\ResNet_upth0.8_downth0.1_Jan22_10-21-00_2026\1-22-2026\th_0.7\severity_rate_tray_10dpi_u0.8_d0.1_ig0.6_sp0.8.csv
             timestamp time_elapsed  ... severity_rate_patch Gradient_sr2
0  2026-01-23 20:14:56       0m 31s  ...               31.55         0.84

[1 rows x 24 columns]
             timestamp time_elapsed  ... severity_rate_patch Gradient_sr2
0  2026-01-23 20:14:56       0m 31s  ...               31.55         0.84
1  2026-01-23 20:15:27       0m 27s  ...                0.28         0.01

[2 rows x 24 columns]
             timestamp time_elapsed  ... severity_rate_patch Gradient_sr2
0  2026-01-23 20:14:56       0m 31s  ...               31.55         0.84
1  2026-01-23 20:15:27       0m 27s  ...                0.28         0.01
2  2026-01-23 20:15:55       0m 29s  ...               24.67         0.62

[3 rows x 24 columns]
             timestamp time_elapsed  ... severity_rate_patch Gradient_sr2
0  2026-01-23 20:14:56       0m 31s  ...               31.55         0.84
1  2026-01-23 20:15:27       0m 27s  ...                0.28         0.01
2  2026-01-23 20:15:55       0m 29s  ...               24.67         0.62
3  2026-01-23 20:16:24       0m 26s  ...                2.64         0.07

[4 rows x 24 columns]
             timestamp time_elapsed  ... severity_rate_patch Gradient_sr2
0  2026-01-23 20:14:56       0m 31s  ...               31.55         0.84
1  2026-01-23 20:15:27       0m 27s  ...                0.28         0.01
2  2026-01-23 20:15:55       0m 29s  ...               24.67         0.62
3  2026-01-23 20:16:24       0m 26s  ...                2.64         0.07
4  2026-01-23 20:16:51       0m 28s  ...               14.24         0.41

[5 rows x 24 columns]
             timestamp time_elapsed  ... severity_rate_patch Gradient_sr2
0  2026-01-23 20:14:56       0m 31s  ...               31.55         0.84
1  2026-01-23 20:15:27       0m 27s  ...                0.28         0.01
2  2026-01-23 20:15:55       0m 29s  ...               24.67         0.62
3  2026-01-23 20:16:24       0m 26s  ...                2.64         0.07
4  2026-01-23 20:16:51       0m 28s  ...               14.24         0.41
5  2026-01-23 20:17:20       0m 27s  ...                6.67         0.15

[6 rows x 24 columns]
             timestamp time_elapsed  ... severity_rate_patch Gradient_sr2
0  2026-01-23 20:14:56       0m 31s  ...               31.55         0.84
1  2026-01-23 20:15:27       0m 27s  ...                0.28         0.01
2  2026-01-23 20:15:55       0m 29s  ...               24.67         0.62
3  2026-01-23 20:16:24       0m 26s  ...                2.64         0.07
4  2026-01-23 20:16:51       0m 28s  ...               14.24         0.41
5  2026-01-23 20:17:20       0m 27s  ...                6.67         0.15
6  2026-01-23 20:17:47       0m 34s  ...               51.36         1.46

[7 rows x 24 columns]
             timestamp time_elapsed  ... severity_rate_patch Gradient_sr2
0  2026-01-23 20:14:56       0m 31s  ...               31.55         0.84
1  2026-01-23 20:15:27       0m 27s  ...                0.28         0.01
2  2026-01-23 20:15:55       0m 29s  ...               24.67         0.62
3  2026-01-23 20:16:24       0m 26s  ...                2.64         0.07
4  2026-01-23 20:16:51       0m 28s  ...               14.24         0.41
5  2026-01-23 20:17:20       0m 27s  ...                6.67         0.15
6  2026-01-23 20:17:47       0m 34s  ...               51.36         1.46
7  2026-01-23 20:18:22       0m 35s  ...               58.92         1.52

[8 rows x 24 columns]
             timestamp time_elapsed  ... severity_rate_patch Gradient_sr2
0  2026-01-23 20:14:56       0m 31s  ...               31.55         0.84
1  2026-01-23 20:15:27       0m 27s  ...                0.28         0.01
2  2026-01-23 20:15:55       0m 29s  ...               24.67         0.62
3  2026-01-23 20:16:24       0m 26s  ...                2.64         0.07
4  2026-01-23 20:16:51       0m 28s  ...               14.24         0.41
5  2026-01-23 20:17:20       0m 27s  ...                6.67         0.15
6  2026-01-23 20:17:47       0m 34s  ...               51.36         1.46
7  2026-01-23 20:18:22       0m 35s  ...               58.92         1.52
8  2026-01-23 20:18:58       0m 33s  ...               45.69         1.27

[9 rows x 24 columns]
             timestamp time_elapsed  ... severity_rate_patch Gradient_sr2
0  2026-01-23 20:14:56       0m 31s  ...               31.55         0.84
1  2026-01-23 20:15:27       0m 27s  ...                0.28         0.01
2  2026-01-23 20:15:55       0m 29s  ...               24.67         0.62
3  2026-01-23 20:16:24       0m 26s  ...                2.64         0.07
4  2026-01-23 20:16:51       0m 28s  ...               14.24         0.41
5  2026-01-23 20:17:20       0m 27s  ...                6.67         0.15
6  2026-01-23 20:17:47       0m 34s  ...               51.36         1.46
7  2026-01-23 20:18:22       0m 35s  ...               58.92         1.52
8  2026-01-23 20:18:58       0m 33s  ...               45.69         1.27
9  2026-01-23 20:19:31       0m 38s  ...               84.26         2.34

[10 rows x 24 columns]
              timestamp time_elapsed  ... severity_rate_patch Gradient_sr2
0   2026-01-23 20:14:56       0m 31s  ...               31.55         0.84
1   2026-01-23 20:15:27       0m 27s  ...                0.28         0.01
2   2026-01-23 20:15:55       0m 29s  ...               24.67         0.62
3   2026-01-23 20:16:24       0m 26s  ...                2.64         0.07
4   2026-01-23 20:16:51       0m 28s  ...               14.24         0.41
5   2026-01-23 20:17:20       0m 27s  ...                6.67         0.15
6   2026-01-23 20:17:47       0m 34s  ...               51.36         1.46
7   2026-01-23 20:18:22       0m 35s  ...               58.92         1.52
8   2026-01-23 20:18:58       0m 33s  ...               45.69         1.27
9   2026-01-23 20:19:31       0m 38s  ...               84.26         2.34
10  2026-01-23 20:20:10       0m 26s  ...                6.72         0.17

[11 rows x 24 columns]
              timestamp time_elapsed  ... severity_rate_patch Gradient_sr2
0   2026-01-23 20:14:56       0m 31s  ...               31.55         0.84
1   2026-01-23 20:15:27       0m 27s  ...                0.28         0.01
2   2026-01-23 20:15:55       0m 29s  ...               24.67         0.62
3   2026-01-23 20:16:24       0m 26s  ...                2.64         0.07
4   2026-01-23 20:16:51       0m 28s  ...               14.24         0.41
5   2026-01-23 20:17:20       0m 27s  ...                6.67         0.15
6   2026-01-23 20:17:47       0m 34s  ...               51.36         1.46
7   2026-01-23 20:18:22       0m 35s  ...               58.92         1.52
8   2026-01-23 20:18:58       0m 33s  ...               45.69         1.27
9   2026-01-23 20:19:31       0m 38s  ...               84.26         2.34
10  2026-01-23 20:20:10       0m 26s  ...                6.72         0.17
11  2026-01-23 20:20:36       0m 28s  ...                6.53         0.17

[12 rows x 24 columns]
              timestamp time_elapsed  ... severity_rate_patch Gradient_sr2
0   2026-01-23 20:14:56       0m 31s  ...               31.55         0.84
1   2026-01-23 20:15:27       0m 27s  ...                0.28         0.01
2   2026-01-23 20:15:55       0m 29s  ...               24.67         0.62
3   2026-01-23 20:16:24       0m 26s  ...                2.64         0.07
4   2026-01-23 20:16:51       0m 28s  ...               14.24         0.41
5   2026-01-23 20:17:20       0m 27s  ...                6.67         0.15
6   2026-01-23 20:17:47       0m 34s  ...               51.36         1.46
7   2026-01-23 20:18:22       0m 35s  ...               58.92         1.52
8   2026-01-23 20:18:58       0m 33s  ...               45.69         1.27
9   2026-01-23 20:19:31       0m 38s  ...               84.26         2.34
10  2026-01-23 20:20:10       0m 26s  ...                6.72         0.17
11  2026-01-23 20:20:36       0m 28s  ...                6.53         0.17
12  2026-01-23 20:21:05       0m 29s  ...                4.64         0.11

[13 rows x 24 columns]
              timestamp time_elapsed  ... severity_rate_patch Gradient_sr2
0   2026-01-23 20:14:56       0m 31s  ...               31.55         0.84
1   2026-01-23 20:15:27       0m 27s  ...                0.28         0.01
2   2026-01-23 20:15:55       0m 29s  ...               24.67         0.62
3   2026-01-23 20:16:24       0m 26s  ...                2.64         0.07
4   2026-01-23 20:16:51       0m 28s  ...               14.24         0.41
5   2026-01-23 20:17:20       0m 27s  ...                6.67         0.15
6   2026-01-23 20:17:47       0m 34s  ...               51.36         1.46
7   2026-01-23 20:18:22       0m 35s  ...               58.92         1.52
8   2026-01-23 20:18:58       0m 33s  ...               45.69         1.27
9   2026-01-23 20:19:31       0m 38s  ...               84.26         2.34
10  2026-01-23 20:20:10       0m 26s  ...                6.72         0.17
11  2026-01-23 20:20:36       0m 28s  ...                6.53         0.17
12  2026-01-23 20:21:05       0m 29s  ...                4.64         0.11
13  2026-01-23 20:21:34       0m 38s  ...               78.90         2.26

[14 rows x 24 columns]
              timestamp time_elapsed  ... severity_rate_patch Gradient_sr2
0   2026-01-23 20:14:56       0m 31s  ...               31.55         0.84
1   2026-01-23 20:15:27       0m 27s  ...                0.28         0.01
2   2026-01-23 20:15:55       0m 29s  ...               24.67         0.62
3   2026-01-23 20:16:24       0m 26s  ...                2.64         0.07
4   2026-01-23 20:16:51       0m 28s  ...               14.24         0.41
5   2026-01-23 20:17:20       0m 27s  ...                6.67         0.15
6   2026-01-23 20:17:47       0m 34s  ...               51.36         1.46
7   2026-01-23 20:18:22       0m 35s  ...               58.92         1.52
8   2026-01-23 20:18:58       0m 33s  ...               45.69         1.27
9   2026-01-23 20:19:31       0m 38s  ...               84.26         2.34
10  2026-01-23 20:20:10       0m 26s  ...                6.72         0.17
11  2026-01-23 20:20:36       0m 28s  ...                6.53         0.17
12  2026-01-23 20:21:05       0m 29s  ...                4.64         0.11
13  2026-01-23 20:21:34       0m 38s  ...               78.90         2.26
14  2026-01-23 20:22:12       0m 37s  ...               80.81         2.33

[15 rows x 24 columns]

real	8m0.624s
user	0m0.031s
sys	0m0.015s
